

================================================================
== Vitis HLS Report for 'Bytes2AXIMMvideo_Pipeline_VITIS_LOOP_1552_1'
================================================================
* Date:           Fri Feb  6 18:13:09 2026

* Version:        2025.2 (Build 6295257 on Nov 14 2025)
* Project:        prj
* Solution:       sol (Vivado IP Flow Target)
* Product family: zynq
* Target device:  xc7z020-clg400-2


================================================================
== Performance Estimates
================================================================
+ Timing: 
    * Summary: 
    +--------+---------+----------+------------+
    |  Clock |  Target | Estimated| Uncertainty|
    +--------+---------+----------+------------+
    |ap_clk  |  6.75 ns|  4.927 ns|     1.82 ns|
    +--------+---------+----------+------------+

+ Latency: 
    * Summary: 
    +---------+---------+-----------+----------+-----+-----+-------------------+
    |  Latency (cycles) |  Latency (absolute)  |  Interval |      Pipeline     |
    |   min   |   max   |    min    |    max   | min | max |        Type       |
    +---------+---------+-----------+----------+-----+-----+-------------------+
    |        2|     1443|  13.500 ns|  9.740 us|    0|    0|  loop pipeline stp|
    +---------+---------+-----------+----------+-----+-----+-------------------+

    + Detail: 
        * Instance: 
        N/A

        * Loop: 
        +---------------------+---------+---------+----------+-----------+-----------+----------+----------+
        |                     |  Latency (cycles) | Iteration|  Initiation Interval  |   Trip   |          |
        |      Loop Name      |   min   |   max   |  Latency |  achieved |   target  |   Count  | Pipelined|
        +---------------------+---------+---------+----------+-----------+-----------+----------+----------+
        |- VITIS_LOOP_1552_1  |        0|     1441|         3|          1|          1|  0 ~ 1440|       yes|
        +---------------------+---------+---------+----------+-----------+-----------+----------+----------+

============================================================
+ Verbose Summary: Synthesis Manager
============================================================
InlineROM: 1
ExposeGlobal: 0
============================================================
+ Verbose Summary: CDFG Model
============================================================
IsTopModel: 0
ResetActiveHigh: 1
IsCombinational: 0
IsDatapathOnly: 0
HasWiredReturn: 1
HasMFsm: 2
HasVarLatency: 1
IsPipeline: 0
IsRtlPipelined: 0
IsInstanceOverlapped: 0
IsDontTouch: 0
HasImplIP: 0
IsGatedGlobalClock: 0

+ Individual pipeline summary: 
  * Pipeline-0: initiation interval (II) = 1, depth = 3


============================================================
+ Verbose Summary: Schedule
============================================================
* Number of FSM states : 3
* Pipeline : 1
  Pipeline-0 : II = 1, D = 3, States = { 1 2 3 }
* Dataflow Pipeline: 0

* FSM state transitions: 
1 --> 2 
2 --> 3 
3 --> 

* FSM state operations: 

State 1 <SV = 0> <Delay = 4.07>
ST_1 : Operation 6 [1/1] (0.00ns)   --->   "%x = alloca i32 1" [prj/sol/.autopilot/db/v_frmbuf_wr.cpp:1552]   --->   Operation 6 'alloca' 'x' <Predicate = true> <Delay = 0.00>
ST_1 : Operation 7 [1/1] (0.00ns)   --->   "%sext_ln1552_read = read i29 @_ssdm_op_Read.ap_auto.i29, i29 %sext_ln1552"   --->   Operation 7 'read' 'sext_ln1552_read' <Predicate = true> <Delay = 0.00>
ST_1 : Operation 8 [1/1] (0.00ns)   --->   "%loopWidth_read = read i11 @_ssdm_op_Read.ap_auto.i11, i11 %loopWidth"   --->   Operation 8 'read' 'loopWidth_read' <Predicate = true> <Delay = 0.00>
ST_1 : Operation 9 [1/1] (0.00ns)   --->   "%sext_ln1552_cast = sext i29 %sext_ln1552_read"   --->   Operation 9 'sext' 'sext_ln1552_cast' <Predicate = true> <Delay = 0.00>
ST_1 : Operation 10 [1/1] (0.00ns)   --->   "%specmemcore_ln0 = specmemcore void @_ssdm_op_SpecMemCore, i64 %bytePlanes, i64 666, i64 8, i64 18446744073709551615, i1 0"   --->   Operation 10 'specmemcore' 'specmemcore_ln0' <Predicate = true> <Delay = 0.00>
ST_1 : Operation 11 [1/1] (0.00ns)   --->   "%specinterface_ln0 = specinterface void @_ssdm_op_SpecInterface, i64 %mm_video, void @empty_6, i32 0, i32 0, void @empty_5, i32 100, i32 2073600, void @empty_4, void @empty_3, void @empty_5, i32 16, i32 4, i32 16, i32 16, void @empty_5, void @empty_5, i32 4294967295, i32 0, i32 0, i32 8"   --->   Operation 11 'specinterface' 'specinterface_ln0' <Predicate = true> <Delay = 0.00>
ST_1 : Operation 12 [1/1] (0.00ns)   --->   "%specinterface_ln0 = specinterface void @_ssdm_op_SpecInterface, i64 %bytePlanes, void @empty_7, i32 0, i32 0, void @empty_5, i32 0, i32 0, void @empty_5, void @empty_5, void @empty_5, i32 0, i32 0, i32 0, i32 0, void @empty_5, void @empty_5, i32 4294967295, i32 0, i32 0, i32 0"   --->   Operation 12 'specinterface' 'specinterface_ln0' <Predicate = true> <Delay = 0.00>
ST_1 : Operation 13 [1/1] (1.29ns)   --->   "%store_ln1552 = store i11 0, i11 %x" [prj/sol/.autopilot/db/v_frmbuf_wr.cpp:1552]   --->   Operation 13 'store' 'store_ln1552' <Predicate = true> <Delay = 1.29>
ST_1 : Operation 14 [1/1] (0.00ns)   --->   "%br_ln1552 = br void %for.inc" [prj/sol/.autopilot/db/v_frmbuf_wr.cpp:1552]   --->   Operation 14 'br' 'br_ln1552' <Predicate = true> <Delay = 0.00>
ST_1 : Operation 15 [1/1] (0.00ns)   --->   "%x_3 = load i11 %x" [prj/sol/.autopilot/db/v_frmbuf_wr.cpp:1552]   --->   Operation 15 'load' 'x_3' <Predicate = true> <Delay = 0.00>
ST_1 : Operation 16 [1/1] (1.48ns)   --->   "%icmp_ln1552 = icmp_eq  i11 %x_3, i11 %loopWidth_read" [prj/sol/.autopilot/db/v_frmbuf_wr.cpp:1552]   --->   Operation 16 'icmp' 'icmp_ln1552' <Predicate = true> <Delay = 1.48> <CoreInst = "Cmp">   --->   Core 9 'Cmp' <Latency = 0> <II = 1> <Delay = 1.48> <FuncUnit> <Opcode : 'seteq' 'setne' 'setle' 'setge' 'setlt' 'setgt'> <InPorts = 2> <OutPorts = 1>
ST_1 : Operation 17 [1/1] (0.00ns)   --->   "%speclooptripcount_ln0 = speclooptripcount void @_ssdm_op_SpecLoopTripCount, i64 0, i64 1440, i64 0"   --->   Operation 17 'speclooptripcount' 'speclooptripcount_ln0' <Predicate = true> <Delay = 0.00>
ST_1 : Operation 18 [1/1] (1.48ns)   --->   "%add_ln1552 = add i11 %x_3, i11 1" [prj/sol/.autopilot/db/v_frmbuf_wr.cpp:1552]   --->   Operation 18 'add' 'add_ln1552' <Predicate = true> <Delay = 1.48> <CoreInst = "Adder">   --->   Core 1 'Adder' <Latency = 0> <II = 1> <Delay = 1.48> <FuncUnit> <Opcode : 'add' 'sub'> <InPorts = 2> <OutPorts = 1>
ST_1 : Operation 19 [1/1] (0.00ns)   --->   "%br_ln1552 = br i1 %icmp_ln1552, void %for.inc.split, void %for.inc10.loopexit.exitStub" [prj/sol/.autopilot/db/v_frmbuf_wr.cpp:1552]   --->   Operation 19 'br' 'br_ln1552' <Predicate = true> <Delay = 0.00>
ST_1 : Operation 20 [1/1] (1.29ns)   --->   "%store_ln1552 = store i11 %add_ln1552, i11 %x" [prj/sol/.autopilot/db/v_frmbuf_wr.cpp:1552]   --->   Operation 20 'store' 'store_ln1552' <Predicate = (!icmp_ln1552)> <Delay = 1.29>

State 2 <SV = 1> <Delay = 2.46>
ST_2 : Operation 21 [1/1] ( I:2.46ns O:2.46ns )   --->   "%bytePlanes_read = read i64 @_ssdm_op_Read.ap_fifo.volatile.i64P0A, i64 %bytePlanes" [prj/sol/.autopilot/db/v_frmbuf_wr.cpp:1555]   --->   Operation 21 'read' 'bytePlanes_read' <Predicate = true> <Delay = 2.46> <CoreInst = "FIFO_BRAM">   --->   Core 78 'FIFO_BRAM' <Latency = 0> <II = 1> <Delay = 3.41> <Storage> <Opcode : 'read' 'write' 'nbread' 'nbwrite'> <Ports = 0> <Width = 64> <Depth = 481> <FIFO>
ST_2 : Operation 27 [1/1] (1.29ns)   --->   "%ret_ln0 = ret"   --->   Operation 27 'ret' 'ret_ln0' <Predicate = (icmp_ln1552)> <Delay = 1.29>

State 3 <SV = 2> <Delay = 4.92>
ST_3 : Operation 22 [1/1] (0.00ns)   --->   "%mm_video_addr = getelementptr i64 %mm_video, i32 %sext_ln1552_cast" [prj/sol/.autopilot/db/v_frmbuf_wr.cpp:1552]   --->   Operation 22 'getelementptr' 'mm_video_addr' <Predicate = true> <Delay = 0.00>
ST_3 : Operation 23 [1/1] (0.00ns)   --->   "%specpipeline_ln1554 = specpipeline void @_ssdm_op_SpecPipeline, i32 1, i32 0, i32 0, i32 0, i32 4294967295, void @empty_5" [prj/sol/.autopilot/db/v_frmbuf_wr.cpp:1554]   --->   Operation 23 'specpipeline' 'specpipeline_ln1554' <Predicate = true> <Delay = 0.00>
ST_3 : Operation 24 [1/1] (0.00ns)   --->   "%specloopname_ln1552 = specloopname void @_ssdm_op_SpecLoopName, void @empty_16" [prj/sol/.autopilot/db/v_frmbuf_wr.cpp:1552]   --->   Operation 24 'specloopname' 'specloopname_ln1552' <Predicate = true> <Delay = 0.00>
ST_3 : Operation 25 [1/1] ( I:4.92ns O:4.92ns )   --->   "%write_ln1556 = write void @_ssdm_op_Write.m_axi.p1i64.i64, i64 %mm_video_addr, i64 %bytePlanes_read, i8 255" [prj/sol/.autopilot/db/v_frmbuf_wr.cpp:1556]   --->   Operation 25 'write' 'write_ln1556' <Predicate = true> <Delay = 4.92> <CoreInst = "m_axi">   --->   Core 111 'm_axi' <Latency = 5> <II = 1> <Delay = 1.00> <Adapter> <Opcode : 'readrequnaligned' 'writerequnaligned' 'read' 'write' 'readreq' 'writereq' 'writeresp'>
ST_3 : Operation 26 [1/1] (0.00ns)   --->   "%br_ln1552 = br void %for.inc" [prj/sol/.autopilot/db/v_frmbuf_wr.cpp:1552]   --->   Operation 26 'br' 'br_ln1552' <Predicate = true> <Delay = 0.00>


============================================================
+ Verbose Summary: Timing violations
============================================================
Target clock period: 6.750ns, clock uncertainty: 1.822ns.

 <State 1>: 4.078ns
The critical path consists of the following:
	'store' operation ('store_ln1552', prj/sol/.autopilot/db/v_frmbuf_wr.cpp:1552) of constant 0 11 bit on local variable 'x', prj/sol/.autopilot/db/v_frmbuf_wr.cpp:1552 [12]  (1.298 ns)
	'load' operation 11 bit ('x', prj/sol/.autopilot/db/v_frmbuf_wr.cpp:1552) on local variable 'x', prj/sol/.autopilot/db/v_frmbuf_wr.cpp:1552 [15]  (0.000 ns)
	'icmp' operation 1 bit ('icmp_ln1552', prj/sol/.autopilot/db/v_frmbuf_wr.cpp:1552) [16]  (1.482 ns)
	'store' operation ('store_ln1552', prj/sol/.autopilot/db/v_frmbuf_wr.cpp:1552) of variable 'add_ln1552', prj/sol/.autopilot/db/v_frmbuf_wr.cpp:1552 11 bit on local variable 'x', prj/sol/.autopilot/db/v_frmbuf_wr.cpp:1552 [26]  (1.298 ns)

 <State 2>: 2.464ns
The critical path consists of the following:
	fifo read operation ('bytePlanes_read', prj/sol/.autopilot/db/v_frmbuf_wr.cpp:1555) on port 'bytePlanes' (prj/sol/.autopilot/db/v_frmbuf_wr.cpp:1555) [24]  (2.464 ns)

 <State 3>: 4.927ns
The critical path consists of the following:
	'getelementptr' operation 64 bit ('mm_video_addr', prj/sol/.autopilot/db/v_frmbuf_wr.cpp:1552) [21]  (0.000 ns)
	bus write operation ('write_ln1556', prj/sol/.autopilot/db/v_frmbuf_wr.cpp:1556) on port 'mm_video' (prj/sol/.autopilot/db/v_frmbuf_wr.cpp:1556) [25]  (4.927 ns)


============================================================
+ Verbose Summary: Binding
============================================================
N/A
* FSMD analyzer results:
  - Output states:
 - Input state : 
  - Chain level:
	State 1
	State 2
	State 3


============================================================
+ Verbose Summary: Datapath Resource usage 
============================================================
N/A
