
*** Running vivado
    with args -log top_design_rgb2dvi_0_0.vds -m64 -product Vivado -mode batch -messageDb vivado.pb -notrace -source top_design_rgb2dvi_0_0.tcl


****** Vivado v2025.2 (64-bit)
  **** SW Build 6299465 on Fri Nov 14 12:34:56 MST 2025
  **** IP Build 6300035 on Fri Nov 14 10:48:45 MST 2025
  **** SharedData Build 6298862 on Thu Nov 13 04:50:51 MST 2025
  **** Start of session at: Tue Mar  3 15:04:08 2026
    ** Copyright 1986-2022 Xilinx, Inc. All Rights Reserved.
    ** Copyright 2022-2025 Advanced Micro Devices, Inc. All Rights Reserved.

source top_design_rgb2dvi_0_0.tcl -notrace
create_project: Time (s): cpu = 00:00:07 ; elapsed = 00:00:05 . Memory (MB): peak = 1610.477 ; gain = 64.059 ; free physical = 268 ; free virtual = 9630
INFO: [IP_Flow 19-234] Refreshing IP repositories
INFO: [IP_Flow 19-1700] Loaded user IP repository '/home/serg/Documents/Xilinx/DigilentLib/vivado-library-master'.
INFO: [IP_Flow 19-2313] Loaded Vivado IP repository '/tools/xilinx/2025.2/data/ip'.
Command: synth_design -top top_design_rgb2dvi_0_0 -part xc7z020clg400-2 -incremental_mode off -mode out_of_context
Starting synth_design
Attempting to get a license for feature 'Synthesis' and/or device 'xc7z020'
INFO: [Common 17-349] Got license for feature 'Synthesis' and/or device 'xc7z020'
INFO: [Device 21-403] Loading part xc7z020clg400-2
INFO: [Synth 8-7079] Multithreading enabled for synth_design using a maximum of 7 processes.
INFO: [Synth 8-7078] Launching helper process for spawning children vivado processes
INFO: [Synth 8-7075] Helper process launched with PID 782046
---------------------------------------------------------------------------------
Starting RTL Elaboration : Time (s): cpu = 00:00:05 ; elapsed = 00:00:06 . Memory (MB): peak = 2241.297 ; gain = 483.961 ; free physical = 342 ; free virtual = 3086
---------------------------------------------------------------------------------
INFO: [Synth 8-638] synthesizing module 'top_design_rgb2dvi_0_0' [/home/serg/Documents/Xilinx/z700_hdmi/ALINX_VIDEO/alinx_video.gen/sources_1/bd/top_design/ip/top_design_rgb2dvi_0_0/synth/top_design_rgb2dvi_0_0.vhd:72]
	Parameter kGenerateSerialClk bound to: 0 - type: bool 
	Parameter kClkPrimitive bound to: PLL - type: string 
	Parameter kRstActiveHigh bound to: 0 - type: bool 
	Parameter kClkRange bound to: 1 - type: integer 
	Parameter kD0Swap bound to: 0 - type: bool 
	Parameter kD1Swap bound to: 0 - type: bool 
	Parameter kD2Swap bound to: 0 - type: bool 
	Parameter kClkSwap bound to: 0 - type: bool 
INFO: [Synth 8-3491] module 'rgb2dvi' declared at '/home/serg/Documents/Xilinx/z700_hdmi/ALINX_VIDEO/alinx_video.gen/sources_1/bd/top_design/ipshared/d57c/src/rgb2dvi.vhd:62' bound to instance 'U0' of component 'rgb2dvi' [/home/serg/Documents/Xilinx/z700_hdmi/ALINX_VIDEO/alinx_video.gen/sources_1/bd/top_design/ip/top_design_rgb2dvi_0_0/synth/top_design_rgb2dvi_0_0.vhd:131]
INFO: [Synth 8-638] synthesizing module 'rgb2dvi' [/home/serg/Documents/Xilinx/z700_hdmi/ALINX_VIDEO/alinx_video.gen/sources_1/bd/top_design/ipshared/d57c/src/rgb2dvi.vhd:94]
INFO: [Synth 8-638] synthesizing module 'ResetBridge' [/home/serg/Documents/Xilinx/z700_hdmi/ALINX_VIDEO/alinx_video.gen/sources_1/bd/top_design/ipshared/d57c/src/SyncAsyncReset.vhd:72]
INFO: [Synth 8-638] synthesizing module 'SyncAsync' [/home/serg/Documents/Xilinx/z700_hdmi/ALINX_VIDEO/alinx_video.gen/sources_1/bd/top_design/ipshared/d57c/src/SyncAsync.vhd:72]
INFO: [Synth 8-256] done synthesizing module 'SyncAsync' (0#1) [/home/serg/Documents/Xilinx/z700_hdmi/ALINX_VIDEO/alinx_video.gen/sources_1/bd/top_design/ipshared/d57c/src/SyncAsync.vhd:72]
INFO: [Synth 8-256] done synthesizing module 'ResetBridge' (0#1) [/home/serg/Documents/Xilinx/z700_hdmi/ALINX_VIDEO/alinx_video.gen/sources_1/bd/top_design/ipshared/d57c/src/SyncAsyncReset.vhd:72]
INFO: [Synth 8-638] synthesizing module 'OutputSERDES' [/home/serg/Documents/Xilinx/z700_hdmi/ALINX_VIDEO/alinx_video.gen/sources_1/bd/top_design/ipshared/d57c/src/OutputSERDES.vhd:76]
	Parameter IOSTANDARD bound to: TMDS_33 - type: string 
INFO: [Synth 8-113] binding component instance 'OutputBuffer' to cell 'OBUFDS' [/home/serg/Documents/Xilinx/z700_hdmi/ALINX_VIDEO/alinx_video.gen/sources_1/bd/top_design/ipshared/d57c/src/OutputSERDES.vhd:83]
	Parameter DATA_RATE_OQ bound to: DDR - type: string 
	Parameter DATA_RATE_TQ bound to: SDR - type: string 
	Parameter DATA_WIDTH bound to: 10 - type: integer 
	Parameter SERDES_MODE bound to: MASTER - type: string 
	Parameter TBYTE_CTL bound to: FALSE - type: string 
	Parameter TBYTE_SRC bound to: FALSE - type: string 
	Parameter TRISTATE_WIDTH bound to: 1 - type: integer 
INFO: [Synth 8-113] binding component instance 'SerializerMaster' to cell 'OSERDESE2' [/home/serg/Documents/Xilinx/z700_hdmi/ALINX_VIDEO/alinx_video.gen/sources_1/bd/top_design/ipshared/d57c/src/OutputSERDES.vhd:92]
	Parameter DATA_RATE_OQ bound to: DDR - type: string 
	Parameter DATA_RATE_TQ bound to: SDR - type: string 
	Parameter DATA_WIDTH bound to: 10 - type: integer 
	Parameter SERDES_MODE bound to: SLAVE - type: string 
	Parameter TBYTE_CTL bound to: FALSE - type: string 
	Parameter TBYTE_SRC bound to: FALSE - type: string 
	Parameter TRISTATE_WIDTH bound to: 1 - type: integer 
INFO: [Synth 8-113] binding component instance 'SerializerSlave' to cell 'OSERDESE2' [/home/serg/Documents/Xilinx/z700_hdmi/ALINX_VIDEO/alinx_video.gen/sources_1/bd/top_design/ipshared/d57c/src/OutputSERDES.vhd:135]
INFO: [Synth 8-256] done synthesizing module 'OutputSERDES' (0#1) [/home/serg/Documents/Xilinx/z700_hdmi/ALINX_VIDEO/alinx_video.gen/sources_1/bd/top_design/ipshared/d57c/src/OutputSERDES.vhd:76]
INFO: [Synth 8-638] synthesizing module 'TMDS_Encoder' [/home/serg/Documents/Xilinx/z700_hdmi/ALINX_VIDEO/alinx_video.gen/sources_1/bd/top_design/ipshared/d57c/src/TMDS_Encoder.vhd:80]
INFO: [Synth 8-256] done synthesizing module 'TMDS_Encoder' (0#1) [/home/serg/Documents/Xilinx/z700_hdmi/ALINX_VIDEO/alinx_video.gen/sources_1/bd/top_design/ipshared/d57c/src/TMDS_Encoder.vhd:80]
INFO: [Synth 8-256] done synthesizing module 'rgb2dvi' (0#1) [/home/serg/Documents/Xilinx/z700_hdmi/ALINX_VIDEO/alinx_video.gen/sources_1/bd/top_design/ipshared/d57c/src/rgb2dvi.vhd:94]
INFO: [Synth 8-256] done synthesizing module 'top_design_rgb2dvi_0_0' (0#1) [/home/serg/Documents/Xilinx/z700_hdmi/ALINX_VIDEO/alinx_video.gen/sources_1/bd/top_design/ip/top_design_rgb2dvi_0_0/synth/top_design_rgb2dvi_0_0.vhd:72]
INFO: [Synth 8-7129] Port SerialClk in module TMDS_Encoder is either unconnected or has no load
INFO: [Synth 8-7129] Port aRst in module TMDS_Encoder is either unconnected or has no load
INFO: [Synth 8-7129] Port aRst in module rgb2dvi is either unconnected or has no load
---------------------------------------------------------------------------------
Finished RTL Elaboration : Time (s): cpu = 00:00:06 ; elapsed = 00:00:07 . Memory (MB): peak = 2341.266 ; gain = 583.930 ; free physical = 242 ; free virtual = 2112
---------------------------------------------------------------------------------
---------------------------------------------------------------------------------
Start Handling Custom Attributes
---------------------------------------------------------------------------------
---------------------------------------------------------------------------------
Finished Handling Custom Attributes : Time (s): cpu = 00:00:06 ; elapsed = 00:00:07 . Memory (MB): peak = 2353.141 ; gain = 595.805 ; free physical = 298 ; free virtual = 2127
---------------------------------------------------------------------------------
---------------------------------------------------------------------------------
Finished RTL Optimization Phase 1 : Time (s): cpu = 00:00:06 ; elapsed = 00:00:07 . Memory (MB): peak = 2353.141 ; gain = 595.805 ; free physical = 298 ; free virtual = 2127
---------------------------------------------------------------------------------
Netlist sorting complete. Time (s): cpu = 00:00:00 ; elapsed = 00:00:00 . Memory (MB): peak = 2356.109 ; gain = 0.000 ; free physical = 262 ; free virtual = 2040
INFO: [Netlist 29-17] Analyzing 4 Unisim elements for replacement
INFO: [Netlist 29-28] Unisim Transformation completed in 0 CPU seconds
INFO: [Project 1-570] Preparing netlist for logic optimization

Processing XDC Constraints
Initializing timing engine
Parsing XDC File [/home/serg/Documents/Xilinx/z700_hdmi/ALINX_VIDEO/alinx_video.gen/sources_1/bd/top_design/ip/top_design_rgb2dvi_0_0/src/rgb2dvi_ooc.xdc] for cell 'U0'
create_clock: Time (s): cpu = 00:00:00.28 ; elapsed = 00:00:47 . Memory (MB): peak = 2462.941 ; gain = 0.000 ; free physical = 253 ; free virtual = 1347
Finished Parsing XDC File [/home/serg/Documents/Xilinx/z700_hdmi/ALINX_VIDEO/alinx_video.gen/sources_1/bd/top_design/ip/top_design_rgb2dvi_0_0/src/rgb2dvi_ooc.xdc] for cell 'U0'
Parsing XDC File [/home/serg/Documents/Xilinx/z700_hdmi/ALINX_VIDEO/alinx_video.gen/sources_1/bd/top_design/ip/top_design_rgb2dvi_0_0/src/rgb2dvi.xdc] for cell 'U0'
Finished Parsing XDC File [/home/serg/Documents/Xilinx/z700_hdmi/ALINX_VIDEO/alinx_video.gen/sources_1/bd/top_design/ip/top_design_rgb2dvi_0_0/src/rgb2dvi.xdc] for cell 'U0'
Parsing XDC File [/home/serg/Documents/Xilinx/z700_hdmi/ALINX_VIDEO/alinx_video.runs/top_design_rgb2dvi_0_0_synth_1/dont_touch.xdc]
Finished Parsing XDC File [/home/serg/Documents/Xilinx/z700_hdmi/ALINX_VIDEO/alinx_video.runs/top_design_rgb2dvi_0_0_synth_1/dont_touch.xdc]
Parsing XDC File [/home/serg/Documents/Xilinx/z700_hdmi/ALINX_VIDEO/alinx_video.gen/sources_1/bd/top_design/ip/top_design_rgb2dvi_0_0/src/rgb2dvi_clocks.xdc] for cell 'U0'
Finished Parsing XDC File [/home/serg/Documents/Xilinx/z700_hdmi/ALINX_VIDEO/alinx_video.gen/sources_1/bd/top_design/ip/top_design_rgb2dvi_0_0/src/rgb2dvi_clocks.xdc] for cell 'U0'
Completed Processing XDC Constraints

Netlist sorting complete. Time (s): cpu = 00:00:00 ; elapsed = 00:00:00 . Memory (MB): peak = 2462.941 ; gain = 0.000 ; free physical = 1666 ; free virtual = 2860
INFO: [Project 1-111] Unisim Transformation Summary:
No Unisim elements were transformed.

Constraint Validation Runtime : Time (s): cpu = 00:00:00.01 ; elapsed = 00:00:00.05 . Memory (MB): peak = 2462.977 ; gain = 0.000 ; free physical = 1638 ; free virtual = 2817
INFO: [Designutils 20-5008] Incremental synthesis strategy off
---------------------------------------------------------------------------------
Finished Constraint Validation : Time (s): cpu = 00:00:14 ; elapsed = 00:01:48 . Memory (MB): peak = 2462.977 ; gain = 705.641 ; free physical = 636 ; free virtual = 2328
---------------------------------------------------------------------------------
---------------------------------------------------------------------------------
Start Loading Part and Timing Information
---------------------------------------------------------------------------------
Loading part: xc7z020clg400-2
---------------------------------------------------------------------------------
Finished Loading Part and Timing Information : Time (s): cpu = 00:00:14 ; elapsed = 00:01:48 . Memory (MB): peak = 2470.945 ; gain = 713.609 ; free physical = 636 ; free virtual = 2328
---------------------------------------------------------------------------------
---------------------------------------------------------------------------------
Start Applying 'set_property' XDC Constraints
---------------------------------------------------------------------------------
---------------------------------------------------------------------------------
Finished applying 'set_property' XDC Constraints : Time (s): cpu = 00:00:14 ; elapsed = 00:01:48 . Memory (MB): peak = 2470.945 ; gain = 713.609 ; free physical = 636 ; free virtual = 2328
---------------------------------------------------------------------------------
---------------------------------------------------------------------------------
Finished RTL Optimization Phase 2 : Time (s): cpu = 00:00:14 ; elapsed = 00:01:48 . Memory (MB): peak = 2470.945 ; gain = 713.609 ; free physical = 533 ; free virtual = 2232
---------------------------------------------------------------------------------
---------------------------------------------------------------------------------
Start RTL Component Statistics 
---------------------------------------------------------------------------------
Detailed RTL Component Info : 
+---Adders : 
	   3 Input    5 Bit       Adders := 9     
	   4 Input    5 Bit       Adders := 3     
	   2 Input    5 Bit       Adders := 3     
	   8 Input    4 Bit       Adders := 6     
	   2 Input    4 Bit       Adders := 3     
+---XORs : 
	   2 Input      1 Bit         XORs := 42    
+---Registers : 
	               10 Bit    Registers := 3     
	                9 Bit    Registers := 3     
	                8 Bit    Registers := 3     
	                5 Bit    Registers := 3     
	                4 Bit    Registers := 9     
	                2 Bit    Registers := 1     
	                1 Bit    Registers := 18    
+---Muxes : 
	   4 Input   10 Bit        Muxes := 3     
	   2 Input    9 Bit        Muxes := 3     
	   2 Input    5 Bit        Muxes := 9     
---------------------------------------------------------------------------------
Finished RTL Component Statistics 
---------------------------------------------------------------------------------
---------------------------------------------------------------------------------
Start Part Resource Summary
---------------------------------------------------------------------------------
Part Resources:
DSPs: 220 (col length:60)
BRAMs: 280 (col length: RAMB18 60 RAMB36 30)
---------------------------------------------------------------------------------
Finished Part Resource Summary
---------------------------------------------------------------------------------
---------------------------------------------------------------------------------
Start Cross Boundary and Area Optimization
---------------------------------------------------------------------------------
INFO: [Synth 8-7129] Port aRst in module rgb2dvi is either unconnected or has no load
---------------------------------------------------------------------------------
Finished Cross Boundary and Area Optimization : Time (s): cpu = 00:00:17 ; elapsed = 00:01:51 . Memory (MB): peak = 2470.945 ; gain = 713.609 ; free physical = 690 ; free virtual = 2214
---------------------------------------------------------------------------------
---------------------------------------------------------------------------------
Start Applying XDC Timing Constraints
---------------------------------------------------------------------------------
---------------------------------------------------------------------------------
Finished Applying XDC Timing Constraints : Time (s): cpu = 00:00:21 ; elapsed = 00:01:55 . Memory (MB): peak = 2518.945 ; gain = 761.609 ; free physical = 272 ; free virtual = 1124
---------------------------------------------------------------------------------
---------------------------------------------------------------------------------
Start Timing Optimization
---------------------------------------------------------------------------------
---------------------------------------------------------------------------------
Finished Timing Optimization : Time (s): cpu = 00:00:21 ; elapsed = 00:01:55 . Memory (MB): peak = 2542.977 ; gain = 785.641 ; free physical = 281 ; free virtual = 1077
---------------------------------------------------------------------------------
---------------------------------------------------------------------------------
Start Technology Mapping
---------------------------------------------------------------------------------
---------------------------------------------------------------------------------
Finished Technology Mapping : Time (s): cpu = 00:00:21 ; elapsed = 00:01:55 . Memory (MB): peak = 2542.977 ; gain = 785.641 ; free physical = 277 ; free virtual = 1046
---------------------------------------------------------------------------------
---------------------------------------------------------------------------------
Start IO Insertion
---------------------------------------------------------------------------------
---------------------------------------------------------------------------------
Start Flattening Before IO Insertion
---------------------------------------------------------------------------------
---------------------------------------------------------------------------------
Finished Flattening Before IO Insertion
---------------------------------------------------------------------------------
---------------------------------------------------------------------------------
Start Final Netlist Cleanup
---------------------------------------------------------------------------------
---------------------------------------------------------------------------------
Finished Final Netlist Cleanup
---------------------------------------------------------------------------------

*** Running vivado
    with args -log top_design_rgb2dvi_0_0.vds -m64 -product Vivado -mode batch -messageDb vivado.pb -notrace -source top_design_rgb2dvi_0_0.tcl


****** Vivado v2025.2 (64-bit)
  **** SW Build 6299465 on Fri Nov 14 12:34:56 MST 2025
  **** IP Build 6300035 on Fri Nov 14 10:48:45 MST 2025
  **** SharedData Build 6298862 on Thu Nov 13 04:50:51 MST 2025
  **** Start of session at: Wed Mar  4 12:18:56 2026
    ** Copyright 1986-2022 Xilinx, Inc. All Rights Reserved.
    ** Copyright 2022-2025 Advanced Micro Devices, Inc. All Rights Reserved.

source top_design_rgb2dvi_0_0.tcl -notrace
INFO: [IP_Flow 19-234] Refreshing IP repositories
INFO: [IP_Flow 19-1700] Loaded user IP repository '/home/serg/Documents/Xilinx/DigilentLib/vivado-library-master'.
INFO: [IP_Flow 19-2313] Loaded Vivado IP repository '/tools/xilinx/2025.2/data/ip'.
Command: synth_design -top top_design_rgb2dvi_0_0 -part xc7z020clg400-2 -incremental_mode off -mode out_of_context
Starting synth_design
Attempting to get a license for feature 'Synthesis' and/or device 'xc7z020'
INFO: [Common 17-349] Got license for feature 'Synthesis' and/or device 'xc7z020'
INFO: [Device 21-403] Loading part xc7z020clg400-2
INFO: [Synth 8-7079] Multithreading enabled for synth_design using a maximum of 7 processes.
INFO: [Synth 8-7078] Launching helper process for spawning children vivado processes
INFO: [Synth 8-7075] Helper process launched with PID 17779
---------------------------------------------------------------------------------
Starting RTL Elaboration : Time (s): cpu = 00:00:04 ; elapsed = 00:00:04 . Memory (MB): peak = 2240.699 ; gain = 485.328 ; free physical = 4916 ; free virtual = 20906
---------------------------------------------------------------------------------
INFO: [Synth 8-638] synthesizing module 'top_design_rgb2dvi_0_0' [/home/serg/Documents/Xilinx/z700_hdmi/ALINX_VIDEO/alinx_video.gen/sources_1/bd/top_design/ip/top_design_rgb2dvi_0_0/synth/top_design_rgb2dvi_0_0.vhd:72]
	Parameter kGenerateSerialClk bound to: 0 - type: bool 
	Parameter kClkPrimitive bound to: PLL - type: string 
	Parameter kRstActiveHigh bound to: 0 - type: bool 
	Parameter kClkRange bound to: 1 - type: integer 
	Parameter kD0Swap bound to: 0 - type: bool 
	Parameter kD1Swap bound to: 0 - type: bool 
	Parameter kD2Swap bound to: 0 - type: bool 
	Parameter kClkSwap bound to: 0 - type: bool 
INFO: [Synth 8-3491] module 'rgb2dvi' declared at '/home/serg/Documents/Xilinx/z700_hdmi/ALINX_VIDEO/alinx_video.gen/sources_1/bd/top_design/ipshared/d57c/src/rgb2dvi.vhd:62' bound to instance 'U0' of component 'rgb2dvi' [/home/serg/Documents/Xilinx/z700_hdmi/ALINX_VIDEO/alinx_video.gen/sources_1/bd/top_design/ip/top_design_rgb2dvi_0_0/synth/top_design_rgb2dvi_0_0.vhd:131]
INFO: [Synth 8-638] synthesizing module 'rgb2dvi' [/home/serg/Documents/Xilinx/z700_hdmi/ALINX_VIDEO/alinx_video.gen/sources_1/bd/top_design/ipshared/d57c/src/rgb2dvi.vhd:94]
INFO: [Synth 8-638] synthesizing module 'ResetBridge' [/home/serg/Documents/Xilinx/z700_hdmi/ALINX_VIDEO/alinx_video.gen/sources_1/bd/top_design/ipshared/d57c/src/SyncAsyncReset.vhd:72]
INFO: [Synth 8-638] synthesizing module 'SyncAsync' [/home/serg/Documents/Xilinx/z700_hdmi/ALINX_VIDEO/alinx_video.gen/sources_1/bd/top_design/ipshared/d57c/src/SyncAsync.vhd:72]
INFO: [Synth 8-256] done synthesizing module 'SyncAsync' (0#1) [/home/serg/Documents/Xilinx/z700_hdmi/ALINX_VIDEO/alinx_video.gen/sources_1/bd/top_design/ipshared/d57c/src/SyncAsync.vhd:72]
INFO: [Synth 8-256] done synthesizing module 'ResetBridge' (0#1) [/home/serg/Documents/Xilinx/z700_hdmi/ALINX_VIDEO/alinx_video.gen/sources_1/bd/top_design/ipshared/d57c/src/SyncAsyncReset.vhd:72]
INFO: [Synth 8-638] synthesizing module 'OutputSERDES' [/home/serg/Documents/Xilinx/z700_hdmi/ALINX_VIDEO/alinx_video.gen/sources_1/bd/top_design/ipshared/d57c/src/OutputSERDES.vhd:76]
	Parameter IOSTANDARD bound to: TMDS_33 - type: string 
INFO: [Synth 8-113] binding component instance 'OutputBuffer' to cell 'OBUFDS' [/home/serg/Documents/Xilinx/z700_hdmi/ALINX_VIDEO/alinx_video.gen/sources_1/bd/top_design/ipshared/d57c/src/OutputSERDES.vhd:83]
	Parameter DATA_RATE_OQ bound to: DDR - type: string 
	Parameter DATA_RATE_TQ bound to: SDR - type: string 
	Parameter DATA_WIDTH bound to: 10 - type: integer 
	Parameter SERDES_MODE bound to: MASTER - type: string 
	Parameter TBYTE_CTL bound to: FALSE - type: string 
	Parameter TBYTE_SRC bound to: FALSE - type: string 
	Parameter TRISTATE_WIDTH bound to: 1 - type: integer 
INFO: [Synth 8-113] binding component instance 'SerializerMaster' to cell 'OSERDESE2' [/home/serg/Documents/Xilinx/z700_hdmi/ALINX_VIDEO/alinx_video.gen/sources_1/bd/top_design/ipshared/d57c/src/OutputSERDES.vhd:92]
	Parameter DATA_RATE_OQ bound to: DDR - type: string 
	Parameter DATA_RATE_TQ bound to: SDR - type: string 
	Parameter DATA_WIDTH bound to: 10 - type: integer 
	Parameter SERDES_MODE bound to: SLAVE - type: string 
	Parameter TBYTE_CTL bound to: FALSE - type: string 
	Parameter TBYTE_SRC bound to: FALSE - type: string 
	Parameter TRISTATE_WIDTH bound to: 1 - type: integer 
INFO: [Synth 8-113] binding component instance 'SerializerSlave' to cell 'OSERDESE2' [/home/serg/Documents/Xilinx/z700_hdmi/ALINX_VIDEO/alinx_video.gen/sources_1/bd/top_design/ipshared/d57c/src/OutputSERDES.vhd:135]
INFO: [Synth 8-256] done synthesizing module 'OutputSERDES' (0#1) [/home/serg/Documents/Xilinx/z700_hdmi/ALINX_VIDEO/alinx_video.gen/sources_1/bd/top_design/ipshared/d57c/src/OutputSERDES.vhd:76]
INFO: [Synth 8-638] synthesizing module 'TMDS_Encoder' [/home/serg/Documents/Xilinx/z700_hdmi/ALINX_VIDEO/alinx_video.gen/sources_1/bd/top_design/ipshared/d57c/src/TMDS_Encoder.vhd:80]
INFO: [Synth 8-256] done synthesizing module 'TMDS_Encoder' (0#1) [/home/serg/Documents/Xilinx/z700_hdmi/ALINX_VIDEO/alinx_video.gen/sources_1/bd/top_design/ipshared/d57c/src/TMDS_Encoder.vhd:80]
INFO: [Synth 8-256] done synthesizing module 'rgb2dvi' (0#1) [/home/serg/Documents/Xilinx/z700_hdmi/ALINX_VIDEO/alinx_video.gen/sources_1/bd/top_design/ipshared/d57c/src/rgb2dvi.vhd:94]
INFO: [Synth 8-256] done synthesizing module 'top_design_rgb2dvi_0_0' (0#1) [/home/serg/Documents/Xilinx/z700_hdmi/ALINX_VIDEO/alinx_video.gen/sources_1/bd/top_design/ip/top_design_rgb2dvi_0_0/synth/top_design_rgb2dvi_0_0.vhd:72]
INFO: [Synth 8-7129] Port SerialClk in module TMDS_Encoder is either unconnected or has no load
INFO: [Synth 8-7129] Port aRst in module TMDS_Encoder is either unconnected or has no load
INFO: [Synth 8-7129] Port aRst in module rgb2dvi is either unconnected or has no load
---------------------------------------------------------------------------------
Finished RTL Elaboration : Time (s): cpu = 00:00:05 ; elapsed = 00:00:06 . Memory (MB): peak = 2332.637 ; gain = 577.266 ; free physical = 3403 ; free virtual = 19499
---------------------------------------------------------------------------------
---------------------------------------------------------------------------------
Start Handling Custom Attributes
---------------------------------------------------------------------------------
---------------------------------------------------------------------------------
Finished Handling Custom Attributes : Time (s): cpu = 00:00:06 ; elapsed = 00:00:06 . Memory (MB): peak = 2341.543 ; gain = 586.172 ; free physical = 3278 ; free virtual = 19375
---------------------------------------------------------------------------------
---------------------------------------------------------------------------------
Finished RTL Optimization Phase 1 : Time (s): cpu = 00:00:06 ; elapsed = 00:00:06 . Memory (MB): peak = 2341.543 ; gain = 586.172 ; free physical = 3278 ; free virtual = 19375
---------------------------------------------------------------------------------
Netlist sorting complete. Time (s): cpu = 00:00:00 ; elapsed = 00:00:00.01 . Memory (MB): peak = 2344.512 ; gain = 0.000 ; free physical = 3214 ; free virtual = 19312
INFO: [Netlist 29-17] Analyzing 4 Unisim elements for replacement
INFO: [Netlist 29-28] Unisim Transformation completed in 0 CPU seconds
INFO: [Project 1-570] Preparing netlist for logic optimization

Processing XDC Constraints
Initializing timing engine
Parsing XDC File [/home/serg/Documents/Xilinx/z700_hdmi/ALINX_VIDEO/alinx_video.gen/sources_1/bd/top_design/ip/top_design_rgb2dvi_0_0/src/rgb2dvi_ooc.xdc] for cell 'U0'
Finished Parsing XDC File [/home/serg/Documents/Xilinx/z700_hdmi/ALINX_VIDEO/alinx_video.gen/sources_1/bd/top_design/ip/top_design_rgb2dvi_0_0/src/rgb2dvi_ooc.xdc] for cell 'U0'
Parsing XDC File [/home/serg/Documents/Xilinx/z700_hdmi/ALINX_VIDEO/alinx_video.gen/sources_1/bd/top_design/ip/top_design_rgb2dvi_0_0/src/rgb2dvi.xdc] for cell 'U0'
Finished Parsing XDC File [/home/serg/Documents/Xilinx/z700_hdmi/ALINX_VIDEO/alinx_video.gen/sources_1/bd/top_design/ip/top_design_rgb2dvi_0_0/src/rgb2dvi.xdc] for cell 'U0'
Parsing XDC File [/home/serg/Documents/Xilinx/z700_hdmi/ALINX_VIDEO/alinx_video.runs/top_design_rgb2dvi_0_0_synth_1/dont_touch.xdc]
Finished Parsing XDC File [/home/serg/Documents/Xilinx/z700_hdmi/ALINX_VIDEO/alinx_video.runs/top_design_rgb2dvi_0_0_synth_1/dont_touch.xdc]
Parsing XDC File [/home/serg/Documents/Xilinx/z700_hdmi/ALINX_VIDEO/alinx_video.gen/sources_1/bd/top_design/ip/top_design_rgb2dvi_0_0/src/rgb2dvi_clocks.xdc] for cell 'U0'
Finished Parsing XDC File [/home/serg/Documents/Xilinx/z700_hdmi/ALINX_VIDEO/alinx_video.gen/sources_1/bd/top_design/ip/top_design_rgb2dvi_0_0/src/rgb2dvi_clocks.xdc] for cell 'U0'
Completed Processing XDC Constraints

Netlist sorting complete. Time (s): cpu = 00:00:00 ; elapsed = 00:00:00 . Memory (MB): peak = 2458.312 ; gain = 0.000 ; free physical = 1892 ; free virtual = 18014
INFO: [Project 1-111] Unisim Transformation Summary:
No Unisim elements were transformed.

Constraint Validation Runtime : Time (s): cpu = 00:00:00.02 ; elapsed = 00:00:00.01 . Memory (MB): peak = 2458.348 ; gain = 0.000 ; free physical = 1893 ; free virtual = 18015
INFO: [Designutils 20-5008] Incremental synthesis strategy off
---------------------------------------------------------------------------------
Finished Constraint Validation : Time (s): cpu = 00:00:13 ; elapsed = 00:00:14 . Memory (MB): peak = 2458.348 ; gain = 702.977 ; free physical = 986 ; free virtual = 17158
---------------------------------------------------------------------------------
---------------------------------------------------------------------------------
Start Loading Part and Timing Information
---------------------------------------------------------------------------------
Loading part: xc7z020clg400-2
---------------------------------------------------------------------------------
Finished Loading Part and Timing Information : Time (s): cpu = 00:00:13 ; elapsed = 00:00:14 . Memory (MB): peak = 2466.316 ; gain = 710.945 ; free physical = 988 ; free virtual = 17158
---------------------------------------------------------------------------------
---------------------------------------------------------------------------------
Start Applying 'set_property' XDC Constraints
---------------------------------------------------------------------------------
---------------------------------------------------------------------------------
Finished applying 'set_property' XDC Constraints : Time (s): cpu = 00:00:14 ; elapsed = 00:00:14 . Memory (MB): peak = 2466.316 ; gain = 710.945 ; free physical = 988 ; free virtual = 17158
---------------------------------------------------------------------------------
---------------------------------------------------------------------------------
Finished RTL Optimization Phase 2 : Time (s): cpu = 00:00:14 ; elapsed = 00:00:15 . Memory (MB): peak = 2466.316 ; gain = 710.945 ; free physical = 1255 ; free virtual = 17439
---------------------------------------------------------------------------------
---------------------------------------------------------------------------------
Start RTL Component Statistics 
---------------------------------------------------------------------------------
Detailed RTL Component Info : 
+---Adders : 
	   3 Input    5 Bit       Adders := 9     
	   4 Input    5 Bit       Adders := 3     
	   2 Input    5 Bit       Adders := 3     
	   8 Input    4 Bit       Adders := 6     
	   2 Input    4 Bit       Adders := 3     
+---XORs : 
	   2 Input      1 Bit         XORs := 42    
+---Registers : 
	               10 Bit    Registers := 3     
	                9 Bit    Registers := 3     
	                8 Bit    Registers := 3     
	                5 Bit    Registers := 3     
	                4 Bit    Registers := 9     
	                2 Bit    Registers := 1     
	                1 Bit    Registers := 18    
+---Muxes : 
	   4 Input   10 Bit        Muxes := 3     
	   2 Input    9 Bit        Muxes := 3     
	   2 Input    5 Bit        Muxes := 9     
---------------------------------------------------------------------------------
Finished RTL Component Statistics 
---------------------------------------------------------------------------------
---------------------------------------------------------------------------------
Start Part Resource Summary
---------------------------------------------------------------------------------
Part Resources:
DSPs: 220 (col length:60)
BRAMs: 280 (col length: RAMB18 60 RAMB36 30)
---------------------------------------------------------------------------------
Finished Part Resource Summary
---------------------------------------------------------------------------------
---------------------------------------------------------------------------------
Start Cross Boundary and Area Optimization
---------------------------------------------------------------------------------
INFO: [Synth 8-7129] Port aRst in module rgb2dvi is either unconnected or has no load
---------------------------------------------------------------------------------
Finished Cross Boundary and Area Optimization : Time (s): cpu = 00:00:18 ; elapsed = 00:00:19 . Memory (MB): peak = 2466.316 ; gain = 710.945 ; free physical = 719 ; free virtual = 16899
---------------------------------------------------------------------------------
---------------------------------------------------------------------------------
Start Applying XDC Timing Constraints
---------------------------------------------------------------------------------
---------------------------------------------------------------------------------
Finished Applying XDC Timing Constraints : Time (s): cpu = 00:00:24 ; elapsed = 00:00:25 . Memory (MB): peak = 2519.316 ; gain = 763.945 ; free physical = 1365 ; free virtual = 17275
---------------------------------------------------------------------------------
---------------------------------------------------------------------------------
Start Timing Optimization
---------------------------------------------------------------------------------
---------------------------------------------------------------------------------
Finished Timing Optimization : Time (s): cpu = 00:00:24 ; elapsed = 00:00:25 . Memory (MB): peak = 2543.348 ; gain = 787.977 ; free physical = 1273 ; free virtual = 17188
---------------------------------------------------------------------------------
---------------------------------------------------------------------------------
Start Technology Mapping
---------------------------------------------------------------------------------
---------------------------------------------------------------------------------
Finished Technology Mapping : Time (s): cpu = 00:00:24 ; elapsed = 00:00:25 . Memory (MB): peak = 2543.348 ; gain = 787.977 ; free physical = 1267 ; free virtual = 17182
---------------------------------------------------------------------------------
---------------------------------------------------------------------------------
Start IO Insertion
---------------------------------------------------------------------------------
---------------------------------------------------------------------------------
Start Flattening Before IO Insertion
---------------------------------------------------------------------------------
---------------------------------------------------------------------------------
Finished Flattening Before IO Insertion
---------------------------------------------------------------------------------
---------------------------------------------------------------------------------
Start Final Netlist Cleanup
---------------------------------------------------------------------------------
---------------------------------------------------------------------------------
Finished Final Netlist Cleanup
---------------------------------------------------------------------------------
---------------------------------------------------------------------------------
Finished IO Insertion : Time (s): cpu = 00:00:28 ; elapsed = 00:00:29 . Memory (MB): peak = 2716.160 ; gain = 960.789 ; free physical = 2761 ; free virtual = 18707
---------------------------------------------------------------------------------
---------------------------------------------------------------------------------
Start Renaming Generated Instances
---------------------------------------------------------------------------------
---------------------------------------------------------------------------------
Finished Renaming Generated Instances : Time (s): cpu = 00:00:28 ; elapsed = 00:00:29 . Memory (MB): peak = 2716.160 ; gain = 960.789 ; free physical = 2761 ; free virtual = 18707
---------------------------------------------------------------------------------
---------------------------------------------------------------------------------
Start Rebuilding User Hierarchy
---------------------------------------------------------------------------------
---------------------------------------------------------------------------------
Finished Rebuilding User Hierarchy : Time (s): cpu = 00:00:28 ; elapsed = 00:00:29 . Memory (MB): peak = 2716.160 ; gain = 960.789 ; free physical = 2767 ; free virtual = 18710
---------------------------------------------------------------------------------
---------------------------------------------------------------------------------
Start Renaming Generated Ports
---------------------------------------------------------------------------------
---------------------------------------------------------------------------------
Finished Renaming Generated Ports : Time (s): cpu = 00:00:28 ; elapsed = 00:00:29 . Memory (MB): peak = 2716.160 ; gain = 960.789 ; free physical = 2767 ; free virtual = 18715
---------------------------------------------------------------------------------
---------------------------------------------------------------------------------
Start Handling Custom Attributes
---------------------------------------------------------------------------------
---------------------------------------------------------------------------------
Finished Handling Custom Attributes : Time (s): cpu = 00:00:28 ; elapsed = 00:00:29 . Memory (MB): peak = 2716.160 ; gain = 960.789 ; free physical = 2767 ; free virtual = 18714
---------------------------------------------------------------------------------
---------------------------------------------------------------------------------
Start Renaming Generated Nets
---------------------------------------------------------------------------------
---------------------------------------------------------------------------------
Finished Renaming Generated Nets : Time (s): cpu = 00:00:28 ; elapsed = 00:00:29 . Memory (MB): peak = 2716.160 ; gain = 960.789 ; free physical = 2767 ; free virtual = 18714
---------------------------------------------------------------------------------
---------------------------------------------------------------------------------
Start Writing Synthesis Report
---------------------------------------------------------------------------------

Report BlackBoxes: 
+-+--------------+----------+
| |BlackBox name |Instances |
+-+--------------+----------+
+-+--------------+----------+

Report Cell Usage: 
+------+----------+------+
|      |Cell      |Count |
+------+----------+------+
|1     |LUT1      |     5|
|2     |LUT2      |    22|
|3     |LUT3      |    34|
|4     |LUT4      |    23|
|5     |LUT5      |    43|
|6     |LUT6      |    72|
|7     |OSERDESE2 |     8|
|9     |FDPE      |     2|
|10    |FDRE      |   117|
|11    |FDSE      |    15|
|12    |OBUFDS    |     4|
+------+----------+------+
---------------------------------------------------------------------------------
Finished Writing Synthesis Report : Time (s): cpu = 00:00:28 ; elapsed = 00:00:29 . Memory (MB): peak = 2716.160 ; gain = 960.789 ; free physical = 2767 ; free virtual = 18709
---------------------------------------------------------------------------------
Synthesis finished with 0 errors, 0 critical warnings and 0 warnings.
Synthesis Optimization Runtime : Time (s): cpu = 00:00:27 ; elapsed = 00:00:28 . Memory (MB): peak = 2716.160 ; gain = 843.984 ; free physical = 2742 ; free virtual = 18688
Synthesis Optimization Complete : Time (s): cpu = 00:00:29 ; elapsed = 00:00:29 . Memory (MB): peak = 2716.168 ; gain = 960.789 ; free physical = 2742 ; free virtual = 18689
INFO: [Project 1-571] Translating synthesized netlist
Netlist sorting complete. Time (s): cpu = 00:00:00 ; elapsed = 00:00:00.01 . Memory (MB): peak = 2716.168 ; gain = 0.000 ; free physical = 2735 ; free virtual = 18677
INFO: [Netlist 29-17] Analyzing 4 Unisim elements for replacement
INFO: [Netlist 29-28] Unisim Transformation completed in 0 CPU seconds
INFO: [Project 1-570] Preparing netlist for logic optimization
INFO: [Opt 31-138] Pushed 0 inverter(s) to 0 load pin(s).
Netlist sorting complete. Time (s): cpu = 00:00:00 ; elapsed = 00:00:00 . Memory (MB): peak = 2772.188 ; gain = 0.000 ; free physical = 4189 ; free virtual = 20307
INFO: [Project 1-111] Unisim Transformation Summary:
No Unisim elements were transformed.

Synth Design complete | Checksum: accff5d0
INFO: [Common 17-83] Releasing license: Synthesis
40 Infos, 0 Warnings, 0 Critical Warnings and 0 Errors encountered.
synth_design completed successfully
synth_design: Time (s): cpu = 00:00:35 ; elapsed = 00:00:34 . Memory (MB): peak = 2772.223 ; gain = 1162.742 ; free physical = 4135 ; free virtual = 20269
INFO: [Common 17-2834] synth_design peak Physical Memory [PSS] (MB): overall = 1604.293; main = 1604.293; forked = 183.247
INFO: [Common 17-2834] synth_design peak Virtual Memory [VSS] (MB): overall = 3460.539; main = 2772.191; forked = 994.219
Write ShapeDB Complete: Time (s): cpu = 00:00:00 ; elapsed = 00:00:00 . Memory (MB): peak = 2796.199 ; gain = 0.000 ; free physical = 4134 ; free virtual = 20259
INFO: [Common 17-1381] The checkpoint '/home/serg/Documents/Xilinx/z700_hdmi/ALINX_VIDEO/alinx_video.runs/top_design_rgb2dvi_0_0_synth_1/top_design_rgb2dvi_0_0.dcp' has been generated.
INFO: [Coretcl 2-1648] Added synthesis output to IP cache for IP top_design_rgb2dvi_0_0, cache-ID = d1dfc54518bc602b
INFO: [Coretcl 2-1174] Renamed 10 cell refs.
Write ShapeDB Complete: Time (s): cpu = 00:00:00 ; elapsed = 00:00:00 . Memory (MB): peak = 2796.199 ; gain = 0.000 ; free physical = 4234 ; free virtual = 20237
INFO: [Common 17-1381] The checkpoint '/home/serg/Documents/Xilinx/z700_hdmi/ALINX_VIDEO/alinx_video.runs/top_design_rgb2dvi_0_0_synth_1/top_design_rgb2dvi_0_0.dcp' has been generated.
INFO: [Vivado 12-24828] Executing command : report_utilization -file top_design_rgb2dvi_0_0_utilization_synth.rpt -pb top_design_rgb2dvi_0_0_utilization_synth.pb
INFO: [Common 17-206] Exiting Vivado at Wed Mar  4 12:19:38 2026...
