

================================================================
== Vitis HLS Report for 'v_mix_upsample_alpha_true_s'
================================================================
* Date:           Thu Mar  5 21:15:27 2026

* Version:        2025.2 (Build 6295257 on Nov 14 2025)
* Project:        prj
* Solution:       sol (Vivado IP Flow Target)
* Product family: zynq
* Target device:  xc7z020-clg400-2


================================================================
== Performance Estimates
================================================================
+ Timing: 
    * Summary: 
    +--------+---------+----------+------------+
    |  Clock |  Target | Estimated| Uncertainty|
    +--------+---------+----------+------------+
    |ap_clk  |  6.67 ns|  4.684 ns|     1.80 ns|
    +--------+---------+----------+------------+

+ Latency: 
    * Summary: 
    +---------+-------------+-----------+-------------+-----+-------------+---------+
    |    Latency (cycles)   |    Latency (absolute)   |      Interval     | Pipeline|
    |   min   |     max     |    min    |     max     | min |     max     |   Type  |
    +---------+-------------+-----------+-------------+-----+-------------+---------+
    |        2|  68718952442|  13.334 ns|  458.149 sec|    2|  68718952442|       no|
    +---------+-------------+-----------+-------------+-----+-------------+---------+

    + Detail: 
        * Instance: 
        N/A

        * Loop: 
        +--------------------+---------+-------------+------------+-----------+-----------+------------+----------+
        |                    |    Latency (cycles)   |  Iteration |  Initiation Interval  |    Trip    |          |
        |      Loop Name     |   min   |     max     |   Latency  |  achieved |   target  |    Count   | Pipelined|
        +--------------------+---------+-------------+------------+-----------+-----------+------------+----------+
        |- VITIS_LOOP_232_1  |        0|  68718952440|  4 ~ 262146|          -|          -|  0 ~ 262140|        no|
        +--------------------+---------+-------------+------------+-----------+-----------+------------+----------+

============================================================
+ Verbose Summary: Synthesis Manager
============================================================
InlineROM: 1
ExposeGlobal: 0
============================================================
+ Verbose Summary: CDFG Model
============================================================
IsTopModel: 0
ResetActiveHigh: 1
IsCombinational: 2
IsDatapathOnly: 0
HasWiredReturn: 1
HasMFsm: 0
HasVarLatency: 1
IsPipeline: 0
IsRtlPipelined: 0
IsInstanceOverlapped: 0
IsDontTouch: 0
HasImplIP: 0
IsGatedGlobalClock: 0


============================================================
+ Verbose Summary: Schedule
============================================================
* Number of FSM states : 4
* Pipeline : 0
* Dataflow Pipeline: 0

* FSM state transitions: 
1 --> 2 
2 --> 3 
3 --> 4 
4 --> 3 

* FSM state operations: 

State 1 <SV = 0> <Delay = 2.43>
ST_1 : Operation 5 [1/1] (2.43ns)   --->   "%HwReg_layerScaleFactor_1_val21_read = read i2 @_ssdm_op_Read.ap_auto.i2, i2 %HwReg_layerScaleFactor_1_val21" [prj/sol/.autopilot/db/v_mix.cpp:214->prj/sol/.autopilot/db/v_mix.cpp:752->prj/sol/.autopilot/db/v_mix.cpp:752]   --->   Operation 5 'read' 'HwReg_layerScaleFactor_1_val21_read' <Predicate = true> <Delay = 2.43> <CoreInst = "FIFO_SRL">   --->   Core 80 'FIFO_SRL' <Latency = 0> <II = 1> <Delay = 3.40> <Storage> <Opcode : 'read' 'write' 'nbread' 'nbwrite'> <Ports = 0> <Width = 2> <Depth = 2> <FIFO>

State 2 <SV = 1> <Delay = 3.12>
ST_2 : Operation 6 [1/1] (0.00ns)   --->   "%specstablecontent_ln0 = specstablecontent void @_ssdm_op_SpecStableContent, i2 %HwReg_layerScaleFactor_1_val21, i1 1, void @p_str"   --->   Operation 6 'specstablecontent' 'specstablecontent_ln0' <Predicate = true> <Delay = 0.00>
ST_2 : Operation 7 [1/1] (0.00ns)   --->   "%specstablecontent_ln0 = specstablecontent void @_ssdm_op_SpecStableContent, i16 %HwReg_layerHeight_1_val, i1 1, void @p_str"   --->   Operation 7 'specstablecontent' 'specstablecontent_ln0' <Predicate = true> <Delay = 0.00>
ST_2 : Operation 8 [1/1] (0.00ns)   --->   "%specstablecontent_ln0 = specstablecontent void @_ssdm_op_SpecStableContent, i16 %HwReg_layerWidth_1_val, i1 1, void @p_str"   --->   Operation 8 'specstablecontent' 'specstablecontent_ln0' <Predicate = true> <Delay = 0.00>
ST_2 : Operation 9 [1/1] (0.00ns)   --->   "%specstablecontent_ln0 = specstablecontent void @_ssdm_op_SpecStableContent, i1 %HwReg_layerEnableFlag_1_val, i1 1, void @p_str"   --->   Operation 9 'specstablecontent' 'specstablecontent_ln0' <Predicate = true> <Delay = 0.00>
ST_2 : Operation 10 [1/1] (0.00ns)   --->   "%specinterface_ln0 = specinterface void @_ssdm_op_SpecInterface, i8 %srcLayer1Alphax, void @empty_32, i32 0, i32 0, void @empty_47, i32 0, i32 0, void @empty_47, void @empty_47, void @empty_47, i32 0, i32 0, i32 0, i32 0, void @empty_47, void @empty_47, i32 4294967295, i32 0, i32 0, i32 0"   --->   Operation 10 'specinterface' 'specinterface_ln0' <Predicate = true> <Delay = 0.00>
ST_2 : Operation 11 [1/1] (0.00ns)   --->   "%specinterface_ln0 = specinterface void @_ssdm_op_SpecInterface, i8 %srcLayer1Alpha, void @empty_32, i32 0, i32 0, void @empty_47, i32 0, i32 0, void @empty_47, void @empty_47, void @empty_47, i32 0, i32 0, i32 0, i32 0, void @empty_47, void @empty_47, i32 4294967295, i32 0, i32 0, i32 0"   --->   Operation 11 'specinterface' 'specinterface_ln0' <Predicate = true> <Delay = 0.00>
ST_2 : Operation 12 [1/1] (0.00ns)   --->   "%HwReg_layerEnableFlag_1_val_read = read i1 @_ssdm_op_Read.ap_auto.i1, i1 %HwReg_layerEnableFlag_1_val" [prj/sol/.autopilot/db/v_mix.cpp:214->prj/sol/.autopilot/db/v_mix.cpp:752->prj/sol/.autopilot/db/v_mix.cpp:752]   --->   Operation 12 'read' 'HwReg_layerEnableFlag_1_val_read' <Predicate = true> <Delay = 0.00>
ST_2 : Operation 13 [1/1] (0.00ns)   --->   "%HwReg_layerWidth_1_val_read = read i16 @_ssdm_op_Read.ap_auto.i16, i16 %HwReg_layerWidth_1_val" [prj/sol/.autopilot/db/v_mix.cpp:214->prj/sol/.autopilot/db/v_mix.cpp:752->prj/sol/.autopilot/db/v_mix.cpp:752]   --->   Operation 13 'read' 'HwReg_layerWidth_1_val_read' <Predicate = true> <Delay = 0.00>
ST_2 : Operation 14 [1/1] (0.00ns)   --->   "%HwReg_layerHeight_1_val_read = read i16 @_ssdm_op_Read.ap_auto.i16, i16 %HwReg_layerHeight_1_val" [prj/sol/.autopilot/db/v_mix.cpp:214->prj/sol/.autopilot/db/v_mix.cpp:752->prj/sol/.autopilot/db/v_mix.cpp:752]   --->   Operation 14 'read' 'HwReg_layerHeight_1_val_read' <Predicate = true> <Delay = 0.00>
ST_2 : Operation 15 [1/1] (0.00ns)   --->   "%zext_ln223 = zext i2 %HwReg_layerScaleFactor_1_val21_read" [prj/sol/.autopilot/db/v_mix.cpp:223->prj/sol/.autopilot/db/v_mix.cpp:752->prj/sol/.autopilot/db/v_mix.cpp:752]   --->   Operation 15 'zext' 'zext_ln223' <Predicate = true> <Delay = 0.00>
ST_2 : Operation 16 [1/1] (0.00ns)   --->   "%zext_ln223_1 = zext i2 %HwReg_layerScaleFactor_1_val21_read" [prj/sol/.autopilot/db/v_mix.cpp:223->prj/sol/.autopilot/db/v_mix.cpp:752->prj/sol/.autopilot/db/v_mix.cpp:752]   --->   Operation 16 'zext' 'zext_ln223_1' <Predicate = true> <Delay = 0.00>
ST_2 : Operation 17 [1/1] (1.49ns)   --->   "%upfactor = shl i3 1, i3 %zext_ln223_1" [prj/sol/.autopilot/db/v_mix.cpp:223->prj/sol/.autopilot/db/v_mix.cpp:752->prj/sol/.autopilot/db/v_mix.cpp:752]   --->   Operation 17 'shl' 'upfactor' <Predicate = true> <Delay = 1.49> <CoreInst = "Shifter">   --->   Core 75 'Shifter' <Latency = 0> <II = 1> <Delay = 1.49> <FuncUnit> <Opcode : 'shl' 'lshr' 'ashr'> <InPorts = 2> <OutPorts = 1>
ST_2 : Operation 18 [1/1] (0.00ns)   --->   "%br_ln230 = br i1 %HwReg_layerEnableFlag_1_val_read, void %v_mix_upsample_alpha<true>.exit, void %VITIS_LOOP_232_1.i.i" [prj/sol/.autopilot/db/v_mix.cpp:230->prj/sol/.autopilot/db/v_mix.cpp:752->prj/sol/.autopilot/db/v_mix.cpp:752]   --->   Operation 18 'br' 'br_ln230' <Predicate = true> <Delay = 0.00>
ST_2 : Operation 19 [1/1] (0.00ns)   --->   "%y = alloca i32 1" [prj/sol/.autopilot/db/v_mix.cpp:218->prj/sol/.autopilot/db/v_mix.cpp:752->prj/sol/.autopilot/db/v_mix.cpp:752]   --->   Operation 19 'alloca' 'y' <Predicate = (HwReg_layerEnableFlag_1_val_read)> <Delay = 0.00>
ST_2 : Operation 20 [1/1] (0.00ns)   --->   "%zext_ln232 = zext i16 %HwReg_layerHeight_1_val_read" [prj/sol/.autopilot/db/v_mix.cpp:232->prj/sol/.autopilot/db/v_mix.cpp:752->prj/sol/.autopilot/db/v_mix.cpp:752]   --->   Operation 20 'zext' 'zext_ln232' <Predicate = (HwReg_layerEnableFlag_1_val_read)> <Delay = 0.00>
ST_2 : Operation 21 [1/1] (3.12ns)   --->   "%shl_ln232 = shl i18 %zext_ln232, i18 %zext_ln223" [prj/sol/.autopilot/db/v_mix.cpp:232->prj/sol/.autopilot/db/v_mix.cpp:752->prj/sol/.autopilot/db/v_mix.cpp:752]   --->   Operation 21 'shl' 'shl_ln232' <Predicate = (HwReg_layerEnableFlag_1_val_read)> <Delay = 3.12> <CoreInst = "Shifter">   --->   Core 75 'Shifter' <Latency = 0> <II = 1> <Delay = 3.12> <FuncUnit> <Opcode : 'shl' 'lshr' 'ashr'> <InPorts = 2> <OutPorts = 1>
ST_2 : Operation 22 [1/1] (0.00ns)   --->   "%trunc_ln234 = trunc i3 %upfactor" [prj/sol/.autopilot/db/v_mix.cpp:234->prj/sol/.autopilot/db/v_mix.cpp:752->prj/sol/.autopilot/db/v_mix.cpp:752]   --->   Operation 22 'trunc' 'trunc_ln234' <Predicate = (HwReg_layerEnableFlag_1_val_read)> <Delay = 0.00>
ST_2 : Operation 23 [1/1] (0.63ns)   --->   "%add_ln234 = add i2 %trunc_ln234, i2 3" [prj/sol/.autopilot/db/v_mix.cpp:234->prj/sol/.autopilot/db/v_mix.cpp:752->prj/sol/.autopilot/db/v_mix.cpp:752]   --->   Operation 23 'add' 'add_ln234' <Predicate = (HwReg_layerEnableFlag_1_val_read)> <Delay = 0.63> <CoreInst = "Adder">   --->   Core 1 'Adder' <Latency = 0> <II = 1> <Delay = 0.63> <FuncUnit> <Opcode : 'add' 'sub'> <InPorts = 2> <OutPorts = 1>
ST_2 : Operation 24 [1/1] (0.00ns)   --->   "%zext_ln236 = zext i16 %HwReg_layerWidth_1_val_read" [prj/sol/.autopilot/db/v_mix.cpp:236->prj/sol/.autopilot/db/v_mix.cpp:752->prj/sol/.autopilot/db/v_mix.cpp:752]   --->   Operation 24 'zext' 'zext_ln236' <Predicate = (HwReg_layerEnableFlag_1_val_read)> <Delay = 0.00>
ST_2 : Operation 25 [1/1] (3.12ns)   --->   "%shl_ln236 = shl i18 %zext_ln236, i18 %zext_ln223" [prj/sol/.autopilot/db/v_mix.cpp:236->prj/sol/.autopilot/db/v_mix.cpp:752->prj/sol/.autopilot/db/v_mix.cpp:752]   --->   Operation 25 'shl' 'shl_ln236' <Predicate = (HwReg_layerEnableFlag_1_val_read)> <Delay = 3.12> <CoreInst = "Shifter">   --->   Core 75 'Shifter' <Latency = 0> <II = 1> <Delay = 3.12> <FuncUnit> <Opcode : 'shl' 'lshr' 'ashr'> <InPorts = 2> <OutPorts = 1>
ST_2 : Operation 26 [1/1] (1.29ns)   --->   "%store_ln218 = store i16 0, i16 %y" [prj/sol/.autopilot/db/v_mix.cpp:218->prj/sol/.autopilot/db/v_mix.cpp:752->prj/sol/.autopilot/db/v_mix.cpp:752]   --->   Operation 26 'store' 'store_ln218' <Predicate = (HwReg_layerEnableFlag_1_val_read)> <Delay = 1.29>
ST_2 : Operation 27 [1/1] (0.00ns)   --->   "%br_ln232 = br void %VITIS_LOOP_236_2.i.i" [prj/sol/.autopilot/db/v_mix.cpp:232->prj/sol/.autopilot/db/v_mix.cpp:752->prj/sol/.autopilot/db/v_mix.cpp:752]   --->   Operation 27 'br' 'br_ln232' <Predicate = (HwReg_layerEnableFlag_1_val_read)> <Delay = 0.00>

State 3 <SV = 2> <Delay = 4.68>
ST_3 : Operation 28 [1/1] (0.00ns)   --->   "%y_5 = load i16 %y" [prj/sol/.autopilot/db/v_mix.cpp:232->prj/sol/.autopilot/db/v_mix.cpp:752->prj/sol/.autopilot/db/v_mix.cpp:752]   --->   Operation 28 'load' 'y_5' <Predicate = (HwReg_layerEnableFlag_1_val_read)> <Delay = 0.00>
ST_3 : Operation 29 [1/1] (0.00ns)   --->   "%zext_ln232_1 = zext i16 %y_5" [prj/sol/.autopilot/db/v_mix.cpp:232->prj/sol/.autopilot/db/v_mix.cpp:752->prj/sol/.autopilot/db/v_mix.cpp:752]   --->   Operation 29 'zext' 'zext_ln232_1' <Predicate = (HwReg_layerEnableFlag_1_val_read)> <Delay = 0.00>
ST_3 : Operation 30 [1/1] (1.56ns)   --->   "%icmp_ln232 = icmp_ugt  i18 %shl_ln232, i18 %zext_ln232_1" [prj/sol/.autopilot/db/v_mix.cpp:232->prj/sol/.autopilot/db/v_mix.cpp:752->prj/sol/.autopilot/db/v_mix.cpp:752]   --->   Operation 30 'icmp' 'icmp_ln232' <Predicate = (HwReg_layerEnableFlag_1_val_read)> <Delay = 1.56> <CoreInst = "Cmp">   --->   Core 9 'Cmp' <Latency = 0> <II = 1> <Delay = 1.56> <FuncUnit> <Opcode : 'seteq' 'setne' 'setle' 'setge' 'setlt' 'setgt'> <InPorts = 2> <OutPorts = 1>
ST_3 : Operation 31 [1/1] (0.00ns)   --->   "%speclooptripcount_ln0 = speclooptripcount void @_ssdm_op_SpecLoopTripCount, i64 0, i64 262140, i64 0"   --->   Operation 31 'speclooptripcount' 'speclooptripcount_ln0' <Predicate = (HwReg_layerEnableFlag_1_val_read)> <Delay = 0.00>
ST_3 : Operation 32 [1/1] (1.54ns)   --->   "%y_6 = add i16 %y_5, i16 1" [prj/sol/.autopilot/db/v_mix.cpp:232->prj/sol/.autopilot/db/v_mix.cpp:752->prj/sol/.autopilot/db/v_mix.cpp:752]   --->   Operation 32 'add' 'y_6' <Predicate = (HwReg_layerEnableFlag_1_val_read)> <Delay = 1.54> <CoreInst = "Adder">   --->   Core 1 'Adder' <Latency = 0> <II = 1> <Delay = 1.54> <FuncUnit> <Opcode : 'add' 'sub'> <InPorts = 2> <OutPorts = 1>
ST_3 : Operation 33 [1/1] (0.00ns)   --->   "%br_ln232 = br i1 %icmp_ln232, void %v_mix_upsample_alpha<true>.exit.loopexit, void %VITIS_LOOP_236_2.split.i.i" [prj/sol/.autopilot/db/v_mix.cpp:232->prj/sol/.autopilot/db/v_mix.cpp:752->prj/sol/.autopilot/db/v_mix.cpp:752]   --->   Operation 33 'br' 'br_ln232' <Predicate = (HwReg_layerEnableFlag_1_val_read)> <Delay = 0.00>
ST_3 : Operation 34 [1/1] (0.00ns) (grouped into LUT with out node bReadLine)   --->   "%trunc_ln232 = trunc i16 %y_5" [prj/sol/.autopilot/db/v_mix.cpp:232->prj/sol/.autopilot/db/v_mix.cpp:752->prj/sol/.autopilot/db/v_mix.cpp:752]   --->   Operation 34 'trunc' 'trunc_ln232' <Predicate = (HwReg_layerEnableFlag_1_val_read & icmp_ln232)> <Delay = 0.00>
ST_3 : Operation 35 [1/1] (0.00ns) (grouped into LUT with out node bReadLine)   --->   "%and_ln234 = and i2 %trunc_ln232, i2 %add_ln234" [prj/sol/.autopilot/db/v_mix.cpp:234->prj/sol/.autopilot/db/v_mix.cpp:752->prj/sol/.autopilot/db/v_mix.cpp:752]   --->   Operation 35 'and' 'and_ln234' <Predicate = (HwReg_layerEnableFlag_1_val_read & icmp_ln232)> <Delay = 0.00> <CoreInst = "LogicGate">   --->   Core 74 'LogicGate' <Latency = 0> <II = 1> <Delay = 0.80> <FuncUnit> <Opcode : 'and' 'or' 'xor'> <InPorts = 2> <OutPorts = 1>
ST_3 : Operation 36 [1/1] (0.80ns) (out node of the LUT)   --->   "%bReadLine = icmp_ne  i2 %and_ln234, i2 0" [prj/sol/.autopilot/db/v_mix.cpp:234->prj/sol/.autopilot/db/v_mix.cpp:752->prj/sol/.autopilot/db/v_mix.cpp:752]   --->   Operation 36 'icmp' 'bReadLine' <Predicate = (HwReg_layerEnableFlag_1_val_read & icmp_ln232)> <Delay = 0.80> <CoreInst = "Cmp">   --->   Core 9 'Cmp' <Latency = 0> <II = 1> <Delay = 0.63> <FuncUnit> <Opcode : 'seteq' 'setne' 'setle' 'setge' 'setlt' 'setgt'> <InPorts = 2> <OutPorts = 1>
ST_3 : Operation 37 [2/2] (3.12ns)   --->   "%call_ln236 = call void @v_mix_upsample_alpha<true>_Pipeline_VITIS_LOOP_236_2, i18 %shl_ln236, i8 %srcLayer1Alphax, i8 %srcLayer1Alpha, i2 %HwReg_layerScaleFactor_1_val21_read, i2 %add_ln234, i1 %bReadLine" [prj/sol/.autopilot/db/v_mix.cpp:236->prj/sol/.autopilot/db/v_mix.cpp:752->prj/sol/.autopilot/db/v_mix.cpp:752]   --->   Operation 37 'call' 'call_ln236' <Predicate = (HwReg_layerEnableFlag_1_val_read & icmp_ln232)> <Delay = 3.12> <CoreType = "Generic">   --->   Generic Core
ST_3 : Operation 38 [1/1] (1.29ns)   --->   "%store_ln218 = store i16 %y_6, i16 %y" [prj/sol/.autopilot/db/v_mix.cpp:218->prj/sol/.autopilot/db/v_mix.cpp:752->prj/sol/.autopilot/db/v_mix.cpp:752]   --->   Operation 38 'store' 'store_ln218' <Predicate = (HwReg_layerEnableFlag_1_val_read & icmp_ln232)> <Delay = 1.29>
ST_3 : Operation 39 [1/1] (0.00ns)   --->   "%br_ln0 = br void %v_mix_upsample_alpha<true>.exit"   --->   Operation 39 'br' 'br_ln0' <Predicate = (HwReg_layerEnableFlag_1_val_read & !icmp_ln232)> <Delay = 0.00>
ST_3 : Operation 40 [1/1] (0.00ns)   --->   "%ret_ln752 = ret" [prj/sol/.autopilot/db/v_mix.cpp:752]   --->   Operation 40 'ret' 'ret_ln752' <Predicate = (!icmp_ln232) | (!HwReg_layerEnableFlag_1_val_read)> <Delay = 0.00>

State 4 <SV = 3> <Delay = 0.00>
ST_4 : Operation 41 [1/1] (0.00ns)   --->   "%specloopname_ln232 = specloopname void @_ssdm_op_SpecLoopName, void @empty_44" [prj/sol/.autopilot/db/v_mix.cpp:232->prj/sol/.autopilot/db/v_mix.cpp:752->prj/sol/.autopilot/db/v_mix.cpp:752]   --->   Operation 41 'specloopname' 'specloopname_ln232' <Predicate = true> <Delay = 0.00>
ST_4 : Operation 42 [1/2] (0.00ns)   --->   "%call_ln236 = call void @v_mix_upsample_alpha<true>_Pipeline_VITIS_LOOP_236_2, i18 %shl_ln236, i8 %srcLayer1Alphax, i8 %srcLayer1Alpha, i2 %HwReg_layerScaleFactor_1_val21_read, i2 %add_ln234, i1 %bReadLine" [prj/sol/.autopilot/db/v_mix.cpp:236->prj/sol/.autopilot/db/v_mix.cpp:752->prj/sol/.autopilot/db/v_mix.cpp:752]   --->   Operation 42 'call' 'call_ln236' <Predicate = true> <Delay = 0.00> <CoreType = "Generic">   --->   Generic Core
ST_4 : Operation 43 [1/1] (0.00ns)   --->   "%br_ln232 = br void %VITIS_LOOP_236_2.i.i" [prj/sol/.autopilot/db/v_mix.cpp:232->prj/sol/.autopilot/db/v_mix.cpp:752->prj/sol/.autopilot/db/v_mix.cpp:752]   --->   Operation 43 'br' 'br_ln232' <Predicate = true> <Delay = 0.00>


============================================================
+ Verbose Summary: Timing violations
============================================================
Target clock period: 6.667ns, clock uncertainty: 1.800ns.

 <State 1>: 2.433ns
The critical path consists of the following:
	wire read operation ('HwReg_layerScaleFactor_1_val21_read', prj/sol/.autopilot/db/v_mix.cpp:214->prj/sol/.autopilot/db/v_mix.cpp:752->prj/sol/.autopilot/db/v_mix.cpp:752) on port 'HwReg_layerScaleFactor_1_val21' (prj/sol/.autopilot/db/v_mix.cpp:214->prj/sol/.autopilot/db/v_mix.cpp:752->prj/sol/.autopilot/db/v_mix.cpp:752) [13]  (2.433 ns)

 <State 2>: 3.121ns
The critical path consists of the following:
	wire read operation ('HwReg_layerHeight_1_val_read', prj/sol/.autopilot/db/v_mix.cpp:214->prj/sol/.autopilot/db/v_mix.cpp:752->prj/sol/.autopilot/db/v_mix.cpp:752) on port 'HwReg_layerHeight_1_val' (prj/sol/.autopilot/db/v_mix.cpp:214->prj/sol/.autopilot/db/v_mix.cpp:752->prj/sol/.autopilot/db/v_mix.cpp:752) [16]  (0.000 ns)
	'shl' operation 18 bit ('shl_ln232', prj/sol/.autopilot/db/v_mix.cpp:232->prj/sol/.autopilot/db/v_mix.cpp:752->prj/sol/.autopilot/db/v_mix.cpp:752) [24]  (3.121 ns)

 <State 3>: 4.684ns
The critical path consists of the following:
	'load' operation 16 bit ('y', prj/sol/.autopilot/db/v_mix.cpp:232->prj/sol/.autopilot/db/v_mix.cpp:752->prj/sol/.autopilot/db/v_mix.cpp:752) on local variable 'y', prj/sol/.autopilot/db/v_mix.cpp:218->prj/sol/.autopilot/db/v_mix.cpp:752->prj/sol/.autopilot/db/v_mix.cpp:752 [32]  (0.000 ns)
	'icmp' operation 1 bit ('icmp_ln232', prj/sol/.autopilot/db/v_mix.cpp:232->prj/sol/.autopilot/db/v_mix.cpp:752->prj/sol/.autopilot/db/v_mix.cpp:752) [34]  (1.563 ns)
	'call' operation ('call_ln236', prj/sol/.autopilot/db/v_mix.cpp:236->prj/sol/.autopilot/db/v_mix.cpp:752->prj/sol/.autopilot/db/v_mix.cpp:752) to 'v_mix_upsample_alpha<true>_Pipeline_VITIS_LOOP_236_2' [43]  (3.121 ns)

 <State 4>: 0.000ns
The critical path consists of the following:


============================================================
+ Verbose Summary: Binding
============================================================
N/A
* FSMD analyzer results:
  - Output states:
 - Input state : 
  - Chain level:
	State 1
	State 2
	State 3
	State 4


============================================================
+ Verbose Summary: Datapath Resource usage 
============================================================
N/A
