

================================================================
== Vitis HLS Report for 'v_mix_upsample_true_Pipeline_VITIS_LOOP_140_2'
================================================================
* Date:           Thu Mar  5 21:15:27 2026

* Version:        2025.2 (Build 6295257 on Nov 14 2025)
* Project:        prj
* Solution:       sol (Vivado IP Flow Target)
* Product family: zynq
* Target device:  xc7z020-clg400-2


================================================================
== Performance Estimates
================================================================
+ Timing: 
    * Summary: 
    +--------+---------+----------+------------+
    |  Clock |  Target | Estimated| Uncertainty|
    +--------+---------+----------+------------+
    |ap_clk  |  6.67 ns|  4.206 ns|     1.80 ns|
    +--------+---------+----------+------------+

+ Latency: 
    * Summary: 
    +---------+---------+-----------+-----------+-----+-----+-------------------+
    |  Latency (cycles) |   Latency (absolute)  |  Interval |      Pipeline     |
    |   min   |   max   |    min    |    max    | min | max |        Type       |
    +---------+---------+-----------+-----------+-----+-----+-------------------+
    |        2|     7684|  13.334 ns|  51.229 us|    0|    0|  loop pipeline stp|
    +---------+---------+-----------+-----------+-----+-----+-------------------+

    + Detail: 
        * Instance: 
        +----------------------------+-----------------+---------+---------+----------+----------+-----+-----+---------+
        |                            |                 |  Latency (cycles) |  Latency (absolute) |  Interval | Pipeline|
        |          Instance          |      Module     |   min   |   max   |    min   |    max   | min | max |   Type  |
        +----------------------------+-----------------+---------+---------+----------+----------+-----+-----+---------+
        |grp_reg_ap_uint_8_s_fu_305  |reg_ap_uint_8_s  |        1|        1|  6.667 ns|  6.667 ns|    1|    1|      yes|
        |grp_reg_ap_uint_8_s_fu_311  |reg_ap_uint_8_s  |        1|        1|  6.667 ns|  6.667 ns|    1|    1|      yes|
        |grp_reg_ap_uint_8_s_fu_317  |reg_ap_uint_8_s  |        1|        1|  6.667 ns|  6.667 ns|    1|    1|      yes|
        +----------------------------+-----------------+---------+---------+----------+----------+-----+-----+---------+

        * Loop: 
        +--------------------+---------+---------+----------+-----------+-----------+----------+----------+
        |                    |  Latency (cycles) | Iteration|  Initiation Interval  |   Trip   |          |
        |      Loop Name     |   min   |   max   |  Latency |  achieved |   target  |   Count  | Pipelined|
        +--------------------+---------+---------+----------+-----------+-----------+----------+----------+
        |- VITIS_LOOP_140_2  |        0|     7682|         4|          1|          1|  0 ~ 7680|       yes|
        +--------------------+---------+---------+----------+-----------+-----------+----------+----------+

============================================================
+ Verbose Summary: Synthesis Manager
============================================================
InlineROM: 1
ExposeGlobal: 0
============================================================
+ Verbose Summary: CDFG Model
============================================================
IsTopModel: 0
ResetActiveHigh: 1
IsCombinational: 0
IsDatapathOnly: 0
HasWiredReturn: 1
HasMFsm: 2
HasVarLatency: 1
IsPipeline: 0
IsRtlPipelined: 0
IsInstanceOverlapped: 0
IsDontTouch: 0
HasImplIP: 0
IsGatedGlobalClock: 0

+ Individual pipeline summary: 
  * Pipeline-0: initiation interval (II) = 1, depth = 4


============================================================
+ Verbose Summary: Schedule
============================================================
* Number of FSM states : 4
* Pipeline : 1
  Pipeline-0 : II = 1, D = 4, States = { 1 2 3 4 }
* Dataflow Pipeline: 0

* FSM state transitions: 
1 --> 2 
2 --> 3 
3 --> 4 
4 --> 

* FSM state operations: 

State 1 <SV = 0> <Delay = 4.20>
ST_1 : Operation 7 [1/1] (0.00ns)   --->   "%x = alloca i32 1" [prj/sol/.autopilot/db/v_mix.cpp:122->prj/sol/.autopilot/db/v_mix.cpp:748->prj/sol/.autopilot/db/v_mix.cpp:748]   --->   Operation 7 'alloca' 'x' <Predicate = true> <Delay = 0.00>
ST_1 : Operation 8 [1/1] (0.00ns)   --->   "%specstablecontent_ln0 = specstablecontent void @_ssdm_op_SpecStableContent, i2 %zext_ln126_i, i1 1, void @p_str"   --->   Operation 8 'specstablecontent' 'specstablecontent_ln0' <Predicate = true> <Delay = 0.00>
ST_1 : Operation 9 [1/1] (0.00ns)   --->   "%bReadLine_i_read = read i1 @_ssdm_op_Read.ap_auto.i1, i1 %bReadLine_i"   --->   Operation 9 'read' 'bReadLine_i_read' <Predicate = true> <Delay = 0.00>
ST_1 : Operation 10 [1/1] (0.00ns)   --->   "%add_ln138_i_read = read i2 @_ssdm_op_Read.ap_auto.i2, i2 %add_ln138_i"   --->   Operation 10 'read' 'add_ln138_i_read' <Predicate = true> <Delay = 0.00>
ST_1 : Operation 11 [1/1] (0.00ns)   --->   "%zext_ln126_i_read = read i2 @_ssdm_op_Read.ap_auto.i2, i2 %zext_ln126_i"   --->   Operation 11 'read' 'zext_ln126_i_read' <Predicate = true> <Delay = 0.00>
ST_1 : Operation 12 [1/1] (0.00ns)   --->   "%shl_ln140_i_read = read i13 @_ssdm_op_Read.ap_auto.i13, i13 %shl_ln140_i"   --->   Operation 12 'read' 'shl_ln140_i_read' <Predicate = true> <Delay = 0.00>
ST_1 : Operation 13 [1/1] (0.00ns)   --->   "%zext_ln126_i_cast = zext i2 %zext_ln126_i_read"   --->   Operation 13 'zext' 'zext_ln126_i_cast' <Predicate = true> <Delay = 0.00>
ST_1 : Operation 14 [1/1] (0.00ns)   --->   "%specinterface_ln0 = specinterface void @_ssdm_op_SpecInterface, i24 %srcLayer1x, void @empty_32, i32 0, i32 0, void @empty_47, i32 0, i32 0, void @empty_47, void @empty_47, void @empty_47, i32 0, i32 0, i32 0, i32 0, void @empty_47, void @empty_47, i32 4294967295, i32 0, i32 0, i32 0"   --->   Operation 14 'specinterface' 'specinterface_ln0' <Predicate = true> <Delay = 0.00>
ST_1 : Operation 15 [1/1] (0.00ns)   --->   "%specinterface_ln0 = specinterface void @_ssdm_op_SpecInterface, i24 %srcLayer1Rgb, void @empty_32, i32 0, i32 0, void @empty_47, i32 0, i32 0, void @empty_47, void @empty_47, void @empty_47, i32 0, i32 0, i32 0, i32 0, void @empty_47, void @empty_47, i32 4294967295, i32 0, i32 0, i32 0"   --->   Operation 15 'specinterface' 'specinterface_ln0' <Predicate = true> <Delay = 0.00>
ST_1 : Operation 16 [1/1] (2.77ns)   --->   "%lineBuf = alloca i32 1" [prj/sol/.autopilot/db/v_mix.cpp:127->prj/sol/.autopilot/db/v_mix.cpp:748->prj/sol/.autopilot/db/v_mix.cpp:748]   --->   Operation 16 'alloca' 'lineBuf' <Predicate = true> <Delay = 2.77> <CoreInst = "RAM">   --->   Core 81 'RAM' <Latency = 1> <II = 1> <Delay = 2.77> <Storage> <Opcode : 'load' 'store'> <Ports = 2> <Width = 24> <Depth = 4096> <RAM>
ST_1 : Operation 17 [1/1] (1.29ns)   --->   "%store_ln122 = store i13 0, i13 %x" [prj/sol/.autopilot/db/v_mix.cpp:122->prj/sol/.autopilot/db/v_mix.cpp:748->prj/sol/.autopilot/db/v_mix.cpp:748]   --->   Operation 17 'store' 'store_ln122' <Predicate = true> <Delay = 1.29>
ST_1 : Operation 18 [1/1] (1.29ns)   --->   "%br_ln140 = br void %for.body26.i.i" [prj/sol/.autopilot/db/v_mix.cpp:140->prj/sol/.autopilot/db/v_mix.cpp:748->prj/sol/.autopilot/db/v_mix.cpp:748]   --->   Operation 18 'br' 'br_ln140' <Predicate = true> <Delay = 1.29>
ST_1 : Operation 19 [1/1] (0.00ns)   --->   "%phi_ln145 = phi i1 0, void %newFuncRoot, i1 %icmp_ln140_1, void %for.inc115.i.i" [prj/sol/.autopilot/db/v_mix.cpp:145->prj/sol/.autopilot/db/v_mix.cpp:748->prj/sol/.autopilot/db/v_mix.cpp:748]   --->   Operation 19 'phi' 'phi_ln145' <Predicate = true> <Delay = 0.00>
ST_1 : Operation 20 [1/1] (0.00ns)   --->   "%x_7 = load i13 %x" [prj/sol/.autopilot/db/v_mix.cpp:140->prj/sol/.autopilot/db/v_mix.cpp:748->prj/sol/.autopilot/db/v_mix.cpp:748]   --->   Operation 20 'load' 'x_7' <Predicate = true> <Delay = 0.00>
ST_1 : Operation 21 [1/1] (0.00ns)   --->   "%speclooptripcount_ln0 = speclooptripcount void @_ssdm_op_SpecLoopTripCount, i64 0, i64 7680, i64 0"   --->   Operation 21 'speclooptripcount' 'speclooptripcount_ln0' <Predicate = true> <Delay = 0.00>
ST_1 : Operation 22 [1/1] (1.53ns)   --->   "%icmp_ln140 = icmp_eq  i13 %x_7, i13 %shl_ln140_i_read" [prj/sol/.autopilot/db/v_mix.cpp:140->prj/sol/.autopilot/db/v_mix.cpp:748->prj/sol/.autopilot/db/v_mix.cpp:748]   --->   Operation 22 'icmp' 'icmp_ln140' <Predicate = true> <Delay = 1.53> <CoreInst = "Cmp">   --->   Core 9 'Cmp' <Latency = 0> <II = 1> <Delay = 1.53> <FuncUnit> <Opcode : 'seteq' 'setne' 'setle' 'setge' 'setlt' 'setgt'> <InPorts = 2> <OutPorts = 1>
ST_1 : Operation 23 [1/1] (1.53ns)   --->   "%x_8 = add i13 %x_7, i13 1" [prj/sol/.autopilot/db/v_mix.cpp:140->prj/sol/.autopilot/db/v_mix.cpp:748->prj/sol/.autopilot/db/v_mix.cpp:748]   --->   Operation 23 'add' 'x_8' <Predicate = true> <Delay = 1.53> <CoreInst = "Adder">   --->   Core 1 'Adder' <Latency = 0> <II = 1> <Delay = 1.53> <FuncUnit> <Opcode : 'add' 'sub'> <InPorts = 2> <OutPorts = 1>
ST_1 : Operation 24 [1/1] (0.00ns)   --->   "%br_ln140 = br i1 %icmp_ln140, void %for.body26.split.i.i, void %for.inc124.i.i.exitStub" [prj/sol/.autopilot/db/v_mix.cpp:140->prj/sol/.autopilot/db/v_mix.cpp:748->prj/sol/.autopilot/db/v_mix.cpp:748]   --->   Operation 24 'br' 'br_ln140' <Predicate = true> <Delay = 0.00>
ST_1 : Operation 25 [1/1] (0.00ns)   --->   "%trunc_ln140 = trunc i13 %x_7" [prj/sol/.autopilot/db/v_mix.cpp:140->prj/sol/.autopilot/db/v_mix.cpp:748->prj/sol/.autopilot/db/v_mix.cpp:748]   --->   Operation 25 'trunc' 'trunc_ln140' <Predicate = (!icmp_ln140)> <Delay = 0.00>
ST_1 : Operation 26 [1/1] (0.00ns)   --->   "%specpipeline_ln143 = specpipeline void @_ssdm_op_SpecPipeline, i32 4294967295, i32 0, i32 0, i32 0, i32 4294967295, void @empty_47" [prj/sol/.autopilot/db/v_mix.cpp:143->prj/sol/.autopilot/db/v_mix.cpp:748->prj/sol/.autopilot/db/v_mix.cpp:748]   --->   Operation 26 'specpipeline' 'specpipeline_ln143' <Predicate = (!icmp_ln140)> <Delay = 0.00>
ST_1 : Operation 27 [1/1] (0.00ns)   --->   "%specloopname_ln140 = specloopname void @_ssdm_op_SpecLoopName, void @empty_0" [prj/sol/.autopilot/db/v_mix.cpp:140->prj/sol/.autopilot/db/v_mix.cpp:748->prj/sol/.autopilot/db/v_mix.cpp:748]   --->   Operation 27 'specloopname' 'specloopname_ln140' <Predicate = (!icmp_ln140)> <Delay = 0.00>
ST_1 : Operation 28 [1/1] (0.63ns)   --->   "%add_ln144 = add i2 %trunc_ln140, i2 1" [prj/sol/.autopilot/db/v_mix.cpp:144->prj/sol/.autopilot/db/v_mix.cpp:748->prj/sol/.autopilot/db/v_mix.cpp:748]   --->   Operation 28 'add' 'add_ln144' <Predicate = (!icmp_ln140)> <Delay = 0.63> <CoreInst = "Adder">   --->   Core 1 'Adder' <Latency = 0> <II = 1> <Delay = 0.63> <FuncUnit> <Opcode : 'add' 'sub'> <InPorts = 2> <OutPorts = 1>
ST_1 : Operation 29 [1/1] (0.80ns)   --->   "%and_ln144 = and i2 %add_ln144, i2 %add_ln138_i_read" [prj/sol/.autopilot/db/v_mix.cpp:144->prj/sol/.autopilot/db/v_mix.cpp:748->prj/sol/.autopilot/db/v_mix.cpp:748]   --->   Operation 29 'and' 'and_ln144' <Predicate = (!icmp_ln140)> <Delay = 0.80> <CoreInst = "LogicGate">   --->   Core 74 'LogicGate' <Latency = 0> <II = 1> <Delay = 0.80> <FuncUnit> <Opcode : 'and' 'or' 'xor'> <InPorts = 2> <OutPorts = 1>
ST_1 : Operation 30 [1/1] (0.80ns)   --->   "%or_ln145 = or i1 %bReadLine_i_read, i1 %phi_ln145" [prj/sol/.autopilot/db/v_mix.cpp:145->prj/sol/.autopilot/db/v_mix.cpp:748->prj/sol/.autopilot/db/v_mix.cpp:748]   --->   Operation 30 'or' 'or_ln145' <Predicate = (!icmp_ln140)> <Delay = 0.80> <CoreInst = "LogicGate">   --->   Core 74 'LogicGate' <Latency = 0> <II = 1> <Delay = 0.80> <FuncUnit> <Opcode : 'and' 'or' 'xor'> <InPorts = 2> <OutPorts = 1>
ST_1 : Operation 31 [1/1] (0.00ns)   --->   "%br_ln145 = br i1 %or_ln145, void %VITIS_LOOP_149_3.i.i, void %if.else.i.i" [prj/sol/.autopilot/db/v_mix.cpp:145->prj/sol/.autopilot/db/v_mix.cpp:748->prj/sol/.autopilot/db/v_mix.cpp:748]   --->   Operation 31 'br' 'br_ln145' <Predicate = (!icmp_ln140)> <Delay = 0.00>
ST_1 : Operation 32 [1/1] (2.90ns)   --->   "%lshr_ln158 = lshr i13 %x_7, i13 %zext_ln126_i_cast" [prj/sol/.autopilot/db/v_mix.cpp:158->prj/sol/.autopilot/db/v_mix.cpp:748->prj/sol/.autopilot/db/v_mix.cpp:748]   --->   Operation 32 'lshr' 'lshr_ln158' <Predicate = (!icmp_ln140 & !or_ln145)> <Delay = 2.90> <CoreInst = "Shifter">   --->   Core 75 'Shifter' <Latency = 0> <II = 1> <Delay = 2.90> <FuncUnit> <Opcode : 'shl' 'lshr' 'ashr'> <InPorts = 2> <OutPorts = 1>
ST_1 : Operation 33 [1/1] (1.29ns)   --->   "%br_ln159 = br void %for.inc115.i.i" [prj/sol/.autopilot/db/v_mix.cpp:159->prj/sol/.autopilot/db/v_mix.cpp:748->prj/sol/.autopilot/db/v_mix.cpp:748]   --->   Operation 33 'br' 'br_ln159' <Predicate = (!icmp_ln140 & !or_ln145)> <Delay = 1.29>
ST_1 : Operation 34 [1/1] (2.90ns)   --->   "%lshr_ln162 = lshr i13 %x_7, i13 %zext_ln126_i_cast" [prj/sol/.autopilot/db/v_mix.cpp:162->prj/sol/.autopilot/db/v_mix.cpp:748->prj/sol/.autopilot/db/v_mix.cpp:748]   --->   Operation 34 'lshr' 'lshr_ln162' <Predicate = (!icmp_ln140 & or_ln145)> <Delay = 2.90> <CoreInst = "Shifter">   --->   Core 75 'Shifter' <Latency = 0> <II = 1> <Delay = 2.90> <FuncUnit> <Opcode : 'shl' 'lshr' 'ashr'> <InPorts = 2> <OutPorts = 1>
ST_1 : Operation 35 [1/1] (1.29ns)   --->   "%br_ln0 = br void %for.inc115.i.i"   --->   Operation 35 'br' 'br_ln0' <Predicate = (!icmp_ln140 & or_ln145)> <Delay = 1.29>
ST_1 : Operation 36 [1/1] (0.63ns)   --->   "%icmp_ln140_1 = icmp_ne  i2 %and_ln144, i2 0" [prj/sol/.autopilot/db/v_mix.cpp:140->prj/sol/.autopilot/db/v_mix.cpp:748->prj/sol/.autopilot/db/v_mix.cpp:748]   --->   Operation 36 'icmp' 'icmp_ln140_1' <Predicate = (!icmp_ln140)> <Delay = 0.63> <CoreInst = "Cmp">   --->   Core 9 'Cmp' <Latency = 0> <II = 1> <Delay = 0.63> <FuncUnit> <Opcode : 'seteq' 'setne' 'setle' 'setge' 'setlt' 'setgt'> <InPorts = 2> <OutPorts = 1>
ST_1 : Operation 37 [1/1] (1.29ns)   --->   "%store_ln122 = store i13 %x_8, i13 %x" [prj/sol/.autopilot/db/v_mix.cpp:122->prj/sol/.autopilot/db/v_mix.cpp:748->prj/sol/.autopilot/db/v_mix.cpp:748]   --->   Operation 37 'store' 'store_ln122' <Predicate = (!icmp_ln140)> <Delay = 1.29>

State 2 <SV = 1> <Delay = 2.77>
ST_2 : Operation 38 [1/1] ( I:2.43ns O:2.43ns )   --->   "%InPix = read i24 @_ssdm_op_Read.ap_fifo.volatile.i24P0A, i24 %srcLayer1Rgb" [prj/sol/.autopilot/db/v_mix.cpp:148->prj/sol/.autopilot/db/v_mix.cpp:748->prj/sol/.autopilot/db/v_mix.cpp:748]   --->   Operation 38 'read' 'InPix' <Predicate = (!icmp_ln140 & !or_ln145)> <Delay = 2.43> <CoreInst = "FIFO_SRL">   --->   Core 80 'FIFO_SRL' <Latency = 0> <II = 1> <Delay = 3.40> <Storage> <Opcode : 'read' 'write' 'nbread' 'nbwrite'> <Ports = 0> <Width = 24> <Depth = 2> <FIFO>
ST_2 : Operation 39 [1/1] (0.00ns)   --->   "%trunc_ln148_2_i = partselect i8 @_ssdm_op_PartSelect.i8.i24.i32.i32, i24 %InPix, i32 8, i32 15" [prj/sol/.autopilot/db/v_mix.cpp:148->prj/sol/.autopilot/db/v_mix.cpp:748->prj/sol/.autopilot/db/v_mix.cpp:748]   --->   Operation 39 'partselect' 'trunc_ln148_2_i' <Predicate = (!icmp_ln140 & !or_ln145)> <Delay = 0.00>
ST_2 : Operation 40 [1/1] (0.00ns)   --->   "%trunc_ln148_3_i = partselect i8 @_ssdm_op_PartSelect.i8.i24.i32.i32, i24 %InPix, i32 16, i32 23" [prj/sol/.autopilot/db/v_mix.cpp:148->prj/sol/.autopilot/db/v_mix.cpp:748->prj/sol/.autopilot/db/v_mix.cpp:748]   --->   Operation 40 'partselect' 'trunc_ln148_3_i' <Predicate = (!icmp_ln140 & !or_ln145)> <Delay = 0.00>
ST_2 : Operation 41 [1/1] (0.00ns)   --->   "%zext_ln649 = zext i13 %lshr_ln162" [hdmi_vmix2.gen/sources_1/bd/top_design/ip/top_design_v_mix_0_0/src/hls/hls_video_mem.h:649->prj/sol/.autopilot/db/v_mix.cpp:162->prj/sol/.autopilot/db/v_mix.cpp:748->prj/sol/.autopilot/db/v_mix.cpp:748]   --->   Operation 41 'zext' 'zext_ln649' <Predicate = (!icmp_ln140 & or_ln145)> <Delay = 0.00>
ST_2 : Operation 42 [1/1] (0.00ns)   --->   "%lineBuf_addr = getelementptr i24 %lineBuf, i32 0, i32 %zext_ln649" [hdmi_vmix2.gen/sources_1/bd/top_design/ip/top_design_v_mix_0_0/src/hls/hls_video_mem.h:850->prj/sol/.autopilot/db/v_mix.cpp:162->prj/sol/.autopilot/db/v_mix.cpp:748->prj/sol/.autopilot/db/v_mix.cpp:748]   --->   Operation 42 'getelementptr' 'lineBuf_addr' <Predicate = (!icmp_ln140 & or_ln145)> <Delay = 0.00>
ST_2 : Operation 43 [2/2] (2.77ns)   --->   "%LineBufVal = load i12 %lineBuf_addr" [prj/sol/.autopilot/db/v_mix.cpp:162->prj/sol/.autopilot/db/v_mix.cpp:748->prj/sol/.autopilot/db/v_mix.cpp:748]   --->   Operation 43 'load' 'LineBufVal' <Predicate = (!icmp_ln140 & or_ln145)> <Delay = 2.77> <CoreInst = "RAM">   --->   Core 81 'RAM' <Latency = 1> <II = 1> <Delay = 2.77> <Storage> <Opcode : 'load' 'store'> <Ports = 2> <Width = 24> <Depth = 4096> <RAM>

State 3 <SV = 2> <Delay = 2.77>
ST_3 : Operation 44 [1/1] (0.00ns)   --->   "%zext_ln655 = zext i13 %lshr_ln158" [hdmi_vmix2.gen/sources_1/bd/top_design/ip/top_design_v_mix_0_0/src/hls/hls_video_mem.h:655->prj/sol/.autopilot/db/v_mix.cpp:158->prj/sol/.autopilot/db/v_mix.cpp:748->prj/sol/.autopilot/db/v_mix.cpp:748]   --->   Operation 44 'zext' 'zext_ln655' <Predicate = (!icmp_ln140 & !or_ln145)> <Delay = 0.00>
ST_3 : Operation 45 [1/1] (0.00ns)   --->   "%lineBuf_addr_2 = getelementptr i24 %lineBuf, i32 0, i32 %zext_ln655" [hdmi_vmix2.gen/sources_1/bd/top_design/ip/top_design_v_mix_0_0/src/hls/hls_video_mem.h:812->hdmi_vmix2.gen/sources_1/bd/top_design/ip/top_design_v_mix_0_0/src/hls/hls_video_mem.h:888->prj/sol/.autopilot/db/v_mix.cpp:158->prj/sol/.autopilot/db/v_mix.cpp:748->prj/sol/.autopilot/db/v_mix.cpp:748]   --->   Operation 45 'getelementptr' 'lineBuf_addr_2' <Predicate = (!icmp_ln140 & !or_ln145)> <Delay = 0.00>
ST_3 : Operation 46 [1/1] ( I:2.77ns O:2.77ns )   --->   "%store_ln812 = store i24 %InPix, i12 %lineBuf_addr_2" [hdmi_vmix2.gen/sources_1/bd/top_design/ip/top_design_v_mix_0_0/src/hls/hls_video_mem.h:812->hdmi_vmix2.gen/sources_1/bd/top_design/ip/top_design_v_mix_0_0/src/hls/hls_video_mem.h:888->prj/sol/.autopilot/db/v_mix.cpp:158->prj/sol/.autopilot/db/v_mix.cpp:748->prj/sol/.autopilot/db/v_mix.cpp:748]   --->   Operation 46 'store' 'store_ln812' <Predicate = (!icmp_ln140 & !or_ln145)> <Delay = 2.77> <CoreInst = "RAM">   --->   Core 81 'RAM' <Latency = 1> <II = 1> <Delay = 2.77> <Storage> <Opcode : 'load' 'store'> <Ports = 2> <Width = 24> <Depth = 4096> <RAM>
ST_3 : Operation 47 [1/2] ( I:2.77ns O:2.77ns )   --->   "%LineBufVal = load i12 %lineBuf_addr" [prj/sol/.autopilot/db/v_mix.cpp:162->prj/sol/.autopilot/db/v_mix.cpp:748->prj/sol/.autopilot/db/v_mix.cpp:748]   --->   Operation 47 'load' 'LineBufVal' <Predicate = (!icmp_ln140 & or_ln145)> <Delay = 2.77> <CoreInst = "RAM">   --->   Core 81 'RAM' <Latency = 1> <II = 1> <Delay = 2.77> <Storage> <Opcode : 'load' 'store'> <Ports = 2> <Width = 24> <Depth = 4096> <RAM>
ST_3 : Operation 48 [1/1] (0.00ns)   --->   "%tmp_2_i_i = partselect i8 @_ssdm_op_PartSelect.i8.i24.i32, i24 %LineBufVal, i32 8" [prj/sol/.autopilot/db/v_mix.cpp:168->prj/sol/.autopilot/db/v_mix.cpp:748->prj/sol/.autopilot/db/v_mix.cpp:748]   --->   Operation 48 'partselect' 'tmp_2_i_i' <Predicate = (!icmp_ln140 & or_ln145)> <Delay = 0.00>
ST_3 : Operation 49 [1/1] (0.00ns)   --->   "%tmp_3_i_i = partselect i8 @_ssdm_op_PartSelect.i8.i24.i32, i24 %LineBufVal, i32 16" [prj/sol/.autopilot/db/v_mix.cpp:168->prj/sol/.autopilot/db/v_mix.cpp:748->prj/sol/.autopilot/db/v_mix.cpp:748]   --->   Operation 49 'partselect' 'tmp_3_i_i' <Predicate = (!icmp_ln140 & or_ln145)> <Delay = 0.00>
ST_3 : Operation 50 [1/1] (0.00ns)   --->   "%p_0_0_024_262_i_i = phi i8 %trunc_ln148_3_i, void %VITIS_LOOP_149_3.i.i, i8 %tmp_3_i_i, void %if.else.i.i" [prj/sol/.autopilot/db/v_mix.cpp:148->prj/sol/.autopilot/db/v_mix.cpp:748->prj/sol/.autopilot/db/v_mix.cpp:748]   --->   Operation 50 'phi' 'p_0_0_024_262_i_i' <Predicate = (!icmp_ln140)> <Delay = 0.00>
ST_3 : Operation 51 [1/1] (0.00ns)   --->   "%p_0_0_024_161_i_i = phi i8 %trunc_ln148_2_i, void %VITIS_LOOP_149_3.i.i, i8 %tmp_2_i_i, void %if.else.i.i" [prj/sol/.autopilot/db/v_mix.cpp:148->prj/sol/.autopilot/db/v_mix.cpp:748->prj/sol/.autopilot/db/v_mix.cpp:748]   --->   Operation 51 'phi' 'p_0_0_024_161_i_i' <Predicate = (!icmp_ln140)> <Delay = 0.00>
ST_3 : Operation 52 [1/1] (0.00ns)   --->   "%phi_ln168 = phi i24 %InPix, void %VITIS_LOOP_149_3.i.i, i24 %LineBufVal, void %if.else.i.i"   --->   Operation 52 'phi' 'phi_ln168' <Predicate = (!icmp_ln140)> <Delay = 0.00>
ST_3 : Operation 53 [1/1] (0.00ns)   --->   "%trunc_ln162 = trunc i24 %phi_ln168" [prj/sol/.autopilot/db/v_mix.cpp:162->prj/sol/.autopilot/db/v_mix.cpp:748->prj/sol/.autopilot/db/v_mix.cpp:748]   --->   Operation 53 'trunc' 'trunc_ln162' <Predicate = (!icmp_ln140)> <Delay = 0.00>
ST_3 : Operation 54 [2/2] (0.00ns)   --->   "%ref_tmp95_assign_4_i_i = call i8 @reg<ap_uint<8> >, i8 %trunc_ln162" [prj/sol/.autopilot/db/v_mix.cpp:178->prj/sol/.autopilot/db/v_mix.cpp:748->prj/sol/.autopilot/db/v_mix.cpp:748]   --->   Operation 54 'call' 'ref_tmp95_assign_4_i_i' <Predicate = (!icmp_ln140)> <Delay = 0.00> <CoreType = "Generic">   --->   Generic Core
ST_3 : Operation 55 [2/2] (0.00ns)   --->   "%ref_tmp95_assign_3_i_i = call i8 @reg<ap_uint<8> >, i8 %p_0_0_024_161_i_i" [prj/sol/.autopilot/db/v_mix.cpp:178->prj/sol/.autopilot/db/v_mix.cpp:748->prj/sol/.autopilot/db/v_mix.cpp:748]   --->   Operation 55 'call' 'ref_tmp95_assign_3_i_i' <Predicate = (!icmp_ln140)> <Delay = 0.00> <CoreType = "Generic">   --->   Generic Core
ST_3 : Operation 56 [2/2] (0.00ns)   --->   "%ref_tmp95_assign_2_i_i = call i8 @reg<ap_uint<8> >, i8 %p_0_0_024_262_i_i" [prj/sol/.autopilot/db/v_mix.cpp:178->prj/sol/.autopilot/db/v_mix.cpp:748->prj/sol/.autopilot/db/v_mix.cpp:748]   --->   Operation 56 'call' 'ref_tmp95_assign_2_i_i' <Predicate = (!icmp_ln140)> <Delay = 0.00> <CoreType = "Generic">   --->   Generic Core
ST_3 : Operation 63 [1/1] (1.29ns)   --->   "%ret_ln0 = ret"   --->   Operation 63 'ret' 'ret_ln0' <Predicate = (icmp_ln140)> <Delay = 1.29>

State 4 <SV = 3> <Delay = 2.43>
ST_4 : Operation 57 [1/2] (0.00ns)   --->   "%ref_tmp95_assign_4_i_i = call i8 @reg<ap_uint<8> >, i8 %trunc_ln162" [prj/sol/.autopilot/db/v_mix.cpp:178->prj/sol/.autopilot/db/v_mix.cpp:748->prj/sol/.autopilot/db/v_mix.cpp:748]   --->   Operation 57 'call' 'ref_tmp95_assign_4_i_i' <Predicate = (!icmp_ln140)> <Delay = 0.00> <CoreType = "Generic">   --->   Generic Core
ST_4 : Operation 58 [1/2] (0.00ns)   --->   "%ref_tmp95_assign_3_i_i = call i8 @reg<ap_uint<8> >, i8 %p_0_0_024_161_i_i" [prj/sol/.autopilot/db/v_mix.cpp:178->prj/sol/.autopilot/db/v_mix.cpp:748->prj/sol/.autopilot/db/v_mix.cpp:748]   --->   Operation 58 'call' 'ref_tmp95_assign_3_i_i' <Predicate = (!icmp_ln140)> <Delay = 0.00> <CoreType = "Generic">   --->   Generic Core
ST_4 : Operation 59 [1/2] (0.00ns)   --->   "%ref_tmp95_assign_2_i_i = call i8 @reg<ap_uint<8> >, i8 %p_0_0_024_262_i_i" [prj/sol/.autopilot/db/v_mix.cpp:178->prj/sol/.autopilot/db/v_mix.cpp:748->prj/sol/.autopilot/db/v_mix.cpp:748]   --->   Operation 59 'call' 'ref_tmp95_assign_2_i_i' <Predicate = (!icmp_ln140)> <Delay = 0.00> <CoreType = "Generic">   --->   Generic Core
ST_4 : Operation 60 [1/1] (0.00ns)   --->   "%or_ln183_3_i_i = bitconcatenate i24 @_ssdm_op_BitConcatenate.i24.i8.i8.i8, i8 %ref_tmp95_assign_2_i_i, i8 %ref_tmp95_assign_3_i_i, i8 %ref_tmp95_assign_4_i_i" [prj/sol/.autopilot/db/v_mix.cpp:183->prj/sol/.autopilot/db/v_mix.cpp:748->prj/sol/.autopilot/db/v_mix.cpp:748]   --->   Operation 60 'bitconcatenate' 'or_ln183_3_i_i' <Predicate = (!icmp_ln140)> <Delay = 0.00>
ST_4 : Operation 61 [1/1] ( I:2.43ns O:2.43ns )   --->   "%write_ln183 = write void @_ssdm_op_Write.ap_fifo.volatile.i24P0A, i24 %srcLayer1x, i24 %or_ln183_3_i_i" [prj/sol/.autopilot/db/v_mix.cpp:183->prj/sol/.autopilot/db/v_mix.cpp:748->prj/sol/.autopilot/db/v_mix.cpp:748]   --->   Operation 61 'write' 'write_ln183' <Predicate = (!icmp_ln140)> <Delay = 2.43> <CoreInst = "FIFO_SRL">   --->   Core 80 'FIFO_SRL' <Latency = 0> <II = 1> <Delay = 3.40> <Storage> <Opcode : 'read' 'write' 'nbread' 'nbwrite'> <Ports = 0> <Width = 24> <Depth = 2> <FIFO>
ST_4 : Operation 62 [1/1] (0.00ns)   --->   "%br_ln140 = br void %for.body26.i.i" [prj/sol/.autopilot/db/v_mix.cpp:140->prj/sol/.autopilot/db/v_mix.cpp:748->prj/sol/.autopilot/db/v_mix.cpp:748]   --->   Operation 62 'br' 'br_ln140' <Predicate = (!icmp_ln140)> <Delay = 0.00>


============================================================
+ Verbose Summary: Binding
============================================================
STG Binding: 
---------------- STG Properties BEGIN ----------------
- Is combinational: 0
- Is one-state seq: 0
- Is datapath-only: 0
- Is pipelined: 0
- Is top level: 0
Port [ Return ] is wired: 1; IO mode=ap_ctrl_hs:ce=0
Port [ shl_ln140_i]:  wired=1; compound=0; hidden=0; nouse=0; global=0; static=0; extern=0; dir=0; type=0; pingpong=0; private_global=0; IO mode=ap_stable:ce=0
Port [ srcLayer1x]:  wired=1; compound=1; hidden=0; nouse=0; global=0; static=0; extern=0; dir=1; type=3; pingpong=0; private_global=0; IO mode=ap_fifo:ce=0
Port [ srcLayer1Rgb]:  wired=1; compound=1; hidden=0; nouse=0; global=0; static=0; extern=0; dir=0; type=3; pingpong=0; private_global=0; IO mode=ap_fifo:ce=0
Port [ zext_ln126_i]:  wired=1; compound=0; hidden=0; nouse=0; global=0; static=0; extern=0; dir=0; type=0; pingpong=0; private_global=0; IO mode=ap_stable:ce=0
Port [ add_ln138_i]:  wired=1; compound=0; hidden=0; nouse=0; global=0; static=0; extern=0; dir=0; type=0; pingpong=0; private_global=0; IO mode=ap_stable:ce=0
Port [ bReadLine_i]:  wired=1; compound=0; hidden=0; nouse=0; global=0; static=0; extern=0; dir=0; type=0; pingpong=0; private_global=0; IO mode=ap_none:ce=0
---------------- STG Properties END ------------------

---------------- Datapath Model BEGIN ----------------

<LifeTime>
<method=bitvector/>
x                      (alloca           ) [ 01000]
specstablecontent_ln0  (specstablecontent) [ 00000]
bReadLine_i_read       (read             ) [ 00000]
add_ln138_i_read       (read             ) [ 00000]
zext_ln126_i_read      (read             ) [ 00000]
shl_ln140_i_read       (read             ) [ 00000]
zext_ln126_i_cast      (zext             ) [ 00000]
specinterface_ln0      (specinterface    ) [ 00000]
specinterface_ln0      (specinterface    ) [ 00000]
lineBuf                (alloca           ) [ 01110]
store_ln122            (store            ) [ 00000]
br_ln140               (br               ) [ 00000]
phi_ln145              (phi              ) [ 01000]
x_7                    (load             ) [ 00000]
speclooptripcount_ln0  (speclooptripcount) [ 00000]
icmp_ln140             (icmp             ) [ 01111]
x_8                    (add              ) [ 00000]
br_ln140               (br               ) [ 00000]
trunc_ln140            (trunc            ) [ 00000]
specpipeline_ln143     (specpipeline     ) [ 00000]
specloopname_ln140     (specloopname     ) [ 00000]
add_ln144              (add              ) [ 00000]
and_ln144              (and              ) [ 00000]
or_ln145               (or               ) [ 01111]
br_ln145               (br               ) [ 00000]
lshr_ln158             (lshr             ) [ 01110]
br_ln159               (br               ) [ 01110]
lshr_ln162             (lshr             ) [ 01100]
br_ln0                 (br               ) [ 01110]
icmp_ln140_1           (icmp             ) [ 01111]
store_ln122            (store            ) [ 00000]
InPix                  (read             ) [ 01010]
trunc_ln148_2_i        (partselect       ) [ 01010]
trunc_ln148_3_i        (partselect       ) [ 01010]
zext_ln649             (zext             ) [ 00000]
lineBuf_addr           (getelementptr    ) [ 01010]
zext_ln655             (zext             ) [ 00000]
lineBuf_addr_2         (getelementptr    ) [ 00000]
store_ln812            (store            ) [ 00000]
LineBufVal             (load             ) [ 00000]
tmp_2_i_i              (partselect       ) [ 00000]
tmp_3_i_i              (partselect       ) [ 00000]
p_0_0_024_262_i_i      (phi              ) [ 01010]
p_0_0_024_161_i_i      (phi              ) [ 01010]
phi_ln168              (phi              ) [ 01010]
trunc_ln162            (trunc            ) [ 00000]
ref_tmp95_assign_4_i_i (call             ) [ 00000]
ref_tmp95_assign_3_i_i (call             ) [ 00000]
ref_tmp95_assign_2_i_i (call             ) [ 00000]
or_ln183_3_i_i         (bitconcatenate   ) [ 00000]
write_ln183            (write            ) [ 00000]
br_ln140               (br               ) [ 01001]
ret_ln0                (ret              ) [ 00000]
</LifeTime>

<model>

<comp_list>
<comp id="0" class="1000" name="shl_ln140_i">
<pin_list>
<pin id="1" dir="1" index="0" bw="1" slack="0"/>
</pin_list>
<bind>
<StgValue><ssdm name="shl_ln140_i"/></StgValue>
</bind>
</comp>

<comp id="2" class="1000" name="srcLayer1x">
<pin_list>
<pin id="3" dir="1" index="0" bw="1" slack="0"/>
</pin_list>
<bind>
<StgValue><ssdm name="srcLayer1x"/></StgValue>
</bind>
</comp>

<comp id="4" class="1000" name="srcLayer1Rgb">
<pin_list>
<pin id="5" dir="1" index="0" bw="1" slack="0"/>
</pin_list>
<bind>
<StgValue><ssdm name="srcLayer1Rgb"/></StgValue>
</bind>
</comp>

<comp id="6" class="1000" name="zext_ln126_i">
<pin_list>
<pin id="7" dir="1" index="0" bw="1" slack="0"/>
</pin_list>
<bind>
<StgValue><ssdm name="zext_ln126_i"/></StgValue>
</bind>
</comp>

<comp id="8" class="1000" name="add_ln138_i">
<pin_list>
<pin id="9" dir="1" index="0" bw="1" slack="0"/>
</pin_list>
<bind>
<StgValue><ssdm name="add_ln138_i"/></StgValue>
</bind>
</comp>

<comp id="10" class="1000" name="bReadLine_i">
<pin_list>
<pin id="11" dir="1" index="0" bw="1" slack="0"/>
</pin_list>
<bind>
<StgValue><ssdm name="bReadLine_i"/></StgValue>
</bind>
</comp>

<comp id="12" class="1001" name="const_12">
<pin_list>
<pin id="13" dir="1" index="0" bw="1" slack="0"/>
</pin_list>
<bind>
<StgValue><ssdm name=""/></StgValue>
</bind>
</comp>

<comp id="14" class="1001" name="const_14">
<pin_list>
<pin id="15" dir="1" index="0" bw="1" slack="2147483647"/>
</pin_list>
<bind>
<StgValue><ssdm name="_ssdm_op_SpecStableContent"/></StgValue>
</bind>
</comp>

<comp id="16" class="1001" name="const_16">
<pin_list>
<pin id="17" dir="1" index="0" bw="1" slack="2147483647"/>
</pin_list>
<bind>
<StgValue><ssdm name=""/></StgValue>
</bind>
</comp>

<comp id="18" class="1001" name="const_18">
<pin_list>
<pin id="19" dir="1" index="0" bw="1" slack="2147483647"/>
</pin_list>
<bind>
<StgValue><ssdm name="p_str"/></StgValue>
</bind>
</comp>

<comp id="20" class="1001" name="const_20">
<pin_list>
<pin id="21" dir="1" index="0" bw="1" slack="0"/>
</pin_list>
<bind>
<StgValue><ssdm name="_ssdm_op_Read.ap_auto.i1"/></StgValue>
</bind>
</comp>

<comp id="22" class="1001" name="const_22">
<pin_list>
<pin id="23" dir="1" index="0" bw="1" slack="0"/>
</pin_list>
<bind>
<StgValue><ssdm name="_ssdm_op_Read.ap_auto.i2"/></StgValue>
</bind>
</comp>

<comp id="24" class="1001" name="const_24">
<pin_list>
<pin id="25" dir="1" index="0" bw="1" slack="0"/>
</pin_list>
<bind>
<StgValue><ssdm name="_ssdm_op_Read.ap_auto.i13"/></StgValue>
</bind>
</comp>

<comp id="26" class="1001" name="const_26">
<pin_list>
<pin id="27" dir="1" index="0" bw="1" slack="2147483647"/>
</pin_list>
<bind>
<StgValue><ssdm name="_ssdm_op_SpecInterface"/></StgValue>
</bind>
</comp>

<comp id="28" class="1001" name="const_28">
<pin_list>
<pin id="29" dir="1" index="0" bw="1" slack="2147483647"/>
</pin_list>
<bind>
<StgValue><ssdm name="empty_32"/></StgValue>
</bind>
</comp>

<comp id="30" class="1001" name="const_30">
<pin_list>
<pin id="31" dir="1" index="0" bw="1" slack="0"/>
</pin_list>
<bind>
<StgValue><ssdm name=""/></StgValue>
</bind>
</comp>

<comp id="32" class="1001" name="const_32">
<pin_list>
<pin id="33" dir="1" index="0" bw="1" slack="2147483647"/>
</pin_list>
<bind>
<StgValue><ssdm name="empty_47"/></StgValue>
</bind>
</comp>

<comp id="34" class="1001" name="const_34">
<pin_list>
<pin id="35" dir="1" index="0" bw="1" slack="2147483647"/>
</pin_list>
<bind>
<StgValue><ssdm name=""/></StgValue>
</bind>
</comp>

<comp id="36" class="1001" name="const_36">
<pin_list>
<pin id="37" dir="1" index="0" bw="1" slack="0"/>
</pin_list>
<bind>
<StgValue><ssdm name=""/></StgValue>
</bind>
</comp>

<comp id="38" class="1001" name="const_38">
<pin_list>
<pin id="39" dir="1" index="0" bw="1" slack="0"/>
</pin_list>
<bind>
<StgValue><ssdm name=""/></StgValue>
</bind>
</comp>

<comp id="40" class="1001" name="const_40">
<pin_list>
<pin id="41" dir="1" index="0" bw="1" slack="2147483647"/>
</pin_list>
<bind>
<StgValue><ssdm name="_ssdm_op_SpecLoopTripCount"/></StgValue>
</bind>
</comp>

<comp id="42" class="1001" name="const_42">
<pin_list>
<pin id="43" dir="1" index="0" bw="1" slack="2147483647"/>
</pin_list>
<bind>
<StgValue><ssdm name=""/></StgValue>
</bind>
</comp>

<comp id="44" class="1001" name="const_44">
<pin_list>
<pin id="45" dir="1" index="0" bw="1" slack="2147483647"/>
</pin_list>
<bind>
<StgValue><ssdm name=""/></StgValue>
</bind>
</comp>

<comp id="46" class="1001" name="const_46">
<pin_list>
<pin id="47" dir="1" index="0" bw="1" slack="0"/>
</pin_list>
<bind>
<StgValue><ssdm name=""/></StgValue>
</bind>
</comp>

<comp id="48" class="1001" name="const_48">
<pin_list>
<pin id="49" dir="1" index="0" bw="1" slack="2147483647"/>
</pin_list>
<bind>
<StgValue><ssdm name="_ssdm_op_SpecPipeline"/></StgValue>
</bind>
</comp>

<comp id="50" class="1001" name="const_50">
<pin_list>
<pin id="51" dir="1" index="0" bw="1" slack="2147483647"/>
</pin_list>
<bind>
<StgValue><ssdm name="_ssdm_op_SpecLoopName"/></StgValue>
</bind>
</comp>

<comp id="52" class="1001" name="const_52">
<pin_list>
<pin id="53" dir="1" index="0" bw="1" slack="2147483647"/>
</pin_list>
<bind>
<StgValue><ssdm name="empty_0"/></StgValue>
</bind>
</comp>

<comp id="54" class="1001" name="const_54">
<pin_list>
<pin id="55" dir="1" index="0" bw="1" slack="0"/>
</pin_list>
<bind>
<StgValue><ssdm name=""/></StgValue>
</bind>
</comp>

<comp id="56" class="1001" name="const_56">
<pin_list>
<pin id="57" dir="1" index="0" bw="1" slack="0"/>
</pin_list>
<bind>
<StgValue><ssdm name=""/></StgValue>
</bind>
</comp>

<comp id="58" class="1001" name="const_58">
<pin_list>
<pin id="59" dir="1" index="0" bw="1" slack="0"/>
</pin_list>
<bind>
<StgValue><ssdm name="_ssdm_op_Read.ap_fifo.volatile.i24P0A"/></StgValue>
</bind>
</comp>

<comp id="60" class="1001" name="const_60">
<pin_list>
<pin id="61" dir="1" index="0" bw="1" slack="0"/>
</pin_list>
<bind>
<StgValue><ssdm name="_ssdm_op_PartSelect.i8.i24.i32.i32"/></StgValue>
</bind>
</comp>

<comp id="62" class="1001" name="const_62">
<pin_list>
<pin id="63" dir="1" index="0" bw="1" slack="0"/>
</pin_list>
<bind>
<StgValue><ssdm name=""/></StgValue>
</bind>
</comp>

<comp id="64" class="1001" name="const_64">
<pin_list>
<pin id="65" dir="1" index="0" bw="1" slack="0"/>
</pin_list>
<bind>
<StgValue><ssdm name=""/></StgValue>
</bind>
</comp>

<comp id="66" class="1001" name="const_66">
<pin_list>
<pin id="67" dir="1" index="0" bw="1" slack="0"/>
</pin_list>
<bind>
<StgValue><ssdm name=""/></StgValue>
</bind>
</comp>

<comp id="68" class="1001" name="const_68">
<pin_list>
<pin id="69" dir="1" index="0" bw="1" slack="0"/>
</pin_list>
<bind>
<StgValue><ssdm name=""/></StgValue>
</bind>
</comp>

<comp id="70" class="1001" name="const_70">
<pin_list>
<pin id="71" dir="1" index="0" bw="1" slack="0"/>
</pin_list>
<bind>
<StgValue><ssdm name="_ssdm_op_PartSelect.i8.i24.i32"/></StgValue>
</bind>
</comp>

<comp id="72" class="1001" name="const_72">
<pin_list>
<pin id="73" dir="1" index="0" bw="1" slack="0"/>
</pin_list>
<bind>
<StgValue><ssdm name="reg<ap_uint<8> >"/></StgValue>
</bind>
</comp>

<comp id="74" class="1001" name="const_74">
<pin_list>
<pin id="75" dir="1" index="0" bw="1" slack="0"/>
</pin_list>
<bind>
<StgValue><ssdm name="_ssdm_op_BitConcatenate.i24.i8.i8.i8"/></StgValue>
</bind>
</comp>

<comp id="76" class="1001" name="const_76">
<pin_list>
<pin id="77" dir="1" index="0" bw="1" slack="0"/>
</pin_list>
<bind>
<StgValue><ssdm name="_ssdm_op_Write.ap_fifo.volatile.i24P0A"/></StgValue>
</bind>
</comp>

<comp id="78" class="1004" name="x_fu_78">
<pin_list>
<pin id="79" dir="0" index="0" bw="1" slack="0"/>
<pin id="80" dir="1" index="1" bw="13" slack="0"/>
</pin_list>
<bind>
<opcode="alloca(26) " fcode="alloca"/>
<opset="x/1 "/>
</bind>
</comp>

<comp id="82" class="1004" name="lineBuf_alloca_fu_82">
<pin_list>
<pin id="83" dir="0" index="0" bw="1" slack="0"/>
<pin id="84" dir="1" index="1" bw="24" slack="2147483647"/>
</pin_list>
<bind>
<opcode="alloca(26) " fcode="alloca"/>
<opset="lineBuf/1 "/>
</bind>
</comp>

<comp id="86" class="1004" name="bReadLine_i_read_read_fu_86">
<pin_list>
<pin id="87" dir="0" index="0" bw="1" slack="0"/>
<pin id="88" dir="0" index="1" bw="1" slack="0"/>
<pin id="89" dir="1" index="2" bw="1" slack="0"/>
</pin_list>
<bind>
<opcode="read(1150) " fcode="read"/>
<opset="bReadLine_i_read/1 "/>
</bind>
</comp>

<comp id="92" class="1004" name="add_ln138_i_read_read_fu_92">
<pin_list>
<pin id="93" dir="0" index="0" bw="2" slack="0"/>
<pin id="94" dir="0" index="1" bw="2" slack="0"/>
<pin id="95" dir="1" index="2" bw="2" slack="0"/>
</pin_list>
<bind>
<opcode="read(1150) " fcode="read"/>
<opset="add_ln138_i_read/1 "/>
</bind>
</comp>

<comp id="98" class="1004" name="zext_ln126_i_read_read_fu_98">
<pin_list>
<pin id="99" dir="0" index="0" bw="2" slack="0"/>
<pin id="100" dir="0" index="1" bw="2" slack="0"/>
<pin id="101" dir="1" index="2" bw="2" slack="0"/>
</pin_list>
<bind>
<opcode="read(1150) " fcode="read"/>
<opset="zext_ln126_i_read/1 "/>
</bind>
</comp>

<comp id="104" class="1004" name="shl_ln140_i_read_read_fu_104">
<pin_list>
<pin id="105" dir="0" index="0" bw="13" slack="0"/>
<pin id="106" dir="0" index="1" bw="13" slack="0"/>
<pin id="107" dir="1" index="2" bw="13" slack="0"/>
</pin_list>
<bind>
<opcode="read(1150) " fcode="read"/>
<opset="shl_ln140_i_read/1 "/>
</bind>
</comp>

<comp id="110" class="1004" name="InPix_read_fu_110">
<pin_list>
<pin id="111" dir="0" index="0" bw="24" slack="0"/>
<pin id="112" dir="0" index="1" bw="24" slack="0"/>
<pin id="113" dir="1" index="2" bw="24" slack="0"/>
</pin_list>
<bind>
<opcode="read(1150) " fcode="read"/>
<opset="InPix/2 "/>
</bind>
</comp>

<comp id="116" class="1004" name="write_ln183_write_fu_116">
<pin_list>
<pin id="117" dir="0" index="0" bw="0" slack="0"/>
<pin id="118" dir="0" index="1" bw="24" slack="0"/>
<pin id="119" dir="0" index="2" bw="24" slack="0"/>
<pin id="120" dir="1" index="3" bw="0" slack="2147483647"/>
</pin_list>
<bind>
<opcode="write(1151) " fcode="write"/>
<opset="write_ln183/4 "/>
</bind>
</comp>

<comp id="123" class="1004" name="lineBuf_addr_gep_fu_123">
<pin_list>
<pin id="124" dir="0" index="0" bw="24" slack="2147483647"/>
<pin id="125" dir="0" index="1" bw="1" slack="0"/>
<pin id="126" dir="0" index="2" bw="13" slack="0"/>
<pin id="127" dir="1" index="3" bw="12" slack="0"/>
</pin_list>
<bind>
<opcode="getelementptr(29) " fcode="getelementptr"/>
<opset="lineBuf_addr/2 "/>
</bind>
</comp>

<comp id="129" class="1004" name="grp_access_fu_129">
<pin_list>
<pin id="130" dir="0" index="0" bw="12" slack="0"/>
<pin id="131" dir="0" index="1" bw="24" slack="1"/>
<pin id="132" dir="0" index="2" bw="0" slack="0"/>
<pin id="134" dir="0" index="4" bw="12" slack="2147483647"/>
<pin id="135" dir="0" index="5" bw="24" slack="2147483647"/>
<pin id="136" dir="0" index="6" bw="0" slack="2147483647"/>
<pin id="133" dir="1" index="3" bw="24" slack="2147483647"/>
<pin id="137" dir="1" index="7" bw="24" slack="0"/>
</pin_list>
<bind>
<opcode="load(27) store(28) " fcode="store"/>
<opset="LineBufVal/2 store_ln812/3 "/>
</bind>
</comp>

<comp id="139" class="1004" name="lineBuf_addr_2_gep_fu_139">
<pin_list>
<pin id="140" dir="0" index="0" bw="24" slack="2147483647"/>
<pin id="141" dir="0" index="1" bw="1" slack="0"/>
<pin id="142" dir="0" index="2" bw="13" slack="0"/>
<pin id="143" dir="1" index="3" bw="12" slack="0"/>
</pin_list>
<bind>
<opcode="getelementptr(29) " fcode="getelementptr"/>
<opset="lineBuf_addr_2/3 "/>
</bind>
</comp>

<comp id="146" class="1005" name="phi_ln145_reg_146">
<pin_list>
<pin id="147" dir="0" index="0" bw="1" slack="2147483647"/>
<pin id="148" dir="1" index="1" bw="1" slack="2147483647"/>
</pin_list>
<bind>
<opset="phi_ln145 (phireg) "/>
</bind>
</comp>

<comp id="149" class="1004" name="phi_ln145_phi_fu_149">
<pin_list>
<pin id="150" dir="0" index="0" bw="1" slack="0"/>
<pin id="151" dir="0" index="1" bw="0" slack="2147483647"/>
<pin id="152" dir="0" index="2" bw="1" slack="0"/>
<pin id="153" dir="0" index="3" bw="0" slack="2147483647"/>
<pin id="154" dir="1" index="4" bw="1" slack="0"/>
</pin_list>
<bind>
<opcode="phi(47) " fcode="phi"/>
<opset="phi_ln145/1 "/>
</bind>
</comp>

<comp id="156" class="1005" name="p_0_0_024_262_i_i_reg_156">
<pin_list>
<pin id="157" dir="0" index="0" bw="8" slack="1"/>
<pin id="158" dir="1" index="1" bw="8" slack="2147483647"/>
</pin_list>
<bind>
<opset="p_0_0_024_262_i_i (phireg) "/>
</bind>
</comp>

<comp id="159" class="1004" name="p_0_0_024_262_i_i_phi_fu_159">
<pin_list>
<pin id="160" dir="0" index="0" bw="8" slack="1"/>
<pin id="161" dir="0" index="1" bw="0" slack="2147483647"/>
<pin id="162" dir="0" index="2" bw="8" slack="0"/>
<pin id="163" dir="0" index="3" bw="0" slack="2147483647"/>
<pin id="164" dir="1" index="4" bw="8" slack="0"/>
</pin_list>
<bind>
<opcode="phi(47) " fcode="phi"/>
<opset="p_0_0_024_262_i_i/3 "/>
</bind>
</comp>

<comp id="166" class="1005" name="p_0_0_024_161_i_i_reg_166">
<pin_list>
<pin id="167" dir="0" index="0" bw="8" slack="1"/>
<pin id="168" dir="1" index="1" bw="8" slack="2147483647"/>
</pin_list>
<bind>
<opset="p_0_0_024_161_i_i (phireg) "/>
</bind>
</comp>

<comp id="169" class="1004" name="p_0_0_024_161_i_i_phi_fu_169">
<pin_list>
<pin id="170" dir="0" index="0" bw="8" slack="1"/>
<pin id="171" dir="0" index="1" bw="0" slack="2147483647"/>
<pin id="172" dir="0" index="2" bw="8" slack="0"/>
<pin id="173" dir="0" index="3" bw="0" slack="2147483647"/>
<pin id="174" dir="1" index="4" bw="8" slack="0"/>
</pin_list>
<bind>
<opcode="phi(47) " fcode="phi"/>
<opset="p_0_0_024_161_i_i/3 "/>
</bind>
</comp>

<comp id="176" class="1005" name="phi_ln168_reg_176">
<pin_list>
<pin id="177" dir="0" index="0" bw="24" slack="2147483647"/>
<pin id="178" dir="1" index="1" bw="24" slack="2147483647"/>
</pin_list>
<bind>
<opset="phi_ln168 (phireg) "/>
</bind>
</comp>

<comp id="179" class="1004" name="phi_ln168_phi_fu_179">
<pin_list>
<pin id="180" dir="0" index="0" bw="24" slack="1"/>
<pin id="181" dir="0" index="1" bw="0" slack="2147483647"/>
<pin id="182" dir="0" index="2" bw="24" slack="0"/>
<pin id="183" dir="0" index="3" bw="0" slack="2147483647"/>
<pin id="184" dir="1" index="4" bw="24" slack="0"/>
</pin_list>
<bind>
<opcode="phi(47) " fcode="phi"/>
<opset="phi_ln168/3 "/>
</bind>
</comp>

<comp id="186" class="1004" name="grp_fu_186">
<pin_list>
<pin id="187" dir="0" index="0" bw="13" slack="0"/>
<pin id="188" dir="0" index="1" bw="2" slack="0"/>
<pin id="189" dir="1" index="2" bw="13" slack="1"/>
</pin_list>
<bind>
<opcode="lshr(21) " fcode="lshr"/>
<opset="lshr_ln158/1 lshr_ln162/1 "/>
</bind>
</comp>

<comp id="190" class="1005" name="reg_190">
<pin_list>
<pin id="191" dir="0" index="0" bw="13" slack="1"/>
<pin id="192" dir="1" index="1" bw="13" slack="1"/>
</pin_list>
<bind>
<opset="lshr_ln158 lshr_ln162 "/>
</bind>
</comp>

<comp id="194" class="1004" name="zext_ln126_i_cast_fu_194">
<pin_list>
<pin id="195" dir="0" index="0" bw="2" slack="0"/>
<pin id="196" dir="1" index="1" bw="13" slack="0"/>
</pin_list>
<bind>
<opcode="zext(34) " fcode="zext"/>
<opset="zext_ln126_i_cast/1 "/>
</bind>
</comp>

<comp id="199" class="1004" name="store_ln122_store_fu_199">
<pin_list>
<pin id="200" dir="0" index="0" bw="1" slack="0"/>
<pin id="201" dir="0" index="1" bw="13" slack="0"/>
<pin id="202" dir="1" index="2" bw="0" slack="2147483647"/>
</pin_list>
<bind>
<opcode="store(28) " fcode="store"/>
<opset="store_ln122/1 "/>
</bind>
</comp>

<comp id="204" class="1004" name="x_7_load_fu_204">
<pin_list>
<pin id="205" dir="0" index="0" bw="13" slack="0"/>
<pin id="206" dir="1" index="1" bw="13" slack="0"/>
</pin_list>
<bind>
<opcode="load(27) " fcode="load"/>
<opset="x_7/1 "/>
</bind>
</comp>

<comp id="208" class="1004" name="icmp_ln140_fu_208">
<pin_list>
<pin id="209" dir="0" index="0" bw="13" slack="0"/>
<pin id="210" dir="0" index="1" bw="13" slack="0"/>
<pin id="211" dir="1" index="2" bw="1" slack="1"/>
</pin_list>
<bind>
<opcode="icmp(45) " fcode="icmp"/>
<opset="icmp_ln140/1 "/>
</bind>
</comp>

<comp id="214" class="1004" name="x_8_fu_214">
<pin_list>
<pin id="215" dir="0" index="0" bw="13" slack="0"/>
<pin id="216" dir="0" index="1" bw="1" slack="0"/>
<pin id="217" dir="1" index="2" bw="13" slack="0"/>
</pin_list>
<bind>
<opcode="add(8) " fcode="add"/>
<opset="x_8/1 "/>
</bind>
</comp>

<comp id="220" class="1004" name="trunc_ln140_fu_220">
<pin_list>
<pin id="221" dir="0" index="0" bw="13" slack="0"/>
<pin id="222" dir="1" index="1" bw="2" slack="0"/>
</pin_list>
<bind>
<opcode="trunc(33) " fcode="trunc"/>
<opset="trunc_ln140/1 "/>
</bind>
</comp>

<comp id="224" class="1004" name="add_ln144_fu_224">
<pin_list>
<pin id="225" dir="0" index="0" bw="2" slack="0"/>
<pin id="226" dir="0" index="1" bw="1" slack="0"/>
<pin id="227" dir="1" index="2" bw="2" slack="0"/>
</pin_list>
<bind>
<opcode="add(8) " fcode="add"/>
<opset="add_ln144/1 "/>
</bind>
</comp>

<comp id="230" class="1004" name="and_ln144_fu_230">
<pin_list>
<pin id="231" dir="0" index="0" bw="2" slack="0"/>
<pin id="232" dir="0" index="1" bw="2" slack="0"/>
<pin id="233" dir="1" index="2" bw="2" slack="0"/>
</pin_list>
<bind>
<opcode="and(23) " fcode="and"/>
<opset="and_ln144/1 "/>
</bind>
</comp>

<comp id="236" class="1004" name="or_ln145_fu_236">
<pin_list>
<pin id="237" dir="0" index="0" bw="1" slack="0"/>
<pin id="238" dir="0" index="1" bw="1" slack="0"/>
<pin id="239" dir="1" index="2" bw="1" slack="1"/>
</pin_list>
<bind>
<opcode="or(24) " fcode="or"/>
<opset="or_ln145/1 "/>
</bind>
</comp>

<comp id="242" class="1004" name="icmp_ln140_1_fu_242">
<pin_list>
<pin id="243" dir="0" index="0" bw="2" slack="0"/>
<pin id="244" dir="0" index="1" bw="1" slack="0"/>
<pin id="245" dir="1" index="2" bw="1" slack="0"/>
</pin_list>
<bind>
<opcode="icmp(45) " fcode="icmp"/>
<opset="icmp_ln140_1/1 "/>
</bind>
</comp>

<comp id="248" class="1004" name="store_ln122_store_fu_248">
<pin_list>
<pin id="249" dir="0" index="0" bw="13" slack="0"/>
<pin id="250" dir="0" index="1" bw="13" slack="0"/>
<pin id="251" dir="1" index="2" bw="0" slack="2147483647"/>
</pin_list>
<bind>
<opcode="store(28) " fcode="store"/>
<opset="store_ln122/1 "/>
</bind>
</comp>

<comp id="253" class="1004" name="trunc_ln148_2_i_fu_253">
<pin_list>
<pin id="254" dir="0" index="0" bw="8" slack="0"/>
<pin id="255" dir="0" index="1" bw="24" slack="0"/>
<pin id="256" dir="0" index="2" bw="5" slack="0"/>
<pin id="257" dir="0" index="3" bw="5" slack="0"/>
<pin id="258" dir="1" index="4" bw="8" slack="1"/>
</pin_list>
<bind>
<opcode="partselect(1002) " fcode="partselect"/>
<opset="trunc_ln148_2_i/2 "/>
</bind>
</comp>

<comp id="263" class="1004" name="trunc_ln148_3_i_fu_263">
<pin_list>
<pin id="264" dir="0" index="0" bw="8" slack="0"/>
<pin id="265" dir="0" index="1" bw="24" slack="0"/>
<pin id="266" dir="0" index="2" bw="6" slack="0"/>
<pin id="267" dir="0" index="3" bw="6" slack="0"/>
<pin id="268" dir="1" index="4" bw="8" slack="1"/>
</pin_list>
<bind>
<opcode="partselect(1002) " fcode="partselect"/>
<opset="trunc_ln148_3_i/2 "/>
</bind>
</comp>

<comp id="273" class="1004" name="zext_ln649_fu_273">
<pin_list>
<pin id="274" dir="0" index="0" bw="13" slack="1"/>
<pin id="275" dir="1" index="1" bw="32" slack="0"/>
</pin_list>
<bind>
<opcode="zext(34) " fcode="zext"/>
<opset="zext_ln649/2 "/>
</bind>
</comp>

<comp id="278" class="1004" name="zext_ln655_fu_278">
<pin_list>
<pin id="279" dir="0" index="0" bw="13" slack="2"/>
<pin id="280" dir="1" index="1" bw="32" slack="0"/>
</pin_list>
<bind>
<opcode="zext(34) " fcode="zext"/>
<opset="zext_ln655/3 "/>
</bind>
</comp>

<comp id="283" class="1004" name="tmp_2_i_i_fu_283">
<pin_list>
<pin id="284" dir="0" index="0" bw="8" slack="0"/>
<pin id="285" dir="0" index="1" bw="24" slack="0"/>
<pin id="286" dir="0" index="2" bw="5" slack="0"/>
<pin id="287" dir="1" index="3" bw="8" slack="0"/>
</pin_list>
<bind>
<opcode="partselect(1002) " fcode="partselect"/>
<opset="tmp_2_i_i/3 "/>
</bind>
</comp>

<comp id="292" class="1004" name="tmp_3_i_i_fu_292">
<pin_list>
<pin id="293" dir="0" index="0" bw="8" slack="0"/>
<pin id="294" dir="0" index="1" bw="24" slack="0"/>
<pin id="295" dir="0" index="2" bw="6" slack="0"/>
<pin id="296" dir="1" index="3" bw="8" slack="0"/>
</pin_list>
<bind>
<opcode="partselect(1002) " fcode="partselect"/>
<opset="tmp_3_i_i/3 "/>
</bind>
</comp>

<comp id="301" class="1004" name="trunc_ln162_fu_301">
<pin_list>
<pin id="302" dir="0" index="0" bw="24" slack="0"/>
<pin id="303" dir="1" index="1" bw="8" slack="0"/>
</pin_list>
<bind>
<opcode="trunc(33) " fcode="trunc"/>
<opset="trunc_ln162/3 "/>
</bind>
</comp>

<comp id="305" class="1004" name="grp_reg_ap_uint_8_s_fu_305">
<pin_list>
<pin id="306" dir="0" index="0" bw="8" slack="0"/>
<pin id="307" dir="0" index="1" bw="8" slack="0"/>
<pin id="308" dir="1" index="2" bw="8" slack="0"/>
</pin_list>
<bind>
<opcode="call(48) " fcode="call"/>
<opset="ref_tmp95_assign_4_i_i/3 "/>
</bind>
</comp>

<comp id="311" class="1004" name="grp_reg_ap_uint_8_s_fu_311">
<pin_list>
<pin id="312" dir="0" index="0" bw="8" slack="0"/>
<pin id="313" dir="0" index="1" bw="8" slack="0"/>
<pin id="314" dir="1" index="2" bw="8" slack="0"/>
</pin_list>
<bind>
<opcode="call(48) " fcode="call"/>
<opset="ref_tmp95_assign_3_i_i/3 "/>
</bind>
</comp>

<comp id="317" class="1004" name="grp_reg_ap_uint_8_s_fu_317">
<pin_list>
<pin id="318" dir="0" index="0" bw="8" slack="0"/>
<pin id="319" dir="0" index="1" bw="8" slack="0"/>
<pin id="320" dir="1" index="2" bw="8" slack="0"/>
</pin_list>
<bind>
<opcode="call(48) " fcode="call"/>
<opset="ref_tmp95_assign_2_i_i/3 "/>
</bind>
</comp>

<comp id="323" class="1004" name="or_ln183_3_i_i_fu_323">
<pin_list>
<pin id="324" dir="0" index="0" bw="24" slack="0"/>
<pin id="325" dir="0" index="1" bw="8" slack="0"/>
<pin id="326" dir="0" index="2" bw="8" slack="0"/>
<pin id="327" dir="0" index="3" bw="8" slack="0"/>
<pin id="328" dir="1" index="4" bw="24" slack="0"/>
</pin_list>
<bind>
<opcode="bitconcatenate(1004) " fcode="bitconcatenate"/>
<opset="or_ln183_3_i_i/4 "/>
</bind>
</comp>

<comp id="334" class="1005" name="x_reg_334">
<pin_list>
<pin id="335" dir="0" index="0" bw="13" slack="0"/>
<pin id="336" dir="1" index="1" bw="13" slack="0"/>
</pin_list>
<bind>
<opset="x "/>
</bind>
</comp>

<comp id="341" class="1005" name="icmp_ln140_reg_341">
<pin_list>
<pin id="342" dir="0" index="0" bw="1" slack="1"/>
<pin id="343" dir="1" index="1" bw="1" slack="2147483647"/>
</pin_list>
<bind>
<opset="icmp_ln140 "/>
</bind>
</comp>

<comp id="345" class="1005" name="or_ln145_reg_345">
<pin_list>
<pin id="346" dir="0" index="0" bw="1" slack="1"/>
<pin id="347" dir="1" index="1" bw="1" slack="2147483647"/>
</pin_list>
<bind>
<opset="or_ln145 "/>
</bind>
</comp>

<comp id="349" class="1005" name="icmp_ln140_1_reg_349">
<pin_list>
<pin id="350" dir="0" index="0" bw="1" slack="0"/>
<pin id="351" dir="1" index="1" bw="1" slack="0"/>
</pin_list>
<bind>
<opset="icmp_ln140_1 "/>
</bind>
</comp>

<comp id="354" class="1005" name="InPix_reg_354">
<pin_list>
<pin id="355" dir="0" index="0" bw="24" slack="1"/>
<pin id="356" dir="1" index="1" bw="24" slack="1"/>
</pin_list>
<bind>
<opset="InPix "/>
</bind>
</comp>

<comp id="360" class="1005" name="trunc_ln148_2_i_reg_360">
<pin_list>
<pin id="361" dir="0" index="0" bw="8" slack="1"/>
<pin id="362" dir="1" index="1" bw="8" slack="1"/>
</pin_list>
<bind>
<opset="trunc_ln148_2_i "/>
</bind>
</comp>

<comp id="365" class="1005" name="trunc_ln148_3_i_reg_365">
<pin_list>
<pin id="366" dir="0" index="0" bw="8" slack="1"/>
<pin id="367" dir="1" index="1" bw="8" slack="1"/>
</pin_list>
<bind>
<opset="trunc_ln148_3_i "/>
</bind>
</comp>

<comp id="370" class="1005" name="lineBuf_addr_reg_370">
<pin_list>
<pin id="371" dir="0" index="0" bw="12" slack="1"/>
<pin id="372" dir="1" index="1" bw="12" slack="1"/>
</pin_list>
<bind>
<opset="lineBuf_addr "/>
</bind>
</comp>

</comp_list>

<net_list>
<net id="81"><net_src comp="12" pin="0"/><net_sink comp="78" pin=0"/></net>

<net id="85"><net_src comp="12" pin="0"/><net_sink comp="82" pin=0"/></net>

<net id="90"><net_src comp="20" pin="0"/><net_sink comp="86" pin=0"/></net>

<net id="91"><net_src comp="10" pin="0"/><net_sink comp="86" pin=1"/></net>

<net id="96"><net_src comp="22" pin="0"/><net_sink comp="92" pin=0"/></net>

<net id="97"><net_src comp="8" pin="0"/><net_sink comp="92" pin=1"/></net>

<net id="102"><net_src comp="22" pin="0"/><net_sink comp="98" pin=0"/></net>

<net id="103"><net_src comp="6" pin="0"/><net_sink comp="98" pin=1"/></net>

<net id="108"><net_src comp="24" pin="0"/><net_sink comp="104" pin=0"/></net>

<net id="109"><net_src comp="0" pin="0"/><net_sink comp="104" pin=1"/></net>

<net id="114"><net_src comp="58" pin="0"/><net_sink comp="110" pin=0"/></net>

<net id="115"><net_src comp="4" pin="0"/><net_sink comp="110" pin=1"/></net>

<net id="121"><net_src comp="76" pin="0"/><net_sink comp="116" pin=0"/></net>

<net id="122"><net_src comp="2" pin="0"/><net_sink comp="116" pin=1"/></net>

<net id="128"><net_src comp="30" pin="0"/><net_sink comp="123" pin=1"/></net>

<net id="138"><net_src comp="123" pin="3"/><net_sink comp="129" pin=2"/></net>

<net id="144"><net_src comp="30" pin="0"/><net_sink comp="139" pin=1"/></net>

<net id="145"><net_src comp="139" pin="3"/><net_sink comp="129" pin=0"/></net>

<net id="155"><net_src comp="38" pin="0"/><net_sink comp="149" pin=0"/></net>

<net id="165"><net_src comp="159" pin="4"/><net_sink comp="156" pin=0"/></net>

<net id="175"><net_src comp="169" pin="4"/><net_sink comp="166" pin=0"/></net>

<net id="185"><net_src comp="129" pin="7"/><net_sink comp="179" pin=2"/></net>

<net id="193"><net_src comp="186" pin="2"/><net_sink comp="190" pin=0"/></net>

<net id="197"><net_src comp="98" pin="2"/><net_sink comp="194" pin=0"/></net>

<net id="198"><net_src comp="194" pin="1"/><net_sink comp="186" pin=1"/></net>

<net id="203"><net_src comp="36" pin="0"/><net_sink comp="199" pin=0"/></net>

<net id="207"><net_src comp="204" pin="1"/><net_sink comp="186" pin=0"/></net>

<net id="212"><net_src comp="204" pin="1"/><net_sink comp="208" pin=0"/></net>

<net id="213"><net_src comp="104" pin="2"/><net_sink comp="208" pin=1"/></net>

<net id="218"><net_src comp="204" pin="1"/><net_sink comp="214" pin=0"/></net>

<net id="219"><net_src comp="46" pin="0"/><net_sink comp="214" pin=1"/></net>

<net id="223"><net_src comp="204" pin="1"/><net_sink comp="220" pin=0"/></net>

<net id="228"><net_src comp="220" pin="1"/><net_sink comp="224" pin=0"/></net>

<net id="229"><net_src comp="54" pin="0"/><net_sink comp="224" pin=1"/></net>

<net id="234"><net_src comp="224" pin="2"/><net_sink comp="230" pin=0"/></net>

<net id="235"><net_src comp="92" pin="2"/><net_sink comp="230" pin=1"/></net>

<net id="240"><net_src comp="86" pin="2"/><net_sink comp="236" pin=0"/></net>

<net id="241"><net_src comp="149" pin="4"/><net_sink comp="236" pin=1"/></net>

<net id="246"><net_src comp="230" pin="2"/><net_sink comp="242" pin=0"/></net>

<net id="247"><net_src comp="56" pin="0"/><net_sink comp="242" pin=1"/></net>

<net id="252"><net_src comp="214" pin="2"/><net_sink comp="248" pin=0"/></net>

<net id="259"><net_src comp="60" pin="0"/><net_sink comp="253" pin=0"/></net>

<net id="260"><net_src comp="110" pin="2"/><net_sink comp="253" pin=1"/></net>

<net id="261"><net_src comp="62" pin="0"/><net_sink comp="253" pin=2"/></net>

<net id="262"><net_src comp="64" pin="0"/><net_sink comp="253" pin=3"/></net>

<net id="269"><net_src comp="60" pin="0"/><net_sink comp="263" pin=0"/></net>

<net id="270"><net_src comp="110" pin="2"/><net_sink comp="263" pin=1"/></net>

<net id="271"><net_src comp="66" pin="0"/><net_sink comp="263" pin=2"/></net>

<net id="272"><net_src comp="68" pin="0"/><net_sink comp="263" pin=3"/></net>

<net id="276"><net_src comp="190" pin="1"/><net_sink comp="273" pin=0"/></net>

<net id="277"><net_src comp="273" pin="1"/><net_sink comp="123" pin=2"/></net>

<net id="281"><net_src comp="190" pin="1"/><net_sink comp="278" pin=0"/></net>

<net id="282"><net_src comp="278" pin="1"/><net_sink comp="139" pin=2"/></net>

<net id="288"><net_src comp="70" pin="0"/><net_sink comp="283" pin=0"/></net>

<net id="289"><net_src comp="129" pin="7"/><net_sink comp="283" pin=1"/></net>

<net id="290"><net_src comp="62" pin="0"/><net_sink comp="283" pin=2"/></net>

<net id="291"><net_src comp="283" pin="3"/><net_sink comp="169" pin=2"/></net>

<net id="297"><net_src comp="70" pin="0"/><net_sink comp="292" pin=0"/></net>

<net id="298"><net_src comp="129" pin="7"/><net_sink comp="292" pin=1"/></net>

<net id="299"><net_src comp="66" pin="0"/><net_sink comp="292" pin=2"/></net>

<net id="300"><net_src comp="292" pin="3"/><net_sink comp="159" pin=2"/></net>

<net id="304"><net_src comp="179" pin="4"/><net_sink comp="301" pin=0"/></net>

<net id="309"><net_src comp="72" pin="0"/><net_sink comp="305" pin=0"/></net>

<net id="310"><net_src comp="301" pin="1"/><net_sink comp="305" pin=1"/></net>

<net id="315"><net_src comp="72" pin="0"/><net_sink comp="311" pin=0"/></net>

<net id="316"><net_src comp="169" pin="4"/><net_sink comp="311" pin=1"/></net>

<net id="321"><net_src comp="72" pin="0"/><net_sink comp="317" pin=0"/></net>

<net id="322"><net_src comp="159" pin="4"/><net_sink comp="317" pin=1"/></net>

<net id="329"><net_src comp="74" pin="0"/><net_sink comp="323" pin=0"/></net>

<net id="330"><net_src comp="317" pin="2"/><net_sink comp="323" pin=1"/></net>

<net id="331"><net_src comp="311" pin="2"/><net_sink comp="323" pin=2"/></net>

<net id="332"><net_src comp="305" pin="2"/><net_sink comp="323" pin=3"/></net>

<net id="333"><net_src comp="323" pin="4"/><net_sink comp="116" pin=2"/></net>

<net id="337"><net_src comp="78" pin="1"/><net_sink comp="334" pin=0"/></net>

<net id="338"><net_src comp="334" pin="1"/><net_sink comp="199" pin=1"/></net>

<net id="339"><net_src comp="334" pin="1"/><net_sink comp="204" pin=0"/></net>

<net id="340"><net_src comp="334" pin="1"/><net_sink comp="248" pin=1"/></net>

<net id="344"><net_src comp="208" pin="2"/><net_sink comp="341" pin=0"/></net>

<net id="348"><net_src comp="236" pin="2"/><net_sink comp="345" pin=0"/></net>

<net id="352"><net_src comp="242" pin="2"/><net_sink comp="349" pin=0"/></net>

<net id="353"><net_src comp="349" pin="1"/><net_sink comp="149" pin=2"/></net>

<net id="357"><net_src comp="110" pin="2"/><net_sink comp="354" pin=0"/></net>

<net id="358"><net_src comp="354" pin="1"/><net_sink comp="129" pin=1"/></net>

<net id="359"><net_src comp="354" pin="1"/><net_sink comp="179" pin=0"/></net>

<net id="363"><net_src comp="253" pin="4"/><net_sink comp="360" pin=0"/></net>

<net id="364"><net_src comp="360" pin="1"/><net_sink comp="169" pin=0"/></net>

<net id="368"><net_src comp="263" pin="4"/><net_sink comp="365" pin=0"/></net>

<net id="369"><net_src comp="365" pin="1"/><net_sink comp="159" pin=0"/></net>

<net id="373"><net_src comp="123" pin="3"/><net_sink comp="370" pin=0"/></net>

<net id="374"><net_src comp="370" pin="1"/><net_sink comp="129" pin=2"/></net>

</net_list>

</model> 
---------------- Datapath Model END ------------------

* FSMD analyzer results:
  - Output states:
	Port: srcLayer1x | {4 }
 - Input state : 
	Port: v_mix_upsample<true>_Pipeline_VITIS_LOOP_140_2 : shl_ln140_i | {1 }
	Port: v_mix_upsample<true>_Pipeline_VITIS_LOOP_140_2 : srcLayer1Rgb | {2 }
	Port: v_mix_upsample<true>_Pipeline_VITIS_LOOP_140_2 : zext_ln126_i | {1 }
	Port: v_mix_upsample<true>_Pipeline_VITIS_LOOP_140_2 : add_ln138_i | {1 }
	Port: v_mix_upsample<true>_Pipeline_VITIS_LOOP_140_2 : bReadLine_i | {1 }
  - Chain level:
	State 1
		store_ln122 : 1
		phi_ln145 : 1
		x_7 : 1
		icmp_ln140 : 2
		x_8 : 2
		br_ln140 : 3
		trunc_ln140 : 2
		add_ln144 : 3
		and_ln144 : 4
		or_ln145 : 2
		br_ln145 : 2
		lshr_ln158 : 1
		lshr_ln162 : 1
		icmp_ln140_1 : 4
		store_ln122 : 3
	State 2
		lineBuf_addr : 1
		LineBufVal : 2
	State 3
		lineBuf_addr_2 : 1
		store_ln812 : 2
		tmp_2_i_i : 1
		tmp_3_i_i : 1
		p_0_0_024_262_i_i : 2
		p_0_0_024_161_i_i : 2
		phi_ln168 : 1
		trunc_ln162 : 2
		ref_tmp95_assign_4_i_i : 3
		ref_tmp95_assign_3_i_i : 3
		ref_tmp95_assign_2_i_i : 3
	State 4
		or_ln183_3_i_i : 1
		write_ln183 : 2


============================================================
+ Verbose Summary: Datapath Resource usage 
============================================================

* Functional unit list:
|----------|------------------------------|---------|---------|
| Operation|        Functional Unit       |    FF   |   LUT   |
|----------|------------------------------|---------|---------|
|   lshr   |          grp_fu_186          |    0    |    28   |
|----------|------------------------------|---------|---------|
|          |  grp_reg_ap_uint_8_s_fu_305  |    8    |    0    |
|   call   |  grp_reg_ap_uint_8_s_fu_311  |    8    |    0    |
|          |  grp_reg_ap_uint_8_s_fu_317  |    8    |    0    |
|----------|------------------------------|---------|---------|
|   icmp   |       icmp_ln140_fu_208      |    0    |    13   |
|          |      icmp_ln140_1_fu_242     |    0    |    3    |
|----------|------------------------------|---------|---------|
|    add   |          x_8_fu_214          |    0    |    13   |
|          |       add_ln144_fu_224       |    0    |    3    |
|----------|------------------------------|---------|---------|
|    and   |       and_ln144_fu_230       |    0    |    2    |
|----------|------------------------------|---------|---------|
|    or    |        or_ln145_fu_236       |    0    |    1    |
|----------|------------------------------|---------|---------|
|          |  bReadLine_i_read_read_fu_86 |    0    |    0    |
|          |  add_ln138_i_read_read_fu_92 |    0    |    0    |
|   read   | zext_ln126_i_read_read_fu_98 |    0    |    0    |
|          | shl_ln140_i_read_read_fu_104 |    0    |    0    |
|          |       InPix_read_fu_110      |    0    |    0    |
|----------|------------------------------|---------|---------|
|   write  |   write_ln183_write_fu_116   |    0    |    0    |
|----------|------------------------------|---------|---------|
|          |   zext_ln126_i_cast_fu_194   |    0    |    0    |
|   zext   |       zext_ln649_fu_273      |    0    |    0    |
|          |       zext_ln655_fu_278      |    0    |    0    |
|----------|------------------------------|---------|---------|
|   trunc  |      trunc_ln140_fu_220      |    0    |    0    |
|          |      trunc_ln162_fu_301      |    0    |    0    |
|----------|------------------------------|---------|---------|
|          |    trunc_ln148_2_i_fu_253    |    0    |    0    |
|partselect|    trunc_ln148_3_i_fu_263    |    0    |    0    |
|          |       tmp_2_i_i_fu_283       |    0    |    0    |
|          |       tmp_3_i_i_fu_292       |    0    |    0    |
|----------|------------------------------|---------|---------|
|bitconcatenate|     or_ln183_3_i_i_fu_323    |    0    |    0    |
|----------|------------------------------|---------|---------|
|   Total  |                              |    24   |    63   |
|----------|------------------------------|---------|---------|

Memories:
+-------+--------+--------+--------+--------+
|       |  BRAM  |   FF   |   LUT  |  URAM  |
+-------+--------+--------+--------+--------+
|lineBuf|    6   |    0   |    0   |    0   |
+-------+--------+--------+--------+--------+
| Total |    6   |    0   |    0   |    0   |
+-------+--------+--------+--------+--------+

* Register list:
+-------------------------+--------+
|                         |   FF   |
+-------------------------+--------+
|      InPix_reg_354      |   24   |
|   icmp_ln140_1_reg_349  |    1   |
|    icmp_ln140_reg_341   |    1   |
|   lineBuf_addr_reg_370  |   12   |
|     or_ln145_reg_345    |    1   |
|p_0_0_024_161_i_i_reg_166|    8   |
|p_0_0_024_262_i_i_reg_156|    8   |
|    phi_ln145_reg_146    |    1   |
|    phi_ln168_reg_176    |   24   |
|         reg_190         |   13   |
| trunc_ln148_2_i_reg_360 |    8   |
| trunc_ln148_3_i_reg_365 |    8   |
|        x_reg_334        |   13   |
+-------------------------+--------+
|          Total          |   122  |
+-------------------------+--------+

* Multiplexer (MUX) list: 
|-------------------|------|------|------|--------||---------||---------||---------|
|        Comp       |  Pin | Size |  BW  | S x BW ||  Delay  ||    FF   ||   LUT   |
|-------------------|------|------|------|--------||---------||---------||---------|
| grp_access_fu_129 |  p2  |   2  |   0  |    0   ||    0    ||    9    |
|-------------------|------|------|------|--------||---------||---------||---------|
|       Total       |      |      |      |    0   ||  1.298  ||    0    ||    9    |
|-------------------|------|------|------|--------||---------||---------||---------|



* Summary:
+-----------+--------+--------+--------+--------+--------+
|           |  BRAM  |  Delay |   FF   |   LUT  |  URAM  |
+-----------+--------+--------+--------+--------+--------+
|  Function |    -   |    -   |   24   |   63   |    -   |
|   Memory  |    6   |    -   |    0   |    0   |    0   |
|Multiplexer|    -   |    1   |    0   |    9   |    -   |
|  Register |    -   |    -   |   122  |    -   |    -   |
+-----------+--------+--------+--------+--------+--------+
|   Total   |    6   |    1   |   146  |   72   |    0   |
+-----------+--------+--------+--------+--------+--------+
