

================================================================
== Vitis HLS Report for 'v_mix_core_alpha_true_true_s'
================================================================
* Date:           Thu Mar  5 21:15:27 2026

* Version:        2025.2 (Build 6295257 on Nov 14 2025)
* Project:        prj
* Solution:       sol (Vivado IP Flow Target)
* Product family: zynq
* Target device:  xc7z020-clg400-2


================================================================
== Performance Estimates
================================================================
+ Timing: 
    * Summary: 
    +--------+---------+----------+------------+
    |  Clock |  Target | Estimated| Uncertainty|
    +--------+---------+----------+------------+
    |ap_clk  |  6.67 ns|  4.666 ns|     1.80 ns|
    +--------+---------+----------+------------+

+ Latency: 
    * Summary: 
    +---------+---------+-----------+-----------+------+---------+---------+
    |  Latency (cycles) |   Latency (absolute)  |    Interval    | Pipeline|
    |   min   |   max   |    min    |    max    |  min |   max   |   Type  |
    +---------+---------+-----------+-----------+------+---------+---------+
    |     4738|  2084402|  31.588 us|  13.897 ms|  4738|  2084402|       no|
    +---------+---------+-----------+-----------+------+---------+---------+

    + Detail: 
        * Instance: 
        N/A

        * Loop: 
        +--------------------+---------+---------+-----------+-----------+-----------+-----------+----------+
        |                    |  Latency (cycles) | Iteration |  Initiation Interval  |    Trip   |          |
        |      Loop Name     |   min   |   max   |  Latency  |  achieved |   target  |   Count   | Pipelined|
        +--------------------+---------+---------+-----------+-----------+-----------+-----------+----------+
        |- VITIS_LOOP_314_2  |     4736|  2084400|  74 ~ 1930|          -|          -|  64 ~ 1080|        no|
        +--------------------+---------+---------+-----------+-----------+-----------+-----------+----------+

============================================================
+ Verbose Summary: Synthesis Manager
============================================================
InlineROM: 1
ExposeGlobal: 0
============================================================
+ Verbose Summary: CDFG Model
============================================================
IsTopModel: 0
ResetActiveHigh: 1
IsCombinational: 2
IsDatapathOnly: 0
HasWiredReturn: 1
HasMFsm: 0
HasVarLatency: 1
IsPipeline: 0
IsRtlPipelined: 0
IsInstanceOverlapped: 0
IsDontTouch: 0
HasImplIP: 0
IsGatedGlobalClock: 0


============================================================
+ Verbose Summary: Schedule
============================================================
* Number of FSM states : 5
* Pipeline : 0
* Dataflow Pipeline: 0

* FSM state transitions: 
1 --> 2 
2 --> 3 
3 --> 4 
4 --> 5 
5 --> 3 

* FSM state operations: 

State 1 <SV = 0> <Delay = 1.29>
ST_1 : Operation 6 [1/1] (0.00ns)   --->   "%p_lcssa2334 = alloca i32 1"   --->   Operation 6 'alloca' 'p_lcssa2334' <Predicate = true> <Delay = 0.00>
ST_1 : Operation 7 [1/1] (0.00ns)   --->   "%p_lcssa2437 = alloca i32 1"   --->   Operation 7 'alloca' 'p_lcssa2437' <Predicate = true> <Delay = 0.00>
ST_1 : Operation 8 [1/1] (0.00ns)   --->   "%p_lcssa2540 = alloca i32 1"   --->   Operation 8 'alloca' 'p_lcssa2540' <Predicate = true> <Delay = 0.00>
ST_1 : Operation 9 [1/1] (0.00ns)   --->   "%y = alloca i32 1" [prj/sol/.autopilot/db/v_mix.cpp:286]   --->   Operation 9 'alloca' 'y' <Predicate = true> <Delay = 0.00>
ST_1 : Operation 10 [1/1] (0.00ns)   --->   "%hwReg_layerAlpha_1_val_read = read i9 @_ssdm_op_Read.ap_auto.i9, i9 %hwReg_layerAlpha_1_val"   --->   Operation 10 'read' 'hwReg_layerAlpha_1_val_read' <Predicate = true> <Delay = 0.00>
ST_1 : Operation 11 [2/2] (0.00ns)   --->   "%alpha = call i9 @reg<unsigned short>, i9 %hwReg_layerAlpha_1_val_read" [prj/sol/.autopilot/db/v_mix.cpp:298]   --->   Operation 11 'call' 'alpha' <Predicate = true> <Delay = 0.00> <CoreType = "Generic">   --->   Generic Core
ST_1 : Operation 12 [1/1] (1.29ns)   --->   "%store_ln286 = store i11 0, i11 %y" [prj/sol/.autopilot/db/v_mix.cpp:286]   --->   Operation 12 'store' 'store_ln286' <Predicate = true> <Delay = 1.29>

State 2 <SV = 1> <Delay = 4.66>
ST_2 : Operation 13 [1/1] (0.00ns)   --->   "%hwReg_layerScaleFactor_1_val_read = read i8 @_ssdm_op_Read.ap_auto.i8, i8 %hwReg_layerScaleFactor_1_val"   --->   Operation 13 'read' 'hwReg_layerScaleFactor_1_val_read' <Predicate = true> <Delay = 0.00>
ST_2 : Operation 14 [1/1] (0.00ns)   --->   "%hwReg_layerHeight_1_val_read = read i16 @_ssdm_op_Read.ap_auto.i16, i16 %hwReg_layerHeight_1_val"   --->   Operation 14 'read' 'hwReg_layerHeight_1_val_read' <Predicate = true> <Delay = 0.00>
ST_2 : Operation 15 [1/1] (0.00ns)   --->   "%hwReg_layerWidth_1_val_read = read i16 @_ssdm_op_Read.ap_auto.i16, i16 %hwReg_layerWidth_1_val"   --->   Operation 15 'read' 'hwReg_layerWidth_1_val_read' <Predicate = true> <Delay = 0.00>
ST_2 : Operation 16 [1/1] (0.00ns)   --->   "%hwReg_layerStartY_1_val_read = read i16 @_ssdm_op_Read.ap_auto.i16, i16 %hwReg_layerStartY_1_val"   --->   Operation 16 'read' 'hwReg_layerStartY_1_val_read' <Predicate = true> <Delay = 0.00>
ST_2 : Operation 17 [1/1] (0.00ns)   --->   "%hwReg_layerStartX_1_val_read = read i16 @_ssdm_op_Read.ap_auto.i16, i16 %hwReg_layerStartX_1_val"   --->   Operation 17 'read' 'hwReg_layerStartX_1_val_read' <Predicate = true> <Delay = 0.00>
ST_2 : Operation 18 [1/1] (0.00ns)   --->   "%hwReg_layerEnable_val_read = read i2 @_ssdm_op_Read.ap_auto.i2, i2 %hwReg_layerEnable_val"   --->   Operation 18 'read' 'hwReg_layerEnable_val_read' <Predicate = true> <Delay = 0.00>
ST_2 : Operation 19 [1/1] (0.00ns)   --->   "%hwReg_background_V_B_val_read = read i8 @_ssdm_op_Read.ap_auto.i8, i8 %hwReg_background_V_B_val"   --->   Operation 19 'read' 'hwReg_background_V_B_val_read' <Predicate = true> <Delay = 0.00>
ST_2 : Operation 20 [1/1] (0.00ns)   --->   "%hwReg_background_U_G_val_read = read i8 @_ssdm_op_Read.ap_auto.i8, i8 %hwReg_background_U_G_val"   --->   Operation 20 'read' 'hwReg_background_U_G_val_read' <Predicate = true> <Delay = 0.00>
ST_2 : Operation 21 [1/1] (0.00ns)   --->   "%hwReg_background_Y_R_val_read = read i8 @_ssdm_op_Read.ap_auto.i8, i8 %hwReg_background_Y_R_val"   --->   Operation 21 'read' 'hwReg_background_Y_R_val_read' <Predicate = true> <Delay = 0.00>
ST_2 : Operation 22 [1/1] (0.00ns)   --->   "%hwReg_height_val_read = read i11 @_ssdm_op_Read.ap_auto.i11, i11 %hwReg_height_val"   --->   Operation 22 'read' 'hwReg_height_val_read' <Predicate = true> <Delay = 0.00>
ST_2 : Operation 23 [1/1] (0.00ns)   --->   "%hwReg_width_val_read = read i11 @_ssdm_op_Read.ap_auto.i11, i11 %hwReg_width_val"   --->   Operation 23 'read' 'hwReg_width_val_read' <Predicate = true> <Delay = 0.00>
ST_2 : Operation 24 [1/1] (0.00ns)   --->   "%specstablecontent_ln0 = specstablecontent void @_ssdm_op_SpecStableContent, i8 %hwReg_layerScaleFactor_1_val, i1 1, void @p_str"   --->   Operation 24 'specstablecontent' 'specstablecontent_ln0' <Predicate = true> <Delay = 0.00>
ST_2 : Operation 25 [1/1] (0.00ns)   --->   "%specstablecontent_ln0 = specstablecontent void @_ssdm_op_SpecStableContent, i16 %hwReg_layerHeight_1_val, i1 1, void @p_str"   --->   Operation 25 'specstablecontent' 'specstablecontent_ln0' <Predicate = true> <Delay = 0.00>
ST_2 : Operation 26 [1/1] (0.00ns)   --->   "%specstablecontent_ln0 = specstablecontent void @_ssdm_op_SpecStableContent, i16 %hwReg_layerWidth_1_val, i1 1, void @p_str"   --->   Operation 26 'specstablecontent' 'specstablecontent_ln0' <Predicate = true> <Delay = 0.00>
ST_2 : Operation 27 [1/1] (0.00ns)   --->   "%specstablecontent_ln0 = specstablecontent void @_ssdm_op_SpecStableContent, i16 %hwReg_layerStartY_1_val, i1 1, void @p_str"   --->   Operation 27 'specstablecontent' 'specstablecontent_ln0' <Predicate = true> <Delay = 0.00>
ST_2 : Operation 28 [1/1] (0.00ns)   --->   "%specstablecontent_ln0 = specstablecontent void @_ssdm_op_SpecStableContent, i16 %hwReg_layerStartX_1_val, i1 1, void @p_str"   --->   Operation 28 'specstablecontent' 'specstablecontent_ln0' <Predicate = true> <Delay = 0.00>
ST_2 : Operation 29 [1/1] (0.00ns)   --->   "%specstablecontent_ln0 = specstablecontent void @_ssdm_op_SpecStableContent, i9 %hwReg_layerAlpha_1_val, i1 1, void @p_str"   --->   Operation 29 'specstablecontent' 'specstablecontent_ln0' <Predicate = true> <Delay = 0.00>
ST_2 : Operation 30 [1/1] (0.00ns)   --->   "%specstablecontent_ln0 = specstablecontent void @_ssdm_op_SpecStableContent, i2 %hwReg_layerEnable_val, i1 1, void @p_str"   --->   Operation 30 'specstablecontent' 'specstablecontent_ln0' <Predicate = true> <Delay = 0.00>
ST_2 : Operation 31 [1/1] (0.00ns)   --->   "%empty = trunc i2 %hwReg_layerEnable_val_read"   --->   Operation 31 'trunc' 'empty' <Predicate = true> <Delay = 0.00>
ST_2 : Operation 32 [1/1] (0.00ns)   --->   "%specstablecontent_ln0 = specstablecontent void @_ssdm_op_SpecStableContent, i8 %hwReg_background_V_B_val, i1 1, void "   --->   Operation 32 'specstablecontent' 'specstablecontent_ln0' <Predicate = true> <Delay = 0.00>
ST_2 : Operation 33 [1/1] (0.00ns)   --->   "%specstablecontent_ln0 = specstablecontent void @_ssdm_op_SpecStableContent, i8 %hwReg_background_U_G_val, i1 1, void "   --->   Operation 33 'specstablecontent' 'specstablecontent_ln0' <Predicate = true> <Delay = 0.00>
ST_2 : Operation 34 [1/1] (0.00ns)   --->   "%specstablecontent_ln0 = specstablecontent void @_ssdm_op_SpecStableContent, i8 %hwReg_background_Y_R_val, i1 1, void "   --->   Operation 34 'specstablecontent' 'specstablecontent_ln0' <Predicate = true> <Delay = 0.00>
ST_2 : Operation 35 [1/1] (0.00ns)   --->   "%specstablecontent_ln0 = specstablecontent void @_ssdm_op_SpecStableContent, i11 %hwReg_height_val, i1 1, void "   --->   Operation 35 'specstablecontent' 'specstablecontent_ln0' <Predicate = true> <Delay = 0.00>
ST_2 : Operation 36 [1/1] (0.00ns)   --->   "%specstablecontent_ln0 = specstablecontent void @_ssdm_op_SpecStableContent, i11 %hwReg_width_val, i1 1, void "   --->   Operation 36 'specstablecontent' 'specstablecontent_ln0' <Predicate = true> <Delay = 0.00>
ST_2 : Operation 37 [1/1] (0.00ns)   --->   "%specinterface_ln0 = specinterface void @_ssdm_op_SpecInterface, i24 %outLayer1, void @empty_32, i32 0, i32 0, void @empty_47, i32 0, i32 0, void @empty_47, void @empty_47, void @empty_47, i32 0, i32 0, i32 0, i32 0, void @empty_47, void @empty_47, i32 4294967295, i32 0, i32 0, i32 0"   --->   Operation 37 'specinterface' 'specinterface_ln0' <Predicate = true> <Delay = 0.00>
ST_2 : Operation 38 [1/1] (0.00ns)   --->   "%specinterface_ln0 = specinterface void @_ssdm_op_SpecInterface, i8 %srcLayer1Alphax, void @empty_32, i32 0, i32 0, void @empty_47, i32 0, i32 0, void @empty_47, void @empty_47, void @empty_47, i32 0, i32 0, i32 0, i32 0, void @empty_47, void @empty_47, i32 4294967295, i32 0, i32 0, i32 0"   --->   Operation 38 'specinterface' 'specinterface_ln0' <Predicate = true> <Delay = 0.00>
ST_2 : Operation 39 [1/1] (0.00ns)   --->   "%specinterface_ln0 = specinterface void @_ssdm_op_SpecInterface, i24 %srcLayer1x, void @empty_32, i32 0, i32 0, void @empty_47, i32 0, i32 0, void @empty_47, void @empty_47, void @empty_47, i32 0, i32 0, i32 0, i32 0, void @empty_47, void @empty_47, i32 4294967295, i32 0, i32 0, i32 0"   --->   Operation 39 'specinterface' 'specinterface_ln0' <Predicate = true> <Delay = 0.00>
ST_2 : Operation 40 [1/1] (0.00ns)   --->   "%specinterface_ln0 = specinterface void @_ssdm_op_SpecInterface, i24 %outLayer0, void @empty_32, i32 0, i32 0, void @empty_47, i32 0, i32 0, void @empty_47, void @empty_47, void @empty_47, i32 0, i32 0, i32 0, i32 0, void @empty_47, void @empty_47, i32 4294967295, i32 0, i32 0, i32 0"   --->   Operation 40 'specinterface' 'specinterface_ln0' <Predicate = true> <Delay = 0.00>
ST_2 : Operation 41 [1/1] (0.00ns)   --->   "%hwReg_layerScaleFactor_1_val_readcast = zext i8 %hwReg_layerScaleFactor_1_val_read" [prj/sol/.autopilot/db/v_mix.cpp:296]   --->   Operation 41 'zext' 'hwReg_layerScaleFactor_1_val_readcast' <Predicate = true> <Delay = 0.00>
ST_2 : Operation 42 [1/1] (3.12ns)   --->   "%shl_ln296 = shl i16 %hwReg_layerHeight_1_val_read, i16 %hwReg_layerScaleFactor_1_val_readcast" [prj/sol/.autopilot/db/v_mix.cpp:296]   --->   Operation 42 'shl' 'shl_ln296' <Predicate = true> <Delay = 3.12> <CoreInst = "Shifter">   --->   Core 75 'Shifter' <Latency = 0> <II = 1> <Delay = 3.12> <FuncUnit> <Opcode : 'shl' 'lshr' 'ashr'> <InPorts = 2> <OutPorts = 1>
ST_2 : Operation 43 [1/1] (0.00ns)   --->   "%hwReg_layerScaleFactor_1_val_readcast30 = zext i8 %hwReg_layerScaleFactor_1_val_read" [prj/sol/.autopilot/db/v_mix.cpp:297]   --->   Operation 43 'zext' 'hwReg_layerScaleFactor_1_val_readcast30' <Predicate = true> <Delay = 0.00>
ST_2 : Operation 44 [1/1] (3.12ns)   --->   "%shl_ln297 = shl i16 %hwReg_layerWidth_1_val_read, i16 %hwReg_layerScaleFactor_1_val_readcast30" [prj/sol/.autopilot/db/v_mix.cpp:297]   --->   Operation 44 'shl' 'shl_ln297' <Predicate = true> <Delay = 3.12> <CoreInst = "Shifter">   --->   Core 75 'Shifter' <Latency = 0> <II = 1> <Delay = 3.12> <FuncUnit> <Opcode : 'shl' 'lshr' 'ashr'> <InPorts = 2> <OutPorts = 1>
ST_2 : Operation 45 [1/2] (0.00ns)   --->   "%alpha = call i9 @reg<unsigned short>, i9 %hwReg_layerAlpha_1_val_read" [prj/sol/.autopilot/db/v_mix.cpp:298]   --->   Operation 45 'call' 'alpha' <Predicate = true> <Delay = 0.00> <CoreType = "Generic">   --->   Generic Core
ST_2 : Operation 46 [1/1] (0.00ns)   --->   "%zext_ln330 = zext i16 %hwReg_layerStartY_1_val_read" [prj/sol/.autopilot/db/v_mix.cpp:330]   --->   Operation 46 'zext' 'zext_ln330' <Predicate = true> <Delay = 0.00>
ST_2 : Operation 47 [1/1] (0.00ns)   --->   "%zext_ln330_1 = zext i16 %shl_ln296" [prj/sol/.autopilot/db/v_mix.cpp:330]   --->   Operation 47 'zext' 'zext_ln330_1' <Predicate = true> <Delay = 0.00>
ST_2 : Operation 48 [1/1] (1.54ns)   --->   "%add_ln330 = add i17 %zext_ln330_1, i17 %zext_ln330" [prj/sol/.autopilot/db/v_mix.cpp:330]   --->   Operation 48 'add' 'add_ln330' <Predicate = true> <Delay = 1.54> <CoreInst = "Adder">   --->   Core 1 'Adder' <Latency = 0> <II = 1> <Delay = 1.54> <FuncUnit> <Opcode : 'add' 'sub'> <InPorts = 2> <OutPorts = 1>
ST_2 : Operation 49 [1/1] (0.00ns)   --->   "%zext_ln332 = zext i16 %hwReg_layerStartX_1_val_read" [prj/sol/.autopilot/db/v_mix.cpp:332]   --->   Operation 49 'zext' 'zext_ln332' <Predicate = true> <Delay = 0.00>
ST_2 : Operation 50 [1/1] (0.00ns)   --->   "%zext_ln332_1 = zext i16 %shl_ln297" [prj/sol/.autopilot/db/v_mix.cpp:332]   --->   Operation 50 'zext' 'zext_ln332_1' <Predicate = true> <Delay = 0.00>
ST_2 : Operation 51 [1/1] (1.54ns)   --->   "%add_ln332 = add i17 %zext_ln332_1, i17 %zext_ln332" [prj/sol/.autopilot/db/v_mix.cpp:332]   --->   Operation 51 'add' 'add_ln332' <Predicate = true> <Delay = 1.54> <CoreInst = "Adder">   --->   Core 1 'Adder' <Latency = 0> <II = 1> <Delay = 1.54> <FuncUnit> <Opcode : 'add' 'sub'> <InPorts = 2> <OutPorts = 1>
ST_2 : Operation 52 [1/1] (0.00ns)   --->   "%tmp_8 = bitselect i1 @_ssdm_op_BitSelect.i1.i2.i32, i2 %hwReg_layerEnable_val_read, i32 1" [prj/sol/.autopilot/db/v_mix.cpp:335]   --->   Operation 52 'bitselect' 'tmp_8' <Predicate = true> <Delay = 0.00>
ST_2 : Operation 53 [1/1] (0.00ns)   --->   "%br_ln314 = br void %VITIS_LOOP_316_3" [prj/sol/.autopilot/db/v_mix.cpp:314]   --->   Operation 53 'br' 'br_ln314' <Predicate = true> <Delay = 0.00>

State 3 <SV = 2> <Delay = 2.77>
ST_3 : Operation 54 [1/1] (0.00ns)   --->   "%y_11 = load i11 %y" [prj/sol/.autopilot/db/v_mix.cpp:314]   --->   Operation 54 'load' 'y_11' <Predicate = true> <Delay = 0.00>
ST_3 : Operation 55 [1/1] (1.48ns)   --->   "%icmp_ln314 = icmp_eq  i11 %y_11, i11 %hwReg_height_val_read" [prj/sol/.autopilot/db/v_mix.cpp:314]   --->   Operation 55 'icmp' 'icmp_ln314' <Predicate = true> <Delay = 1.48> <CoreInst = "Cmp">   --->   Core 9 'Cmp' <Latency = 0> <II = 1> <Delay = 1.48> <FuncUnit> <Opcode : 'seteq' 'setne' 'setle' 'setge' 'setlt' 'setgt'> <InPorts = 2> <OutPorts = 1>
ST_3 : Operation 56 [1/1] (0.00ns)   --->   "%speclooptripcount_ln0 = speclooptripcount void @_ssdm_op_SpecLoopTripCount, i64 64, i64 1080, i64 0"   --->   Operation 56 'speclooptripcount' 'speclooptripcount_ln0' <Predicate = true> <Delay = 0.00>
ST_3 : Operation 57 [1/1] (1.48ns)   --->   "%add_ln314 = add i11 %y_11, i11 1" [prj/sol/.autopilot/db/v_mix.cpp:314]   --->   Operation 57 'add' 'add_ln314' <Predicate = true> <Delay = 1.48> <CoreInst = "Adder">   --->   Core 1 'Adder' <Latency = 0> <II = 1> <Delay = 1.48> <FuncUnit> <Opcode : 'add' 'sub'> <InPorts = 2> <OutPorts = 1>
ST_3 : Operation 58 [1/1] (0.00ns)   --->   "%br_ln314 = br i1 %icmp_ln314, void %VITIS_LOOP_316_3.split, void %for.end153" [prj/sol/.autopilot/db/v_mix.cpp:314]   --->   Operation 58 'br' 'br_ln314' <Predicate = true> <Delay = 0.00>
ST_3 : Operation 59 [1/1] (0.00ns)   --->   "%zext_ln314 = zext i11 %y_11" [prj/sol/.autopilot/db/v_mix.cpp:314]   --->   Operation 59 'zext' 'zext_ln314' <Predicate = (!icmp_ln314)> <Delay = 0.00>
ST_3 : Operation 60 [1/1] (0.00ns)   --->   "%zext_ln314_1 = zext i11 %y_11" [prj/sol/.autopilot/db/v_mix.cpp:314]   --->   Operation 60 'zext' 'zext_ln314_1' <Predicate = (!icmp_ln314)> <Delay = 0.00>
ST_3 : Operation 61 [1/1] (1.54ns)   --->   "%icmp_ln330 = icmp_ult  i16 %zext_ln314_1, i16 %hwReg_layerStartY_1_val_read" [prj/sol/.autopilot/db/v_mix.cpp:330]   --->   Operation 61 'icmp' 'icmp_ln330' <Predicate = (!icmp_ln314)> <Delay = 1.54> <CoreInst = "Cmp">   --->   Core 9 'Cmp' <Latency = 0> <II = 1> <Delay = 1.54> <FuncUnit> <Opcode : 'seteq' 'setne' 'setle' 'setge' 'setlt' 'setgt'> <InPorts = 2> <OutPorts = 1>
ST_3 : Operation 62 [1/1] (1.55ns)   --->   "%icmp_ln330_1 = icmp_ugt  i17 %add_ln330, i17 %zext_ln314" [prj/sol/.autopilot/db/v_mix.cpp:330]   --->   Operation 62 'icmp' 'icmp_ln330_1' <Predicate = (!icmp_ln314)> <Delay = 1.55> <CoreInst = "Cmp">   --->   Core 9 'Cmp' <Latency = 0> <II = 1> <Delay = 1.55> <FuncUnit> <Opcode : 'seteq' 'setne' 'setle' 'setge' 'setlt' 'setgt'> <InPorts = 2> <OutPorts = 1>
ST_3 : Operation 63 [1/1] (1.29ns)   --->   "%store_ln286 = store i11 %add_ln314, i11 %y" [prj/sol/.autopilot/db/v_mix.cpp:286]   --->   Operation 63 'store' 'store_ln286' <Predicate = (!icmp_ln314)> <Delay = 1.29>
ST_3 : Operation 64 [1/1] (0.00ns)   --->   "%ret_ln359 = ret" [prj/sol/.autopilot/db/v_mix.cpp:359]   --->   Operation 64 'ret' 'ret_ln359' <Predicate = (icmp_ln314)> <Delay = 0.00>

State 4 <SV = 3> <Delay = 3.57>
ST_4 : Operation 65 [1/1] (0.80ns)   --->   "%xor_ln330 = xor i1 %icmp_ln330, i1 1" [prj/sol/.autopilot/db/v_mix.cpp:330]   --->   Operation 65 'xor' 'xor_ln330' <Predicate = true> <Delay = 0.80> <CoreInst = "LogicGate">   --->   Core 74 'LogicGate' <Latency = 0> <II = 1> <Delay = 0.80> <FuncUnit> <Opcode : 'and' 'or' 'xor'> <InPorts = 2> <OutPorts = 1>
ST_4 : Operation 66 [2/2] (2.77ns)   --->   "%call_ln298 = call void @v_mix_core_alpha<true, true>_Pipeline_VITIS_LOOP_316_3, i11 %hwReg_width_val_read, i9 %alpha, i24 %outLayer1, i24 %srcLayer1x, i8 %srcLayer1Alphax, i8 %hwReg_background_Y_R_val_read, i8 %hwReg_background_U_G_val_read, i8 %hwReg_background_V_B_val_read, i16 %hwReg_layerStartX_1_val_read, i17 %add_ln332, i1 %icmp_ln330_1, i1 %xor_ln330, i1 %tmp_8, i1 %empty, i24 %outLayer0, i8 %p_lcssa2540, i8 %p_lcssa2437, i8 %p_lcssa2334" [prj/sol/.autopilot/db/v_mix.cpp:298]   --->   Operation 66 'call' 'call_ln298' <Predicate = true> <Delay = 2.77> <CoreType = "Generic">   --->   Generic Core

State 5 <SV = 4> <Delay = 0.00>
ST_5 : Operation 67 [1/1] (0.00ns)   --->   "%specloopname_ln314 = specloopname void @_ssdm_op_SpecLoopName, void @empty_57" [prj/sol/.autopilot/db/v_mix.cpp:314]   --->   Operation 67 'specloopname' 'specloopname_ln314' <Predicate = true> <Delay = 0.00>
ST_5 : Operation 68 [1/2] (0.00ns)   --->   "%call_ln298 = call void @v_mix_core_alpha<true, true>_Pipeline_VITIS_LOOP_316_3, i11 %hwReg_width_val_read, i9 %alpha, i24 %outLayer1, i24 %srcLayer1x, i8 %srcLayer1Alphax, i8 %hwReg_background_Y_R_val_read, i8 %hwReg_background_U_G_val_read, i8 %hwReg_background_V_B_val_read, i16 %hwReg_layerStartX_1_val_read, i17 %add_ln332, i1 %icmp_ln330_1, i1 %xor_ln330, i1 %tmp_8, i1 %empty, i24 %outLayer0, i8 %p_lcssa2540, i8 %p_lcssa2437, i8 %p_lcssa2334" [prj/sol/.autopilot/db/v_mix.cpp:298]   --->   Operation 68 'call' 'call_ln298' <Predicate = true> <Delay = 0.00> <CoreType = "Generic">   --->   Generic Core
ST_5 : Operation 69 [1/1] (0.00ns)   --->   "%br_ln314 = br void %VITIS_LOOP_316_3" [prj/sol/.autopilot/db/v_mix.cpp:314]   --->   Operation 69 'br' 'br_ln314' <Predicate = true> <Delay = 0.00>


============================================================
+ Verbose Summary: Timing violations
============================================================
Target clock period: 6.667ns, clock uncertainty: 1.800ns.

 <State 1>: 1.298ns
The critical path consists of the following:
	'alloca' operation 11 bit ('y', prj/sol/.autopilot/db/v_mix.cpp:286) [20]  (0.000 ns)
	'store' operation ('store_ln286', prj/sol/.autopilot/db/v_mix.cpp:286) of constant 0 11 bit on local variable 'y', prj/sol/.autopilot/db/v_mix.cpp:286 [62]  (1.298 ns)

 <State 2>: 4.666ns
The critical path consists of the following:
	wire read operation ('hwReg_layerScaleFactor_1_val_read') on port 'hwReg_layerScaleFactor_1_val' [21]  (0.000 ns)
	'shl' operation 16 bit ('layerHeight', prj/sol/.autopilot/db/v_mix.cpp:296) [51]  (3.121 ns)
	'add' operation 17 bit ('add_ln330', prj/sol/.autopilot/db/v_mix.cpp:330) [57]  (1.545 ns)

 <State 3>: 2.780ns
The critical path consists of the following:
	'load' operation 11 bit ('y', prj/sol/.autopilot/db/v_mix.cpp:314) on local variable 'y', prj/sol/.autopilot/db/v_mix.cpp:286 [65]  (0.000 ns)
	'add' operation 11 bit ('add_ln314', prj/sol/.autopilot/db/v_mix.cpp:314) [68]  (1.482 ns)
	'store' operation ('store_ln286', prj/sol/.autopilot/db/v_mix.cpp:286) of variable 'add_ln314', prj/sol/.autopilot/db/v_mix.cpp:314 11 bit on local variable 'y', prj/sol/.autopilot/db/v_mix.cpp:286 [78]  (1.298 ns)

 <State 4>: 3.580ns
The critical path consists of the following:
	'xor' operation 1 bit ('xor_ln330', prj/sol/.autopilot/db/v_mix.cpp:330) [75]  (0.800 ns)
	'call' operation ('call_ln298', prj/sol/.autopilot/db/v_mix.cpp:298) to 'v_mix_core_alpha<true, true>_Pipeline_VITIS_LOOP_316_3' [77]  (2.780 ns)

 <State 5>: 0.000ns
The critical path consists of the following:


============================================================
+ Verbose Summary: Binding
============================================================
N/A
* FSMD analyzer results:
  - Output states:
 - Input state : 
  - Chain level:
	State 1
	State 2
	State 3
	State 4
	State 5


============================================================
+ Verbose Summary: Datapath Resource usage 
============================================================
N/A
