

================================================================
== Vitis HLS Report for 'v_mix_upsample_true_s'
================================================================
* Date:           Thu Mar  5 21:15:27 2026

* Version:        2025.2 (Build 6295257 on Nov 14 2025)
* Project:        prj
* Solution:       sol (Vivado IP Flow Target)
* Product family: zynq
* Target device:  xc7z020-clg400-2


================================================================
== Performance Estimates
================================================================
+ Timing: 
    * Summary: 
    +--------+---------+----------+------------+
    |  Clock |  Target | Estimated| Uncertainty|
    +--------+---------+----------+------------+
    |ap_clk  |  6.67 ns|  4.445 ns|     1.80 ns|
    +--------+---------+----------+------------+

+ Latency: 
    * Summary: 
    +---------+----------+-----------+-----------+-----+----------+---------+
    |  Latency (cycles)  |   Latency (absolute)  |    Interval    | Pipeline|
    |   min   |    max   |    min    |    max    | min |    max   |   Type  |
    +---------+----------+-----------+-----------+-----+----------+---------+
    |        2|  33203522|  13.334 ns|  0.221 sec|    2|  33203522|       no|
    +---------+----------+-----------+-----------+-----+----------+---------+

    + Detail: 
        * Instance: 
        N/A

        * Loop: 
        +--------------------+---------+----------+----------+-----------+-----------+----------+----------+
        |                    |  Latency (cycles)  | Iteration|  Initiation Interval  |   Trip   |          |
        |      Loop Name     |   min   |    max   |  Latency |  achieved |   target  |   Count  | Pipelined|
        +--------------------+---------+----------+----------+-----------+-----------+----------+----------+
        |- VITIS_LOOP_136_1  |        0|  33203520|  4 ~ 7686|          -|          -|  0 ~ 4320|        no|
        +--------------------+---------+----------+----------+-----------+-----------+----------+----------+

============================================================
+ Verbose Summary: Synthesis Manager
============================================================
InlineROM: 1
ExposeGlobal: 0
============================================================
+ Verbose Summary: CDFG Model
============================================================
IsTopModel: 0
ResetActiveHigh: 1
IsCombinational: 2
IsDatapathOnly: 0
HasWiredReturn: 1
HasMFsm: 0
HasVarLatency: 1
IsPipeline: 0
IsRtlPipelined: 0
IsInstanceOverlapped: 0
IsDontTouch: 0
HasImplIP: 0
IsGatedGlobalClock: 0


============================================================
+ Verbose Summary: Schedule
============================================================
* Number of FSM states : 4
* Pipeline : 0
* Dataflow Pipeline: 0

* FSM state transitions: 
1 --> 2 
2 --> 3 
3 --> 4 
4 --> 3 

* FSM state operations: 

State 1 <SV = 0> <Delay = 2.43>
ST_1 : Operation 5 [1/1] (2.43ns)   --->   "%HwReg_layerScaleFactor_1_val21_read = read i2 @_ssdm_op_Read.ap_auto.i2, i2 %HwReg_layerScaleFactor_1_val21" [prj/sol/.autopilot/db/v_mix.cpp:118->prj/sol/.autopilot/db/v_mix.cpp:748->prj/sol/.autopilot/db/v_mix.cpp:748]   --->   Operation 5 'read' 'HwReg_layerScaleFactor_1_val21_read' <Predicate = true> <Delay = 2.43> <CoreInst = "FIFO_SRL">   --->   Core 80 'FIFO_SRL' <Latency = 0> <II = 1> <Delay = 3.40> <Storage> <Opcode : 'read' 'write' 'nbread' 'nbwrite'> <Ports = 0> <Width = 2> <Depth = 2> <FIFO>
ST_1 : Operation 6 [1/1] (2.43ns)   --->   "%HwReg_layerWidth_1_val_read = read i11 @_ssdm_op_Read.ap_auto.i11, i11 %HwReg_layerWidth_1_val" [prj/sol/.autopilot/db/v_mix.cpp:118->prj/sol/.autopilot/db/v_mix.cpp:748->prj/sol/.autopilot/db/v_mix.cpp:748]   --->   Operation 6 'read' 'HwReg_layerWidth_1_val_read' <Predicate = true> <Delay = 2.43> <CoreInst = "FIFO_SRL">   --->   Core 80 'FIFO_SRL' <Latency = 0> <II = 1> <Delay = 3.40> <Storage> <Opcode : 'read' 'write' 'nbread' 'nbwrite'> <Ports = 0> <Width = 11> <Depth = 2> <FIFO>
ST_1 : Operation 7 [1/1] (2.43ns)   --->   "%HwReg_layerHeight_1_val_read = read i11 @_ssdm_op_Read.ap_auto.i11, i11 %HwReg_layerHeight_1_val" [prj/sol/.autopilot/db/v_mix.cpp:118->prj/sol/.autopilot/db/v_mix.cpp:748->prj/sol/.autopilot/db/v_mix.cpp:748]   --->   Operation 7 'read' 'HwReg_layerHeight_1_val_read' <Predicate = true> <Delay = 2.43> <CoreInst = "FIFO_SRL">   --->   Core 80 'FIFO_SRL' <Latency = 0> <II = 1> <Delay = 3.40> <Storage> <Opcode : 'read' 'write' 'nbread' 'nbwrite'> <Ports = 0> <Width = 11> <Depth = 2> <FIFO>

State 2 <SV = 1> <Delay = 2.76>
ST_2 : Operation 8 [1/1] (0.00ns)   --->   "%specstablecontent_ln0 = specstablecontent void @_ssdm_op_SpecStableContent, i2 %HwReg_layerScaleFactor_1_val21, i1 1, void @p_str"   --->   Operation 8 'specstablecontent' 'specstablecontent_ln0' <Predicate = true> <Delay = 0.00>
ST_2 : Operation 9 [1/1] (0.00ns)   --->   "%specstablecontent_ln0 = specstablecontent void @_ssdm_op_SpecStableContent, i11 %HwReg_layerHeight_1_val, i1 1, void @p_str"   --->   Operation 9 'specstablecontent' 'specstablecontent_ln0' <Predicate = true> <Delay = 0.00>
ST_2 : Operation 10 [1/1] (0.00ns)   --->   "%specstablecontent_ln0 = specstablecontent void @_ssdm_op_SpecStableContent, i11 %HwReg_layerWidth_1_val, i1 1, void @p_str"   --->   Operation 10 'specstablecontent' 'specstablecontent_ln0' <Predicate = true> <Delay = 0.00>
ST_2 : Operation 11 [1/1] (0.00ns)   --->   "%specstablecontent_ln0 = specstablecontent void @_ssdm_op_SpecStableContent, i1 %HwReg_layerEnableFlag_1_val, i1 1, void @p_str"   --->   Operation 11 'specstablecontent' 'specstablecontent_ln0' <Predicate = true> <Delay = 0.00>
ST_2 : Operation 12 [1/1] (0.00ns)   --->   "%specinterface_ln0 = specinterface void @_ssdm_op_SpecInterface, i24 %srcLayer1Rgb, void @empty_32, i32 0, i32 0, void @empty_47, i32 0, i32 0, void @empty_47, void @empty_47, void @empty_47, i32 0, i32 0, i32 0, i32 0, void @empty_47, void @empty_47, i32 4294967295, i32 0, i32 0, i32 0"   --->   Operation 12 'specinterface' 'specinterface_ln0' <Predicate = true> <Delay = 0.00>
ST_2 : Operation 13 [1/1] (0.00ns)   --->   "%specinterface_ln0 = specinterface void @_ssdm_op_SpecInterface, i24 %srcLayer1x, void @empty_32, i32 0, i32 0, void @empty_47, i32 0, i32 0, void @empty_47, void @empty_47, void @empty_47, i32 0, i32 0, i32 0, i32 0, void @empty_47, void @empty_47, i32 4294967295, i32 0, i32 0, i32 0"   --->   Operation 13 'specinterface' 'specinterface_ln0' <Predicate = true> <Delay = 0.00>
ST_2 : Operation 14 [1/1] (0.00ns)   --->   "%HwReg_layerEnableFlag_1_val_read = read i1 @_ssdm_op_Read.ap_auto.i1, i1 %HwReg_layerEnableFlag_1_val" [prj/sol/.autopilot/db/v_mix.cpp:118->prj/sol/.autopilot/db/v_mix.cpp:748->prj/sol/.autopilot/db/v_mix.cpp:748]   --->   Operation 14 'read' 'HwReg_layerEnableFlag_1_val_read' <Predicate = true> <Delay = 0.00>
ST_2 : Operation 15 [1/1] (0.00ns)   --->   "%zext_ln126 = zext i2 %HwReg_layerScaleFactor_1_val21_read" [prj/sol/.autopilot/db/v_mix.cpp:126->prj/sol/.autopilot/db/v_mix.cpp:748->prj/sol/.autopilot/db/v_mix.cpp:748]   --->   Operation 15 'zext' 'zext_ln126' <Predicate = true> <Delay = 0.00>
ST_2 : Operation 16 [1/1] (0.00ns)   --->   "%zext_ln126_1 = zext i2 %HwReg_layerScaleFactor_1_val21_read" [prj/sol/.autopilot/db/v_mix.cpp:126->prj/sol/.autopilot/db/v_mix.cpp:748->prj/sol/.autopilot/db/v_mix.cpp:748]   --->   Operation 16 'zext' 'zext_ln126_1' <Predicate = true> <Delay = 0.00>
ST_2 : Operation 17 [1/1] (1.49ns)   --->   "%upfactor = shl i3 1, i3 %zext_ln126_1" [prj/sol/.autopilot/db/v_mix.cpp:126->prj/sol/.autopilot/db/v_mix.cpp:748->prj/sol/.autopilot/db/v_mix.cpp:748]   --->   Operation 17 'shl' 'upfactor' <Predicate = true> <Delay = 1.49> <CoreInst = "Shifter">   --->   Core 75 'Shifter' <Latency = 0> <II = 1> <Delay = 1.49> <FuncUnit> <Opcode : 'shl' 'lshr' 'ashr'> <InPorts = 2> <OutPorts = 1>
ST_2 : Operation 18 [1/1] (0.00ns)   --->   "%br_ln134 = br i1 %HwReg_layerEnableFlag_1_val_read, void %v_mix_upsample<true>.exit, void %VITIS_LOOP_136_1.i.i" [prj/sol/.autopilot/db/v_mix.cpp:134->prj/sol/.autopilot/db/v_mix.cpp:748->prj/sol/.autopilot/db/v_mix.cpp:748]   --->   Operation 18 'br' 'br_ln134' <Predicate = true> <Delay = 0.00>
ST_2 : Operation 19 [1/1] (0.00ns)   --->   "%y = alloca i32 1" [prj/sol/.autopilot/db/v_mix.cpp:122->prj/sol/.autopilot/db/v_mix.cpp:748->prj/sol/.autopilot/db/v_mix.cpp:748]   --->   Operation 19 'alloca' 'y' <Predicate = (HwReg_layerEnableFlag_1_val_read)> <Delay = 0.00>
ST_2 : Operation 20 [1/1] (0.00ns)   --->   "%zext_ln136 = zext i11 %HwReg_layerHeight_1_val_read" [prj/sol/.autopilot/db/v_mix.cpp:136->prj/sol/.autopilot/db/v_mix.cpp:748->prj/sol/.autopilot/db/v_mix.cpp:748]   --->   Operation 20 'zext' 'zext_ln136' <Predicate = (HwReg_layerEnableFlag_1_val_read)> <Delay = 0.00>
ST_2 : Operation 21 [1/1] (2.76ns)   --->   "%shl_ln136 = shl i13 %zext_ln136, i13 %zext_ln126" [prj/sol/.autopilot/db/v_mix.cpp:136->prj/sol/.autopilot/db/v_mix.cpp:748->prj/sol/.autopilot/db/v_mix.cpp:748]   --->   Operation 21 'shl' 'shl_ln136' <Predicate = (HwReg_layerEnableFlag_1_val_read)> <Delay = 2.76> <CoreInst = "Shifter">   --->   Core 75 'Shifter' <Latency = 0> <II = 1> <Delay = 2.76> <FuncUnit> <Opcode : 'shl' 'lshr' 'ashr'> <InPorts = 2> <OutPorts = 1>
ST_2 : Operation 22 [1/1] (0.00ns)   --->   "%trunc_ln138 = trunc i3 %upfactor" [prj/sol/.autopilot/db/v_mix.cpp:138->prj/sol/.autopilot/db/v_mix.cpp:748->prj/sol/.autopilot/db/v_mix.cpp:748]   --->   Operation 22 'trunc' 'trunc_ln138' <Predicate = (HwReg_layerEnableFlag_1_val_read)> <Delay = 0.00>
ST_2 : Operation 23 [1/1] (0.63ns)   --->   "%add_ln138 = add i2 %trunc_ln138, i2 3" [prj/sol/.autopilot/db/v_mix.cpp:138->prj/sol/.autopilot/db/v_mix.cpp:748->prj/sol/.autopilot/db/v_mix.cpp:748]   --->   Operation 23 'add' 'add_ln138' <Predicate = (HwReg_layerEnableFlag_1_val_read)> <Delay = 0.63> <CoreInst = "Adder">   --->   Core 1 'Adder' <Latency = 0> <II = 1> <Delay = 0.63> <FuncUnit> <Opcode : 'add' 'sub'> <InPorts = 2> <OutPorts = 1>
ST_2 : Operation 24 [1/1] (0.00ns)   --->   "%zext_ln140 = zext i11 %HwReg_layerWidth_1_val_read" [prj/sol/.autopilot/db/v_mix.cpp:140->prj/sol/.autopilot/db/v_mix.cpp:748->prj/sol/.autopilot/db/v_mix.cpp:748]   --->   Operation 24 'zext' 'zext_ln140' <Predicate = (HwReg_layerEnableFlag_1_val_read)> <Delay = 0.00>
ST_2 : Operation 25 [1/1] (2.76ns)   --->   "%shl_ln140 = shl i13 %zext_ln140, i13 %zext_ln126" [prj/sol/.autopilot/db/v_mix.cpp:140->prj/sol/.autopilot/db/v_mix.cpp:748->prj/sol/.autopilot/db/v_mix.cpp:748]   --->   Operation 25 'shl' 'shl_ln140' <Predicate = (HwReg_layerEnableFlag_1_val_read)> <Delay = 2.76> <CoreInst = "Shifter">   --->   Core 75 'Shifter' <Latency = 0> <II = 1> <Delay = 2.76> <FuncUnit> <Opcode : 'shl' 'lshr' 'ashr'> <InPorts = 2> <OutPorts = 1>
ST_2 : Operation 26 [1/1] (1.29ns)   --->   "%store_ln122 = store i13 0, i13 %y" [prj/sol/.autopilot/db/v_mix.cpp:122->prj/sol/.autopilot/db/v_mix.cpp:748->prj/sol/.autopilot/db/v_mix.cpp:748]   --->   Operation 26 'store' 'store_ln122' <Predicate = (HwReg_layerEnableFlag_1_val_read)> <Delay = 1.29>
ST_2 : Operation 27 [1/1] (0.00ns)   --->   "%br_ln136 = br void %VITIS_LOOP_140_2.i.i" [prj/sol/.autopilot/db/v_mix.cpp:136->prj/sol/.autopilot/db/v_mix.cpp:748->prj/sol/.autopilot/db/v_mix.cpp:748]   --->   Operation 27 'br' 'br_ln136' <Predicate = (HwReg_layerEnableFlag_1_val_read)> <Delay = 0.00>

State 3 <SV = 2> <Delay = 4.44>
ST_3 : Operation 28 [1/1] (0.00ns)   --->   "%y_7 = load i13 %y" [prj/sol/.autopilot/db/v_mix.cpp:136->prj/sol/.autopilot/db/v_mix.cpp:748->prj/sol/.autopilot/db/v_mix.cpp:748]   --->   Operation 28 'load' 'y_7' <Predicate = (HwReg_layerEnableFlag_1_val_read)> <Delay = 0.00>
ST_3 : Operation 29 [1/1] (0.00ns)   --->   "%speclooptripcount_ln0 = speclooptripcount void @_ssdm_op_SpecLoopTripCount, i64 0, i64 4320, i64 0"   --->   Operation 29 'speclooptripcount' 'speclooptripcount_ln0' <Predicate = (HwReg_layerEnableFlag_1_val_read)> <Delay = 0.00>
ST_3 : Operation 30 [1/1] (1.53ns)   --->   "%icmp_ln136 = icmp_eq  i13 %y_7, i13 %shl_ln136" [prj/sol/.autopilot/db/v_mix.cpp:136->prj/sol/.autopilot/db/v_mix.cpp:748->prj/sol/.autopilot/db/v_mix.cpp:748]   --->   Operation 30 'icmp' 'icmp_ln136' <Predicate = (HwReg_layerEnableFlag_1_val_read)> <Delay = 1.53> <CoreInst = "Cmp">   --->   Core 9 'Cmp' <Latency = 0> <II = 1> <Delay = 1.53> <FuncUnit> <Opcode : 'seteq' 'setne' 'setle' 'setge' 'setlt' 'setgt'> <InPorts = 2> <OutPorts = 1>
ST_3 : Operation 31 [1/1] (1.53ns)   --->   "%y_8 = add i13 %y_7, i13 1" [prj/sol/.autopilot/db/v_mix.cpp:136->prj/sol/.autopilot/db/v_mix.cpp:748->prj/sol/.autopilot/db/v_mix.cpp:748]   --->   Operation 31 'add' 'y_8' <Predicate = (HwReg_layerEnableFlag_1_val_read)> <Delay = 1.53> <CoreInst = "Adder">   --->   Core 1 'Adder' <Latency = 0> <II = 1> <Delay = 1.53> <FuncUnit> <Opcode : 'add' 'sub'> <InPorts = 2> <OutPorts = 1>
ST_3 : Operation 32 [1/1] (0.00ns)   --->   "%br_ln136 = br i1 %icmp_ln136, void %VITIS_LOOP_140_2.split.i.i, void %v_mix_upsample<true>.exit.loopexit" [prj/sol/.autopilot/db/v_mix.cpp:136->prj/sol/.autopilot/db/v_mix.cpp:748->prj/sol/.autopilot/db/v_mix.cpp:748]   --->   Operation 32 'br' 'br_ln136' <Predicate = (HwReg_layerEnableFlag_1_val_read)> <Delay = 0.00>
ST_3 : Operation 33 [1/1] (0.00ns) (grouped into LUT with out node bReadLine)   --->   "%trunc_ln136 = trunc i13 %y_7" [prj/sol/.autopilot/db/v_mix.cpp:136->prj/sol/.autopilot/db/v_mix.cpp:748->prj/sol/.autopilot/db/v_mix.cpp:748]   --->   Operation 33 'trunc' 'trunc_ln136' <Predicate = (HwReg_layerEnableFlag_1_val_read & !icmp_ln136)> <Delay = 0.00>
ST_3 : Operation 34 [1/1] (0.00ns) (grouped into LUT with out node bReadLine)   --->   "%and_ln138 = and i2 %trunc_ln136, i2 %add_ln138" [prj/sol/.autopilot/db/v_mix.cpp:138->prj/sol/.autopilot/db/v_mix.cpp:748->prj/sol/.autopilot/db/v_mix.cpp:748]   --->   Operation 34 'and' 'and_ln138' <Predicate = (HwReg_layerEnableFlag_1_val_read & !icmp_ln136)> <Delay = 0.00> <CoreInst = "LogicGate">   --->   Core 74 'LogicGate' <Latency = 0> <II = 1> <Delay = 0.80> <FuncUnit> <Opcode : 'and' 'or' 'xor'> <InPorts = 2> <OutPorts = 1>
ST_3 : Operation 35 [1/1] (0.80ns) (out node of the LUT)   --->   "%bReadLine = icmp_ne  i2 %and_ln138, i2 0" [prj/sol/.autopilot/db/v_mix.cpp:138->prj/sol/.autopilot/db/v_mix.cpp:748->prj/sol/.autopilot/db/v_mix.cpp:748]   --->   Operation 35 'icmp' 'bReadLine' <Predicate = (HwReg_layerEnableFlag_1_val_read & !icmp_ln136)> <Delay = 0.80> <CoreInst = "Cmp">   --->   Core 9 'Cmp' <Latency = 0> <II = 1> <Delay = 0.63> <FuncUnit> <Opcode : 'seteq' 'setne' 'setle' 'setge' 'setlt' 'setgt'> <InPorts = 2> <OutPorts = 1>
ST_3 : Operation 36 [2/2] (2.90ns)   --->   "%call_ln140 = call void @v_mix_upsample<true>_Pipeline_VITIS_LOOP_140_2, i13 %shl_ln140, i24 %srcLayer1x, i24 %srcLayer1Rgb, i2 %HwReg_layerScaleFactor_1_val21_read, i2 %add_ln138, i1 %bReadLine" [prj/sol/.autopilot/db/v_mix.cpp:140->prj/sol/.autopilot/db/v_mix.cpp:748->prj/sol/.autopilot/db/v_mix.cpp:748]   --->   Operation 36 'call' 'call_ln140' <Predicate = (HwReg_layerEnableFlag_1_val_read & !icmp_ln136)> <Delay = 2.90> <CoreType = "Generic">   --->   Generic Core
ST_3 : Operation 37 [1/1] (1.29ns)   --->   "%store_ln122 = store i13 %y_8, i13 %y" [prj/sol/.autopilot/db/v_mix.cpp:122->prj/sol/.autopilot/db/v_mix.cpp:748->prj/sol/.autopilot/db/v_mix.cpp:748]   --->   Operation 37 'store' 'store_ln122' <Predicate = (HwReg_layerEnableFlag_1_val_read & !icmp_ln136)> <Delay = 1.29>
ST_3 : Operation 38 [1/1] (0.00ns)   --->   "%br_ln0 = br void %v_mix_upsample<true>.exit"   --->   Operation 38 'br' 'br_ln0' <Predicate = (HwReg_layerEnableFlag_1_val_read & icmp_ln136)> <Delay = 0.00>
ST_3 : Operation 39 [1/1] (0.00ns)   --->   "%ret_ln748 = ret" [prj/sol/.autopilot/db/v_mix.cpp:748]   --->   Operation 39 'ret' 'ret_ln748' <Predicate = (icmp_ln136) | (!HwReg_layerEnableFlag_1_val_read)> <Delay = 0.00>

State 4 <SV = 3> <Delay = 0.00>
ST_4 : Operation 40 [1/1] (0.00ns)   --->   "%specloopname_ln136 = specloopname void @_ssdm_op_SpecLoopName, void @empty_46" [prj/sol/.autopilot/db/v_mix.cpp:136->prj/sol/.autopilot/db/v_mix.cpp:748->prj/sol/.autopilot/db/v_mix.cpp:748]   --->   Operation 40 'specloopname' 'specloopname_ln136' <Predicate = true> <Delay = 0.00>
ST_4 : Operation 41 [1/2] (0.00ns)   --->   "%call_ln140 = call void @v_mix_upsample<true>_Pipeline_VITIS_LOOP_140_2, i13 %shl_ln140, i24 %srcLayer1x, i24 %srcLayer1Rgb, i2 %HwReg_layerScaleFactor_1_val21_read, i2 %add_ln138, i1 %bReadLine" [prj/sol/.autopilot/db/v_mix.cpp:140->prj/sol/.autopilot/db/v_mix.cpp:748->prj/sol/.autopilot/db/v_mix.cpp:748]   --->   Operation 41 'call' 'call_ln140' <Predicate = true> <Delay = 0.00> <CoreType = "Generic">   --->   Generic Core
ST_4 : Operation 42 [1/1] (0.00ns)   --->   "%br_ln136 = br void %VITIS_LOOP_140_2.i.i" [prj/sol/.autopilot/db/v_mix.cpp:136->prj/sol/.autopilot/db/v_mix.cpp:748->prj/sol/.autopilot/db/v_mix.cpp:748]   --->   Operation 42 'br' 'br_ln136' <Predicate = true> <Delay = 0.00>


============================================================
+ Verbose Summary: Timing violations
============================================================
Target clock period: 6.667ns, clock uncertainty: 1.800ns.

 <State 1>: 2.433ns
The critical path consists of the following:
	wire read operation ('HwReg_layerScaleFactor_1_val21_read', prj/sol/.autopilot/db/v_mix.cpp:118->prj/sol/.autopilot/db/v_mix.cpp:748->prj/sol/.autopilot/db/v_mix.cpp:748) on port 'HwReg_layerScaleFactor_1_val21' (prj/sol/.autopilot/db/v_mix.cpp:118->prj/sol/.autopilot/db/v_mix.cpp:748->prj/sol/.autopilot/db/v_mix.cpp:748) [13]  (2.433 ns)

 <State 2>: 2.766ns
The critical path consists of the following:
	'shl' operation 13 bit ('shl_ln136', prj/sol/.autopilot/db/v_mix.cpp:136->prj/sol/.autopilot/db/v_mix.cpp:748->prj/sol/.autopilot/db/v_mix.cpp:748) [24]  (2.766 ns)

 <State 3>: 4.445ns
The critical path consists of the following:
	'load' operation 13 bit ('y', prj/sol/.autopilot/db/v_mix.cpp:136->prj/sol/.autopilot/db/v_mix.cpp:748->prj/sol/.autopilot/db/v_mix.cpp:748) on local variable 'y', prj/sol/.autopilot/db/v_mix.cpp:122->prj/sol/.autopilot/db/v_mix.cpp:748->prj/sol/.autopilot/db/v_mix.cpp:748 [32]  (0.000 ns)
	'icmp' operation 1 bit ('icmp_ln136', prj/sol/.autopilot/db/v_mix.cpp:136->prj/sol/.autopilot/db/v_mix.cpp:748->prj/sol/.autopilot/db/v_mix.cpp:748) [34]  (1.537 ns)
	'call' operation ('call_ln140', prj/sol/.autopilot/db/v_mix.cpp:140->prj/sol/.autopilot/db/v_mix.cpp:748->prj/sol/.autopilot/db/v_mix.cpp:748) to 'v_mix_upsample<true>_Pipeline_VITIS_LOOP_140_2' [42]  (2.908 ns)

 <State 4>: 0.000ns
The critical path consists of the following:


============================================================
+ Verbose Summary: Binding
============================================================
N/A
* FSMD analyzer results:
  - Output states:
 - Input state : 
  - Chain level:
	State 1
	State 2
	State 3
	State 4


============================================================
+ Verbose Summary: Datapath Resource usage 
============================================================
N/A
