

================================================================
== Vitis HLS Report for 'v_mix_upsample_alpha_true_s'
================================================================
* Date:           Thu Mar  5 21:15:28 2026

* Version:        2025.2 (Build 6295257 on Nov 14 2025)
* Project:        prj
* Solution:       sol (Vivado IP Flow Target)
* Product family: zynq
* Target device:  xc7z020-clg400-2


================================================================
== Performance Estimates
================================================================
+ Timing: 
    * Summary: 
    +--------+---------+----------+------------+
    |  Clock |  Target | Estimated| Uncertainty|
    +--------+---------+----------+------------+
    |ap_clk  |  6.67 ns|  4.684 ns|     1.80 ns|
    +--------+---------+----------+------------+

+ Latency: 
    * Summary: 
    +---------+-------------+-----------+-------------+-----+-------------+---------+
    |    Latency (cycles)   |    Latency (absolute)   |      Interval     | Pipeline|
    |   min   |     max     |    min    |     max     | min |     max     |   Type  |
    +---------+-------------+-----------+-------------+-----+-------------+---------+
    |        2|  68718952442|  13.334 ns|  458.149 sec|    2|  68718952442|       no|
    +---------+-------------+-----------+-------------+-----+-------------+---------+

    + Detail: 
        * Instance: 
        +---------------------------------------------------------------+-----------------------------------------------------+---------+---------+-----------+----------+-----+-----+-------------------+
        |                                                               |                                                     |  Latency (cycles) |  Latency (absolute)  |  Interval |      Pipeline     |
        |                            Instance                           |                        Module                       |   min   |   max   |    min    |    max   | min | max |        Type       |
        +---------------------------------------------------------------+-----------------------------------------------------+---------+---------+-----------+----------+-----+-----+-------------------+
        |grp_v_mix_upsample_alpha_true_Pipeline_VITIS_LOOP_236_2_fu_86  |v_mix_upsample_alpha_true_Pipeline_VITIS_LOOP_236_2  |        2|   262144|  13.334 ns|  1.748 ms|    0|    0|  loop pipeline stp|
        +---------------------------------------------------------------+-----------------------------------------------------+---------+---------+-----------+----------+-----+-----+-------------------+

        * Loop: 
        +--------------------+---------+-------------+------------+-----------+-----------+------------+----------+
        |                    |    Latency (cycles)   |  Iteration |  Initiation Interval  |    Trip    |          |
        |      Loop Name     |   min   |     max     |   Latency  |  achieved |   target  |    Count   | Pipelined|
        +--------------------+---------+-------------+------------+-----------+-----------+------------+----------+
        |- VITIS_LOOP_232_1  |        0|  68718952440|  4 ~ 262146|          -|          -|  0 ~ 262140|        no|
        +--------------------+---------+-------------+------------+-----------+-----------+------------+----------+



================================================================
== Utilization Estimates
================================================================
* Summary: 
+-----------------+---------+-----+--------+-------+-----+
|       Name      | BRAM_18K| DSP |   FF   |  LUT  | URAM|
+-----------------+---------+-----+--------+-------+-----+
|DSP              |        -|    -|       -|      -|    -|
|Expression       |        -|    -|       0|    130|    -|
|FIFO             |        -|    -|       -|      -|    -|
|Instance         |        2|    -|     221|    239|    0|
|Memory           |        -|    -|       -|      -|    -|
|Multiplexer      |        -|    -|       0|     48|    -|
|Register         |        -|    -|      65|      -|    -|
+-----------------+---------+-----+--------+-------+-----+
|Total            |        2|    0|     286|    417|    0|
+-----------------+---------+-----+--------+-------+-----+
|Available        |      280|  220|  106400|  53200|    0|
+-----------------+---------+-----+--------+-------+-----+
|Utilization (%)  |       ~0|    0|      ~0|     ~0|    0|
+-----------------+---------+-----+--------+-------+-----+

+ Detail: 
    * Instance: 
    +---------------------------------------------------------------+-----------------------------------------------------+---------+----+-----+-----+-----+
    |                            Instance                           |                        Module                       | BRAM_18K| DSP|  FF | LUT | URAM|
    +---------------------------------------------------------------+-----------------------------------------------------+---------+----+-----+-----+-----+
    |grp_v_mix_upsample_alpha_true_Pipeline_VITIS_LOOP_236_2_fu_86  |v_mix_upsample_alpha_true_Pipeline_VITIS_LOOP_236_2  |        2|   0|  221|  239|    0|
    +---------------------------------------------------------------+-----------------------------------------------------+---------+----+-----+-----+-----+
    |Total                                                          |                                                     |        2|   0|  221|  239|    0|
    +---------------------------------------------------------------+-----------------------------------------------------+---------+----+-----+-----+-----+

    * DSP: 
    N/A

    * Memory: 
    N/A

    * FIFO: 
    N/A

    * Expression: 
    +----------------------+----------+----+---+----+------------+------------+
    |     Variable Name    | Operation| DSP| FF| LUT| Bitwidth P0| Bitwidth P1|
    +----------------------+----------+----+---+----+------------+------------+
    |add_ln234_fu_124_p2   |         +|   0|  0|   3|           2|           2|
    |y_6_fu_157_p2         |         +|   0|  0|  16|          16|           1|
    |and_ln234_fu_167_p2   |       and|   0|  0|   2|           2|           2|
    |bReadLine_fu_172_p2   |      icmp|   0|  0|   3|           2|           1|
    |icmp_ln232_fu_152_p2  |      icmp|   0|  0|  18|          18|          18|
    |ap_block_state1       |        or|   0|  0|   1|           1|           1|
    |shl_ln232_fu_114_p2   |       shl|   0|  0|  40|          18|          18|
    |shl_ln236_fu_134_p2   |       shl|   0|  0|  40|          18|          18|
    |upfactor_fu_104_p2    |       shl|   0|  0|   7|           1|           3|
    +----------------------+----------+----+---+----+------------+------------+
    |Total                 |          |   0|  0| 130|          78|          64|
    +----------------------+----------+----+---+----+------------+------------+

    * Multiplexer: 
    +------------+----+-----------+-----+-----------+
    |    Name    | LUT| Input Size| Bits| Total Bits|
    +------------+----+-----------+-----+-----------+
    |ap_NS_fsm   |  21|          5|    1|          5|
    |ap_done     |   9|          2|    1|          2|
    |real_start  |   9|          2|    1|          2|
    |y_fu_58     |   9|          2|   16|         32|
    +------------+----+-----------+-----+-----------+
    |Total       |  48|         11|   19|         41|
    +------------+----+-----------+-----+-----------+

    * Register: 
    +----------------------------------------------------------------------------+----+----+-----+-----------+
    |                                    Name                                    | FF | LUT| Bits| Const Bits|
    +----------------------------------------------------------------------------+----+----+-----+-----------+
    |HwReg_layerEnableFlag_1_val_read_reg_191                                    |   1|   0|    1|          0|
    |HwReg_layerScaleFactor_1_val21_read_reg_184                                 |   2|   0|    2|          0|
    |add_ln234_reg_207                                                           |   2|   0|    2|          0|
    |ap_CS_fsm                                                                   |   4|   0|    4|          0|
    |ap_done_reg                                                                 |   1|   0|    1|          0|
    |bReadLine_reg_221                                                           |   1|   0|    1|          0|
    |grp_v_mix_upsample_alpha_true_Pipeline_VITIS_LOOP_236_2_fu_86_ap_start_reg  |   1|   0|    1|          0|
    |shl_ln232_reg_202                                                           |  18|   0|   18|          0|
    |shl_ln236_reg_213                                                           |  18|   0|   18|          0|
    |start_once_reg                                                              |   1|   0|    1|          0|
    |y_fu_58                                                                     |  16|   0|   16|          0|
    +----------------------------------------------------------------------------+----+----+-----+-----------+
    |Total                                                                       |  65|   0|   65|          0|
    +----------------------------------------------------------------------------+----+----+-----+-----------+



================================================================
== Interface
================================================================
* Summary: 
+--------------------------------+-----+-----+------------+--------------------------------+--------------+
|            RTL Ports           | Dir | Bits|  Protocol  |          Source Object         |    C Type    |
+--------------------------------+-----+-----+------------+--------------------------------+--------------+
|ap_clk                          |   in|    1|  ap_ctrl_hs|      v_mix_upsample_alpha<true>|  return value|
|ap_rst                          |   in|    1|  ap_ctrl_hs|      v_mix_upsample_alpha<true>|  return value|
|ap_start                        |   in|    1|  ap_ctrl_hs|      v_mix_upsample_alpha<true>|  return value|
|start_full_n                    |   in|    1|  ap_ctrl_hs|      v_mix_upsample_alpha<true>|  return value|
|ap_done                         |  out|    1|  ap_ctrl_hs|      v_mix_upsample_alpha<true>|  return value|
|ap_continue                     |   in|    1|  ap_ctrl_hs|      v_mix_upsample_alpha<true>|  return value|
|ap_idle                         |  out|    1|  ap_ctrl_hs|      v_mix_upsample_alpha<true>|  return value|
|ap_ready                        |  out|    1|  ap_ctrl_hs|      v_mix_upsample_alpha<true>|  return value|
|start_out                       |  out|    1|  ap_ctrl_hs|      v_mix_upsample_alpha<true>|  return value|
|start_write                     |  out|    1|  ap_ctrl_hs|      v_mix_upsample_alpha<true>|  return value|
|srcLayer1Alpha_dout             |   in|    8|     ap_fifo|                  srcLayer1Alpha|       pointer|
|srcLayer1Alpha_empty_n          |   in|    1|     ap_fifo|                  srcLayer1Alpha|       pointer|
|srcLayer1Alpha_read             |  out|    1|     ap_fifo|                  srcLayer1Alpha|       pointer|
|srcLayer1Alpha_num_data_valid   |   in|    5|     ap_fifo|                  srcLayer1Alpha|       pointer|
|srcLayer1Alpha_fifo_cap         |   in|    5|     ap_fifo|                  srcLayer1Alpha|       pointer|
|HwReg_layerHeight_1_val         |   in|   16|   ap_stable|         HwReg_layerHeight_1_val|        scalar|
|HwReg_layerWidth_1_val          |   in|   16|   ap_stable|          HwReg_layerWidth_1_val|        scalar|
|HwReg_layerEnableFlag_1_val     |   in|    1|   ap_stable|     HwReg_layerEnableFlag_1_val|        scalar|
|HwReg_layerScaleFactor_1_val21  |   in|    2|   ap_stable|  HwReg_layerScaleFactor_1_val21|        scalar|
|srcLayer1Alphax_din             |  out|    8|     ap_fifo|                 srcLayer1Alphax|       pointer|
|srcLayer1Alphax_full_n          |   in|    1|     ap_fifo|                 srcLayer1Alphax|       pointer|
|srcLayer1Alphax_write           |  out|    1|     ap_fifo|                 srcLayer1Alphax|       pointer|
|srcLayer1Alphax_num_data_valid  |   in|    5|     ap_fifo|                 srcLayer1Alphax|       pointer|
|srcLayer1Alphax_fifo_cap        |   in|    5|     ap_fifo|                 srcLayer1Alphax|       pointer|
+--------------------------------+-----+-----+------------+--------------------------------+--------------+

============================================================
+ Verbose Summary: Synthesis Manager
============================================================
InlineROM: 1
ExposeGlobal: 0
============================================================
+ Verbose Summary: CDFG Model
============================================================
IsTopModel: 0
ResetActiveHigh: 1
IsCombinational: 2
IsDatapathOnly: 0
HasWiredReturn: 1
HasMFsm: 0
HasVarLatency: 1
IsPipeline: 0
IsRtlPipelined: 0
IsInstanceOverlapped: 0
IsDontTouch: 0
HasImplIP: 0
IsGatedGlobalClock: 0


============================================================
+ Verbose Summary: Schedule
============================================================
* Number of FSM states : 4
* Pipeline : 0
* Dataflow Pipeline: 0

* FSM state transitions: 
1 --> 2 
2 --> 3 
3 --> 4 
4 --> 3 

* FSM state operations: 

State 1 <SV = 0> <Delay = 2.43>
ST_1 : Operation 5 [1/1] (2.43ns)   --->   "%HwReg_layerScaleFactor_1_val21_read = read i2 @_ssdm_op_Read.ap_auto.i2, i2 %HwReg_layerScaleFactor_1_val21" [prj/sol/.autopilot/db/v_mix.cpp:214->prj/sol/.autopilot/db/v_mix.cpp:752->prj/sol/.autopilot/db/v_mix.cpp:752]   --->   Operation 5 'read' 'HwReg_layerScaleFactor_1_val21_read' <Predicate = true> <Delay = 2.43> <CoreInst = "FIFO_SRL">   --->   Core 80 'FIFO_SRL' <Latency = 0> <II = 1> <Delay = 3.40> <Storage> <Opcode : 'read' 'write' 'nbread' 'nbwrite'> <Ports = 0> <Width = 2> <Depth = 2> <FIFO>

State 2 <SV = 1> <Delay = 3.12>
ST_2 : Operation 6 [1/1] (0.00ns)   --->   "%specstablecontent_ln0 = specstablecontent void @_ssdm_op_SpecStableContent, i2 %HwReg_layerScaleFactor_1_val21, i1 1, void @p_str"   --->   Operation 6 'specstablecontent' 'specstablecontent_ln0' <Predicate = true> <Delay = 0.00>
ST_2 : Operation 7 [1/1] (0.00ns)   --->   "%specstablecontent_ln0 = specstablecontent void @_ssdm_op_SpecStableContent, i16 %HwReg_layerHeight_1_val, i1 1, void @p_str"   --->   Operation 7 'specstablecontent' 'specstablecontent_ln0' <Predicate = true> <Delay = 0.00>
ST_2 : Operation 8 [1/1] (0.00ns)   --->   "%specstablecontent_ln0 = specstablecontent void @_ssdm_op_SpecStableContent, i16 %HwReg_layerWidth_1_val, i1 1, void @p_str"   --->   Operation 8 'specstablecontent' 'specstablecontent_ln0' <Predicate = true> <Delay = 0.00>
ST_2 : Operation 9 [1/1] (0.00ns)   --->   "%specstablecontent_ln0 = specstablecontent void @_ssdm_op_SpecStableContent, i1 %HwReg_layerEnableFlag_1_val, i1 1, void @p_str"   --->   Operation 9 'specstablecontent' 'specstablecontent_ln0' <Predicate = true> <Delay = 0.00>
ST_2 : Operation 10 [1/1] (0.00ns)   --->   "%specinterface_ln0 = specinterface void @_ssdm_op_SpecInterface, i8 %srcLayer1Alphax, void @empty_32, i32 0, i32 0, void @empty_47, i32 0, i32 0, void @empty_47, void @empty_47, void @empty_47, i32 0, i32 0, i32 0, i32 0, void @empty_47, void @empty_47, i32 4294967295, i32 0, i32 0, i32 0"   --->   Operation 10 'specinterface' 'specinterface_ln0' <Predicate = true> <Delay = 0.00>
ST_2 : Operation 11 [1/1] (0.00ns)   --->   "%specinterface_ln0 = specinterface void @_ssdm_op_SpecInterface, i8 %srcLayer1Alpha, void @empty_32, i32 0, i32 0, void @empty_47, i32 0, i32 0, void @empty_47, void @empty_47, void @empty_47, i32 0, i32 0, i32 0, i32 0, void @empty_47, void @empty_47, i32 4294967295, i32 0, i32 0, i32 0"   --->   Operation 11 'specinterface' 'specinterface_ln0' <Predicate = true> <Delay = 0.00>
ST_2 : Operation 12 [1/1] (0.00ns)   --->   "%HwReg_layerEnableFlag_1_val_read = read i1 @_ssdm_op_Read.ap_auto.i1, i1 %HwReg_layerEnableFlag_1_val" [prj/sol/.autopilot/db/v_mix.cpp:214->prj/sol/.autopilot/db/v_mix.cpp:752->prj/sol/.autopilot/db/v_mix.cpp:752]   --->   Operation 12 'read' 'HwReg_layerEnableFlag_1_val_read' <Predicate = true> <Delay = 0.00>
ST_2 : Operation 13 [1/1] (0.00ns)   --->   "%HwReg_layerWidth_1_val_read = read i16 @_ssdm_op_Read.ap_auto.i16, i16 %HwReg_layerWidth_1_val" [prj/sol/.autopilot/db/v_mix.cpp:214->prj/sol/.autopilot/db/v_mix.cpp:752->prj/sol/.autopilot/db/v_mix.cpp:752]   --->   Operation 13 'read' 'HwReg_layerWidth_1_val_read' <Predicate = true> <Delay = 0.00>
ST_2 : Operation 14 [1/1] (0.00ns)   --->   "%HwReg_layerHeight_1_val_read = read i16 @_ssdm_op_Read.ap_auto.i16, i16 %HwReg_layerHeight_1_val" [prj/sol/.autopilot/db/v_mix.cpp:214->prj/sol/.autopilot/db/v_mix.cpp:752->prj/sol/.autopilot/db/v_mix.cpp:752]   --->   Operation 14 'read' 'HwReg_layerHeight_1_val_read' <Predicate = true> <Delay = 0.00>
ST_2 : Operation 15 [1/1] (0.00ns)   --->   "%zext_ln223 = zext i2 %HwReg_layerScaleFactor_1_val21_read" [prj/sol/.autopilot/db/v_mix.cpp:223->prj/sol/.autopilot/db/v_mix.cpp:752->prj/sol/.autopilot/db/v_mix.cpp:752]   --->   Operation 15 'zext' 'zext_ln223' <Predicate = true> <Delay = 0.00>
ST_2 : Operation 16 [1/1] (0.00ns)   --->   "%zext_ln223_1 = zext i2 %HwReg_layerScaleFactor_1_val21_read" [prj/sol/.autopilot/db/v_mix.cpp:223->prj/sol/.autopilot/db/v_mix.cpp:752->prj/sol/.autopilot/db/v_mix.cpp:752]   --->   Operation 16 'zext' 'zext_ln223_1' <Predicate = true> <Delay = 0.00>
ST_2 : Operation 17 [1/1] (1.49ns)   --->   "%upfactor = shl i3 1, i3 %zext_ln223_1" [prj/sol/.autopilot/db/v_mix.cpp:223->prj/sol/.autopilot/db/v_mix.cpp:752->prj/sol/.autopilot/db/v_mix.cpp:752]   --->   Operation 17 'shl' 'upfactor' <Predicate = true> <Delay = 1.49> <CoreInst = "Shifter">   --->   Core 75 'Shifter' <Latency = 0> <II = 1> <Delay = 1.72> <FuncUnit> <Opcode : 'shl' 'lshr' 'ashr'> <InPorts = 2> <OutPorts = 1>
ST_2 : Operation 18 [1/1] (0.00ns)   --->   "%br_ln230 = br i1 %HwReg_layerEnableFlag_1_val_read, void %v_mix_upsample_alpha<true>.exit, void %VITIS_LOOP_232_1.i.i" [prj/sol/.autopilot/db/v_mix.cpp:230->prj/sol/.autopilot/db/v_mix.cpp:752->prj/sol/.autopilot/db/v_mix.cpp:752]   --->   Operation 18 'br' 'br_ln230' <Predicate = true> <Delay = 0.00>
ST_2 : Operation 19 [1/1] (0.00ns)   --->   "%y = alloca i32 1" [prj/sol/.autopilot/db/v_mix.cpp:218->prj/sol/.autopilot/db/v_mix.cpp:752->prj/sol/.autopilot/db/v_mix.cpp:752]   --->   Operation 19 'alloca' 'y' <Predicate = (HwReg_layerEnableFlag_1_val_read)> <Delay = 0.00>
ST_2 : Operation 20 [1/1] (0.00ns)   --->   "%zext_ln232 = zext i16 %HwReg_layerHeight_1_val_read" [prj/sol/.autopilot/db/v_mix.cpp:232->prj/sol/.autopilot/db/v_mix.cpp:752->prj/sol/.autopilot/db/v_mix.cpp:752]   --->   Operation 20 'zext' 'zext_ln232' <Predicate = (HwReg_layerEnableFlag_1_val_read)> <Delay = 0.00>
ST_2 : Operation 21 [1/1] (3.12ns)   --->   "%shl_ln232 = shl i18 %zext_ln232, i18 %zext_ln223" [prj/sol/.autopilot/db/v_mix.cpp:232->prj/sol/.autopilot/db/v_mix.cpp:752->prj/sol/.autopilot/db/v_mix.cpp:752]   --->   Operation 21 'shl' 'shl_ln232' <Predicate = (HwReg_layerEnableFlag_1_val_read)> <Delay = 3.12> <CoreInst = "Shifter">   --->   Core 75 'Shifter' <Latency = 0> <II = 1> <Delay = 3.08> <FuncUnit> <Opcode : 'shl' 'lshr' 'ashr'> <InPorts = 2> <OutPorts = 1>
ST_2 : Operation 22 [1/1] (0.00ns)   --->   "%trunc_ln234 = trunc i3 %upfactor" [prj/sol/.autopilot/db/v_mix.cpp:234->prj/sol/.autopilot/db/v_mix.cpp:752->prj/sol/.autopilot/db/v_mix.cpp:752]   --->   Operation 22 'trunc' 'trunc_ln234' <Predicate = (HwReg_layerEnableFlag_1_val_read)> <Delay = 0.00>
ST_2 : Operation 23 [1/1] (0.63ns)   --->   "%add_ln234 = add i2 %trunc_ln234, i2 3" [prj/sol/.autopilot/db/v_mix.cpp:234->prj/sol/.autopilot/db/v_mix.cpp:752->prj/sol/.autopilot/db/v_mix.cpp:752]   --->   Operation 23 'add' 'add_ln234' <Predicate = (HwReg_layerEnableFlag_1_val_read)> <Delay = 0.63> <CoreInst = "Adder">   --->   Core 1 'Adder' <Latency = 0> <II = 1> <Delay = 0.63> <FuncUnit> <Opcode : 'add' 'sub'> <InPorts = 2> <OutPorts = 1>
ST_2 : Operation 24 [1/1] (0.00ns)   --->   "%zext_ln236 = zext i16 %HwReg_layerWidth_1_val_read" [prj/sol/.autopilot/db/v_mix.cpp:236->prj/sol/.autopilot/db/v_mix.cpp:752->prj/sol/.autopilot/db/v_mix.cpp:752]   --->   Operation 24 'zext' 'zext_ln236' <Predicate = (HwReg_layerEnableFlag_1_val_read)> <Delay = 0.00>
ST_2 : Operation 25 [1/1] (3.12ns)   --->   "%shl_ln236 = shl i18 %zext_ln236, i18 %zext_ln223" [prj/sol/.autopilot/db/v_mix.cpp:236->prj/sol/.autopilot/db/v_mix.cpp:752->prj/sol/.autopilot/db/v_mix.cpp:752]   --->   Operation 25 'shl' 'shl_ln236' <Predicate = (HwReg_layerEnableFlag_1_val_read)> <Delay = 3.12> <CoreInst = "Shifter">   --->   Core 75 'Shifter' <Latency = 0> <II = 1> <Delay = 3.08> <FuncUnit> <Opcode : 'shl' 'lshr' 'ashr'> <InPorts = 2> <OutPorts = 1>
ST_2 : Operation 26 [1/1] (1.29ns)   --->   "%store_ln218 = store i16 0, i16 %y" [prj/sol/.autopilot/db/v_mix.cpp:218->prj/sol/.autopilot/db/v_mix.cpp:752->prj/sol/.autopilot/db/v_mix.cpp:752]   --->   Operation 26 'store' 'store_ln218' <Predicate = (HwReg_layerEnableFlag_1_val_read)> <Delay = 1.29>
ST_2 : Operation 27 [1/1] (0.00ns)   --->   "%br_ln232 = br void %VITIS_LOOP_236_2.i.i" [prj/sol/.autopilot/db/v_mix.cpp:232->prj/sol/.autopilot/db/v_mix.cpp:752->prj/sol/.autopilot/db/v_mix.cpp:752]   --->   Operation 27 'br' 'br_ln232' <Predicate = (HwReg_layerEnableFlag_1_val_read)> <Delay = 0.00>

State 3 <SV = 2> <Delay = 4.68>
ST_3 : Operation 28 [1/1] (0.00ns)   --->   "%y_5 = load i16 %y" [prj/sol/.autopilot/db/v_mix.cpp:232->prj/sol/.autopilot/db/v_mix.cpp:752->prj/sol/.autopilot/db/v_mix.cpp:752]   --->   Operation 28 'load' 'y_5' <Predicate = (HwReg_layerEnableFlag_1_val_read)> <Delay = 0.00>
ST_3 : Operation 29 [1/1] (0.00ns)   --->   "%zext_ln232_1 = zext i16 %y_5" [prj/sol/.autopilot/db/v_mix.cpp:232->prj/sol/.autopilot/db/v_mix.cpp:752->prj/sol/.autopilot/db/v_mix.cpp:752]   --->   Operation 29 'zext' 'zext_ln232_1' <Predicate = (HwReg_layerEnableFlag_1_val_read)> <Delay = 0.00>
ST_3 : Operation 30 [1/1] (1.56ns)   --->   "%icmp_ln232 = icmp_ugt  i18 %shl_ln232, i18 %zext_ln232_1" [prj/sol/.autopilot/db/v_mix.cpp:232->prj/sol/.autopilot/db/v_mix.cpp:752->prj/sol/.autopilot/db/v_mix.cpp:752]   --->   Operation 30 'icmp' 'icmp_ln232' <Predicate = (HwReg_layerEnableFlag_1_val_read)> <Delay = 1.56> <CoreInst = "Cmp">   --->   Core 9 'Cmp' <Latency = 0> <II = 1> <Delay = 1.56> <FuncUnit> <Opcode : 'seteq' 'setne' 'setle' 'setge' 'setlt' 'setgt'> <InPorts = 2> <OutPorts = 1>
ST_3 : Operation 31 [1/1] (0.00ns)   --->   "%speclooptripcount_ln0 = speclooptripcount void @_ssdm_op_SpecLoopTripCount, i64 0, i64 262140, i64 0"   --->   Operation 31 'speclooptripcount' 'speclooptripcount_ln0' <Predicate = (HwReg_layerEnableFlag_1_val_read)> <Delay = 0.00>
ST_3 : Operation 32 [1/1] (1.54ns)   --->   "%y_6 = add i16 %y_5, i16 1" [prj/sol/.autopilot/db/v_mix.cpp:232->prj/sol/.autopilot/db/v_mix.cpp:752->prj/sol/.autopilot/db/v_mix.cpp:752]   --->   Operation 32 'add' 'y_6' <Predicate = (HwReg_layerEnableFlag_1_val_read)> <Delay = 1.54> <CoreInst = "Adder">   --->   Core 1 'Adder' <Latency = 0> <II = 1> <Delay = 1.54> <FuncUnit> <Opcode : 'add' 'sub'> <InPorts = 2> <OutPorts = 1>
ST_3 : Operation 33 [1/1] (0.00ns)   --->   "%br_ln232 = br i1 %icmp_ln232, void %v_mix_upsample_alpha<true>.exit.loopexit, void %VITIS_LOOP_236_2.split.i.i" [prj/sol/.autopilot/db/v_mix.cpp:232->prj/sol/.autopilot/db/v_mix.cpp:752->prj/sol/.autopilot/db/v_mix.cpp:752]   --->   Operation 33 'br' 'br_ln232' <Predicate = (HwReg_layerEnableFlag_1_val_read)> <Delay = 0.00>
ST_3 : Operation 34 [1/1] (0.00ns) (grouped into LUT with out node bReadLine)   --->   "%trunc_ln232 = trunc i16 %y_5" [prj/sol/.autopilot/db/v_mix.cpp:232->prj/sol/.autopilot/db/v_mix.cpp:752->prj/sol/.autopilot/db/v_mix.cpp:752]   --->   Operation 34 'trunc' 'trunc_ln232' <Predicate = (HwReg_layerEnableFlag_1_val_read & icmp_ln232)> <Delay = 0.00>
ST_3 : Operation 35 [1/1] (0.00ns) (grouped into LUT with out node bReadLine)   --->   "%and_ln234 = and i2 %trunc_ln232, i2 %add_ln234" [prj/sol/.autopilot/db/v_mix.cpp:234->prj/sol/.autopilot/db/v_mix.cpp:752->prj/sol/.autopilot/db/v_mix.cpp:752]   --->   Operation 35 'and' 'and_ln234' <Predicate = (HwReg_layerEnableFlag_1_val_read & icmp_ln232)> <Delay = 0.00> <CoreInst = "LogicGate">   --->   Core 74 'LogicGate' <Latency = 0> <II = 1> <Delay = 0.80> <FuncUnit> <Opcode : 'and' 'or' 'xor'> <InPorts = 2> <OutPorts = 1>
ST_3 : Operation 36 [1/1] (0.80ns) (out node of the LUT)   --->   "%bReadLine = icmp_ne  i2 %and_ln234, i2 0" [prj/sol/.autopilot/db/v_mix.cpp:234->prj/sol/.autopilot/db/v_mix.cpp:752->prj/sol/.autopilot/db/v_mix.cpp:752]   --->   Operation 36 'icmp' 'bReadLine' <Predicate = (HwReg_layerEnableFlag_1_val_read & icmp_ln232)> <Delay = 0.80> <CoreInst = "Cmp">   --->   Core 9 'Cmp' <Latency = 0> <II = 1> <Delay = 0.63> <FuncUnit> <Opcode : 'seteq' 'setne' 'setle' 'setge' 'setlt' 'setgt'> <InPorts = 2> <OutPorts = 1>
ST_3 : Operation 37 [2/2] (3.12ns)   --->   "%call_ln236 = call void @v_mix_upsample_alpha<true>_Pipeline_VITIS_LOOP_236_2, i18 %shl_ln236, i8 %srcLayer1Alphax, i8 %srcLayer1Alpha, i2 %HwReg_layerScaleFactor_1_val21_read, i2 %add_ln234, i1 %bReadLine" [prj/sol/.autopilot/db/v_mix.cpp:236->prj/sol/.autopilot/db/v_mix.cpp:752->prj/sol/.autopilot/db/v_mix.cpp:752]   --->   Operation 37 'call' 'call_ln236' <Predicate = (HwReg_layerEnableFlag_1_val_read & icmp_ln232)> <Delay = 3.12> <CoreType = "Generic">   --->   Generic Core
ST_3 : Operation 38 [1/1] (1.29ns)   --->   "%store_ln218 = store i16 %y_6, i16 %y" [prj/sol/.autopilot/db/v_mix.cpp:218->prj/sol/.autopilot/db/v_mix.cpp:752->prj/sol/.autopilot/db/v_mix.cpp:752]   --->   Operation 38 'store' 'store_ln218' <Predicate = (HwReg_layerEnableFlag_1_val_read & icmp_ln232)> <Delay = 1.29>
ST_3 : Operation 39 [1/1] (0.00ns)   --->   "%br_ln0 = br void %v_mix_upsample_alpha<true>.exit"   --->   Operation 39 'br' 'br_ln0' <Predicate = (HwReg_layerEnableFlag_1_val_read & !icmp_ln232)> <Delay = 0.00>
ST_3 : Operation 40 [1/1] (0.00ns)   --->   "%ret_ln752 = ret" [prj/sol/.autopilot/db/v_mix.cpp:752]   --->   Operation 40 'ret' 'ret_ln752' <Predicate = (!icmp_ln232) | (!HwReg_layerEnableFlag_1_val_read)> <Delay = 0.00>

State 4 <SV = 3> <Delay = 0.00>
ST_4 : Operation 41 [1/1] (0.00ns)   --->   "%specloopname_ln232 = specloopname void @_ssdm_op_SpecLoopName, void @empty_44" [prj/sol/.autopilot/db/v_mix.cpp:232->prj/sol/.autopilot/db/v_mix.cpp:752->prj/sol/.autopilot/db/v_mix.cpp:752]   --->   Operation 41 'specloopname' 'specloopname_ln232' <Predicate = true> <Delay = 0.00>
ST_4 : Operation 42 [1/2] (0.00ns)   --->   "%call_ln236 = call void @v_mix_upsample_alpha<true>_Pipeline_VITIS_LOOP_236_2, i18 %shl_ln236, i8 %srcLayer1Alphax, i8 %srcLayer1Alpha, i2 %HwReg_layerScaleFactor_1_val21_read, i2 %add_ln234, i1 %bReadLine" [prj/sol/.autopilot/db/v_mix.cpp:236->prj/sol/.autopilot/db/v_mix.cpp:752->prj/sol/.autopilot/db/v_mix.cpp:752]   --->   Operation 42 'call' 'call_ln236' <Predicate = true> <Delay = 0.00> <CoreType = "Generic">   --->   Generic Core
ST_4 : Operation 43 [1/1] (0.00ns)   --->   "%br_ln232 = br void %VITIS_LOOP_236_2.i.i" [prj/sol/.autopilot/db/v_mix.cpp:232->prj/sol/.autopilot/db/v_mix.cpp:752->prj/sol/.autopilot/db/v_mix.cpp:752]   --->   Operation 43 'br' 'br_ln232' <Predicate = true> <Delay = 0.00>


============================================================
+ Verbose Summary: Binding
============================================================
STG Binding: 
---------------- STG Properties BEGIN ----------------
- Is combinational: 0
- Is one-state seq: 0
- Is datapath-only: 0
- Is pipelined: 0
- Is top level: 0
Port [ Return ] is wired: 1; IO mode=ap_ctrl_hs:ce=0
Port [ srcLayer1Alpha]:  wired=1; compound=1; hidden=0; nouse=0; global=0; static=0; extern=0; dir=0; type=3; pingpong=0; private_global=0; IO mode=ap_fifo:ce=0
Port [ HwReg_layerHeight_1_val]:  wired=1; compound=0; hidden=0; nouse=0; global=0; static=0; extern=0; dir=0; type=0; pingpong=0; private_global=0; IO mode=ap_stable:ce=0
Port [ HwReg_layerWidth_1_val]:  wired=1; compound=0; hidden=0; nouse=0; global=0; static=0; extern=0; dir=0; type=0; pingpong=0; private_global=0; IO mode=ap_stable:ce=0
Port [ HwReg_layerEnableFlag_1_val]:  wired=1; compound=0; hidden=0; nouse=0; global=0; static=0; extern=0; dir=0; type=0; pingpong=0; private_global=0; IO mode=ap_stable:ce=0
Port [ HwReg_layerScaleFactor_1_val21]:  wired=1; compound=0; hidden=0; nouse=0; global=0; static=0; extern=0; dir=0; type=0; pingpong=0; private_global=0; IO mode=ap_stable:ce=0
Port [ srcLayer1Alphax]:  wired=1; compound=1; hidden=0; nouse=0; global=0; static=0; extern=0; dir=1; type=3; pingpong=0; private_global=0; IO mode=ap_fifo:ce=0
---------------- STG Properties END ------------------

---------------- Datapath Model BEGIN ----------------

<LifeTime>
<method=bitvector/>
HwReg_layerScaleFactor_1_val21_read (read             ) [ 00111]
specstablecontent_ln0               (specstablecontent) [ 00000]
specstablecontent_ln0               (specstablecontent) [ 00000]
specstablecontent_ln0               (specstablecontent) [ 00000]
specstablecontent_ln0               (specstablecontent) [ 00000]
specinterface_ln0                   (specinterface    ) [ 00000]
specinterface_ln0                   (specinterface    ) [ 00000]
HwReg_layerEnableFlag_1_val_read    (read             ) [ 00111]
HwReg_layerWidth_1_val_read         (read             ) [ 00000]
HwReg_layerHeight_1_val_read        (read             ) [ 00000]
zext_ln223                          (zext             ) [ 00000]
zext_ln223_1                        (zext             ) [ 00000]
upfactor                            (shl              ) [ 00000]
br_ln230                            (br               ) [ 00000]
y                                   (alloca           ) [ 00111]
zext_ln232                          (zext             ) [ 00000]
shl_ln232                           (shl              ) [ 00011]
trunc_ln234                         (trunc            ) [ 00000]
add_ln234                           (add              ) [ 00011]
zext_ln236                          (zext             ) [ 00000]
shl_ln236                           (shl              ) [ 00011]
store_ln218                         (store            ) [ 00000]
br_ln232                            (br               ) [ 00000]
y_5                                 (load             ) [ 00000]
zext_ln232_1                        (zext             ) [ 00000]
icmp_ln232                          (icmp             ) [ 00011]
speclooptripcount_ln0               (speclooptripcount) [ 00000]
y_6                                 (add              ) [ 00000]
br_ln232                            (br               ) [ 00000]
trunc_ln232                         (trunc            ) [ 00000]
and_ln234                           (and              ) [ 00000]
bReadLine                           (icmp             ) [ 00001]
store_ln218                         (store            ) [ 00000]
br_ln0                              (br               ) [ 00000]
ret_ln752                           (ret              ) [ 00000]
specloopname_ln232                  (specloopname     ) [ 00000]
call_ln236                          (call             ) [ 00000]
br_ln232                            (br               ) [ 00000]
</LifeTime>

<model>

<comp_list>
<comp id="0" class="1000" name="srcLayer1Alpha">
<pin_list>
<pin id="1" dir="1" index="0" bw="1" slack="0"/>
</pin_list>
<bind>
<StgValue><ssdm name="srcLayer1Alpha"/></StgValue>
</bind>
</comp>

<comp id="2" class="1000" name="HwReg_layerHeight_1_val">
<pin_list>
<pin id="3" dir="1" index="0" bw="1" slack="0"/>
</pin_list>
<bind>
<StgValue><ssdm name="HwReg_layerHeight_1_val"/></StgValue>
</bind>
</comp>

<comp id="4" class="1000" name="HwReg_layerWidth_1_val">
<pin_list>
<pin id="5" dir="1" index="0" bw="1" slack="0"/>
</pin_list>
<bind>
<StgValue><ssdm name="HwReg_layerWidth_1_val"/></StgValue>
</bind>
</comp>

<comp id="6" class="1000" name="HwReg_layerEnableFlag_1_val">
<pin_list>
<pin id="7" dir="1" index="0" bw="1" slack="0"/>
</pin_list>
<bind>
<StgValue><ssdm name="HwReg_layerEnableFlag_1_val"/></StgValue>
</bind>
</comp>

<comp id="8" class="1000" name="HwReg_layerScaleFactor_1_val21">
<pin_list>
<pin id="9" dir="1" index="0" bw="1" slack="0"/>
</pin_list>
<bind>
<StgValue><ssdm name="HwReg_layerScaleFactor_1_val21"/></StgValue>
</bind>
</comp>

<comp id="10" class="1000" name="srcLayer1Alphax">
<pin_list>
<pin id="11" dir="1" index="0" bw="1" slack="0"/>
</pin_list>
<bind>
<StgValue><ssdm name="srcLayer1Alphax"/></StgValue>
</bind>
</comp>

<comp id="12" class="1001" name="const_12">
<pin_list>
<pin id="13" dir="1" index="0" bw="1" slack="0"/>
</pin_list>
<bind>
<StgValue><ssdm name="_ssdm_op_Read.ap_auto.i2"/></StgValue>
</bind>
</comp>

<comp id="14" class="1001" name="const_14">
<pin_list>
<pin id="15" dir="1" index="0" bw="1" slack="2147483647"/>
</pin_list>
<bind>
<StgValue><ssdm name="_ssdm_op_SpecStableContent"/></StgValue>
</bind>
</comp>

<comp id="16" class="1001" name="const_16">
<pin_list>
<pin id="17" dir="1" index="0" bw="1" slack="2147483647"/>
</pin_list>
<bind>
<StgValue><ssdm name=""/></StgValue>
</bind>
</comp>

<comp id="18" class="1001" name="const_18">
<pin_list>
<pin id="19" dir="1" index="0" bw="1" slack="2147483647"/>
</pin_list>
<bind>
<StgValue><ssdm name="p_str"/></StgValue>
</bind>
</comp>

<comp id="20" class="1001" name="const_20">
<pin_list>
<pin id="21" dir="1" index="0" bw="1" slack="2147483647"/>
</pin_list>
<bind>
<StgValue><ssdm name="_ssdm_op_SpecInterface"/></StgValue>
</bind>
</comp>

<comp id="22" class="1001" name="const_22">
<pin_list>
<pin id="23" dir="1" index="0" bw="1" slack="2147483647"/>
</pin_list>
<bind>
<StgValue><ssdm name="empty_32"/></StgValue>
</bind>
</comp>

<comp id="24" class="1001" name="const_24">
<pin_list>
<pin id="25" dir="1" index="0" bw="1" slack="2147483647"/>
</pin_list>
<bind>
<StgValue><ssdm name=""/></StgValue>
</bind>
</comp>

<comp id="26" class="1001" name="const_26">
<pin_list>
<pin id="27" dir="1" index="0" bw="1" slack="2147483647"/>
</pin_list>
<bind>
<StgValue><ssdm name="empty_47"/></StgValue>
</bind>
</comp>

<comp id="28" class="1001" name="const_28">
<pin_list>
<pin id="29" dir="1" index="0" bw="1" slack="2147483647"/>
</pin_list>
<bind>
<StgValue><ssdm name=""/></StgValue>
</bind>
</comp>

<comp id="30" class="1001" name="const_30">
<pin_list>
<pin id="31" dir="1" index="0" bw="1" slack="0"/>
</pin_list>
<bind>
<StgValue><ssdm name="_ssdm_op_Read.ap_auto.i1"/></StgValue>
</bind>
</comp>

<comp id="32" class="1001" name="const_32">
<pin_list>
<pin id="33" dir="1" index="0" bw="1" slack="0"/>
</pin_list>
<bind>
<StgValue><ssdm name="_ssdm_op_Read.ap_auto.i16"/></StgValue>
</bind>
</comp>

<comp id="34" class="1001" name="const_34">
<pin_list>
<pin id="35" dir="1" index="0" bw="1" slack="0"/>
</pin_list>
<bind>
<StgValue><ssdm name=""/></StgValue>
</bind>
</comp>

<comp id="36" class="1001" name="const_36">
<pin_list>
<pin id="37" dir="1" index="0" bw="1" slack="0"/>
</pin_list>
<bind>
<StgValue><ssdm name=""/></StgValue>
</bind>
</comp>

<comp id="38" class="1001" name="const_38">
<pin_list>
<pin id="39" dir="1" index="0" bw="1" slack="0"/>
</pin_list>
<bind>
<StgValue><ssdm name=""/></StgValue>
</bind>
</comp>

<comp id="40" class="1001" name="const_40">
<pin_list>
<pin id="41" dir="1" index="0" bw="1" slack="0"/>
</pin_list>
<bind>
<StgValue><ssdm name=""/></StgValue>
</bind>
</comp>

<comp id="42" class="1001" name="const_42">
<pin_list>
<pin id="43" dir="1" index="0" bw="1" slack="2147483647"/>
</pin_list>
<bind>
<StgValue><ssdm name="_ssdm_op_SpecLoopTripCount"/></StgValue>
</bind>
</comp>

<comp id="44" class="1001" name="const_44">
<pin_list>
<pin id="45" dir="1" index="0" bw="1" slack="2147483647"/>
</pin_list>
<bind>
<StgValue><ssdm name=""/></StgValue>
</bind>
</comp>

<comp id="46" class="1001" name="const_46">
<pin_list>
<pin id="47" dir="1" index="0" bw="1" slack="2147483647"/>
</pin_list>
<bind>
<StgValue><ssdm name=""/></StgValue>
</bind>
</comp>

<comp id="48" class="1001" name="const_48">
<pin_list>
<pin id="49" dir="1" index="0" bw="1" slack="0"/>
</pin_list>
<bind>
<StgValue><ssdm name=""/></StgValue>
</bind>
</comp>

<comp id="50" class="1001" name="const_50">
<pin_list>
<pin id="51" dir="1" index="0" bw="1" slack="0"/>
</pin_list>
<bind>
<StgValue><ssdm name=""/></StgValue>
</bind>
</comp>

<comp id="52" class="1001" name="const_52">
<pin_list>
<pin id="53" dir="1" index="0" bw="1" slack="0"/>
</pin_list>
<bind>
<StgValue><ssdm name="v_mix_upsample_alpha<true>_Pipeline_VITIS_LOOP_236_2"/></StgValue>
</bind>
</comp>

<comp id="54" class="1001" name="const_54">
<pin_list>
<pin id="55" dir="1" index="0" bw="1" slack="2147483647"/>
</pin_list>
<bind>
<StgValue><ssdm name="_ssdm_op_SpecLoopName"/></StgValue>
</bind>
</comp>

<comp id="56" class="1001" name="const_56">
<pin_list>
<pin id="57" dir="1" index="0" bw="1" slack="2147483647"/>
</pin_list>
<bind>
<StgValue><ssdm name="empty_44"/></StgValue>
</bind>
</comp>

<comp id="58" class="1004" name="y_fu_58">
<pin_list>
<pin id="59" dir="0" index="0" bw="1" slack="0"/>
<pin id="60" dir="1" index="1" bw="16" slack="0"/>
</pin_list>
<bind>
<opcode="alloca(26) " fcode="alloca"/>
<opset="y/2 "/>
</bind>
</comp>

<comp id="62" class="1004" name="HwReg_layerScaleFactor_1_val21_read_read_fu_62">
<pin_list>
<pin id="63" dir="0" index="0" bw="2" slack="0"/>
<pin id="64" dir="0" index="1" bw="2" slack="0"/>
<pin id="65" dir="1" index="2" bw="2" slack="1"/>
</pin_list>
<bind>
<opcode="read(1150) " fcode="read"/>
<opset="HwReg_layerScaleFactor_1_val21_read/1 "/>
</bind>
</comp>

<comp id="68" class="1004" name="HwReg_layerEnableFlag_1_val_read_read_fu_68">
<pin_list>
<pin id="69" dir="0" index="0" bw="1" slack="0"/>
<pin id="70" dir="0" index="1" bw="1" slack="0"/>
<pin id="71" dir="1" index="2" bw="1" slack="1"/>
</pin_list>
<bind>
<opcode="read(1150) " fcode="read"/>
<opset="HwReg_layerEnableFlag_1_val_read/2 "/>
</bind>
</comp>

<comp id="74" class="1004" name="HwReg_layerWidth_1_val_read_read_fu_74">
<pin_list>
<pin id="75" dir="0" index="0" bw="16" slack="0"/>
<pin id="76" dir="0" index="1" bw="16" slack="0"/>
<pin id="77" dir="1" index="2" bw="16" slack="0"/>
</pin_list>
<bind>
<opcode="read(1150) " fcode="read"/>
<opset="HwReg_layerWidth_1_val_read/2 "/>
</bind>
</comp>

<comp id="80" class="1004" name="HwReg_layerHeight_1_val_read_read_fu_80">
<pin_list>
<pin id="81" dir="0" index="0" bw="16" slack="0"/>
<pin id="82" dir="0" index="1" bw="16" slack="0"/>
<pin id="83" dir="1" index="2" bw="16" slack="0"/>
</pin_list>
<bind>
<opcode="read(1150) " fcode="read"/>
<opset="HwReg_layerHeight_1_val_read/2 "/>
</bind>
</comp>

<comp id="86" class="1004" name="grp_v_mix_upsample_alpha_true_Pipeline_VITIS_LOOP_236_2_fu_86">
<pin_list>
<pin id="87" dir="0" index="0" bw="0" slack="0"/>
<pin id="88" dir="0" index="1" bw="18" slack="1"/>
<pin id="89" dir="0" index="2" bw="8" slack="0"/>
<pin id="90" dir="0" index="3" bw="8" slack="0"/>
<pin id="91" dir="0" index="4" bw="2" slack="2"/>
<pin id="92" dir="0" index="5" bw="2" slack="1"/>
<pin id="93" dir="0" index="6" bw="1" slack="0"/>
<pin id="94" dir="1" index="7" bw="0" slack="2147483647"/>
</pin_list>
<bind>
<opcode="call(48) " fcode="call"/>
<opset="call_ln236/3 "/>
</bind>
</comp>

<comp id="98" class="1004" name="zext_ln223_fu_98">
<pin_list>
<pin id="99" dir="0" index="0" bw="2" slack="1"/>
<pin id="100" dir="1" index="1" bw="18" slack="0"/>
</pin_list>
<bind>
<opcode="zext(34) " fcode="zext"/>
<opset="zext_ln223/2 "/>
</bind>
</comp>

<comp id="101" class="1004" name="zext_ln223_1_fu_101">
<pin_list>
<pin id="102" dir="0" index="0" bw="2" slack="1"/>
<pin id="103" dir="1" index="1" bw="3" slack="0"/>
</pin_list>
<bind>
<opcode="zext(34) " fcode="zext"/>
<opset="zext_ln223_1/2 "/>
</bind>
</comp>

<comp id="104" class="1004" name="upfactor_fu_104">
<pin_list>
<pin id="105" dir="0" index="0" bw="1" slack="0"/>
<pin id="106" dir="0" index="1" bw="2" slack="0"/>
<pin id="107" dir="1" index="2" bw="3" slack="0"/>
</pin_list>
<bind>
<opcode="shl(20) " fcode="shl"/>
<opset="upfactor/2 "/>
</bind>
</comp>

<comp id="110" class="1004" name="zext_ln232_fu_110">
<pin_list>
<pin id="111" dir="0" index="0" bw="16" slack="0"/>
<pin id="112" dir="1" index="1" bw="18" slack="0"/>
</pin_list>
<bind>
<opcode="zext(34) " fcode="zext"/>
<opset="zext_ln232/2 "/>
</bind>
</comp>

<comp id="114" class="1004" name="shl_ln232_fu_114">
<pin_list>
<pin id="115" dir="0" index="0" bw="16" slack="0"/>
<pin id="116" dir="0" index="1" bw="2" slack="0"/>
<pin id="117" dir="1" index="2" bw="18" slack="1"/>
</pin_list>
<bind>
<opcode="shl(20) " fcode="shl"/>
<opset="shl_ln232/2 "/>
</bind>
</comp>

<comp id="120" class="1004" name="trunc_ln234_fu_120">
<pin_list>
<pin id="121" dir="0" index="0" bw="3" slack="0"/>
<pin id="122" dir="1" index="1" bw="2" slack="0"/>
</pin_list>
<bind>
<opcode="trunc(33) " fcode="trunc"/>
<opset="trunc_ln234/2 "/>
</bind>
</comp>

<comp id="124" class="1004" name="add_ln234_fu_124">
<pin_list>
<pin id="125" dir="0" index="0" bw="2" slack="0"/>
<pin id="126" dir="0" index="1" bw="1" slack="0"/>
<pin id="127" dir="1" index="2" bw="2" slack="1"/>
</pin_list>
<bind>
<opcode="add(8) " fcode="add"/>
<opset="add_ln234/2 "/>
</bind>
</comp>

<comp id="130" class="1004" name="zext_ln236_fu_130">
<pin_list>
<pin id="131" dir="0" index="0" bw="16" slack="0"/>
<pin id="132" dir="1" index="1" bw="18" slack="0"/>
</pin_list>
<bind>
<opcode="zext(34) " fcode="zext"/>
<opset="zext_ln236/2 "/>
</bind>
</comp>

<comp id="134" class="1004" name="shl_ln236_fu_134">
<pin_list>
<pin id="135" dir="0" index="0" bw="16" slack="0"/>
<pin id="136" dir="0" index="1" bw="2" slack="0"/>
<pin id="137" dir="1" index="2" bw="18" slack="1"/>
</pin_list>
<bind>
<opcode="shl(20) " fcode="shl"/>
<opset="shl_ln236/2 "/>
</bind>
</comp>

<comp id="140" class="1004" name="store_ln218_store_fu_140">
<pin_list>
<pin id="141" dir="0" index="0" bw="1" slack="0"/>
<pin id="142" dir="0" index="1" bw="16" slack="0"/>
<pin id="143" dir="1" index="2" bw="0" slack="2147483647"/>
</pin_list>
<bind>
<opcode="store(28) " fcode="store"/>
<opset="store_ln218/2 "/>
</bind>
</comp>

<comp id="145" class="1004" name="y_5_load_fu_145">
<pin_list>
<pin id="146" dir="0" index="0" bw="16" slack="1"/>
<pin id="147" dir="1" index="1" bw="16" slack="0"/>
</pin_list>
<bind>
<opcode="load(27) " fcode="load"/>
<opset="y_5/3 "/>
</bind>
</comp>

<comp id="148" class="1004" name="zext_ln232_1_fu_148">
<pin_list>
<pin id="149" dir="0" index="0" bw="16" slack="0"/>
<pin id="150" dir="1" index="1" bw="18" slack="0"/>
</pin_list>
<bind>
<opcode="zext(34) " fcode="zext"/>
<opset="zext_ln232_1/3 "/>
</bind>
</comp>

<comp id="152" class="1004" name="icmp_ln232_fu_152">
<pin_list>
<pin id="153" dir="0" index="0" bw="18" slack="1"/>
<pin id="154" dir="0" index="1" bw="18" slack="0"/>
<pin id="155" dir="1" index="2" bw="1" slack="2147483647"/>
</pin_list>
<bind>
<opcode="icmp(45) " fcode="icmp"/>
<opset="icmp_ln232/3 "/>
</bind>
</comp>

<comp id="157" class="1004" name="y_6_fu_157">
<pin_list>
<pin id="158" dir="0" index="0" bw="16" slack="0"/>
<pin id="159" dir="0" index="1" bw="1" slack="0"/>
<pin id="160" dir="1" index="2" bw="16" slack="0"/>
</pin_list>
<bind>
<opcode="add(8) " fcode="add"/>
<opset="y_6/3 "/>
</bind>
</comp>

<comp id="163" class="1004" name="trunc_ln232_fu_163">
<pin_list>
<pin id="164" dir="0" index="0" bw="16" slack="0"/>
<pin id="165" dir="1" index="1" bw="2" slack="0"/>
</pin_list>
<bind>
<opcode="trunc(33) " fcode="trunc"/>
<opset="trunc_ln232/3 "/>
</bind>
</comp>

<comp id="167" class="1004" name="and_ln234_fu_167">
<pin_list>
<pin id="168" dir="0" index="0" bw="2" slack="0"/>
<pin id="169" dir="0" index="1" bw="2" slack="1"/>
<pin id="170" dir="1" index="2" bw="2" slack="0"/>
</pin_list>
<bind>
<opcode="and(23) " fcode="and"/>
<opset="and_ln234/3 "/>
</bind>
</comp>

<comp id="172" class="1004" name="bReadLine_fu_172">
<pin_list>
<pin id="173" dir="0" index="0" bw="2" slack="0"/>
<pin id="174" dir="0" index="1" bw="2" slack="0"/>
<pin id="175" dir="1" index="2" bw="1" slack="0"/>
</pin_list>
<bind>
<opcode="icmp(45) " fcode="icmp"/>
<opset="bReadLine/3 "/>
</bind>
</comp>

<comp id="179" class="1004" name="store_ln218_store_fu_179">
<pin_list>
<pin id="180" dir="0" index="0" bw="16" slack="0"/>
<pin id="181" dir="0" index="1" bw="16" slack="1"/>
<pin id="182" dir="1" index="2" bw="0" slack="2147483647"/>
</pin_list>
<bind>
<opcode="store(28) " fcode="store"/>
<opset="store_ln218/3 "/>
</bind>
</comp>

<comp id="184" class="1005" name="HwReg_layerScaleFactor_1_val21_read_reg_184">
<pin_list>
<pin id="185" dir="0" index="0" bw="2" slack="1"/>
<pin id="186" dir="1" index="1" bw="2" slack="1"/>
</pin_list>
<bind>
<opset="HwReg_layerScaleFactor_1_val21_read "/>
</bind>
</comp>

<comp id="191" class="1005" name="HwReg_layerEnableFlag_1_val_read_reg_191">
<pin_list>
<pin id="192" dir="0" index="0" bw="1" slack="1"/>
<pin id="193" dir="1" index="1" bw="1" slack="2147483647"/>
</pin_list>
<bind>
<opset="HwReg_layerEnableFlag_1_val_read "/>
</bind>
</comp>

<comp id="195" class="1005" name="y_reg_195">
<pin_list>
<pin id="196" dir="0" index="0" bw="16" slack="0"/>
<pin id="197" dir="1" index="1" bw="16" slack="0"/>
</pin_list>
<bind>
<opset="y "/>
</bind>
</comp>

<comp id="202" class="1005" name="shl_ln232_reg_202">
<pin_list>
<pin id="203" dir="0" index="0" bw="18" slack="1"/>
<pin id="204" dir="1" index="1" bw="18" slack="1"/>
</pin_list>
<bind>
<opset="shl_ln232 "/>
</bind>
</comp>

<comp id="207" class="1005" name="add_ln234_reg_207">
<pin_list>
<pin id="208" dir="0" index="0" bw="2" slack="1"/>
<pin id="209" dir="1" index="1" bw="2" slack="1"/>
</pin_list>
<bind>
<opset="add_ln234 "/>
</bind>
</comp>

<comp id="213" class="1005" name="shl_ln236_reg_213">
<pin_list>
<pin id="214" dir="0" index="0" bw="18" slack="1"/>
<pin id="215" dir="1" index="1" bw="18" slack="1"/>
</pin_list>
<bind>
<opset="shl_ln236 "/>
</bind>
</comp>

<comp id="221" class="1005" name="bReadLine_reg_221">
<pin_list>
<pin id="222" dir="0" index="0" bw="1" slack="1"/>
<pin id="223" dir="1" index="1" bw="1" slack="1"/>
</pin_list>
<bind>
<opset="bReadLine "/>
</bind>
</comp>

</comp_list>

<net_list>
<net id="61"><net_src comp="36" pin="0"/><net_sink comp="58" pin=0"/></net>

<net id="66"><net_src comp="12" pin="0"/><net_sink comp="62" pin=0"/></net>

<net id="67"><net_src comp="8" pin="0"/><net_sink comp="62" pin=1"/></net>

<net id="72"><net_src comp="30" pin="0"/><net_sink comp="68" pin=0"/></net>

<net id="73"><net_src comp="6" pin="0"/><net_sink comp="68" pin=1"/></net>

<net id="78"><net_src comp="32" pin="0"/><net_sink comp="74" pin=0"/></net>

<net id="79"><net_src comp="4" pin="0"/><net_sink comp="74" pin=1"/></net>

<net id="84"><net_src comp="32" pin="0"/><net_sink comp="80" pin=0"/></net>

<net id="85"><net_src comp="2" pin="0"/><net_sink comp="80" pin=1"/></net>

<net id="95"><net_src comp="52" pin="0"/><net_sink comp="86" pin=0"/></net>

<net id="96"><net_src comp="10" pin="0"/><net_sink comp="86" pin=2"/></net>

<net id="97"><net_src comp="0" pin="0"/><net_sink comp="86" pin=3"/></net>

<net id="108"><net_src comp="34" pin="0"/><net_sink comp="104" pin=0"/></net>

<net id="109"><net_src comp="101" pin="1"/><net_sink comp="104" pin=1"/></net>

<net id="113"><net_src comp="80" pin="2"/><net_sink comp="110" pin=0"/></net>

<net id="118"><net_src comp="110" pin="1"/><net_sink comp="114" pin=0"/></net>

<net id="119"><net_src comp="98" pin="1"/><net_sink comp="114" pin=1"/></net>

<net id="123"><net_src comp="104" pin="2"/><net_sink comp="120" pin=0"/></net>

<net id="128"><net_src comp="120" pin="1"/><net_sink comp="124" pin=0"/></net>

<net id="129"><net_src comp="38" pin="0"/><net_sink comp="124" pin=1"/></net>

<net id="133"><net_src comp="74" pin="2"/><net_sink comp="130" pin=0"/></net>

<net id="138"><net_src comp="130" pin="1"/><net_sink comp="134" pin=0"/></net>

<net id="139"><net_src comp="98" pin="1"/><net_sink comp="134" pin=1"/></net>

<net id="144"><net_src comp="40" pin="0"/><net_sink comp="140" pin=0"/></net>

<net id="151"><net_src comp="145" pin="1"/><net_sink comp="148" pin=0"/></net>

<net id="156"><net_src comp="148" pin="1"/><net_sink comp="152" pin=1"/></net>

<net id="161"><net_src comp="145" pin="1"/><net_sink comp="157" pin=0"/></net>

<net id="162"><net_src comp="48" pin="0"/><net_sink comp="157" pin=1"/></net>

<net id="166"><net_src comp="145" pin="1"/><net_sink comp="163" pin=0"/></net>

<net id="171"><net_src comp="163" pin="1"/><net_sink comp="167" pin=0"/></net>

<net id="176"><net_src comp="167" pin="2"/><net_sink comp="172" pin=0"/></net>

<net id="177"><net_src comp="50" pin="0"/><net_sink comp="172" pin=1"/></net>

<net id="178"><net_src comp="172" pin="2"/><net_sink comp="86" pin=6"/></net>

<net id="183"><net_src comp="157" pin="2"/><net_sink comp="179" pin=0"/></net>

<net id="187"><net_src comp="62" pin="2"/><net_sink comp="184" pin=0"/></net>

<net id="188"><net_src comp="184" pin="1"/><net_sink comp="98" pin=0"/></net>

<net id="189"><net_src comp="184" pin="1"/><net_sink comp="101" pin=0"/></net>

<net id="190"><net_src comp="184" pin="1"/><net_sink comp="86" pin=4"/></net>

<net id="194"><net_src comp="68" pin="2"/><net_sink comp="191" pin=0"/></net>

<net id="198"><net_src comp="58" pin="1"/><net_sink comp="195" pin=0"/></net>

<net id="199"><net_src comp="195" pin="1"/><net_sink comp="140" pin=1"/></net>

<net id="200"><net_src comp="195" pin="1"/><net_sink comp="145" pin=0"/></net>

<net id="201"><net_src comp="195" pin="1"/><net_sink comp="179" pin=1"/></net>

<net id="205"><net_src comp="114" pin="2"/><net_sink comp="202" pin=0"/></net>

<net id="206"><net_src comp="202" pin="1"/><net_sink comp="152" pin=0"/></net>

<net id="210"><net_src comp="124" pin="2"/><net_sink comp="207" pin=0"/></net>

<net id="211"><net_src comp="207" pin="1"/><net_sink comp="167" pin=1"/></net>

<net id="212"><net_src comp="207" pin="1"/><net_sink comp="86" pin=5"/></net>

<net id="216"><net_src comp="134" pin="2"/><net_sink comp="213" pin=0"/></net>

<net id="217"><net_src comp="213" pin="1"/><net_sink comp="86" pin=1"/></net>

<net id="224"><net_src comp="172" pin="2"/><net_sink comp="221" pin=0"/></net>

<net id="225"><net_src comp="221" pin="1"/><net_sink comp="86" pin=6"/></net>

</net_list>

</model> 
---------------- Datapath Model END ------------------

* FSMD analyzer results:
  - Output states:
	Port: srcLayer1Alphax | {3 4 }
 - Input state : 
	Port: v_mix_upsample_alpha<true> : srcLayer1Alpha | {3 4 }
	Port: v_mix_upsample_alpha<true> : HwReg_layerHeight_1_val | {2 }
	Port: v_mix_upsample_alpha<true> : HwReg_layerWidth_1_val | {2 }
	Port: v_mix_upsample_alpha<true> : HwReg_layerEnableFlag_1_val | {2 }
	Port: v_mix_upsample_alpha<true> : HwReg_layerScaleFactor_1_val21 | {1 }
  - Chain level:
	State 1
	State 2
		upfactor : 1
		shl_ln232 : 1
		trunc_ln234 : 2
		add_ln234 : 3
		shl_ln236 : 1
		store_ln218 : 1
	State 3
		zext_ln232_1 : 1
		icmp_ln232 : 2
		y_6 : 1
		br_ln232 : 3
		trunc_ln232 : 1
		and_ln234 : 2
		bReadLine : 2
		call_ln236 : 3
		store_ln218 : 2
	State 4


============================================================
+ Verbose Summary: Datapath Resource usage 
============================================================

* Functional unit list:
|----------|---------------------------------------------------------------|---------|---------|---------|---------|---------|
| Operation|                        Functional Unit                        |   BRAM  |  Delay  |    FF   |   LUT   |   URAM  |
|----------|---------------------------------------------------------------|---------|---------|---------|---------|---------|
|   call   | grp_v_mix_upsample_alpha_true_Pipeline_VITIS_LOOP_236_2_fu_86 |    2    |  1.298  |    72   |    87   |    0    |
|----------|---------------------------------------------------------------|---------|---------|---------|---------|---------|
|          |                        upfactor_fu_104                        |    0    |    0    |    0    |    6    |    0    |
|    shl   |                        shl_ln232_fu_114                       |    0    |    0    |    0    |    35   |    0    |
|          |                        shl_ln236_fu_134                       |    0    |    0    |    0    |    35   |    0    |
|----------|---------------------------------------------------------------|---------|---------|---------|---------|---------|
|   icmp   |                       icmp_ln232_fu_152                       |    0    |    0    |    0    |    18   |    0    |
|          |                        bReadLine_fu_172                       |    0    |    0    |    0    |    3    |    0    |
|----------|---------------------------------------------------------------|---------|---------|---------|---------|---------|
|    add   |                        add_ln234_fu_124                       |    0    |    0    |    0    |    3    |    0    |
|          |                           y_6_fu_157                          |    0    |    0    |    0    |    16   |    0    |
|----------|---------------------------------------------------------------|---------|---------|---------|---------|---------|
|    and   |                        and_ln234_fu_167                       |    0    |    0    |    0    |    2    |    0    |
|----------|---------------------------------------------------------------|---------|---------|---------|---------|---------|
|          |         HwReg_layerScaleFactor_1_val21_read_read_fu_62        |    0    |    0    |    0    |    0    |    0    |
|   read   |          HwReg_layerEnableFlag_1_val_read_read_fu_68          |    0    |    0    |    0    |    0    |    0    |
|          |             HwReg_layerWidth_1_val_read_read_fu_74            |    0    |    0    |    0    |    0    |    0    |
|          |            HwReg_layerHeight_1_val_read_read_fu_80            |    0    |    0    |    0    |    0    |    0    |
|----------|---------------------------------------------------------------|---------|---------|---------|---------|---------|
|          |                        zext_ln223_fu_98                       |    0    |    0    |    0    |    0    |    0    |
|          |                      zext_ln223_1_fu_101                      |    0    |    0    |    0    |    0    |    0    |
|   zext   |                       zext_ln232_fu_110                       |    0    |    0    |    0    |    0    |    0    |
|          |                       zext_ln236_fu_130                       |    0    |    0    |    0    |    0    |    0    |
|          |                      zext_ln232_1_fu_148                      |    0    |    0    |    0    |    0    |    0    |
|----------|---------------------------------------------------------------|---------|---------|---------|---------|---------|
|   trunc  |                       trunc_ln234_fu_120                      |    0    |    0    |    0    |    0    |    0    |
|          |                       trunc_ln232_fu_163                      |    0    |    0    |    0    |    0    |    0    |
|----------|---------------------------------------------------------------|---------|---------|---------|---------|---------|
|   Total  |                                                               |    2    |  1.298  |    72   |   205   |    0    |
|----------|---------------------------------------------------------------|---------|---------|---------|---------|---------|

Memories:
N/A

* Register list:
+-------------------------------------------+--------+
|                                           |   FF   |
+-------------------------------------------+--------+
|  HwReg_layerEnableFlag_1_val_read_reg_191 |    1   |
|HwReg_layerScaleFactor_1_val21_read_reg_184|    2   |
|             add_ln234_reg_207             |    2   |
|             bReadLine_reg_221             |    1   |
|             shl_ln232_reg_202             |   18   |
|             shl_ln236_reg_213             |   18   |
|                 y_reg_195                 |   16   |
+-------------------------------------------+--------+
|                   Total                   |   58   |
+-------------------------------------------+--------+

* Multiplexer (MUX) list: 
|---------------------------------------------------------------|------|------|------|--------||---------||---------||---------|
|                              Comp                             |  Pin | Size |  BW  | S x BW ||  Delay  ||    FF   ||   LUT   |
|---------------------------------------------------------------|------|------|------|--------||---------||---------||---------|
| grp_v_mix_upsample_alpha_true_Pipeline_VITIS_LOOP_236_2_fu_86 |  p6  |   2  |   1  |    2   ||    0    ||    9    |
|---------------------------------------------------------------|------|------|------|--------||---------||---------||---------|
|                             Total                             |      |      |      |    2   ||  1.298  ||    0    ||    9    |
|---------------------------------------------------------------|------|------|------|--------||---------||---------||---------|



* Summary:
+-----------+--------+--------+--------+--------+--------+
|           |  BRAM  |  Delay |   FF   |   LUT  |  URAM  |
+-----------+--------+--------+--------+--------+--------+
|  Function |    2   |    1   |   72   |   205  |    0   |
|   Memory  |    -   |    -   |    -   |    -   |    -   |
|Multiplexer|    -   |    1   |    0   |    9   |    -   |
|  Register |    -   |    -   |   58   |    -   |    -   |
+-----------+--------+--------+--------+--------+--------+
|   Total   |    2   |    2   |   130  |   214  |    0   |
+-----------+--------+--------+--------+--------+--------+
