

================================================================
== Vitis HLS Report for 'v_mix_upsample_true_s'
================================================================
* Date:           Thu Mar  5 21:15:28 2026

* Version:        2025.2 (Build 6295257 on Nov 14 2025)
* Project:        prj
* Solution:       sol (Vivado IP Flow Target)
* Product family: zynq
* Target device:  xc7z020-clg400-2


================================================================
== Performance Estimates
================================================================
+ Timing: 
    * Summary: 
    +--------+---------+----------+------------+
    |  Clock |  Target | Estimated| Uncertainty|
    +--------+---------+----------+------------+
    |ap_clk  |  6.67 ns|  4.445 ns|     1.80 ns|
    +--------+---------+----------+------------+

+ Latency: 
    * Summary: 
    +---------+----------+-----------+-----------+-----+----------+---------+
    |  Latency (cycles)  |   Latency (absolute)  |    Interval    | Pipeline|
    |   min   |    max   |    min    |    max    | min |    max   |   Type  |
    +---------+----------+-----------+-----------+-----+----------+---------+
    |        2|  33203522|  13.334 ns|  0.221 sec|    2|  33203522|       no|
    +---------+----------+-----------+-----------+-----+----------+---------+

    + Detail: 
        * Instance: 
        +---------------------------------------------------------+-----------------------------------------------+---------+---------+-----------+-----------+-----+-----+-------------------+
        |                                                         |                                               |  Latency (cycles) |   Latency (absolute)  |  Interval |      Pipeline     |
        |                         Instance                        |                     Module                    |   min   |   max   |    min    |    max    | min | max |        Type       |
        +---------------------------------------------------------+-----------------------------------------------+---------+---------+-----------+-----------+-----+-----+-------------------+
        |grp_v_mix_upsample_true_Pipeline_VITIS_LOOP_140_2_fu_86  |v_mix_upsample_true_Pipeline_VITIS_LOOP_140_2  |        2|     7684|  13.334 ns|  51.229 us|    0|    0|  loop pipeline stp|
        +---------------------------------------------------------+-----------------------------------------------+---------+---------+-----------+-----------+-----+-----+-------------------+

        * Loop: 
        +--------------------+---------+----------+----------+-----------+-----------+----------+----------+
        |                    |  Latency (cycles)  | Iteration|  Initiation Interval  |   Trip   |          |
        |      Loop Name     |   min   |    max   |  Latency |  achieved |   target  |   Count  | Pipelined|
        +--------------------+---------+----------+----------+-----------+-----------+----------+----------+
        |- VITIS_LOOP_136_1  |        0|  33203520|  4 ~ 7686|          -|          -|  0 ~ 4320|        no|
        +--------------------+---------+----------+----------+-----------+-----------+----------+----------+



================================================================
== Utilization Estimates
================================================================
* Summary: 
+-----------------+---------+-----+--------+-------+-----+
|       Name      | BRAM_18K| DSP |   FF   |  LUT  | URAM|
+-----------------+---------+-----+--------+-------+-----+
|DSP              |        -|    -|       -|      -|    -|
|Expression       |        -|    -|       0|     98|    -|
|FIFO             |        -|    -|       -|      -|    -|
|Instance         |        6|    -|     314|    266|    0|
|Memory           |        -|    -|       -|      -|    -|
|Multiplexer      |        -|    -|       0|     39|    -|
|Register         |        -|    -|      73|      -|    -|
+-----------------+---------+-----+--------+-------+-----+
|Total            |        6|    0|     387|    403|    0|
+-----------------+---------+-----+--------+-------+-----+
|Available        |      280|  220|  106400|  53200|    0|
+-----------------+---------+-----+--------+-------+-----+
|Utilization (%)  |        2|    0|      ~0|     ~0|    0|
+-----------------+---------+-----+--------+-------+-----+

+ Detail: 
    * Instance: 
    +---------------------------------------------------------+-----------------------------------------------+---------+----+-----+-----+-----+
    |                         Instance                        |                     Module                    | BRAM_18K| DSP|  FF | LUT | URAM|
    +---------------------------------------------------------+-----------------------------------------------+---------+----+-----+-----+-----+
    |grp_v_mix_upsample_true_Pipeline_VITIS_LOOP_140_2_fu_86  |v_mix_upsample_true_Pipeline_VITIS_LOOP_140_2  |        6|   0|  314|  266|    0|
    +---------------------------------------------------------+-----------------------------------------------+---------+----+-----+-----+-----+
    |Total                                                    |                                               |        6|   0|  314|  266|    0|
    +---------------------------------------------------------+-----------------------------------------------+---------+----+-----+-----+-----+

    * DSP: 
    N/A

    * Memory: 
    N/A

    * FIFO: 
    N/A

    * Expression: 
    +----------------------+----------+----+---+----+------------+------------+
    |     Variable Name    | Operation| DSP| FF| LUT| Bitwidth P0| Bitwidth P1|
    +----------------------+----------+----+---+----+------------+------------+
    |add_ln138_fu_123_p2   |         +|   0|  0|   3|           2|           2|
    |y_8_fu_151_p2         |         +|   0|  0|  13|          13|           1|
    |and_ln138_fu_161_p2   |       and|   0|  0|   2|           2|           2|
    |bReadLine_fu_166_p2   |      icmp|   0|  0|   3|           2|           1|
    |icmp_ln136_fu_146_p2  |      icmp|   0|  0|  13|          13|          13|
    |ap_block_state1       |        or|   0|  0|   1|           1|           1|
    |shl_ln136_fu_113_p2   |       shl|   0|  0|  28|          13|          13|
    |shl_ln140_fu_132_p2   |       shl|   0|  0|  28|          13|          13|
    |upfactor_fu_104_p2    |       shl|   0|  0|   7|           1|           3|
    +----------------------+----------+----+---+----+------------+------------+
    |Total                 |          |   0|  0|  98|          60|          49|
    +----------------------+----------+----+---+----+------------+------------+

    * Multiplexer: 
    +-----------+----+-----------+-----+-----------+
    |    Name   | LUT| Input Size| Bits| Total Bits|
    +-----------+----+-----------+-----+-----------+
    |ap_NS_fsm  |  21|          5|    1|          5|
    |ap_done    |   9|          2|    1|          2|
    |y_fu_58    |   9|          2|   13|         26|
    +-----------+----+-----------+-----+-----------+
    |Total      |  39|          9|   15|         33|
    +-----------+----+-----------+-----+-----------+

    * Register: 
    +----------------------------------------------------------------------+----+----+-----+-----------+
    |                                 Name                                 | FF | LUT| Bits| Const Bits|
    +----------------------------------------------------------------------+----+----+-----+-----------+
    |HwReg_layerEnableFlag_1_val_read_reg_195                              |   1|   0|    1|          0|
    |HwReg_layerHeight_1_val_read_reg_190                                  |  11|   0|   11|          0|
    |HwReg_layerScaleFactor_1_val21_read_reg_178                           |   2|   0|    2|          0|
    |HwReg_layerWidth_1_val_read_reg_185                                   |  11|   0|   11|          0|
    |add_ln138_reg_211                                                     |   2|   0|    2|          0|
    |ap_CS_fsm                                                             |   4|   0|    4|          0|
    |ap_done_reg                                                           |   1|   0|    1|          0|
    |bReadLine_reg_225                                                     |   1|   0|    1|          0|
    |grp_v_mix_upsample_true_Pipeline_VITIS_LOOP_140_2_fu_86_ap_start_reg  |   1|   0|    1|          0|
    |shl_ln136_reg_206                                                     |  13|   0|   13|          0|
    |shl_ln140_reg_217                                                     |  13|   0|   13|          0|
    |y_fu_58                                                               |  13|   0|   13|          0|
    +----------------------------------------------------------------------+----+----+-----+-----------+
    |Total                                                                 |  73|   0|   73|          0|
    +----------------------------------------------------------------------+----+----+-----+-----------+



================================================================
== Interface
================================================================
* Summary: 
+--------------------------------+-----+-----+------------+--------------------------------+--------------+
|            RTL Ports           | Dir | Bits|  Protocol  |          Source Object         |    C Type    |
+--------------------------------+-----+-----+------------+--------------------------------+--------------+
|ap_clk                          |   in|    1|  ap_ctrl_hs|            v_mix_upsample<true>|  return value|
|ap_rst                          |   in|    1|  ap_ctrl_hs|            v_mix_upsample<true>|  return value|
|ap_start                        |   in|    1|  ap_ctrl_hs|            v_mix_upsample<true>|  return value|
|ap_done                         |  out|    1|  ap_ctrl_hs|            v_mix_upsample<true>|  return value|
|ap_continue                     |   in|    1|  ap_ctrl_hs|            v_mix_upsample<true>|  return value|
|ap_idle                         |  out|    1|  ap_ctrl_hs|            v_mix_upsample<true>|  return value|
|ap_ready                        |  out|    1|  ap_ctrl_hs|            v_mix_upsample<true>|  return value|
|srcLayer1Rgb_dout               |   in|   24|     ap_fifo|                    srcLayer1Rgb|       pointer|
|srcLayer1Rgb_empty_n            |   in|    1|     ap_fifo|                    srcLayer1Rgb|       pointer|
|srcLayer1Rgb_read               |  out|    1|     ap_fifo|                    srcLayer1Rgb|       pointer|
|srcLayer1Rgb_num_data_valid     |   in|    3|     ap_fifo|                    srcLayer1Rgb|       pointer|
|srcLayer1Rgb_fifo_cap           |   in|    3|     ap_fifo|                    srcLayer1Rgb|       pointer|
|HwReg_layerHeight_1_val         |   in|   11|   ap_stable|         HwReg_layerHeight_1_val|        scalar|
|HwReg_layerWidth_1_val          |   in|   11|   ap_stable|          HwReg_layerWidth_1_val|        scalar|
|HwReg_layerEnableFlag_1_val     |   in|    1|   ap_stable|     HwReg_layerEnableFlag_1_val|        scalar|
|HwReg_layerScaleFactor_1_val21  |   in|    2|   ap_stable|  HwReg_layerScaleFactor_1_val21|        scalar|
|srcLayer1x_din                  |  out|   24|     ap_fifo|                      srcLayer1x|       pointer|
|srcLayer1x_full_n               |   in|    1|     ap_fifo|                      srcLayer1x|       pointer|
|srcLayer1x_write                |  out|    1|     ap_fifo|                      srcLayer1x|       pointer|
|srcLayer1x_num_data_valid       |   in|    3|     ap_fifo|                      srcLayer1x|       pointer|
|srcLayer1x_fifo_cap             |   in|    3|     ap_fifo|                      srcLayer1x|       pointer|
+--------------------------------+-----+-----+------------+--------------------------------+--------------+

============================================================
+ Verbose Summary: Synthesis Manager
============================================================
InlineROM: 1
ExposeGlobal: 0
============================================================
+ Verbose Summary: CDFG Model
============================================================
IsTopModel: 0
ResetActiveHigh: 1
IsCombinational: 2
IsDatapathOnly: 0
HasWiredReturn: 1
HasMFsm: 0
HasVarLatency: 1
IsPipeline: 0
IsRtlPipelined: 0
IsInstanceOverlapped: 0
IsDontTouch: 0
HasImplIP: 0
IsGatedGlobalClock: 0


============================================================
+ Verbose Summary: Schedule
============================================================
* Number of FSM states : 4
* Pipeline : 0
* Dataflow Pipeline: 0

* FSM state transitions: 
1 --> 2 
2 --> 3 
3 --> 4 
4 --> 3 

* FSM state operations: 

State 1 <SV = 0> <Delay = 2.43>
ST_1 : Operation 5 [1/1] (2.43ns)   --->   "%HwReg_layerScaleFactor_1_val21_read = read i2 @_ssdm_op_Read.ap_auto.i2, i2 %HwReg_layerScaleFactor_1_val21" [prj/sol/.autopilot/db/v_mix.cpp:118->prj/sol/.autopilot/db/v_mix.cpp:748->prj/sol/.autopilot/db/v_mix.cpp:748]   --->   Operation 5 'read' 'HwReg_layerScaleFactor_1_val21_read' <Predicate = true> <Delay = 2.43> <CoreInst = "FIFO_SRL">   --->   Core 80 'FIFO_SRL' <Latency = 0> <II = 1> <Delay = 3.40> <Storage> <Opcode : 'read' 'write' 'nbread' 'nbwrite'> <Ports = 0> <Width = 2> <Depth = 2> <FIFO>
ST_1 : Operation 6 [1/1] (2.43ns)   --->   "%HwReg_layerWidth_1_val_read = read i11 @_ssdm_op_Read.ap_auto.i11, i11 %HwReg_layerWidth_1_val" [prj/sol/.autopilot/db/v_mix.cpp:118->prj/sol/.autopilot/db/v_mix.cpp:748->prj/sol/.autopilot/db/v_mix.cpp:748]   --->   Operation 6 'read' 'HwReg_layerWidth_1_val_read' <Predicate = true> <Delay = 2.43> <CoreInst = "FIFO_SRL">   --->   Core 80 'FIFO_SRL' <Latency = 0> <II = 1> <Delay = 3.40> <Storage> <Opcode : 'read' 'write' 'nbread' 'nbwrite'> <Ports = 0> <Width = 11> <Depth = 2> <FIFO>
ST_1 : Operation 7 [1/1] (2.43ns)   --->   "%HwReg_layerHeight_1_val_read = read i11 @_ssdm_op_Read.ap_auto.i11, i11 %HwReg_layerHeight_1_val" [prj/sol/.autopilot/db/v_mix.cpp:118->prj/sol/.autopilot/db/v_mix.cpp:748->prj/sol/.autopilot/db/v_mix.cpp:748]   --->   Operation 7 'read' 'HwReg_layerHeight_1_val_read' <Predicate = true> <Delay = 2.43> <CoreInst = "FIFO_SRL">   --->   Core 80 'FIFO_SRL' <Latency = 0> <II = 1> <Delay = 3.40> <Storage> <Opcode : 'read' 'write' 'nbread' 'nbwrite'> <Ports = 0> <Width = 11> <Depth = 2> <FIFO>

State 2 <SV = 1> <Delay = 2.76>
ST_2 : Operation 8 [1/1] (0.00ns)   --->   "%specstablecontent_ln0 = specstablecontent void @_ssdm_op_SpecStableContent, i2 %HwReg_layerScaleFactor_1_val21, i1 1, void @p_str"   --->   Operation 8 'specstablecontent' 'specstablecontent_ln0' <Predicate = true> <Delay = 0.00>
ST_2 : Operation 9 [1/1] (0.00ns)   --->   "%specstablecontent_ln0 = specstablecontent void @_ssdm_op_SpecStableContent, i11 %HwReg_layerHeight_1_val, i1 1, void @p_str"   --->   Operation 9 'specstablecontent' 'specstablecontent_ln0' <Predicate = true> <Delay = 0.00>
ST_2 : Operation 10 [1/1] (0.00ns)   --->   "%specstablecontent_ln0 = specstablecontent void @_ssdm_op_SpecStableContent, i11 %HwReg_layerWidth_1_val, i1 1, void @p_str"   --->   Operation 10 'specstablecontent' 'specstablecontent_ln0' <Predicate = true> <Delay = 0.00>
ST_2 : Operation 11 [1/1] (0.00ns)   --->   "%specstablecontent_ln0 = specstablecontent void @_ssdm_op_SpecStableContent, i1 %HwReg_layerEnableFlag_1_val, i1 1, void @p_str"   --->   Operation 11 'specstablecontent' 'specstablecontent_ln0' <Predicate = true> <Delay = 0.00>
ST_2 : Operation 12 [1/1] (0.00ns)   --->   "%specinterface_ln0 = specinterface void @_ssdm_op_SpecInterface, i24 %srcLayer1Rgb, void @empty_32, i32 0, i32 0, void @empty_47, i32 0, i32 0, void @empty_47, void @empty_47, void @empty_47, i32 0, i32 0, i32 0, i32 0, void @empty_47, void @empty_47, i32 4294967295, i32 0, i32 0, i32 0"   --->   Operation 12 'specinterface' 'specinterface_ln0' <Predicate = true> <Delay = 0.00>
ST_2 : Operation 13 [1/1] (0.00ns)   --->   "%specinterface_ln0 = specinterface void @_ssdm_op_SpecInterface, i24 %srcLayer1x, void @empty_32, i32 0, i32 0, void @empty_47, i32 0, i32 0, void @empty_47, void @empty_47, void @empty_47, i32 0, i32 0, i32 0, i32 0, void @empty_47, void @empty_47, i32 4294967295, i32 0, i32 0, i32 0"   --->   Operation 13 'specinterface' 'specinterface_ln0' <Predicate = true> <Delay = 0.00>
ST_2 : Operation 14 [1/1] (0.00ns)   --->   "%HwReg_layerEnableFlag_1_val_read = read i1 @_ssdm_op_Read.ap_auto.i1, i1 %HwReg_layerEnableFlag_1_val" [prj/sol/.autopilot/db/v_mix.cpp:118->prj/sol/.autopilot/db/v_mix.cpp:748->prj/sol/.autopilot/db/v_mix.cpp:748]   --->   Operation 14 'read' 'HwReg_layerEnableFlag_1_val_read' <Predicate = true> <Delay = 0.00>
ST_2 : Operation 15 [1/1] (0.00ns)   --->   "%zext_ln126 = zext i2 %HwReg_layerScaleFactor_1_val21_read" [prj/sol/.autopilot/db/v_mix.cpp:126->prj/sol/.autopilot/db/v_mix.cpp:748->prj/sol/.autopilot/db/v_mix.cpp:748]   --->   Operation 15 'zext' 'zext_ln126' <Predicate = true> <Delay = 0.00>
ST_2 : Operation 16 [1/1] (0.00ns)   --->   "%zext_ln126_1 = zext i2 %HwReg_layerScaleFactor_1_val21_read" [prj/sol/.autopilot/db/v_mix.cpp:126->prj/sol/.autopilot/db/v_mix.cpp:748->prj/sol/.autopilot/db/v_mix.cpp:748]   --->   Operation 16 'zext' 'zext_ln126_1' <Predicate = true> <Delay = 0.00>
ST_2 : Operation 17 [1/1] (1.49ns)   --->   "%upfactor = shl i3 1, i3 %zext_ln126_1" [prj/sol/.autopilot/db/v_mix.cpp:126->prj/sol/.autopilot/db/v_mix.cpp:748->prj/sol/.autopilot/db/v_mix.cpp:748]   --->   Operation 17 'shl' 'upfactor' <Predicate = true> <Delay = 1.49> <CoreInst = "Shifter">   --->   Core 75 'Shifter' <Latency = 0> <II = 1> <Delay = 1.72> <FuncUnit> <Opcode : 'shl' 'lshr' 'ashr'> <InPorts = 2> <OutPorts = 1>
ST_2 : Operation 18 [1/1] (0.00ns)   --->   "%br_ln134 = br i1 %HwReg_layerEnableFlag_1_val_read, void %v_mix_upsample<true>.exit, void %VITIS_LOOP_136_1.i.i" [prj/sol/.autopilot/db/v_mix.cpp:134->prj/sol/.autopilot/db/v_mix.cpp:748->prj/sol/.autopilot/db/v_mix.cpp:748]   --->   Operation 18 'br' 'br_ln134' <Predicate = true> <Delay = 0.00>
ST_2 : Operation 19 [1/1] (0.00ns)   --->   "%y = alloca i32 1" [prj/sol/.autopilot/db/v_mix.cpp:122->prj/sol/.autopilot/db/v_mix.cpp:748->prj/sol/.autopilot/db/v_mix.cpp:748]   --->   Operation 19 'alloca' 'y' <Predicate = (HwReg_layerEnableFlag_1_val_read)> <Delay = 0.00>
ST_2 : Operation 20 [1/1] (0.00ns)   --->   "%zext_ln136 = zext i11 %HwReg_layerHeight_1_val_read" [prj/sol/.autopilot/db/v_mix.cpp:136->prj/sol/.autopilot/db/v_mix.cpp:748->prj/sol/.autopilot/db/v_mix.cpp:748]   --->   Operation 20 'zext' 'zext_ln136' <Predicate = (HwReg_layerEnableFlag_1_val_read)> <Delay = 0.00>
ST_2 : Operation 21 [1/1] (2.76ns)   --->   "%shl_ln136 = shl i13 %zext_ln136, i13 %zext_ln126" [prj/sol/.autopilot/db/v_mix.cpp:136->prj/sol/.autopilot/db/v_mix.cpp:748->prj/sol/.autopilot/db/v_mix.cpp:748]   --->   Operation 21 'shl' 'shl_ln136' <Predicate = (HwReg_layerEnableFlag_1_val_read)> <Delay = 2.76> <CoreInst = "Shifter">   --->   Core 75 'Shifter' <Latency = 0> <II = 1> <Delay = 2.90> <FuncUnit> <Opcode : 'shl' 'lshr' 'ashr'> <InPorts = 2> <OutPorts = 1>
ST_2 : Operation 22 [1/1] (0.00ns)   --->   "%trunc_ln138 = trunc i3 %upfactor" [prj/sol/.autopilot/db/v_mix.cpp:138->prj/sol/.autopilot/db/v_mix.cpp:748->prj/sol/.autopilot/db/v_mix.cpp:748]   --->   Operation 22 'trunc' 'trunc_ln138' <Predicate = (HwReg_layerEnableFlag_1_val_read)> <Delay = 0.00>
ST_2 : Operation 23 [1/1] (0.63ns)   --->   "%add_ln138 = add i2 %trunc_ln138, i2 3" [prj/sol/.autopilot/db/v_mix.cpp:138->prj/sol/.autopilot/db/v_mix.cpp:748->prj/sol/.autopilot/db/v_mix.cpp:748]   --->   Operation 23 'add' 'add_ln138' <Predicate = (HwReg_layerEnableFlag_1_val_read)> <Delay = 0.63> <CoreInst = "Adder">   --->   Core 1 'Adder' <Latency = 0> <II = 1> <Delay = 0.63> <FuncUnit> <Opcode : 'add' 'sub'> <InPorts = 2> <OutPorts = 1>
ST_2 : Operation 24 [1/1] (0.00ns)   --->   "%zext_ln140 = zext i11 %HwReg_layerWidth_1_val_read" [prj/sol/.autopilot/db/v_mix.cpp:140->prj/sol/.autopilot/db/v_mix.cpp:748->prj/sol/.autopilot/db/v_mix.cpp:748]   --->   Operation 24 'zext' 'zext_ln140' <Predicate = (HwReg_layerEnableFlag_1_val_read)> <Delay = 0.00>
ST_2 : Operation 25 [1/1] (2.76ns)   --->   "%shl_ln140 = shl i13 %zext_ln140, i13 %zext_ln126" [prj/sol/.autopilot/db/v_mix.cpp:140->prj/sol/.autopilot/db/v_mix.cpp:748->prj/sol/.autopilot/db/v_mix.cpp:748]   --->   Operation 25 'shl' 'shl_ln140' <Predicate = (HwReg_layerEnableFlag_1_val_read)> <Delay = 2.76> <CoreInst = "Shifter">   --->   Core 75 'Shifter' <Latency = 0> <II = 1> <Delay = 2.90> <FuncUnit> <Opcode : 'shl' 'lshr' 'ashr'> <InPorts = 2> <OutPorts = 1>
ST_2 : Operation 26 [1/1] (1.29ns)   --->   "%store_ln122 = store i13 0, i13 %y" [prj/sol/.autopilot/db/v_mix.cpp:122->prj/sol/.autopilot/db/v_mix.cpp:748->prj/sol/.autopilot/db/v_mix.cpp:748]   --->   Operation 26 'store' 'store_ln122' <Predicate = (HwReg_layerEnableFlag_1_val_read)> <Delay = 1.29>
ST_2 : Operation 27 [1/1] (0.00ns)   --->   "%br_ln136 = br void %VITIS_LOOP_140_2.i.i" [prj/sol/.autopilot/db/v_mix.cpp:136->prj/sol/.autopilot/db/v_mix.cpp:748->prj/sol/.autopilot/db/v_mix.cpp:748]   --->   Operation 27 'br' 'br_ln136' <Predicate = (HwReg_layerEnableFlag_1_val_read)> <Delay = 0.00>

State 3 <SV = 2> <Delay = 4.44>
ST_3 : Operation 28 [1/1] (0.00ns)   --->   "%y_7 = load i13 %y" [prj/sol/.autopilot/db/v_mix.cpp:136->prj/sol/.autopilot/db/v_mix.cpp:748->prj/sol/.autopilot/db/v_mix.cpp:748]   --->   Operation 28 'load' 'y_7' <Predicate = (HwReg_layerEnableFlag_1_val_read)> <Delay = 0.00>
ST_3 : Operation 29 [1/1] (0.00ns)   --->   "%speclooptripcount_ln0 = speclooptripcount void @_ssdm_op_SpecLoopTripCount, i64 0, i64 4320, i64 0"   --->   Operation 29 'speclooptripcount' 'speclooptripcount_ln0' <Predicate = (HwReg_layerEnableFlag_1_val_read)> <Delay = 0.00>
ST_3 : Operation 30 [1/1] (1.53ns)   --->   "%icmp_ln136 = icmp_eq  i13 %y_7, i13 %shl_ln136" [prj/sol/.autopilot/db/v_mix.cpp:136->prj/sol/.autopilot/db/v_mix.cpp:748->prj/sol/.autopilot/db/v_mix.cpp:748]   --->   Operation 30 'icmp' 'icmp_ln136' <Predicate = (HwReg_layerEnableFlag_1_val_read)> <Delay = 1.53> <CoreInst = "Cmp">   --->   Core 9 'Cmp' <Latency = 0> <II = 1> <Delay = 1.53> <FuncUnit> <Opcode : 'seteq' 'setne' 'setle' 'setge' 'setlt' 'setgt'> <InPorts = 2> <OutPorts = 1>
ST_3 : Operation 31 [1/1] (1.53ns)   --->   "%y_8 = add i13 %y_7, i13 1" [prj/sol/.autopilot/db/v_mix.cpp:136->prj/sol/.autopilot/db/v_mix.cpp:748->prj/sol/.autopilot/db/v_mix.cpp:748]   --->   Operation 31 'add' 'y_8' <Predicate = (HwReg_layerEnableFlag_1_val_read)> <Delay = 1.53> <CoreInst = "Adder">   --->   Core 1 'Adder' <Latency = 0> <II = 1> <Delay = 1.53> <FuncUnit> <Opcode : 'add' 'sub'> <InPorts = 2> <OutPorts = 1>
ST_3 : Operation 32 [1/1] (0.00ns)   --->   "%br_ln136 = br i1 %icmp_ln136, void %VITIS_LOOP_140_2.split.i.i, void %v_mix_upsample<true>.exit.loopexit" [prj/sol/.autopilot/db/v_mix.cpp:136->prj/sol/.autopilot/db/v_mix.cpp:748->prj/sol/.autopilot/db/v_mix.cpp:748]   --->   Operation 32 'br' 'br_ln136' <Predicate = (HwReg_layerEnableFlag_1_val_read)> <Delay = 0.00>
ST_3 : Operation 33 [1/1] (0.00ns) (grouped into LUT with out node bReadLine)   --->   "%trunc_ln136 = trunc i13 %y_7" [prj/sol/.autopilot/db/v_mix.cpp:136->prj/sol/.autopilot/db/v_mix.cpp:748->prj/sol/.autopilot/db/v_mix.cpp:748]   --->   Operation 33 'trunc' 'trunc_ln136' <Predicate = (HwReg_layerEnableFlag_1_val_read & !icmp_ln136)> <Delay = 0.00>
ST_3 : Operation 34 [1/1] (0.00ns) (grouped into LUT with out node bReadLine)   --->   "%and_ln138 = and i2 %trunc_ln136, i2 %add_ln138" [prj/sol/.autopilot/db/v_mix.cpp:138->prj/sol/.autopilot/db/v_mix.cpp:748->prj/sol/.autopilot/db/v_mix.cpp:748]   --->   Operation 34 'and' 'and_ln138' <Predicate = (HwReg_layerEnableFlag_1_val_read & !icmp_ln136)> <Delay = 0.00> <CoreInst = "LogicGate">   --->   Core 74 'LogicGate' <Latency = 0> <II = 1> <Delay = 0.80> <FuncUnit> <Opcode : 'and' 'or' 'xor'> <InPorts = 2> <OutPorts = 1>
ST_3 : Operation 35 [1/1] (0.80ns) (out node of the LUT)   --->   "%bReadLine = icmp_ne  i2 %and_ln138, i2 0" [prj/sol/.autopilot/db/v_mix.cpp:138->prj/sol/.autopilot/db/v_mix.cpp:748->prj/sol/.autopilot/db/v_mix.cpp:748]   --->   Operation 35 'icmp' 'bReadLine' <Predicate = (HwReg_layerEnableFlag_1_val_read & !icmp_ln136)> <Delay = 0.80> <CoreInst = "Cmp">   --->   Core 9 'Cmp' <Latency = 0> <II = 1> <Delay = 0.63> <FuncUnit> <Opcode : 'seteq' 'setne' 'setle' 'setge' 'setlt' 'setgt'> <InPorts = 2> <OutPorts = 1>
ST_3 : Operation 36 [2/2] (2.90ns)   --->   "%call_ln140 = call void @v_mix_upsample<true>_Pipeline_VITIS_LOOP_140_2, i13 %shl_ln140, i24 %srcLayer1x, i24 %srcLayer1Rgb, i2 %HwReg_layerScaleFactor_1_val21_read, i2 %add_ln138, i1 %bReadLine" [prj/sol/.autopilot/db/v_mix.cpp:140->prj/sol/.autopilot/db/v_mix.cpp:748->prj/sol/.autopilot/db/v_mix.cpp:748]   --->   Operation 36 'call' 'call_ln140' <Predicate = (HwReg_layerEnableFlag_1_val_read & !icmp_ln136)> <Delay = 2.90> <CoreType = "Generic">   --->   Generic Core
ST_3 : Operation 37 [1/1] (1.29ns)   --->   "%store_ln122 = store i13 %y_8, i13 %y" [prj/sol/.autopilot/db/v_mix.cpp:122->prj/sol/.autopilot/db/v_mix.cpp:748->prj/sol/.autopilot/db/v_mix.cpp:748]   --->   Operation 37 'store' 'store_ln122' <Predicate = (HwReg_layerEnableFlag_1_val_read & !icmp_ln136)> <Delay = 1.29>
ST_3 : Operation 38 [1/1] (0.00ns)   --->   "%br_ln0 = br void %v_mix_upsample<true>.exit"   --->   Operation 38 'br' 'br_ln0' <Predicate = (HwReg_layerEnableFlag_1_val_read & icmp_ln136)> <Delay = 0.00>
ST_3 : Operation 39 [1/1] (0.00ns)   --->   "%ret_ln748 = ret" [prj/sol/.autopilot/db/v_mix.cpp:748]   --->   Operation 39 'ret' 'ret_ln748' <Predicate = (icmp_ln136) | (!HwReg_layerEnableFlag_1_val_read)> <Delay = 0.00>

State 4 <SV = 3> <Delay = 0.00>
ST_4 : Operation 40 [1/1] (0.00ns)   --->   "%specloopname_ln136 = specloopname void @_ssdm_op_SpecLoopName, void @empty_46" [prj/sol/.autopilot/db/v_mix.cpp:136->prj/sol/.autopilot/db/v_mix.cpp:748->prj/sol/.autopilot/db/v_mix.cpp:748]   --->   Operation 40 'specloopname' 'specloopname_ln136' <Predicate = true> <Delay = 0.00>
ST_4 : Operation 41 [1/2] (0.00ns)   --->   "%call_ln140 = call void @v_mix_upsample<true>_Pipeline_VITIS_LOOP_140_2, i13 %shl_ln140, i24 %srcLayer1x, i24 %srcLayer1Rgb, i2 %HwReg_layerScaleFactor_1_val21_read, i2 %add_ln138, i1 %bReadLine" [prj/sol/.autopilot/db/v_mix.cpp:140->prj/sol/.autopilot/db/v_mix.cpp:748->prj/sol/.autopilot/db/v_mix.cpp:748]   --->   Operation 41 'call' 'call_ln140' <Predicate = true> <Delay = 0.00> <CoreType = "Generic">   --->   Generic Core
ST_4 : Operation 42 [1/1] (0.00ns)   --->   "%br_ln136 = br void %VITIS_LOOP_140_2.i.i" [prj/sol/.autopilot/db/v_mix.cpp:136->prj/sol/.autopilot/db/v_mix.cpp:748->prj/sol/.autopilot/db/v_mix.cpp:748]   --->   Operation 42 'br' 'br_ln136' <Predicate = true> <Delay = 0.00>


============================================================
+ Verbose Summary: Binding
============================================================
STG Binding: 
---------------- STG Properties BEGIN ----------------
- Is combinational: 0
- Is one-state seq: 0
- Is datapath-only: 0
- Is pipelined: 0
- Is top level: 0
Port [ Return ] is wired: 1; IO mode=ap_ctrl_hs:ce=0
Port [ srcLayer1Rgb]:  wired=1; compound=1; hidden=0; nouse=0; global=0; static=0; extern=0; dir=0; type=3; pingpong=0; private_global=0; IO mode=ap_fifo:ce=0
Port [ HwReg_layerHeight_1_val]:  wired=1; compound=0; hidden=0; nouse=0; global=0; static=0; extern=0; dir=0; type=0; pingpong=0; private_global=0; IO mode=ap_stable:ce=0
Port [ HwReg_layerWidth_1_val]:  wired=1; compound=0; hidden=0; nouse=0; global=0; static=0; extern=0; dir=0; type=0; pingpong=0; private_global=0; IO mode=ap_stable:ce=0
Port [ HwReg_layerEnableFlag_1_val]:  wired=1; compound=0; hidden=0; nouse=0; global=0; static=0; extern=0; dir=0; type=0; pingpong=0; private_global=0; IO mode=ap_stable:ce=0
Port [ HwReg_layerScaleFactor_1_val21]:  wired=1; compound=0; hidden=0; nouse=0; global=0; static=0; extern=0; dir=0; type=0; pingpong=0; private_global=0; IO mode=ap_stable:ce=0
Port [ srcLayer1x]:  wired=1; compound=1; hidden=0; nouse=0; global=0; static=0; extern=0; dir=1; type=3; pingpong=0; private_global=0; IO mode=ap_fifo:ce=0
---------------- STG Properties END ------------------

---------------- Datapath Model BEGIN ----------------

<LifeTime>
<method=bitvector/>
HwReg_layerScaleFactor_1_val21_read (read             ) [ 00111]
HwReg_layerWidth_1_val_read         (read             ) [ 00100]
HwReg_layerHeight_1_val_read        (read             ) [ 00100]
specstablecontent_ln0               (specstablecontent) [ 00000]
specstablecontent_ln0               (specstablecontent) [ 00000]
specstablecontent_ln0               (specstablecontent) [ 00000]
specstablecontent_ln0               (specstablecontent) [ 00000]
specinterface_ln0                   (specinterface    ) [ 00000]
specinterface_ln0                   (specinterface    ) [ 00000]
HwReg_layerEnableFlag_1_val_read    (read             ) [ 00111]
zext_ln126                          (zext             ) [ 00000]
zext_ln126_1                        (zext             ) [ 00000]
upfactor                            (shl              ) [ 00000]
br_ln134                            (br               ) [ 00000]
y                                   (alloca           ) [ 00111]
zext_ln136                          (zext             ) [ 00000]
shl_ln136                           (shl              ) [ 00011]
trunc_ln138                         (trunc            ) [ 00000]
add_ln138                           (add              ) [ 00011]
zext_ln140                          (zext             ) [ 00000]
shl_ln140                           (shl              ) [ 00011]
store_ln122                         (store            ) [ 00000]
br_ln136                            (br               ) [ 00000]
y_7                                 (load             ) [ 00000]
speclooptripcount_ln0               (speclooptripcount) [ 00000]
icmp_ln136                          (icmp             ) [ 00011]
y_8                                 (add              ) [ 00000]
br_ln136                            (br               ) [ 00000]
trunc_ln136                         (trunc            ) [ 00000]
and_ln138                           (and              ) [ 00000]
bReadLine                           (icmp             ) [ 00001]
store_ln122                         (store            ) [ 00000]
br_ln0                              (br               ) [ 00000]
ret_ln748                           (ret              ) [ 00000]
specloopname_ln136                  (specloopname     ) [ 00000]
call_ln140                          (call             ) [ 00000]
br_ln136                            (br               ) [ 00000]
</LifeTime>

<model>

<comp_list>
<comp id="0" class="1000" name="srcLayer1Rgb">
<pin_list>
<pin id="1" dir="1" index="0" bw="1" slack="0"/>
</pin_list>
<bind>
<StgValue><ssdm name="srcLayer1Rgb"/></StgValue>
</bind>
</comp>

<comp id="2" class="1000" name="HwReg_layerHeight_1_val">
<pin_list>
<pin id="3" dir="1" index="0" bw="1" slack="0"/>
</pin_list>
<bind>
<StgValue><ssdm name="HwReg_layerHeight_1_val"/></StgValue>
</bind>
</comp>

<comp id="4" class="1000" name="HwReg_layerWidth_1_val">
<pin_list>
<pin id="5" dir="1" index="0" bw="1" slack="0"/>
</pin_list>
<bind>
<StgValue><ssdm name="HwReg_layerWidth_1_val"/></StgValue>
</bind>
</comp>

<comp id="6" class="1000" name="HwReg_layerEnableFlag_1_val">
<pin_list>
<pin id="7" dir="1" index="0" bw="1" slack="0"/>
</pin_list>
<bind>
<StgValue><ssdm name="HwReg_layerEnableFlag_1_val"/></StgValue>
</bind>
</comp>

<comp id="8" class="1000" name="HwReg_layerScaleFactor_1_val21">
<pin_list>
<pin id="9" dir="1" index="0" bw="1" slack="0"/>
</pin_list>
<bind>
<StgValue><ssdm name="HwReg_layerScaleFactor_1_val21"/></StgValue>
</bind>
</comp>

<comp id="10" class="1000" name="srcLayer1x">
<pin_list>
<pin id="11" dir="1" index="0" bw="1" slack="0"/>
</pin_list>
<bind>
<StgValue><ssdm name="srcLayer1x"/></StgValue>
</bind>
</comp>

<comp id="12" class="1001" name="const_12">
<pin_list>
<pin id="13" dir="1" index="0" bw="1" slack="0"/>
</pin_list>
<bind>
<StgValue><ssdm name="_ssdm_op_Read.ap_auto.i2"/></StgValue>
</bind>
</comp>

<comp id="14" class="1001" name="const_14">
<pin_list>
<pin id="15" dir="1" index="0" bw="1" slack="0"/>
</pin_list>
<bind>
<StgValue><ssdm name="_ssdm_op_Read.ap_auto.i11"/></StgValue>
</bind>
</comp>

<comp id="16" class="1001" name="const_16">
<pin_list>
<pin id="17" dir="1" index="0" bw="1" slack="2147483647"/>
</pin_list>
<bind>
<StgValue><ssdm name="_ssdm_op_SpecStableContent"/></StgValue>
</bind>
</comp>

<comp id="18" class="1001" name="const_18">
<pin_list>
<pin id="19" dir="1" index="0" bw="1" slack="2147483647"/>
</pin_list>
<bind>
<StgValue><ssdm name=""/></StgValue>
</bind>
</comp>

<comp id="20" class="1001" name="const_20">
<pin_list>
<pin id="21" dir="1" index="0" bw="1" slack="2147483647"/>
</pin_list>
<bind>
<StgValue><ssdm name="p_str"/></StgValue>
</bind>
</comp>

<comp id="22" class="1001" name="const_22">
<pin_list>
<pin id="23" dir="1" index="0" bw="1" slack="2147483647"/>
</pin_list>
<bind>
<StgValue><ssdm name="_ssdm_op_SpecInterface"/></StgValue>
</bind>
</comp>

<comp id="24" class="1001" name="const_24">
<pin_list>
<pin id="25" dir="1" index="0" bw="1" slack="2147483647"/>
</pin_list>
<bind>
<StgValue><ssdm name="empty_32"/></StgValue>
</bind>
</comp>

<comp id="26" class="1001" name="const_26">
<pin_list>
<pin id="27" dir="1" index="0" bw="1" slack="2147483647"/>
</pin_list>
<bind>
<StgValue><ssdm name=""/></StgValue>
</bind>
</comp>

<comp id="28" class="1001" name="const_28">
<pin_list>
<pin id="29" dir="1" index="0" bw="1" slack="2147483647"/>
</pin_list>
<bind>
<StgValue><ssdm name="empty_47"/></StgValue>
</bind>
</comp>

<comp id="30" class="1001" name="const_30">
<pin_list>
<pin id="31" dir="1" index="0" bw="1" slack="2147483647"/>
</pin_list>
<bind>
<StgValue><ssdm name=""/></StgValue>
</bind>
</comp>

<comp id="32" class="1001" name="const_32">
<pin_list>
<pin id="33" dir="1" index="0" bw="1" slack="0"/>
</pin_list>
<bind>
<StgValue><ssdm name="_ssdm_op_Read.ap_auto.i1"/></StgValue>
</bind>
</comp>

<comp id="34" class="1001" name="const_34">
<pin_list>
<pin id="35" dir="1" index="0" bw="1" slack="0"/>
</pin_list>
<bind>
<StgValue><ssdm name=""/></StgValue>
</bind>
</comp>

<comp id="36" class="1001" name="const_36">
<pin_list>
<pin id="37" dir="1" index="0" bw="1" slack="0"/>
</pin_list>
<bind>
<StgValue><ssdm name=""/></StgValue>
</bind>
</comp>

<comp id="38" class="1001" name="const_38">
<pin_list>
<pin id="39" dir="1" index="0" bw="1" slack="0"/>
</pin_list>
<bind>
<StgValue><ssdm name=""/></StgValue>
</bind>
</comp>

<comp id="40" class="1001" name="const_40">
<pin_list>
<pin id="41" dir="1" index="0" bw="1" slack="0"/>
</pin_list>
<bind>
<StgValue><ssdm name=""/></StgValue>
</bind>
</comp>

<comp id="42" class="1001" name="const_42">
<pin_list>
<pin id="43" dir="1" index="0" bw="1" slack="2147483647"/>
</pin_list>
<bind>
<StgValue><ssdm name="_ssdm_op_SpecLoopTripCount"/></StgValue>
</bind>
</comp>

<comp id="44" class="1001" name="const_44">
<pin_list>
<pin id="45" dir="1" index="0" bw="1" slack="2147483647"/>
</pin_list>
<bind>
<StgValue><ssdm name=""/></StgValue>
</bind>
</comp>

<comp id="46" class="1001" name="const_46">
<pin_list>
<pin id="47" dir="1" index="0" bw="1" slack="2147483647"/>
</pin_list>
<bind>
<StgValue><ssdm name=""/></StgValue>
</bind>
</comp>

<comp id="48" class="1001" name="const_48">
<pin_list>
<pin id="49" dir="1" index="0" bw="1" slack="0"/>
</pin_list>
<bind>
<StgValue><ssdm name=""/></StgValue>
</bind>
</comp>

<comp id="50" class="1001" name="const_50">
<pin_list>
<pin id="51" dir="1" index="0" bw="1" slack="0"/>
</pin_list>
<bind>
<StgValue><ssdm name=""/></StgValue>
</bind>
</comp>

<comp id="52" class="1001" name="const_52">
<pin_list>
<pin id="53" dir="1" index="0" bw="1" slack="0"/>
</pin_list>
<bind>
<StgValue><ssdm name="v_mix_upsample<true>_Pipeline_VITIS_LOOP_140_2"/></StgValue>
</bind>
</comp>

<comp id="54" class="1001" name="const_54">
<pin_list>
<pin id="55" dir="1" index="0" bw="1" slack="2147483647"/>
</pin_list>
<bind>
<StgValue><ssdm name="_ssdm_op_SpecLoopName"/></StgValue>
</bind>
</comp>

<comp id="56" class="1001" name="const_56">
<pin_list>
<pin id="57" dir="1" index="0" bw="1" slack="2147483647"/>
</pin_list>
<bind>
<StgValue><ssdm name="empty_46"/></StgValue>
</bind>
</comp>

<comp id="58" class="1004" name="y_fu_58">
<pin_list>
<pin id="59" dir="0" index="0" bw="1" slack="0"/>
<pin id="60" dir="1" index="1" bw="13" slack="0"/>
</pin_list>
<bind>
<opcode="alloca(26) " fcode="alloca"/>
<opset="y/2 "/>
</bind>
</comp>

<comp id="62" class="1004" name="HwReg_layerScaleFactor_1_val21_read_read_fu_62">
<pin_list>
<pin id="63" dir="0" index="0" bw="2" slack="0"/>
<pin id="64" dir="0" index="1" bw="2" slack="0"/>
<pin id="65" dir="1" index="2" bw="2" slack="1"/>
</pin_list>
<bind>
<opcode="read(1150) " fcode="read"/>
<opset="HwReg_layerScaleFactor_1_val21_read/1 "/>
</bind>
</comp>

<comp id="68" class="1004" name="HwReg_layerWidth_1_val_read_read_fu_68">
<pin_list>
<pin id="69" dir="0" index="0" bw="11" slack="0"/>
<pin id="70" dir="0" index="1" bw="11" slack="0"/>
<pin id="71" dir="1" index="2" bw="11" slack="1"/>
</pin_list>
<bind>
<opcode="read(1150) " fcode="read"/>
<opset="HwReg_layerWidth_1_val_read/1 "/>
</bind>
</comp>

<comp id="74" class="1004" name="HwReg_layerHeight_1_val_read_read_fu_74">
<pin_list>
<pin id="75" dir="0" index="0" bw="11" slack="0"/>
<pin id="76" dir="0" index="1" bw="11" slack="0"/>
<pin id="77" dir="1" index="2" bw="11" slack="1"/>
</pin_list>
<bind>
<opcode="read(1150) " fcode="read"/>
<opset="HwReg_layerHeight_1_val_read/1 "/>
</bind>
</comp>

<comp id="80" class="1004" name="HwReg_layerEnableFlag_1_val_read_read_fu_80">
<pin_list>
<pin id="81" dir="0" index="0" bw="1" slack="0"/>
<pin id="82" dir="0" index="1" bw="1" slack="0"/>
<pin id="83" dir="1" index="2" bw="1" slack="1"/>
</pin_list>
<bind>
<opcode="read(1150) " fcode="read"/>
<opset="HwReg_layerEnableFlag_1_val_read/2 "/>
</bind>
</comp>

<comp id="86" class="1004" name="grp_v_mix_upsample_true_Pipeline_VITIS_LOOP_140_2_fu_86">
<pin_list>
<pin id="87" dir="0" index="0" bw="0" slack="0"/>
<pin id="88" dir="0" index="1" bw="13" slack="1"/>
<pin id="89" dir="0" index="2" bw="24" slack="0"/>
<pin id="90" dir="0" index="3" bw="24" slack="0"/>
<pin id="91" dir="0" index="4" bw="2" slack="2"/>
<pin id="92" dir="0" index="5" bw="2" slack="1"/>
<pin id="93" dir="0" index="6" bw="1" slack="0"/>
<pin id="94" dir="1" index="7" bw="0" slack="2147483647"/>
</pin_list>
<bind>
<opcode="call(48) " fcode="call"/>
<opset="call_ln140/3 "/>
</bind>
</comp>

<comp id="98" class="1004" name="zext_ln126_fu_98">
<pin_list>
<pin id="99" dir="0" index="0" bw="2" slack="1"/>
<pin id="100" dir="1" index="1" bw="13" slack="0"/>
</pin_list>
<bind>
<opcode="zext(34) " fcode="zext"/>
<opset="zext_ln126/2 "/>
</bind>
</comp>

<comp id="101" class="1004" name="zext_ln126_1_fu_101">
<pin_list>
<pin id="102" dir="0" index="0" bw="2" slack="1"/>
<pin id="103" dir="1" index="1" bw="3" slack="0"/>
</pin_list>
<bind>
<opcode="zext(34) " fcode="zext"/>
<opset="zext_ln126_1/2 "/>
</bind>
</comp>

<comp id="104" class="1004" name="upfactor_fu_104">
<pin_list>
<pin id="105" dir="0" index="0" bw="1" slack="0"/>
<pin id="106" dir="0" index="1" bw="2" slack="0"/>
<pin id="107" dir="1" index="2" bw="3" slack="0"/>
</pin_list>
<bind>
<opcode="shl(20) " fcode="shl"/>
<opset="upfactor/2 "/>
</bind>
</comp>

<comp id="110" class="1004" name="zext_ln136_fu_110">
<pin_list>
<pin id="111" dir="0" index="0" bw="11" slack="1"/>
<pin id="112" dir="1" index="1" bw="13" slack="0"/>
</pin_list>
<bind>
<opcode="zext(34) " fcode="zext"/>
<opset="zext_ln136/2 "/>
</bind>
</comp>

<comp id="113" class="1004" name="shl_ln136_fu_113">
<pin_list>
<pin id="114" dir="0" index="0" bw="11" slack="0"/>
<pin id="115" dir="0" index="1" bw="2" slack="0"/>
<pin id="116" dir="1" index="2" bw="13" slack="1"/>
</pin_list>
<bind>
<opcode="shl(20) " fcode="shl"/>
<opset="shl_ln136/2 "/>
</bind>
</comp>

<comp id="119" class="1004" name="trunc_ln138_fu_119">
<pin_list>
<pin id="120" dir="0" index="0" bw="3" slack="0"/>
<pin id="121" dir="1" index="1" bw="2" slack="0"/>
</pin_list>
<bind>
<opcode="trunc(33) " fcode="trunc"/>
<opset="trunc_ln138/2 "/>
</bind>
</comp>

<comp id="123" class="1004" name="add_ln138_fu_123">
<pin_list>
<pin id="124" dir="0" index="0" bw="2" slack="0"/>
<pin id="125" dir="0" index="1" bw="1" slack="0"/>
<pin id="126" dir="1" index="2" bw="2" slack="1"/>
</pin_list>
<bind>
<opcode="add(8) " fcode="add"/>
<opset="add_ln138/2 "/>
</bind>
</comp>

<comp id="129" class="1004" name="zext_ln140_fu_129">
<pin_list>
<pin id="130" dir="0" index="0" bw="11" slack="1"/>
<pin id="131" dir="1" index="1" bw="13" slack="0"/>
</pin_list>
<bind>
<opcode="zext(34) " fcode="zext"/>
<opset="zext_ln140/2 "/>
</bind>
</comp>

<comp id="132" class="1004" name="shl_ln140_fu_132">
<pin_list>
<pin id="133" dir="0" index="0" bw="11" slack="0"/>
<pin id="134" dir="0" index="1" bw="2" slack="0"/>
<pin id="135" dir="1" index="2" bw="13" slack="1"/>
</pin_list>
<bind>
<opcode="shl(20) " fcode="shl"/>
<opset="shl_ln140/2 "/>
</bind>
</comp>

<comp id="138" class="1004" name="store_ln122_store_fu_138">
<pin_list>
<pin id="139" dir="0" index="0" bw="1" slack="0"/>
<pin id="140" dir="0" index="1" bw="13" slack="0"/>
<pin id="141" dir="1" index="2" bw="0" slack="2147483647"/>
</pin_list>
<bind>
<opcode="store(28) " fcode="store"/>
<opset="store_ln122/2 "/>
</bind>
</comp>

<comp id="143" class="1004" name="y_7_load_fu_143">
<pin_list>
<pin id="144" dir="0" index="0" bw="13" slack="1"/>
<pin id="145" dir="1" index="1" bw="13" slack="0"/>
</pin_list>
<bind>
<opcode="load(27) " fcode="load"/>
<opset="y_7/3 "/>
</bind>
</comp>

<comp id="146" class="1004" name="icmp_ln136_fu_146">
<pin_list>
<pin id="147" dir="0" index="0" bw="13" slack="0"/>
<pin id="148" dir="0" index="1" bw="13" slack="1"/>
<pin id="149" dir="1" index="2" bw="1" slack="2147483647"/>
</pin_list>
<bind>
<opcode="icmp(45) " fcode="icmp"/>
<opset="icmp_ln136/3 "/>
</bind>
</comp>

<comp id="151" class="1004" name="y_8_fu_151">
<pin_list>
<pin id="152" dir="0" index="0" bw="13" slack="0"/>
<pin id="153" dir="0" index="1" bw="1" slack="0"/>
<pin id="154" dir="1" index="2" bw="13" slack="0"/>
</pin_list>
<bind>
<opcode="add(8) " fcode="add"/>
<opset="y_8/3 "/>
</bind>
</comp>

<comp id="157" class="1004" name="trunc_ln136_fu_157">
<pin_list>
<pin id="158" dir="0" index="0" bw="13" slack="0"/>
<pin id="159" dir="1" index="1" bw="2" slack="0"/>
</pin_list>
<bind>
<opcode="trunc(33) " fcode="trunc"/>
<opset="trunc_ln136/3 "/>
</bind>
</comp>

<comp id="161" class="1004" name="and_ln138_fu_161">
<pin_list>
<pin id="162" dir="0" index="0" bw="2" slack="0"/>
<pin id="163" dir="0" index="1" bw="2" slack="1"/>
<pin id="164" dir="1" index="2" bw="2" slack="0"/>
</pin_list>
<bind>
<opcode="and(23) " fcode="and"/>
<opset="and_ln138/3 "/>
</bind>
</comp>

<comp id="166" class="1004" name="bReadLine_fu_166">
<pin_list>
<pin id="167" dir="0" index="0" bw="2" slack="0"/>
<pin id="168" dir="0" index="1" bw="2" slack="0"/>
<pin id="169" dir="1" index="2" bw="1" slack="0"/>
</pin_list>
<bind>
<opcode="icmp(45) " fcode="icmp"/>
<opset="bReadLine/3 "/>
</bind>
</comp>

<comp id="173" class="1004" name="store_ln122_store_fu_173">
<pin_list>
<pin id="174" dir="0" index="0" bw="13" slack="0"/>
<pin id="175" dir="0" index="1" bw="13" slack="1"/>
<pin id="176" dir="1" index="2" bw="0" slack="2147483647"/>
</pin_list>
<bind>
<opcode="store(28) " fcode="store"/>
<opset="store_ln122/3 "/>
</bind>
</comp>

<comp id="178" class="1005" name="HwReg_layerScaleFactor_1_val21_read_reg_178">
<pin_list>
<pin id="179" dir="0" index="0" bw="2" slack="1"/>
<pin id="180" dir="1" index="1" bw="2" slack="1"/>
</pin_list>
<bind>
<opset="HwReg_layerScaleFactor_1_val21_read "/>
</bind>
</comp>

<comp id="185" class="1005" name="HwReg_layerWidth_1_val_read_reg_185">
<pin_list>
<pin id="186" dir="0" index="0" bw="11" slack="1"/>
<pin id="187" dir="1" index="1" bw="11" slack="1"/>
</pin_list>
<bind>
<opset="HwReg_layerWidth_1_val_read "/>
</bind>
</comp>

<comp id="190" class="1005" name="HwReg_layerHeight_1_val_read_reg_190">
<pin_list>
<pin id="191" dir="0" index="0" bw="11" slack="1"/>
<pin id="192" dir="1" index="1" bw="11" slack="1"/>
</pin_list>
<bind>
<opset="HwReg_layerHeight_1_val_read "/>
</bind>
</comp>

<comp id="195" class="1005" name="HwReg_layerEnableFlag_1_val_read_reg_195">
<pin_list>
<pin id="196" dir="0" index="0" bw="1" slack="1"/>
<pin id="197" dir="1" index="1" bw="1" slack="2147483647"/>
</pin_list>
<bind>
<opset="HwReg_layerEnableFlag_1_val_read "/>
</bind>
</comp>

<comp id="199" class="1005" name="y_reg_199">
<pin_list>
<pin id="200" dir="0" index="0" bw="13" slack="0"/>
<pin id="201" dir="1" index="1" bw="13" slack="0"/>
</pin_list>
<bind>
<opset="y "/>
</bind>
</comp>

<comp id="206" class="1005" name="shl_ln136_reg_206">
<pin_list>
<pin id="207" dir="0" index="0" bw="13" slack="1"/>
<pin id="208" dir="1" index="1" bw="13" slack="1"/>
</pin_list>
<bind>
<opset="shl_ln136 "/>
</bind>
</comp>

<comp id="211" class="1005" name="add_ln138_reg_211">
<pin_list>
<pin id="212" dir="0" index="0" bw="2" slack="1"/>
<pin id="213" dir="1" index="1" bw="2" slack="1"/>
</pin_list>
<bind>
<opset="add_ln138 "/>
</bind>
</comp>

<comp id="217" class="1005" name="shl_ln140_reg_217">
<pin_list>
<pin id="218" dir="0" index="0" bw="13" slack="1"/>
<pin id="219" dir="1" index="1" bw="13" slack="1"/>
</pin_list>
<bind>
<opset="shl_ln140 "/>
</bind>
</comp>

<comp id="225" class="1005" name="bReadLine_reg_225">
<pin_list>
<pin id="226" dir="0" index="0" bw="1" slack="1"/>
<pin id="227" dir="1" index="1" bw="1" slack="1"/>
</pin_list>
<bind>
<opset="bReadLine "/>
</bind>
</comp>

</comp_list>

<net_list>
<net id="61"><net_src comp="36" pin="0"/><net_sink comp="58" pin=0"/></net>

<net id="66"><net_src comp="12" pin="0"/><net_sink comp="62" pin=0"/></net>

<net id="67"><net_src comp="8" pin="0"/><net_sink comp="62" pin=1"/></net>

<net id="72"><net_src comp="14" pin="0"/><net_sink comp="68" pin=0"/></net>

<net id="73"><net_src comp="4" pin="0"/><net_sink comp="68" pin=1"/></net>

<net id="78"><net_src comp="14" pin="0"/><net_sink comp="74" pin=0"/></net>

<net id="79"><net_src comp="2" pin="0"/><net_sink comp="74" pin=1"/></net>

<net id="84"><net_src comp="32" pin="0"/><net_sink comp="80" pin=0"/></net>

<net id="85"><net_src comp="6" pin="0"/><net_sink comp="80" pin=1"/></net>

<net id="95"><net_src comp="52" pin="0"/><net_sink comp="86" pin=0"/></net>

<net id="96"><net_src comp="10" pin="0"/><net_sink comp="86" pin=2"/></net>

<net id="97"><net_src comp="0" pin="0"/><net_sink comp="86" pin=3"/></net>

<net id="108"><net_src comp="34" pin="0"/><net_sink comp="104" pin=0"/></net>

<net id="109"><net_src comp="101" pin="1"/><net_sink comp="104" pin=1"/></net>

<net id="117"><net_src comp="110" pin="1"/><net_sink comp="113" pin=0"/></net>

<net id="118"><net_src comp="98" pin="1"/><net_sink comp="113" pin=1"/></net>

<net id="122"><net_src comp="104" pin="2"/><net_sink comp="119" pin=0"/></net>

<net id="127"><net_src comp="119" pin="1"/><net_sink comp="123" pin=0"/></net>

<net id="128"><net_src comp="38" pin="0"/><net_sink comp="123" pin=1"/></net>

<net id="136"><net_src comp="129" pin="1"/><net_sink comp="132" pin=0"/></net>

<net id="137"><net_src comp="98" pin="1"/><net_sink comp="132" pin=1"/></net>

<net id="142"><net_src comp="40" pin="0"/><net_sink comp="138" pin=0"/></net>

<net id="150"><net_src comp="143" pin="1"/><net_sink comp="146" pin=0"/></net>

<net id="155"><net_src comp="143" pin="1"/><net_sink comp="151" pin=0"/></net>

<net id="156"><net_src comp="48" pin="0"/><net_sink comp="151" pin=1"/></net>

<net id="160"><net_src comp="143" pin="1"/><net_sink comp="157" pin=0"/></net>

<net id="165"><net_src comp="157" pin="1"/><net_sink comp="161" pin=0"/></net>

<net id="170"><net_src comp="161" pin="2"/><net_sink comp="166" pin=0"/></net>

<net id="171"><net_src comp="50" pin="0"/><net_sink comp="166" pin=1"/></net>

<net id="172"><net_src comp="166" pin="2"/><net_sink comp="86" pin=6"/></net>

<net id="177"><net_src comp="151" pin="2"/><net_sink comp="173" pin=0"/></net>

<net id="181"><net_src comp="62" pin="2"/><net_sink comp="178" pin=0"/></net>

<net id="182"><net_src comp="178" pin="1"/><net_sink comp="98" pin=0"/></net>

<net id="183"><net_src comp="178" pin="1"/><net_sink comp="101" pin=0"/></net>

<net id="184"><net_src comp="178" pin="1"/><net_sink comp="86" pin=4"/></net>

<net id="188"><net_src comp="68" pin="2"/><net_sink comp="185" pin=0"/></net>

<net id="189"><net_src comp="185" pin="1"/><net_sink comp="129" pin=0"/></net>

<net id="193"><net_src comp="74" pin="2"/><net_sink comp="190" pin=0"/></net>

<net id="194"><net_src comp="190" pin="1"/><net_sink comp="110" pin=0"/></net>

<net id="198"><net_src comp="80" pin="2"/><net_sink comp="195" pin=0"/></net>

<net id="202"><net_src comp="58" pin="1"/><net_sink comp="199" pin=0"/></net>

<net id="203"><net_src comp="199" pin="1"/><net_sink comp="138" pin=1"/></net>

<net id="204"><net_src comp="199" pin="1"/><net_sink comp="143" pin=0"/></net>

<net id="205"><net_src comp="199" pin="1"/><net_sink comp="173" pin=1"/></net>

<net id="209"><net_src comp="113" pin="2"/><net_sink comp="206" pin=0"/></net>

<net id="210"><net_src comp="206" pin="1"/><net_sink comp="146" pin=1"/></net>

<net id="214"><net_src comp="123" pin="2"/><net_sink comp="211" pin=0"/></net>

<net id="215"><net_src comp="211" pin="1"/><net_sink comp="161" pin=1"/></net>

<net id="216"><net_src comp="211" pin="1"/><net_sink comp="86" pin=5"/></net>

<net id="220"><net_src comp="132" pin="2"/><net_sink comp="217" pin=0"/></net>

<net id="221"><net_src comp="217" pin="1"/><net_sink comp="86" pin=1"/></net>

<net id="228"><net_src comp="166" pin="2"/><net_sink comp="225" pin=0"/></net>

<net id="229"><net_src comp="225" pin="1"/><net_sink comp="86" pin=6"/></net>

</net_list>

</model> 
---------------- Datapath Model END ------------------

* FSMD analyzer results:
  - Output states:
	Port: srcLayer1x | {3 4 }
 - Input state : 
	Port: v_mix_upsample<true> : srcLayer1Rgb | {3 4 }
	Port: v_mix_upsample<true> : HwReg_layerHeight_1_val | {1 }
	Port: v_mix_upsample<true> : HwReg_layerWidth_1_val | {1 }
	Port: v_mix_upsample<true> : HwReg_layerEnableFlag_1_val | {2 }
	Port: v_mix_upsample<true> : HwReg_layerScaleFactor_1_val21 | {1 }
  - Chain level:
	State 1
	State 2
		upfactor : 1
		shl_ln136 : 1
		trunc_ln138 : 2
		add_ln138 : 3
		shl_ln140 : 1
		store_ln122 : 1
	State 3
		icmp_ln136 : 1
		y_8 : 1
		br_ln136 : 2
		trunc_ln136 : 1
		and_ln138 : 2
		bReadLine : 2
		call_ln140 : 3
		store_ln122 : 2
	State 4


============================================================
+ Verbose Summary: Datapath Resource usage 
============================================================

* Functional unit list:
|----------|---------------------------------------------------------|---------|---------|---------|---------|---------|
| Operation|                     Functional Unit                     |   BRAM  |  Delay  |    FF   |   LUT   |   URAM  |
|----------|---------------------------------------------------------|---------|---------|---------|---------|---------|
|   call   | grp_v_mix_upsample_true_Pipeline_VITIS_LOOP_140_2_fu_86 |    6    |  1.298  |   146   |    72   |    0    |
|----------|---------------------------------------------------------|---------|---------|---------|---------|---------|
|          |                     upfactor_fu_104                     |    0    |    0    |    0    |    6    |    0    |
|    shl   |                     shl_ln136_fu_113                    |    0    |    0    |    0    |    24   |    0    |
|          |                     shl_ln140_fu_132                    |    0    |    0    |    0    |    24   |    0    |
|----------|---------------------------------------------------------|---------|---------|---------|---------|---------|
|    add   |                     add_ln138_fu_123                    |    0    |    0    |    0    |    3    |    0    |
|          |                        y_8_fu_151                       |    0    |    0    |    0    |    13   |    0    |
|----------|---------------------------------------------------------|---------|---------|---------|---------|---------|
|   icmp   |                    icmp_ln136_fu_146                    |    0    |    0    |    0    |    13   |    0    |
|          |                     bReadLine_fu_166                    |    0    |    0    |    0    |    3    |    0    |
|----------|---------------------------------------------------------|---------|---------|---------|---------|---------|
|    and   |                     and_ln138_fu_161                    |    0    |    0    |    0    |    2    |    0    |
|----------|---------------------------------------------------------|---------|---------|---------|---------|---------|
|          |      HwReg_layerScaleFactor_1_val21_read_read_fu_62     |    0    |    0    |    0    |    0    |    0    |
|   read   |          HwReg_layerWidth_1_val_read_read_fu_68         |    0    |    0    |    0    |    0    |    0    |
|          |         HwReg_layerHeight_1_val_read_read_fu_74         |    0    |    0    |    0    |    0    |    0    |
|          |       HwReg_layerEnableFlag_1_val_read_read_fu_80       |    0    |    0    |    0    |    0    |    0    |
|----------|---------------------------------------------------------|---------|---------|---------|---------|---------|
|          |                     zext_ln126_fu_98                    |    0    |    0    |    0    |    0    |    0    |
|   zext   |                   zext_ln126_1_fu_101                   |    0    |    0    |    0    |    0    |    0    |
|          |                    zext_ln136_fu_110                    |    0    |    0    |    0    |    0    |    0    |
|          |                    zext_ln140_fu_129                    |    0    |    0    |    0    |    0    |    0    |
|----------|---------------------------------------------------------|---------|---------|---------|---------|---------|
|   trunc  |                    trunc_ln138_fu_119                   |    0    |    0    |    0    |    0    |    0    |
|          |                    trunc_ln136_fu_157                   |    0    |    0    |    0    |    0    |    0    |
|----------|---------------------------------------------------------|---------|---------|---------|---------|---------|
|   Total  |                                                         |    6    |  1.298  |   146   |   160   |    0    |
|----------|---------------------------------------------------------|---------|---------|---------|---------|---------|

Memories:
N/A

* Register list:
+-------------------------------------------+--------+
|                                           |   FF   |
+-------------------------------------------+--------+
|  HwReg_layerEnableFlag_1_val_read_reg_195 |    1   |
|    HwReg_layerHeight_1_val_read_reg_190   |   11   |
|HwReg_layerScaleFactor_1_val21_read_reg_178|    2   |
|    HwReg_layerWidth_1_val_read_reg_185    |   11   |
|             add_ln138_reg_211             |    2   |
|             bReadLine_reg_225             |    1   |
|             shl_ln136_reg_206             |   13   |
|             shl_ln140_reg_217             |   13   |
|                 y_reg_199                 |   13   |
+-------------------------------------------+--------+
|                   Total                   |   67   |
+-------------------------------------------+--------+

* Multiplexer (MUX) list: 
|---------------------------------------------------------|------|------|------|--------||---------||---------||---------|
|                           Comp                          |  Pin | Size |  BW  | S x BW ||  Delay  ||    FF   ||   LUT   |
|---------------------------------------------------------|------|------|------|--------||---------||---------||---------|
| grp_v_mix_upsample_true_Pipeline_VITIS_LOOP_140_2_fu_86 |  p6  |   2  |   1  |    2   ||    0    ||    9    |
|---------------------------------------------------------|------|------|------|--------||---------||---------||---------|
|                          Total                          |      |      |      |    2   ||  1.298  ||    0    ||    9    |
|---------------------------------------------------------|------|------|------|--------||---------||---------||---------|



* Summary:
+-----------+--------+--------+--------+--------+--------+
|           |  BRAM  |  Delay |   FF   |   LUT  |  URAM  |
+-----------+--------+--------+--------+--------+--------+
|  Function |    6   |    1   |   146  |   160  |    0   |
|   Memory  |    -   |    -   |    -   |    -   |    -   |
|Multiplexer|    -   |    1   |    0   |    9   |    -   |
|  Register |    -   |    -   |   67   |    -   |    -   |
+-----------+--------+--------+--------+--------+--------+
|   Total   |    6   |    2   |   213  |   169  |    0   |
+-----------+--------+--------+--------+--------+--------+
