ECHO is off.
"PYTHONPATH" variable is set greater than default max string limit of "519" characters.
Please ignore this, if you have already made changes to your system registry to accept more than
default limit of 519 characters.
ECHO is off.
  **** HLS Build v2025.2 6295257
Sourcing Tcl script 'C:/Users/Sergey/Documents/Xilinx/z7000_hdmi/HDMI_FBWRRD/HDMI_FBWRRD.runs/top_design_v_frmbuf_rd_0_0_synth_1/runhls.tcl'
INFO: [HLS 200-1510] Running: open_project -reset prj 
WARNING: [HLS 200-2182] The 'prj' project will not automatically appear within Vitis IDE workspaces and is meant only for TCL batch use.  Please use open_component instead of open_project/open_solution to generate Vitis IDE compatible component files and directory structure.
Resolution: For help on HLS 200-2182 see docs.amd.com/access/sources/dita/topic?Doc_Version=2025.2%20English&url=ug1448-hls-guidance&resourceid=200-2182.html
INFO: [HLS 200-10] Creating and opening solution 'C:/Users/Sergey/Documents/Xilinx/z7000_hdmi/HDMI_FBWRRD/HDMI_FBWRRD.runs/top_design_v_frmbuf_rd_0_0_synth_1/prj'.
INFO: [HLS 200-1510] Running: set_top v_frmbuf_rd 
INFO: [HLS 200-1510] Running: open_solution sol 
INFO: [HLS 200-10] Creating and opening solution 'C:/Users/Sergey/Documents/Xilinx/z7000_hdmi/HDMI_FBWRRD/HDMI_FBWRRD.runs/top_design_v_frmbuf_rd_0_0_synth_1/prj/sol'.
INFO: [HLS 200-1505] Using default flow_target 'vivado'
Resolution: For help on HLS 200-1505 see docs.amd.com/access/sources/dita/topic?Doc_Version=2025.2%20English&url=ug1448-hls-guidance&resourceid=200-1505.html
INFO: [HLS 200-1510] Running: set_part xc7z020clg400-2 
INFO: [HLS 200-1611] Setting target device to 'xc7z020-clg400-2'
INFO: [HLS 200-1510] Running: add_files -cflags  -I c:/Users/Sergey/Documents/Xilinx/z7000_hdmi/HDMI_FBWRRD/HDMI_FBWRRD.gen/sources_1/bd/top_design/ip/top_design_v_frmbuf_rd_0_0/src/hls -I c:/Users/Sergey/Documents/Xilinx/z7000_hdmi/HDMI_FBWRRD/HDMI_FBWRRD.gen/sources_1/bd/top_design/ip/top_design_v_frmbuf_rd_0_0/src  c:/Users/Sergey/Documents/Xilinx/z7000_hdmi/HDMI_FBWRRD/HDMI_FBWRRD.gen/sources_1/bd/top_design/ip/top_design_v_frmbuf_rd_0_0/src/v_frmbuf_rd_config.h 
INFO: [HLS 200-10] Adding design file 'c:/Users/Sergey/Documents/Xilinx/z7000_hdmi/HDMI_FBWRRD/HDMI_FBWRRD.gen/sources_1/bd/top_design/ip/top_design_v_frmbuf_rd_0_0/src/v_frmbuf_rd_config.h' to the project
INFO: [HLS 200-1510] Running: add_files -cflags  -I c:/Users/Sergey/Documents/Xilinx/z7000_hdmi/HDMI_FBWRRD/HDMI_FBWRRD.gen/sources_1/bd/top_design/ip/top_design_v_frmbuf_rd_0_0/src/hls -I c:/Users/Sergey/Documents/Xilinx/z7000_hdmi/HDMI_FBWRRD/HDMI_FBWRRD.gen/sources_1/bd/top_design/ip/top_design_v_frmbuf_rd_0_0/src  c:/Users/Sergey/Documents/Xilinx/z7000_hdmi/HDMI_FBWRRD/HDMI_FBWRRD.gen/sources_1/bd/top_design/ip/top_design_v_frmbuf_rd_0_0/src/v_frmbuf_rd.cpp 
INFO: [HLS 200-10] Adding design file 'c:/Users/Sergey/Documents/Xilinx/z7000_hdmi/HDMI_FBWRRD/HDMI_FBWRRD.gen/sources_1/bd/top_design/ip/top_design_v_frmbuf_rd_0_0/src/v_frmbuf_rd.cpp' to the project
INFO: [HLS 200-1510] Running: add_files -cflags  -I c:/Users/Sergey/Documents/Xilinx/z7000_hdmi/HDMI_FBWRRD/HDMI_FBWRRD.gen/sources_1/bd/top_design/ip/top_design_v_frmbuf_rd_0_0/src/hls -I c:/Users/Sergey/Documents/Xilinx/z7000_hdmi/HDMI_FBWRRD/HDMI_FBWRRD.gen/sources_1/bd/top_design/ip/top_design_v_frmbuf_rd_0_0/src  c:/Users/Sergey/Documents/Xilinx/z7000_hdmi/HDMI_FBWRRD/HDMI_FBWRRD.gen/sources_1/bd/top_design/ip/top_design_v_frmbuf_rd_0_0/src/v_frmbuf_rd.h 
INFO: [HLS 200-10] Adding design file 'c:/Users/Sergey/Documents/Xilinx/z7000_hdmi/HDMI_FBWRRD/HDMI_FBWRRD.gen/sources_1/bd/top_design/ip/top_design_v_frmbuf_rd_0_0/src/v_frmbuf_rd.h' to the project
INFO: [HLS 200-1510] Running: add_files -cflags  -I c:/Users/Sergey/Documents/Xilinx/z7000_hdmi/HDMI_FBWRRD/HDMI_FBWRRD.gen/sources_1/bd/top_design/ip/top_design_v_frmbuf_rd_0_0/src/hls -I c:/Users/Sergey/Documents/Xilinx/z7000_hdmi/HDMI_FBWRRD/HDMI_FBWRRD.gen/sources_1/bd/top_design/ip/top_design_v_frmbuf_rd_0_0/src  c:/Users/Sergey/Documents/Xilinx/z7000_hdmi/HDMI_FBWRRD/HDMI_FBWRRD.gen/sources_1/bd/top_design/ip/top_design_v_frmbuf_rd_0_0/src/hls_video.h 
INFO: [HLS 200-10] Adding design file 'c:/Users/Sergey/Documents/Xilinx/z7000_hdmi/HDMI_FBWRRD/HDMI_FBWRRD.gen/sources_1/bd/top_design/ip/top_design_v_frmbuf_rd_0_0/src/hls_video.h' to the project
INFO: [HLS 200-1510] Running: add_files -cflags  -I c:/Users/Sergey/Documents/Xilinx/z7000_hdmi/HDMI_FBWRRD/HDMI_FBWRRD.gen/sources_1/bd/top_design/ip/top_design_v_frmbuf_rd_0_0/src/hls -I c:/Users/Sergey/Documents/Xilinx/z7000_hdmi/HDMI_FBWRRD/HDMI_FBWRRD.gen/sources_1/bd/top_design/ip/top_design_v_frmbuf_rd_0_0/src  c:/Users/Sergey/Documents/Xilinx/z7000_hdmi/HDMI_FBWRRD/HDMI_FBWRRD.gen/sources_1/bd/top_design/ip/top_design_v_frmbuf_rd_0_0/src/hls_opencv.h 
INFO: [HLS 200-10] Adding design file 'c:/Users/Sergey/Documents/Xilinx/z7000_hdmi/HDMI_FBWRRD/HDMI_FBWRRD.gen/sources_1/bd/top_design/ip/top_design_v_frmbuf_rd_0_0/src/hls_opencv.h' to the project
INFO: [HLS 200-1510] Running: add_files -cflags  -I c:/Users/Sergey/Documents/Xilinx/z7000_hdmi/HDMI_FBWRRD/HDMI_FBWRRD.gen/sources_1/bd/top_design/ip/top_design_v_frmbuf_rd_0_0/src/hls -I c:/Users/Sergey/Documents/Xilinx/z7000_hdmi/HDMI_FBWRRD/HDMI_FBWRRD.gen/sources_1/bd/top_design/ip/top_design_v_frmbuf_rd_0_0/src  c:/Users/Sergey/Documents/Xilinx/z7000_hdmi/HDMI_FBWRRD/HDMI_FBWRRD.gen/sources_1/bd/top_design/ip/top_design_v_frmbuf_rd_0_0/src/hls/hls_axi_io.h 
INFO: [HLS 200-10] Adding design file 'c:/Users/Sergey/Documents/Xilinx/z7000_hdmi/HDMI_FBWRRD/HDMI_FBWRRD.gen/sources_1/bd/top_design/ip/top_design_v_frmbuf_rd_0_0/src/hls/hls_axi_io.h' to the project
INFO: [HLS 200-1510] Running: add_files -cflags  -I c:/Users/Sergey/Documents/Xilinx/z7000_hdmi/HDMI_FBWRRD/HDMI_FBWRRD.gen/sources_1/bd/top_design/ip/top_design_v_frmbuf_rd_0_0/src/hls -I c:/Users/Sergey/Documents/Xilinx/z7000_hdmi/HDMI_FBWRRD/HDMI_FBWRRD.gen/sources_1/bd/top_design/ip/top_design_v_frmbuf_rd_0_0/src  c:/Users/Sergey/Documents/Xilinx/z7000_hdmi/HDMI_FBWRRD/HDMI_FBWRRD.gen/sources_1/bd/top_design/ip/top_design_v_frmbuf_rd_0_0/src/hls/hls_video_arithm.h 
INFO: [HLS 200-10] Adding design file 'c:/Users/Sergey/Documents/Xilinx/z7000_hdmi/HDMI_FBWRRD/HDMI_FBWRRD.gen/sources_1/bd/top_design/ip/top_design_v_frmbuf_rd_0_0/src/hls/hls_video_arithm.h' to the project
INFO: [HLS 200-1510] Running: add_files -cflags  -I c:/Users/Sergey/Documents/Xilinx/z7000_hdmi/HDMI_FBWRRD/HDMI_FBWRRD.gen/sources_1/bd/top_design/ip/top_design_v_frmbuf_rd_0_0/src/hls -I c:/Users/Sergey/Documents/Xilinx/z7000_hdmi/HDMI_FBWRRD/HDMI_FBWRRD.gen/sources_1/bd/top_design/ip/top_design_v_frmbuf_rd_0_0/src  c:/Users/Sergey/Documents/Xilinx/z7000_hdmi/HDMI_FBWRRD/HDMI_FBWRRD.gen/sources_1/bd/top_design/ip/top_design_v_frmbuf_rd_0_0/src/hls/hls_video_core.h 
INFO: [HLS 200-10] Adding design file 'c:/Users/Sergey/Documents/Xilinx/z7000_hdmi/HDMI_FBWRRD/HDMI_FBWRRD.gen/sources_1/bd/top_design/ip/top_design_v_frmbuf_rd_0_0/src/hls/hls_video_core.h' to the project
INFO: [HLS 200-1510] Running: add_files -cflags  -I c:/Users/Sergey/Documents/Xilinx/z7000_hdmi/HDMI_FBWRRD/HDMI_FBWRRD.gen/sources_1/bd/top_design/ip/top_design_v_frmbuf_rd_0_0/src/hls -I c:/Users/Sergey/Documents/Xilinx/z7000_hdmi/HDMI_FBWRRD/HDMI_FBWRRD.gen/sources_1/bd/top_design/ip/top_design_v_frmbuf_rd_0_0/src  c:/Users/Sergey/Documents/Xilinx/z7000_hdmi/HDMI_FBWRRD/HDMI_FBWRRD.gen/sources_1/bd/top_design/ip/top_design_v_frmbuf_rd_0_0/src/hls/hls_video_fast.h 
INFO: [HLS 200-10] Adding design file 'c:/Users/Sergey/Documents/Xilinx/z7000_hdmi/HDMI_FBWRRD/HDMI_FBWRRD.gen/sources_1/bd/top_design/ip/top_design_v_frmbuf_rd_0_0/src/hls/hls_video_fast.h' to the project
INFO: [HLS 200-1510] Running: add_files -cflags  -I c:/Users/Sergey/Documents/Xilinx/z7000_hdmi/HDMI_FBWRRD/HDMI_FBWRRD.gen/sources_1/bd/top_design/ip/top_design_v_frmbuf_rd_0_0/src/hls -I c:/Users/Sergey/Documents/Xilinx/z7000_hdmi/HDMI_FBWRRD/HDMI_FBWRRD.gen/sources_1/bd/top_design/ip/top_design_v_frmbuf_rd_0_0/src  c:/Users/Sergey/Documents/Xilinx/z7000_hdmi/HDMI_FBWRRD/HDMI_FBWRRD.gen/sources_1/bd/top_design/ip/top_design_v_frmbuf_rd_0_0/src/hls/hls_video_haar.h 
INFO: [HLS 200-10] Adding design file 'c:/Users/Sergey/Documents/Xilinx/z7000_hdmi/HDMI_FBWRRD/HDMI_FBWRRD.gen/sources_1/bd/top_design/ip/top_design_v_frmbuf_rd_0_0/src/hls/hls_video_haar.h' to the project
INFO: [HLS 200-1510] Running: add_files -cflags  -I c:/Users/Sergey/Documents/Xilinx/z7000_hdmi/HDMI_FBWRRD/HDMI_FBWRRD.gen/sources_1/bd/top_design/ip/top_design_v_frmbuf_rd_0_0/src/hls -I c:/Users/Sergey/Documents/Xilinx/z7000_hdmi/HDMI_FBWRRD/HDMI_FBWRRD.gen/sources_1/bd/top_design/ip/top_design_v_frmbuf_rd_0_0/src  c:/Users/Sergey/Documents/Xilinx/z7000_hdmi/HDMI_FBWRRD/HDMI_FBWRRD.gen/sources_1/bd/top_design/ip/top_design_v_frmbuf_rd_0_0/src/hls/hls_video_harris.h 
INFO: [HLS 200-10] Adding design file 'c:/Users/Sergey/Documents/Xilinx/z7000_hdmi/HDMI_FBWRRD/HDMI_FBWRRD.gen/sources_1/bd/top_design/ip/top_design_v_frmbuf_rd_0_0/src/hls/hls_video_harris.h' to the project
INFO: [HLS 200-1510] Running: add_files -cflags  -I c:/Users/Sergey/Documents/Xilinx/z7000_hdmi/HDMI_FBWRRD/HDMI_FBWRRD.gen/sources_1/bd/top_design/ip/top_design_v_frmbuf_rd_0_0/src/hls -I c:/Users/Sergey/Documents/Xilinx/z7000_hdmi/HDMI_FBWRRD/HDMI_FBWRRD.gen/sources_1/bd/top_design/ip/top_design_v_frmbuf_rd_0_0/src  c:/Users/Sergey/Documents/Xilinx/z7000_hdmi/HDMI_FBWRRD/HDMI_FBWRRD.gen/sources_1/bd/top_design/ip/top_design_v_frmbuf_rd_0_0/src/hls/hls_video_histogram.h 
INFO: [HLS 200-10] Adding design file 'c:/Users/Sergey/Documents/Xilinx/z7000_hdmi/HDMI_FBWRRD/HDMI_FBWRRD.gen/sources_1/bd/top_design/ip/top_design_v_frmbuf_rd_0_0/src/hls/hls_video_histogram.h' to the project
INFO: [HLS 200-1510] Running: add_files -cflags  -I c:/Users/Sergey/Documents/Xilinx/z7000_hdmi/HDMI_FBWRRD/HDMI_FBWRRD.gen/sources_1/bd/top_design/ip/top_design_v_frmbuf_rd_0_0/src/hls -I c:/Users/Sergey/Documents/Xilinx/z7000_hdmi/HDMI_FBWRRD/HDMI_FBWRRD.gen/sources_1/bd/top_design/ip/top_design_v_frmbuf_rd_0_0/src  c:/Users/Sergey/Documents/Xilinx/z7000_hdmi/HDMI_FBWRRD/HDMI_FBWRRD.gen/sources_1/bd/top_design/ip/top_design_v_frmbuf_rd_0_0/src/hls/hls_video_hough.h 
INFO: [HLS 200-10] Adding design file 'c:/Users/Sergey/Documents/Xilinx/z7000_hdmi/HDMI_FBWRRD/HDMI_FBWRRD.gen/sources_1/bd/top_design/ip/top_design_v_frmbuf_rd_0_0/src/hls/hls_video_hough.h' to the project
INFO: [HLS 200-1510] Running: add_files -cflags  -I c:/Users/Sergey/Documents/Xilinx/z7000_hdmi/HDMI_FBWRRD/HDMI_FBWRRD.gen/sources_1/bd/top_design/ip/top_design_v_frmbuf_rd_0_0/src/hls -I c:/Users/Sergey/Documents/Xilinx/z7000_hdmi/HDMI_FBWRRD/HDMI_FBWRRD.gen/sources_1/bd/top_design/ip/top_design_v_frmbuf_rd_0_0/src  c:/Users/Sergey/Documents/Xilinx/z7000_hdmi/HDMI_FBWRRD/HDMI_FBWRRD.gen/sources_1/bd/top_design/ip/top_design_v_frmbuf_rd_0_0/src/hls/hls_video_imgbase.h 
INFO: [HLS 200-10] Adding design file 'c:/Users/Sergey/Documents/Xilinx/z7000_hdmi/HDMI_FBWRRD/HDMI_FBWRRD.gen/sources_1/bd/top_design/ip/top_design_v_frmbuf_rd_0_0/src/hls/hls_video_imgbase.h' to the project
INFO: [HLS 200-1510] Running: add_files -cflags  -I c:/Users/Sergey/Documents/Xilinx/z7000_hdmi/HDMI_FBWRRD/HDMI_FBWRRD.gen/sources_1/bd/top_design/ip/top_design_v_frmbuf_rd_0_0/src/hls -I c:/Users/Sergey/Documents/Xilinx/z7000_hdmi/HDMI_FBWRRD/HDMI_FBWRRD.gen/sources_1/bd/top_design/ip/top_design_v_frmbuf_rd_0_0/src  c:/Users/Sergey/Documents/Xilinx/z7000_hdmi/HDMI_FBWRRD/HDMI_FBWRRD.gen/sources_1/bd/top_design/ip/top_design_v_frmbuf_rd_0_0/src/hls/hls_video_imgproc.h 
INFO: [HLS 200-10] Adding design file 'c:/Users/Sergey/Documents/Xilinx/z7000_hdmi/HDMI_FBWRRD/HDMI_FBWRRD.gen/sources_1/bd/top_design/ip/top_design_v_frmbuf_rd_0_0/src/hls/hls_video_imgproc.h' to the project
INFO: [HLS 200-1510] Running: add_files -cflags  -I c:/Users/Sergey/Documents/Xilinx/z7000_hdmi/HDMI_FBWRRD/HDMI_FBWRRD.gen/sources_1/bd/top_design/ip/top_design_v_frmbuf_rd_0_0/src/hls -I c:/Users/Sergey/Documents/Xilinx/z7000_hdmi/HDMI_FBWRRD/HDMI_FBWRRD.gen/sources_1/bd/top_design/ip/top_design_v_frmbuf_rd_0_0/src  c:/Users/Sergey/Documents/Xilinx/z7000_hdmi/HDMI_FBWRRD/HDMI_FBWRRD.gen/sources_1/bd/top_design/ip/top_design_v_frmbuf_rd_0_0/src/hls/hls_video_io.h 
INFO: [HLS 200-10] Adding design file 'c:/Users/Sergey/Documents/Xilinx/z7000_hdmi/HDMI_FBWRRD/HDMI_FBWRRD.gen/sources_1/bd/top_design/ip/top_design_v_frmbuf_rd_0_0/src/hls/hls_video_io.h' to the project
INFO: [HLS 200-1510] Running: add_files -cflags  -I c:/Users/Sergey/Documents/Xilinx/z7000_hdmi/HDMI_FBWRRD/HDMI_FBWRRD.gen/sources_1/bd/top_design/ip/top_design_v_frmbuf_rd_0_0/src/hls -I c:/Users/Sergey/Documents/Xilinx/z7000_hdmi/HDMI_FBWRRD/HDMI_FBWRRD.gen/sources_1/bd/top_design/ip/top_design_v_frmbuf_rd_0_0/src  c:/Users/Sergey/Documents/Xilinx/z7000_hdmi/HDMI_FBWRRD/HDMI_FBWRRD.gen/sources_1/bd/top_design/ip/top_design_v_frmbuf_rd_0_0/src/hls/hls_video_mem.h 
INFO: [HLS 200-10] Adding design file 'c:/Users/Sergey/Documents/Xilinx/z7000_hdmi/HDMI_FBWRRD/HDMI_FBWRRD.gen/sources_1/bd/top_design/ip/top_design_v_frmbuf_rd_0_0/src/hls/hls_video_mem.h' to the project
INFO: [HLS 200-1510] Running: add_files -cflags  -I c:/Users/Sergey/Documents/Xilinx/z7000_hdmi/HDMI_FBWRRD/HDMI_FBWRRD.gen/sources_1/bd/top_design/ip/top_design_v_frmbuf_rd_0_0/src/hls -I c:/Users/Sergey/Documents/Xilinx/z7000_hdmi/HDMI_FBWRRD/HDMI_FBWRRD.gen/sources_1/bd/top_design/ip/top_design_v_frmbuf_rd_0_0/src  c:/Users/Sergey/Documents/Xilinx/z7000_hdmi/HDMI_FBWRRD/HDMI_FBWRRD.gen/sources_1/bd/top_design/ip/top_design_v_frmbuf_rd_0_0/src/hls/hls_video_stereobm.h 
INFO: [HLS 200-10] Adding design file 'c:/Users/Sergey/Documents/Xilinx/z7000_hdmi/HDMI_FBWRRD/HDMI_FBWRRD.gen/sources_1/bd/top_design/ip/top_design_v_frmbuf_rd_0_0/src/hls/hls_video_stereobm.h' to the project
INFO: [HLS 200-1510] Running: add_files -cflags  -I c:/Users/Sergey/Documents/Xilinx/z7000_hdmi/HDMI_FBWRRD/HDMI_FBWRRD.gen/sources_1/bd/top_design/ip/top_design_v_frmbuf_rd_0_0/src/hls -I c:/Users/Sergey/Documents/Xilinx/z7000_hdmi/HDMI_FBWRRD/HDMI_FBWRRD.gen/sources_1/bd/top_design/ip/top_design_v_frmbuf_rd_0_0/src  c:/Users/Sergey/Documents/Xilinx/z7000_hdmi/HDMI_FBWRRD/HDMI_FBWRRD.gen/sources_1/bd/top_design/ip/top_design_v_frmbuf_rd_0_0/src/hls/hls_video_types.h 
INFO: [HLS 200-10] Adding design file 'c:/Users/Sergey/Documents/Xilinx/z7000_hdmi/HDMI_FBWRRD/HDMI_FBWRRD.gen/sources_1/bd/top_design/ip/top_design_v_frmbuf_rd_0_0/src/hls/hls_video_types.h' to the project
INFO: [HLS 200-1510] Running: add_files -cflags  -I c:/Users/Sergey/Documents/Xilinx/z7000_hdmi/HDMI_FBWRRD/HDMI_FBWRRD.gen/sources_1/bd/top_design/ip/top_design_v_frmbuf_rd_0_0/src/hls -I c:/Users/Sergey/Documents/Xilinx/z7000_hdmi/HDMI_FBWRRD/HDMI_FBWRRD.gen/sources_1/bd/top_design/ip/top_design_v_frmbuf_rd_0_0/src  c:/Users/Sergey/Documents/Xilinx/z7000_hdmi/HDMI_FBWRRD/HDMI_FBWRRD.gen/sources_1/bd/top_design/ip/top_design_v_frmbuf_rd_0_0/src/hls/hls_video_undistort.h 
INFO: [HLS 200-10] Adding design file 'c:/Users/Sergey/Documents/Xilinx/z7000_hdmi/HDMI_FBWRRD/HDMI_FBWRRD.gen/sources_1/bd/top_design/ip/top_design_v_frmbuf_rd_0_0/src/hls/hls_video_undistort.h' to the project
INFO: [HLS 200-1510] Running: create_clock -period 6.750 -name ap_clk 
INFO: [SYN 201-201] Setting up clock 'ap_clk' with a period of 6.75ns.
INFO: [HLS 200-1510] Running: config_rtl -reset all 
INFO: [HLS 200-1510] Running: config_interface -m_axi_flush_mode 
INFO: [HLS 200-1510] Running: config_interface -m_axi_conservative_mode 
INFO: [HLS 200-1510] Running: config_interface -m_axi_addr64=false 
INFO: [HLS 200-1510] Running: config_rtl -module_prefix top_design_v_frmbuf_rd_0_0_ 
INFO: [HLS 200-1510] Running: config_export -vendor xilinx.com -library ip -version 3.0 
INFO: [HLS 200-1510] Running: csynth_design 
INFO: [HLS 200-111] Finished File checks and directory preparation: CPU user time: 0 seconds. CPU system time: 0 seconds. Elapsed time: 0.194 seconds; current allocated memory: 130.879 MB.
INFO: [HLS 200-2191] C-Synthesis will use clang-16 as the compiler
INFO: [HLS 200-10] Analyzing design file 'C:/Users/Sergey/Documents/Xilinx/z7000_hdmi/HDMI_FBWRRD/HDMI_FBWRRD.gen/sources_1/bd/top_design/ip/top_design_v_frmbuf_rd_0_0/src/v_frmbuf_rd.cpp' ... 
WARNING: [HLS 207-6591] unused parameter 'srcImg2' (C:/Users/Sergey/Documents/Xilinx/z7000_hdmi/HDMI_FBWRRD/HDMI_FBWRRD.runs/top_design_v_frmbuf_rd_0_0_synth_1/prj/sol/.autopilot/db/v_frmbuf_rd.cpp:499:12)
WARNING: [HLS 207-6591] unused parameter 'srcImg3' (C:/Users/Sergey/Documents/Xilinx/z7000_hdmi/HDMI_FBWRRD/HDMI_FBWRRD.runs/top_design_v_frmbuf_rd_0_0_synth_1/prj/sol/.autopilot/db/v_frmbuf_rd.cpp:500:9)
WARNING: [HLS 207-6591] unused parameter 'VideoFormat' (C:/Users/Sergey/Documents/Xilinx/z7000_hdmi/HDMI_FBWRRD/HDMI_FBWRRD.runs/top_design_v_frmbuf_rd_0_0_synth_1/prj/sol/.autopilot/db/v_frmbuf_rd.cpp:505:16)
INFO: [HLS 200-111] Finished Source Code Analysis and Preprocessing: CPU user time: 2 seconds. CPU system time: 0 seconds. Elapsed time: 23.455 seconds; current allocated memory: 149.570 MB.
INFO: [HLS 200-777] Using interface defaults for 'Vivado' flow target.
INFO: [HLS 200-1995] There were 1,909 instructions in the design after the 'Compile/Link' phase of compilation. See the Design Size Report for more details (C:/Users/Sergey/Documents/Xilinx/z7000_hdmi/HDMI_FBWRRD/HDMI_FBWRRD.runs/top_design_v_frmbuf_rd_0_0_synth_1/prj/sol/syn/report/csynth_design_size.rpt:2)
INFO: [HLS 200-1995] There were 825 instructions in the design after the 'Unroll/Inline (step 1)' phase of compilation. See the Design Size Report for more details (C:/Users/Sergey/Documents/Xilinx/z7000_hdmi/HDMI_FBWRRD/HDMI_FBWRRD.runs/top_design_v_frmbuf_rd_0_0_synth_1/prj/sol/syn/report/csynth_design_size.rpt:2)
INFO: [HLS 200-1995] There were 465 instructions in the design after the 'Unroll/Inline (step 2)' phase of compilation. See the Design Size Report for more details (C:/Users/Sergey/Documents/Xilinx/z7000_hdmi/HDMI_FBWRRD/HDMI_FBWRRD.runs/top_design_v_frmbuf_rd_0_0_synth_1/prj/sol/syn/report/csynth_design_size.rpt:2)
INFO: [HLS 200-1995] There were 420 instructions in the design after the 'Unroll/Inline (step 3)' phase of compilation. See the Design Size Report for more details (C:/Users/Sergey/Documents/Xilinx/z7000_hdmi/HDMI_FBWRRD/HDMI_FBWRRD.runs/top_design_v_frmbuf_rd_0_0_synth_1/prj/sol/syn/report/csynth_design_size.rpt:2)
INFO: [HLS 200-1995] There were 391 instructions in the design after the 'Unroll/Inline (step 4)' phase of compilation. See the Design Size Report for more details (C:/Users/Sergey/Documents/Xilinx/z7000_hdmi/HDMI_FBWRRD/HDMI_FBWRRD.runs/top_design_v_frmbuf_rd_0_0_synth_1/prj/sol/syn/report/csynth_design_size.rpt:2)
INFO: [HLS 200-1995] There were 377 instructions in the design after the 'Array/Struct (step 1)' phase of compilation. See the Design Size Report for more details (C:/Users/Sergey/Documents/Xilinx/z7000_hdmi/HDMI_FBWRRD/HDMI_FBWRRD.runs/top_design_v_frmbuf_rd_0_0_synth_1/prj/sol/syn/report/csynth_design_size.rpt:2)
INFO: [HLS 200-1995] There were 355 instructions in the design after the 'Array/Struct (step 2)' phase of compilation. See the Design Size Report for more details (C:/Users/Sergey/Documents/Xilinx/z7000_hdmi/HDMI_FBWRRD/HDMI_FBWRRD.runs/top_design_v_frmbuf_rd_0_0_synth_1/prj/sol/syn/report/csynth_design_size.rpt:2)
INFO: [HLS 200-1995] There were 364 instructions in the design after the 'Array/Struct (step 3)' phase of compilation. See the Design Size Report for more details (C:/Users/Sergey/Documents/Xilinx/z7000_hdmi/HDMI_FBWRRD/HDMI_FBWRRD.runs/top_design_v_frmbuf_rd_0_0_synth_1/prj/sol/syn/report/csynth_design_size.rpt:2)
INFO: [HLS 200-1995] There were 549 instructions in the design after the 'Array/Struct (step 4)' phase of compilation. See the Design Size Report for more details (C:/Users/Sergey/Documents/Xilinx/z7000_hdmi/HDMI_FBWRRD/HDMI_FBWRRD.runs/top_design_v_frmbuf_rd_0_0_synth_1/prj/sol/syn/report/csynth_design_size.rpt:2)
INFO: [HLS 200-1995] There were 636 instructions in the design after the 'Array/Struct (step 5)' phase of compilation. See the Design Size Report for more details (C:/Users/Sergey/Documents/Xilinx/z7000_hdmi/HDMI_FBWRRD/HDMI_FBWRRD.runs/top_design_v_frmbuf_rd_0_0_synth_1/prj/sol/syn/report/csynth_design_size.rpt:2)
INFO: [HLS 200-1995] There were 614 instructions in the design after the 'Performance (step 1)' phase of compilation. See the Design Size Report for more details (C:/Users/Sergey/Documents/Xilinx/z7000_hdmi/HDMI_FBWRRD/HDMI_FBWRRD.runs/top_design_v_frmbuf_rd_0_0_synth_1/prj/sol/syn/report/csynth_design_size.rpt:2)
INFO: [HLS 200-1995] There were 583 instructions in the design after the 'Performance (step 2)' phase of compilation. See the Design Size Report for more details (C:/Users/Sergey/Documents/Xilinx/z7000_hdmi/HDMI_FBWRRD/HDMI_FBWRRD.runs/top_design_v_frmbuf_rd_0_0_synth_1/prj/sol/syn/report/csynth_design_size.rpt:2)
INFO: [HLS 200-1995] There were 547 instructions in the design after the 'Performance (step 3)' phase of compilation. See the Design Size Report for more details (C:/Users/Sergey/Documents/Xilinx/z7000_hdmi/HDMI_FBWRRD/HDMI_FBWRRD.runs/top_design_v_frmbuf_rd_0_0_synth_1/prj/sol/syn/report/csynth_design_size.rpt:2)
INFO: [HLS 200-1995] There were 547 instructions in the design after the 'Performance (step 4)' phase of compilation. See the Design Size Report for more details (C:/Users/Sergey/Documents/Xilinx/z7000_hdmi/HDMI_FBWRRD/HDMI_FBWRRD.runs/top_design_v_frmbuf_rd_0_0_synth_1/prj/sol/syn/report/csynth_design_size.rpt:2)
INFO: [HLS 200-1995] There were 473 instructions in the design after the 'HW Transforms (step 1)' phase of compilation. See the Design Size Report for more details (C:/Users/Sergey/Documents/Xilinx/z7000_hdmi/HDMI_FBWRRD/HDMI_FBWRRD.runs/top_design_v_frmbuf_rd_0_0_synth_1/prj/sol/syn/report/csynth_design_size.rpt:2)
INFO: [HLS 200-1995] There were 479 instructions in the design after the 'HW Transforms (step 2)' phase of compilation. See the Design Size Report for more details (C:/Users/Sergey/Documents/Xilinx/z7000_hdmi/HDMI_FBWRRD/HDMI_FBWRRD.runs/top_design_v_frmbuf_rd_0_0_synth_1/prj/sol/syn/report/csynth_design_size.rpt:2)
INFO: [HLS 214-131] Inlining function 'hls::Scalar<3, ap_uint<8> >::Scalar()' into 'Bytes2MultiPixStream(STREAM_PLANES&, hls::stream<hls::Scalar<3, ap_uint<8> >, 0>&, unsigned short const&, unsigned short const&, unsigned short const&, unsigned short const&)' (C:/Users/Sergey/Documents/Xilinx/z7000_hdmi/HDMI_FBWRRD/HDMI_FBWRRD.runs/top_design_v_frmbuf_rd_0_0_synth_1/prj/sol/.autopilot/db/v_frmbuf_rd.cpp:1237:20)
INFO: [HLS 214-131] Inlining function 'hls::Scalar<3, ap_uint<8> >::Scalar()' into 'MultiPixStream2AXIvideo(hls::stream<hls::Scalar<3, ap_uint<8> >, 0>&, hls::stream<hls::axis<ap_uint<24>, 1ul, 1ul, 1ul, (unsigned char)56, false>, 0>&, unsigned short&, unsigned short&, unsigned short&)' (C:/Users/Sergey/Documents/Xilinx/z7000_hdmi/HDMI_FBWRRD/HDMI_FBWRRD.runs/top_design_v_frmbuf_rd_0_0_synth_1/prj/sol/.autopilot/db/v_frmbuf_rd.cpp:311:18)
INFO: [HLS 214-377] Adding 'pix' into disaggregation list because there's array-partition pragma applied on the struct field (c:/Users/Sergey/Documents/Xilinx/z7000_hdmi/HDMI_FBWRRD/HDMI_FBWRRD.gen/sources_1/bd/top_design/ip/top_design_v_frmbuf_rd_0_0/src/hls/hls_video_core.h:198:1)
INFO: [HLS 214-377] Adding 'bytePlanes' into disaggregation list because there's stream pragma applied on the struct field (C:/Users/Sergey/Documents/Xilinx/z7000_hdmi/HDMI_FBWRRD/HDMI_FBWRRD.runs/top_design_v_frmbuf_rd_0_0_synth_1/prj/sol/.autopilot/db/v_frmbuf_rd.cpp:96:1)
INFO: [HLS 214-210] Disaggregating variable 'pix' (C:/Users/Sergey/Documents/Xilinx/z7000_hdmi/HDMI_FBWRRD/HDMI_FBWRRD.runs/top_design_v_frmbuf_rd_0_0_synth_1/prj/sol/.autopilot/db/v_frmbuf_rd.cpp:1237:20)
Resolution: For help on HLS 214-210 see docs.amd.com/access/sources/dita/topic?Doc_Version=2025.2%20English&url=ug1448-hls-guidance&resourceid=214-210.html
INFO: [HLS 214-210] Disaggregating variable 'pix' (C:/Users/Sergey/Documents/Xilinx/z7000_hdmi/HDMI_FBWRRD/HDMI_FBWRRD.runs/top_design_v_frmbuf_rd_0_0_synth_1/prj/sol/.autopilot/db/v_frmbuf_rd.cpp:311:18)
Resolution: For help on HLS 214-210 see docs.amd.com/access/sources/dita/topic?Doc_Version=2025.2%20English&url=ug1448-hls-guidance&resourceid=214-210.html
INFO: [HLS 214-210] Disaggregating variable 'bytePlanes' (C:/Users/Sergey/Documents/Xilinx/z7000_hdmi/HDMI_FBWRRD/HDMI_FBWRRD.runs/top_design_v_frmbuf_rd_0_0_synth_1/prj/sol/.autopilot/db/v_frmbuf_rd.cpp:95:16)
Resolution: For help on HLS 214-210 see docs.amd.com/access/sources/dita/topic?Doc_Version=2025.2%20English&url=ug1448-hls-guidance&resourceid=214-210.html
INFO: [HLS 214-291] Loop 'VITIS_LOOP_403_4' is marked as complete unroll implied by the pipeline pragma (C:/Users/Sergey/Documents/Xilinx/z7000_hdmi/HDMI_FBWRRD/HDMI_FBWRRD.runs/top_design_v_frmbuf_rd_0_0_synth_1/prj/sol/.autopilot/db/v_frmbuf_rd.cpp:403:22)
INFO: [HLS 214-291] Loop 'VITIS_LOOP_405_5' is marked as complete unroll implied by the pipeline pragma (C:/Users/Sergey/Documents/Xilinx/z7000_hdmi/HDMI_FBWRRD/HDMI_FBWRRD.runs/top_design_v_frmbuf_rd_0_0_synth_1/prj/sol/.autopilot/db/v_frmbuf_rd.cpp:405:23)
INFO: [HLS 214-291] Loop 'VITIS_LOOP_1254_2' is marked as complete unroll implied by the pipeline pragma (C:/Users/Sergey/Documents/Xilinx/z7000_hdmi/HDMI_FBWRRD/HDMI_FBWRRD.runs/top_design_v_frmbuf_rd_0_0_synth_1/prj/sol/.autopilot/db/v_frmbuf_rd.cpp:1254:24)
INFO: [HLS 214-291] Loop 'VITIS_LOOP_1256_3' is marked as complete unroll implied by the pipeline pragma (C:/Users/Sergey/Documents/Xilinx/z7000_hdmi/HDMI_FBWRRD/HDMI_FBWRRD.runs/top_design_v_frmbuf_rd_0_0_synth_1/prj/sol/.autopilot/db/v_frmbuf_rd.cpp:1256:25)
INFO: [HLS 214-186] Unrolling loop 'VITIS_LOOP_403_4' (C:/Users/Sergey/Documents/Xilinx/z7000_hdmi/HDMI_FBWRRD/HDMI_FBWRRD.runs/top_design_v_frmbuf_rd_0_0_synth_1/prj/sol/.autopilot/db/v_frmbuf_rd.cpp:403:22) in function 'MultiPixStream2AXIvideo' completely with a factor of 1 (C:/Users/Sergey/Documents/Xilinx/z7000_hdmi/HDMI_FBWRRD/HDMI_FBWRRD.runs/top_design_v_frmbuf_rd_0_0_synth_1/prj/sol/.autopilot/db/v_frmbuf_rd.cpp:310:0)
INFO: [HLS 214-186] Unrolling loop 'VITIS_LOOP_405_5' (C:/Users/Sergey/Documents/Xilinx/z7000_hdmi/HDMI_FBWRRD/HDMI_FBWRRD.runs/top_design_v_frmbuf_rd_0_0_synth_1/prj/sol/.autopilot/db/v_frmbuf_rd.cpp:405:23) in function 'MultiPixStream2AXIvideo' completely with a factor of 3 (C:/Users/Sergey/Documents/Xilinx/z7000_hdmi/HDMI_FBWRRD/HDMI_FBWRRD.runs/top_design_v_frmbuf_rd_0_0_synth_1/prj/sol/.autopilot/db/v_frmbuf_rd.cpp:310:0)
INFO: [HLS 214-186] Unrolling loop 'VITIS_LOOP_1254_2' (C:/Users/Sergey/Documents/Xilinx/z7000_hdmi/HDMI_FBWRRD/HDMI_FBWRRD.runs/top_design_v_frmbuf_rd_0_0_synth_1/prj/sol/.autopilot/db/v_frmbuf_rd.cpp:1254:24) in function 'Bytes2MultiPixStream' completely with a factor of 8 (C:/Users/Sergey/Documents/Xilinx/z7000_hdmi/HDMI_FBWRRD/HDMI_FBWRRD.runs/top_design_v_frmbuf_rd_0_0_synth_1/prj/sol/.autopilot/db/v_frmbuf_rd.cpp:688:0)
INFO: [HLS 214-186] Unrolling loop 'VITIS_LOOP_1256_3' (C:/Users/Sergey/Documents/Xilinx/z7000_hdmi/HDMI_FBWRRD/HDMI_FBWRRD.runs/top_design_v_frmbuf_rd_0_0_synth_1/prj/sol/.autopilot/db/v_frmbuf_rd.cpp:1256:25) in function 'Bytes2MultiPixStream' completely with a factor of 1 (C:/Users/Sergey/Documents/Xilinx/z7000_hdmi/HDMI_FBWRRD/HDMI_FBWRRD.runs/top_design_v_frmbuf_rd_0_0_synth_1/prj/sol/.autopilot/db/v_frmbuf_rd.cpp:688:0)
INFO: [HLS 214-178] Inlining function 'hls::axis<ap_uint<24>, 1ul, 1ul, 1ul, (unsigned char)56, false>::axis()' into 'MultiPixStream2AXIvideo(hls::stream<hls::Scalar<3, ap_uint<8> >, 0>&, hls::stream<hls::axis<ap_uint<24>, 1ul, 1ul, 1ul, (unsigned char)56, false>, 0>&, unsigned short&, unsigned short&, unsigned short&)' (C:/Users/Sergey/Documents/Xilinx/z7000_hdmi/HDMI_FBWRRD/HDMI_FBWRRD.runs/top_design_v_frmbuf_rd_0_0_synth_1/prj/sol/.autopilot/db/v_frmbuf_rd.cpp:310:0)
WARNING: [HLS 214-464] Skipping array undecay on variable length array 'HwReg_frm_buffer'. (C:/Users/Sergey/Documents/Xilinx/z7000_hdmi/HDMI_FBWRRD/HDMI_FBWRRD.runs/top_design_v_frmbuf_rd_0_0_synth_1/prj/sol/.autopilot/db/v_frmbuf_rd.cpp:84:0)
INFO: [HLS 214-248] Applying array_partition to 'pix': Complete partitioning on dimension 1. (C:/Users/Sergey/Documents/Xilinx/z7000_hdmi/HDMI_FBWRRD/HDMI_FBWRRD.runs/top_design_v_frmbuf_rd_0_0_synth_1/prj/sol/.autopilot/db/v_frmbuf_rd.cpp:311:18)
INFO: [HLS 214-248] Applying array_partition to 'map': Complete partitioning on dimension 1. (C:/Users/Sergey/Documents/Xilinx/z7000_hdmi/HDMI_FBWRRD/HDMI_FBWRRD.runs/top_design_v_frmbuf_rd_0_0_synth_1/prj/sol/.autopilot/db/v_frmbuf_rd.cpp:365:13)
WARNING: [HLS 214-358] Array transformation on index using bit extension logic may lead to poor performance. Please use int or long for array index computation to benefit from optimizations. (C:/Users/Sergey/Documents/Xilinx/z7000_hdmi/HDMI_FBWRRD/HDMI_FBWRRD.runs/top_design_v_frmbuf_rd_0_0_synth_1/prj/sol/.autopilot/db/v_frmbuf_rd.cpp:407:17)
INFO: [HLS 214-241] Aggregating fifo (hls::stream) variable 'img' with compact=bit mode in 24-bits (C:/Users/Sergey/Documents/Xilinx/z7000_hdmi/HDMI_FBWRRD/HDMI_FBWRRD.runs/top_design_v_frmbuf_rd_0_0_synth_1/prj/sol/.autopilot/db/v_frmbuf_rd.cpp:90:18)
INFO: [HLS 214-376] Pipelining loop< VITIS_LOOP_367_1> at C:/Users/Sergey/Documents/Xilinx/z7000_hdmi/HDMI_FBWRRD/HDMI_FBWRRD.runs/top_design_v_frmbuf_rd_0_0_synth_1/prj/sol/.autopilot/db/v_frmbuf_rd.cpp:367:20 due to pipeline_loops threshold
INFO: [HLS 214-115] Multiple burst reads of variable length and bit width 64 in loop 'VITIS_LOOP_515_1'(C:/Users/Sergey/Documents/Xilinx/z7000_hdmi/HDMI_FBWRRD/HDMI_FBWRRD.runs/top_design_v_frmbuf_rd_0_0_synth_1/prj/sol/.autopilot/db/v_frmbuf_rd.cpp:515:27) has been inferred on bundle 'mm_video'. These burst requests might be further partitioned into multiple requests during RTL generation, based on max_read_burst_length or max_write_burst_length settings. (C:/Users/Sergey/Documents/Xilinx/z7000_hdmi/HDMI_FBWRRD/HDMI_FBWRRD.runs/top_design_v_frmbuf_rd_0_0_synth_1/prj/sol/.autopilot/db/v_frmbuf_rd.cpp:515:27)
INFO: [HLS 200-111] Finished Compiling Optimization and Transform: CPU user time: 1 seconds. CPU system time: 0 seconds. Elapsed time: 10.454 seconds; current allocated memory: 151.801 MB.
INFO: [HLS 200-111] Finished Checking Pragmas: CPU user time: 0 seconds. CPU system time: 0 seconds. Elapsed time: 0.001 seconds; current allocated memory: 151.801 MB.
INFO: [HLS 200-10] Starting code transformations ...
INFO: [HLS 200-111] Finished Standard Transforms: CPU user time: 0 seconds. CPU system time: 0 seconds. Elapsed time: 0.034 seconds; current allocated memory: 157.188 MB.
INFO: [HLS 200-10] Checking synthesizability ...
INFO: [HLS 200-111] Finished Checking Synthesizability: CPU user time: 0 seconds. CPU system time: 0 seconds. Elapsed time: 0.039 seconds; current allocated memory: 160.078 MB.
WARNING: [XFORM 203-561] Updating loop upper bound from 65535 to 1280 for loop 'VITIS_LOOP_376_3' (C:/Users/Sergey/Documents/Xilinx/z7000_hdmi/HDMI_FBWRRD/HDMI_FBWRRD.runs/top_design_v_frmbuf_rd_0_0_synth_1/prj/sol/.autopilot/db/v_frmbuf_rd.cpp:372:7) in function 'MultiPixStream2AXIvideo'.
WARNING: [XFORM 203-561] Ignored invalid trip count directive (MAX (= 1280) < AVE (= 32767)) for loop 'VITIS_LOOP_376_3' (C:/Users/Sergey/Documents/Xilinx/z7000_hdmi/HDMI_FBWRRD/HDMI_FBWRRD.runs/top_design_v_frmbuf_rd_0_0_synth_1/prj/sol/.autopilot/db/v_frmbuf_rd.cpp:372:7) in function 'MultiPixStream2AXIvideo'.
WARNING: [XFORM 203-561] Updating loop upper bound from 65535 to 720 for loop 'VITIS_LOOP_374_2' (C:/Users/Sergey/Documents/Xilinx/z7000_hdmi/HDMI_FBWRRD/HDMI_FBWRRD.runs/top_design_v_frmbuf_rd_0_0_synth_1/prj/sol/.autopilot/db/v_frmbuf_rd.cpp:372:7) in function 'MultiPixStream2AXIvideo'.
WARNING: [XFORM 203-561] Ignored invalid trip count directive (MAX (= 720) < AVE (= 32767)) for loop 'VITIS_LOOP_374_2' (C:/Users/Sergey/Documents/Xilinx/z7000_hdmi/HDMI_FBWRRD/HDMI_FBWRRD.runs/top_design_v_frmbuf_rd_0_0_synth_1/prj/sol/.autopilot/db/v_frmbuf_rd.cpp:372:7) in function 'MultiPixStream2AXIvideo'.
WARNING: [XFORM 203-561] Updating loop upper bound from 2731 to 320 for loop 'VITIS_LOOP_1240_1' (C:/Users/Sergey/Documents/Xilinx/z7000_hdmi/HDMI_FBWRRD/HDMI_FBWRRD.runs/top_design_v_frmbuf_rd_0_0_synth_1/prj/sol/.autopilot/db/v_frmbuf_rd.cpp:1236:21) in function 'Bytes2MultiPixStream'.
WARNING: [XFORM 203-561] Ignored invalid trip count directive (MAX (= 320) < AVE (= 1365)) for loop 'VITIS_LOOP_1240_1' (C:/Users/Sergey/Documents/Xilinx/z7000_hdmi/HDMI_FBWRRD/HDMI_FBWRRD.runs/top_design_v_frmbuf_rd_0_0_synth_1/prj/sol/.autopilot/db/v_frmbuf_rd.cpp:1236:21) in function 'Bytes2MultiPixStream'.
WARNING: [XFORM 203-561] Updating loop upper bound from 4320 to 720 for loop 'loop_RGB8_YUV8' (C:/Users/Sergey/Documents/Xilinx/z7000_hdmi/HDMI_FBWRRD/HDMI_FBWRRD.runs/top_design_v_frmbuf_rd_0_0_synth_1/prj/sol/.autopilot/db/v_frmbuf_rd.cpp:1234:1) in function 'Bytes2MultiPixStream'.
WARNING: [XFORM 203-561] Updating loop lower bound from 0 to 64 for loop 'loop_RGB8_YUV8' (C:/Users/Sergey/Documents/Xilinx/z7000_hdmi/HDMI_FBWRRD/HDMI_FBWRRD.runs/top_design_v_frmbuf_rd_0_0_synth_1/prj/sol/.autopilot/db/v_frmbuf_rd.cpp:1234:1) in function 'Bytes2MultiPixStream'.
WARNING: [XFORM 203-561] Ignored invalid trip count directive (MAX (= 720) < AVE (= 2160)) for loop 'loop_RGB8_YUV8' (C:/Users/Sergey/Documents/Xilinx/z7000_hdmi/HDMI_FBWRRD/HDMI_FBWRRD.runs/top_design_v_frmbuf_rd_0_0_synth_1/prj/sol/.autopilot/db/v_frmbuf_rd.cpp:1234:1) in function 'Bytes2MultiPixStream'.
WARNING: [XFORM 203-561] Updating loop upper bound from 8192 to 960 for loop 'VITIS_LOOP_515_1' (C:/Users/Sergey/Documents/Xilinx/z7000_hdmi/HDMI_FBWRRD/HDMI_FBWRRD.runs/top_design_v_frmbuf_rd_0_0_synth_1/prj/sol/.autopilot/db/v_frmbuf_rd.cpp:515:36) in function 'AXIMMvideo2Bytes'.
WARNING: [XFORM 203-561] Ignored invalid trip count directive (MAX (= 960) < AVE (= 4096)) for loop 'VITIS_LOOP_515_1' (C:/Users/Sergey/Documents/Xilinx/z7000_hdmi/HDMI_FBWRRD/HDMI_FBWRRD.runs/top_design_v_frmbuf_rd_0_0_synth_1/prj/sol/.autopilot/db/v_frmbuf_rd.cpp:515:36) in function 'AXIMMvideo2Bytes'.
WARNING: [XFORM 203-561] Updating loop upper bound from 4320 to 720 for loop 'loop_AXIMMvideo2Bytes_1plane' (C:/Users/Sergey/Documents/Xilinx/z7000_hdmi/HDMI_FBWRRD/HDMI_FBWRRD.runs/top_design_v_frmbuf_rd_0_0_synth_1/prj/sol/.autopilot/db/v_frmbuf_rd.cpp:512:1) in function 'AXIMMvideo2Bytes'.
WARNING: [XFORM 203-561] Updating loop lower bound from 0 to 64 for loop 'loop_AXIMMvideo2Bytes_1plane' (C:/Users/Sergey/Documents/Xilinx/z7000_hdmi/HDMI_FBWRRD/HDMI_FBWRRD.runs/top_design_v_frmbuf_rd_0_0_synth_1/prj/sol/.autopilot/db/v_frmbuf_rd.cpp:512:1) in function 'AXIMMvideo2Bytes'.
WARNING: [XFORM 203-561] Ignored invalid trip count directive (MAX (= 720) < AVE (= 2160)) for loop 'loop_AXIMMvideo2Bytes_1plane' (C:/Users/Sergey/Documents/Xilinx/z7000_hdmi/HDMI_FBWRRD/HDMI_FBWRRD.runs/top_design_v_frmbuf_rd_0_0_synth_1/prj/sol/.autopilot/db/v_frmbuf_rd.cpp:512:1) in function 'AXIMMvideo2Bytes'.
WARNING: [HLS 200-805] An internal stream 'img' (C:/Users/Sergey/Documents/Xilinx/z7000_hdmi/HDMI_FBWRRD/HDMI_FBWRRD.runs/top_design_v_frmbuf_rd_0_0_synth_1/prj/sol/.autopilot/db/v_frmbuf_rd.cpp:90) with default size can result in deadlock. Please consider resizing the stream using the directive 'set_directive_stream' or the 'HLS stream' pragma.
INFO: [HLS 200-1947] Using 'stable' for argument 'mm_video' of dataflow function 'FrmbufRdHlsDataFlow' (C:/Users/Sergey/Documents/Xilinx/z7000_hdmi/HDMI_FBWRRD/HDMI_FBWRRD.runs/top_design_v_frmbuf_rd_0_0_synth_1/prj/sol/.autopilot/db/v_frmbuf_rd.cpp:90:1).
INFO: [HLS 200-1947] Using 'stable' for argument 'HwReg_frm_buffer' of dataflow function 'FrmbufRdHlsDataFlow' (C:/Users/Sergey/Documents/Xilinx/z7000_hdmi/HDMI_FBWRRD/HDMI_FBWRRD.runs/top_design_v_frmbuf_rd_0_0_synth_1/prj/sol/.autopilot/db/v_frmbuf_rd.cpp:90:1).
INFO: [HLS 200-1947] Using 'stable' for argument 'WidthInBytes.val10' of dataflow function 'FrmbufRdHlsDataFlow' (C:/Users/Sergey/Documents/Xilinx/z7000_hdmi/HDMI_FBWRRD/HDMI_FBWRRD.runs/top_design_v_frmbuf_rd_0_0_synth_1/prj/sol/.autopilot/db/v_frmbuf_rd.cpp:90:1).
INFO: [HLS 200-1947] Using 'stable' for argument 'colorFormat.val11' of dataflow function 'FrmbufRdHlsDataFlow' (C:/Users/Sergey/Documents/Xilinx/z7000_hdmi/HDMI_FBWRRD/HDMI_FBWRRD.runs/top_design_v_frmbuf_rd_0_0_synth_1/prj/sol/.autopilot/db/v_frmbuf_rd.cpp:90:1).
INFO: [XFORM 203-712] Applying dataflow to function 'FrmbufRdHlsDataFlow' (C:/Users/Sergey/Documents/Xilinx/z7000_hdmi/HDMI_FBWRRD/HDMI_FBWRRD.runs/top_design_v_frmbuf_rd_0_0_synth_1/prj/sol/.autopilot/db/v_frmbuf_rd.cpp:90:1), detected/extracted 3 process function(s): 
	 'AXIMMvideo2Bytes'
	 'Bytes2MultiPixStream'
	 'MultiPixStream2AXIvideo'.
INFO: [HLS 200-111] Finished Loop, function and other optimizations: CPU user time: 0 seconds. CPU system time: 0 seconds. Elapsed time: 2.022 seconds; current allocated memory: 183.555 MB.
INFO: [HLS 200-111] Finished Architecture Synthesis: CPU user time: 0 seconds. CPU system time: 0 seconds. Elapsed time: 0.128 seconds; current allocated memory: 256.793 MB.
INFO: [HLS 200-10] Starting hardware synthesis ...
INFO: [HLS 200-10] Synthesizing 'v_frmbuf_rd' ...
WARNING: [SYN 201-103] Legalizing function name 'reg<unsigned short>' to 'reg_unsigned_short_s'.
INFO: [HLS 200-10] ----------------------------------------------------------------
INFO: [HLS 200-42] -- Implementing module 'AXIMMvideo2Bytes_Pipeline_VITIS_LOOP_515_1' 
INFO: [HLS 200-10] ----------------------------------------------------------------
INFO: [SCHED 204-11] Starting scheduling ...
INFO: [SCHED 204-61] Pipelining loop 'VITIS_LOOP_515_1'.
INFO: [HLS 200-1470] Pipelining result : Target II = 1, Final II = 1, Depth = 3, loop 'VITIS_LOOP_515_1'
INFO: [SCHED 204-11] Finished scheduling.
INFO: [HLS 200-111] Finished Scheduling: CPU user time: 0 seconds. CPU system time: 0 seconds. Elapsed time: 0.106 seconds; current allocated memory: 260.488 MB.
INFO: [BIND 205-100] Starting micro-architecture generation ...
INFO: [BIND 205-101] Performing variable lifetime analysis.
INFO: [BIND 205-101] Exploring resource sharing.
INFO: [BIND 205-101] Binding ...
INFO: [BIND 205-100] Finished micro-architecture generation.
INFO: [HLS 200-111] Finished Binding: CPU user time: 0 seconds. CPU system time: 0 seconds. Elapsed time: 0.009 seconds; current allocated memory: 261.488 MB.
INFO: [HLS 200-10] ----------------------------------------------------------------
INFO: [HLS 200-42] -- Implementing module 'AXIMMvideo2Bytes' 
INFO: [HLS 200-10] ----------------------------------------------------------------
INFO: [SCHED 204-11] Starting scheduling ...
INFO: [SCHED 204-11] Finished scheduling.
INFO: [HLS 200-111] Finished Scheduling: CPU user time: 0 seconds. CPU system time: 0 seconds. Elapsed time: 0.024 seconds; current allocated memory: 261.578 MB.
INFO: [BIND 205-100] Starting micro-architecture generation ...
INFO: [BIND 205-101] Performing variable lifetime analysis.
INFO: [BIND 205-101] Exploring resource sharing.
INFO: [BIND 205-101] Binding ...
INFO: [BIND 205-100] Finished micro-architecture generation.
INFO: [HLS 200-111] Finished Binding: CPU user time: 0 seconds. CPU system time: 0 seconds. Elapsed time: 0.022 seconds; current allocated memory: 261.797 MB.
INFO: [HLS 200-10] ----------------------------------------------------------------
INFO: [HLS 200-42] -- Implementing module 'Bytes2MultiPixStream_Pipeline_VITIS_LOOP_1240_1' 
INFO: [HLS 200-10] ----------------------------------------------------------------
INFO: [SCHED 204-11] Starting scheduling ...
INFO: [SCHED 204-61] Pipelining loop 'VITIS_LOOP_1240_1'.
INFO: [HLS 200-1470] Pipelining result : Target II = 8, Final II = 8, Depth = 9, loop 'VITIS_LOOP_1240_1'
INFO: [SCHED 204-11] Finished scheduling.
INFO: [HLS 200-111] Finished Scheduling: CPU user time: 0 seconds. CPU system time: 0 seconds. Elapsed time: 0.044 seconds; current allocated memory: 262.766 MB.
INFO: [BIND 205-100] Starting micro-architecture generation ...
INFO: [BIND 205-101] Performing variable lifetime analysis.
INFO: [BIND 205-101] Exploring resource sharing.
INFO: [BIND 205-101] Binding ...
INFO: [BIND 205-100] Finished micro-architecture generation.
INFO: [HLS 200-111] Finished Binding: CPU user time: 0 seconds. CPU system time: 0 seconds. Elapsed time: 0.02 seconds; current allocated memory: 263.066 MB.
INFO: [HLS 200-10] ----------------------------------------------------------------
INFO: [HLS 200-42] -- Implementing module 'Bytes2MultiPixStream' 
INFO: [HLS 200-10] ----------------------------------------------------------------
INFO: [SCHED 204-11] Starting scheduling ...
INFO: [SCHED 204-11] Finished scheduling.
INFO: [HLS 200-111] Finished Scheduling: CPU user time: 0 seconds. CPU system time: 0 seconds. Elapsed time: 0.033 seconds; current allocated memory: 263.371 MB.
INFO: [BIND 205-100] Starting micro-architecture generation ...
INFO: [BIND 205-101] Performing variable lifetime analysis.
INFO: [BIND 205-101] Exploring resource sharing.
INFO: [BIND 205-101] Binding ...
INFO: [BIND 205-100] Finished micro-architecture generation.
INFO: [HLS 200-111] Finished Binding: CPU user time: 0 seconds. CPU system time: 0 seconds. Elapsed time: 0.018 seconds; current allocated memory: 263.441 MB.
INFO: [HLS 200-10] ----------------------------------------------------------------
INFO: [HLS 200-42] -- Implementing module 'reg_unsigned_short_s' 
INFO: [HLS 200-10] ----------------------------------------------------------------
INFO: [SCHED 204-11] Starting scheduling ...
INFO: [SCHED 204-61] Pipelining function 'reg<unsigned short>'.
INFO: [HLS 200-1470] Pipelining result : Target II = 1, Final II = 1, Depth = 2, function 'reg<unsigned short>'
INFO: [SCHED 204-11] Finished scheduling.
INFO: [HLS 200-111] Finished Scheduling: CPU user time: 0 seconds. CPU system time: 0 seconds. Elapsed time: 0.02 seconds; current allocated memory: 263.590 MB.
INFO: [BIND 205-100] Starting micro-architecture generation ...
INFO: [BIND 205-101] Performing variable lifetime analysis.
INFO: [BIND 205-101] Exploring resource sharing.
INFO: [BIND 205-101] Binding ...
INFO: [BIND 205-100] Finished micro-architecture generation.
INFO: [HLS 200-111] Finished Binding: CPU user time: 0 seconds. CPU system time: 0 seconds. Elapsed time: 0.008 seconds; current allocated memory: 263.590 MB.
INFO: [HLS 200-10] ----------------------------------------------------------------
INFO: [HLS 200-42] -- Implementing module 'MultiPixStream2AXIvideo_Pipeline_VITIS_LOOP_367_1' 
INFO: [HLS 200-10] ----------------------------------------------------------------
INFO: [SCHED 204-11] Starting scheduling ...
INFO: [SCHED 204-61] Pipelining loop 'VITIS_LOOP_367_1'.
INFO: [HLS 200-1470] Pipelining result : Target II = NA, Final II = 1, Depth = 2, loop 'VITIS_LOOP_367_1'
INFO: [SCHED 204-11] Finished scheduling.
INFO: [HLS 200-111] Finished Scheduling: CPU user time: 0 seconds. CPU system time: 0 seconds. Elapsed time: 1.827 seconds; current allocated memory: 263.852 MB.
INFO: [BIND 205-100] Starting micro-architecture generation ...
INFO: [BIND 205-101] Performing variable lifetime analysis.
INFO: [BIND 205-101] Exploring resource sharing.
INFO: [BIND 205-101] Binding ...
INFO: [BIND 205-100] Finished micro-architecture generation.
INFO: [HLS 200-111] Finished Binding: CPU user time: 0 seconds. CPU system time: 0 seconds. Elapsed time: 0.014 seconds; current allocated memory: 263.879 MB.
INFO: [HLS 200-10] ----------------------------------------------------------------
INFO: [HLS 200-42] -- Implementing module 'MultiPixStream2AXIvideo_Pipeline_VITIS_LOOP_376_3' 
INFO: [HLS 200-10] ----------------------------------------------------------------
INFO: [SCHED 204-11] Starting scheduling ...
INFO: [SCHED 204-61] Pipelining loop 'VITIS_LOOP_376_3'.
INFO: [HLS 200-1470] Pipelining result : Target II = 1, Final II = 1, Depth = 3, loop 'VITIS_LOOP_376_3'
INFO: [SCHED 204-11] Finished scheduling.
INFO: [HLS 200-111] Finished Scheduling: CPU user time: 0 seconds. CPU system time: 0 seconds. Elapsed time: 0.024 seconds; current allocated memory: 264.141 MB.
INFO: [BIND 205-100] Starting micro-architecture generation ...
INFO: [BIND 205-101] Performing variable lifetime analysis.
INFO: [BIND 205-101] Exploring resource sharing.
INFO: [BIND 205-101] Binding ...
INFO: [BIND 205-100] Finished micro-architecture generation.
INFO: [HLS 200-111] Finished Binding: CPU user time: 0 seconds. CPU system time: 0 seconds. Elapsed time: 0.013 seconds; current allocated memory: 264.355 MB.
INFO: [HLS 200-10] ----------------------------------------------------------------
INFO: [HLS 200-42] -- Implementing module 'MultiPixStream2AXIvideo' 
INFO: [HLS 200-10] ----------------------------------------------------------------
INFO: [SCHED 204-11] Starting scheduling ...
INFO: [SCHED 204-11] Finished scheduling.
INFO: [HLS 200-111] Finished Scheduling: CPU user time: 0 seconds. CPU system time: 0 seconds. Elapsed time: 0.02 seconds; current allocated memory: 264.539 MB.
INFO: [BIND 205-100] Starting micro-architecture generation ...
INFO: [BIND 205-101] Performing variable lifetime analysis.
INFO: [BIND 205-101] Exploring resource sharing.
INFO: [BIND 205-101] Binding ...
INFO: [BIND 205-100] Finished micro-architecture generation.
INFO: [HLS 200-111] Finished Binding: CPU user time: 0 seconds. CPU system time: 0 seconds. Elapsed time: 0.013 seconds; current allocated memory: 264.688 MB.
INFO: [HLS 200-10] ----------------------------------------------------------------
INFO: [HLS 200-42] -- Implementing module 'FrmbufRdHlsDataFlow' 
INFO: [HLS 200-10] ----------------------------------------------------------------
INFO: [SCHED 204-11] Starting scheduling ...
INFO: [SCHED 204-11] Finished scheduling.
INFO: [HLS 200-111] Finished Scheduling: CPU user time: 0 seconds. CPU system time: 0 seconds. Elapsed time: 0.019 seconds; current allocated memory: 264.898 MB.
INFO: [BIND 205-100] Starting micro-architecture generation ...
INFO: [BIND 205-101] Performing variable lifetime analysis.
INFO: [BIND 205-101] Exploring resource sharing.
INFO: [BIND 205-101] Binding ...
INFO: [BIND 205-100] Finished micro-architecture generation.
INFO: [HLS 200-111] Finished Binding: CPU user time: 0 seconds. CPU system time: 0 seconds. Elapsed time: 0.014 seconds; current allocated memory: 264.957 MB.
INFO: [HLS 200-10] ----------------------------------------------------------------
INFO: [HLS 200-42] -- Implementing module 'v_frmbuf_rd' 
INFO: [HLS 200-10] ----------------------------------------------------------------
INFO: [SCHED 204-11] Starting scheduling ...
INFO: [SCHED 204-11] Finished scheduling.
INFO: [HLS 200-111] Finished Scheduling: CPU user time: 0 seconds. CPU system time: 0 seconds. Elapsed time: 1.887 seconds; current allocated memory: 265.223 MB.
INFO: [BIND 205-100] Starting micro-architecture generation ...
INFO: [BIND 205-101] Performing variable lifetime analysis.
INFO: [BIND 205-101] Exploring resource sharing.
INFO: [BIND 205-101] Binding ...
INFO: [BIND 205-100] Finished micro-architecture generation.
INFO: [HLS 200-111] Finished Binding: CPU user time: 0 seconds. CPU system time: 0 seconds. Elapsed time: 0.013 seconds; current allocated memory: 265.523 MB.
INFO: [HLS 200-10] ----------------------------------------------------------------
INFO: [HLS 200-10] -- Generating RTL for module 'AXIMMvideo2Bytes_Pipeline_VITIS_LOOP_515_1' 
INFO: [HLS 200-10] ----------------------------------------------------------------
INFO: [HLS 200-1030] Apply Unified Pipeline Control on module 'AXIMMvideo2Bytes_Pipeline_VITIS_LOOP_515_1' pipeline 'VITIS_LOOP_515_1' pipeline type 'loop pipeline'
WARNING: [RTGEN 206-101] Setting dangling out port 'AXIMMvideo2Bytes_Pipeline_VITIS_LOOP_515_1/m_axi_mm_video_0_ARVALID' to 0.
WARNING: [RTGEN 206-101] Setting dangling out port 'AXIMMvideo2Bytes_Pipeline_VITIS_LOOP_515_1/m_axi_mm_video_0_ARADDR' to 0.
WARNING: [RTGEN 206-101] Setting dangling out port 'AXIMMvideo2Bytes_Pipeline_VITIS_LOOP_515_1/m_axi_mm_video_0_ARID' to 0.
WARNING: [RTGEN 206-101] Setting dangling out port 'AXIMMvideo2Bytes_Pipeline_VITIS_LOOP_515_1/m_axi_mm_video_0_ARLEN' to 0.
WARNING: [RTGEN 206-101] Setting dangling out port 'AXIMMvideo2Bytes_Pipeline_VITIS_LOOP_515_1/m_axi_mm_video_0_ARSIZE' to 0.
WARNING: [RTGEN 206-101] Setting dangling out port 'AXIMMvideo2Bytes_Pipeline_VITIS_LOOP_515_1/m_axi_mm_video_0_ARBURST' to 0.
WARNING: [RTGEN 206-101] Setting dangling out port 'AXIMMvideo2Bytes_Pipeline_VITIS_LOOP_515_1/m_axi_mm_video_0_ARLOCK' to 0.
WARNING: [RTGEN 206-101] Setting dangling out port 'AXIMMvideo2Bytes_Pipeline_VITIS_LOOP_515_1/m_axi_mm_video_0_ARCACHE' to 0.
WARNING: [RTGEN 206-101] Setting dangling out port 'AXIMMvideo2Bytes_Pipeline_VITIS_LOOP_515_1/m_axi_mm_video_0_ARPROT' to 0.
WARNING: [RTGEN 206-101] Setting dangling out port 'AXIMMvideo2Bytes_Pipeline_VITIS_LOOP_515_1/m_axi_mm_video_0_ARQOS' to 0.
WARNING: [RTGEN 206-101] Setting dangling out port 'AXIMMvideo2Bytes_Pipeline_VITIS_LOOP_515_1/m_axi_mm_video_0_ARREGION' to 0.
WARNING: [RTGEN 206-101] Setting dangling out port 'AXIMMvideo2Bytes_Pipeline_VITIS_LOOP_515_1/m_axi_mm_video_0_ARUSER' to 0.
INFO: [RTGEN 206-100] Finished creating RTL model for 'AXIMMvideo2Bytes_Pipeline_VITIS_LOOP_515_1'.
INFO: [HLS 200-111] Finished Creating RTL model: CPU user time: 0 seconds. CPU system time: 0 seconds. Elapsed time: 0.031 seconds; current allocated memory: 267.414 MB.
INFO: [HLS 200-10] ----------------------------------------------------------------
INFO: [HLS 200-10] -- Generating RTL for module 'AXIMMvideo2Bytes' 
INFO: [HLS 200-10] ----------------------------------------------------------------
INFO: [RTGEN 206-100] Finished creating RTL model for 'AXIMMvideo2Bytes'.
INFO: [HLS 200-111] Finished Creating RTL model: CPU user time: 0 seconds. CPU system time: 0 seconds. Elapsed time: 0.071 seconds; current allocated memory: 270.863 MB.
INFO: [HLS 200-10] ----------------------------------------------------------------
INFO: [HLS 200-10] -- Generating RTL for module 'Bytes2MultiPixStream_Pipeline_VITIS_LOOP_1240_1' 
INFO: [HLS 200-10] ----------------------------------------------------------------
INFO: [HLS 200-1030] Apply Unified Pipeline Control on module 'Bytes2MultiPixStream_Pipeline_VITIS_LOOP_1240_1' pipeline 'VITIS_LOOP_1240_1' pipeline type 'loop pipeline'
INFO: [RTGEN 206-100] Finished creating RTL model for 'Bytes2MultiPixStream_Pipeline_VITIS_LOOP_1240_1'.
INFO: [HLS 200-111] Finished Creating RTL model: CPU user time: 0 seconds. CPU system time: 0 seconds. Elapsed time: 0.094 seconds; current allocated memory: 272.645 MB.
INFO: [HLS 200-10] ----------------------------------------------------------------
INFO: [HLS 200-10] -- Generating RTL for module 'Bytes2MultiPixStream' 
INFO: [HLS 200-10] ----------------------------------------------------------------
INFO: [RTGEN 206-100] Generating core module 'mul_10ns_12ns_21_1_1': 1 instance(s).
INFO: [RTGEN 206-100] Generating core module 'urem_10ns_3ns_2_14_seq_1': 1 instance(s).
INFO: [RTGEN 206-100] Finished creating RTL model for 'Bytes2MultiPixStream'.
INFO: [HLS 200-111] Finished Creating RTL model: CPU user time: 0 seconds. CPU system time: 0 seconds. Elapsed time: 1.809 seconds; current allocated memory: 275.250 MB.
INFO: [HLS 200-10] ----------------------------------------------------------------
INFO: [HLS 200-10] -- Generating RTL for module 'reg_unsigned_short_s' 
INFO: [HLS 200-10] ----------------------------------------------------------------
INFO: [HLS 200-1030] Apply Unified Pipeline Control on module 'reg_unsigned_short_s' pipeline 'reg<unsigned short>' pipeline type 'function pipeline'
INFO: [RTGEN 206-100] Finished creating RTL model for 'reg_unsigned_short_s'.
INFO: [HLS 200-111] Finished Creating RTL model: CPU user time: 0 seconds. CPU system time: 0 seconds. Elapsed time: 0.068 seconds; current allocated memory: 276.516 MB.
INFO: [HLS 200-10] ----------------------------------------------------------------
INFO: [HLS 200-10] -- Generating RTL for module 'MultiPixStream2AXIvideo_Pipeline_VITIS_LOOP_367_1' 
INFO: [HLS 200-10] ----------------------------------------------------------------
INFO: [HLS 200-1030] Apply Unified Pipeline Control on module 'MultiPixStream2AXIvideo_Pipeline_VITIS_LOOP_367_1' pipeline 'VITIS_LOOP_367_1' pipeline type 'loop pipeline'
INFO: [RTGEN 206-100] Finished creating RTL model for 'MultiPixStream2AXIvideo_Pipeline_VITIS_LOOP_367_1'.
INFO: [RTMG 210-279] Implementing memory 'top_design_v_frmbuf_rd_0_0_MultiPixStream2AXIvideo_Pipeline_VITIS_LOOP_367_1_mapComp_ROM_AUTO_1R' using auto ROMs.
INFO: [HLS 200-111] Finished Creating RTL model: CPU user time: 0 seconds. CPU system time: 0 seconds. Elapsed time: 0.047 seconds; current allocated memory: 276.746 MB.
INFO: [HLS 200-10] ----------------------------------------------------------------
INFO: [HLS 200-10] -- Generating RTL for module 'MultiPixStream2AXIvideo_Pipeline_VITIS_LOOP_376_3' 
INFO: [HLS 200-10] ----------------------------------------------------------------
INFO: [HLS 200-1030] Apply Unified Pipeline Control on module 'MultiPixStream2AXIvideo_Pipeline_VITIS_LOOP_376_3' pipeline 'VITIS_LOOP_376_3' pipeline type 'loop pipeline'
INFO: [RTGEN 206-100] Generating core module 'sparsemux_7_2_8_1_1': 3 instance(s).
INFO: [RTGEN 206-100] Finished creating RTL model for 'MultiPixStream2AXIvideo_Pipeline_VITIS_LOOP_376_3'.
INFO: [HLS 200-111] Finished Creating RTL model: CPU user time: 0 seconds. CPU system time: 0 seconds. Elapsed time: 0.058 seconds; current allocated memory: 277.664 MB.
INFO: [HLS 200-10] ----------------------------------------------------------------
INFO: [HLS 200-10] -- Generating RTL for module 'MultiPixStream2AXIvideo' 
INFO: [HLS 200-10] ----------------------------------------------------------------
INFO: [RTGEN 206-100] Finished creating RTL model for 'MultiPixStream2AXIvideo'.
INFO: [HLS 200-111] Finished Creating RTL model: CPU user time: 0 seconds. CPU system time: 0 seconds. Elapsed time: 0.06 seconds; current allocated memory: 279.051 MB.
INFO: [HLS 200-10] ----------------------------------------------------------------
INFO: [HLS 200-10] -- Generating RTL for module 'FrmbufRdHlsDataFlow' 
INFO: [HLS 200-10] ----------------------------------------------------------------
WARNING: [RTGEN 206-101] Setting dangling out port 'FrmbufRdHlsDataFlow/m_axi_mm_video_0_AWVALID' to 0.
WARNING: [RTGEN 206-101] Setting dangling out port 'FrmbufRdHlsDataFlow/m_axi_mm_video_0_AWADDR' to 0.
WARNING: [RTGEN 206-101] Setting dangling out port 'FrmbufRdHlsDataFlow/m_axi_mm_video_0_AWID' to 0.
WARNING: [RTGEN 206-101] Setting dangling out port 'FrmbufRdHlsDataFlow/m_axi_mm_video_0_AWLEN' to 0.
WARNING: [RTGEN 206-101] Setting dangling out port 'FrmbufRdHlsDataFlow/m_axi_mm_video_0_AWSIZE' to 0.
WARNING: [RTGEN 206-101] Setting dangling out port 'FrmbufRdHlsDataFlow/m_axi_mm_video_0_AWBURST' to 0.
WARNING: [RTGEN 206-101] Setting dangling out port 'FrmbufRdHlsDataFlow/m_axi_mm_video_0_AWLOCK' to 0.
WARNING: [RTGEN 206-101] Setting dangling out port 'FrmbufRdHlsDataFlow/m_axi_mm_video_0_AWCACHE' to 0.
WARNING: [RTGEN 206-101] Setting dangling out port 'FrmbufRdHlsDataFlow/m_axi_mm_video_0_AWPROT' to 0.
WARNING: [RTGEN 206-101] Setting dangling out port 'FrmbufRdHlsDataFlow/m_axi_mm_video_0_AWQOS' to 0.
WARNING: [RTGEN 206-101] Setting dangling out port 'FrmbufRdHlsDataFlow/m_axi_mm_video_0_AWREGION' to 0.
WARNING: [RTGEN 206-101] Setting dangling out port 'FrmbufRdHlsDataFlow/m_axi_mm_video_0_AWUSER' to 0.
WARNING: [RTGEN 206-101] Setting dangling out port 'FrmbufRdHlsDataFlow/m_axi_mm_video_0_WVALID' to 0.
WARNING: [RTGEN 206-101] Setting dangling out port 'FrmbufRdHlsDataFlow/m_axi_mm_video_0_WDATA' to 0.
WARNING: [RTGEN 206-101] Setting dangling out port 'FrmbufRdHlsDataFlow/m_axi_mm_video_0_WSTRB' to 0.
WARNING: [RTGEN 206-101] Setting dangling out port 'FrmbufRdHlsDataFlow/m_axi_mm_video_0_WLAST' to 0.
WARNING: [RTGEN 206-101] Setting dangling out port 'FrmbufRdHlsDataFlow/m_axi_mm_video_0_WID' to 0.
WARNING: [RTGEN 206-101] Setting dangling out port 'FrmbufRdHlsDataFlow/m_axi_mm_video_0_WUSER' to 0.
WARNING: [RTGEN 206-101] Setting dangling out port 'FrmbufRdHlsDataFlow/m_axi_mm_video_0_BREADY' to 0.
INFO: [RTGEN 206-100] Finished creating RTL model for 'FrmbufRdHlsDataFlow'.
INFO: [RTMG 210-285] Implementing FIFO 'bytePlanes_U(top_design_v_frmbuf_rd_0_0_fifo_w64_d321_B)' using Block RAMs.
INFO: [RTMG 210-285] Implementing FIFO 'img_U(top_design_v_frmbuf_rd_0_0_fifo_w24_d2_S)' using Shift Registers.
INFO: [RTMG 210-285] Implementing FIFO 'start_for_Bytes2MultiPixStream_U0_U(top_design_v_frmbuf_rd_0_0_start_for_Bytes2MultiPixStream_U0)' using Shift Registers.
INFO: [RTMG 210-285] Implementing FIFO 'start_for_MultiPixStream2AXIvideo_U0_U(top_design_v_frmbuf_rd_0_0_start_for_MultiPixStream2AXIvideo_U0)' using Shift Registers.
INFO: [HLS 200-111] Finished Creating RTL model: CPU user time: 0 seconds. CPU system time: 0 seconds. Elapsed time: 1.771 seconds; current allocated memory: 280.699 MB.
INFO: [HLS 200-10] ----------------------------------------------------------------
INFO: [HLS 200-10] -- Generating RTL for module 'v_frmbuf_rd' 
INFO: [HLS 200-10] ----------------------------------------------------------------
WARNING: [RTGEN 206-101] Design contains AXI ports. Reset is fixed to synchronous and active low.
INFO: [RTGEN 206-500] Setting interface mode on port 'v_frmbuf_rd/mm_video' to 'm_axi'.
INFO: [RTGEN 206-500] Setting interface mode on port 'v_frmbuf_rd/width' to 's_axilite & ap_none'.
INFO: [RTGEN 206-500] Setting interface mode on port 'v_frmbuf_rd/height' to 's_axilite & ap_none'.
INFO: [RTGEN 206-500] Setting interface mode on port 'v_frmbuf_rd/stride' to 's_axilite & ap_none'.
INFO: [RTGEN 206-500] Setting interface mode on port 'v_frmbuf_rd/video_format' to 's_axilite & ap_none'.
INFO: [RTGEN 206-500] Setting interface mode on port 'v_frmbuf_rd/frm_buffer' to 's_axilite & ap_none'.
INFO: [RTGEN 206-500] Setting interface mode on port 'v_frmbuf_rd/frm_buffer2' to 's_axilite & ap_none'.
INFO: [RTGEN 206-500] Setting interface mode on port 'v_frmbuf_rd/frm_buffer3' to 's_axilite & ap_none'.
INFO: [RTGEN 206-500] Setting interface mode on port 'v_frmbuf_rd/m_axis_video_V_data_V' to 'axis' (register, both mode).
INFO: [RTGEN 206-500] Setting interface mode on port 'v_frmbuf_rd/m_axis_video_V_keep_V' to 'axis' (register, both mode).
INFO: [RTGEN 206-500] Setting interface mode on port 'v_frmbuf_rd/m_axis_video_V_strb_V' to 'axis' (register, both mode).
INFO: [RTGEN 206-500] Setting interface mode on port 'v_frmbuf_rd/m_axis_video_V_user_V' to 'axis' (register, both mode).
INFO: [RTGEN 206-500] Setting interface mode on port 'v_frmbuf_rd/m_axis_video_V_last_V' to 'axis' (register, both mode).
INFO: [RTGEN 206-500] Setting interface mode on port 'v_frmbuf_rd/m_axis_video_V_id_V' to 'axis' (register, both mode).
INFO: [RTGEN 206-500] Setting interface mode on port 'v_frmbuf_rd/m_axis_video_V_dest_V' to 'axis' (register, both mode).
INFO: [RTGEN 206-500] Setting interface mode on function 'v_frmbuf_rd' to 's_axilite & ap_ctrl_hs'.
INFO: [RTGEN 206-100] Bundling port 'width', 'height', 'stride', 'video_format', 'frm_buffer', 'frm_buffer2', 'frm_buffer3' and 'return' to AXI-Lite port CTRL.
INFO: [RTGEN 206-100] Generating core module 'mul_13s_3ns_13_1_1': 1 instance(s).
INFO: [RTGEN 206-100] Finished creating RTL model for 'v_frmbuf_rd'.
INFO: [RTMG 210-279] Implementing memory 'top_design_v_frmbuf_rd_0_0_BYTES_PER_PIXEL_ROM_AUTO_1R' using auto ROMs.
INFO: [RTMG 210-279] Implementing memory 'top_design_v_frmbuf_rd_0_0_MEMORY2LIVE_ROM_AUTO_1R' using auto ROMs.
INFO: [HLS 200-111] Finished Creating RTL model: CPU user time: 0 seconds. CPU system time: 0 seconds. Elapsed time: 0.09 seconds; current allocated memory: 283.117 MB.
INFO: [HLS 200-111] Finished Generating all RTL models: CPU user time: 1 seconds. CPU system time: 0 seconds. Elapsed time: 0.453 seconds; current allocated memory: 286.449 MB.
INFO: [HLS 200-1603] Design has inferred MAXI bursts and missed bursts, see Vitis HLS GUI synthesis summary report for detailed information.
INFO: [HLS 200-2225] Wrote inferred directives to file C:/Users/Sergey/Documents/Xilinx/z7000_hdmi/HDMI_FBWRRD/HDMI_FBWRRD.runs/top_design_v_frmbuf_rd_0_0_synth_1/prj/sol/syn/inferred_directives.ini
INFO: [HLS 200-111] Finished Updating report files: CPU user time: 0 seconds. CPU system time: 2 seconds. Elapsed time: 2.374 seconds; current allocated memory: 295.020 MB.
INFO: [VHDL 208-304] Generating VHDL RTL for v_frmbuf_rd with prefix top_design_v_frmbuf_rd_0_0_.
INFO: [VLOG 209-307] Generating Verilog RTL for v_frmbuf_rd with prefix top_design_v_frmbuf_rd_0_0_.
INFO: [HLS 200-789] **** Estimated Fmax: 202.94 MHz
INFO: [HLS 200-2161] Finished Command csynth_design Elapsed time: 00:00:49; Allocated memory: 164.312 MB.
INFO: [HLS 200-1510] Running: export_design -format ip_catalog 
INFO: [IMPL 213-8] Exporting RTL as a Vivado IP.
!! WARNING !!
"PYTHONPATH" variable is set greater than default max string limit of "519" characters.
Please ignore this, if you have already made changes to your system registry to accept more than
default limit of 519 characters.
!! WARNING !!

****** Vivado v2025.2 (64-bit)
  **** SW Build 6299465 on Fri Nov 14 19:35:11 GMT 2025
  **** IP Build 6300035 on Fri Nov 14 10:48:45 MST 2025
  **** SharedData Build 6298862 on Thu Nov 13 04:50:51 MST 2025
  **** Start of session at: Sun Feb 15 10:42:57 2026
    ** Copyright 1986-2022 Xilinx, Inc. All Rights Reserved.
    ** Copyright 2022-2025 Advanced Micro Devices, Inc. All Rights Reserved.

source run_ippack.tcl -notrace
INFO: calling package_hls_ip ip_types=vitis sysgen json_file=C:/Users/Sergey/Documents/Xilinx/z7000_hdmi/HDMI_FBWRRD/HDMI_FBWRRD.runs/top_design_v_frmbuf_rd_0_0_synth_1/prj/sol/sol_data.json outdir=C:/Users/Sergey/Documents/Xilinx/z7000_hdmi/HDMI_FBWRRD/HDMI_FBWRRD.runs/top_design_v_frmbuf_rd_0_0_synth_1/prj/sol/impl/ip srcdir=C:/Users/Sergey/Documents/Xilinx/z7000_hdmi/HDMI_FBWRRD/HDMI_FBWRRD.runs/top_design_v_frmbuf_rd_0_0_synth_1/prj/sol ippack_options_dict=subcore_use_xci_files false ippack_options_dict=subcore_use_xci_files false
INFO: Copied 1 ipmisc file(s) to C:/Users/Sergey/Documents/Xilinx/z7000_hdmi/HDMI_FBWRRD/HDMI_FBWRRD.runs/top_design_v_frmbuf_rd_0_0_synth_1/prj/sol/impl/ip/misc
INFO: Copied 33 verilog file(s) to C:/Users/Sergey/Documents/Xilinx/z7000_hdmi/HDMI_FBWRRD/HDMI_FBWRRD.runs/top_design_v_frmbuf_rd_0_0_synth_1/prj/sol/impl/ip/hdl/verilog
INFO: Copied 25 vhdl file(s) to C:/Users/Sergey/Documents/Xilinx/z7000_hdmi/HDMI_FBWRRD/HDMI_FBWRRD.runs/top_design_v_frmbuf_rd_0_0_synth_1/prj/sol/impl/ip/hdl/vhdl
INFO: Copied 10 swdriver file(s) to C:/Users/Sergey/Documents/Xilinx/z7000_hdmi/HDMI_FBWRRD/HDMI_FBWRRD.runs/top_design_v_frmbuf_rd_0_0_synth_1/prj/sol/impl/ip/drivers
INFO: Import ports from HDL: C:/Users/Sergey/Documents/Xilinx/z7000_hdmi/HDMI_FBWRRD/HDMI_FBWRRD.runs/top_design_v_frmbuf_rd_0_0_synth_1/prj/sol/impl/ip/hdl/vhdl/top_design_v_frmbuf_rd_0_0_v_frmbuf_rd.vhd (top_design_v_frmbuf_rd_0_0_v_frmbuf_rd)
INFO: Add axi4lite interface s_axi_CTRL
INFO: Add clock interface ap_clk
INFO: Add reset interface ap_rst_n
INFO: Add interrupt interface interrupt
INFO: [IP_Flow 19-234] Refreshing IP repositories
INFO: [IP_Flow 19-1704] No user IP repositories specified
INFO: [IP_Flow 19-2313] Loaded Vivado IP repository 'C:/AMDDesignTools/2025.2/Vivado/data/ip'.
INFO: Add axi4full interface m_axi_mm_video
INFO: Add axi4stream interface m_axis_video
INFO: Calling post_process_vitis to specialize IP
INFO: Calling post_process_sysgen to specialize IP
Generating sysgen info xml from json file
INFO: Created IP C:/Users/Sergey/Documents/Xilinx/z7000_hdmi/HDMI_FBWRRD/HDMI_FBWRRD.runs/top_design_v_frmbuf_rd_0_0_synth_1/prj/sol/impl/ip/component.xml
INFO: Created IP archive C:/Users/Sergey/Documents/Xilinx/z7000_hdmi/HDMI_FBWRRD/HDMI_FBWRRD.runs/top_design_v_frmbuf_rd_0_0_synth_1/prj/sol/impl/ip/xilinx_com_ip_v_frmbuf_rd_3_0.zip
INFO: [Common 17-206] Exiting Vivado at Sun Feb 15 10:43:04 2026...
INFO: [HLS 200-802] Generated output file prj/sol/impl/export.zip
INFO: [HLS 200-2161] Finished Command export_design Elapsed time: 00:00:09; Allocated memory: 4.305 MB.
INFO: [HLS 200-112] Total CPU user time: 6 seconds. Total CPU system time: 3 seconds. Total elapsed time: 64.946 seconds; peak allocated memory: 299.344 MB.
INFO: [vitis-run 60-791] Total elapsed time: 0h 1m 6s
INFO: [vitis-run 60-1662] Stopping dispatch session having empty uuid.
