
*** Running vivado
    with args -log top_design_axi_smc_1.vds -m64 -product Vivado -mode batch -messageDb vivado.pb -notrace -source top_design_axi_smc_1.tcl


****** Vivado v2025.2 (64-bit)
  **** SW Build 6299465 on Fri Nov 14 12:34:56 MST 2025
  **** IP Build 6300035 on Fri Nov 14 10:48:45 MST 2025
  **** SharedData Build 6298862 on Thu Nov 13 04:50:51 MST 2025
  **** Start of session at: Thu Feb 19 12:15:42 2026
    ** Copyright 1986-2022 Xilinx, Inc. All Rights Reserved.
    ** Copyright 2022-2025 Advanced Micro Devices, Inc. All Rights Reserved.

source top_design_axi_smc_1.tcl -notrace
INFO: [IP_Flow 19-234] Refreshing IP repositories
INFO: [IP_Flow 19-1700] Loaded user IP repository '/home/serg/Documents/Xilinx/DigilentLib/vivado-library-master'.
INFO: [IP_Flow 19-2313] Loaded Vivado IP repository '/tools/xilinx/2025.2/data/ip'.
Command: synth_design -top top_design_axi_smc_1 -part xc7z020clg400-2 -incremental_mode off -mode out_of_context
Starting synth_design
Attempting to get a license for feature 'Synthesis' and/or device 'xc7z020'
INFO: [Common 17-349] Got license for feature 'Synthesis' and/or device 'xc7z020'
INFO: [Device 21-403] Loading part xc7z020clg400-2
INFO: [Synth 8-7079] Multithreading enabled for synth_design using a maximum of 7 processes.
INFO: [Synth 8-7078] Launching helper process for spawning children vivado processes
INFO: [Synth 8-7075] Helper process launched with PID 224538
---------------------------------------------------------------------------------
Starting RTL Elaboration : Time (s): cpu = 00:00:04 ; elapsed = 00:00:04 . Memory (MB): peak = 2269.453 ; gain = 485.594 ; free physical = 3515 ; free virtual = 19806
---------------------------------------------------------------------------------
INFO: [Synth 8-6157] synthesizing module 'top_design_axi_smc_1' [/home/serg/Documents/Xilinx/z700_hdmi/HDMI_VIDEO/hdmi_video.gen/sources_1/bd/top_design/ip/top_design_axi_smc_1/synth/top_design_axi_smc_1.v:53]
INFO: [Synth 8-6157] synthesizing module 'bd_b6ca' [/home/serg/Documents/Xilinx/z700_hdmi/HDMI_VIDEO/hdmi_video.gen/sources_1/bd/top_design/ip/top_design_axi_smc_1/bd_0/synth/bd_b6ca.v:10]
INFO: [Synth 8-6157] synthesizing module 'clk_map_imp_1U2K3UI' [/home/serg/Documents/Xilinx/z700_hdmi/HDMI_VIDEO/hdmi_video.gen/sources_1/bd/top_design/ip/top_design_axi_smc_1/bd_0/synth/bd_b6ca.v:1532]
INFO: [Synth 8-638] synthesizing module 'bd_b6ca_psr0_0' [/home/serg/Documents/Xilinx/z700_hdmi/HDMI_VIDEO/hdmi_video.gen/sources_1/bd/top_design/ip/top_design_axi_smc_1/bd_0/ip/ip_1/synth/bd_b6ca_psr0_0.vhd:74]
	Parameter C_FAMILY bound to: zynq - type: string 
	Parameter C_EXT_RST_WIDTH bound to: 4 - type: integer 
	Parameter C_AUX_RST_WIDTH bound to: 1 - type: integer 
	Parameter C_EXT_RESET_HIGH bound to: 1'b0 
	Parameter C_AUX_RESET_HIGH bound to: 1'b0 
	Parameter C_NUM_BUS_RST bound to: 1 - type: integer 
	Parameter C_NUM_PERP_RST bound to: 1 - type: integer 
	Parameter C_NUM_INTERCONNECT_ARESETN bound to: 1 - type: integer 
	Parameter C_NUM_PERP_ARESETN bound to: 1 - type: integer 
INFO: [Synth 8-3491] module 'proc_sys_reset' declared at '/home/serg/Documents/Xilinx/z700_hdmi/HDMI_VIDEO/hdmi_video.gen/sources_1/bd/top_design/ipshared/9438/hdl/proc_sys_reset_v5_0_vh_rfs.vhd:1243' bound to instance 'U0' of component 'proc_sys_reset' [/home/serg/Documents/Xilinx/z700_hdmi/HDMI_VIDEO/hdmi_video.gen/sources_1/bd/top_design/ip/top_design_axi_smc_1/bd_0/ip/ip_1/synth/bd_b6ca_psr0_0.vhd:139]
INFO: [Synth 8-638] synthesizing module 'proc_sys_reset' [/home/serg/Documents/Xilinx/z700_hdmi/HDMI_VIDEO/hdmi_video.gen/sources_1/bd/top_design/ipshared/9438/hdl/proc_sys_reset_v5_0_vh_rfs.vhd:1302]
	Parameter INIT bound to: 1'b1 
INFO: [Synth 8-113] binding component instance 'FDRE_inst' to cell 'FDRE' [/home/serg/Documents/Xilinx/z700_hdmi/HDMI_VIDEO/hdmi_video.gen/sources_1/bd/top_design/ipshared/9438/hdl/proc_sys_reset_v5_0_vh_rfs.vhd:1371]
	Parameter INIT bound to: 1'b1 
INFO: [Synth 8-113] binding component instance 'FDRE_BSR' to cell 'FDRE' [/home/serg/Documents/Xilinx/z700_hdmi/HDMI_VIDEO/hdmi_video.gen/sources_1/bd/top_design/ipshared/9438/hdl/proc_sys_reset_v5_0_vh_rfs.vhd:1387]
	Parameter INIT bound to: 1'b0 
INFO: [Synth 8-113] binding component instance 'FDRE_BSR_N' to cell 'FDRE' [/home/serg/Documents/Xilinx/z700_hdmi/HDMI_VIDEO/hdmi_video.gen/sources_1/bd/top_design/ipshared/9438/hdl/proc_sys_reset_v5_0_vh_rfs.vhd:1413]
	Parameter INIT bound to: 1'b1 
INFO: [Synth 8-113] binding component instance 'FDRE_PER' to cell 'FDRE' [/home/serg/Documents/Xilinx/z700_hdmi/HDMI_VIDEO/hdmi_video.gen/sources_1/bd/top_design/ipshared/9438/hdl/proc_sys_reset_v5_0_vh_rfs.vhd:1436]
	Parameter INIT bound to: 1'b0 
INFO: [Synth 8-113] binding component instance 'FDRE_PER_N' to cell 'FDRE' [/home/serg/Documents/Xilinx/z700_hdmi/HDMI_VIDEO/hdmi_video.gen/sources_1/bd/top_design/ipshared/9438/hdl/proc_sys_reset_v5_0_vh_rfs.vhd:1460]
INFO: [Synth 8-638] synthesizing module 'lpf' [/home/serg/Documents/Xilinx/z700_hdmi/HDMI_VIDEO/hdmi_video.gen/sources_1/bd/top_design/ipshared/9438/hdl/proc_sys_reset_v5_0_vh_rfs.vhd:821]
INFO: [Synth 8-3491] module 'SRL16' declared at '/tools/xilinx/2025.2/Vivado/scripts/rt/data/unisim_comp.v:165318' bound to instance 'POR_SRL_I' of component 'SRL16' [/home/serg/Documents/Xilinx/z700_hdmi/HDMI_VIDEO/hdmi_video.gen/sources_1/bd/top_design/ipshared/9438/hdl/proc_sys_reset_v5_0_vh_rfs.vhd:873]
INFO: [Synth 8-6157] synthesizing module 'SRL16' [/tools/xilinx/2025.2/Vivado/scripts/rt/data/unisim_comp.v:165318]
INFO: [Synth 8-6155] done synthesizing module 'SRL16' (0#1) [/tools/xilinx/2025.2/Vivado/scripts/rt/data/unisim_comp.v:165318]
	Parameter DEST_SYNC_FF bound to: 4 - type: integer 
	Parameter INIT_SYNC_FF bound to: 0 - type: integer 
	Parameter SIM_ASSERT_CHK bound to: 0 - type: integer 
	Parameter SRC_INPUT_REG bound to: 0 - type: integer 
INFO: [Synth 8-3491] module 'xpm_cdc_single' declared at '/tools/xilinx/2025.2/data/ip/xpm/xpm_cdc/hdl/xpm_cdc.sv:152' bound to instance 'ACT_LO_EXT' of component 'xpm_cdc_single' [/home/serg/Documents/Xilinx/z700_hdmi/HDMI_VIDEO/hdmi_video.gen/sources_1/bd/top_design/ipshared/9438/hdl/proc_sys_reset_v5_0_vh_rfs.vhd:968]
INFO: [Synth 8-6157] synthesizing module 'xpm_cdc_single' [/tools/xilinx/2025.2/data/ip/xpm/xpm_cdc/hdl/xpm_cdc.sv:152]
INFO: [Synth 8-6155] done synthesizing module 'xpm_cdc_single' (0#1) [/tools/xilinx/2025.2/data/ip/xpm/xpm_cdc/hdl/xpm_cdc.sv:152]
	Parameter DEST_SYNC_FF bound to: 4 - type: integer 
	Parameter INIT_SYNC_FF bound to: 0 - type: integer 
	Parameter SIM_ASSERT_CHK bound to: 0 - type: integer 
	Parameter SRC_INPUT_REG bound to: 0 - type: integer 
INFO: [Synth 8-3491] module 'xpm_cdc_single' declared at '/tools/xilinx/2025.2/data/ip/xpm/xpm_cdc/hdl/xpm_cdc.sv:152' bound to instance 'ACT_LO_AUX' of component 'xpm_cdc_single' [/home/serg/Documents/Xilinx/z700_hdmi/HDMI_VIDEO/hdmi_video.gen/sources_1/bd/top_design/ipshared/9438/hdl/proc_sys_reset_v5_0_vh_rfs.vhd:1015]
INFO: [Synth 8-256] done synthesizing module 'lpf' (0#1) [/home/serg/Documents/Xilinx/z700_hdmi/HDMI_VIDEO/hdmi_video.gen/sources_1/bd/top_design/ipshared/9438/hdl/proc_sys_reset_v5_0_vh_rfs.vhd:821]
INFO: [Synth 8-638] synthesizing module 'sequence_psr' [/home/serg/Documents/Xilinx/z700_hdmi/HDMI_VIDEO/hdmi_video.gen/sources_1/bd/top_design/ipshared/9438/hdl/proc_sys_reset_v5_0_vh_rfs.vhd:304]
INFO: [Synth 8-638] synthesizing module 'upcnt_n' [/home/serg/Documents/Xilinx/z700_hdmi/HDMI_VIDEO/hdmi_video.gen/sources_1/bd/top_design/ipshared/9438/hdl/proc_sys_reset_v5_0_vh_rfs.vhd:126]
INFO: [Synth 8-256] done synthesizing module 'upcnt_n' (0#1) [/home/serg/Documents/Xilinx/z700_hdmi/HDMI_VIDEO/hdmi_video.gen/sources_1/bd/top_design/ipshared/9438/hdl/proc_sys_reset_v5_0_vh_rfs.vhd:126]
INFO: [Synth 8-256] done synthesizing module 'sequence_psr' (0#1) [/home/serg/Documents/Xilinx/z700_hdmi/HDMI_VIDEO/hdmi_video.gen/sources_1/bd/top_design/ipshared/9438/hdl/proc_sys_reset_v5_0_vh_rfs.vhd:304]
INFO: [Synth 8-256] done synthesizing module 'proc_sys_reset' (0#1) [/home/serg/Documents/Xilinx/z700_hdmi/HDMI_VIDEO/hdmi_video.gen/sources_1/bd/top_design/ipshared/9438/hdl/proc_sys_reset_v5_0_vh_rfs.vhd:1302]
INFO: [Synth 8-256] done synthesizing module 'bd_b6ca_psr0_0' (0#1) [/home/serg/Documents/Xilinx/z700_hdmi/HDMI_VIDEO/hdmi_video.gen/sources_1/bd/top_design/ip/top_design_axi_smc_1/bd_0/ip/ip_1/synth/bd_b6ca_psr0_0.vhd:74]
WARNING: [Synth 8-7071] port 'mb_reset' of module 'bd_b6ca_psr0_0' is unconnected for instance 'psr0' [/home/serg/Documents/Xilinx/z700_hdmi/HDMI_VIDEO/hdmi_video.gen/sources_1/bd/top_design/ip/top_design_axi_smc_1/bd_0/synth/bd_b6ca.v:1579]
WARNING: [Synth 8-7071] port 'bus_struct_reset' of module 'bd_b6ca_psr0_0' is unconnected for instance 'psr0' [/home/serg/Documents/Xilinx/z700_hdmi/HDMI_VIDEO/hdmi_video.gen/sources_1/bd/top_design/ip/top_design_axi_smc_1/bd_0/synth/bd_b6ca.v:1579]
WARNING: [Synth 8-7071] port 'peripheral_reset' of module 'bd_b6ca_psr0_0' is unconnected for instance 'psr0' [/home/serg/Documents/Xilinx/z700_hdmi/HDMI_VIDEO/hdmi_video.gen/sources_1/bd/top_design/ip/top_design_axi_smc_1/bd_0/synth/bd_b6ca.v:1579]
WARNING: [Synth 8-7071] port 'peripheral_aresetn' of module 'bd_b6ca_psr0_0' is unconnected for instance 'psr0' [/home/serg/Documents/Xilinx/z700_hdmi/HDMI_VIDEO/hdmi_video.gen/sources_1/bd/top_design/ip/top_design_axi_smc_1/bd_0/synth/bd_b6ca.v:1579]
WARNING: [Synth 8-7023] instance 'psr0' of module 'bd_b6ca_psr0_0' has 10 connections declared, but only 6 given [/home/serg/Documents/Xilinx/z700_hdmi/HDMI_VIDEO/hdmi_video.gen/sources_1/bd/top_design/ip/top_design_axi_smc_1/bd_0/synth/bd_b6ca.v:1579]
INFO: [Synth 8-638] synthesizing module 'bd_b6ca_psr_aclk_0' [/home/serg/Documents/Xilinx/z700_hdmi/HDMI_VIDEO/hdmi_video.gen/sources_1/bd/top_design/ip/top_design_axi_smc_1/bd_0/ip/ip_2/synth/bd_b6ca_psr_aclk_0.vhd:74]
	Parameter C_FAMILY bound to: zynq - type: string 
	Parameter C_EXT_RST_WIDTH bound to: 4 - type: integer 
	Parameter C_AUX_RST_WIDTH bound to: 1 - type: integer 
	Parameter C_EXT_RESET_HIGH bound to: 1'b0 
	Parameter C_AUX_RESET_HIGH bound to: 1'b0 
	Parameter C_NUM_BUS_RST bound to: 1 - type: integer 
	Parameter C_NUM_PERP_RST bound to: 1 - type: integer 
	Parameter C_NUM_INTERCONNECT_ARESETN bound to: 1 - type: integer 
	Parameter C_NUM_PERP_ARESETN bound to: 1 - type: integer 
INFO: [Synth 8-3491] module 'proc_sys_reset' declared at '/home/serg/Documents/Xilinx/z700_hdmi/HDMI_VIDEO/hdmi_video.gen/sources_1/bd/top_design/ipshared/9438/hdl/proc_sys_reset_v5_0_vh_rfs.vhd:1243' bound to instance 'U0' of component 'proc_sys_reset' [/home/serg/Documents/Xilinx/z700_hdmi/HDMI_VIDEO/hdmi_video.gen/sources_1/bd/top_design/ip/top_design_axi_smc_1/bd_0/ip/ip_2/synth/bd_b6ca_psr_aclk_0.vhd:139]
INFO: [Synth 8-256] done synthesizing module 'bd_b6ca_psr_aclk_0' (0#1) [/home/serg/Documents/Xilinx/z700_hdmi/HDMI_VIDEO/hdmi_video.gen/sources_1/bd/top_design/ip/top_design_axi_smc_1/bd_0/ip/ip_2/synth/bd_b6ca_psr_aclk_0.vhd:74]
WARNING: [Synth 8-7071] port 'mb_reset' of module 'bd_b6ca_psr_aclk_0' is unconnected for instance 'psr_aclk' [/home/serg/Documents/Xilinx/z700_hdmi/HDMI_VIDEO/hdmi_video.gen/sources_1/bd/top_design/ip/top_design_axi_smc_1/bd_0/synth/bd_b6ca.v:1586]
WARNING: [Synth 8-7071] port 'bus_struct_reset' of module 'bd_b6ca_psr_aclk_0' is unconnected for instance 'psr_aclk' [/home/serg/Documents/Xilinx/z700_hdmi/HDMI_VIDEO/hdmi_video.gen/sources_1/bd/top_design/ip/top_design_axi_smc_1/bd_0/synth/bd_b6ca.v:1586]
WARNING: [Synth 8-7071] port 'peripheral_reset' of module 'bd_b6ca_psr_aclk_0' is unconnected for instance 'psr_aclk' [/home/serg/Documents/Xilinx/z700_hdmi/HDMI_VIDEO/hdmi_video.gen/sources_1/bd/top_design/ip/top_design_axi_smc_1/bd_0/synth/bd_b6ca.v:1586]
WARNING: [Synth 8-7071] port 'peripheral_aresetn' of module 'bd_b6ca_psr_aclk_0' is unconnected for instance 'psr_aclk' [/home/serg/Documents/Xilinx/z700_hdmi/HDMI_VIDEO/hdmi_video.gen/sources_1/bd/top_design/ip/top_design_axi_smc_1/bd_0/synth/bd_b6ca.v:1586]
WARNING: [Synth 8-7023] instance 'psr_aclk' of module 'bd_b6ca_psr_aclk_0' has 10 connections declared, but only 6 given [/home/serg/Documents/Xilinx/z700_hdmi/HDMI_VIDEO/hdmi_video.gen/sources_1/bd/top_design/ip/top_design_axi_smc_1/bd_0/synth/bd_b6ca.v:1586]
INFO: [Synth 8-638] synthesizing module 'bd_b6ca_psr_aclk1_0' [/home/serg/Documents/Xilinx/z700_hdmi/HDMI_VIDEO/hdmi_video.gen/sources_1/bd/top_design/ip/top_design_axi_smc_1/bd_0/ip/ip_3/synth/bd_b6ca_psr_aclk1_0.vhd:74]
	Parameter C_FAMILY bound to: zynq - type: string 
	Parameter C_EXT_RST_WIDTH bound to: 4 - type: integer 
	Parameter C_AUX_RST_WIDTH bound to: 1 - type: integer 
	Parameter C_EXT_RESET_HIGH bound to: 1'b0 
	Parameter C_AUX_RESET_HIGH bound to: 1'b0 
	Parameter C_NUM_BUS_RST bound to: 1 - type: integer 
	Parameter C_NUM_PERP_RST bound to: 1 - type: integer 
	Parameter C_NUM_INTERCONNECT_ARESETN bound to: 1 - type: integer 
	Parameter C_NUM_PERP_ARESETN bound to: 1 - type: integer 
INFO: [Synth 8-3491] module 'proc_sys_reset' declared at '/home/serg/Documents/Xilinx/z700_hdmi/HDMI_VIDEO/hdmi_video.gen/sources_1/bd/top_design/ipshared/9438/hdl/proc_sys_reset_v5_0_vh_rfs.vhd:1243' bound to instance 'U0' of component 'proc_sys_reset' [/home/serg/Documents/Xilinx/z700_hdmi/HDMI_VIDEO/hdmi_video.gen/sources_1/bd/top_design/ip/top_design_axi_smc_1/bd_0/ip/ip_3/synth/bd_b6ca_psr_aclk1_0.vhd:139]
INFO: [Synth 8-256] done synthesizing module 'bd_b6ca_psr_aclk1_0' (0#1) [/home/serg/Documents/Xilinx/z700_hdmi/HDMI_VIDEO/hdmi_video.gen/sources_1/bd/top_design/ip/top_design_axi_smc_1/bd_0/ip/ip_3/synth/bd_b6ca_psr_aclk1_0.vhd:74]
WARNING: [Synth 8-7071] port 'mb_reset' of module 'bd_b6ca_psr_aclk1_0' is unconnected for instance 'psr_aclk1' [/home/serg/Documents/Xilinx/z700_hdmi/HDMI_VIDEO/hdmi_video.gen/sources_1/bd/top_design/ip/top_design_axi_smc_1/bd_0/synth/bd_b6ca.v:1593]
WARNING: [Synth 8-7071] port 'bus_struct_reset' of module 'bd_b6ca_psr_aclk1_0' is unconnected for instance 'psr_aclk1' [/home/serg/Documents/Xilinx/z700_hdmi/HDMI_VIDEO/hdmi_video.gen/sources_1/bd/top_design/ip/top_design_axi_smc_1/bd_0/synth/bd_b6ca.v:1593]
WARNING: [Synth 8-7071] port 'peripheral_reset' of module 'bd_b6ca_psr_aclk1_0' is unconnected for instance 'psr_aclk1' [/home/serg/Documents/Xilinx/z700_hdmi/HDMI_VIDEO/hdmi_video.gen/sources_1/bd/top_design/ip/top_design_axi_smc_1/bd_0/synth/bd_b6ca.v:1593]
WARNING: [Synth 8-7071] port 'peripheral_aresetn' of module 'bd_b6ca_psr_aclk1_0' is unconnected for instance 'psr_aclk1' [/home/serg/Documents/Xilinx/z700_hdmi/HDMI_VIDEO/hdmi_video.gen/sources_1/bd/top_design/ip/top_design_axi_smc_1/bd_0/synth/bd_b6ca.v:1593]
WARNING: [Synth 8-7023] instance 'psr_aclk1' of module 'bd_b6ca_psr_aclk1_0' has 10 connections declared, but only 6 given [/home/serg/Documents/Xilinx/z700_hdmi/HDMI_VIDEO/hdmi_video.gen/sources_1/bd/top_design/ip/top_design_axi_smc_1/bd_0/synth/bd_b6ca.v:1593]
INFO: [Synth 8-6155] done synthesizing module 'clk_map_imp_1U2K3UI' (0#1) [/home/serg/Documents/Xilinx/z700_hdmi/HDMI_VIDEO/hdmi_video.gen/sources_1/bd/top_design/ip/top_design_axi_smc_1/bd_0/synth/bd_b6ca.v:1532]
INFO: [Synth 8-6157] synthesizing module 'm00_exit_pipeline_imp_6ANM3L' [/home/serg/Documents/Xilinx/z700_hdmi/HDMI_VIDEO/hdmi_video.gen/sources_1/bd/top_design/ip/top_design_axi_smc_1/bd_0/synth/bd_b6ca.v:1844]
INFO: [Synth 8-6157] synthesizing module 'bd_b6ca_m00e_0' [/home/serg/Documents/Xilinx/z700_hdmi/HDMI_VIDEO/hdmi_video.gen/sources_1/bd/top_design/ip/top_design_axi_smc_1/bd_0/ip/ip_34/synth/bd_b6ca_m00e_0.sv:53]
INFO: [Synth 8-6157] synthesizing module 'xpm_cdc_async_rst' [/tools/xilinx/2025.2/data/ip/xpm/xpm_cdc/hdl/xpm_cdc.sv:1175]
INFO: [Synth 8-6155] done synthesizing module 'xpm_cdc_async_rst' (0#1) [/tools/xilinx/2025.2/data/ip/xpm/xpm_cdc/hdl/xpm_cdc.sv:1175]
INFO: [Synth 8-6155] done synthesizing module 'bd_b6ca_m00e_0' (0#1) [/home/serg/Documents/Xilinx/z700_hdmi/HDMI_VIDEO/hdmi_video.gen/sources_1/bd/top_design/ip/top_design_axi_smc_1/bd_0/ip/ip_34/synth/bd_b6ca_m00e_0.sv:53]
INFO: [Synth 8-6155] done synthesizing module 'm00_exit_pipeline_imp_6ANM3L' (0#1) [/home/serg/Documents/Xilinx/z700_hdmi/HDMI_VIDEO/hdmi_video.gen/sources_1/bd/top_design/ip/top_design_axi_smc_1/bd_0/synth/bd_b6ca.v:1844]
INFO: [Synth 8-6157] synthesizing module 'm00_nodes_imp_JKF7NX' [/home/serg/Documents/Xilinx/z700_hdmi/HDMI_VIDEO/hdmi_video.gen/sources_1/bd/top_design/ip/top_design_axi_smc_1/bd_0/synth/bd_b6ca.v:2086]
INFO: [Synth 8-6157] synthesizing module 'bd_b6ca_m00arn_0' [/home/serg/Documents/Xilinx/z700_hdmi/HDMI_VIDEO/hdmi_video.gen/sources_1/bd/top_design/ip/top_design_axi_smc_1/bd_0/ip/ip_29/synth/bd_b6ca_m00arn_0.sv:53]
INFO: [Synth 8-6155] done synthesizing module 'bd_b6ca_m00arn_0' (0#1) [/home/serg/Documents/Xilinx/z700_hdmi/HDMI_VIDEO/hdmi_video.gen/sources_1/bd/top_design/ip/top_design_axi_smc_1/bd_0/ip/ip_29/synth/bd_b6ca_m00arn_0.sv:53]
INFO: [Synth 8-6157] synthesizing module 'bd_b6ca_m00awn_0' [/home/serg/Documents/Xilinx/z700_hdmi/HDMI_VIDEO/hdmi_video.gen/sources_1/bd/top_design/ip/top_design_axi_smc_1/bd_0/ip/ip_31/synth/bd_b6ca_m00awn_0.sv:53]
INFO: [Synth 8-6155] done synthesizing module 'bd_b6ca_m00awn_0' (0#1) [/home/serg/Documents/Xilinx/z700_hdmi/HDMI_VIDEO/hdmi_video.gen/sources_1/bd/top_design/ip/top_design_axi_smc_1/bd_0/ip/ip_31/synth/bd_b6ca_m00awn_0.sv:53]
INFO: [Synth 8-6157] synthesizing module 'bd_b6ca_m00bn_0' [/home/serg/Documents/Xilinx/z700_hdmi/HDMI_VIDEO/hdmi_video.gen/sources_1/bd/top_design/ip/top_design_axi_smc_1/bd_0/ip/ip_33/synth/bd_b6ca_m00bn_0.sv:53]
INFO: [Synth 8-6155] done synthesizing module 'bd_b6ca_m00bn_0' (0#1) [/home/serg/Documents/Xilinx/z700_hdmi/HDMI_VIDEO/hdmi_video.gen/sources_1/bd/top_design/ip/top_design_axi_smc_1/bd_0/ip/ip_33/synth/bd_b6ca_m00bn_0.sv:53]
INFO: [Synth 8-6157] synthesizing module 'bd_b6ca_m00rn_0' [/home/serg/Documents/Xilinx/z700_hdmi/HDMI_VIDEO/hdmi_video.gen/sources_1/bd/top_design/ip/top_design_axi_smc_1/bd_0/ip/ip_30/synth/bd_b6ca_m00rn_0.sv:53]
INFO: [Synth 8-6155] done synthesizing module 'bd_b6ca_m00rn_0' (0#1) [/home/serg/Documents/Xilinx/z700_hdmi/HDMI_VIDEO/hdmi_video.gen/sources_1/bd/top_design/ip/top_design_axi_smc_1/bd_0/ip/ip_30/synth/bd_b6ca_m00rn_0.sv:53]
INFO: [Synth 8-6157] synthesizing module 'bd_b6ca_m00wn_0' [/home/serg/Documents/Xilinx/z700_hdmi/HDMI_VIDEO/hdmi_video.gen/sources_1/bd/top_design/ip/top_design_axi_smc_1/bd_0/ip/ip_32/synth/bd_b6ca_m00wn_0.sv:53]
INFO: [Synth 8-6155] done synthesizing module 'bd_b6ca_m00wn_0' (0#1) [/home/serg/Documents/Xilinx/z700_hdmi/HDMI_VIDEO/hdmi_video.gen/sources_1/bd/top_design/ip/top_design_axi_smc_1/bd_0/ip/ip_32/synth/bd_b6ca_m00wn_0.sv:53]
INFO: [Synth 8-6155] done synthesizing module 'm00_nodes_imp_JKF7NX' (0#1) [/home/serg/Documents/Xilinx/z700_hdmi/HDMI_VIDEO/hdmi_video.gen/sources_1/bd/top_design/ip/top_design_axi_smc_1/bd_0/synth/bd_b6ca.v:2086]
INFO: [Synth 8-6157] synthesizing module 'bd_b6ca_m00s2a_0' [/home/serg/Documents/Xilinx/z700_hdmi/HDMI_VIDEO/hdmi_video.gen/sources_1/bd/top_design/ip/top_design_axi_smc_1/bd_0/ip/ip_28/synth/bd_b6ca_m00s2a_0.sv:53]
INFO: [Synth 8-6155] done synthesizing module 'bd_b6ca_m00s2a_0' (0#1) [/home/serg/Documents/Xilinx/z700_hdmi/HDMI_VIDEO/hdmi_video.gen/sources_1/bd/top_design/ip/top_design_axi_smc_1/bd_0/ip/ip_28/synth/bd_b6ca_m00s2a_0.sv:53]
INFO: [Synth 8-6157] synthesizing module 'm01_exit_pipeline_imp_FXX7L' [/home/serg/Documents/Xilinx/z700_hdmi/HDMI_VIDEO/hdmi_video.gen/sources_1/bd/top_design/ip/top_design_axi_smc_1/bd_0/synth/bd_b6ca.v:2328]
INFO: [Synth 8-6157] synthesizing module 'bd_b6ca_m01e_0' [/home/serg/Documents/Xilinx/z700_hdmi/HDMI_VIDEO/hdmi_video.gen/sources_1/bd/top_design/ip/top_design_axi_smc_1/bd_0/ip/ip_41/synth/bd_b6ca_m01e_0.sv:53]
INFO: [Synth 8-6155] done synthesizing module 'bd_b6ca_m01e_0' (0#1) [/home/serg/Documents/Xilinx/z700_hdmi/HDMI_VIDEO/hdmi_video.gen/sources_1/bd/top_design/ip/top_design_axi_smc_1/bd_0/ip/ip_41/synth/bd_b6ca_m01e_0.sv:53]
INFO: [Synth 8-6155] done synthesizing module 'm01_exit_pipeline_imp_FXX7L' (0#1) [/home/serg/Documents/Xilinx/z700_hdmi/HDMI_VIDEO/hdmi_video.gen/sources_1/bd/top_design/ip/top_design_axi_smc_1/bd_0/synth/bd_b6ca.v:2328]
INFO: [Synth 8-6157] synthesizing module 'm01_nodes_imp_1OWXKHN' [/home/serg/Documents/Xilinx/z700_hdmi/HDMI_VIDEO/hdmi_video.gen/sources_1/bd/top_design/ip/top_design_axi_smc_1/bd_0/synth/bd_b6ca.v:2570]
INFO: [Synth 8-6157] synthesizing module 'bd_b6ca_m01arn_0' [/home/serg/Documents/Xilinx/z700_hdmi/HDMI_VIDEO/hdmi_video.gen/sources_1/bd/top_design/ip/top_design_axi_smc_1/bd_0/ip/ip_36/synth/bd_b6ca_m01arn_0.sv:53]
INFO: [Synth 8-6155] done synthesizing module 'bd_b6ca_m01arn_0' (0#1) [/home/serg/Documents/Xilinx/z700_hdmi/HDMI_VIDEO/hdmi_video.gen/sources_1/bd/top_design/ip/top_design_axi_smc_1/bd_0/ip/ip_36/synth/bd_b6ca_m01arn_0.sv:53]
INFO: [Synth 8-6157] synthesizing module 'bd_b6ca_m01awn_0' [/home/serg/Documents/Xilinx/z700_hdmi/HDMI_VIDEO/hdmi_video.gen/sources_1/bd/top_design/ip/top_design_axi_smc_1/bd_0/ip/ip_38/synth/bd_b6ca_m01awn_0.sv:53]
INFO: [Synth 8-6155] done synthesizing module 'bd_b6ca_m01awn_0' (0#1) [/home/serg/Documents/Xilinx/z700_hdmi/HDMI_VIDEO/hdmi_video.gen/sources_1/bd/top_design/ip/top_design_axi_smc_1/bd_0/ip/ip_38/synth/bd_b6ca_m01awn_0.sv:53]
INFO: [Synth 8-6157] synthesizing module 'bd_b6ca_m01bn_0' [/home/serg/Documents/Xilinx/z700_hdmi/HDMI_VIDEO/hdmi_video.gen/sources_1/bd/top_design/ip/top_design_axi_smc_1/bd_0/ip/ip_40/synth/bd_b6ca_m01bn_0.sv:53]
INFO: [Synth 8-6155] done synthesizing module 'bd_b6ca_m01bn_0' (0#1) [/home/serg/Documents/Xilinx/z700_hdmi/HDMI_VIDEO/hdmi_video.gen/sources_1/bd/top_design/ip/top_design_axi_smc_1/bd_0/ip/ip_40/synth/bd_b6ca_m01bn_0.sv:53]
INFO: [Synth 8-6157] synthesizing module 'bd_b6ca_m01rn_0' [/home/serg/Documents/Xilinx/z700_hdmi/HDMI_VIDEO/hdmi_video.gen/sources_1/bd/top_design/ip/top_design_axi_smc_1/bd_0/ip/ip_37/synth/bd_b6ca_m01rn_0.sv:53]
INFO: [Synth 8-6155] done synthesizing module 'bd_b6ca_m01rn_0' (0#1) [/home/serg/Documents/Xilinx/z700_hdmi/HDMI_VIDEO/hdmi_video.gen/sources_1/bd/top_design/ip/top_design_axi_smc_1/bd_0/ip/ip_37/synth/bd_b6ca_m01rn_0.sv:53]
INFO: [Synth 8-6157] synthesizing module 'bd_b6ca_m01wn_0' [/home/serg/Documents/Xilinx/z700_hdmi/HDMI_VIDEO/hdmi_video.gen/sources_1/bd/top_design/ip/top_design_axi_smc_1/bd_0/ip/ip_39/synth/bd_b6ca_m01wn_0.sv:53]
INFO: [Synth 8-6155] done synthesizing module 'bd_b6ca_m01wn_0' (0#1) [/home/serg/Documents/Xilinx/z700_hdmi/HDMI_VIDEO/hdmi_video.gen/sources_1/bd/top_design/ip/top_design_axi_smc_1/bd_0/ip/ip_39/synth/bd_b6ca_m01wn_0.sv:53]
INFO: [Synth 8-6155] done synthesizing module 'm01_nodes_imp_1OWXKHN' (0#1) [/home/serg/Documents/Xilinx/z700_hdmi/HDMI_VIDEO/hdmi_video.gen/sources_1/bd/top_design/ip/top_design_axi_smc_1/bd_0/synth/bd_b6ca.v:2570]
INFO: [Synth 8-6157] synthesizing module 'bd_b6ca_m01s2a_0' [/home/serg/Documents/Xilinx/z700_hdmi/HDMI_VIDEO/hdmi_video.gen/sources_1/bd/top_design/ip/top_design_axi_smc_1/bd_0/ip/ip_35/synth/bd_b6ca_m01s2a_0.sv:53]
INFO: [Synth 8-6155] done synthesizing module 'bd_b6ca_m01s2a_0' (0#1) [/home/serg/Documents/Xilinx/z700_hdmi/HDMI_VIDEO/hdmi_video.gen/sources_1/bd/top_design/ip/top_design_axi_smc_1/bd_0/ip/ip_35/synth/bd_b6ca_m01s2a_0.sv:53]
INFO: [Synth 8-6157] synthesizing module 'm02_exit_pipeline_imp_FS47Q9' [/home/serg/Documents/Xilinx/z700_hdmi/HDMI_VIDEO/hdmi_video.gen/sources_1/bd/top_design/ip/top_design_axi_smc_1/bd_0/synth/bd_b6ca.v:2812]
INFO: [Synth 8-6157] synthesizing module 'bd_b6ca_m02e_0' [/home/serg/Documents/Xilinx/z700_hdmi/HDMI_VIDEO/hdmi_video.gen/sources_1/bd/top_design/ip/top_design_axi_smc_1/bd_0/ip/ip_48/synth/bd_b6ca_m02e_0.sv:53]
INFO: [Synth 8-6155] done synthesizing module 'bd_b6ca_m02e_0' (0#1) [/home/serg/Documents/Xilinx/z700_hdmi/HDMI_VIDEO/hdmi_video.gen/sources_1/bd/top_design/ip/top_design_axi_smc_1/bd_0/ip/ip_48/synth/bd_b6ca_m02e_0.sv:53]
INFO: [Synth 8-6155] done synthesizing module 'm02_exit_pipeline_imp_FS47Q9' (0#1) [/home/serg/Documents/Xilinx/z700_hdmi/HDMI_VIDEO/hdmi_video.gen/sources_1/bd/top_design/ip/top_design_axi_smc_1/bd_0/synth/bd_b6ca.v:2812]
INFO: [Synth 8-6157] synthesizing module 'm02_nodes_imp_1ALAQ74' [/home/serg/Documents/Xilinx/z700_hdmi/HDMI_VIDEO/hdmi_video.gen/sources_1/bd/top_design/ip/top_design_axi_smc_1/bd_0/synth/bd_b6ca.v:3054]
INFO: [Synth 8-6157] synthesizing module 'bd_b6ca_m02arn_0' [/home/serg/Documents/Xilinx/z700_hdmi/HDMI_VIDEO/hdmi_video.gen/sources_1/bd/top_design/ip/top_design_axi_smc_1/bd_0/ip/ip_43/synth/bd_b6ca_m02arn_0.sv:53]
INFO: [Synth 8-6157] synthesizing module 'xpm_cdc_handshake' [/tools/xilinx/2025.2/data/ip/xpm/xpm_cdc/hdl/xpm_cdc.sv:468]
INFO: [Synth 8-6157] synthesizing module 'xpm_cdc_single__parameterized1' [/tools/xilinx/2025.2/data/ip/xpm/xpm_cdc/hdl/xpm_cdc.sv:152]
INFO: [Synth 8-6155] done synthesizing module 'xpm_cdc_single__parameterized1' (0#1) [/tools/xilinx/2025.2/data/ip/xpm/xpm_cdc/hdl/xpm_cdc.sv:152]
INFO: [Synth 8-6155] done synthesizing module 'xpm_cdc_handshake' (0#1) [/tools/xilinx/2025.2/data/ip/xpm/xpm_cdc/hdl/xpm_cdc.sv:468]
INFO: [Synth 8-6155] done synthesizing module 'bd_b6ca_m02arn_0' (0#1) [/home/serg/Documents/Xilinx/z700_hdmi/HDMI_VIDEO/hdmi_video.gen/sources_1/bd/top_design/ip/top_design_axi_smc_1/bd_0/ip/ip_43/synth/bd_b6ca_m02arn_0.sv:53]
INFO: [Synth 8-6157] synthesizing module 'bd_b6ca_m02awn_0' [/home/serg/Documents/Xilinx/z700_hdmi/HDMI_VIDEO/hdmi_video.gen/sources_1/bd/top_design/ip/top_design_axi_smc_1/bd_0/ip/ip_45/synth/bd_b6ca_m02awn_0.sv:53]
INFO: [Synth 8-6155] done synthesizing module 'bd_b6ca_m02awn_0' (0#1) [/home/serg/Documents/Xilinx/z700_hdmi/HDMI_VIDEO/hdmi_video.gen/sources_1/bd/top_design/ip/top_design_axi_smc_1/bd_0/ip/ip_45/synth/bd_b6ca_m02awn_0.sv:53]
INFO: [Synth 8-6157] synthesizing module 'bd_b6ca_m02bn_0' [/home/serg/Documents/Xilinx/z700_hdmi/HDMI_VIDEO/hdmi_video.gen/sources_1/bd/top_design/ip/top_design_axi_smc_1/bd_0/ip/ip_47/synth/bd_b6ca_m02bn_0.sv:53]
INFO: [Synth 8-6157] synthesizing module 'xpm_cdc_handshake__parameterized0' [/tools/xilinx/2025.2/data/ip/xpm/xpm_cdc/hdl/xpm_cdc.sv:468]
INFO: [Synth 8-6155] done synthesizing module 'xpm_cdc_handshake__parameterized0' (0#1) [/tools/xilinx/2025.2/data/ip/xpm/xpm_cdc/hdl/xpm_cdc.sv:468]
INFO: [Synth 8-6157] synthesizing module 'xpm_cdc_handshake__parameterized1' [/tools/xilinx/2025.2/data/ip/xpm/xpm_cdc/hdl/xpm_cdc.sv:468]
INFO: [Synth 8-6155] done synthesizing module 'xpm_cdc_handshake__parameterized1' (0#1) [/tools/xilinx/2025.2/data/ip/xpm/xpm_cdc/hdl/xpm_cdc.sv:468]
INFO: [Synth 8-6155] done synthesizing module 'bd_b6ca_m02bn_0' (0#1) [/home/serg/Documents/Xilinx/z700_hdmi/HDMI_VIDEO/hdmi_video.gen/sources_1/bd/top_design/ip/top_design_axi_smc_1/bd_0/ip/ip_47/synth/bd_b6ca_m02bn_0.sv:53]
INFO: [Synth 8-6157] synthesizing module 'bd_b6ca_m02rn_0' [/home/serg/Documents/Xilinx/z700_hdmi/HDMI_VIDEO/hdmi_video.gen/sources_1/bd/top_design/ip/top_design_axi_smc_1/bd_0/ip/ip_44/synth/bd_b6ca_m02rn_0.sv:53]
INFO: [Synth 8-6157] synthesizing module 'xpm_cdc_handshake__parameterized2' [/tools/xilinx/2025.2/data/ip/xpm/xpm_cdc/hdl/xpm_cdc.sv:468]
INFO: [Synth 8-6155] done synthesizing module 'xpm_cdc_handshake__parameterized2' (0#1) [/tools/xilinx/2025.2/data/ip/xpm/xpm_cdc/hdl/xpm_cdc.sv:468]
INFO: [Synth 8-6155] done synthesizing module 'bd_b6ca_m02rn_0' (0#1) [/home/serg/Documents/Xilinx/z700_hdmi/HDMI_VIDEO/hdmi_video.gen/sources_1/bd/top_design/ip/top_design_axi_smc_1/bd_0/ip/ip_44/synth/bd_b6ca_m02rn_0.sv:53]
INFO: [Synth 8-6157] synthesizing module 'bd_b6ca_m02wn_0' [/home/serg/Documents/Xilinx/z700_hdmi/HDMI_VIDEO/hdmi_video.gen/sources_1/bd/top_design/ip/top_design_axi_smc_1/bd_0/ip/ip_46/synth/bd_b6ca_m02wn_0.sv:53]
INFO: [Synth 8-6157] synthesizing module 'xpm_cdc_handshake__parameterized3' [/tools/xilinx/2025.2/data/ip/xpm/xpm_cdc/hdl/xpm_cdc.sv:468]
INFO: [Synth 8-6155] done synthesizing module 'xpm_cdc_handshake__parameterized3' (0#1) [/tools/xilinx/2025.2/data/ip/xpm/xpm_cdc/hdl/xpm_cdc.sv:468]
INFO: [Synth 8-6155] done synthesizing module 'bd_b6ca_m02wn_0' (0#1) [/home/serg/Documents/Xilinx/z700_hdmi/HDMI_VIDEO/hdmi_video.gen/sources_1/bd/top_design/ip/top_design_axi_smc_1/bd_0/ip/ip_46/synth/bd_b6ca_m02wn_0.sv:53]
INFO: [Synth 8-6155] done synthesizing module 'm02_nodes_imp_1ALAQ74' (0#1) [/home/serg/Documents/Xilinx/z700_hdmi/HDMI_VIDEO/hdmi_video.gen/sources_1/bd/top_design/ip/top_design_axi_smc_1/bd_0/synth/bd_b6ca.v:3054]
INFO: [Synth 8-6157] synthesizing module 'bd_b6ca_m02s2a_0' [/home/serg/Documents/Xilinx/z700_hdmi/HDMI_VIDEO/hdmi_video.gen/sources_1/bd/top_design/ip/top_design_axi_smc_1/bd_0/ip/ip_42/synth/bd_b6ca_m02s2a_0.sv:53]
INFO: [Synth 8-6155] done synthesizing module 'bd_b6ca_m02s2a_0' (0#1) [/home/serg/Documents/Xilinx/z700_hdmi/HDMI_VIDEO/hdmi_video.gen/sources_1/bd/top_design/ip/top_design_axi_smc_1/bd_0/ip/ip_42/synth/bd_b6ca_m02s2a_0.sv:53]
INFO: [Synth 8-6157] synthesizing module 'bd_b6ca_s00a2s_0' [/home/serg/Documents/Xilinx/z700_hdmi/HDMI_VIDEO/hdmi_video.gen/sources_1/bd/top_design/ip/top_design_axi_smc_1/bd_0/ip/ip_22/synth/bd_b6ca_s00a2s_0.sv:53]
INFO: [Synth 8-6155] done synthesizing module 'bd_b6ca_s00a2s_0' (0#1) [/home/serg/Documents/Xilinx/z700_hdmi/HDMI_VIDEO/hdmi_video.gen/sources_1/bd/top_design/ip/top_design_axi_smc_1/bd_0/ip/ip_22/synth/bd_b6ca_s00a2s_0.sv:53]
INFO: [Synth 8-6157] synthesizing module 's00_entry_pipeline_imp_15IAIEA' [/home/serg/Documents/Xilinx/z700_hdmi/HDMI_VIDEO/hdmi_video.gen/sources_1/bd/top_design/ip/top_design_axi_smc_1/bd_0/synth/bd_b6ca.v:3296]
INFO: [Synth 8-6157] synthesizing module 'bd_b6ca_s00mmu_0' [/home/serg/Documents/Xilinx/z700_hdmi/HDMI_VIDEO/hdmi_video.gen/sources_1/bd/top_design/ip/top_design_axi_smc_1/bd_0/ip/ip_19/synth/bd_b6ca_s00mmu_0.sv:53]
INFO: [Synth 8-6155] done synthesizing module 'bd_b6ca_s00mmu_0' (0#1) [/home/serg/Documents/Xilinx/z700_hdmi/HDMI_VIDEO/hdmi_video.gen/sources_1/bd/top_design/ip/top_design_axi_smc_1/bd_0/ip/ip_19/synth/bd_b6ca_s00mmu_0.sv:53]
INFO: [Synth 8-6157] synthesizing module 'bd_b6ca_s00sic_0' [/home/serg/Documents/Xilinx/z700_hdmi/HDMI_VIDEO/hdmi_video.gen/sources_1/bd/top_design/ip/top_design_axi_smc_1/bd_0/ip/ip_21/synth/bd_b6ca_s00sic_0.sv:53]
INFO: [Synth 8-6155] done synthesizing module 'bd_b6ca_s00sic_0' (0#1) [/home/serg/Documents/Xilinx/z700_hdmi/HDMI_VIDEO/hdmi_video.gen/sources_1/bd/top_design/ip/top_design_axi_smc_1/bd_0/ip/ip_21/synth/bd_b6ca_s00sic_0.sv:53]
INFO: [Synth 8-6157] synthesizing module 'bd_b6ca_s00tr_0' [/home/serg/Documents/Xilinx/z700_hdmi/HDMI_VIDEO/hdmi_video.gen/sources_1/bd/top_design/ip/top_design_axi_smc_1/bd_0/ip/ip_20/synth/bd_b6ca_s00tr_0.sv:53]
INFO: [Synth 8-6155] done synthesizing module 'bd_b6ca_s00tr_0' (0#1) [/home/serg/Documents/Xilinx/z700_hdmi/HDMI_VIDEO/hdmi_video.gen/sources_1/bd/top_design/ip/top_design_axi_smc_1/bd_0/ip/ip_20/synth/bd_b6ca_s00tr_0.sv:53]
INFO: [Synth 8-6155] done synthesizing module 's00_entry_pipeline_imp_15IAIEA' (0#1) [/home/serg/Documents/Xilinx/z700_hdmi/HDMI_VIDEO/hdmi_video.gen/sources_1/bd/top_design/ip/top_design_axi_smc_1/bd_0/synth/bd_b6ca.v:3296]
INFO: [Synth 8-6157] synthesizing module 's00_nodes_imp_ZJTHH4' [/home/serg/Documents/Xilinx/z700_hdmi/HDMI_VIDEO/hdmi_video.gen/sources_1/bd/top_design/ip/top_design_axi_smc_1/bd_0/synth/bd_b6ca.v:3872]
INFO: [Synth 8-6157] synthesizing module 'bd_b6ca_sarn_0' [/home/serg/Documents/Xilinx/z700_hdmi/HDMI_VIDEO/hdmi_video.gen/sources_1/bd/top_design/ip/top_design_axi_smc_1/bd_0/ip/ip_23/synth/bd_b6ca_sarn_0.sv:53]
INFO: [Synth 8-6155] done synthesizing module 'bd_b6ca_sarn_0' (0#1) [/home/serg/Documents/Xilinx/z700_hdmi/HDMI_VIDEO/hdmi_video.gen/sources_1/bd/top_design/ip/top_design_axi_smc_1/bd_0/ip/ip_23/synth/bd_b6ca_sarn_0.sv:53]
INFO: [Synth 8-6157] synthesizing module 'bd_b6ca_sawn_0' [/home/serg/Documents/Xilinx/z700_hdmi/HDMI_VIDEO/hdmi_video.gen/sources_1/bd/top_design/ip/top_design_axi_smc_1/bd_0/ip/ip_25/synth/bd_b6ca_sawn_0.sv:53]
INFO: [Synth 8-6155] done synthesizing module 'bd_b6ca_sawn_0' (0#1) [/home/serg/Documents/Xilinx/z700_hdmi/HDMI_VIDEO/hdmi_video.gen/sources_1/bd/top_design/ip/top_design_axi_smc_1/bd_0/ip/ip_25/synth/bd_b6ca_sawn_0.sv:53]
INFO: [Synth 8-6157] synthesizing module 'bd_b6ca_sbn_0' [/home/serg/Documents/Xilinx/z700_hdmi/HDMI_VIDEO/hdmi_video.gen/sources_1/bd/top_design/ip/top_design_axi_smc_1/bd_0/ip/ip_27/synth/bd_b6ca_sbn_0.sv:53]
INFO: [Synth 8-6155] done synthesizing module 'bd_b6ca_sbn_0' (0#1) [/home/serg/Documents/Xilinx/z700_hdmi/HDMI_VIDEO/hdmi_video.gen/sources_1/bd/top_design/ip/top_design_axi_smc_1/bd_0/ip/ip_27/synth/bd_b6ca_sbn_0.sv:53]
INFO: [Synth 8-6157] synthesizing module 'bd_b6ca_srn_0' [/home/serg/Documents/Xilinx/z700_hdmi/HDMI_VIDEO/hdmi_video.gen/sources_1/bd/top_design/ip/top_design_axi_smc_1/bd_0/ip/ip_24/synth/bd_b6ca_srn_0.sv:53]
INFO: [Synth 8-6155] done synthesizing module 'bd_b6ca_srn_0' (0#1) [/home/serg/Documents/Xilinx/z700_hdmi/HDMI_VIDEO/hdmi_video.gen/sources_1/bd/top_design/ip/top_design_axi_smc_1/bd_0/ip/ip_24/synth/bd_b6ca_srn_0.sv:53]
INFO: [Synth 8-6157] synthesizing module 'bd_b6ca_swn_0' [/home/serg/Documents/Xilinx/z700_hdmi/HDMI_VIDEO/hdmi_video.gen/sources_1/bd/top_design/ip/top_design_axi_smc_1/bd_0/ip/ip_26/synth/bd_b6ca_swn_0.sv:53]
INFO: [Synth 8-6155] done synthesizing module 'bd_b6ca_swn_0' (0#1) [/home/serg/Documents/Xilinx/z700_hdmi/HDMI_VIDEO/hdmi_video.gen/sources_1/bd/top_design/ip/top_design_axi_smc_1/bd_0/ip/ip_26/synth/bd_b6ca_swn_0.sv:53]
INFO: [Synth 8-6155] done synthesizing module 's00_nodes_imp_ZJTHH4' (0#1) [/home/serg/Documents/Xilinx/z700_hdmi/HDMI_VIDEO/hdmi_video.gen/sources_1/bd/top_design/ip/top_design_axi_smc_1/bd_0/synth/bd_b6ca.v:3872]
INFO: [Synth 8-6157] synthesizing module 'switchboards_imp_1TFRQGC' [/home/serg/Documents/Xilinx/z700_hdmi/HDMI_VIDEO/hdmi_video.gen/sources_1/bd/top_design/ip/top_design_axi_smc_1/bd_0/synth/bd_b6ca.v:4114]
INFO: [Synth 8-6157] synthesizing module 'bd_b6ca_arinsw_0' [/home/serg/Documents/Xilinx/z700_hdmi/HDMI_VIDEO/hdmi_video.gen/sources_1/bd/top_design/ip/top_design_axi_smc_1/bd_0/ip/ip_4/synth/bd_b6ca_arinsw_0.sv:53]
INFO: [Synth 8-6155] done synthesizing module 'bd_b6ca_arinsw_0' (0#1) [/home/serg/Documents/Xilinx/z700_hdmi/HDMI_VIDEO/hdmi_video.gen/sources_1/bd/top_design/ip/top_design_axi_smc_1/bd_0/ip/ip_4/synth/bd_b6ca_arinsw_0.sv:53]
INFO: [Synth 8-6157] synthesizing module 'bd_b6ca_aroutsw_0' [/home/serg/Documents/Xilinx/z700_hdmi/HDMI_VIDEO/hdmi_video.gen/sources_1/bd/top_design/ip/top_design_axi_smc_1/bd_0/ip/ip_9/synth/bd_b6ca_aroutsw_0.sv:53]
INFO: [Synth 8-6155] done synthesizing module 'bd_b6ca_aroutsw_0' (0#1) [/home/serg/Documents/Xilinx/z700_hdmi/HDMI_VIDEO/hdmi_video.gen/sources_1/bd/top_design/ip/top_design_axi_smc_1/bd_0/ip/ip_9/synth/bd_b6ca_aroutsw_0.sv:53]
INFO: [Synth 8-6157] synthesizing module 'bd_b6ca_awinsw_0' [/home/serg/Documents/Xilinx/z700_hdmi/HDMI_VIDEO/hdmi_video.gen/sources_1/bd/top_design/ip/top_design_axi_smc_1/bd_0/ip/ip_6/synth/bd_b6ca_awinsw_0.sv:53]
INFO: [Synth 8-6155] done synthesizing module 'bd_b6ca_awinsw_0' (0#1) [/home/serg/Documents/Xilinx/z700_hdmi/HDMI_VIDEO/hdmi_video.gen/sources_1/bd/top_design/ip/top_design_axi_smc_1/bd_0/ip/ip_6/synth/bd_b6ca_awinsw_0.sv:53]
INFO: [Synth 8-6157] synthesizing module 'bd_b6ca_awoutsw_0' [/home/serg/Documents/Xilinx/z700_hdmi/HDMI_VIDEO/hdmi_video.gen/sources_1/bd/top_design/ip/top_design_axi_smc_1/bd_0/ip/ip_11/synth/bd_b6ca_awoutsw_0.sv:53]
INFO: [Synth 8-6155] done synthesizing module 'bd_b6ca_awoutsw_0' (0#1) [/home/serg/Documents/Xilinx/z700_hdmi/HDMI_VIDEO/hdmi_video.gen/sources_1/bd/top_design/ip/top_design_axi_smc_1/bd_0/ip/ip_11/synth/bd_b6ca_awoutsw_0.sv:53]
INFO: [Synth 8-6157] synthesizing module 'bd_b6ca_binsw_0' [/home/serg/Documents/Xilinx/z700_hdmi/HDMI_VIDEO/hdmi_video.gen/sources_1/bd/top_design/ip/top_design_axi_smc_1/bd_0/ip/ip_8/synth/bd_b6ca_binsw_0.sv:53]
INFO: [Synth 8-6155] done synthesizing module 'bd_b6ca_binsw_0' (0#1) [/home/serg/Documents/Xilinx/z700_hdmi/HDMI_VIDEO/hdmi_video.gen/sources_1/bd/top_design/ip/top_design_axi_smc_1/bd_0/ip/ip_8/synth/bd_b6ca_binsw_0.sv:53]
INFO: [Synth 8-6157] synthesizing module 'bd_b6ca_boutsw_0' [/home/serg/Documents/Xilinx/z700_hdmi/HDMI_VIDEO/hdmi_video.gen/sources_1/bd/top_design/ip/top_design_axi_smc_1/bd_0/ip/ip_13/synth/bd_b6ca_boutsw_0.sv:53]
INFO: [Synth 8-6155] done synthesizing module 'bd_b6ca_boutsw_0' (0#1) [/home/serg/Documents/Xilinx/z700_hdmi/HDMI_VIDEO/hdmi_video.gen/sources_1/bd/top_design/ip/top_design_axi_smc_1/bd_0/ip/ip_13/synth/bd_b6ca_boutsw_0.sv:53]
INFO: [Synth 8-6157] synthesizing module 'i_nodes_imp_DAW2OK' [/home/serg/Documents/Xilinx/z700_hdmi/HDMI_VIDEO/hdmi_video.gen/sources_1/bd/top_design/ip/top_design_axi_smc_1/bd_0/synth/bd_b6ca.v:1602]
INFO: [Synth 8-6157] synthesizing module 'bd_b6ca_arni_0' [/home/serg/Documents/Xilinx/z700_hdmi/HDMI_VIDEO/hdmi_video.gen/sources_1/bd/top_design/ip/top_design_axi_smc_1/bd_0/ip/ip_14/synth/bd_b6ca_arni_0.sv:53]
INFO: [Synth 8-6155] done synthesizing module 'bd_b6ca_arni_0' (0#1) [/home/serg/Documents/Xilinx/z700_hdmi/HDMI_VIDEO/hdmi_video.gen/sources_1/bd/top_design/ip/top_design_axi_smc_1/bd_0/ip/ip_14/synth/bd_b6ca_arni_0.sv:53]
INFO: [Synth 8-6157] synthesizing module 'bd_b6ca_awni_0' [/home/serg/Documents/Xilinx/z700_hdmi/HDMI_VIDEO/hdmi_video.gen/sources_1/bd/top_design/ip/top_design_axi_smc_1/bd_0/ip/ip_16/synth/bd_b6ca_awni_0.sv:53]
INFO: [Synth 8-6155] done synthesizing module 'bd_b6ca_awni_0' (0#1) [/home/serg/Documents/Xilinx/z700_hdmi/HDMI_VIDEO/hdmi_video.gen/sources_1/bd/top_design/ip/top_design_axi_smc_1/bd_0/ip/ip_16/synth/bd_b6ca_awni_0.sv:53]
INFO: [Synth 8-6157] synthesizing module 'bd_b6ca_bni_0' [/home/serg/Documents/Xilinx/z700_hdmi/HDMI_VIDEO/hdmi_video.gen/sources_1/bd/top_design/ip/top_design_axi_smc_1/bd_0/ip/ip_18/synth/bd_b6ca_bni_0.sv:53]
INFO: [Synth 8-6155] done synthesizing module 'bd_b6ca_bni_0' (0#1) [/home/serg/Documents/Xilinx/z700_hdmi/HDMI_VIDEO/hdmi_video.gen/sources_1/bd/top_design/ip/top_design_axi_smc_1/bd_0/ip/ip_18/synth/bd_b6ca_bni_0.sv:53]
INFO: [Synth 8-6157] synthesizing module 'bd_b6ca_rni_0' [/home/serg/Documents/Xilinx/z700_hdmi/HDMI_VIDEO/hdmi_video.gen/sources_1/bd/top_design/ip/top_design_axi_smc_1/bd_0/ip/ip_15/synth/bd_b6ca_rni_0.sv:53]
INFO: [Synth 8-6155] done synthesizing module 'bd_b6ca_rni_0' (0#1) [/home/serg/Documents/Xilinx/z700_hdmi/HDMI_VIDEO/hdmi_video.gen/sources_1/bd/top_design/ip/top_design_axi_smc_1/bd_0/ip/ip_15/synth/bd_b6ca_rni_0.sv:53]
INFO: [Synth 8-6157] synthesizing module 'bd_b6ca_wni_0' [/home/serg/Documents/Xilinx/z700_hdmi/HDMI_VIDEO/hdmi_video.gen/sources_1/bd/top_design/ip/top_design_axi_smc_1/bd_0/ip/ip_17/synth/bd_b6ca_wni_0.sv:53]
INFO: [Synth 8-6155] done synthesizing module 'bd_b6ca_wni_0' (0#1) [/home/serg/Documents/Xilinx/z700_hdmi/HDMI_VIDEO/hdmi_video.gen/sources_1/bd/top_design/ip/top_design_axi_smc_1/bd_0/ip/ip_17/synth/bd_b6ca_wni_0.sv:53]
INFO: [Synth 8-6155] done synthesizing module 'i_nodes_imp_DAW2OK' (0#1) [/home/serg/Documents/Xilinx/z700_hdmi/HDMI_VIDEO/hdmi_video.gen/sources_1/bd/top_design/ip/top_design_axi_smc_1/bd_0/synth/bd_b6ca.v:1602]
INFO: [Synth 8-6157] synthesizing module 'bd_b6ca_rinsw_0' [/home/serg/Documents/Xilinx/z700_hdmi/HDMI_VIDEO/hdmi_video.gen/sources_1/bd/top_design/ip/top_design_axi_smc_1/bd_0/ip/ip_5/synth/bd_b6ca_rinsw_0.sv:53]
INFO: [Synth 8-6155] done synthesizing module 'bd_b6ca_rinsw_0' (0#1) [/home/serg/Documents/Xilinx/z700_hdmi/HDMI_VIDEO/hdmi_video.gen/sources_1/bd/top_design/ip/top_design_axi_smc_1/bd_0/ip/ip_5/synth/bd_b6ca_rinsw_0.sv:53]
INFO: [Synth 8-6157] synthesizing module 'bd_b6ca_routsw_0' [/home/serg/Documents/Xilinx/z700_hdmi/HDMI_VIDEO/hdmi_video.gen/sources_1/bd/top_design/ip/top_design_axi_smc_1/bd_0/ip/ip_10/synth/bd_b6ca_routsw_0.sv:53]
INFO: [Synth 8-6155] done synthesizing module 'bd_b6ca_routsw_0' (0#1) [/home/serg/Documents/Xilinx/z700_hdmi/HDMI_VIDEO/hdmi_video.gen/sources_1/bd/top_design/ip/top_design_axi_smc_1/bd_0/ip/ip_10/synth/bd_b6ca_routsw_0.sv:53]
INFO: [Synth 8-6157] synthesizing module 'bd_b6ca_winsw_0' [/home/serg/Documents/Xilinx/z700_hdmi/HDMI_VIDEO/hdmi_video.gen/sources_1/bd/top_design/ip/top_design_axi_smc_1/bd_0/ip/ip_7/synth/bd_b6ca_winsw_0.sv:53]
INFO: [Synth 8-6155] done synthesizing module 'bd_b6ca_winsw_0' (0#1) [/home/serg/Documents/Xilinx/z700_hdmi/HDMI_VIDEO/hdmi_video.gen/sources_1/bd/top_design/ip/top_design_axi_smc_1/bd_0/ip/ip_7/synth/bd_b6ca_winsw_0.sv:53]
INFO: [Synth 8-6157] synthesizing module 'bd_b6ca_woutsw_0' [/home/serg/Documents/Xilinx/z700_hdmi/HDMI_VIDEO/hdmi_video.gen/sources_1/bd/top_design/ip/top_design_axi_smc_1/bd_0/ip/ip_12/synth/bd_b6ca_woutsw_0.sv:53]
INFO: [Synth 8-6155] done synthesizing module 'bd_b6ca_woutsw_0' (0#1) [/home/serg/Documents/Xilinx/z700_hdmi/HDMI_VIDEO/hdmi_video.gen/sources_1/bd/top_design/ip/top_design_axi_smc_1/bd_0/ip/ip_12/synth/bd_b6ca_woutsw_0.sv:53]
INFO: [Synth 8-6155] done synthesizing module 'switchboards_imp_1TFRQGC' (0#1) [/home/serg/Documents/Xilinx/z700_hdmi/HDMI_VIDEO/hdmi_video.gen/sources_1/bd/top_design/ip/top_design_axi_smc_1/bd_0/synth/bd_b6ca.v:4114]
INFO: [Synth 8-6155] done synthesizing module 'bd_b6ca' (0#1) [/home/serg/Documents/Xilinx/z700_hdmi/HDMI_VIDEO/hdmi_video.gen/sources_1/bd/top_design/ip/top_design_axi_smc_1/bd_0/synth/bd_b6ca.v:10]
INFO: [Synth 8-6155] done synthesizing module 'top_design_axi_smc_1' (0#1) [/home/serg/Documents/Xilinx/z700_hdmi/HDMI_VIDEO/hdmi_video.gen/sources_1/bd/top_design/ip/top_design_axi_smc_1/synth/top_design_axi_smc_1.v:53]
WARNING: [Synth 8-3848] Net aresetn_out in module/entity clk_map_imp_1U2K3UI does not have driver. [/home/serg/Documents/Xilinx/z700_hdmi/HDMI_VIDEO/hdmi_video.gen/sources_1/bd/top_design/ip/top_design_axi_smc_1/bd_0/synth/bd_b6ca.v:1558]
WARNING: [Synth 8-6014] Unused sequential element dest_req_ext_ff_reg was removed.  [/tools/xilinx/2025.2/data/ip/xpm/xpm_cdc/hdl/xpm_cdc.sv:623]
WARNING: [Synth 8-6014] Unused sequential element dest_req_ext_ff_reg was removed.  [/tools/xilinx/2025.2/data/ip/xpm/xpm_cdc/hdl/xpm_cdc.sv:623]
INFO: [Synth 8-4490] FSM extraction disabled for register 'gen_AB_reg_slice.state_reg' through user attribute
WARNING: [Synth 8-6014] Unused sequential element dest_req_ext_ff_reg was removed.  [/tools/xilinx/2025.2/data/ip/xpm/xpm_cdc/hdl/xpm_cdc.sv:623]
WARNING: [Synth 8-6014] Unused sequential element dest_req_ext_ff_reg was removed.  [/tools/xilinx/2025.2/data/ip/xpm/xpm_cdc/hdl/xpm_cdc.sv:623]
WARNING: [Synth 8-6014] Unused sequential element dest_req_ext_ff_reg was removed.  [/tools/xilinx/2025.2/data/ip/xpm/xpm_cdc/hdl/xpm_cdc.sv:623]
INFO: [Synth 8-7129] Port aclk in module sc_util_v1_0_4_pipeline__parameterized4 is either unconnected or has no load
INFO: [Synth 8-7129] Port aclken in module sc_util_v1_0_4_pipeline__parameterized4 is either unconnected or has no load
INFO: [Synth 8-7129] Port areset in module sc_util_v1_0_4_pipeline__parameterized4 is either unconnected or has no load
INFO: [Synth 8-7129] Port aclk in module sc_util_v1_0_4_pipeline__parameterized0 is either unconnected or has no load
INFO: [Synth 8-7129] Port aclken in module sc_util_v1_0_4_pipeline__parameterized0 is either unconnected or has no load
INFO: [Synth 8-7129] Port areset in module sc_util_v1_0_4_pipeline__parameterized0 is either unconnected or has no load
INFO: [Synth 8-7129] Port din[0] in module sc_util_v1_0_4_onehot_to_binary__parameterized0 is either unconnected or has no load
INFO: [Synth 8-7129] Port connectivity[2] in module sc_switchboard_v1_0_9_top__parameterized6 is either unconnected or has no load
INFO: [Synth 8-7129] Port connectivity[1] in module sc_switchboard_v1_0_9_top__parameterized6 is either unconnected or has no load
INFO: [Synth 8-7129] Port connectivity[0] in module sc_switchboard_v1_0_9_top__parameterized6 is either unconnected or has no load
INFO: [Synth 8-7129] Port connectivity[0] in module sc_switchboard_v1_0_9_top__parameterized5 is either unconnected or has no load
INFO: [Synth 8-7129] Port aclk in module sc_util_v1_0_4_pipeline__parameterized3 is either unconnected or has no load
INFO: [Synth 8-7129] Port aclken in module sc_util_v1_0_4_pipeline__parameterized3 is either unconnected or has no load
INFO: [Synth 8-7129] Port areset in module sc_util_v1_0_4_pipeline__parameterized3 is either unconnected or has no load
INFO: [Synth 8-7129] Port aclk in module sc_util_v1_0_4_pipeline__parameterized11 is either unconnected or has no load
INFO: [Synth 8-7129] Port aclken in module sc_util_v1_0_4_pipeline__parameterized11 is either unconnected or has no load
INFO: [Synth 8-7129] Port areset in module sc_util_v1_0_4_pipeline__parameterized11 is either unconnected or has no load
INFO: [Synth 8-7129] Port din[0] in module sc_util_v1_0_4_onehot_to_binary__parameterized1 is either unconnected or has no load
INFO: [Synth 8-7129] Port connectivity[2] in module sc_switchboard_v1_0_9_top__parameterized4 is either unconnected or has no load
INFO: [Synth 8-7129] Port connectivity[1] in module sc_switchboard_v1_0_9_top__parameterized4 is either unconnected or has no load
INFO: [Synth 8-7129] Port connectivity[0] in module sc_switchboard_v1_0_9_top__parameterized4 is either unconnected or has no load
INFO: [Synth 8-7129] Port connectivity[0] in module sc_switchboard_v1_0_9_top__parameterized3 is either unconnected or has no load
INFO: [Synth 8-7129] Port din[0] in module sc_util_v1_0_4_onehot_to_binary is either unconnected or has no load
INFO: [Synth 8-7129] Port slow_clk in module sc_util_v1_0_4_sample_cycle_ratio is either unconnected or has no load
INFO: [Synth 8-7129] Port fast_clk in module sc_util_v1_0_4_sample_cycle_ratio is either unconnected or has no load
INFO: [Synth 8-7129] Port aclk in module sc_util_v1_0_4_pipeline__parameterized16 is either unconnected or has no load
INFO: [Synth 8-7129] Port aclken in module sc_util_v1_0_4_pipeline__parameterized16 is either unconnected or has no load
INFO: [Synth 8-7129] Port areset in module sc_util_v1_0_4_pipeline__parameterized16 is either unconnected or has no load
INFO: [Synth 8-7129] Port aclk in module sc_node_v1_0_19_reg_slice3__parameterized1 is either unconnected or has no load
INFO: [Synth 8-7129] Port aclken in module sc_node_v1_0_19_reg_slice3__parameterized1 is either unconnected or has no load
INFO: [Synth 8-7129] Port areset in module sc_node_v1_0_19_reg_slice3__parameterized1 is either unconnected or has no load
INFO: [Synth 8-7129] Port aclk in module sc_node_v1_0_19_si_handler__parameterized8 is either unconnected or has no load
INFO: [Synth 8-7129] Port aclken in module sc_node_v1_0_19_si_handler__parameterized8 is either unconnected or has no load
INFO: [Synth 8-7129] Port areset in module sc_node_v1_0_19_si_handler__parameterized8 is either unconnected or has no load
INFO: [Synth 8-7129] Port s_sc_req[0] in module sc_node_v1_0_19_si_handler__parameterized8 is either unconnected or has no load
INFO: [Synth 8-7129] Port s_sc_info[0] in module sc_node_v1_0_19_si_handler__parameterized8 is either unconnected or has no load
INFO: [Synth 8-7129] Port s_axis_arb_tvalid in module sc_node_v1_0_19_si_handler__parameterized8 is either unconnected or has no load
INFO: [Synth 8-7129] Port s_axis_arb_tdata[15] in module sc_node_v1_0_19_si_handler__parameterized8 is either unconnected or has no load
INFO: [Synth 8-7129] Port s_axis_arb_tdata[14] in module sc_node_v1_0_19_si_handler__parameterized8 is either unconnected or has no load
INFO: [Synth 8-7129] Port s_axis_arb_tdata[13] in module sc_node_v1_0_19_si_handler__parameterized8 is either unconnected or has no load
INFO: [Synth 8-7129] Port s_axis_arb_tdata[12] in module sc_node_v1_0_19_si_handler__parameterized8 is either unconnected or has no load
INFO: [Synth 8-7129] Port s_axis_arb_tdata[11] in module sc_node_v1_0_19_si_handler__parameterized8 is either unconnected or has no load
INFO: [Synth 8-7129] Port s_axis_arb_tdata[10] in module sc_node_v1_0_19_si_handler__parameterized8 is either unconnected or has no load
INFO: [Synth 8-7129] Port s_axis_arb_tdata[9] in module sc_node_v1_0_19_si_handler__parameterized8 is either unconnected or has no load
INFO: [Synth 8-7129] Port s_axis_arb_tdata[8] in module sc_node_v1_0_19_si_handler__parameterized8 is either unconnected or has no load
INFO: [Synth 8-7129] Port s_axis_arb_tdata[7] in module sc_node_v1_0_19_si_handler__parameterized8 is either unconnected or has no load
INFO: [Synth 8-7129] Port s_axis_arb_tdata[6] in module sc_node_v1_0_19_si_handler__parameterized8 is either unconnected or has no load
INFO: [Synth 8-7129] Port s_axis_arb_tdata[5] in module sc_node_v1_0_19_si_handler__parameterized8 is either unconnected or has no load
INFO: [Synth 8-7129] Port s_axis_arb_tdata[4] in module sc_node_v1_0_19_si_handler__parameterized8 is either unconnected or has no load
INFO: [Synth 8-7129] Port s_axis_arb_tdata[3] in module sc_node_v1_0_19_si_handler__parameterized8 is either unconnected or has no load
INFO: [Synth 8-7129] Port s_axis_arb_tdata[2] in module sc_node_v1_0_19_si_handler__parameterized8 is either unconnected or has no load
INFO: [Synth 8-7129] Port s_axis_arb_tdata[1] in module sc_node_v1_0_19_si_handler__parameterized8 is either unconnected or has no load
INFO: [Synth 8-7129] Port s_axis_arb_tdata[0] in module sc_node_v1_0_19_si_handler__parameterized8 is either unconnected or has no load
INFO: [Synth 8-7129] Port m_axis_arb_tready in module sc_node_v1_0_19_si_handler__parameterized8 is either unconnected or has no load
INFO: [Synth 8-7129] Port aclk in module sc_util_v1_0_4_axic_register_slice is either unconnected or has no load
INFO: [Synth 8-7129] Port areset in module sc_util_v1_0_4_axic_register_slice is either unconnected or has no load
INFO: [Synth 8-7129] Port aclken in module sc_util_v1_0_4_axic_register_slice is either unconnected or has no load
INFO: [Synth 8-7129] Port m_sc_aclken in module sc_node_v1_0_19_top__parameterized18 is either unconnected or has no load
INFO: [Synth 8-7129] Port din[0] in module sc_util_v1_0_4_onehot_to_binary__parameterized2 is either unconnected or has no load
INFO: [Synth 8-7129] Port aclk in module sc_util_v1_0_4_pipeline__parameterized13 is either unconnected or has no load
INFO: [Synth 8-7129] Port aclken in module sc_util_v1_0_4_pipeline__parameterized13 is either unconnected or has no load
INFO: [Synth 8-7129] Port areset in module sc_util_v1_0_4_pipeline__parameterized13 is either unconnected or has no load
INFO: [Synth 8-7129] Port s_sc_payld[54] in module sc_node_v1_0_19_ingress__parameterized7 is either unconnected or has no load
INFO: [Synth 8-7129] Port s_sc_payld[53] in module sc_node_v1_0_19_ingress__parameterized7 is either unconnected or has no load
INFO: [Synth 8-7129] Port aclk in module sc_util_v1_0_4_pipeline__parameterized15 is either unconnected or has no load
INFO: [Synth 8-7129] Port aclken in module sc_util_v1_0_4_pipeline__parameterized15 is either unconnected or has no load
INFO: [Synth 8-7129] Port areset in module sc_util_v1_0_4_pipeline__parameterized15 is either unconnected or has no load
INFO: [Synth 8-7129] Port aclk in module sc_node_v1_0_19_reg_slice3 is either unconnected or has no load
INFO: [Synth 8-7129] Port aclken in module sc_node_v1_0_19_reg_slice3 is either unconnected or has no load
INFO: [Synth 8-7129] Port areset in module sc_node_v1_0_19_reg_slice3 is either unconnected or has no load
INFO: [Synth 8-7129] Port areset in module sc_node_v1_0_19_fi_regulator is either unconnected or has no load
INFO: [Synth 8-7129] Port s_sc_info[2] in module sc_node_v1_0_19_si_handler__parameterized10 is either unconnected or has no load
INFO: [Synth 8-7129] Port s_sc_info[1] in module sc_node_v1_0_19_si_handler__parameterized10 is either unconnected or has no load
INFO: [Synth 8-7129] Port s_sc_info[0] in module sc_node_v1_0_19_si_handler__parameterized10 is either unconnected or has no load
INFO: [Synth 8-7129] Port s_axis_arb_tvalid in module sc_node_v1_0_19_si_handler__parameterized10 is either unconnected or has no load
INFO: [Synth 8-7129] Port s_axis_arb_tdata[15] in module sc_node_v1_0_19_si_handler__parameterized10 is either unconnected or has no load
INFO: [Synth 8-7129] Port s_axis_arb_tdata[14] in module sc_node_v1_0_19_si_handler__parameterized10 is either unconnected or has no load
INFO: [Synth 8-7129] Port s_axis_arb_tdata[13] in module sc_node_v1_0_19_si_handler__parameterized10 is either unconnected or has no load
INFO: [Synth 8-7129] Port s_axis_arb_tdata[12] in module sc_node_v1_0_19_si_handler__parameterized10 is either unconnected or has no load
INFO: [Synth 8-7129] Port s_axis_arb_tdata[11] in module sc_node_v1_0_19_si_handler__parameterized10 is either unconnected or has no load
INFO: [Synth 8-7129] Port s_axis_arb_tdata[10] in module sc_node_v1_0_19_si_handler__parameterized10 is either unconnected or has no load
INFO: [Synth 8-7129] Port s_axis_arb_tdata[9] in module sc_node_v1_0_19_si_handler__parameterized10 is either unconnected or has no load
INFO: [Synth 8-7129] Port s_axis_arb_tdata[8] in module sc_node_v1_0_19_si_handler__parameterized10 is either unconnected or has no load
INFO: [Synth 8-7129] Port s_axis_arb_tdata[7] in module sc_node_v1_0_19_si_handler__parameterized10 is either unconnected or has no load
INFO: [Synth 8-7129] Port s_axis_arb_tdata[6] in module sc_node_v1_0_19_si_handler__parameterized10 is either unconnected or has no load
INFO: [Synth 8-7129] Port s_axis_arb_tdata[5] in module sc_node_v1_0_19_si_handler__parameterized10 is either unconnected or has no load
INFO: [Synth 8-7129] Port s_axis_arb_tdata[4] in module sc_node_v1_0_19_si_handler__parameterized10 is either unconnected or has no load
INFO: [Synth 8-7129] Port s_axis_arb_tdata[3] in module sc_node_v1_0_19_si_handler__parameterized10 is either unconnected or has no load
INFO: [Synth 8-7129] Port s_axis_arb_tdata[2] in module sc_node_v1_0_19_si_handler__parameterized10 is either unconnected or has no load
INFO: [Synth 8-7129] Port s_axis_arb_tdata[1] in module sc_node_v1_0_19_si_handler__parameterized10 is either unconnected or has no load
INFO: [Synth 8-7129] Port s_axis_arb_tdata[0] in module sc_node_v1_0_19_si_handler__parameterized10 is either unconnected or has no load
INFO: [Synth 8-7129] Port m_axis_arb_tready in module sc_node_v1_0_19_si_handler__parameterized10 is either unconnected or has no load
INFO: [Synth 8-7129] Port m_sc_aclken in module sc_node_v1_0_19_top__parameterized17 is either unconnected or has no load
INFO: [Synth 8-7129] Port s_sc_payld[8] in module sc_node_v1_0_19_ingress__parameterized6 is either unconnected or has no load
INFO: [Synth 8-7129] Port s_sc_payld[7] in module sc_node_v1_0_19_ingress__parameterized6 is either unconnected or has no load
INFO: [Synth 8-7129] Port aclk in module sc_util_v1_0_4_pipeline__parameterized14 is either unconnected or has no load
INFO: [Synth 8-7129] Port aclken in module sc_util_v1_0_4_pipeline__parameterized14 is either unconnected or has no load
INFO: [Synth 8-7129] Port areset in module sc_util_v1_0_4_pipeline__parameterized14 is either unconnected or has no load
INFO: [Synth 8-7129] Port aclk in module sc_util_v1_0_4_pipeline__parameterized2 is either unconnected or has no load
INFO: [Synth 8-7129] Port aclken in module sc_util_v1_0_4_pipeline__parameterized2 is either unconnected or has no load
INFO: [Common 17-14] Message 'Synth 8-7129' appears 100 times and further instances of the messages will be disabled. Use the Tcl command set_msg_config to change the current settings.
---------------------------------------------------------------------------------
Finished RTL Elaboration : Time (s): cpu = 00:00:07 ; elapsed = 00:00:08 . Memory (MB): peak = 2550.102 ; gain = 766.242 ; free physical = 3330 ; free virtual = 19637
---------------------------------------------------------------------------------
---------------------------------------------------------------------------------
Start Handling Custom Attributes
---------------------------------------------------------------------------------
---------------------------------------------------------------------------------
Finished Handling Custom Attributes : Time (s): cpu = 00:00:07 ; elapsed = 00:00:08 . Memory (MB): peak = 2550.102 ; gain = 766.242 ; free physical = 3327 ; free virtual = 19636
---------------------------------------------------------------------------------
---------------------------------------------------------------------------------
Finished RTL Optimization Phase 1 : Time (s): cpu = 00:00:07 ; elapsed = 00:00:08 . Memory (MB): peak = 2550.102 ; gain = 766.242 ; free physical = 3327 ; free virtual = 19636
---------------------------------------------------------------------------------
Netlist sorting complete. Time (s): cpu = 00:00:00.66 ; elapsed = 00:00:00.66 . Memory (MB): peak = 2550.102 ; gain = 0.000 ; free physical = 3486 ; free virtual = 19793
INFO: [Netlist 29-17] Analyzing 3 Unisim elements for replacement
INFO: [Netlist 29-28] Unisim Transformation completed in 0 CPU seconds
INFO: [Project 1-570] Preparing netlist for logic optimization

Processing XDC Constraints
Initializing timing engine
Parsing XDC File [/home/serg/Documents/Xilinx/z700_hdmi/HDMI_VIDEO/hdmi_video.gen/sources_1/bd/top_design/ip/top_design_axi_smc_1/ooc.xdc] for cell 'inst'
Finished Parsing XDC File [/home/serg/Documents/Xilinx/z700_hdmi/HDMI_VIDEO/hdmi_video.gen/sources_1/bd/top_design/ip/top_design_axi_smc_1/ooc.xdc] for cell 'inst'
Parsing XDC File [/home/serg/Documents/Xilinx/z700_hdmi/HDMI_VIDEO/hdmi_video.gen/sources_1/bd/top_design/ip/top_design_axi_smc_1/bd_0/ip/ip_1/bd_b6ca_psr0_0_board.xdc] for cell 'inst/clk_map/psr0/U0'
Finished Parsing XDC File [/home/serg/Documents/Xilinx/z700_hdmi/HDMI_VIDEO/hdmi_video.gen/sources_1/bd/top_design/ip/top_design_axi_smc_1/bd_0/ip/ip_1/bd_b6ca_psr0_0_board.xdc] for cell 'inst/clk_map/psr0/U0'
Parsing XDC File [/home/serg/Documents/Xilinx/z700_hdmi/HDMI_VIDEO/hdmi_video.gen/sources_1/bd/top_design/ip/top_design_axi_smc_1/bd_0/ip/ip_2/bd_b6ca_psr_aclk_0_board.xdc] for cell 'inst/clk_map/psr_aclk/U0'
Finished Parsing XDC File [/home/serg/Documents/Xilinx/z700_hdmi/HDMI_VIDEO/hdmi_video.gen/sources_1/bd/top_design/ip/top_design_axi_smc_1/bd_0/ip/ip_2/bd_b6ca_psr_aclk_0_board.xdc] for cell 'inst/clk_map/psr_aclk/U0'
Parsing XDC File [/home/serg/Documents/Xilinx/z700_hdmi/HDMI_VIDEO/hdmi_video.gen/sources_1/bd/top_design/ip/top_design_axi_smc_1/bd_0/ip/ip_3/bd_b6ca_psr_aclk1_0_board.xdc] for cell 'inst/clk_map/psr_aclk1/U0'
Finished Parsing XDC File [/home/serg/Documents/Xilinx/z700_hdmi/HDMI_VIDEO/hdmi_video.gen/sources_1/bd/top_design/ip/top_design_axi_smc_1/bd_0/ip/ip_3/bd_b6ca_psr_aclk1_0_board.xdc] for cell 'inst/clk_map/psr_aclk1/U0'
Parsing XDC File [/home/serg/Documents/Xilinx/z700_hdmi/HDMI_VIDEO/hdmi_video.gen/sources_1/bd/top_design/ip/top_design_axi_smc_1/smartconnect.xdc] for cell 'inst'
Finished Parsing XDC File [/home/serg/Documents/Xilinx/z700_hdmi/HDMI_VIDEO/hdmi_video.gen/sources_1/bd/top_design/ip/top_design_axi_smc_1/smartconnect.xdc] for cell 'inst'
INFO: [Project 1-236] Implementation specific constraints were found while reading constraint file [/home/serg/Documents/Xilinx/z700_hdmi/HDMI_VIDEO/hdmi_video.gen/sources_1/bd/top_design/ip/top_design_axi_smc_1/smartconnect.xdc]. These constraints will be ignored for synthesis but will be used in implementation. Impacted constraints are listed in the file [.Xil/top_design_axi_smc_1_propImpl.xdc].
Resolution: To avoid this warning, move constraints listed in [.Xil/top_design_axi_smc_1_propImpl.xdc] to another XDC file and exclude this new file from synthesis with the used_in_synthesis property (File Properties dialog in GUI) and re-run elaboration/synthesis.
Parsing XDC File [/home/serg/Documents/Xilinx/z700_hdmi/HDMI_VIDEO/hdmi_video.runs/top_design_axi_smc_1_synth_1/dont_touch.xdc]
Finished Parsing XDC File [/home/serg/Documents/Xilinx/z700_hdmi/HDMI_VIDEO/hdmi_video.runs/top_design_axi_smc_1_synth_1/dont_touch.xdc]
INFO: [Project 1-236] Implementation specific constraints were found while reading constraint file [/tools/xilinx/2025.2/data/ip/xpm/xpm_cdc/tcl/xpm_cdc_handshake.tcl]. These constraints will be ignored for synthesis but will be used in implementation. Impacted constraints are listed in the file [.Xil/top_design_axi_smc_1_propImpl.xdc].
Resolution: To avoid this warning, move constraints listed in [.Xil/top_design_axi_smc_1_propImpl.xdc] to another XDC file and exclude this new file from synthesis with the used_in_synthesis property (File Properties dialog in GUI) and re-run elaboration/synthesis.
INFO: [Project 1-236] Implementation specific constraints were found while reading constraint file [/tools/xilinx/2025.2/data/ip/xpm/xpm_cdc/tcl/xpm_cdc_single.tcl]. These constraints will be ignored for synthesis but will be used in implementation. Impacted constraints are listed in the file [.Xil/top_design_axi_smc_1_propImpl.xdc].
Resolution: To avoid this warning, move constraints listed in [.Xil/top_design_axi_smc_1_propImpl.xdc] to another XDC file and exclude this new file from synthesis with the used_in_synthesis property (File Properties dialog in GUI) and re-run elaboration/synthesis.
INFO: [Project 1-1714] 83 XPM XDC files have been applied to the design.
Completed Processing XDC Constraints

Netlist sorting complete. Time (s): cpu = 00:00:00.01 ; elapsed = 00:00:00.01 . Memory (MB): peak = 2801.402 ; gain = 0.000 ; free physical = 2582 ; free virtual = 18886
INFO: [Project 1-111] Unisim Transformation Summary:
  A total of 3 instances were transformed.
  SRL16 => SRL16E: 3 instances

Constraint Validation Runtime : Time (s): cpu = 00:00:00.16 ; elapsed = 00:00:00.13 . Memory (MB): peak = 2801.438 ; gain = 0.000 ; free physical = 2531 ; free virtual = 18835
INFO: [Designutils 20-5008] Incremental synthesis strategy off
---------------------------------------------------------------------------------
Finished Constraint Validation : Time (s): cpu = 00:00:18 ; elapsed = 00:00:18 . Memory (MB): peak = 2801.438 ; gain = 1017.578 ; free physical = 8661 ; free virtual = 24985
---------------------------------------------------------------------------------
---------------------------------------------------------------------------------
Start Loading Part and Timing Information
---------------------------------------------------------------------------------
Loading part: xc7z020clg400-2
---------------------------------------------------------------------------------
Finished Loading Part and Timing Information : Time (s): cpu = 00:00:18 ; elapsed = 00:00:18 . Memory (MB): peak = 2809.406 ; gain = 1025.547 ; free physical = 8661 ; free virtual = 24984
---------------------------------------------------------------------------------
---------------------------------------------------------------------------------
Start Applying 'set_property' XDC Constraints
---------------------------------------------------------------------------------
---------------------------------------------------------------------------------
Finished applying 'set_property' XDC Constraints : Time (s): cpu = 00:00:18 ; elapsed = 00:00:18 . Memory (MB): peak = 2809.406 ; gain = 1025.547 ; free physical = 8661 ; free virtual = 24984
---------------------------------------------------------------------------------
INFO: [Synth 8-802] inferred FSM for state register 'wr_state_reg' in module 'sc_node_v1_0_19_reg_fifo_async'
INFO: [Synth 8-802] inferred FSM for state register 'rd_state_reg' in module 'sc_node_v1_0_19_reg_fifo_async'
INFO: [Synth 8-802] inferred FSM for state register 'wr_state_reg' in module 'sc_node_v1_0_19_reg_fifo_async__parameterized0'
INFO: [Synth 8-802] inferred FSM for state register 'rd_state_reg' in module 'sc_node_v1_0_19_reg_fifo_async__parameterized0'
INFO: [Synth 8-4490] FSM extraction disabled for register 'gen_AB_reg_slice.state_reg' through user attribute
INFO: [Synth 8-4490] FSM extraction disabled for register 'gen_AB_reg_slice.state_reg' through user attribute
INFO: [Synth 8-802] inferred FSM for state register 'wr_state_reg' in module 'sc_node_v1_0_19_reg_fifo_async__parameterized1'
INFO: [Synth 8-802] inferred FSM for state register 'rd_state_reg' in module 'sc_node_v1_0_19_reg_fifo_async__parameterized1'
INFO: [Synth 8-802] inferred FSM for state register 'wr_state_reg' in module 'sc_node_v1_0_19_reg_fifo_async__parameterized2'
INFO: [Synth 8-802] inferred FSM for state register 'rd_state_reg' in module 'sc_node_v1_0_19_reg_fifo_async__parameterized2'
INFO: [Synth 8-802] inferred FSM for state register 'wr_state_reg' in module 'sc_node_v1_0_19_reg_fifo_async__parameterized3'
INFO: [Synth 8-802] inferred FSM for state register 'rd_state_reg' in module 'sc_node_v1_0_19_reg_fifo_async__parameterized3'
INFO: [Synth 8-802] inferred FSM for state register 'gen_axi.gen_write.write_cs_reg' in module 'sc_mmu_v1_0_16_decerr_slave'
INFO: [Synth 8-802] inferred FSM for state register 'gen_endpoint.w_state_reg' in module 'sc_mmu_v1_0_16_top'
INFO: [Synth 8-802] inferred FSM for state register 'gen_endpoint.r_state_reg' in module 'sc_mmu_v1_0_16_top'
INFO: [Synth 8-802] inferred FSM for state register 'w_state_reg' in module 'sc_si_converter_v1_0_16_axilite_conv'
INFO: [Synth 8-802] inferred FSM for state register 'r_state_reg' in module 'sc_si_converter_v1_0_16_axilite_conv'
---------------------------------------------------------------------------------------------------
                   State |                     New Encoding |                Previous Encoding 
---------------------------------------------------------------------------------------------------
                  iSTATE |                             0001 |                              110
*
              SM_WR_IDLE |                             0010 |                              000
              SM_WR_FULL |                             0100 |                              011
              SM_WR_WAIT |                             1000 |                              010
---------------------------------------------------------------------------------------------------
INFO: [Synth 8-3354] encoded FSM with state register 'wr_state_reg' using encoding 'one-hot' in module 'sc_node_v1_0_19_reg_fifo_async'
---------------------------------------------------------------------------------------------------
                   State |                     New Encoding |                Previous Encoding 
---------------------------------------------------------------------------------------------------
              SM_RD_IDLE |                              001 |                               10
             SM_RD_VALID |                              010 |                               00
              SM_RD_WAIT |                              100 |                               11
---------------------------------------------------------------------------------------------------
INFO: [Synth 8-3354] encoded FSM with state register 'rd_state_reg' using encoding 'one-hot' in module 'sc_node_v1_0_19_reg_fifo_async'
---------------------------------------------------------------------------------------------------
                   State |                     New Encoding |                Previous Encoding 
---------------------------------------------------------------------------------------------------
                  iSTATE |                             0001 |                              110
*
              SM_WR_IDLE |                             0010 |                              000
              SM_WR_FULL |                             0100 |                              011
              SM_WR_WAIT |                             1000 |                              010
---------------------------------------------------------------------------------------------------
INFO: [Synth 8-3354] encoded FSM with state register 'wr_state_reg' using encoding 'one-hot' in module 'sc_node_v1_0_19_reg_fifo_async__parameterized0'
---------------------------------------------------------------------------------------------------
                   State |                     New Encoding |                Previous Encoding 
---------------------------------------------------------------------------------------------------
              SM_RD_IDLE |                              001 |                               10
             SM_RD_VALID |                              010 |                               00
              SM_RD_WAIT |                              100 |                               11
---------------------------------------------------------------------------------------------------
INFO: [Synth 8-3354] encoded FSM with state register 'rd_state_reg' using encoding 'one-hot' in module 'sc_node_v1_0_19_reg_fifo_async__parameterized0'
---------------------------------------------------------------------------------------------------
                   State |                     New Encoding |                Previous Encoding 
---------------------------------------------------------------------------------------------------
                  iSTATE |                             0001 |                              110
*
              SM_WR_IDLE |                             0010 |                              000
              SM_WR_FULL |                             0100 |                              011
              SM_WR_WAIT |                             1000 |                              010
---------------------------------------------------------------------------------------------------
INFO: [Synth 8-3354] encoded FSM with state register 'wr_state_reg' using encoding 'one-hot' in module 'sc_node_v1_0_19_reg_fifo_async__parameterized1'
---------------------------------------------------------------------------------------------------
                   State |                     New Encoding |                Previous Encoding 
---------------------------------------------------------------------------------------------------
              SM_RD_IDLE |                              001 |                               10
             SM_RD_VALID |                              010 |                               00
              SM_RD_WAIT |                              100 |                               11
---------------------------------------------------------------------------------------------------
INFO: [Synth 8-3354] encoded FSM with state register 'rd_state_reg' using encoding 'one-hot' in module 'sc_node_v1_0_19_reg_fifo_async__parameterized1'
---------------------------------------------------------------------------------------------------
                   State |                     New Encoding |                Previous Encoding 
---------------------------------------------------------------------------------------------------
                  iSTATE |                             0001 |                              110
*
              SM_WR_IDLE |                             0010 |                              000
              SM_WR_FULL |                             0100 |                              011
              SM_WR_WAIT |                             1000 |                              010
---------------------------------------------------------------------------------------------------
INFO: [Synth 8-3354] encoded FSM with state register 'wr_state_reg' using encoding 'one-hot' in module 'sc_node_v1_0_19_reg_fifo_async__parameterized2'
---------------------------------------------------------------------------------------------------
                   State |                     New Encoding |                Previous Encoding 
---------------------------------------------------------------------------------------------------
              SM_RD_IDLE |                              001 |                               10
             SM_RD_VALID |                              010 |                               00
              SM_RD_WAIT |                              100 |                               11
---------------------------------------------------------------------------------------------------
INFO: [Synth 8-3354] encoded FSM with state register 'rd_state_reg' using encoding 'one-hot' in module 'sc_node_v1_0_19_reg_fifo_async__parameterized2'
---------------------------------------------------------------------------------------------------
                   State |                     New Encoding |                Previous Encoding 
---------------------------------------------------------------------------------------------------
                  iSTATE |                             0001 |                              110
*
              SM_WR_IDLE |                             0010 |                              000
              SM_WR_FULL |                             0100 |                              011
              SM_WR_WAIT |                             1000 |                              010
---------------------------------------------------------------------------------------------------
INFO: [Synth 8-3354] encoded FSM with state register 'wr_state_reg' using encoding 'one-hot' in module 'sc_node_v1_0_19_reg_fifo_async__parameterized3'
---------------------------------------------------------------------------------------------------
                   State |                     New Encoding |                Previous Encoding 
---------------------------------------------------------------------------------------------------
              SM_RD_IDLE |                              001 |                               10
             SM_RD_VALID |                              010 |                               00
              SM_RD_WAIT |                              100 |                               11
---------------------------------------------------------------------------------------------------
INFO: [Synth 8-3354] encoded FSM with state register 'rd_state_reg' using encoding 'one-hot' in module 'sc_node_v1_0_19_reg_fifo_async__parameterized3'
---------------------------------------------------------------------------------------------------
                   State |                     New Encoding |                Previous Encoding 
---------------------------------------------------------------------------------------------------
            P_WRITE_IDLE |                              001 |                               00
            P_WRITE_DATA |                              010 |                               01
            P_WRITE_RESP |                              100 |                               10
---------------------------------------------------------------------------------------------------
INFO: [Synth 8-3354] encoded FSM with state register 'gen_axi.gen_write.write_cs_reg' using encoding 'one-hot' in module 'sc_mmu_v1_0_16_decerr_slave'
---------------------------------------------------------------------------------------------------
                   State |                     New Encoding |                Previous Encoding 
---------------------------------------------------------------------------------------------------
                  iSTATE |                               00 | 00000000000000000000000000000000
*
                 W_STALL |                               01 | 00000000000000000000000000000001
               W_PENDING |                               10 | 00000000000000000000000000000010
                W_DECERR |                               11 | 00000000000000000000000000000011
---------------------------------------------------------------------------------------------------
INFO: [Synth 8-3354] encoded FSM with state register 'gen_endpoint.w_state_reg' using encoding 'sequential' in module 'sc_mmu_v1_0_16_top'
---------------------------------------------------------------------------------------------------
                   State |                     New Encoding |                Previous Encoding 
---------------------------------------------------------------------------------------------------
                  iSTATE |                               00 | 00000000000000000000000000000000
*
                 R_STALL |                               01 | 00000000000000000000000000000001
               R_PENDING |                               10 | 00000000000000000000000000000010
                R_DECERR |                               11 | 00000000000000000000000000000011
---------------------------------------------------------------------------------------------------
INFO: [Synth 8-3354] encoded FSM with state register 'gen_endpoint.r_state_reg' using encoding 'sequential' in module 'sc_mmu_v1_0_16_top'
---------------------------------------------------------------------------------------------------
                   State |                     New Encoding |                Previous Encoding 
---------------------------------------------------------------------------------------------------
                  W_IDLE |                              000 | 00000000000000000000000000000000
                    W_RX |                              001 | 00000000000000000000000000000001
                    W_TX |                              010 | 00000000000000000000000000000010
              W_COMPLETE |                              011 | 00000000000000000000000000000100
               W_RECOVER |                              100 | 00000000000000000000000000000011
---------------------------------------------------------------------------------------------------
INFO: [Synth 8-3354] encoded FSM with state register 'w_state_reg' using encoding 'sequential' in module 'sc_si_converter_v1_0_16_axilite_conv'
---------------------------------------------------------------------------------------------------
                   State |                     New Encoding |                Previous Encoding 
---------------------------------------------------------------------------------------------------
                  R_IDLE |                             0001 | 00000000000000000000000000000000
               R_PENDING |                             0010 | 00000000000000000000000000000001
                    R_RX |                             0100 | 00000000000000000000000000000010
                    R_TX |                             1000 | 00000000000000000000000000000011
---------------------------------------------------------------------------------------------------
INFO: [Synth 8-3354] encoded FSM with state register 'r_state_reg' using encoding 'one-hot' in module 'sc_si_converter_v1_0_16_axilite_conv'
---------------------------------------------------------------------------------
Finished RTL Optimization Phase 2 : Time (s): cpu = 00:00:20 ; elapsed = 00:00:20 . Memory (MB): peak = 2809.406 ; gain = 1025.547 ; free physical = 8566 ; free virtual = 24884
---------------------------------------------------------------------------------
---------------------------------------------------------------------------------
Start RTL Component Statistics 
---------------------------------------------------------------------------------
---------------------------------------------------------------------------------
Finished RTL Component Statistics 
---------------------------------------------------------------------------------
---------------------------------------------------------------------------------
Start Part Resource Summary
---------------------------------------------------------------------------------
Part Resources:
DSPs: 220 (col length:60)
BRAMs: 280 (col length: RAMB18 60 RAMB36 30)
---------------------------------------------------------------------------------
Finished Part Resource Summary
---------------------------------------------------------------------------------
---------------------------------------------------------------------------------
Start Cross Boundary and Area Optimization
---------------------------------------------------------------------------------
WARNING: [Synth 8-3332] Sequential element (clk_map/psr0/U0/FDRE_inst) is unused and will be removed from module bd_b6ca.
WARNING: [Synth 8-3332] Sequential element (clk_map/psr0/U0/BSR_OUT_DFF[0].FDRE_BSR) is unused and will be removed from module bd_b6ca.
WARNING: [Synth 8-3332] Sequential element (clk_map/psr0/U0/PR_OUT_DFF[0].FDRE_PER) is unused and will be removed from module bd_b6ca.
WARNING: [Synth 8-3332] Sequential element (clk_map/psr0/U0/ACTIVE_LOW_PR_OUT_DFF[0].FDRE_PER_N) is unused and will be removed from module bd_b6ca.
WARNING: [Synth 8-3332] Sequential element (clk_map/psr_aclk/U0/FDRE_inst) is unused and will be removed from module bd_b6ca.
WARNING: [Synth 8-3332] Sequential element (clk_map/psr_aclk/U0/BSR_OUT_DFF[0].FDRE_BSR) is unused and will be removed from module bd_b6ca.
WARNING: [Synth 8-3332] Sequential element (clk_map/psr_aclk/U0/PR_OUT_DFF[0].FDRE_PER) is unused and will be removed from module bd_b6ca.
WARNING: [Synth 8-3332] Sequential element (clk_map/psr_aclk/U0/ACTIVE_LOW_PR_OUT_DFF[0].FDRE_PER_N) is unused and will be removed from module bd_b6ca.
WARNING: [Synth 8-3332] Sequential element (clk_map/psr_aclk1/U0/FDRE_inst) is unused and will be removed from module bd_b6ca.
WARNING: [Synth 8-3332] Sequential element (clk_map/psr_aclk1/U0/BSR_OUT_DFF[0].FDRE_BSR) is unused and will be removed from module bd_b6ca.
WARNING: [Synth 8-3332] Sequential element (clk_map/psr_aclk1/U0/PR_OUT_DFF[0].FDRE_PER) is unused and will be removed from module bd_b6ca.
WARNING: [Synth 8-3332] Sequential element (clk_map/psr_aclk1/U0/ACTIVE_LOW_PR_OUT_DFF[0].FDRE_PER_N) is unused and will be removed from module bd_b6ca.
---------------------------------------------------------------------------------
Finished Cross Boundary and Area Optimization : Time (s): cpu = 00:00:26 ; elapsed = 00:00:26 . Memory (MB): peak = 2809.406 ; gain = 1025.547 ; free physical = 10216 ; free virtual = 26686
---------------------------------------------------------------------------------
---------------------------------------------------------------------------------
Start Applying XDC Timing Constraints
---------------------------------------------------------------------------------
---------------------------------------------------------------------------------
Finished Applying XDC Timing Constraints : Time (s): cpu = 00:00:29 ; elapsed = 00:00:29 . Memory (MB): peak = 2809.406 ; gain = 1025.547 ; free physical = 10321 ; free virtual = 26647
---------------------------------------------------------------------------------
---------------------------------------------------------------------------------
Start Timing Optimization
---------------------------------------------------------------------------------
---------------------------------------------------------------------------------
Finished Timing Optimization : Time (s): cpu = 00:00:29 ; elapsed = 00:00:29 . Memory (MB): peak = 2809.406 ; gain = 1025.547 ; free physical = 10261 ; free virtual = 26587
---------------------------------------------------------------------------------
---------------------------------------------------------------------------------
Start Technology Mapping
---------------------------------------------------------------------------------
---------------------------------------------------------------------------------
Finished Technology Mapping : Time (s): cpu = 00:00:30 ; elapsed = 00:00:30 . Memory (MB): peak = 2809.406 ; gain = 1025.547 ; free physical = 10429 ; free virtual = 26911
---------------------------------------------------------------------------------
---------------------------------------------------------------------------------
Start IO Insertion
---------------------------------------------------------------------------------
---------------------------------------------------------------------------------
Start Flattening Before IO Insertion
---------------------------------------------------------------------------------
---------------------------------------------------------------------------------
Finished Flattening Before IO Insertion
---------------------------------------------------------------------------------
---------------------------------------------------------------------------------
Start Final Netlist Cleanup
---------------------------------------------------------------------------------
---------------------------------------------------------------------------------
Finished Final Netlist Cleanup
---------------------------------------------------------------------------------
---------------------------------------------------------------------------------
Finished IO Insertion : Time (s): cpu = 00:00:31 ; elapsed = 00:00:32 . Memory (MB): peak = 2875.219 ; gain = 1091.359 ; free physical = 10548 ; free virtual = 26875
---------------------------------------------------------------------------------
---------------------------------------------------------------------------------
Start Renaming Generated Instances
---------------------------------------------------------------------------------
---------------------------------------------------------------------------------
Finished Renaming Generated Instances : Time (s): cpu = 00:00:31 ; elapsed = 00:00:32 . Memory (MB): peak = 2875.219 ; gain = 1091.359 ; free physical = 10548 ; free virtual = 26875
---------------------------------------------------------------------------------
---------------------------------------------------------------------------------
Start Rebuilding User Hierarchy
---------------------------------------------------------------------------------
---------------------------------------------------------------------------------
Finished Rebuilding User Hierarchy : Time (s): cpu = 00:00:32 ; elapsed = 00:00:32 . Memory (MB): peak = 2875.219 ; gain = 1091.359 ; free physical = 10555 ; free virtual = 26883
---------------------------------------------------------------------------------
---------------------------------------------------------------------------------
Start Renaming Generated Ports
---------------------------------------------------------------------------------
---------------------------------------------------------------------------------
Finished Renaming Generated Ports : Time (s): cpu = 00:00:32 ; elapsed = 00:00:32 . Memory (MB): peak = 2875.219 ; gain = 1091.359 ; free physical = 10555 ; free virtual = 26883
---------------------------------------------------------------------------------
---------------------------------------------------------------------------------
Start Handling Custom Attributes
---------------------------------------------------------------------------------
---------------------------------------------------------------------------------
Finished Handling Custom Attributes : Time (s): cpu = 00:00:32 ; elapsed = 00:00:32 . Memory (MB): peak = 2875.219 ; gain = 1091.359 ; free physical = 10555 ; free virtual = 26883
---------------------------------------------------------------------------------
---------------------------------------------------------------------------------
Start Renaming Generated Nets
---------------------------------------------------------------------------------
---------------------------------------------------------------------------------
Finished Renaming Generated Nets : Time (s): cpu = 00:00:32 ; elapsed = 00:00:32 . Memory (MB): peak = 2875.219 ; gain = 1091.359 ; free physical = 10555 ; free virtual = 26883
---------------------------------------------------------------------------------
---------------------------------------------------------------------------------
Start Writing Synthesis Report
---------------------------------------------------------------------------------

Report BlackBoxes: 
+-+--------------+----------+
| |BlackBox name |Instances |
+-+--------------+----------+
+-+--------------+----------+

Report Cell Usage: 
+------+-------+------+
|      |Cell   |Count |
+------+-------+------+
|1     |CARRY4 |    11|
|2     |LUT1   |   174|
|3     |LUT2   |   162|
|4     |LUT3   |   277|
|5     |LUT4   |   135|
|6     |LUT5   |   174|
|7     |LUT6   |   215|
|8     |SRL16  |     3|
|9     |FDCE   |   168|
|10    |FDRE   |  1856|
|11    |FDSE   |    62|
+------+-------+------+
---------------------------------------------------------------------------------
Finished Writing Synthesis Report : Time (s): cpu = 00:00:32 ; elapsed = 00:00:32 . Memory (MB): peak = 2875.219 ; gain = 1091.359 ; free physical = 10555 ; free virtual = 26883
---------------------------------------------------------------------------------
Synthesis finished with 0 errors, 0 critical warnings and 12 warnings.
Synthesis Optimization Runtime : Time (s): cpu = 00:00:25 ; elapsed = 00:00:26 . Memory (MB): peak = 2875.219 ; gain = 840.023 ; free physical = 10565 ; free virtual = 26893
Synthesis Optimization Complete : Time (s): cpu = 00:00:32 ; elapsed = 00:00:32 . Memory (MB): peak = 2875.227 ; gain = 1091.359 ; free physical = 10572 ; free virtual = 26900
INFO: [Project 1-571] Translating synthesized netlist
Netlist sorting complete. Time (s): cpu = 00:00:00.1 ; elapsed = 00:00:00.1 . Memory (MB): peak = 2875.227 ; gain = 0.000 ; free physical = 10738 ; free virtual = 27064
INFO: [Netlist 29-17] Analyzing 14 Unisim elements for replacement
INFO: [Netlist 29-28] Unisim Transformation completed in 0 CPU seconds
INFO: [Project 1-570] Preparing netlist for logic optimization
INFO: [Opt 31-138] Pushed 0 inverter(s) to 0 load pin(s).
Netlist sorting complete. Time (s): cpu = 00:00:00 ; elapsed = 00:00:00 . Memory (MB): peak = 2931.246 ; gain = 0.000 ; free physical = 10763 ; free virtual = 27090
INFO: [Project 1-111] Unisim Transformation Summary:
  A total of 3 instances were transformed.
  SRL16 => SRL16E: 3 instances

Synth Design complete | Checksum: ce142dc7
INFO: [Common 17-83] Releasing license: Synthesis
317 Infos, 33 Warnings, 0 Critical Warnings and 0 Errors encountered.
synth_design completed successfully
synth_design: Time (s): cpu = 00:00:37 ; elapsed = 00:00:36 . Memory (MB): peak = 2931.281 ; gain = 1321.250 ; free physical = 10763 ; free virtual = 27090
INFO: [Common 17-2834] synth_design peak Physical Memory [PSS] (MB): overall = 2047.337; main = 1945.243; forked = 252.901
INFO: [Common 17-2834] synth_design peak Virtual Memory [VSS] (MB): overall = 3803.629; main = 2931.250; forked = 994.219
Write ShapeDB Complete: Time (s): cpu = 00:00:00.01 ; elapsed = 00:00:00 . Memory (MB): peak = 2955.258 ; gain = 0.000 ; free physical = 10755 ; free virtual = 27082
INFO: [Common 17-1381] The checkpoint '/home/serg/Documents/Xilinx/z700_hdmi/HDMI_VIDEO/hdmi_video.runs/top_design_axi_smc_1_synth_1/top_design_axi_smc_1.dcp' has been generated.
INFO: [Coretcl 2-1648] Added synthesis output to IP cache for IP top_design_axi_smc_1, cache-ID = c934d954f0ef6ac6
INFO: [Coretcl 2-1174] Renamed 280 cell refs.
Write ShapeDB Complete: Time (s): cpu = 00:00:00.01 ; elapsed = 00:00:00.01 . Memory (MB): peak = 2955.258 ; gain = 0.000 ; free physical = 10662 ; free virtual = 27001
INFO: [Common 17-1381] The checkpoint '/home/serg/Documents/Xilinx/z700_hdmi/HDMI_VIDEO/hdmi_video.runs/top_design_axi_smc_1_synth_1/top_design_axi_smc_1.dcp' has been generated.
INFO: [Vivado 12-24828] Executing command : report_utilization -file top_design_axi_smc_1_utilization_synth.rpt -pb top_design_axi_smc_1_utilization_synth.pb
INFO: [Common 17-206] Exiting Vivado at Thu Feb 19 12:16:27 2026...
