

================================================================
== Vitis HLS Report for 'v_mix_upsample_true_s'
================================================================
* Date:           Thu Mar  5 21:15:28 2026

* Version:        2025.2 (Build 6295257 on Nov 14 2025)
* Project:        prj
* Solution:       sol (Vivado IP Flow Target)
* Product family: zynq
* Target device:  xc7z020-clg400-2


================================================================
== Performance Estimates
================================================================
+ Timing: 
    * Summary: 
    +--------+---------+----------+------------+
    |  Clock |  Target | Estimated| Uncertainty|
    +--------+---------+----------+------------+
    |ap_clk  |  6.67 ns|  4.445 ns|     1.80 ns|
    +--------+---------+----------+------------+

+ Latency: 
    * Summary: 
    +---------+----------+-----------+-----------+-----+----------+---------+
    |  Latency (cycles)  |   Latency (absolute)  |    Interval    | Pipeline|
    |   min   |    max   |    min    |    max    | min |    max   |   Type  |
    +---------+----------+-----------+-----------+-----+----------+---------+
    |        2|  33203522|  13.334 ns|  0.221 sec|    2|  33203522|       no|
    +---------+----------+-----------+-----------+-----+----------+---------+

    + Detail: 
        * Instance: 
        +---------------------------------------------------------+-----------------------------------------------+---------+---------+-----------+-----------+-----+-----+-------------------+
        |                                                         |                                               |  Latency (cycles) |   Latency (absolute)  |  Interval |      Pipeline     |
        |                         Instance                        |                     Module                    |   min   |   max   |    min    |    max    | min | max |        Type       |
        +---------------------------------------------------------+-----------------------------------------------+---------+---------+-----------+-----------+-----+-----+-------------------+
        |grp_v_mix_upsample_true_Pipeline_VITIS_LOOP_140_2_fu_86  |v_mix_upsample_true_Pipeline_VITIS_LOOP_140_2  |        2|     7684|  13.334 ns|  51.229 us|    0|    0|  loop pipeline stp|
        +---------------------------------------------------------+-----------------------------------------------+---------+---------+-----------+-----------+-----+-----+-------------------+

        * Loop: 
        +--------------------+---------+----------+----------+-----------+-----------+----------+----------+
        |                    |  Latency (cycles)  | Iteration|  Initiation Interval  |   Trip   |          |
        |      Loop Name     |   min   |    max   |  Latency |  achieved |   target  |   Count  | Pipelined|
        +--------------------+---------+----------+----------+-----------+-----------+----------+----------+
        |- VITIS_LOOP_136_1  |        0|  33203520|  4 ~ 7686|          -|          -|  0 ~ 4320|        no|
        +--------------------+---------+----------+----------+-----------+-----------+----------+----------+



================================================================
== Utilization Estimates
================================================================
* Summary: 
+-----------------+---------+-----+--------+-------+-----+
|       Name      | BRAM_18K| DSP |   FF   |  LUT  | URAM|
+-----------------+---------+-----+--------+-------+-----+
|DSP              |        -|    -|       -|      -|    -|
|Expression       |        -|    -|       0|     98|    -|
|FIFO             |        -|    -|       -|      -|    -|
|Instance         |        6|    -|     314|    266|    0|
|Memory           |        -|    -|       -|      -|    -|
|Multiplexer      |        -|    -|       0|     39|    -|
|Register         |        -|    -|      73|      -|    -|
+-----------------+---------+-----+--------+-------+-----+
|Total            |        6|    0|     387|    403|    0|
+-----------------+---------+-----+--------+-------+-----+
|Available        |      280|  220|  106400|  53200|    0|
+-----------------+---------+-----+--------+-------+-----+
|Utilization (%)  |        2|    0|      ~0|     ~0|    0|
+-----------------+---------+-----+--------+-------+-----+

+ Detail: 
    * Instance: 
    +---------------------------------------------------------+-----------------------------------------------+---------+----+-----+-----+-----+
    |                         Instance                        |                     Module                    | BRAM_18K| DSP|  FF | LUT | URAM|
    +---------------------------------------------------------+-----------------------------------------------+---------+----+-----+-----+-----+
    |grp_v_mix_upsample_true_Pipeline_VITIS_LOOP_140_2_fu_86  |v_mix_upsample_true_Pipeline_VITIS_LOOP_140_2  |        6|   0|  314|  266|    0|
    +---------------------------------------------------------+-----------------------------------------------+---------+----+-----+-----+-----+
    |Total                                                    |                                               |        6|   0|  314|  266|    0|
    +---------------------------------------------------------+-----------------------------------------------+---------+----+-----+-----+-----+

    * DSP: 
    N/A

    * Memory: 
    N/A

    * FIFO: 
    N/A

    * Expression: 
    +----------------------+----------+----+---+----+------------+------------+
    |     Variable Name    | Operation| DSP| FF| LUT| Bitwidth P0| Bitwidth P1|
    +----------------------+----------+----+---+----+------------+------------+
    |add_ln138_fu_123_p2   |         +|   0|  0|   3|           2|           2|
    |y_8_fu_151_p2         |         +|   0|  0|  13|          13|           1|
    |and_ln138_fu_161_p2   |       and|   0|  0|   2|           2|           2|
    |bReadLine_fu_166_p2   |      icmp|   0|  0|   3|           2|           1|
    |icmp_ln136_fu_146_p2  |      icmp|   0|  0|  13|          13|          13|
    |ap_block_state1       |        or|   0|  0|   1|           1|           1|
    |shl_ln136_fu_113_p2   |       shl|   0|  0|  28|          13|          13|
    |shl_ln140_fu_132_p2   |       shl|   0|  0|  28|          13|          13|
    |upfactor_fu_104_p2    |       shl|   0|  0|   7|           1|           3|
    +----------------------+----------+----+---+----+------------+------------+
    |Total                 |          |   0|  0|  98|          60|          49|
    +----------------------+----------+----+---+----+------------+------------+

    * Multiplexer: 
    +-----------+----+-----------+-----+-----------+
    |    Name   | LUT| Input Size| Bits| Total Bits|
    +-----------+----+-----------+-----+-----------+
    |ap_NS_fsm  |  21|          5|    1|          5|
    |ap_done    |   9|          2|    1|          2|
    |y_fu_58    |   9|          2|   13|         26|
    +-----------+----+-----------+-----+-----------+
    |Total      |  39|          9|   15|         33|
    +-----------+----+-----------+-----+-----------+

    * Register: 
    +----------------------------------------------------------------------+----+----+-----+-----------+
    |                                 Name                                 | FF | LUT| Bits| Const Bits|
    +----------------------------------------------------------------------+----+----+-----+-----------+
    |HwReg_layerEnableFlag_1_val_read_reg_195                              |   1|   0|    1|          0|
    |HwReg_layerHeight_1_val_read_reg_190                                  |  11|   0|   11|          0|
    |HwReg_layerScaleFactor_1_val21_read_reg_178                           |   2|   0|    2|          0|
    |HwReg_layerWidth_1_val_read_reg_185                                   |  11|   0|   11|          0|
    |add_ln138_reg_211                                                     |   2|   0|    2|          0|
    |ap_CS_fsm                                                             |   4|   0|    4|          0|
    |ap_done_reg                                                           |   1|   0|    1|          0|
    |bReadLine_reg_225                                                     |   1|   0|    1|          0|
    |grp_v_mix_upsample_true_Pipeline_VITIS_LOOP_140_2_fu_86_ap_start_reg  |   1|   0|    1|          0|
    |shl_ln136_reg_206                                                     |  13|   0|   13|          0|
    |shl_ln140_reg_217                                                     |  13|   0|   13|          0|
    |y_fu_58                                                               |  13|   0|   13|          0|
    +----------------------------------------------------------------------+----+----+-----+-----------+
    |Total                                                                 |  73|   0|   73|          0|
    +----------------------------------------------------------------------+----+----+-----+-----------+



================================================================
== Interface
================================================================
* Summary: 
+--------------------------------+-----+-----+------------+--------------------------------+--------------+
|            RTL Ports           | Dir | Bits|  Protocol  |          Source Object         |    C Type    |
+--------------------------------+-----+-----+------------+--------------------------------+--------------+
|ap_clk                          |   in|    1|  ap_ctrl_hs|            v_mix_upsample<true>|  return value|
|ap_rst                          |   in|    1|  ap_ctrl_hs|            v_mix_upsample<true>|  return value|
|ap_start                        |   in|    1|  ap_ctrl_hs|            v_mix_upsample<true>|  return value|
|ap_done                         |  out|    1|  ap_ctrl_hs|            v_mix_upsample<true>|  return value|
|ap_continue                     |   in|    1|  ap_ctrl_hs|            v_mix_upsample<true>|  return value|
|ap_idle                         |  out|    1|  ap_ctrl_hs|            v_mix_upsample<true>|  return value|
|ap_ready                        |  out|    1|  ap_ctrl_hs|            v_mix_upsample<true>|  return value|
|srcLayer1Rgb_dout               |   in|   24|     ap_fifo|                    srcLayer1Rgb|       pointer|
|srcLayer1Rgb_empty_n            |   in|    1|     ap_fifo|                    srcLayer1Rgb|       pointer|
|srcLayer1Rgb_read               |  out|    1|     ap_fifo|                    srcLayer1Rgb|       pointer|
|srcLayer1Rgb_num_data_valid     |   in|    3|     ap_fifo|                    srcLayer1Rgb|       pointer|
|srcLayer1Rgb_fifo_cap           |   in|    3|     ap_fifo|                    srcLayer1Rgb|       pointer|
|HwReg_layerHeight_1_val         |   in|   11|   ap_stable|         HwReg_layerHeight_1_val|        scalar|
|HwReg_layerWidth_1_val          |   in|   11|   ap_stable|          HwReg_layerWidth_1_val|        scalar|
|HwReg_layerEnableFlag_1_val     |   in|    1|   ap_stable|     HwReg_layerEnableFlag_1_val|        scalar|
|HwReg_layerScaleFactor_1_val21  |   in|    2|   ap_stable|  HwReg_layerScaleFactor_1_val21|        scalar|
|srcLayer1x_din                  |  out|   24|     ap_fifo|                      srcLayer1x|       pointer|
|srcLayer1x_full_n               |   in|    1|     ap_fifo|                      srcLayer1x|       pointer|
|srcLayer1x_write                |  out|    1|     ap_fifo|                      srcLayer1x|       pointer|
|srcLayer1x_num_data_valid       |   in|    3|     ap_fifo|                      srcLayer1x|       pointer|
|srcLayer1x_fifo_cap             |   in|    3|     ap_fifo|                      srcLayer1x|       pointer|
+--------------------------------+-----+-----+------------+--------------------------------+--------------+

