

================================================================
== Vitis HLS Report for 'v_mix_upsample_alpha_true_Pipeline_VITIS_LOOP_236_2'
================================================================
* Date:           Thu Mar  5 21:15:28 2026

* Version:        2025.2 (Build 6295257 on Nov 14 2025)
* Project:        prj
* Solution:       sol (Vivado IP Flow Target)
* Product family: zynq
* Target device:  xc7z020-clg400-2


================================================================
== Performance Estimates
================================================================
+ Timing: 
    * Summary: 
    +--------+---------+----------+------------+
    |  Clock |  Target | Estimated| Uncertainty|
    +--------+---------+----------+------------+
    |ap_clk  |  6.67 ns|  4.419 ns|     1.80 ns|
    +--------+---------+----------+------------+

+ Latency: 
    * Summary: 
    +---------+---------+-----------+----------+-----+-----+-------------------+
    |  Latency (cycles) |  Latency (absolute)  |  Interval |      Pipeline     |
    |   min   |   max   |    min    |    max   | min | max |        Type       |
    +---------+---------+-----------+----------+-----+-----+-------------------+
    |        2|   262144|  13.334 ns|  1.748 ms|    0|    0|  loop pipeline stp|
    +---------+---------+-----------+----------+-----+-----+-------------------+

    + Detail: 
        * Instance: 
        +--------------------------------+---------------------+---------+---------+----------+----------+-----+-----+---------+
        |                                |                     |  Latency (cycles) |  Latency (absolute) |  Interval | Pipeline|
        |            Instance            |        Module       |   min   |   max   |    min   |    max   | min | max |   Type  |
        +--------------------------------+---------------------+---------+---------+----------+----------+-----+-----+---------+
        |grp_reg_unsigned_char_s_fu_234  |reg_unsigned_char_s  |        1|        1|  6.667 ns|  6.667 ns|    1|    1|      yes|
        +--------------------------------+---------------------+---------+---------+----------+----------+-----+-----+---------+

        * Loop: 
        +--------------------+---------+---------+----------+-----------+-----------+------------+----------+
        |                    |  Latency (cycles) | Iteration|  Initiation Interval  |    Trip    |          |
        |      Loop Name     |   min   |   max   |  Latency |  achieved |   target  |    Count   | Pipelined|
        +--------------------+---------+---------+----------+-----------+-----------+------------+----------+
        |- VITIS_LOOP_236_2  |        0|   262142|         4|          1|          1|  0 ~ 262140|       yes|
        +--------------------+---------+---------+----------+-----------+-----------+------------+----------+



================================================================
== Utilization Estimates
================================================================
* Summary: 
+-----------------+---------+-----+--------+-------+-----+
|       Name      | BRAM_18K| DSP |   FF   |  LUT  | URAM|
+-----------------+---------+-----+--------+-------+-----+
|DSP              |        -|    -|       -|      -|    -|
|Expression       |        -|    -|       0|     92|    -|
|FIFO             |        -|    -|       -|      -|    -|
|Instance         |        -|    -|      10|      2|    -|
|Memory           |        2|    -|       0|      0|    0|
|Multiplexer      |        -|    -|       0|     81|    -|
|Register         |        -|    -|     211|     64|    -|
+-----------------+---------+-----+--------+-------+-----+
|Total            |        2|    0|     221|    239|    0|
+-----------------+---------+-----+--------+-------+-----+
|Available        |      280|  220|  106400|  53200|    0|
+-----------------+---------+-----+--------+-------+-----+
|Utilization (%)  |       ~0|    0|      ~0|     ~0|    0|
+-----------------+---------+-----+--------+-------+-----+

+ Detail: 
    * Instance: 
    +--------------------------------+---------------------+---------+----+----+----+-----+
    |            Instance            |        Module       | BRAM_18K| DSP| FF | LUT| URAM|
    +--------------------------------+---------------------+---------+----+----+----+-----+
    |grp_reg_unsigned_char_s_fu_234  |reg_unsigned_char_s  |        0|   0|  10|   2|    0|
    +--------------------------------+---------------------+---------+----+----+----+-----+
    |Total                           |                     |        0|   0|  10|   2|    0|
    +--------------------------------+---------------------+---------+----+----+----+-----+

    * DSP: 
    N/A

    * Memory: 
    +-----------+---------------------------------------------------------------------------+---------+---+----+-----+------+-----+------+-------------+
    |   Memory  |                                   Module                                  | BRAM_18K| FF| LUT| URAM| Words| Bits| Banks| W*Bits*Banks|
    +-----------+---------------------------------------------------------------------------+---------+---+----+-----+------+-----+------+-------------+
    |lineBuf_U  |v_mix_upsample_alpha_true_Pipeline_VITIS_LOOP_236_2_lineBuf_RAM_AUTO_1R1W  |        2|  0|   0|    0|  4096|    8|     1|        32768|
    +-----------+---------------------------------------------------------------------------+---------+---+----+-----+------+-----+------+-------------+
    |Total      |                                                                           |        2|  0|   0|    0|  4096|    8|     1|        32768|
    +-----------+---------------------------------------------------------------------------+---------+---+----+-----+------+-----+------+-------------+

    * FIFO: 
    N/A

    * Expression: 
    +------------------------------------------+----------+----+---+----+------------+------------+
    |               Variable Name              | Operation| DSP| FF| LUT| Bitwidth P0| Bitwidth P1|
    +------------------------------------------+----------+----+---+----+------------+------------+
    |add_ln240_fu_195_p2                       |         +|   0|  0|   3|           2|           1|
    |x_6_fu_185_p2                             |         +|   0|  0|  16|          16|           1|
    |and_ln240_fu_201_p2                       |       and|   0|  0|   2|           2|           2|
    |ap_block_pp0                              |       and|   0|  0|   1|           1|           1|
    |ap_block_state2_pp0_stage0_iter1          |       and|   0|  0|   1|           1|           1|
    |ap_block_state4_pp0_stage0_iter3          |       and|   0|  0|   1|           1|           1|
    |ap_condition_178                          |       and|   0|  0|   1|           1|           1|
    |ap_enable_state2_pp0_iter1_stage0         |       and|   0|  0|   1|           1|           1|
    |ap_enable_state3_pp0_iter2_stage0         |       and|   0|  0|   1|           1|           1|
    |ap_predicate_op39_read_state2             |       and|   0|  0|   1|           1|           1|
    |ap_predicate_op42_load_state2             |       and|   0|  0|   1|           1|           1|
    |ap_predicate_op45_store_state3            |       and|   0|  0|   1|           1|           1|
    |ap_predicate_op46_load_state3             |       and|   0|  0|   1|           1|           1|
    |icmp_ln236_1_fu_213_p2                    |      icmp|   0|  0|   3|           2|           1|
    |icmp_ln236_fu_179_p2                      |      icmp|   0|  0|  18|          18|          18|
    |grp_fu_153_p2                             |      lshr|   0|  0|  35|          16|          16|
    |ap_block_pp0_stage0_01001                 |        or|   0|  0|   1|           1|           1|
    |ap_block_pp0_stage0_11001_ignoreCallOp48  |        or|   0|  0|   1|           1|           1|
    |or_ln242_fu_207_p2                        |        or|   0|  0|   1|           1|           1|
    |ap_enable_pp0                             |       xor|   0|  0|   2|           1|           2|
    +------------------------------------------+----------+----+---+----+------------+------------+
    |Total                                     |          |   0|  0|  92|          70|          54|
    +------------------------------------------+----------+----+---+----+------------+------------+

    * Multiplexer: 
    +------------------------------------+----+-----------+-----+-----------+
    |                Name                | LUT| Input Size| Bits| Total Bits|
    +------------------------------------+----+-----------+-----+-----------+
    |ap_done_int                         |   9|          2|    1|          2|
    |ap_enable_reg_pp0_iter1             |   9|          2|    1|          2|
    |ap_phi_mux_empty_phi_fu_145_p4      |   9|          2|    8|         16|
    |ap_phi_mux_phi_ln242_phi_fu_135_p4  |   9|          2|    1|          2|
    |ap_phi_reg_pp0_iter2_empty_reg_142  |   9|          2|    8|         16|
    |ap_sig_allocacmp_x_5                |   9|          2|   16|         32|
    |srcLayer1Alpha_blk_n                |   9|          2|    1|          2|
    |srcLayer1Alphax_blk_n               |   9|          2|    1|          2|
    |x_fu_64                             |   9|          2|   16|         32|
    +------------------------------------+----+-----------+-----+-----------+
    |Total                               |  81|         18|   53|        106|
    +------------------------------------+----+-----------+-----+-----------+

    * Register: 
    +---------------------------------------------+----+----+-----+-----------+
    |                     Name                    | FF | LUT| Bits| Const Bits|
    +---------------------------------------------+----+----+-----+-----------+
    |InPix_reg_261                                |   8|   0|    8|          0|
    |ap_CS_fsm                                    |   1|   0|    1|          0|
    |ap_done_reg                                  |   1|   0|    1|          0|
    |ap_enable_reg_pp0_iter1                      |   1|   0|    1|          0|
    |ap_enable_reg_pp0_iter2                      |   1|   0|    1|          0|
    |ap_enable_reg_pp0_iter3                      |   1|   0|    1|          0|
    |ap_loop_exit_ready_pp0_iter1_reg             |   1|   0|    1|          0|
    |ap_loop_exit_ready_pp0_iter2_reg             |   1|   0|    1|          0|
    |ap_phi_reg_pp0_iter1_empty_reg_142           |   8|   0|    8|          0|
    |ap_phi_reg_pp0_iter2_empty_reg_142           |   8|   0|    8|          0|
    |grp_reg_unsigned_char_s_fu_234_ap_start_reg  |   1|   0|    1|          0|
    |icmp_ln236_reg_248                           |   1|   0|    1|          0|
    |or_ln242_reg_252                             |   1|   0|    1|          0|
    |phi_ln242_reg_132                            |   1|   0|    1|          0|
    |reg_157                                      |  16|   0|   16|          0|
    |reg_157_pp0_iter1_reg                        |  16|   0|   16|          0|
    |x_fu_64                                      |  16|   0|   16|          0|
    |icmp_ln236_reg_248                           |  64|  32|    1|          0|
    |or_ln242_reg_252                             |  64|  32|    1|          0|
    +---------------------------------------------+----+----+-----+-----------+
    |Total                                        | 211|  64|   85|          0|
    +---------------------------------------------+----+----+-----+-----------+



================================================================
== Interface
================================================================
* Summary: 
+--------------------------------+-----+-----+------------+------------------------------------------------------+--------------+
|            RTL Ports           | Dir | Bits|  Protocol  |                     Source Object                    |    C Type    |
+--------------------------------+-----+-----+------------+------------------------------------------------------+--------------+
|ap_clk                          |   in|    1|  ap_ctrl_hs|  v_mix_upsample_alpha<true>_Pipeline_VITIS_LOOP_236_2|  return value|
|ap_rst                          |   in|    1|  ap_ctrl_hs|  v_mix_upsample_alpha<true>_Pipeline_VITIS_LOOP_236_2|  return value|
|ap_start                        |   in|    1|  ap_ctrl_hs|  v_mix_upsample_alpha<true>_Pipeline_VITIS_LOOP_236_2|  return value|
|ap_done                         |  out|    1|  ap_ctrl_hs|  v_mix_upsample_alpha<true>_Pipeline_VITIS_LOOP_236_2|  return value|
|ap_idle                         |  out|    1|  ap_ctrl_hs|  v_mix_upsample_alpha<true>_Pipeline_VITIS_LOOP_236_2|  return value|
|ap_ready                        |  out|    1|  ap_ctrl_hs|  v_mix_upsample_alpha<true>_Pipeline_VITIS_LOOP_236_2|  return value|
|srcLayer1Alpha_dout             |   in|    8|     ap_fifo|                                        srcLayer1Alpha|       pointer|
|srcLayer1Alpha_empty_n          |   in|    1|     ap_fifo|                                        srcLayer1Alpha|       pointer|
|srcLayer1Alpha_read             |  out|    1|     ap_fifo|                                        srcLayer1Alpha|       pointer|
|srcLayer1Alpha_num_data_valid   |   in|    5|     ap_fifo|                                        srcLayer1Alpha|       pointer|
|srcLayer1Alpha_fifo_cap         |   in|    5|     ap_fifo|                                        srcLayer1Alpha|       pointer|
|srcLayer1Alphax_din             |  out|    8|     ap_fifo|                                       srcLayer1Alphax|       pointer|
|srcLayer1Alphax_full_n          |   in|    1|     ap_fifo|                                       srcLayer1Alphax|       pointer|
|srcLayer1Alphax_write           |  out|    1|     ap_fifo|                                       srcLayer1Alphax|       pointer|
|srcLayer1Alphax_num_data_valid  |   in|    5|     ap_fifo|                                       srcLayer1Alphax|       pointer|
|srcLayer1Alphax_fifo_cap        |   in|    5|     ap_fifo|                                       srcLayer1Alphax|       pointer|
|shl_ln236_i                     |   in|   18|   ap_stable|                                           shl_ln236_i|        scalar|
|zext_ln223_i                    |   in|    2|   ap_stable|                                          zext_ln223_i|        scalar|
|add_ln234_i                     |   in|    2|   ap_stable|                                           add_ln234_i|        scalar|
|bReadLine_i                     |   in|    1|     ap_none|                                           bReadLine_i|        scalar|
+--------------------------------+-----+-----+------------+------------------------------------------------------+--------------+

