

================================================================
== Vitis HLS Report for 'MultiPixStream2Bytes'
================================================================
* Date:           Thu Mar  5 12:48:55 2026

* Version:        2025.2 (Build 6295257 on Nov 14 2025)
* Project:        prj
* Solution:       sol (Vivado IP Flow Target)
* Product family: zynq
* Target device:  xc7z020-clg400-2


================================================================
== Performance Estimates
================================================================
+ Timing: 
    * Summary: 
    +--------+---------+----------+------------+
    |  Clock |  Target | Estimated| Uncertainty|
    +--------+---------+----------+------------+
    |ap_clk  |  6.67 ns|  4.813 ns|     1.80 ns|
    +--------+---------+----------+------------+

+ Latency: 
    * Summary: 
    +---------+---------+----------+-----------+-----+---------+---------+
    |  Latency (cycles) |  Latency (absolute)  |    Interval   | Pipeline|
    |   min   |   max   |    min   |    max    | min |   max   |   Type  |
    +---------+---------+----------+-----------+-----+---------+---------+
    |        1|  4153683|  6.667 ns|  27.693 ms|    1|  4153683|       no|
    +---------+---------+----------+-----------+-----+---------+---------+

    + Detail: 
        * Instance: 
        N/A

        * Loop: 
        +------------------+---------+---------+----------+-----------+-----------+-----------+----------+
        |                  |  Latency (cycles) | Iteration|  Initiation Interval  |    Trip   |          |
        |     Loop Name    |   min   |   max   |  Latency |  achieved |   target  |   Count   | Pipelined|
        +------------------+---------+---------+----------+-----------+-----------+-----------+----------+
        |- loop_RGB8_YUV8  |      320|  4153680|  5 ~ 3846|          -|          -|  64 ~ 1080|        no|
        +------------------+---------+---------+----------+-----------+-----------+-----------+----------+

============================================================
+ Verbose Summary: Synthesis Manager
============================================================
InlineROM: 1
ExposeGlobal: 0
============================================================
+ Verbose Summary: CDFG Model
============================================================
IsTopModel: 0
ResetActiveHigh: 1
IsCombinational: 2
IsDatapathOnly: 0
HasWiredReturn: 1
HasMFsm: 0
HasVarLatency: 1
IsPipeline: 0
IsRtlPipelined: 0
IsInstanceOverlapped: 0
IsDontTouch: 0
HasImplIP: 0
IsGatedGlobalClock: 0


============================================================
+ Verbose Summary: Schedule
============================================================
* Number of FSM states : 6
* Pipeline : 0
* Dataflow Pipeline: 0

* FSM state transitions: 
1 --> 2 4 
2 --> 3 
3 --> 4 
4 --> 5 
5 --> 6 
6 --> 4 

* FSM state operations: 

State 1 <SV = 0> <Delay = 3.00>
ST_1 : Operation 7 [1/1] (0.00ns)   --->   "%specstablecontent_ln0 = specstablecontent void @_ssdm_op_SpecStableContent, i14 %WidthInBytes_val, i1 1, void @p_str"   --->   Operation 7 'specstablecontent' 'specstablecontent_ln0' <Predicate = true> <Delay = 0.00>
ST_1 : Operation 8 [1/1] (0.00ns)   --->   "%VideoFormat_val_read = read i6 @_ssdm_op_Read.ap_auto.i6, i6 %VideoFormat_val"   --->   Operation 8 'read' 'VideoFormat_val_read' <Predicate = true> <Delay = 0.00>
ST_1 : Operation 9 [1/1] (0.00ns)   --->   "%WidthInBytes_val_read = read i14 @_ssdm_op_Read.ap_auto.i14, i14 %WidthInBytes_val"   --->   Operation 9 'read' 'WidthInBytes_val_read' <Predicate = true> <Delay = 0.00>
ST_1 : Operation 10 [1/1] (0.00ns)   --->   "%WidthInPix_val_read = read i11 @_ssdm_op_Read.ap_auto.i11, i11 %WidthInPix_val"   --->   Operation 10 'read' 'WidthInPix_val_read' <Predicate = true> <Delay = 0.00>
ST_1 : Operation 11 [1/1] (0.00ns)   --->   "%Height_val_read = read i11 @_ssdm_op_Read.ap_auto.i11, i11 %Height_val"   --->   Operation 11 'read' 'Height_val_read' <Predicate = true> <Delay = 0.00>
ST_1 : Operation 12 [1/1] (0.00ns)   --->   "%specstablecontent_ln0 = specstablecontent void @_ssdm_op_SpecStableContent, i6 %VideoFormat_val, i1 1, void "   --->   Operation 12 'specstablecontent' 'specstablecontent_ln0' <Predicate = true> <Delay = 0.00>
ST_1 : Operation 13 [1/1] (0.00ns)   --->   "%specstablecontent_ln0 = specstablecontent void @_ssdm_op_SpecStableContent, i11 %Height_val, i1 1, void "   --->   Operation 13 'specstablecontent' 'specstablecontent_ln0' <Predicate = true> <Delay = 0.00>
ST_1 : Operation 14 [1/1] (0.00ns)   --->   "%specstablecontent_ln0 = specstablecontent void @_ssdm_op_SpecStableContent, i11 %WidthInPix_val, i1 1, void "   --->   Operation 14 'specstablecontent' 'specstablecontent_ln0' <Predicate = true> <Delay = 0.00>
ST_1 : Operation 15 [1/1] (0.00ns)   --->   "%specmemcore_ln0 = specmemcore void @_ssdm_op_SpecMemCore, i64 %bytePlanes, i64 666, i64 8, i64 18446744073709551615, i1 0"   --->   Operation 15 'specmemcore' 'specmemcore_ln0' <Predicate = true> <Delay = 0.00>
ST_1 : Operation 16 [1/1] (0.00ns)   --->   "%specinterface_ln0 = specinterface void @_ssdm_op_SpecInterface, i64 %bytePlanes, void @empty_7, i32 0, i32 0, void @empty_5, i32 0, i32 0, void @empty_5, void @empty_5, void @empty_5, i32 0, i32 0, i32 0, i32 0, void @empty_5, void @empty_5, i32 4294967295, i32 0, i32 0, i32 0"   --->   Operation 16 'specinterface' 'specinterface_ln0' <Predicate = true> <Delay = 0.00>
ST_1 : Operation 17 [1/1] (0.00ns)   --->   "%specinterface_ln0 = specinterface void @_ssdm_op_SpecInterface, i24 %img, void @empty_7, i32 0, i32 0, void @empty_5, i32 0, i32 0, void @empty_5, void @empty_5, void @empty_5, i32 0, i32 0, i32 0, i32 0, void @empty_5, void @empty_5, i32 4294967295, i32 0, i32 0, i32 0"   --->   Operation 17 'specinterface' 'specinterface_ln0' <Predicate = true> <Delay = 0.00>
ST_1 : Operation 18 [1/1] (1.28ns)   --->   "%switch_ln432 = switch i6 %VideoFormat_val_read, void %if.end210, i6 43, void %if.end223, i6 42, void %if.end222, i6 44, void %if.end221, i6 41, void %if.end220, i6 11, void %if.end219, i6 10, void %if.end219, i6 27, void %if.end218, i6 16, void %if.end217, i6 15, void %if.end217, i6 12, void %if.end216, i6 28, void %if.end215, i6 19, void %if.end214, i6 18, void %if.end214, i6 23, void %if.end213, i6 22, void %if.end213, i6 33, void %if.end212, i6 32, void %if.end212, i6 38, void %if.end211, i6 37, void %if.end211, i6 21, void %if.then71_ifconv, i6 20, void %if.then71_ifconv" [prj/sol/.autopilot/db/v_frmbuf_wr.cpp:432]   --->   Operation 18 'switch' 'switch_ln432' <Predicate = true> <Delay = 1.28>
ST_1 : Operation 19 [1/1] (0.00ns)   --->   "%y = alloca i32 1" [prj/sol/.autopilot/db/v_frmbuf_wr.cpp:1086]   --->   Operation 19 'alloca' 'y' <Predicate = (VideoFormat_val_read == 20) | (VideoFormat_val_read == 21)> <Delay = 0.00>
ST_1 : Operation 20 [1/1] (1.52ns)   --->   "%add_ln1072 = add i14 %WidthInBytes_val_read, i14 7" [prj/sol/.autopilot/db/v_frmbuf_wr.cpp:1072]   --->   Operation 20 'add' 'add_ln1072' <Predicate = (VideoFormat_val_read == 20) | (VideoFormat_val_read == 21)> <Delay = 1.52> <CoreInst = "Adder">   --->   Core 1 'Adder' <Latency = 0> <II = 1> <Delay = 1.52> <FuncUnit> <Opcode : 'add' 'sub'> <InPorts = 2> <OutPorts = 1>
ST_1 : Operation 21 [1/1] (0.00ns)   --->   "%trunc_ln = partselect i11 @_ssdm_op_PartSelect.i11.i14.i32.i32, i14 %add_ln1072, i32 3, i32 13" [prj/sol/.autopilot/db/v_frmbuf_wr.cpp:1072]   --->   Operation 21 'partselect' 'trunc_ln' <Predicate = (VideoFormat_val_read == 20) | (VideoFormat_val_read == 21)> <Delay = 0.00>
ST_1 : Operation 22 [1/1] (1.48ns)   --->   "%add_ln1073 = add i11 %trunc_ln, i11 2" [prj/sol/.autopilot/db/v_frmbuf_wr.cpp:1073]   --->   Operation 22 'add' 'add_ln1073' <Predicate = (VideoFormat_val_read == 20) | (VideoFormat_val_read == 21)> <Delay = 1.48> <CoreInst = "Adder">   --->   Core 1 'Adder' <Latency = 0> <II = 1> <Delay = 1.48> <FuncUnit> <Opcode : 'add' 'sub'> <InPorts = 2> <OutPorts = 1>
ST_1 : Operation 23 [1/1] (0.00ns)   --->   "%remPix = trunc i11 %WidthInPix_val_read" [prj/sol/.autopilot/db/v_frmbuf_wr.cpp:1074]   --->   Operation 23 'trunc' 'remPix' <Predicate = (VideoFormat_val_read == 20) | (VideoFormat_val_read == 21)> <Delay = 0.00>
ST_1 : Operation 24 [1/1] (1.29ns)   --->   "%store_ln1086 = store i11 0, i11 %y" [prj/sol/.autopilot/db/v_frmbuf_wr.cpp:1086]   --->   Operation 24 'store' 'store_ln1086' <Predicate = (VideoFormat_val_read == 20) | (VideoFormat_val_read == 21)> <Delay = 1.29>

State 2 <SV = 1> <Delay = 4.65>
ST_2 : Operation 25 [1/1] (0.00ns)   --->   "%zext_ln1073 = zext i11 %add_ln1073" [prj/sol/.autopilot/db/v_frmbuf_wr.cpp:1073]   --->   Operation 25 'zext' 'zext_ln1073' <Predicate = true> <Delay = 0.00>
ST_2 : Operation 26 [1/1] (4.65ns)   --->   "%mul_ln1073 = mul i23 %zext_ln1073, i23 2731" [prj/sol/.autopilot/db/v_frmbuf_wr.cpp:1073]   --->   Operation 26 'mul' 'mul_ln1073' <Predicate = true> <Delay = 4.65> <CoreInst = "Multiplier">   --->   Core 3 'Multiplier' <Latency = 0> <II = 1> <Delay = 4.65> <FuncUnit> <Opcode : 'mul'> <InPorts = 2> <OutPorts = 1>
ST_2 : Operation 27 [1/1] (0.00ns)   --->   "%trunc_ln1 = partselect i10 @_ssdm_op_PartSelect.i10.i23.i32.i32, i23 %mul_ln1073, i32 13, i32 22" [prj/sol/.autopilot/db/v_frmbuf_wr.cpp:1073]   --->   Operation 27 'partselect' 'trunc_ln1' <Predicate = true> <Delay = 0.00>
ST_2 : Operation 28 [1/1] (0.00ns)   --->   "%trunc_ln1_cast = partselect i9 @_ssdm_op_PartSelect.i9.i23.i32.i32, i23 %mul_ln1073, i32 13, i32 21" [prj/sol/.autopilot/db/v_frmbuf_wr.cpp:1074]   --->   Operation 28 'partselect' 'trunc_ln1_cast' <Predicate = true> <Delay = 0.00>

State 3 <SV = 2> <Delay = 4.41>
ST_3 : Operation 29 [1/1] (0.00ns)   --->   "%zext_ln1075 = zext i3 %remPix" [prj/sol/.autopilot/db/v_frmbuf_wr.cpp:1075]   --->   Operation 29 'zext' 'zext_ln1075' <Predicate = true> <Delay = 0.00>
ST_3 : Operation 30 [1/1] (0.76ns)   --->   "%icmp_ln1077 = icmp_eq  i3 %remPix, i3 0" [prj/sol/.autopilot/db/v_frmbuf_wr.cpp:1077]   --->   Operation 30 'icmp' 'icmp_ln1077' <Predicate = true> <Delay = 0.76> <CoreInst = "Cmp">   --->   Core 9 'Cmp' <Latency = 0> <II = 1> <Delay = 0.76> <FuncUnit> <Opcode : 'seteq' 'setne' 'setle' 'setge' 'setlt' 'setgt'> <InPorts = 2> <OutPorts = 1>
ST_3 : Operation 31 [1/1] (0.83ns)   --->   "%remainPix = select i1 %icmp_ln1077, i4 8, i4 %zext_ln1075" [prj/sol/.autopilot/db/v_frmbuf_wr.cpp:1077]   --->   Operation 31 'select' 'remainPix' <Predicate = true> <Delay = 0.83> <CoreInst = "Sel">   --->   Core 73 'Sel' <Latency = 0> <II = 1> <Delay = 0.83> <FuncUnit> <Opcode : 'select'> <InPorts = 3> <OutPorts = 1>
ST_3 : Operation 32 [1/1] (0.00ns)   --->   "%p_shl = bitconcatenate i8 @_ssdm_op_BitConcatenate.i8.i3.i5, i3 %remPix, i5 0" [prj/sol/.autopilot/db/v_frmbuf_wr.cpp:1081]   --->   Operation 32 'bitconcatenate' 'p_shl' <Predicate = true> <Delay = 0.00>
ST_3 : Operation 33 [1/1] (0.00ns)   --->   "%tmp_3 = bitconcatenate i6 @_ssdm_op_BitConcatenate.i6.i3.i3, i3 %remPix, i3 0" [prj/sol/.autopilot/db/v_frmbuf_wr.cpp:1081]   --->   Operation 33 'bitconcatenate' 'tmp_3' <Predicate = true> <Delay = 0.00>
ST_3 : Operation 34 [1/1] (0.00ns)   --->   "%zext_ln1081 = zext i6 %tmp_3" [prj/sol/.autopilot/db/v_frmbuf_wr.cpp:1081]   --->   Operation 34 'zext' 'zext_ln1081' <Predicate = true> <Delay = 0.00>
ST_3 : Operation 35 [1/1] (0.00ns) (grouped into TernaryAdder)   --->   "%sub_ln1081 = sub i8 %p_shl, i8 %zext_ln1081" [prj/sol/.autopilot/db/v_frmbuf_wr.cpp:1081]   --->   Operation 35 'sub' 'sub_ln1081' <Predicate = true> <Delay = 0.00> <CoreInst = "TAddSub">   --->   Core 10 'TAddSub' <Latency = 0> <II = 1> <Delay = 1.48> <IPBlock> <Opcode : 'add' 'sub'> <InPorts = 3> <OutPorts = 1> <Sync> <CReg>
ST_3 : Operation 36 [1/1] (2.96ns) (root node of TernaryAdder)   --->   "%add_ln1081 = add i8 %sub_ln1081, i8 63" [prj/sol/.autopilot/db/v_frmbuf_wr.cpp:1081]   --->   Operation 36 'add' 'add_ln1081' <Predicate = true> <Delay = 2.96> <CoreInst = "TAddSub">   --->   Core 10 'TAddSub' <Latency = 0> <II = 1> <Delay = 1.48> <IPBlock> <Opcode : 'add' 'sub'> <InPorts = 3> <OutPorts = 1> <Sync> <CReg>
ST_3 : Operation 37 [1/1] (0.00ns)   --->   "%trunc_ln2 = partselect i2 @_ssdm_op_PartSelect.i2.i8.i32.i32, i8 %add_ln1081, i32 6, i32 7" [prj/sol/.autopilot/db/v_frmbuf_wr.cpp:1081]   --->   Operation 37 'partselect' 'trunc_ln2' <Predicate = true> <Delay = 0.00>
ST_3 : Operation 38 [1/1] (0.81ns)   --->   "%remainTrx = select i1 %icmp_ln1077, i2 3, i2 %trunc_ln2" [prj/sol/.autopilot/db/v_frmbuf_wr.cpp:1077]   --->   Operation 38 'select' 'remainTrx' <Predicate = true> <Delay = 0.81> <CoreInst = "Sel">   --->   Core 73 'Sel' <Latency = 0> <II = 1> <Delay = 0.81> <FuncUnit> <Opcode : 'select'> <InPorts = 3> <OutPorts = 1>
ST_3 : Operation 39 [1/1] (1.41ns)   --->   "%add_ln1095 = add i10 %trunc_ln1, i10 1023" [prj/sol/.autopilot/db/v_frmbuf_wr.cpp:1095]   --->   Operation 39 'add' 'add_ln1095' <Predicate = true> <Delay = 1.41> <CoreInst = "Adder">   --->   Core 1 'Adder' <Latency = 0> <II = 1> <Delay = 1.41> <FuncUnit> <Opcode : 'add' 'sub'> <InPorts = 2> <OutPorts = 1>
ST_3 : Operation 40 [1/1] (0.00ns)   --->   "%tmp_4 = partselect i3 @_ssdm_op_PartSelect.i3.i4.i32.i32, i4 %remainPix, i32 1, i32 3" [prj/sol/.autopilot/db/v_frmbuf_wr.cpp:1095]   --->   Operation 40 'partselect' 'tmp_4' <Predicate = true> <Delay = 0.00>
ST_3 : Operation 41 [1/1] (0.76ns)   --->   "%icmp_ln1095 = icmp_ne  i3 %tmp_4, i3 0" [prj/sol/.autopilot/db/v_frmbuf_wr.cpp:1095]   --->   Operation 41 'icmp' 'icmp_ln1095' <Predicate = true> <Delay = 0.76> <CoreInst = "Cmp">   --->   Core 9 'Cmp' <Latency = 0> <II = 1> <Delay = 0.76> <FuncUnit> <Opcode : 'seteq' 'setne' 'setle' 'setge' 'setlt' 'setgt'> <InPorts = 2> <OutPorts = 1>
ST_3 : Operation 42 [1/1] (0.99ns)   --->   "%icmp_ln1095_1 = icmp_ugt  i4 %remainPix, i4 2" [prj/sol/.autopilot/db/v_frmbuf_wr.cpp:1095]   --->   Operation 42 'icmp' 'icmp_ln1095_1' <Predicate = true> <Delay = 0.99> <CoreInst = "Cmp">   --->   Core 9 'Cmp' <Latency = 0> <II = 1> <Delay = 0.99> <FuncUnit> <Opcode : 'seteq' 'setne' 'setle' 'setge' 'setlt' 'setgt'> <InPorts = 2> <OutPorts = 1>
ST_3 : Operation 43 [1/1] (0.00ns)   --->   "%tmp_5 = partselect i2 @_ssdm_op_PartSelect.i2.i4.i32.i32, i4 %remainPix, i32 2, i32 3" [prj/sol/.autopilot/db/v_frmbuf_wr.cpp:1095]   --->   Operation 43 'partselect' 'tmp_5' <Predicate = true> <Delay = 0.00>
ST_3 : Operation 44 [1/1] (0.63ns)   --->   "%icmp_ln1095_2 = icmp_ne  i2 %tmp_5, i2 0" [prj/sol/.autopilot/db/v_frmbuf_wr.cpp:1095]   --->   Operation 44 'icmp' 'icmp_ln1095_2' <Predicate = true> <Delay = 0.63> <CoreInst = "Cmp">   --->   Core 9 'Cmp' <Latency = 0> <II = 1> <Delay = 0.63> <FuncUnit> <Opcode : 'seteq' 'setne' 'setle' 'setge' 'setlt' 'setgt'> <InPorts = 2> <OutPorts = 1>
ST_3 : Operation 45 [1/1] (0.99ns)   --->   "%icmp_ln1095_3 = icmp_ugt  i4 %remainPix, i4 4" [prj/sol/.autopilot/db/v_frmbuf_wr.cpp:1095]   --->   Operation 45 'icmp' 'icmp_ln1095_3' <Predicate = true> <Delay = 0.99> <CoreInst = "Cmp">   --->   Core 9 'Cmp' <Latency = 0> <II = 1> <Delay = 0.99> <FuncUnit> <Opcode : 'seteq' 'setne' 'setle' 'setge' 'setlt' 'setgt'> <InPorts = 2> <OutPorts = 1>
ST_3 : Operation 46 [1/1] (0.99ns)   --->   "%icmp_ln1095_4 = icmp_ugt  i4 %remainPix, i4 5" [prj/sol/.autopilot/db/v_frmbuf_wr.cpp:1095]   --->   Operation 46 'icmp' 'icmp_ln1095_4' <Predicate = true> <Delay = 0.99> <CoreInst = "Cmp">   --->   Core 9 'Cmp' <Latency = 0> <II = 1> <Delay = 0.99> <FuncUnit> <Opcode : 'seteq' 'setne' 'setle' 'setge' 'setlt' 'setgt'> <InPorts = 2> <OutPorts = 1>
ST_3 : Operation 47 [1/1] (0.99ns)   --->   "%icmp_ln1095_5 = icmp_ugt  i4 %remainPix, i4 6" [prj/sol/.autopilot/db/v_frmbuf_wr.cpp:1095]   --->   Operation 47 'icmp' 'icmp_ln1095_5' <Predicate = true> <Delay = 0.99> <CoreInst = "Cmp">   --->   Core 9 'Cmp' <Latency = 0> <II = 1> <Delay = 0.99> <FuncUnit> <Opcode : 'seteq' 'setne' 'setle' 'setge' 'setlt' 'setgt'> <InPorts = 2> <OutPorts = 1>
ST_3 : Operation 48 [1/1] (0.00ns)   --->   "%tmp_6 = bitselect i1 @_ssdm_op_BitSelect.i1.i2.i32, i2 %remainTrx, i32 1" [prj/sol/.autopilot/db/v_frmbuf_wr.cpp:1110]   --->   Operation 48 'bitselect' 'tmp_6' <Predicate = true> <Delay = 0.00>
ST_3 : Operation 49 [1/1] (0.63ns)   --->   "%icmp_ln1110 = icmp_eq  i2 %remainTrx, i2 3" [prj/sol/.autopilot/db/v_frmbuf_wr.cpp:1110]   --->   Operation 49 'icmp' 'icmp_ln1110' <Predicate = true> <Delay = 0.63> <CoreInst = "Cmp">   --->   Core 9 'Cmp' <Latency = 0> <II = 1> <Delay = 0.63> <FuncUnit> <Opcode : 'seteq' 'setne' 'setle' 'setge' 'setlt' 'setgt'> <InPorts = 2> <OutPorts = 1>
ST_3 : Operation 50 [1/1] (0.00ns)   --->   "%br_ln1086 = br void %VITIS_LOOP_1090_1" [prj/sol/.autopilot/db/v_frmbuf_wr.cpp:1086]   --->   Operation 50 'br' 'br_ln1086' <Predicate = true> <Delay = 0.00>

State 4 <SV = 3> <Delay = 2.77>
ST_4 : Operation 51 [1/1] (0.00ns)   --->   "%y_1 = load i11 %y" [prj/sol/.autopilot/db/v_frmbuf_wr.cpp:1086]   --->   Operation 51 'load' 'y_1' <Predicate = (VideoFormat_val_read == 20) | (VideoFormat_val_read == 21)> <Delay = 0.00>
ST_4 : Operation 52 [1/1] (1.48ns)   --->   "%icmp_ln1086 = icmp_eq  i11 %y_1, i11 %Height_val_read" [prj/sol/.autopilot/db/v_frmbuf_wr.cpp:1086]   --->   Operation 52 'icmp' 'icmp_ln1086' <Predicate = (VideoFormat_val_read == 20) | (VideoFormat_val_read == 21)> <Delay = 1.48> <CoreInst = "Cmp">   --->   Core 9 'Cmp' <Latency = 0> <II = 1> <Delay = 1.48> <FuncUnit> <Opcode : 'seteq' 'setne' 'setle' 'setge' 'setlt' 'setgt'> <InPorts = 2> <OutPorts = 1>
ST_4 : Operation 53 [1/1] (0.00ns)   --->   "%speclooptripcount_ln0 = speclooptripcount void @_ssdm_op_SpecLoopTripCount, i64 64, i64 1080, i64 0"   --->   Operation 53 'speclooptripcount' 'speclooptripcount_ln0' <Predicate = (VideoFormat_val_read == 20) | (VideoFormat_val_read == 21)> <Delay = 0.00>
ST_4 : Operation 54 [1/1] (1.48ns)   --->   "%y_2 = add i11 %y_1, i11 1" [prj/sol/.autopilot/db/v_frmbuf_wr.cpp:1086]   --->   Operation 54 'add' 'y_2' <Predicate = (VideoFormat_val_read == 20) | (VideoFormat_val_read == 21)> <Delay = 1.48> <CoreInst = "Adder">   --->   Core 1 'Adder' <Latency = 0> <II = 1> <Delay = 1.48> <FuncUnit> <Opcode : 'add' 'sub'> <InPorts = 2> <OutPorts = 1>
ST_4 : Operation 55 [1/1] (0.00ns)   --->   "%br_ln1086 = br i1 %icmp_ln1086, void %VITIS_LOOP_1093_2.lr.ph, void %if.end210.loopexit" [prj/sol/.autopilot/db/v_frmbuf_wr.cpp:1086]   --->   Operation 55 'br' 'br_ln1086' <Predicate = (VideoFormat_val_read == 20) | (VideoFormat_val_read == 21)> <Delay = 0.00>
ST_4 : Operation 56 [1/1] (1.29ns)   --->   "%store_ln1086 = store i11 %y_2, i11 %y" [prj/sol/.autopilot/db/v_frmbuf_wr.cpp:1086]   --->   Operation 56 'store' 'store_ln1086' <Predicate = (VideoFormat_val_read == 20 & !icmp_ln1086) | (VideoFormat_val_read == 21 & !icmp_ln1086)> <Delay = 1.29>
ST_4 : Operation 57 [1/1] (0.00ns)   --->   "%br_ln0 = br void %if.end210"   --->   Operation 57 'br' 'br_ln0' <Predicate = (VideoFormat_val_read == 20 & icmp_ln1086) | (VideoFormat_val_read == 21 & icmp_ln1086)> <Delay = 0.00>
ST_4 : Operation 58 [1/1] (0.00ns)   --->   "%br_ln0 = br void %if.end211"   --->   Operation 58 'br' 'br_ln0' <Predicate = (VideoFormat_val_read != 43 & VideoFormat_val_read != 42 & VideoFormat_val_read != 44 & VideoFormat_val_read != 41 & VideoFormat_val_read != 11 & VideoFormat_val_read != 10 & VideoFormat_val_read != 27 & VideoFormat_val_read != 16 & VideoFormat_val_read != 15 & VideoFormat_val_read != 12 & VideoFormat_val_read != 28 & VideoFormat_val_read != 19 & VideoFormat_val_read != 18 & VideoFormat_val_read != 23 & VideoFormat_val_read != 22 & VideoFormat_val_read != 33 & VideoFormat_val_read != 32 & VideoFormat_val_read != 38 & VideoFormat_val_read != 37 & icmp_ln1086) | (VideoFormat_val_read != 43 & VideoFormat_val_read != 42 & VideoFormat_val_read != 44 & VideoFormat_val_read != 41 & VideoFormat_val_read != 11 & VideoFormat_val_read != 10 & VideoFormat_val_read != 27 & VideoFormat_val_read != 16 & VideoFormat_val_read != 15 & VideoFormat_val_read != 12 & VideoFormat_val_read != 28 & VideoFormat_val_read != 19 & VideoFormat_val_read != 18 & VideoFormat_val_read != 23 & VideoFormat_val_read != 22 & VideoFormat_val_read != 33 & VideoFormat_val_read != 32 & VideoFormat_val_read != 38 & VideoFormat_val_read != 37 & VideoFormat_val_read != 21 & VideoFormat_val_read != 20)> <Delay = 0.00>
ST_4 : Operation 59 [1/1] (0.00ns)   --->   "%br_ln0 = br void %if.end212"   --->   Operation 59 'br' 'br_ln0' <Predicate = (VideoFormat_val_read != 43 & VideoFormat_val_read != 42 & VideoFormat_val_read != 44 & VideoFormat_val_read != 41 & VideoFormat_val_read != 11 & VideoFormat_val_read != 10 & VideoFormat_val_read != 27 & VideoFormat_val_read != 16 & VideoFormat_val_read != 15 & VideoFormat_val_read != 12 & VideoFormat_val_read != 28 & VideoFormat_val_read != 19 & VideoFormat_val_read != 18 & VideoFormat_val_read != 23 & VideoFormat_val_read != 22 & VideoFormat_val_read != 33 & VideoFormat_val_read != 32 & icmp_ln1086) | (VideoFormat_val_read != 43 & VideoFormat_val_read != 42 & VideoFormat_val_read != 44 & VideoFormat_val_read != 41 & VideoFormat_val_read != 11 & VideoFormat_val_read != 10 & VideoFormat_val_read != 27 & VideoFormat_val_read != 16 & VideoFormat_val_read != 15 & VideoFormat_val_read != 12 & VideoFormat_val_read != 28 & VideoFormat_val_read != 19 & VideoFormat_val_read != 18 & VideoFormat_val_read != 23 & VideoFormat_val_read != 22 & VideoFormat_val_read != 33 & VideoFormat_val_read != 32 & VideoFormat_val_read != 21 & VideoFormat_val_read != 20) | (VideoFormat_val_read == 37) | (VideoFormat_val_read == 38)> <Delay = 0.00>
ST_4 : Operation 60 [1/1] (0.00ns)   --->   "%br_ln0 = br void %if.end213"   --->   Operation 60 'br' 'br_ln0' <Predicate = (VideoFormat_val_read != 43 & VideoFormat_val_read != 42 & VideoFormat_val_read != 44 & VideoFormat_val_read != 41 & VideoFormat_val_read != 11 & VideoFormat_val_read != 10 & VideoFormat_val_read != 27 & VideoFormat_val_read != 16 & VideoFormat_val_read != 15 & VideoFormat_val_read != 12 & VideoFormat_val_read != 28 & VideoFormat_val_read != 19 & VideoFormat_val_read != 18 & VideoFormat_val_read != 23 & VideoFormat_val_read != 22 & icmp_ln1086) | (VideoFormat_val_read != 43 & VideoFormat_val_read != 42 & VideoFormat_val_read != 44 & VideoFormat_val_read != 41 & VideoFormat_val_read != 11 & VideoFormat_val_read != 10 & VideoFormat_val_read != 27 & VideoFormat_val_read != 16 & VideoFormat_val_read != 15 & VideoFormat_val_read != 12 & VideoFormat_val_read != 28 & VideoFormat_val_read != 19 & VideoFormat_val_read != 18 & VideoFormat_val_read != 23 & VideoFormat_val_read != 22 & VideoFormat_val_read != 21 & VideoFormat_val_read != 20) | (VideoFormat_val_read == 37) | (VideoFormat_val_read == 38) | (VideoFormat_val_read == 32) | (VideoFormat_val_read == 33)> <Delay = 0.00>
ST_4 : Operation 61 [1/1] (0.00ns)   --->   "%br_ln0 = br void %if.end214"   --->   Operation 61 'br' 'br_ln0' <Predicate = (VideoFormat_val_read != 43 & VideoFormat_val_read != 42 & VideoFormat_val_read != 44 & VideoFormat_val_read != 41 & VideoFormat_val_read != 11 & VideoFormat_val_read != 10 & VideoFormat_val_read != 27 & VideoFormat_val_read != 16 & VideoFormat_val_read != 15 & VideoFormat_val_read != 12 & VideoFormat_val_read != 28 & VideoFormat_val_read != 19 & VideoFormat_val_read != 18 & icmp_ln1086) | (VideoFormat_val_read != 43 & VideoFormat_val_read != 42 & VideoFormat_val_read != 44 & VideoFormat_val_read != 41 & VideoFormat_val_read != 11 & VideoFormat_val_read != 10 & VideoFormat_val_read != 27 & VideoFormat_val_read != 16 & VideoFormat_val_read != 15 & VideoFormat_val_read != 12 & VideoFormat_val_read != 28 & VideoFormat_val_read != 19 & VideoFormat_val_read != 18 & VideoFormat_val_read != 21 & VideoFormat_val_read != 20) | (VideoFormat_val_read == 37) | (VideoFormat_val_read == 38) | (VideoFormat_val_read == 32) | (VideoFormat_val_read == 33) | (VideoFormat_val_read == 22) | (VideoFormat_val_read == 23)> <Delay = 0.00>
ST_4 : Operation 62 [1/1] (0.00ns)   --->   "%br_ln0 = br void %if.end215"   --->   Operation 62 'br' 'br_ln0' <Predicate = (VideoFormat_val_read != 43 & VideoFormat_val_read != 42 & VideoFormat_val_read != 44 & VideoFormat_val_read != 41 & VideoFormat_val_read != 11 & VideoFormat_val_read != 10 & VideoFormat_val_read != 27 & VideoFormat_val_read != 16 & VideoFormat_val_read != 15 & VideoFormat_val_read != 12 & VideoFormat_val_read != 28 & icmp_ln1086) | (VideoFormat_val_read != 43 & VideoFormat_val_read != 42 & VideoFormat_val_read != 44 & VideoFormat_val_read != 41 & VideoFormat_val_read != 11 & VideoFormat_val_read != 10 & VideoFormat_val_read != 27 & VideoFormat_val_read != 16 & VideoFormat_val_read != 15 & VideoFormat_val_read != 12 & VideoFormat_val_read != 28 & VideoFormat_val_read != 21 & VideoFormat_val_read != 20) | (VideoFormat_val_read == 37) | (VideoFormat_val_read == 38) | (VideoFormat_val_read == 32) | (VideoFormat_val_read == 33) | (VideoFormat_val_read == 22) | (VideoFormat_val_read == 23) | (VideoFormat_val_read == 18) | (VideoFormat_val_read == 19)> <Delay = 0.00>
ST_4 : Operation 63 [1/1] (0.00ns)   --->   "%br_ln0 = br void %if.end216"   --->   Operation 63 'br' 'br_ln0' <Predicate = (VideoFormat_val_read != 43 & VideoFormat_val_read != 42 & VideoFormat_val_read != 44 & VideoFormat_val_read != 41 & VideoFormat_val_read != 11 & VideoFormat_val_read != 10 & VideoFormat_val_read != 27 & VideoFormat_val_read != 16 & VideoFormat_val_read != 15 & VideoFormat_val_read != 12 & icmp_ln1086) | (VideoFormat_val_read != 43 & VideoFormat_val_read != 42 & VideoFormat_val_read != 44 & VideoFormat_val_read != 41 & VideoFormat_val_read != 11 & VideoFormat_val_read != 10 & VideoFormat_val_read != 27 & VideoFormat_val_read != 16 & VideoFormat_val_read != 15 & VideoFormat_val_read != 12 & VideoFormat_val_read != 21 & VideoFormat_val_read != 20) | (VideoFormat_val_read == 37) | (VideoFormat_val_read == 38) | (VideoFormat_val_read == 32) | (VideoFormat_val_read == 33) | (VideoFormat_val_read == 22) | (VideoFormat_val_read == 23) | (VideoFormat_val_read == 18) | (VideoFormat_val_read == 19) | (VideoFormat_val_read == 28)> <Delay = 0.00>
ST_4 : Operation 64 [1/1] (0.00ns)   --->   "%br_ln0 = br void %if.end217"   --->   Operation 64 'br' 'br_ln0' <Predicate = (VideoFormat_val_read != 43 & VideoFormat_val_read != 42 & VideoFormat_val_read != 44 & VideoFormat_val_read != 41 & VideoFormat_val_read != 11 & VideoFormat_val_read != 10 & VideoFormat_val_read != 27 & VideoFormat_val_read != 16 & VideoFormat_val_read != 15 & icmp_ln1086) | (VideoFormat_val_read != 43 & VideoFormat_val_read != 42 & VideoFormat_val_read != 44 & VideoFormat_val_read != 41 & VideoFormat_val_read != 11 & VideoFormat_val_read != 10 & VideoFormat_val_read != 27 & VideoFormat_val_read != 16 & VideoFormat_val_read != 15 & VideoFormat_val_read != 21 & VideoFormat_val_read != 20) | (VideoFormat_val_read == 37) | (VideoFormat_val_read == 38) | (VideoFormat_val_read == 32) | (VideoFormat_val_read == 33) | (VideoFormat_val_read == 22) | (VideoFormat_val_read == 23) | (VideoFormat_val_read == 18) | (VideoFormat_val_read == 19) | (VideoFormat_val_read == 28) | (VideoFormat_val_read == 12)> <Delay = 0.00>
ST_4 : Operation 65 [1/1] (0.00ns)   --->   "%br_ln0 = br void %if.end218"   --->   Operation 65 'br' 'br_ln0' <Predicate = (VideoFormat_val_read != 43 & VideoFormat_val_read != 42 & VideoFormat_val_read != 44 & VideoFormat_val_read != 41 & VideoFormat_val_read != 11 & VideoFormat_val_read != 10 & VideoFormat_val_read != 27 & icmp_ln1086) | (VideoFormat_val_read != 43 & VideoFormat_val_read != 42 & VideoFormat_val_read != 44 & VideoFormat_val_read != 41 & VideoFormat_val_read != 11 & VideoFormat_val_read != 10 & VideoFormat_val_read != 27 & VideoFormat_val_read != 21 & VideoFormat_val_read != 20) | (VideoFormat_val_read == 37) | (VideoFormat_val_read == 38) | (VideoFormat_val_read == 32) | (VideoFormat_val_read == 33) | (VideoFormat_val_read == 22) | (VideoFormat_val_read == 23) | (VideoFormat_val_read == 18) | (VideoFormat_val_read == 19) | (VideoFormat_val_read == 28) | (VideoFormat_val_read == 12) | (VideoFormat_val_read == 15) | (VideoFormat_val_read == 16)> <Delay = 0.00>
ST_4 : Operation 66 [1/1] (0.00ns)   --->   "%br_ln0 = br void %if.end219"   --->   Operation 66 'br' 'br_ln0' <Predicate = (VideoFormat_val_read != 43 & VideoFormat_val_read != 42 & VideoFormat_val_read != 44 & VideoFormat_val_read != 41 & VideoFormat_val_read != 11 & VideoFormat_val_read != 10 & icmp_ln1086) | (VideoFormat_val_read != 43 & VideoFormat_val_read != 42 & VideoFormat_val_read != 44 & VideoFormat_val_read != 41 & VideoFormat_val_read != 11 & VideoFormat_val_read != 10 & VideoFormat_val_read != 21 & VideoFormat_val_read != 20) | (VideoFormat_val_read == 37) | (VideoFormat_val_read == 38) | (VideoFormat_val_read == 32) | (VideoFormat_val_read == 33) | (VideoFormat_val_read == 22) | (VideoFormat_val_read == 23) | (VideoFormat_val_read == 18) | (VideoFormat_val_read == 19) | (VideoFormat_val_read == 28) | (VideoFormat_val_read == 12) | (VideoFormat_val_read == 15) | (VideoFormat_val_read == 16) | (VideoFormat_val_read == 27)> <Delay = 0.00>
ST_4 : Operation 67 [1/1] (0.00ns)   --->   "%br_ln0 = br void %if.end220"   --->   Operation 67 'br' 'br_ln0' <Predicate = (VideoFormat_val_read != 43 & VideoFormat_val_read != 42 & VideoFormat_val_read != 44 & VideoFormat_val_read != 41 & icmp_ln1086) | (VideoFormat_val_read != 43 & VideoFormat_val_read != 42 & VideoFormat_val_read != 44 & VideoFormat_val_read != 41 & VideoFormat_val_read != 21 & VideoFormat_val_read != 20) | (VideoFormat_val_read == 37) | (VideoFormat_val_read == 38) | (VideoFormat_val_read == 32) | (VideoFormat_val_read == 33) | (VideoFormat_val_read == 22) | (VideoFormat_val_read == 23) | (VideoFormat_val_read == 18) | (VideoFormat_val_read == 19) | (VideoFormat_val_read == 28) | (VideoFormat_val_read == 12) | (VideoFormat_val_read == 15) | (VideoFormat_val_read == 16) | (VideoFormat_val_read == 27) | (VideoFormat_val_read == 10) | (VideoFormat_val_read == 11)> <Delay = 0.00>
ST_4 : Operation 68 [1/1] (0.00ns)   --->   "%br_ln0 = br void %if.end221"   --->   Operation 68 'br' 'br_ln0' <Predicate = (VideoFormat_val_read != 43 & VideoFormat_val_read != 42 & VideoFormat_val_read != 44 & icmp_ln1086) | (VideoFormat_val_read != 43 & VideoFormat_val_read != 42 & VideoFormat_val_read != 44 & VideoFormat_val_read != 21 & VideoFormat_val_read != 20) | (VideoFormat_val_read == 37) | (VideoFormat_val_read == 38) | (VideoFormat_val_read == 32) | (VideoFormat_val_read == 33) | (VideoFormat_val_read == 22) | (VideoFormat_val_read == 23) | (VideoFormat_val_read == 18) | (VideoFormat_val_read == 19) | (VideoFormat_val_read == 28) | (VideoFormat_val_read == 12) | (VideoFormat_val_read == 15) | (VideoFormat_val_read == 16) | (VideoFormat_val_read == 27) | (VideoFormat_val_read == 10) | (VideoFormat_val_read == 11) | (VideoFormat_val_read == 41)> <Delay = 0.00>
ST_4 : Operation 69 [1/1] (0.00ns)   --->   "%br_ln0 = br void %if.end222"   --->   Operation 69 'br' 'br_ln0' <Predicate = (VideoFormat_val_read != 43 & VideoFormat_val_read != 42 & icmp_ln1086) | (VideoFormat_val_read != 43 & VideoFormat_val_read != 42 & VideoFormat_val_read != 21 & VideoFormat_val_read != 20) | (VideoFormat_val_read == 37) | (VideoFormat_val_read == 38) | (VideoFormat_val_read == 32) | (VideoFormat_val_read == 33) | (VideoFormat_val_read == 22) | (VideoFormat_val_read == 23) | (VideoFormat_val_read == 18) | (VideoFormat_val_read == 19) | (VideoFormat_val_read == 28) | (VideoFormat_val_read == 12) | (VideoFormat_val_read == 15) | (VideoFormat_val_read == 16) | (VideoFormat_val_read == 27) | (VideoFormat_val_read == 10) | (VideoFormat_val_read == 11) | (VideoFormat_val_read == 41) | (VideoFormat_val_read == 44)> <Delay = 0.00>
ST_4 : Operation 70 [1/1] (0.00ns)   --->   "%br_ln0 = br void %if.end223"   --->   Operation 70 'br' 'br_ln0' <Predicate = (VideoFormat_val_read != 43 & icmp_ln1086) | (VideoFormat_val_read != 43 & VideoFormat_val_read != 21 & VideoFormat_val_read != 20) | (VideoFormat_val_read == 37) | (VideoFormat_val_read == 38) | (VideoFormat_val_read == 32) | (VideoFormat_val_read == 33) | (VideoFormat_val_read == 22) | (VideoFormat_val_read == 23) | (VideoFormat_val_read == 18) | (VideoFormat_val_read == 19) | (VideoFormat_val_read == 28) | (VideoFormat_val_read == 12) | (VideoFormat_val_read == 15) | (VideoFormat_val_read == 16) | (VideoFormat_val_read == 27) | (VideoFormat_val_read == 10) | (VideoFormat_val_read == 11) | (VideoFormat_val_read == 41) | (VideoFormat_val_read == 44) | (VideoFormat_val_read == 42)> <Delay = 0.00>
ST_4 : Operation 71 [1/1] (0.00ns)   --->   "%ret_ln1516 = ret" [prj/sol/.autopilot/db/v_frmbuf_wr.cpp:1516]   --->   Operation 71 'ret' 'ret_ln1516' <Predicate = (icmp_ln1086) | (VideoFormat_val_read != 21 & VideoFormat_val_read != 20) | (VideoFormat_val_read == 37) | (VideoFormat_val_read == 38) | (VideoFormat_val_read == 32) | (VideoFormat_val_read == 33) | (VideoFormat_val_read == 22) | (VideoFormat_val_read == 23) | (VideoFormat_val_read == 18) | (VideoFormat_val_read == 19) | (VideoFormat_val_read == 28) | (VideoFormat_val_read == 12) | (VideoFormat_val_read == 15) | (VideoFormat_val_read == 16) | (VideoFormat_val_read == 27) | (VideoFormat_val_read == 10) | (VideoFormat_val_read == 11) | (VideoFormat_val_read == 41) | (VideoFormat_val_read == 44) | (VideoFormat_val_read == 42) | (VideoFormat_val_read == 43)> <Delay = 0.00>

State 5 <SV = 4> <Delay = 3.51>
ST_5 : Operation 72 [2/2] (3.51ns)   --->   "%call_ln1074 = call void @MultiPixStream2Bytes_Pipeline_VITIS_LOOP_1090_1, i9 %trunc_ln1_cast, i1 %icmp_ln1110, i64 %bytePlanes, i1 %tmp_6, i1 %icmp_ln1077, i1 %icmp_ln1095_5, i1 %icmp_ln1095_4, i1 %icmp_ln1095_3, i1 %icmp_ln1095_2, i1 %icmp_ln1095_1, i10 %add_ln1095, i24 %img, i1 %icmp_ln1095" [prj/sol/.autopilot/db/v_frmbuf_wr.cpp:1074]   --->   Operation 72 'call' 'call_ln1074' <Predicate = true> <Delay = 3.51> <CoreType = "Generic">   --->   Generic Core

State 6 <SV = 5> <Delay = 0.00>
ST_6 : Operation 73 [1/1] (0.00ns)   --->   "%specloopname_ln1086 = specloopname void @_ssdm_op_SpecLoopName, void @empty_18" [prj/sol/.autopilot/db/v_frmbuf_wr.cpp:1086]   --->   Operation 73 'specloopname' 'specloopname_ln1086' <Predicate = true> <Delay = 0.00>
ST_6 : Operation 74 [1/2] (0.00ns)   --->   "%call_ln1074 = call void @MultiPixStream2Bytes_Pipeline_VITIS_LOOP_1090_1, i9 %trunc_ln1_cast, i1 %icmp_ln1110, i64 %bytePlanes, i1 %tmp_6, i1 %icmp_ln1077, i1 %icmp_ln1095_5, i1 %icmp_ln1095_4, i1 %icmp_ln1095_3, i1 %icmp_ln1095_2, i1 %icmp_ln1095_1, i10 %add_ln1095, i24 %img, i1 %icmp_ln1095" [prj/sol/.autopilot/db/v_frmbuf_wr.cpp:1074]   --->   Operation 74 'call' 'call_ln1074' <Predicate = true> <Delay = 0.00> <CoreType = "Generic">   --->   Generic Core
ST_6 : Operation 75 [1/1] (0.00ns)   --->   "%br_ln1086 = br void %VITIS_LOOP_1090_1" [prj/sol/.autopilot/db/v_frmbuf_wr.cpp:1086]   --->   Operation 75 'br' 'br_ln1086' <Predicate = true> <Delay = 0.00>


============================================================
+ Verbose Summary: Timing violations
============================================================
Target clock period: 6.667ns, clock uncertainty: 1.800ns.

 <State 1>: 3.010ns
The critical path consists of the following:
	wire read operation ('WidthInBytes_val_read') on port 'WidthInBytes_val' [9]  (0.000 ns)
	'add' operation 14 bit ('add_ln1072', prj/sol/.autopilot/db/v_frmbuf_wr.cpp:1072) [21]  (1.528 ns)
	'add' operation 11 bit ('add_ln1073', prj/sol/.autopilot/db/v_frmbuf_wr.cpp:1073) [23]  (1.482 ns)

 <State 2>: 4.652ns
The critical path consists of the following:
	'mul' operation 23 bit ('mul_ln1073', prj/sol/.autopilot/db/v_frmbuf_wr.cpp:1073) [25]  (4.652 ns)

 <State 3>: 4.411ns
The critical path consists of the following:
	'sub' operation 8 bit ('sub_ln1081', prj/sol/.autopilot/db/v_frmbuf_wr.cpp:1081) [35]  (0.000 ns)
	'add' operation 8 bit ('add_ln1081', prj/sol/.autopilot/db/v_frmbuf_wr.cpp:1081) [36]  (2.966 ns)
	'select' operation 2 bit ('remainTrx', prj/sol/.autopilot/db/v_frmbuf_wr.cpp:1077) [38]  (0.813 ns)
	'icmp' operation 1 bit ('icmp_ln1110', prj/sol/.autopilot/db/v_frmbuf_wr.cpp:1110) [49]  (0.632 ns)

 <State 4>: 2.780ns
The critical path consists of the following:
	'load' operation 11 bit ('y', prj/sol/.autopilot/db/v_frmbuf_wr.cpp:1086) on local variable 'y', prj/sol/.autopilot/db/v_frmbuf_wr.cpp:1086 [53]  (0.000 ns)
	'icmp' operation 1 bit ('icmp_ln1086', prj/sol/.autopilot/db/v_frmbuf_wr.cpp:1086) [54]  (1.482 ns)
	'store' operation ('store_ln1086', prj/sol/.autopilot/db/v_frmbuf_wr.cpp:1086) of variable 'y', prj/sol/.autopilot/db/v_frmbuf_wr.cpp:1086 11 bit on local variable 'y', prj/sol/.autopilot/db/v_frmbuf_wr.cpp:1086 [61]  (1.298 ns)

 <State 5>: 3.515ns
The critical path consists of the following:
	'call' operation ('call_ln1074', prj/sol/.autopilot/db/v_frmbuf_wr.cpp:1074) to 'MultiPixStream2Bytes_Pipeline_VITIS_LOOP_1090_1' [60]  (3.515 ns)

 <State 6>: 0.000ns
The critical path consists of the following:


============================================================
+ Verbose Summary: Binding
============================================================
N/A
* FSMD analyzer results:
  - Output states:
 - Input state : 
  - Chain level:
	State 1
	State 2
	State 3
	State 4
	State 5
	State 6


============================================================
+ Verbose Summary: Datapath Resource usage 
============================================================
N/A
