

================================================================
== Vitis HLS Report for 'AXIvideo2MultiPixStream_Pipeline_loop_width'
================================================================
* Date:           Thu Mar  5 12:49:41 2026

* Version:        2025.2 (Build 6295257 on Nov 14 2025)
* Project:        prj
* Solution:       sol (Vivado IP Flow Target)
* Product family: zynq
* Target device:  xc7z020-clg400-2


================================================================
== Performance Estimates
================================================================
+ Timing: 
    * Summary: 
    +--------+---------+----------+------------+
    |  Clock |  Target | Estimated| Uncertainty|
    +--------+---------+----------+------------+
    |ap_clk  |  6.67 ns|  4.078 ns|     1.80 ns|
    +--------+---------+----------+------------+

+ Latency: 
    * Summary: 
    +---------+---------+-----------+-----------+-----+-----+-------------------+
    |  Latency (cycles) |   Latency (absolute)  |  Interval |      Pipeline     |
    |   min   |   max   |    min    |    max    | min | max |        Type       |
    +---------+---------+-----------+-----------+-----+-----+-------------------+
    |        3|     1923|  20.001 ns|  12.821 us|    0|    0|  loop pipeline stp|
    +---------+---------+-----------+-----------+-----+-----+-------------------+

    + Detail: 
        * Instance: 
        N/A

        * Loop: 
        +--------------+---------+---------+----------+-----------+-----------+----------+----------+
        |              |  Latency (cycles) | Iteration|  Initiation Interval  |   Trip   |          |
        |   Loop Name  |   min   |   max   |  Latency |  achieved |   target  |   Count  | Pipelined|
        +--------------+---------+---------+----------+-----------+-----------+----------+----------+
        |- loop_width  |        1|     1921|         3|          1|          1|  0 ~ 1920|       yes|
        +--------------+---------+---------+----------+-----------+-----------+----------+----------+



================================================================
== Utilization Estimates
================================================================
* Summary: 
+-----------------+---------+-----+--------+-------+-----+
|       Name      | BRAM_18K| DSP |   FF   |  LUT  | URAM|
+-----------------+---------+-----+--------+-------+-----+
|DSP              |        -|    -|       -|      -|    -|
|Expression       |        -|    -|       0|     30|    -|
|FIFO             |        -|    -|       -|      -|    -|
|Instance         |        -|    -|       -|      -|    -|
|Memory           |        -|    -|       -|      -|    -|
|Multiplexer      |        -|    -|       0|    108|    -|
|Register         |        -|    -|      45|      -|    -|
+-----------------+---------+-----+--------+-------+-----+
|Total            |        0|    0|      45|    138|    0|
+-----------------+---------+-----+--------+-------+-----+
|Available        |      280|  220|  106400|  53200|    0|
+-----------------+---------+-----+--------+-------+-----+
|Utilization (%)  |        0|    0|      ~0|     ~0|    0|
+-----------------+---------+-----+--------+-------+-----+

+ Detail: 
    * Instance: 
    N/A

    * DSP: 
    N/A

    * Memory: 
    N/A

    * FIFO: 
    N/A

    * Expression: 
    +----------------------------------+----------+----+---+----+------------+------------+
    |           Variable Name          | Operation| DSP| FF| LUT| Bitwidth P0| Bitwidth P1|
    +----------------------------------+----------+----+---+----+------------+------------+
    |j_4_fu_207_p2                     |         +|   0|  0|  11|          11|           1|
    |ap_block_state2_pp0_stage0_iter1  |       and|   0|  0|   1|           1|           1|
    |ap_block_state3_pp0_stage0_iter2  |       and|   0|  0|   1|           1|           1|
    |ap_condition_271                  |       and|   0|  0|   1|           1|           1|
    |ap_predicate_op39_read_state2     |       and|   0|  0|   1|           1|           1|
    |icmp_ln3775_fu_201_p2             |      icmp|   0|  0|  11|          11|          11|
    |ap_block_pp0_stage0_01001         |        or|   0|  0|   1|           1|           1|
    |or_ln3779_fu_218_p2               |        or|   0|  0|   1|           1|           1|
    |ap_enable_pp0                     |       xor|   0|  0|   2|           1|           2|
    +----------------------------------+----------+----+---+----+------------+------------+
    |Total                             |          |   0|  0|  30|          29|          20|
    +----------------------------------+----------+----+---+----+------------+------------+

    * Multiplexer: 
    +------------------------------+----+-----------+-----+-----------+
    |             Name             | LUT| Input Size| Bits| Total Bits|
    +------------------------------+----+-----------+-----+-----------+
    |ap_done_int                   |   9|          2|    1|          2|
    |ap_enable_reg_pp0_iter2       |   9|          2|    1|          2|
    |ap_phi_mux_eol_phi_fu_165_p4  |   9|          2|    1|          2|
    |ap_phi_mux_sof_phi_fu_176_p4  |   9|          2|    1|          2|
    |ap_sig_allocacmp_j_3          |   9|          2|   11|         22|
    |eol_reg_161                   |   9|          2|    1|          2|
    |j_fu_86                       |   9|          2|   11|         22|
    |p_0_0_0_0144310_fu_90         |   9|          2|   24|         48|
    |p_4_0_0_0152319_fu_94         |   9|          2|    1|          2|
    |s_axis_video_TDATA_blk_n      |   9|          2|    1|          2|
    |sof_reg_172                   |   9|          2|    1|          2|
    |srcLayer0_blk_n               |   9|          2|    1|          2|
    +------------------------------+----+-----------+-----+-----------+
    |Total                         | 108|         24|   55|        110|
    +------------------------------+----+-----------+-----+-----------+

    * Register: 
    +-----------------------------------+----+----+-----+-----------+
    |                Name               | FF | LUT| Bits| Const Bits|
    +-----------------------------------+----+----+-----+-----------+
    |ap_CS_fsm                          |   1|   0|    1|          0|
    |ap_done_reg                        |   1|   0|    1|          0|
    |ap_enable_reg_pp0_iter1            |   1|   0|    1|          0|
    |ap_enable_reg_pp0_iter2            |   1|   0|    1|          0|
    |ap_loop_exit_ready_pp0_iter1_reg   |   1|   0|    1|          0|
    |eol_reg_161                        |   1|   0|    1|          0|
    |icmp_ln3775_reg_305                |   1|   0|    1|          0|
    |icmp_ln3775_reg_305_pp0_iter1_reg  |   1|   0|    1|          0|
    |j_fu_86                            |  11|   0|   11|          0|
    |p_0_0_0_0144310_fu_90              |  24|   0|   24|          0|
    |p_4_0_0_0152319_fu_94              |   1|   0|    1|          0|
    |sof_reg_172                        |   1|   0|    1|          0|
    +-----------------------------------+----+----+-----+-----------+
    |Total                              |  45|   0|   45|          0|
    +-----------------------------------+----+----+-----+-----------+



================================================================
== Interface
================================================================
* Summary: 
+----------------------------+-----+-----+------------+---------------------------------------------+--------------+
|          RTL Ports         | Dir | Bits|  Protocol  |                Source Object                |    C Type    |
+----------------------------+-----+-----+------------+---------------------------------------------+--------------+
|ap_clk                      |   in|    1|  ap_ctrl_hs|  AXIvideo2MultiPixStream_Pipeline_loop_width|  return value|
|ap_rst                      |   in|    1|  ap_ctrl_hs|  AXIvideo2MultiPixStream_Pipeline_loop_width|  return value|
|ap_start                    |   in|    1|  ap_ctrl_hs|  AXIvideo2MultiPixStream_Pipeline_loop_width|  return value|
|ap_done                     |  out|    1|  ap_ctrl_hs|  AXIvideo2MultiPixStream_Pipeline_loop_width|  return value|
|ap_idle                     |  out|    1|  ap_ctrl_hs|  AXIvideo2MultiPixStream_Pipeline_loop_width|  return value|
|ap_ready                    |  out|    1|  ap_ctrl_hs|  AXIvideo2MultiPixStream_Pipeline_loop_width|  return value|
|s_axis_video_TVALID         |   in|    1|        axis|                        s_axis_video_V_data_V|       pointer|
|s_axis_video_TDATA          |   in|   24|        axis|                        s_axis_video_V_data_V|       pointer|
|srcLayer0_din               |  out|   24|     ap_fifo|                                    srcLayer0|       pointer|
|srcLayer0_full_n            |   in|    1|     ap_fifo|                                    srcLayer0|       pointer|
|srcLayer0_write             |  out|    1|     ap_fifo|                                    srcLayer0|       pointer|
|srcLayer0_num_data_valid    |   in|    3|     ap_fifo|                                    srcLayer0|       pointer|
|srcLayer0_fifo_cap          |   in|    3|     ap_fifo|                                    srcLayer0|       pointer|
|p_4_0_0_0152318_lcssa343    |   in|    1|     ap_none|                     p_4_0_0_0152318_lcssa343|        scalar|
|p_0_0_0_0144311_lcssa327    |   in|   24|     ap_none|                     p_0_0_0_0144311_lcssa327|        scalar|
|sof_3                       |   in|    1|     ap_none|                                        sof_3|        scalar|
|cols                        |   in|   11|     ap_none|                                         cols|        scalar|
|s_axis_video_TREADY         |  out|    1|        axis|                        s_axis_video_V_dest_V|       pointer|
|s_axis_video_TDEST          |   in|    1|        axis|                        s_axis_video_V_dest_V|       pointer|
|s_axis_video_TKEEP          |   in|    3|        axis|                        s_axis_video_V_keep_V|       pointer|
|s_axis_video_TSTRB          |   in|    3|        axis|                        s_axis_video_V_strb_V|       pointer|
|s_axis_video_TUSER          |   in|    1|        axis|                        s_axis_video_V_user_V|       pointer|
|s_axis_video_TLAST          |   in|    1|        axis|                        s_axis_video_V_last_V|       pointer|
|s_axis_video_TID            |   in|    1|        axis|                          s_axis_video_V_id_V|       pointer|
|p_4_0_0_0152319_out         |  out|    1|      ap_vld|                          p_4_0_0_0152319_out|       pointer|
|p_4_0_0_0152319_out_ap_vld  |  out|    1|      ap_vld|                          p_4_0_0_0152319_out|       pointer|
|p_0_0_0_0144310_out         |  out|   24|      ap_vld|                          p_0_0_0_0144310_out|       pointer|
|p_0_0_0_0144310_out_ap_vld  |  out|    1|      ap_vld|                          p_0_0_0_0144310_out|       pointer|
+----------------------------+-----+-----+------------+---------------------------------------------+--------------+

