

================================================================
== Vitis HLS Report for 'Bytes2MultiPixStream_10_Pipeline_VITIS_LOOP_1104_2'
================================================================
* Date:           Thu Mar  5 12:49:41 2026

* Version:        2025.2 (Build 6295257 on Nov 14 2025)
* Project:        prj
* Solution:       sol (Vivado IP Flow Target)
* Product family: zynq
* Target device:  xc7z020-clg400-2


================================================================
== Performance Estimates
================================================================
+ Timing: 
    * Summary: 
    +--------+---------+----------+------------+
    |  Clock |  Target | Estimated| Uncertainty|
    +--------+---------+----------+------------+
    |ap_clk  |  6.67 ns|  4.141 ns|     1.80 ns|
    +--------+---------+----------+------------+

+ Latency: 
    * Summary: 
    +---------+---------+-----------+----------+-----+-----+-------------------+
    |  Latency (cycles) |  Latency (absolute)  |  Interval |      Pipeline     |
    |   min   |   max   |    min    |    max   | min | max |        Type       |
    +---------+---------+-----------+----------+-----+-----+-------------------+
    |        2|    65538|  13.334 ns|  0.437 ms|    0|    0|  loop pipeline stp|
    +---------+---------+-----------+----------+-----+-----+-------------------+

    + Detail: 
        * Instance: 
        N/A

        * Loop: 
        +---------------------+---------+---------+----------+-----------+-----------+-----------+----------+
        |                     |  Latency (cycles) | Iteration|  Initiation Interval  |    Trip   |          |
        |      Loop Name      |   min   |   max   |  Latency |  achieved |   target  |   Count   | Pipelined|
        +---------------------+---------+---------+----------+-----------+-----------+-----------+----------+
        |- VITIS_LOOP_1104_2  |        0|    65536|         3|          1|          1|  0 ~ 65535|       yes|
        +---------------------+---------+---------+----------+-----------+-----------+-----------+----------+



================================================================
== Utilization Estimates
================================================================
* Summary: 
+-----------------+---------+-----+--------+-------+-----+
|       Name      | BRAM_18K| DSP |   FF   |  LUT  | URAM|
+-----------------+---------+-----+--------+-------+-----+
|DSP              |        -|    -|       -|      -|    -|
|Expression       |        -|    -|       0|     36|    -|
|FIFO             |        -|    -|       -|      -|    -|
|Instance         |        -|    -|       -|      -|    -|
|Memory           |        -|    -|       -|      -|    -|
|Multiplexer      |        -|    -|       0|     67|    -|
|Register         |        -|    -|      86|      -|    -|
+-----------------+---------+-----+--------+-------+-----+
|Total            |        0|    0|      86|    103|    0|
+-----------------+---------+-----+--------+-------+-----+
|Available        |      280|  220|  106400|  53200|    0|
+-----------------+---------+-----+--------+-------+-----+
|Utilization (%)  |        0|    0|      ~0|     ~0|    0|
+-----------------+---------+-----+--------+-------+-----+

+ Detail: 
    * Instance: 
    N/A

    * DSP: 
    N/A

    * Memory: 
    N/A

    * FIFO: 
    N/A

    * Expression: 
    +---------------------------------------+----------+----+---+----+------------+------------+
    |             Variable Name             | Operation| DSP| FF| LUT| Bitwidth P0| Bitwidth P1|
    +---------------------------------------+----------+----+---+----+------------+------------+
    |x_19_fu_100_p2                         |         +|   0|  0|  16|          16|           1|
    |ap_block_state2_pp0_stage0_iter1_grp1  |       and|   0|  0|   1|           1|           1|
    |icmp_ln1104_fu_94_p2                   |      icmp|   0|  0|  16|          16|          16|
    |ap_block_pp0_stage0_01001_grp1         |        or|   0|  0|   1|           1|           1|
    |ap_enable_pp0                          |       xor|   0|  0|   2|           1|           2|
    +---------------------------------------+----------+----+---+----+------------+------------+
    |Total                                  |          |   0|  0|  36|          35|          21|
    +---------------------------------------+----------+----+---+----+------------+------------+

    * Multiplexer: 
    +--------------------------+----+-----------+-----+-----------+
    |           Name           | LUT| Input Size| Bits| Total Bits|
    +--------------------------+----+-----------+-----+-----------+
    |ap_done_int               |   9|          2|    1|          2|
    |ap_enable_reg_pp0_iter1   |   9|          2|    1|          2|
    |ap_sig_allocacmp_x        |   9|          2|   16|         32|
    |bytesLayer1_plane0_blk_n  |   9|          2|    1|          2|
    |fb_pix_fu_54              |  13|          3|   64|        192|
    |srcLayer1_blk_n           |   9|          2|    1|          2|
    |x_04_fu_58                |   9|          2|   16|         32|
    +--------------------------+----+-----------+-----+-----------+
    |Total                     |  67|         15|  100|        264|
    +--------------------------+----+-----------+-----+-----------+

    * Register: 
    +----------------------------------+----+----+-----+-----------+
    |               Name               | FF | LUT| Bits| Const Bits|
    +----------------------------------+----+----+-----+-----------+
    |ap_CS_fsm                         |   1|   0|    1|          0|
    |ap_done_reg                       |   1|   0|    1|          0|
    |ap_enable_reg_pp0_iter1           |   1|   0|    1|          0|
    |ap_enable_reg_pp0_iter2           |   1|   0|    1|          0|
    |ap_loop_exit_ready_pp0_iter1_reg  |   1|   0|    1|          0|
    |fb_pix_fu_54                      |  64|   0|   64|          0|
    |x_04_fu_58                        |  16|   0|   16|          0|
    |xmodratio_reg_170                 |   1|   0|    1|          0|
    +----------------------------------+----+----+-----+-----------+
    |Total                             |  86|   0|   86|          0|
    +----------------------------------+----+----+-----+-----------+



================================================================
== Interface
================================================================
* Summary: 
+-----------------------------------+-----+-----+------------+-----------------------------------------------------+--------------+
|             RTL Ports             | Dir | Bits|  Protocol  |                    Source Object                    |    C Type    |
+-----------------------------------+-----+-----+------------+-----------------------------------------------------+--------------+
|ap_clk                             |   in|    1|  ap_ctrl_hs|  Bytes2MultiPixStream<10>_Pipeline_VITIS_LOOP_1104_2|  return value|
|ap_rst                             |   in|    1|  ap_ctrl_hs|  Bytes2MultiPixStream<10>_Pipeline_VITIS_LOOP_1104_2|  return value|
|ap_start                           |   in|    1|  ap_ctrl_hs|  Bytes2MultiPixStream<10>_Pipeline_VITIS_LOOP_1104_2|  return value|
|ap_done                            |  out|    1|  ap_ctrl_hs|  Bytes2MultiPixStream<10>_Pipeline_VITIS_LOOP_1104_2|  return value|
|ap_idle                            |  out|    1|  ap_ctrl_hs|  Bytes2MultiPixStream<10>_Pipeline_VITIS_LOOP_1104_2|  return value|
|ap_ready                           |  out|    1|  ap_ctrl_hs|  Bytes2MultiPixStream<10>_Pipeline_VITIS_LOOP_1104_2|  return value|
|bytesLayer1_plane0_dout            |   in|   64|     ap_fifo|                                   bytesLayer1_plane0|       pointer|
|bytesLayer1_plane0_empty_n         |   in|    1|     ap_fifo|                                   bytesLayer1_plane0|       pointer|
|bytesLayer1_plane0_read            |  out|    1|     ap_fifo|                                   bytesLayer1_plane0|       pointer|
|bytesLayer1_plane0_num_data_valid  |   in|    3|     ap_fifo|                                   bytesLayer1_plane0|       pointer|
|bytesLayer1_plane0_fifo_cap        |   in|    3|     ap_fifo|                                   bytesLayer1_plane0|       pointer|
|srcLayer1_din                      |  out|   24|     ap_fifo|                                            srcLayer1|       pointer|
|srcLayer1_full_n                   |   in|    1|     ap_fifo|                                            srcLayer1|       pointer|
|srcLayer1_write                    |  out|    1|     ap_fifo|                                            srcLayer1|       pointer|
|srcLayer1_num_data_valid           |   in|   32|     ap_fifo|                                            srcLayer1|       pointer|
|srcLayer1_fifo_cap                 |   in|   32|     ap_fifo|                                            srcLayer1|       pointer|
|Width                              |   in|   16|   ap_stable|                                                Width|        scalar|
+-----------------------------------+-----+-----+------------+-----------------------------------------------------+--------------+

