

================================================================
== Vitis HLS Report for 'v_mix_core_alpha_true_false_Pipeline_VITIS_LOOP_395_3'
================================================================
* Date:           Thu Mar  5 12:49:41 2026

* Version:        2025.2 (Build 6295257 on Nov 14 2025)
* Project:        prj
* Solution:       sol (Vivado IP Flow Target)
* Product family: zynq
* Target device:  xc7z020-clg400-2


================================================================
== Performance Estimates
================================================================
+ Timing: 
    * Summary: 
    +--------+---------+----------+------------+
    |  Clock |  Target | Estimated| Uncertainty|
    +--------+---------+----------+------------+
    |ap_clk  |  6.67 ns|  4.193 ns|     1.80 ns|
    +--------+---------+----------+------------+

+ Latency: 
    * Summary: 
    +---------+---------+----------+-----------+-----+-----+-------------------+
    |  Latency (cycles) |  Latency (absolute)  |  Interval |      Pipeline     |
    |   min   |   max   |    min   |    max    | min | max |        Type       |
    +---------+---------+----------+-----------+-----+-----+-------------------+
    |       70|     1926|  0.467 us|  12.841 us|    0|    0|  loop pipeline stp|
    +---------+---------+----------+-----------+-----+-----+-------------------+

    + Detail: 
        * Instance: 
        N/A

        * Loop: 
        +--------------------+---------+---------+----------+-----------+-----------+-----------+----------+
        |                    |  Latency (cycles) | Iteration|  Initiation Interval  |    Trip   |          |
        |      Loop Name     |   min   |   max   |  Latency |  achieved |   target  |   Count   | Pipelined|
        +--------------------+---------+---------+----------+-----------+-----------+-----------+----------+
        |- VITIS_LOOP_395_3  |       68|     1924|         6|          1|          1|  64 ~ 1920|       yes|
        +--------------------+---------+---------+----------+-----------+-----------+-----------+----------+



================================================================
== Utilization Estimates
================================================================
* Summary: 
+-----------------+---------+-----+--------+-------+-----+
|       Name      | BRAM_18K| DSP |   FF   |  LUT  | URAM|
+-----------------+---------+-----+--------+-------+-----+
|DSP              |        -|    3|       -|      -|    -|
|Expression       |        -|    -|       0|     96|    -|
|FIFO             |        -|    -|       -|      -|    -|
|Instance         |        -|    -|       -|      -|    -|
|Memory           |        -|    -|       -|      -|    -|
|Multiplexer      |        -|    -|       0|    157|    -|
|Register         |        -|    -|     283|     96|    -|
+-----------------+---------+-----+--------+-------+-----+
|Total            |        0|    3|     283|    349|    0|
+-----------------+---------+-----+--------+-------+-----+
|Available        |      280|  220|  106400|  53200|    0|
+-----------------+---------+-----+--------+-------+-----+
|Utilization (%)  |        0|    1|      ~0|     ~0|    0|
+-----------------+---------+-----+--------+-------+-----+

+ Detail: 
    * Instance: 
    N/A

    * DSP: 
    +-----------------------------------+------------------------------+--------------+
    |              Instance             |            Module            |  Expression  |
    +-----------------------------------+------------------------------+--------------+
    |mac_muladd_9ns_9s_16s_16_4_1_U132  |mac_muladd_9ns_9s_16s_16_4_1  |  i0 * i1 + i2|
    |mac_muladd_9s_9ns_16s_16_4_1_U130  |mac_muladd_9s_9ns_16s_16_4_1  |  i0 * i1 + i2|
    |mac_muladd_9s_9ns_16s_16_4_1_U131  |mac_muladd_9s_9ns_16s_16_4_1  |  i0 * i1 + i2|
    +-----------------------------------+------------------------------+--------------+

    * Memory: 
    N/A

    * FIFO: 
    N/A

    * Expression: 
    +----------------------------------+----------+----+---+----+------------+------------+
    |           Variable Name          | Operation| DSP| FF| LUT| Bitwidth P0| Bitwidth P1|
    +----------------------------------+----------+----+---+----+------------+------------+
    |add_ln395_fu_252_p2               |         +|   0|  0|  11|          11|           1|
    |sub_ln426_1_fu_424_p2             |         -|   0|  0|   9|           9|           9|
    |sub_ln426_2_fu_442_p2             |         -|   0|  0|   9|           9|           9|
    |sub_ln426_fu_402_p2               |         -|   0|  0|   9|           9|           9|
    |and_ln407_1_fu_290_p2             |       and|   0|  0|   1|           1|           1|
    |and_ln407_2_fu_296_p2             |       and|   0|  0|   1|           1|           1|
    |and_ln407_3_fu_302_p2             |       and|   0|  0|   1|           1|           1|
    |and_ln407_fu_284_p2               |       and|   0|  0|   1|           1|           1|
    |ap_condition_195                  |       and|   0|  0|   1|           1|           1|
    |ap_condition_200                  |       and|   0|  0|   1|           1|           1|
    |ap_predicate_op50_read_state2     |       and|   0|  0|   1|           1|           1|
    |ap_predicate_op58_read_state2     |       and|   0|  0|   1|           1|           1|
    |icmp_ln395_fu_246_p2              |      icmp|   0|  0|  11|          11|          11|
    |icmp_ln408_fu_266_p2              |      icmp|   0|  0|  16|          16|          16|
    |icmp_ln409_fu_278_p2              |      icmp|   0|  0|  17|          17|          17|
    |ap_block_pp0_stage0_01001         |        or|   0|  0|   1|           1|           1|
    |ap_block_state2_pp0_stage0_iter1  |        or|   0|  0|   1|           1|           1|
    |ap_enable_pp0                     |       xor|   0|  0|   2|           1|           2|
    |xor_ln408_fu_272_p2               |       xor|   0|  0|   2|           1|           2|
    +----------------------------------+----------+----+---+----+------------+------------+
    |Total                             |          |   0|  0|  96|          94|          86|
    +----------------------------------+----------+----+---+----+------------+------------+

    * Multiplexer: 
    +-----------------------------------------------------+----+-----------+-----+-----------+
    |                         Name                        | LUT| Input Size| Bits| Total Bits|
    +-----------------------------------------------------+----+-----------+-----+-----------+
    |ap_done_int                                          |   9|          2|    1|          2|
    |ap_enable_reg_pp0_iter1                              |   9|          2|    1|          2|
    |ap_phi_reg_pp0_iter1_storemerge_0_0_0_0_013_reg_197  |   9|          2|    8|         16|
    |ap_phi_reg_pp0_iter1_storemerge_0_1_0_0_014_reg_207  |   9|          2|    8|         16|
    |ap_phi_reg_pp0_iter1_storemerge_0_2_0_0_015_reg_217  |   9|          2|    8|         16|
    |ap_phi_reg_pp0_iter2_a_reg_227                       |  13|          3|    9|         27|
    |ap_sig_allocacmp_x_9                                 |   9|          2|   11|         22|
    |outLayer0_blk_n                                      |   9|          2|    1|          2|
    |outLayer1_blk_n                                      |   9|          2|    1|          2|
    |p_out1_o                                             |   9|          2|    8|         16|
    |p_out2_o                                             |   9|          2|    8|         16|
    |p_out_o                                              |   9|          2|    8|         16|
    |srcLayer1x_blk_n                                     |   9|          2|    1|          2|
    |storemerge_0_0_0_0_013_reg_197                       |   9|          2|    8|         16|
    |storemerge_0_1_0_0_014_reg_207                       |   9|          2|    8|         16|
    |storemerge_0_2_0_0_015_reg_217                       |   9|          2|    8|         16|
    |x_fu_108                                             |   9|          2|   11|         22|
    +-----------------------------------------------------+----+-----------+-----+-----------+
    |Total                                                | 157|         35|  108|        225|
    +-----------------------------------------------------+----+-----------+-----+-----------+

    * Register: 
    +-----------------------------------------------------+----+----+-----+-----------+
    |                         Name                        | FF | LUT| Bits| Const Bits|
    +-----------------------------------------------------+----+----+-----+-----------+
    |and_ln407_3_reg_576                                  |   1|   0|    1|          0|
    |ap_CS_fsm                                            |   1|   0|    1|          0|
    |ap_done_reg                                          |   1|   0|    1|          0|
    |ap_enable_reg_pp0_iter1                              |   1|   0|    1|          0|
    |ap_enable_reg_pp0_iter2                              |   1|   0|    1|          0|
    |ap_enable_reg_pp0_iter3                              |   1|   0|    1|          0|
    |ap_enable_reg_pp0_iter4                              |   1|   0|    1|          0|
    |ap_enable_reg_pp0_iter5                              |   1|   0|    1|          0|
    |ap_loop_exit_ready_pp0_iter1_reg                     |   1|   0|    1|          0|
    |ap_loop_exit_ready_pp0_iter2_reg                     |   1|   0|    1|          0|
    |ap_loop_exit_ready_pp0_iter3_reg                     |   1|   0|    1|          0|
    |ap_loop_exit_ready_pp0_iter4_reg                     |   1|   0|    1|          0|
    |ap_phi_reg_pp0_iter1_a_reg_227                       |   9|   0|    9|          0|
    |ap_phi_reg_pp0_iter1_storemerge_0_0_0_0_013_reg_197  |   8|   0|    8|          0|
    |ap_phi_reg_pp0_iter1_storemerge_0_1_0_0_014_reg_207  |   8|   0|    8|          0|
    |ap_phi_reg_pp0_iter1_storemerge_0_2_0_0_015_reg_217  |   8|   0|    8|          0|
    |ap_phi_reg_pp0_iter2_a_reg_227                       |   9|   0|    9|          0|
    |icmp_ln395_reg_572                                   |   1|   0|    1|          0|
    |storemerge_0_0_0_0_013_reg_197                       |   8|   0|    8|          0|
    |storemerge_0_1_0_0_014_reg_207                       |   8|   0|    8|          0|
    |storemerge_0_2_0_0_015_reg_217                       |   8|   0|    8|          0|
    |tmp_4_reg_548                                        |   1|   0|    1|          0|
    |x_fu_108                                             |  11|   0|   11|          0|
    |storemerge_0_0_0_0_013_reg_197                       |  64|  32|    8|          0|
    |storemerge_0_1_0_0_014_reg_207                       |  64|  32|    8|          0|
    |storemerge_0_2_0_0_015_reg_217                       |  64|  32|    8|          0|
    +-----------------------------------------------------+----+----+-----+-----------+
    |Total                                                | 283|  96|  115|          0|
    +-----------------------------------------------------+----+----+-----+-----------+



================================================================
== Interface
================================================================
* Summary: 
+---------------------------+-----+-----+------------+---------------------------------------------------------+--------------+
|         RTL Ports         | Dir | Bits|  Protocol  |                      Source Object                      |    C Type    |
+---------------------------+-----+-----+------------+---------------------------------------------------------+--------------+
|ap_clk                     |   in|    1|  ap_ctrl_hs|  v_mix_core_alpha<true, false>_Pipeline_VITIS_LOOP_395_3|  return value|
|ap_rst                     |   in|    1|  ap_ctrl_hs|  v_mix_core_alpha<true, false>_Pipeline_VITIS_LOOP_395_3|  return value|
|ap_start                   |   in|    1|  ap_ctrl_hs|  v_mix_core_alpha<true, false>_Pipeline_VITIS_LOOP_395_3|  return value|
|ap_done                    |  out|    1|  ap_ctrl_hs|  v_mix_core_alpha<true, false>_Pipeline_VITIS_LOOP_395_3|  return value|
|ap_idle                    |  out|    1|  ap_ctrl_hs|  v_mix_core_alpha<true, false>_Pipeline_VITIS_LOOP_395_3|  return value|
|ap_ready                   |  out|    1|  ap_ctrl_hs|  v_mix_core_alpha<true, false>_Pipeline_VITIS_LOOP_395_3|  return value|
|outLayer0_dout             |   in|   24|     ap_fifo|                                                outLayer0|       pointer|
|outLayer0_empty_n          |   in|    1|     ap_fifo|                                                outLayer0|       pointer|
|outLayer0_read             |  out|    1|     ap_fifo|                                                outLayer0|       pointer|
|outLayer0_num_data_valid   |   in|    3|     ap_fifo|                                                outLayer0|       pointer|
|outLayer0_fifo_cap         |   in|    3|     ap_fifo|                                                outLayer0|       pointer|
|srcLayer1x_dout            |   in|   24|     ap_fifo|                                               srcLayer1x|       pointer|
|srcLayer1x_empty_n         |   in|    1|     ap_fifo|                                               srcLayer1x|       pointer|
|srcLayer1x_read            |  out|    1|     ap_fifo|                                               srcLayer1x|       pointer|
|srcLayer1x_num_data_valid  |   in|    3|     ap_fifo|                                               srcLayer1x|       pointer|
|srcLayer1x_fifo_cap        |   in|    3|     ap_fifo|                                               srcLayer1x|       pointer|
|outLayer1_din              |  out|   24|     ap_fifo|                                                outLayer1|       pointer|
|outLayer1_full_n           |   in|    1|     ap_fifo|                                                outLayer1|       pointer|
|outLayer1_write            |  out|    1|     ap_fifo|                                                outLayer1|       pointer|
|outLayer1_num_data_valid   |   in|   32|     ap_fifo|                                                outLayer1|       pointer|
|outLayer1_fifo_cap         |   in|   32|     ap_fifo|                                                outLayer1|       pointer|
|hwReg_width_val            |   in|   11|   ap_stable|                                          hwReg_width_val|        scalar|
|alpha                      |   in|    9|     ap_none|                                                    alpha|        scalar|
|hwReg_background_Y_R_val   |   in|    8|   ap_stable|                                 hwReg_background_Y_R_val|        scalar|
|hwReg_background_U_G_val   |   in|    8|   ap_stable|                                 hwReg_background_U_G_val|        scalar|
|hwReg_background_V_B_val   |   in|    8|   ap_stable|                                 hwReg_background_V_B_val|        scalar|
|hwReg_layerStartX_1_val    |   in|   16|   ap_stable|                                  hwReg_layerStartX_1_val|        scalar|
|add_ln409                  |   in|   17|   ap_stable|                                                add_ln409|        scalar|
|icmp_ln407_1               |   in|    1|     ap_none|                                             icmp_ln407_1|        scalar|
|rev7                       |   in|    1|     ap_none|                                                     rev7|        scalar|
|empty_60                   |   in|    1|   ap_stable|                                                 empty_60|        scalar|
|empty                      |   in|    1|   ap_stable|                                                    empty|        scalar|
|p_out_i                    |   in|    8|     ap_ovld|                                                    p_out|       pointer|
|p_out_o                    |  out|    8|     ap_ovld|                                                    p_out|       pointer|
|p_out_o_ap_vld             |  out|    1|     ap_ovld|                                                    p_out|       pointer|
|p_out1_i                   |   in|    8|     ap_ovld|                                                   p_out1|       pointer|
|p_out1_o                   |  out|    8|     ap_ovld|                                                   p_out1|       pointer|
|p_out1_o_ap_vld            |  out|    1|     ap_ovld|                                                   p_out1|       pointer|
|p_out2_i                   |   in|    8|     ap_ovld|                                                   p_out2|       pointer|
|p_out2_o                   |  out|    8|     ap_ovld|                                                   p_out2|       pointer|
|p_out2_o_ap_vld            |  out|    1|     ap_ovld|                                                   p_out2|       pointer|
+---------------------------+-----+-----+------------+---------------------------------------------------------+--------------+

