

================================================================
== Vitis HLS Report for 'Bytes2MultiPixStream_Pipeline_VITIS_LOOP_954_8'
================================================================
* Date:           Mon Mar 16 15:10:46 2026

* Version:        2025.2 (Build 6295257 on Nov 14 2025)
* Project:        prj
* Solution:       sol (Vivado IP Flow Target)
* Product family: zynq
* Target device:  xc7z020-clg400-2


================================================================
== Performance Estimates
================================================================
+ Timing: 
    * Summary: 
    +--------+---------+----------+------------+
    |  Clock |  Target | Estimated| Uncertainty|
    +--------+---------+----------+------------+
    |ap_clk  |  6.52 ns|  4.761 ns|     1.76 ns|
    +--------+---------+----------+------------+

+ Latency: 
    * Summary: 
    +---------+---------+-----------+-----------+-----+-----+-------------------+
    |  Latency (cycles) |   Latency (absolute)  |  Interval |      Pipeline     |
    |   min   |   max   |    min    |    max    | min | max |        Type       |
    +---------+---------+-----------+-----------+-----+-----+-------------------+
    |        2|    11522|  13.044 ns|  75.146 us|    0|    0|  loop pipeline stp|
    +---------+---------+-----------+-----------+-----+-----+-------------------+

    + Detail: 
        * Instance: 
        N/A

        * Loop: 
        +--------------------+---------+---------+----------+-----------+-----------+----------+----------+
        |                    |  Latency (cycles) | Iteration|  Initiation Interval  |   Trip   |          |
        |      Loop Name     |   min   |   max   |  Latency |  achieved |   target  |   Count  | Pipelined|
        +--------------------+---------+---------+----------+-----------+-----------+----------+----------+
        |- VITIS_LOOP_954_8  |        0|    11520|         9|          8|          8|  0 ~ 1440|       yes|
        +--------------------+---------+---------+----------+-----------+-----------+----------+----------+



================================================================
== Utilization Estimates
================================================================
* Summary: 
+-----------------+---------+-----+--------+-------+-----+
|       Name      | BRAM_18K| DSP |   FF   |  LUT  | URAM|
+-----------------+---------+-----+--------+-------+-----+
|DSP              |        -|    -|       -|      -|    -|
|Expression       |        -|    -|       0|     74|    -|
|FIFO             |        -|    -|       -|      -|    -|
|Instance         |        -|    -|       -|      -|    -|
|Memory           |        -|    -|       -|      -|    -|
|Multiplexer      |        -|    -|       0|    164|    -|
|Register         |        -|    -|     143|      -|    -|
+-----------------+---------+-----+--------+-------+-----+
|Total            |        0|    0|     143|    238|    0|
+-----------------+---------+-----+--------+-------+-----+
|Available        |      280|  220|  106400|  53200|    0|
+-----------------+---------+-----+--------+-------+-----+
|Utilization (%)  |        0|    0|      ~0|     ~0|    0|
+-----------------+---------+-----+--------+-------+-----+

+ Detail: 
    * Instance: 
    N/A

    * DSP: 
    N/A

    * Memory: 
    N/A

    * FIFO: 
    N/A

    * Expression: 
    +---------------------------------------+----------+----+---+----+------------+------------+
    |             Variable Name             | Operation| DSP| FF| LUT| Bitwidth P0| Bitwidth P1|
    +---------------------------------------+----------+----+---+----+------------+------------+
    |x_2_fu_237_p2                          |         +|   0|  0|  11|          11|           1|
    |and_ln962_fu_253_p2                    |       and|   0|  0|   1|           1|           1|
    |ap_block_pp0_stage0_01001_grp8         |       and|   0|  0|   1|           1|           1|
    |ap_block_pp0_stage1_01001_grp1         |       and|   0|  0|   1|           1|           1|
    |ap_block_pp0_stage2_01001_grp2         |       and|   0|  0|   1|           1|           1|
    |ap_block_pp0_stage3_01001_grp3         |       and|   0|  0|   1|           1|           1|
    |ap_block_pp0_stage4_01001_grp4         |       and|   0|  0|   1|           1|           1|
    |ap_block_pp0_stage5_01001_grp5         |       and|   0|  0|   1|           1|           1|
    |ap_block_pp0_stage6_01001_grp6         |       and|   0|  0|   1|           1|           1|
    |ap_block_pp0_stage7_01001_grp7         |       and|   0|  0|   1|           1|           1|
    |ap_block_state3_pp0_stage2_iter0_grp2  |       and|   0|  0|   1|           1|           1|
    |ap_block_state4_pp0_stage3_iter0_grp3  |       and|   0|  0|   1|           1|           1|
    |ap_block_state5_pp0_stage4_iter0_grp4  |       and|   0|  0|   1|           1|           1|
    |ap_block_state6_pp0_stage5_iter0_grp5  |       and|   0|  0|   1|           1|           1|
    |ap_block_state7_pp0_stage6_iter0_grp6  |       and|   0|  0|   1|           1|           1|
    |ap_block_state8_pp0_stage7_iter0_grp7  |       and|   0|  0|   1|           1|           1|
    |ap_block_state9_pp0_stage0_iter1_grp8  |       and|   0|  0|   1|           1|           1|
    |ap_predicate_op101_write_state7        |       and|   0|  0|   1|           1|           1|
    |ap_predicate_op105_write_state8        |       and|   0|  0|   1|           1|           1|
    |ap_predicate_op62_read_state2          |       and|   0|  0|   1|           1|           1|
    |ap_predicate_op85_write_state3         |       and|   0|  0|   1|           1|           1|
    |ap_predicate_op89_write_state4         |       and|   0|  0|   1|           1|           1|
    |ap_predicate_op93_write_state5         |       and|   0|  0|   1|           1|           1|
    |ap_predicate_op97_write_state6         |       and|   0|  0|   1|           1|           1|
    |icmp_ln954_fu_231_p2                   |      icmp|   0|  0|  11|          11|          11|
    |icmp_ln962_fu_247_p2                   |      icmp|   0|  0|   7|           5|           5|
    |icmp_ln975_fu_259_p2                   |      icmp|   0|  0|  12|          12|          12|
    |ap_block_state2_pp0_stage1_iter0_grp1  |        or|   0|  0|   1|           1|           1|
    |or_ln975_1_fu_271_p2                   |        or|   0|  0|   1|           1|           1|
    |or_ln975_2_fu_277_p2                   |        or|   0|  0|   1|           1|           1|
    |or_ln975_3_fu_283_p2                   |        or|   0|  0|   1|           1|           1|
    |or_ln975_4_fu_289_p2                   |        or|   0|  0|   1|           1|           1|
    |or_ln975_5_fu_295_p2                   |        or|   0|  0|   1|           1|           1|
    |or_ln975_6_fu_301_p2                   |        or|   0|  0|   1|           1|           1|
    |or_ln975_fu_265_p2                     |        or|   0|  0|   1|           1|           1|
    |ap_enable_pp0                          |       xor|   0|  0|   2|           1|           2|
    +---------------------------------------+----------+----+---+----+------------+------------+
    |Total                                  |          |   0|  0|  74|          71|          62|
    +---------------------------------------+----------+----+---+----+------------+------------+

    * Multiplexer: 
    +---------------------------------+----+-----------+-----+-----------+
    |               Name              | LUT| Input Size| Bits| Total Bits|
    +---------------------------------+----+-----------+-----+-----------+
    |ap_NS_fsm                        |  37|          9|    1|          9|
    |ap_done_int                      |   9|          2|    1|          2|
    |ap_enable_reg_pp0_iter0          |   9|          2|    1|          2|
    |ap_enable_reg_pp0_iter0_reg      |   9|          2|    1|          2|
    |ap_enable_reg_pp0_iter1          |   9|          2|    1|          2|
    |ap_phi_mux_rdUv_1_phi_fu_215_p4  |   9|          2|   64|        128|
    |ap_sig_allocacmp_x_1             |   9|          2|   11|         22|
    |bytePlanes_plane0_blk_n          |   9|          2|    1|          2|
    |bytePlanes_plane1_blk_n          |   9|          2|    1|          2|
    |img_blk_n                        |   9|          2|    1|          2|
    |img_din                          |  37|          9|   24|        216|
    |x_fu_122                         |   9|          2|   11|         22|
    +---------------------------------+----+-----------+-----+-----------+
    |Total                            | 164|         38|  118|        411|
    +---------------------------------+----+-----------+-----+-----------+

    * Register: 
    +-----------------------------+----+----+-----+-----------+
    |             Name            | FF | LUT| Bits| Const Bits|
    +-----------------------------+----+----+-----+-----------+
    |and_ln962_reg_547            |   1|   0|    1|          0|
    |ap_CS_fsm                    |   8|   0|    8|          0|
    |ap_done_reg                  |   1|   0|    1|          0|
    |ap_enable_reg_pp0_iter0_reg  |   1|   0|    1|          0|
    |ap_enable_reg_pp0_iter1      |   1|   0|    1|          0|
    |icmp_ln954_reg_543           |   1|   0|    1|          0|
    |or_ln975_1_reg_555           |   1|   0|    1|          0|
    |or_ln975_2_reg_559           |   1|   0|    1|          0|
    |or_ln975_3_reg_563           |   1|   0|    1|          0|
    |or_ln975_4_reg_567           |   1|   0|    1|          0|
    |or_ln975_5_reg_571           |   1|   0|    1|          0|
    |or_ln975_6_reg_575           |   1|   0|    1|          0|
    |or_ln975_reg_551             |   1|   0|    1|          0|
    |tmp_10_reg_609               |   8|   0|    8|          0|
    |tmp_11_reg_614               |   8|   0|    8|          0|
    |tmp_13_reg_619               |   8|   0|    8|          0|
    |tmp_14_reg_624               |   8|   0|    8|          0|
    |tmp_16_reg_629               |   8|   0|    8|          0|
    |tmp_17_reg_634               |   8|   0|    8|          0|
    |tmp_19_reg_639               |   8|   0|    8|          0|
    |tmp_1_reg_579                |   8|   0|    8|          0|
    |tmp_20_reg_644               |   8|   0|    8|          0|
    |tmp_2_reg_584                |   8|   0|    8|          0|
    |tmp_4_reg_589                |   8|   0|    8|          0|
    |tmp_5_reg_594                |   8|   0|    8|          0|
    |tmp_7_reg_599                |   8|   0|    8|          0|
    |tmp_8_reg_604                |   8|   0|    8|          0|
    |x_fu_122                     |  11|   0|   11|          0|
    +-----------------------------+----+----+-----+-----------+
    |Total                        | 143|   0|  143|          0|
    +-----------------------------+----+----+-----+-----------+



================================================================
== Interface
================================================================
* Summary: 
+----------------------------------+-----+-----+------------+------------------------------------------------+--------------+
|             RTL Ports            | Dir | Bits|  Protocol  |                  Source Object                 |    C Type    |
+----------------------------------+-----+-----+------------+------------------------------------------------+--------------+
|ap_clk                            |   in|    1|  ap_ctrl_hs|  Bytes2MultiPixStream_Pipeline_VITIS_LOOP_954_8|  return value|
|ap_rst                            |   in|    1|  ap_ctrl_hs|  Bytes2MultiPixStream_Pipeline_VITIS_LOOP_954_8|  return value|
|ap_start                          |   in|    1|  ap_ctrl_hs|  Bytes2MultiPixStream_Pipeline_VITIS_LOOP_954_8|  return value|
|ap_done                           |  out|    1|  ap_ctrl_hs|  Bytes2MultiPixStream_Pipeline_VITIS_LOOP_954_8|  return value|
|ap_idle                           |  out|    1|  ap_ctrl_hs|  Bytes2MultiPixStream_Pipeline_VITIS_LOOP_954_8|  return value|
|ap_ready                          |  out|    1|  ap_ctrl_hs|  Bytes2MultiPixStream_Pipeline_VITIS_LOOP_954_8|  return value|
|img_din                           |  out|   24|     ap_fifo|                                             img|       pointer|
|img_full_n                        |   in|    1|     ap_fifo|                                             img|       pointer|
|img_write                         |  out|    1|     ap_fifo|                                             img|       pointer|
|img_num_data_valid                |   in|   32|     ap_fifo|                                             img|       pointer|
|img_fifo_cap                      |   in|   32|     ap_fifo|                                             img|       pointer|
|bytePlanes_plane0_dout            |   in|   64|     ap_fifo|                               bytePlanes_plane0|       pointer|
|bytePlanes_plane0_empty_n         |   in|    1|     ap_fifo|                               bytePlanes_plane0|       pointer|
|bytePlanes_plane0_read            |  out|    1|     ap_fifo|                               bytePlanes_plane0|       pointer|
|bytePlanes_plane0_num_data_valid  |   in|   10|     ap_fifo|                               bytePlanes_plane0|       pointer|
|bytePlanes_plane0_fifo_cap        |   in|   10|     ap_fifo|                               bytePlanes_plane0|       pointer|
|bytePlanes_plane1_dout            |   in|   64|     ap_fifo|                               bytePlanes_plane1|       pointer|
|bytePlanes_plane1_empty_n         |   in|    1|     ap_fifo|                               bytePlanes_plane1|       pointer|
|bytePlanes_plane1_read            |  out|    1|     ap_fifo|                               bytePlanes_plane1|       pointer|
|bytePlanes_plane1_num_data_valid  |   in|   10|     ap_fifo|                               bytePlanes_plane1|       pointer|
|bytePlanes_plane1_fifo_cap        |   in|   10|     ap_fifo|                               bytePlanes_plane1|       pointer|
|loopWidth_2                       |   in|   11|   ap_stable|                                     loopWidth_2|        scalar|
|icmp_ln944                        |   in|    1|   ap_stable|                                      icmp_ln944|        scalar|
|icmp_ln975_5                      |   in|    1|   ap_stable|                                    icmp_ln975_5|        scalar|
|icmp_ln975_4                      |   in|    1|   ap_stable|                                    icmp_ln975_4|        scalar|
|icmp_ln975_3                      |   in|    1|   ap_stable|                                    icmp_ln975_3|        scalar|
|icmp23                            |   in|    1|   ap_stable|                                          icmp23|        scalar|
|icmp_ln975_1                      |   in|    1|   ap_stable|                                    icmp_ln975_1|        scalar|
|sext_ln975                        |   in|   12|   ap_stable|                                      sext_ln975|        scalar|
|icmp20                            |   in|    1|   ap_stable|                                          icmp20|        scalar|
|VideoFormat_val                   |   in|    5|   ap_stable|                                 VideoFormat_val|        scalar|
|empty                             |   in|    1|     ap_none|                                           empty|        scalar|
+----------------------------------+-----+-----+------------+------------------------------------------------+--------------+

