

================================================================
== Vitis HLS Report for 'Bytes2MultiPixStream_Pipeline_VITIS_LOOP_862_5'
================================================================
* Date:           Mon Mar 16 15:10:46 2026

* Version:        2025.2 (Build 6295257 on Nov 14 2025)
* Project:        prj
* Solution:       sol (Vivado IP Flow Target)
* Product family: zynq
* Target device:  xc7z020-clg400-2


================================================================
== Performance Estimates
================================================================
+ Timing: 
    * Summary: 
    +--------+---------+----------+------------+
    |  Clock |  Target | Estimated| Uncertainty|
    +--------+---------+----------+------------+
    |ap_clk  |  6.52 ns|  4.761 ns|     1.76 ns|
    +--------+---------+----------+------------+

+ Latency: 
    * Summary: 
    +---------+---------+-----------+-----------+-----+-----+-------------------+
    |  Latency (cycles) |   Latency (absolute)  |  Interval |      Pipeline     |
    |   min   |   max   |    min    |    max    | min | max |        Type       |
    +---------+---------+-----------+-----------+-----+-----+-------------------+
    |        2|    11523|  13.044 ns|  75.153 us|    0|    0|  loop pipeline stp|
    +---------+---------+-----------+-----------+-----+-----+-------------------+

    + Detail: 
        * Instance: 
        N/A

        * Loop: 
        +--------------------+---------+---------+----------+-----------+-----------+----------+----------+
        |                    |  Latency (cycles) | Iteration|  Initiation Interval  |   Trip   |          |
        |      Loop Name     |   min   |   max   |  Latency |  achieved |   target  |   Count  | Pipelined|
        +--------------------+---------+---------+----------+-----------+-----------+----------+----------+
        |- VITIS_LOOP_862_5  |        0|    11521|        10|          8|          8|  0 ~ 1440|       yes|
        +--------------------+---------+---------+----------+-----------+-----------+----------+----------+



================================================================
== Utilization Estimates
================================================================
* Summary: 
+-----------------+---------+-----+--------+-------+-----+
|       Name      | BRAM_18K| DSP |   FF   |  LUT  | URAM|
+-----------------+---------+-----+--------+-------+-----+
|DSP              |        -|    -|       -|      -|    -|
|Expression       |        -|    -|       0|    201|    -|
|FIFO             |        -|    -|       -|      -|    -|
|Instance         |        -|    -|       0|    136|    -|
|Memory           |        -|    -|       -|      -|    -|
|Multiplexer      |        -|    -|       0|    190|    -|
|Register         |        -|    -|     224|      -|    -|
+-----------------+---------+-----+--------+-------+-----+
|Total            |        0|    0|     224|    527|    0|
+-----------------+---------+-----+--------+-------+-----+
|Available        |      280|  220|  106400|  53200|    0|
+-----------------+---------+-----+--------+-------+-----+
|Utilization (%)  |        0|    0|      ~0|     ~0|    0|
+-----------------+---------+-----+--------+-------+-----+

+ Detail: 
    * Instance: 
    +------------------------------------+-------------------------------+---------+----+---+----+-----+
    |              Instance              |             Module            | BRAM_18K| DSP| FF| LUT| URAM|
    +------------------------------------+-------------------------------+---------+----+---+----+-----+
    |partselect_8ns_64ns_6ns_8_1_1_U119  |partselect_8ns_64ns_6ns_8_1_1  |        0|   0|  0|  17|    0|
    |partselect_8ns_64ns_6ns_8_1_1_U120  |partselect_8ns_64ns_6ns_8_1_1  |        0|   0|  0|  17|    0|
    |partselect_8ns_64ns_6ns_8_1_1_U121  |partselect_8ns_64ns_6ns_8_1_1  |        0|   0|  0|  17|    0|
    |partselect_8ns_64ns_6ns_8_1_1_U122  |partselect_8ns_64ns_6ns_8_1_1  |        0|   0|  0|  17|    0|
    |partselect_8ns_64ns_6ns_8_1_1_U123  |partselect_8ns_64ns_6ns_8_1_1  |        0|   0|  0|  17|    0|
    |partselect_8ns_64ns_6ns_8_1_1_U124  |partselect_8ns_64ns_6ns_8_1_1  |        0|   0|  0|  17|    0|
    |partselect_8ns_64ns_6ns_8_1_1_U125  |partselect_8ns_64ns_6ns_8_1_1  |        0|   0|  0|  17|    0|
    |partselect_8ns_64ns_6ns_8_1_1_U126  |partselect_8ns_64ns_6ns_8_1_1  |        0|   0|  0|  17|    0|
    +------------------------------------+-------------------------------+---------+----+---+----+-----+
    |Total                               |                               |        0|   0|  0| 136|    0|
    +------------------------------------+-------------------------------+---------+----+---+----+-----+

    * DSP: 
    N/A

    * Memory: 
    N/A

    * FIFO: 
    N/A

    * Expression: 
    +-----------------------------------------+----------+----+---+----+------------+------------+
    |              Variable Name              | Operation| DSP| FF| LUT| Bitwidth P0| Bitwidth P1|
    +-----------------------------------------+----------+----+---+----+------------+------------+
    |x_3_fu_221_p2                            |         +|   0|  0|  11|          11|           1|
    |ap_block_pp0_stage0_01001_grp9           |       and|   0|  0|   1|           1|           1|
    |ap_block_pp0_stage1_01001_grp10          |       and|   0|  0|   1|           1|           1|
    |ap_block_pp0_stage1_11001_grp1           |       and|   0|  0|   1|           1|           1|
    |ap_block_pp0_stage1_11001_grp2           |       and|   0|  0|   1|           1|           1|
    |ap_block_pp0_stage2_01001_grp3           |       and|   0|  0|   1|           1|           1|
    |ap_block_pp0_stage3_01001_grp4           |       and|   0|  0|   1|           1|           1|
    |ap_block_pp0_stage4_01001_grp5           |       and|   0|  0|   1|           1|           1|
    |ap_block_pp0_stage5_01001_grp6           |       and|   0|  0|   1|           1|           1|
    |ap_block_pp0_stage6_01001_grp7           |       and|   0|  0|   1|           1|           1|
    |ap_block_pp0_stage7_01001_grp8           |       and|   0|  0|   1|           1|           1|
    |ap_block_state10_pp0_stage1_iter1_grp10  |       and|   0|  0|   1|           1|           1|
    |ap_block_state2_pp0_stage1_iter0_grp1    |       and|   0|  0|   1|           1|           1|
    |ap_block_state2_pp0_stage1_iter0_grp2    |       and|   0|  0|   1|           1|           1|
    |ap_block_state4_pp0_stage3_iter0_grp4    |       and|   0|  0|   1|           1|           1|
    |ap_block_state5_pp0_stage4_iter0_grp5    |       and|   0|  0|   1|           1|           1|
    |ap_block_state6_pp0_stage5_iter0_grp6    |       and|   0|  0|   1|           1|           1|
    |ap_block_state7_pp0_stage6_iter0_grp7    |       and|   0|  0|   1|           1|           1|
    |ap_block_state8_pp0_stage7_iter0_grp8    |       and|   0|  0|   1|           1|           1|
    |ap_block_state9_pp0_stage0_iter1_grp9    |       and|   0|  0|   1|           1|           1|
    |ap_condition_815                         |       and|   0|  0|   1|           1|           1|
    |ap_condition_818                         |       and|   0|  0|   1|           1|           1|
    |ap_predicate_op103_write_state6          |       and|   0|  0|   1|           1|           1|
    |ap_predicate_op109_write_state7          |       and|   0|  0|   1|           1|           1|
    |ap_predicate_op114_write_state8          |       and|   0|  0|   1|           1|           1|
    |ap_predicate_op59_read_state2            |       and|   0|  0|   1|           1|           1|
    |ap_predicate_op92_write_state4           |       and|   0|  0|   1|           1|           1|
    |ap_predicate_op98_write_state5           |       and|   0|  0|   1|           1|           1|
    |icmp_ln862_fu_215_p2                     |      icmp|   0|  0|  11|          11|          11|
    |icmp_ln928_fu_241_p2                     |      icmp|   0|  0|  12|          12|          12|
    |ap_block_pp0_stage1_subdone              |        or|   0|  0|   1|           1|           1|
    |ap_block_state3_pp0_stage2_iter0_grp3    |        or|   0|  0|   1|           1|           1|
    |or_ln866_fu_235_p2                       |        or|   0|  0|   1|           1|           1|
    |or_ln928_1_fu_253_p2                     |        or|   0|  0|   1|           1|           1|
    |or_ln928_2_fu_259_p2                     |        or|   0|  0|   1|           1|           1|
    |or_ln928_3_fu_265_p2                     |        or|   0|  0|   1|           1|           1|
    |or_ln928_4_fu_271_p2                     |        or|   0|  0|   1|           1|           1|
    |or_ln928_5_fu_277_p2                     |        or|   0|  0|   1|           1|           1|
    |or_ln928_6_fu_283_p2                     |        or|   0|  0|   1|           1|           1|
    |or_ln928_fu_247_p2                       |        or|   0|  0|   1|           1|           1|
    |pixU_fu_306_p3                           |    select|   0|  0|  64|           1|           1|
    |pixV_fu_313_p3                           |    select|   0|  0|  64|           1|           1|
    |ap_enable_pp0                            |       xor|   0|  0|   2|           1|           2|
    +-----------------------------------------+----------+----+---+----+------------+------------+
    |Total                                    |          |   0|  0| 201|          74|          65|
    +-----------------------------------------+----------+----+---+----+------------+------------+

    * Multiplexer: 
    +-----------------------------+----+-----------+-----+-----------+
    |             Name            | LUT| Input Size| Bits| Total Bits|
    +-----------------------------+----+-----------+-----+-----------+
    |ap_NS_fsm                    |  37|          9|    1|          9|
    |ap_done_int                  |   9|          2|    1|          2|
    |ap_enable_reg_pp0_iter0      |   9|          2|    1|          2|
    |ap_enable_reg_pp0_iter0_reg  |   9|          2|    1|          2|
    |ap_enable_reg_pp0_iter1      |   9|          2|    1|          2|
    |ap_sig_allocacmp_x           |   9|          2|   11|         22|
    |bytePlanes_plane0_blk_n      |   9|          2|    1|          2|
    |bytePlanes_plane1_blk_n      |   9|          2|    1|          2|
    |bytePlanes_plane2_blk_n      |   9|          2|    1|          2|
    |img_blk_n                    |   9|          2|    1|          2|
    |img_din                      |  37|          9|   24|        216|
    |pixU_1_out_o                 |  13|          3|   64|        192|
    |pixV_1_out_o                 |  13|          3|   64|        192|
    |x_1_fu_110                   |   9|          2|   11|         22|
    +-----------------------------+----+-----------+-----+-----------+
    |Total                        | 190|         44|  183|        669|
    +-----------------------------+----+-----------+-----+-----------+

    * Register: 
    +--------------------------------------------+----+----+-----+-----------+
    |                    Name                    | FF | LUT| Bits| Const Bits|
    +--------------------------------------------+----+----+-----+-----------+
    |ap_CS_fsm                                   |   8|   0|    8|          0|
    |ap_block_pp0_stage1_subdone_grp10_done_reg  |   1|   0|    1|          0|
    |ap_block_pp0_stage1_subdone_grp1_done_reg   |   1|   0|    1|          0|
    |ap_block_pp0_stage1_subdone_grp2_done_reg   |   1|   0|    1|          0|
    |ap_done_reg                                 |   1|   0|    1|          0|
    |ap_enable_reg_pp0_iter0_reg                 |   1|   0|    1|          0|
    |ap_enable_reg_pp0_iter1                     |   1|   0|    1|          0|
    |icmp_ln862_reg_584                          |   1|   0|    1|          0|
    |or_ln866_reg_596                            |   1|   0|    1|          0|
    |or_ln891_1_reg_687                          |   1|   0|    6|          5|
    |or_ln891_2_reg_692                          |   1|   0|    6|          5|
    |or_ln928_1_reg_604                          |   1|   0|    1|          0|
    |or_ln928_2_reg_608                          |   1|   0|    1|          0|
    |or_ln928_3_reg_612                          |   1|   0|    1|          0|
    |or_ln928_4_reg_616                          |   1|   0|    1|          0|
    |or_ln928_5_reg_620                          |   1|   0|    1|          0|
    |or_ln928_6_reg_624                          |   1|   0|    1|          0|
    |or_ln928_6_reg_624_pp0_iter1_reg            |   1|   0|    1|          0|
    |or_ln928_reg_600                            |   1|   0|    1|          0|
    |or_ln_reg_682                               |   1|   0|    6|          5|
    |pixU_2_reg_628                              |  64|   0|   64|          0|
    |pixV_2_reg_675                              |  64|   0|   64|          0|
    |shl_ln_reg_635                              |   1|   0|    6|          5|
    |tmp_23_reg_640                              |   8|   0|    8|          0|
    |tmp_26_reg_645                              |   8|   0|    8|          0|
    |tmp_29_reg_650                              |   8|   0|    8|          0|
    |tmp_32_reg_655                              |   8|   0|    8|          0|
    |tmp_35_reg_660                              |   8|   0|    8|          0|
    |tmp_38_reg_665                              |   8|   0|    8|          0|
    |tmp_41_reg_670                              |   8|   0|    8|          0|
    |trunc_ln862_reg_588                         |   1|   0|    1|          0|
    |x_1_fu_110                                  |  11|   0|   11|          0|
    +--------------------------------------------+----+----+-----+-----------+
    |Total                                       | 224|   0|  244|         20|
    +--------------------------------------------+----+----+-----+-----------+



================================================================
== Interface
================================================================
* Summary: 
+----------------------------------+-----+-----+------------+------------------------------------------------+--------------+
|             RTL Ports            | Dir | Bits|  Protocol  |                  Source Object                 |    C Type    |
+----------------------------------+-----+-----+------------+------------------------------------------------+--------------+
|ap_clk                            |   in|    1|  ap_ctrl_hs|  Bytes2MultiPixStream_Pipeline_VITIS_LOOP_862_5|  return value|
|ap_rst                            |   in|    1|  ap_ctrl_hs|  Bytes2MultiPixStream_Pipeline_VITIS_LOOP_862_5|  return value|
|ap_start                          |   in|    1|  ap_ctrl_hs|  Bytes2MultiPixStream_Pipeline_VITIS_LOOP_862_5|  return value|
|ap_done                           |  out|    1|  ap_ctrl_hs|  Bytes2MultiPixStream_Pipeline_VITIS_LOOP_862_5|  return value|
|ap_idle                           |  out|    1|  ap_ctrl_hs|  Bytes2MultiPixStream_Pipeline_VITIS_LOOP_862_5|  return value|
|ap_ready                          |  out|    1|  ap_ctrl_hs|  Bytes2MultiPixStream_Pipeline_VITIS_LOOP_862_5|  return value|
|img_din                           |  out|   24|     ap_fifo|                                             img|       pointer|
|img_full_n                        |   in|    1|     ap_fifo|                                             img|       pointer|
|img_write                         |  out|    1|     ap_fifo|                                             img|       pointer|
|img_num_data_valid                |   in|   32|     ap_fifo|                                             img|       pointer|
|img_fifo_cap                      |   in|   32|     ap_fifo|                                             img|       pointer|
|bytePlanes_plane1_dout            |   in|   64|     ap_fifo|                               bytePlanes_plane1|       pointer|
|bytePlanes_plane1_empty_n         |   in|    1|     ap_fifo|                               bytePlanes_plane1|       pointer|
|bytePlanes_plane1_read            |  out|    1|     ap_fifo|                               bytePlanes_plane1|       pointer|
|bytePlanes_plane1_num_data_valid  |   in|   10|     ap_fifo|                               bytePlanes_plane1|       pointer|
|bytePlanes_plane1_fifo_cap        |   in|   10|     ap_fifo|                               bytePlanes_plane1|       pointer|
|bytePlanes_plane2_dout            |   in|   64|     ap_fifo|                               bytePlanes_plane2|       pointer|
|bytePlanes_plane2_empty_n         |   in|    1|     ap_fifo|                               bytePlanes_plane2|       pointer|
|bytePlanes_plane2_read            |  out|    1|     ap_fifo|                               bytePlanes_plane2|       pointer|
|bytePlanes_plane2_num_data_valid  |   in|   10|     ap_fifo|                               bytePlanes_plane2|       pointer|
|bytePlanes_plane2_fifo_cap        |   in|   10|     ap_fifo|                               bytePlanes_plane2|       pointer|
|bytePlanes_plane0_dout            |   in|   64|     ap_fifo|                               bytePlanes_plane0|       pointer|
|bytePlanes_plane0_empty_n         |   in|    1|     ap_fifo|                               bytePlanes_plane0|       pointer|
|bytePlanes_plane0_read            |  out|    1|     ap_fifo|                               bytePlanes_plane0|       pointer|
|bytePlanes_plane0_num_data_valid  |   in|   10|     ap_fifo|                               bytePlanes_plane0|       pointer|
|bytePlanes_plane0_fifo_cap        |   in|   10|     ap_fifo|                               bytePlanes_plane0|       pointer|
|loopWidth_1                       |   in|   11|   ap_stable|                                     loopWidth_1|        scalar|
|icmp_ln849                        |   in|    1|   ap_stable|                                      icmp_ln849|        scalar|
|icmp_ln928_5                      |   in|    1|   ap_stable|                                    icmp_ln928_5|        scalar|
|icmp_ln928_4                      |   in|    1|   ap_stable|                                    icmp_ln928_4|        scalar|
|icmp_ln928_3                      |   in|    1|   ap_stable|                                    icmp_ln928_3|        scalar|
|icmp17                            |   in|    1|   ap_stable|                                          icmp17|        scalar|
|icmp_ln928_1                      |   in|    1|   ap_stable|                                    icmp_ln928_1|        scalar|
|sext_ln928                        |   in|   12|   ap_stable|                                      sext_ln928|        scalar|
|icmp14                            |   in|    1|   ap_stable|                                          icmp14|        scalar|
|empty                             |   in|    1|     ap_none|                                           empty|        scalar|
|pixV_1_out_i                      |   in|   64|     ap_ovld|                                      pixV_1_out|       pointer|
|pixV_1_out_o                      |  out|   64|     ap_ovld|                                      pixV_1_out|       pointer|
|pixV_1_out_o_ap_vld               |  out|    1|     ap_ovld|                                      pixV_1_out|       pointer|
|pixU_1_out_i                      |   in|   64|     ap_ovld|                                      pixU_1_out|       pointer|
|pixU_1_out_o                      |  out|   64|     ap_ovld|                                      pixU_1_out|       pointer|
|pixU_1_out_o_ap_vld               |  out|    1|     ap_ovld|                                      pixU_1_out|       pointer|
+----------------------------------+-----+-----+------------+------------------------------------------------+--------------+

