

================================================================
== Vitis HLS Report for 'Bytes2MultiPixStream_Pipeline_VITIS_LOOP_755_1'
================================================================
* Date:           Mon Mar 16 15:10:46 2026

* Version:        2025.2 (Build 6295257 on Nov 14 2025)
* Project:        prj
* Solution:       sol (Vivado IP Flow Target)
* Product family: zynq
* Target device:  xc7z020-clg400-2


================================================================
== Performance Estimates
================================================================
+ Timing: 
    * Summary: 
    +--------+---------+----------+------------+
    |  Clock |  Target | Estimated| Uncertainty|
    +--------+---------+----------+------------+
    |ap_clk  |  6.52 ns|  4.761 ns|     1.76 ns|
    +--------+---------+----------+------------+

+ Latency: 
    * Summary: 
    +---------+---------+-----------+-----------+-----+-----+-------------------+
    |  Latency (cycles) |   Latency (absolute)  |  Interval |      Pipeline     |
    |   min   |   max   |    min    |    max    | min | max |        Type       |
    +---------+---------+-----------+-----------+-----+-----+-------------------+
    |        2|    11522|  13.044 ns|  75.146 us|    0|    0|  loop pipeline stp|
    +---------+---------+-----------+-----------+-----+-----+-------------------+

    + Detail: 
        * Instance: 
        N/A

        * Loop: 
        +--------------------+---------+---------+----------+-----------+-----------+----------+----------+
        |                    |  Latency (cycles) | Iteration|  Initiation Interval  |   Trip   |          |
        |      Loop Name     |   min   |   max   |  Latency |  achieved |   target  |   Count  | Pipelined|
        +--------------------+---------+---------+----------+-----------+-----------+----------+----------+
        |- VITIS_LOOP_755_1  |        0|    11520|         9|          8|          8|  0 ~ 1440|       yes|
        +--------------------+---------+---------+----------+-----------+-----------+----------+----------+



================================================================
== Utilization Estimates
================================================================
* Summary: 
+-----------------+---------+-----+--------+-------+-----+
|       Name      | BRAM_18K| DSP |   FF   |  LUT  | URAM|
+-----------------+---------+-----+--------+-------+-----+
|DSP              |        -|    -|       -|      -|    -|
|Expression       |        -|    -|       0|     65|    -|
|FIFO             |        -|    -|       -|      -|    -|
|Instance         |        -|    -|       -|      -|    -|
|Memory           |        -|    -|       -|      -|    -|
|Multiplexer      |        -|    -|       0|    164|    -|
|Register         |        -|    -|     198|      -|    -|
+-----------------+---------+-----+--------+-------+-----+
|Total            |        0|    0|     198|    229|    0|
+-----------------+---------+-----+--------+-------+-----+
|Available        |      280|  220|  106400|  53200|    0|
+-----------------+---------+-----+--------+-------+-----+
|Utilization (%)  |        0|    0|      ~0|     ~0|    0|
+-----------------+---------+-----+--------+-------+-----+

+ Detail: 
    * Instance: 
    N/A

    * DSP: 
    N/A

    * Memory: 
    N/A

    * FIFO: 
    N/A

    * Expression: 
    +---------------------------------------+----------+----+---+----+------------+------------+
    |             Variable Name             | Operation| DSP| FF| LUT| Bitwidth P0| Bitwidth P1|
    +---------------------------------------+----------+----+---+----+------------+------------+
    |x_5_fu_205_p2                          |         +|   0|  0|  11|          11|           1|
    |ap_block_pp0_stage0_01001_grp8         |       and|   0|  0|   1|           1|           1|
    |ap_block_pp0_stage1_01001_grp1         |       and|   0|  0|   1|           1|           1|
    |ap_block_pp0_stage2_01001_grp2         |       and|   0|  0|   1|           1|           1|
    |ap_block_pp0_stage3_01001_grp3         |       and|   0|  0|   1|           1|           1|
    |ap_block_pp0_stage4_01001_grp4         |       and|   0|  0|   1|           1|           1|
    |ap_block_pp0_stage5_01001_grp5         |       and|   0|  0|   1|           1|           1|
    |ap_block_pp0_stage6_01001_grp6         |       and|   0|  0|   1|           1|           1|
    |ap_block_pp0_stage7_01001_grp7         |       and|   0|  0|   1|           1|           1|
    |ap_block_state3_pp0_stage2_iter0_grp2  |       and|   0|  0|   1|           1|           1|
    |ap_block_state4_pp0_stage3_iter0_grp3  |       and|   0|  0|   1|           1|           1|
    |ap_block_state5_pp0_stage4_iter0_grp4  |       and|   0|  0|   1|           1|           1|
    |ap_block_state6_pp0_stage5_iter0_grp5  |       and|   0|  0|   1|           1|           1|
    |ap_block_state7_pp0_stage6_iter0_grp6  |       and|   0|  0|   1|           1|           1|
    |ap_block_state8_pp0_stage7_iter0_grp7  |       and|   0|  0|   1|           1|           1|
    |ap_block_state9_pp0_stage0_iter1_grp8  |       and|   0|  0|   1|           1|           1|
    |ap_predicate_op101_write_state8        |       and|   0|  0|   1|           1|           1|
    |ap_predicate_op86_write_state3         |       and|   0|  0|   1|           1|           1|
    |ap_predicate_op89_write_state4         |       and|   0|  0|   1|           1|           1|
    |ap_predicate_op92_write_state5         |       and|   0|  0|   1|           1|           1|
    |ap_predicate_op95_write_state6         |       and|   0|  0|   1|           1|           1|
    |ap_predicate_op98_write_state7         |       and|   0|  0|   1|           1|           1|
    |icmp_ln755_fu_199_p2                   |      icmp|   0|  0|  11|          11|          11|
    |icmp_ln773_fu_215_p2                   |      icmp|   0|  0|  12|          12|          12|
    |ap_block_state2_pp0_stage1_iter0_grp1  |        or|   0|  0|   1|           1|           1|
    |or_ln773_1_fu_227_p2                   |        or|   0|  0|   1|           1|           1|
    |or_ln773_2_fu_233_p2                   |        or|   0|  0|   1|           1|           1|
    |or_ln773_3_fu_239_p2                   |        or|   0|  0|   1|           1|           1|
    |or_ln773_4_fu_245_p2                   |        or|   0|  0|   1|           1|           1|
    |or_ln773_5_fu_251_p2                   |        or|   0|  0|   1|           1|           1|
    |or_ln773_6_fu_257_p2                   |        or|   0|  0|   1|           1|           1|
    |or_ln773_fu_221_p2                     |        or|   0|  0|   1|           1|           1|
    |ap_enable_pp0                          |       xor|   0|  0|   2|           1|           2|
    +---------------------------------------+----------+----+---+----+------------+------------+
    |Total                                  |          |   0|  0|  65|          64|          55|
    +---------------------------------------+----------+----+---+----+------------+------------+

    * Multiplexer: 
    +-----------------------------+----+-----------+-----+-----------+
    |             Name            | LUT| Input Size| Bits| Total Bits|
    +-----------------------------+----+-----------+-----+-----------+
    |ap_NS_fsm                    |  37|          9|    1|          9|
    |ap_done_int                  |   9|          2|    1|          2|
    |ap_enable_reg_pp0_iter0      |   9|          2|    1|          2|
    |ap_enable_reg_pp0_iter0_reg  |   9|          2|    1|          2|
    |ap_enable_reg_pp0_iter1      |   9|          2|    1|          2|
    |ap_sig_allocacmp_x_4         |   9|          2|   11|         22|
    |bytePlanes_plane0_blk_n      |   9|          2|    1|          2|
    |bytePlanes_plane1_blk_n      |   9|          2|    1|          2|
    |bytePlanes_plane2_blk_n      |   9|          2|    1|          2|
    |img_blk_n                    |   9|          2|    1|          2|
    |img_din                      |  37|          9|   24|        216|
    |x_fu_108                     |   9|          2|   11|         22|
    +-----------------------------+----+-----------+-----+-----------+
    |Total                        | 164|         38|   55|        285|
    +-----------------------------+----+-----------+-----+-----------+

    * Register: 
    +-----------------------------+----+----+-----+-----------+
    |             Name            | FF | LUT| Bits| Const Bits|
    +-----------------------------+----+----+-----+-----------+
    |ap_CS_fsm                    |   8|   0|    8|          0|
    |ap_done_reg                  |   1|   0|    1|          0|
    |ap_enable_reg_pp0_iter0_reg  |   1|   0|    1|          0|
    |ap_enable_reg_pp0_iter1      |   1|   0|    1|          0|
    |icmp_ln755_reg_550           |   1|   0|    1|          0|
    |or_ln773_1_reg_558           |   1|   0|    1|          0|
    |or_ln773_2_reg_562           |   1|   0|    1|          0|
    |or_ln773_3_reg_566           |   1|   0|    1|          0|
    |or_ln773_4_reg_570           |   1|   0|    1|          0|
    |or_ln773_5_reg_574           |   1|   0|    1|          0|
    |or_ln773_6_reg_578           |   1|   0|    1|          0|
    |or_ln773_reg_554             |   1|   0|    1|          0|
    |tmp_15_reg_587               |   8|   0|    8|          0|
    |tmp_16_reg_592               |   8|   0|    8|          0|
    |tmp_17_reg_597               |   8|   0|    8|          0|
    |tmp_26_reg_602               |   8|   0|    8|          0|
    |tmp_27_reg_607               |   8|   0|    8|          0|
    |tmp_28_reg_612               |   8|   0|    8|          0|
    |tmp_44_reg_617               |   8|   0|    8|          0|
    |tmp_45_reg_622               |   8|   0|    8|          0|
    |tmp_46_reg_627               |   8|   0|    8|          0|
    |tmp_47_reg_632               |   8|   0|    8|          0|
    |tmp_48_reg_637               |   8|   0|    8|          0|
    |tmp_49_reg_642               |   8|   0|    8|          0|
    |tmp_50_reg_647               |   8|   0|    8|          0|
    |tmp_51_reg_652               |   8|   0|    8|          0|
    |tmp_52_reg_657               |   8|   0|    8|          0|
    |tmp_53_reg_662               |   8|   0|    8|          0|
    |tmp_54_reg_667               |   8|   0|    8|          0|
    |tmp_55_reg_672               |   8|   0|    8|          0|
    |tmp_56_reg_677               |   8|   0|    8|          0|
    |tmp_57_reg_682               |   8|   0|    8|          0|
    |tmp_s_reg_582                |   8|   0|    8|          0|
    |x_fu_108                     |  11|   0|   11|          0|
    +-----------------------------+----+----+-----+-----------+
    |Total                        | 198|   0|  198|          0|
    +-----------------------------+----+----+-----+-----------+



================================================================
== Interface
================================================================
* Summary: 
+----------------------------------+-----+-----+------------+------------------------------------------------+--------------+
|             RTL Ports            | Dir | Bits|  Protocol  |                  Source Object                 |    C Type    |
+----------------------------------+-----+-----+------------+------------------------------------------------+--------------+
|ap_clk                            |   in|    1|  ap_ctrl_hs|  Bytes2MultiPixStream_Pipeline_VITIS_LOOP_755_1|  return value|
|ap_rst                            |   in|    1|  ap_ctrl_hs|  Bytes2MultiPixStream_Pipeline_VITIS_LOOP_755_1|  return value|
|ap_start                          |   in|    1|  ap_ctrl_hs|  Bytes2MultiPixStream_Pipeline_VITIS_LOOP_755_1|  return value|
|ap_done                           |  out|    1|  ap_ctrl_hs|  Bytes2MultiPixStream_Pipeline_VITIS_LOOP_755_1|  return value|
|ap_idle                           |  out|    1|  ap_ctrl_hs|  Bytes2MultiPixStream_Pipeline_VITIS_LOOP_755_1|  return value|
|ap_ready                          |  out|    1|  ap_ctrl_hs|  Bytes2MultiPixStream_Pipeline_VITIS_LOOP_755_1|  return value|
|img_din                           |  out|   24|     ap_fifo|                                             img|       pointer|
|img_full_n                        |   in|    1|     ap_fifo|                                             img|       pointer|
|img_write                         |  out|    1|     ap_fifo|                                             img|       pointer|
|img_num_data_valid                |   in|   32|     ap_fifo|                                             img|       pointer|
|img_fifo_cap                      |   in|   32|     ap_fifo|                                             img|       pointer|
|bytePlanes_plane0_dout            |   in|   64|     ap_fifo|                               bytePlanes_plane0|       pointer|
|bytePlanes_plane0_empty_n         |   in|    1|     ap_fifo|                               bytePlanes_plane0|       pointer|
|bytePlanes_plane0_read            |  out|    1|     ap_fifo|                               bytePlanes_plane0|       pointer|
|bytePlanes_plane0_num_data_valid  |   in|   10|     ap_fifo|                               bytePlanes_plane0|       pointer|
|bytePlanes_plane0_fifo_cap        |   in|   10|     ap_fifo|                               bytePlanes_plane0|       pointer|
|bytePlanes_plane1_dout            |   in|   64|     ap_fifo|                               bytePlanes_plane1|       pointer|
|bytePlanes_plane1_empty_n         |   in|    1|     ap_fifo|                               bytePlanes_plane1|       pointer|
|bytePlanes_plane1_read            |  out|    1|     ap_fifo|                               bytePlanes_plane1|       pointer|
|bytePlanes_plane1_num_data_valid  |   in|   10|     ap_fifo|                               bytePlanes_plane1|       pointer|
|bytePlanes_plane1_fifo_cap        |   in|   10|     ap_fifo|                               bytePlanes_plane1|       pointer|
|bytePlanes_plane2_dout            |   in|   64|     ap_fifo|                               bytePlanes_plane2|       pointer|
|bytePlanes_plane2_empty_n         |   in|    1|     ap_fifo|                               bytePlanes_plane2|       pointer|
|bytePlanes_plane2_read            |  out|    1|     ap_fifo|                               bytePlanes_plane2|       pointer|
|bytePlanes_plane2_num_data_valid  |   in|   10|     ap_fifo|                               bytePlanes_plane2|       pointer|
|bytePlanes_plane2_fifo_cap        |   in|   10|     ap_fifo|                               bytePlanes_plane2|       pointer|
|trunc_ln745_1                     |   in|   11|   ap_stable|                                   trunc_ln745_1|        scalar|
|icmp_ln748                        |   in|    1|   ap_stable|                                      icmp_ln748|        scalar|
|icmp_ln773_5                      |   in|    1|   ap_stable|                                    icmp_ln773_5|        scalar|
|icmp_ln773_4                      |   in|    1|   ap_stable|                                    icmp_ln773_4|        scalar|
|icmp_ln773_3                      |   in|    1|   ap_stable|                                    icmp_ln773_3|        scalar|
|icmp11                            |   in|    1|   ap_stable|                                          icmp11|        scalar|
|icmp_ln773_1                      |   in|    1|   ap_stable|                                    icmp_ln773_1|        scalar|
|add_ln773                         |   in|   12|   ap_stable|                                       add_ln773|        scalar|
|icmp8                             |   in|    1|   ap_stable|                                           icmp8|        scalar|
+----------------------------------+-----+-----+------------+------------------------------------------------+--------------+

