

================================================================
== Vitis HLS Report for 'Bytes2MultiPixStream_Pipeline_VITIS_LOOP_1532_26'
================================================================
* Date:           Mon Mar 16 15:10:46 2026

* Version:        2025.2 (Build 6295257 on Nov 14 2025)
* Project:        prj
* Solution:       sol (Vivado IP Flow Target)
* Product family: zynq
* Target device:  xc7z020-clg400-2


================================================================
== Performance Estimates
================================================================
+ Timing: 
    * Summary: 
    +--------+---------+----------+------------+
    |  Clock |  Target | Estimated| Uncertainty|
    +--------+---------+----------+------------+
    |ap_clk  |  6.52 ns|  4.761 ns|     1.76 ns|
    +--------+---------+----------+------------+

+ Latency: 
    * Summary: 
    +---------+---------+-----------+-----------+-----+-----+-------------------+
    |  Latency (cycles) |   Latency (absolute)  |  Interval |      Pipeline     |
    |   min   |   max   |    min    |    max    | min | max |        Type       |
    +---------+---------+-----------+-----------+-----+-----+-------------------+
    |        2|    11522|  13.044 ns|  75.146 us|    0|    0|  loop pipeline stp|
    +---------+---------+-----------+-----------+-----+-----+-------------------+

    + Detail: 
        * Instance: 
        N/A

        * Loop: 
        +----------------------+---------+---------+----------+-----------+-----------+----------+----------+
        |                      |  Latency (cycles) | Iteration|  Initiation Interval  |   Trip   |          |
        |       Loop Name      |   min   |   max   |  Latency |  achieved |   target  |   Count  | Pipelined|
        +----------------------+---------+---------+----------+-----------+-----------+----------+----------+
        |- VITIS_LOOP_1532_26  |        0|    11520|         9|          8|          8|  0 ~ 1440|       yes|
        +----------------------+---------+---------+----------+-----------+-----------+----------+----------+



================================================================
== Utilization Estimates
================================================================
* Summary: 
+-----------------+---------+-----+--------+-------+-----+
|       Name      | BRAM_18K| DSP |   FF   |  LUT  | URAM|
+-----------------+---------+-----+--------+-------+-----+
|DSP              |        -|    -|       -|      -|    -|
|Expression       |        -|    -|       0|     65|    -|
|FIFO             |        -|    -|       -|      -|    -|
|Instance         |        -|    -|       -|      -|    -|
|Memory           |        -|    -|       -|      -|    -|
|Multiplexer      |        -|    -|       0|    146|    -|
|Register         |        -|    -|      86|      -|    -|
+-----------------+---------+-----+--------+-------+-----+
|Total            |        0|    0|      86|    211|    0|
+-----------------+---------+-----+--------+-------+-----+
|Available        |      280|  220|  106400|  53200|    0|
+-----------------+---------+-----+--------+-------+-----+
|Utilization (%)  |        0|    0|      ~0|     ~0|    0|
+-----------------+---------+-----+--------+-------+-----+

+ Detail: 
    * Instance: 
    N/A

    * DSP: 
    N/A

    * Memory: 
    N/A

    * FIFO: 
    N/A

    * Expression: 
    +---------------------------------------+----------+----+---+----+------------+------------+
    |             Variable Name             | Operation| DSP| FF| LUT| Bitwidth P0| Bitwidth P1|
    +---------------------------------------+----------+----+---+----+------------+------------+
    |x_9_fu_175_p2                          |         +|   0|  0|  11|          11|           1|
    |ap_block_pp0_stage0_01001_grp8         |       and|   0|  0|   1|           1|           1|
    |ap_block_pp0_stage1_01001_grp1         |       and|   0|  0|   1|           1|           1|
    |ap_block_pp0_stage2_01001_grp2         |       and|   0|  0|   1|           1|           1|
    |ap_block_pp0_stage3_01001_grp3         |       and|   0|  0|   1|           1|           1|
    |ap_block_pp0_stage4_01001_grp4         |       and|   0|  0|   1|           1|           1|
    |ap_block_pp0_stage5_01001_grp5         |       and|   0|  0|   1|           1|           1|
    |ap_block_pp0_stage6_01001_grp6         |       and|   0|  0|   1|           1|           1|
    |ap_block_pp0_stage7_01001_grp7         |       and|   0|  0|   1|           1|           1|
    |ap_block_state3_pp0_stage2_iter0_grp2  |       and|   0|  0|   1|           1|           1|
    |ap_block_state4_pp0_stage3_iter0_grp3  |       and|   0|  0|   1|           1|           1|
    |ap_block_state5_pp0_stage4_iter0_grp4  |       and|   0|  0|   1|           1|           1|
    |ap_block_state6_pp0_stage5_iter0_grp5  |       and|   0|  0|   1|           1|           1|
    |ap_block_state7_pp0_stage6_iter0_grp6  |       and|   0|  0|   1|           1|           1|
    |ap_block_state8_pp0_stage7_iter0_grp7  |       and|   0|  0|   1|           1|           1|
    |ap_block_state9_pp0_stage0_iter1_grp8  |       and|   0|  0|   1|           1|           1|
    |ap_predicate_op64_write_state3         |       and|   0|  0|   1|           1|           1|
    |ap_predicate_op67_write_state4         |       and|   0|  0|   1|           1|           1|
    |ap_predicate_op70_write_state5         |       and|   0|  0|   1|           1|           1|
    |ap_predicate_op73_write_state6         |       and|   0|  0|   1|           1|           1|
    |ap_predicate_op76_write_state7         |       and|   0|  0|   1|           1|           1|
    |ap_predicate_op79_write_state8         |       and|   0|  0|   1|           1|           1|
    |icmp_ln1532_fu_169_p2                  |      icmp|   0|  0|  11|          11|          11|
    |icmp_ln1548_fu_185_p2                  |      icmp|   0|  0|  12|          12|          12|
    |ap_block_state2_pp0_stage1_iter0_grp1  |        or|   0|  0|   1|           1|           1|
    |or_ln1548_1_fu_197_p2                  |        or|   0|  0|   1|           1|           1|
    |or_ln1548_2_fu_203_p2                  |        or|   0|  0|   1|           1|           1|
    |or_ln1548_3_fu_209_p2                  |        or|   0|  0|   1|           1|           1|
    |or_ln1548_4_fu_215_p2                  |        or|   0|  0|   1|           1|           1|
    |or_ln1548_5_fu_221_p2                  |        or|   0|  0|   1|           1|           1|
    |or_ln1548_6_fu_227_p2                  |        or|   0|  0|   1|           1|           1|
    |or_ln1548_fu_191_p2                    |        or|   0|  0|   1|           1|           1|
    |ap_enable_pp0                          |       xor|   0|  0|   2|           1|           2|
    +---------------------------------------+----------+----+---+----+------------+------------+
    |Total                                  |          |   0|  0|  65|          64|          55|
    +---------------------------------------+----------+----+---+----+------------+------------+

    * Multiplexer: 
    +-----------------------------+----+-----------+-----+-----------+
    |             Name            | LUT| Input Size| Bits| Total Bits|
    +-----------------------------+----+-----------+-----+-----------+
    |ap_NS_fsm                    |  37|          9|    1|          9|
    |ap_done_int                  |   9|          2|    1|          2|
    |ap_enable_reg_pp0_iter0      |   9|          2|    1|          2|
    |ap_enable_reg_pp0_iter0_reg  |   9|          2|    1|          2|
    |ap_enable_reg_pp0_iter1      |   9|          2|    1|          2|
    |ap_sig_allocacmp_x_8         |   9|          2|   11|         22|
    |bytePlanes_plane0_blk_n      |   9|          2|    1|          2|
    |img_blk_n                    |   9|          2|    1|          2|
    |img_din                      |  37|          9|   24|        216|
    |x_fu_90                      |   9|          2|   11|         22|
    +-----------------------------+----+-----------+-----+-----------+
    |Total                        | 146|         34|   53|        281|
    +-----------------------------+----+-----------+-----+-----------+

    * Register: 
    +-----------------------------+----+----+-----+-----------+
    |             Name            | FF | LUT| Bits| Const Bits|
    +-----------------------------+----+----+-----+-----------+
    |ap_CS_fsm                    |   8|   0|    8|          0|
    |ap_done_reg                  |   1|   0|    1|          0|
    |ap_enable_reg_pp0_iter0_reg  |   1|   0|    1|          0|
    |ap_enable_reg_pp0_iter1      |   1|   0|    1|          0|
    |icmp_ln1532_reg_370          |   1|   0|    1|          0|
    |or_ln1548_1_reg_378          |   1|   0|    1|          0|
    |or_ln1548_2_reg_382          |   1|   0|    1|          0|
    |or_ln1548_3_reg_386          |   1|   0|    1|          0|
    |or_ln1548_4_reg_390          |   1|   0|    1|          0|
    |or_ln1548_5_reg_394          |   1|   0|    1|          0|
    |or_ln1548_6_reg_398          |   1|   0|    1|          0|
    |or_ln1548_reg_374            |   1|   0|    1|          0|
    |tmp_10_reg_402               |   8|   0|    8|          0|
    |tmp_23_reg_407               |   8|   0|    8|          0|
    |tmp_47_reg_412               |   8|   0|    8|          0|
    |tmp_58_reg_422               |   8|   0|    8|          0|
    |tmp_59_reg_427               |   8|   0|    8|          0|
    |tmp_60_reg_432               |   8|   0|    8|          0|
    |tmp_s_reg_417                |   8|   0|    8|          0|
    |x_fu_90                      |  11|   0|   11|          0|
    +-----------------------------+----+----+-----+-----------+
    |Total                        |  86|   0|   86|          0|
    +-----------------------------+----+----+-----+-----------+



================================================================
== Interface
================================================================
* Summary: 
+----------------------------------+-----+-----+------------+--------------------------------------------------+--------------+
|             RTL Ports            | Dir | Bits|  Protocol  |                   Source Object                  |    C Type    |
+----------------------------------+-----+-----+------------+--------------------------------------------------+--------------+
|ap_clk                            |   in|    1|  ap_ctrl_hs|  Bytes2MultiPixStream_Pipeline_VITIS_LOOP_1532_26|  return value|
|ap_rst                            |   in|    1|  ap_ctrl_hs|  Bytes2MultiPixStream_Pipeline_VITIS_LOOP_1532_26|  return value|
|ap_start                          |   in|    1|  ap_ctrl_hs|  Bytes2MultiPixStream_Pipeline_VITIS_LOOP_1532_26|  return value|
|ap_done                           |  out|    1|  ap_ctrl_hs|  Bytes2MultiPixStream_Pipeline_VITIS_LOOP_1532_26|  return value|
|ap_idle                           |  out|    1|  ap_ctrl_hs|  Bytes2MultiPixStream_Pipeline_VITIS_LOOP_1532_26|  return value|
|ap_ready                          |  out|    1|  ap_ctrl_hs|  Bytes2MultiPixStream_Pipeline_VITIS_LOOP_1532_26|  return value|
|img_din                           |  out|   24|     ap_fifo|                                               img|       pointer|
|img_full_n                        |   in|    1|     ap_fifo|                                               img|       pointer|
|img_write                         |  out|    1|     ap_fifo|                                               img|       pointer|
|img_num_data_valid                |   in|   32|     ap_fifo|                                               img|       pointer|
|img_fifo_cap                      |   in|   32|     ap_fifo|                                               img|       pointer|
|bytePlanes_plane0_dout            |   in|   64|     ap_fifo|                                 bytePlanes_plane0|       pointer|
|bytePlanes_plane0_empty_n         |   in|    1|     ap_fifo|                                 bytePlanes_plane0|       pointer|
|bytePlanes_plane0_read            |  out|    1|     ap_fifo|                                 bytePlanes_plane0|       pointer|
|bytePlanes_plane0_num_data_valid  |   in|   10|     ap_fifo|                                 bytePlanes_plane0|       pointer|
|bytePlanes_plane0_fifo_cap        |   in|   10|     ap_fifo|                                 bytePlanes_plane0|       pointer|
|loopWidth_8                       |   in|   11|   ap_stable|                                       loopWidth_8|        scalar|
|icmp_ln1522                       |   in|    1|   ap_stable|                                       icmp_ln1522|        scalar|
|icmp_ln1548_5                     |   in|    1|   ap_stable|                                     icmp_ln1548_5|        scalar|
|icmp_ln1548_4                     |   in|    1|   ap_stable|                                     icmp_ln1548_4|        scalar|
|icmp_ln1548_3                     |   in|    1|   ap_stable|                                     icmp_ln1548_3|        scalar|
|icmp48                            |   in|    1|   ap_stable|                                            icmp48|        scalar|
|icmp_ln1548_1                     |   in|    1|   ap_stable|                                     icmp_ln1548_1|        scalar|
|sext_ln1548                       |   in|   12|   ap_stable|                                       sext_ln1548|        scalar|
|icmp45                            |   in|    1|   ap_stable|                                            icmp45|        scalar|
+----------------------------------+-----+-----+------------+--------------------------------------------------+--------------+

