

================================================================
== Vitis HLS Report for 'Bytes2AXIMMvideo'
================================================================
* Date:           Mon Mar 16 15:10:44 2026

* Version:        2025.2 (Build 6295257 on Nov 14 2025)
* Project:        prj
* Solution:       sol (Vivado IP Flow Target)
* Product family: zynq
* Target device:  xc7z020-clg400-2


================================================================
== Performance Estimates
================================================================
+ Timing: 
    * Summary: 
    +--------+---------+----------+------------+
    |  Clock |  Target | Estimated| Uncertainty|
    +--------+---------+----------+------------+
    |ap_clk  |  6.52 ns|  4.761 ns|     1.76 ns|
    +--------+---------+----------+------------+

+ Latency: 
    * Summary: 
    +---------+---------+----------+-----------+-----+---------+---------+
    |  Latency (cycles) |  Latency (absolute)  |    Interval   | Pipeline|
    |   min   |   max   |    min   |    max    | min |   max   |   Type  |
    +---------+---------+----------+-----------+-----+---------+---------+
    |      193|  5020921|  1.259 us|  32.746 ms|  193|  5020921|       no|
    +---------+---------+----------+-----------+-----+---------+---------+

    + Detail: 
        * Instance: 
        +--------------------------------------------------------+---------------------------------------------+---------+---------+-----------+----------+-----+-----+-------------------+
        |                                                        |                                             |  Latency (cycles) |  Latency (absolute)  |  Interval |      Pipeline     |
        |                        Instance                        |                    Module                   |   min   |   max   |    min    |    max   | min | max |        Type       |
        +--------------------------------------------------------+---------------------------------------------+---------+---------+-----------+----------+-----+-----+-------------------+
        |grp_Bytes2AXIMMvideo_Pipeline_VITIS_LOOP_1699_4_fu_267  |Bytes2AXIMMvideo_Pipeline_VITIS_LOOP_1699_4  |        2|     1443|  13.044 ns|  9.411 us|    0|    0|  loop pipeline stp|
        |grp_Bytes2AXIMMvideo_Pipeline_VITIS_LOOP_1709_5_fu_277  |Bytes2AXIMMvideo_Pipeline_VITIS_LOOP_1709_5  |        4|      723|  26.088 ns|  4.715 us|    0|    0|  loop pipeline stp|
        |grp_Bytes2AXIMMvideo_Pipeline_VITIS_LOOP_1715_6_fu_287  |Bytes2AXIMMvideo_Pipeline_VITIS_LOOP_1715_6  |        4|      723|  26.088 ns|  4.715 us|    0|    0|  loop pipeline stp|
        |grp_Bytes2AXIMMvideo_Pipeline_VITIS_LOOP_1652_1_fu_297  |Bytes2AXIMMvideo_Pipeline_VITIS_LOOP_1652_1  |        4|     1443|  26.088 ns|  9.411 us|    0|    0|  loop pipeline stp|
        |grp_Bytes2AXIMMvideo_Pipeline_VITIS_LOOP_1658_2_fu_307  |Bytes2AXIMMvideo_Pipeline_VITIS_LOOP_1658_2  |        4|     1443|  26.088 ns|  9.411 us|    0|    0|  loop pipeline stp|
        |grp_Bytes2AXIMMvideo_Pipeline_VITIS_LOOP_1664_3_fu_317  |Bytes2AXIMMvideo_Pipeline_VITIS_LOOP_1664_3  |        4|     1443|  26.088 ns|  9.411 us|    0|    0|  loop pipeline stp|
        |grp_Bytes2AXIMMvideo_Pipeline_VITIS_LOOP_1748_7_fu_327  |Bytes2AXIMMvideo_Pipeline_VITIS_LOOP_1748_7  |        2|     1443|  13.044 ns|  9.411 us|    0|    0|  loop pipeline stp|
        |grp_Bytes2AXIMMvideo_Pipeline_VITIS_LOOP_1758_8_fu_337  |Bytes2AXIMMvideo_Pipeline_VITIS_LOOP_1758_8  |        2|     1443|  13.044 ns|  9.411 us|    0|    0|  loop pipeline stp|
        +--------------------------------------------------------+---------------------------------------------+---------+---------+-----------+----------+-----+-----+-------------------+

        * Loop: 
        +-------------------------------------------+---------+---------+------------+-----------+-----------+-----------+----------+
        |                                           |  Latency (cycles) |  Iteration |  Initiation Interval  |    Trip   |          |
        |                 Loop Name                 |   min   |   max   |   Latency  |  achieved |   target  |   Count   | Pipelined|
        +-------------------------------------------+---------+---------+------------+-----------+-----------+-----------+----------+
        |- loop_Bytes2AXIMMvideo_Y_U_V_planes       |      192|  5020920|    3 ~ 4649|          -|          -|  64 ~ 1080|        no|
        |- loop_Bytes2AXIMMvideo_Y_U_V8_420_planes  |     7104|  3466800|  111 ~ 3210|          -|          -|  64 ~ 1080|        no|
        |- loop_Bytes2AXIMMvideo_2planes            |     7104|  3349080|  111 ~ 3101|          -|          -|  64 ~ 1080|        no|
        +-------------------------------------------+---------+---------+------------+-----------+-----------+-----------+----------+



================================================================
== Utilization Estimates
================================================================
* Summary: 
+-----------------+---------+-----+--------+-------+-----+
|       Name      | BRAM_18K| DSP |   FF   |  LUT  | URAM|
+-----------------+---------+-----+--------+-------+-----+
|DSP              |        -|    -|       -|      -|    -|
|Expression       |        -|    -|       0|    566|    -|
|FIFO             |        -|    -|       -|      -|    -|
|Instance         |        -|    -|     638|    636|    -|
|Memory           |        -|    -|       -|      -|    -|
|Multiplexer      |        -|    -|       0|   3610|    -|
|Register         |        -|    -|    1650|      -|    -|
+-----------------+---------+-----+--------+-------+-----+
|Total            |        0|    0|    2288|   4812|    0|
+-----------------+---------+-----+--------+-------+-----+
|Available        |      280|  220|  106400|  53200|    0|
+-----------------+---------+-----+--------+-------+-----+
|Utilization (%)  |        0|    0|       2|      9|    0|
+-----------------+---------+-----+--------+-------+-----+

+ Detail: 
    * Instance: 
    +--------------------------------------------------------+---------------------------------------------+---------+----+----+----+-----+
    |                        Instance                        |                    Module                   | BRAM_18K| DSP| FF | LUT| URAM|
    +--------------------------------------------------------+---------------------------------------------+---------+----+----+----+-----+
    |grp_Bytes2AXIMMvideo_Pipeline_VITIS_LOOP_1652_1_fu_297  |Bytes2AXIMMvideo_Pipeline_VITIS_LOOP_1652_1  |        0|   0|  80|  80|    0|
    |grp_Bytes2AXIMMvideo_Pipeline_VITIS_LOOP_1658_2_fu_307  |Bytes2AXIMMvideo_Pipeline_VITIS_LOOP_1658_2  |        0|   0|  80|  80|    0|
    |grp_Bytes2AXIMMvideo_Pipeline_VITIS_LOOP_1664_3_fu_317  |Bytes2AXIMMvideo_Pipeline_VITIS_LOOP_1664_3  |        0|   0|  80|  80|    0|
    |grp_Bytes2AXIMMvideo_Pipeline_VITIS_LOOP_1699_4_fu_267  |Bytes2AXIMMvideo_Pipeline_VITIS_LOOP_1699_4  |        0|   0|  80|  80|    0|
    |grp_Bytes2AXIMMvideo_Pipeline_VITIS_LOOP_1709_5_fu_277  |Bytes2AXIMMvideo_Pipeline_VITIS_LOOP_1709_5  |        0|   0|  79|  78|    0|
    |grp_Bytes2AXIMMvideo_Pipeline_VITIS_LOOP_1715_6_fu_287  |Bytes2AXIMMvideo_Pipeline_VITIS_LOOP_1715_6  |        0|   0|  79|  78|    0|
    |grp_Bytes2AXIMMvideo_Pipeline_VITIS_LOOP_1748_7_fu_327  |Bytes2AXIMMvideo_Pipeline_VITIS_LOOP_1748_7  |        0|   0|  80|  80|    0|
    |grp_Bytes2AXIMMvideo_Pipeline_VITIS_LOOP_1758_8_fu_337  |Bytes2AXIMMvideo_Pipeline_VITIS_LOOP_1758_8  |        0|   0|  80|  80|    0|
    +--------------------------------------------------------+---------------------------------------------+---------+----+----+----+-----+
    |Total                                                   |                                             |        0|   0| 638| 636|    0|
    +--------------------------------------------------------+---------------------------------------------+---------+----+----+----+-----+

    * DSP: 
    N/A

    * Memory: 
    N/A

    * FIFO: 
    N/A

    * Expression: 
    +----------------------------------------+----------+----+---+----+------------+------------+
    |              Variable Name             | Operation| DSP| FF| LUT| Bitwidth P0| Bitwidth P1|
    +----------------------------------------+----------+----+---+----+------------+------------+
    |add_ln1652_1_fu_882_p2                  |         +|   0|  0|  32|          32|          32|
    |add_ln1652_2_fu_736_p2                  |         +|   0|  0|  32|          32|          32|
    |add_ln1652_fu_878_p2                    |         +|   0|  0|  32|          32|          32|
    |add_ln1670_fu_946_p2                    |         +|   0|  0|  24|          24|          24|
    |add_ln1699_fu_690_p2                    |         +|   0|  0|  32|          32|          32|
    |add_ln1705_fu_705_p2                    |         +|   0|  0|  24|          24|          24|
    |add_ln1709_1_fu_810_p2                  |         +|   0|  0|  32|          32|          32|
    |add_ln1709_fu_457_p2                    |         +|   0|  0|  11|          11|           1|
    |add_ln1715_fu_825_p2                    |         +|   0|  0|  32|          32|          32|
    |add_ln1748_fu_774_p2                    |         +|   0|  0|  32|          32|          32|
    |add_ln1755_fu_789_p2                    |         +|   0|  0|  24|          24|          24|
    |add_ln1758_fu_1022_p2                   |         +|   0|  0|  32|          32|          32|
    |grp_fu_347_p2                           |         +|   0|  0|  14|          14|           3|
    |offsetUV_1_fu_1037_p2                   |         +|   0|  0|  32|          32|          32|
    |offsetUv_1_fu_860_p2                    |         +|   0|  0|  32|          32|          32|
    |y_33_fu_718_p2                          |         +|   0|  0|  11|          11|           1|
    |y_34_fu_749_p2                          |         +|   0|  0|  11|          11|           1|
    |y_35_fu_665_p2                          |         +|   0|  0|  11|          11|           1|
    |ap_block_state322                       |       and|   0|  0|   1|           1|           1|
    |ap_block_state323_io                    |       and|   0|  0|   1|           1|           1|
    |ap_block_state641                       |       and|   0|  0|   1|           1|           1|
    |ap_block_state855                       |       and|   0|  0|   1|           1|           1|
    |ap_predicate_op1309_writeresp_state322  |       and|   0|  0|   1|           1|           1|
    |empty_244_fu_970_p2                     |      icmp|   0|  0|   6|           6|           6|
    |empty_246_fu_980_p2                     |      icmp|   0|  0|   6|           6|           5|
    |empty_248_fu_991_p2                     |      icmp|   0|  0|   6|           6|           5|
    |empty_250_fu_1002_p2                    |      icmp|   0|  0|   6|           6|           2|
    |icmp_ln1647_fu_713_p2                   |      icmp|   0|  0|  11|          11|          11|
    |icmp_ln1652_fu_520_p2                   |      icmp|   0|  0|  11|          11|           1|
    |icmp_ln1694_fu_660_p2                   |      icmp|   0|  0|  11|          11|          11|
    |icmp_ln1709_fu_491_p2                   |      icmp|   0|  0|  10|          10|           1|
    |icmp_ln1743_fu_744_p2                   |      icmp|   0|  0|  11|          11|          11|
    |icmp_ln1756_1_fu_554_p2                 |      icmp|   0|  0|   6|           6|           6|
    |icmp_ln1756_2_fu_608_p2                 |      icmp|   0|  0|   6|           6|           5|
    |icmp_ln1756_3_fu_614_p2                 |      icmp|   0|  0|   6|           6|           6|
    |icmp_ln1756_fu_548_p2                   |      icmp|   0|  0|   6|           6|           6|
    |ap_block_state1                         |        or|   0|  0|   1|           1|           1|
    |ap_predicate_op1899_writeresp_state855  |        or|   0|  0|   1|           1|           1|
    |empty_245_fu_975_p2                     |        or|   0|  0|   1|           1|           1|
    |empty_247_fu_985_p2                     |        or|   0|  0|   1|           1|           1|
    |empty_249_fu_996_p2                     |        or|   0|  0|   1|           1|           1|
    |empty_251_fu_1007_p2                    |        or|   0|  0|   1|           1|           1|
    |or_ln1756_2_fu_626_p2                   |        or|   0|  0|   1|           1|           1|
    |or_ln1756_3_fu_632_p2                   |        or|   0|  0|   1|           1|           1|
    |or_ln1756_fu_620_p2                     |        or|   0|  0|   1|           1|           1|
    +----------------------------------------+----------+----+---+----+------------+------------+
    |Total                                   |          |   0|  0| 566|         566|         489|
    +----------------------------------------+----------+----+---+----+------------+------------+

    * Multiplexer: 
    +---------------------------+------+-----------+-----+-----------+
    |            Name           |  LUT | Input Size| Bits| Total Bits|
    +---------------------------+------+-----------+-----+-----------+
    |ap_NS_fsm                  |  2693|        856|    1|        856|
    |ap_done                    |     9|          2|    1|          2|
    |bytePlanes_plane0_read     |    17|          4|    1|          4|
    |bytePlanes_plane1_read     |    17|          4|    1|          4|
    |bytePlanes_plane2_read     |    13|          3|    1|          3|
    |m_axi_mm_video_0_AWADDR    |    81|         17|   32|        544|
    |m_axi_mm_video_0_AWBURST   |    37|          9|    2|         18|
    |m_axi_mm_video_0_AWCACHE   |    37|          9|    4|         36|
    |m_axi_mm_video_0_AWID      |    37|          9|    1|          9|
    |m_axi_mm_video_0_AWLEN     |    53|         13|   32|        416|
    |m_axi_mm_video_0_AWLOCK    |    37|          9|    2|         18|
    |m_axi_mm_video_0_AWPROT    |    37|          9|    3|         27|
    |m_axi_mm_video_0_AWQOS     |    37|          9|    4|         36|
    |m_axi_mm_video_0_AWREGION  |    37|          9|    4|         36|
    |m_axi_mm_video_0_AWSIZE    |    37|          9|    3|         27|
    |m_axi_mm_video_0_AWUSER    |    37|          9|    1|          9|
    |m_axi_mm_video_0_AWVALID   |    41|         10|    1|         10|
    |m_axi_mm_video_0_BREADY    |    41|         10|    1|         10|
    |m_axi_mm_video_0_WDATA     |    37|          9|   64|        576|
    |m_axi_mm_video_0_WID       |    37|          9|    1|          9|
    |m_axi_mm_video_0_WLAST     |    37|          9|    1|          9|
    |m_axi_mm_video_0_WSTRB     |    37|          9|    8|         72|
    |m_axi_mm_video_0_WUSER     |    37|          9|    1|          9|
    |m_axi_mm_video_0_WVALID    |    37|          9|    1|          9|
    |mm_video_blk_n_AW          |     9|          2|    1|          2|
    |mm_video_blk_n_B           |     9|          2|    1|          2|
    |offsetUV_fu_210            |     9|          2|   32|         64|
    |offsetUv_fu_190            |     9|          2|   32|         64|
    |offsetY_1_fu_186           |     9|          2|   24|         48|
    |offsetY_fu_206             |     9|          2|   24|         48|
    |offset_fu_198              |     9|          2|   24|         48|
    |y_011_fu_194               |     9|          2|   11|         22|
    |y_20_fu_182                |     9|          2|   11|         22|
    |y_fu_202                   |     9|          2|   11|         22|
    +---------------------------+------+-----------+-----+-----------+
    |Total                      |  3610|       1074|  342|       3091|
    +---------------------------+------+-----------+-----+-----------+

    * Register: 
    +---------------------------------------------------------------------+-----+----+-----+-----------+
    |                                 Name                                |  FF | LUT| Bits| Const Bits|
    +---------------------------------------------------------------------+-----+----+-----+-----------+
    |Height_val_read_reg_1073                                             |   11|   0|   11|          0|
    |VideoFormat_val_read_reg_1065                                        |    6|   0|    6|          0|
    |add_ln1652_2_reg_1261                                                |   32|   0|   32|          0|
    |add_ln1705_reg_1242                                                  |   24|   0|   24|          0|
    |add_ln1755_reg_1284                                                  |   24|   0|   24|          0|
    |ap_CS_fsm                                                            |  855|   0|  855|          0|
    |ap_done_reg                                                          |    1|   0|    1|          0|
    |dstImg2_read_reg_1086                                                |   32|   0|   32|          0|
    |dstImg3_read_reg_1080                                                |   32|   0|   32|          0|
    |dstImg_read_reg_1093                                                 |   32|   0|   32|          0|
    |empty_251_reg_1353                                                   |    1|   0|    1|          0|
    |grp_Bytes2AXIMMvideo_Pipeline_VITIS_LOOP_1652_1_fu_297_ap_start_reg  |    1|   0|    1|          0|
    |grp_Bytes2AXIMMvideo_Pipeline_VITIS_LOOP_1658_2_fu_307_ap_start_reg  |    1|   0|    1|          0|
    |grp_Bytes2AXIMMvideo_Pipeline_VITIS_LOOP_1664_3_fu_317_ap_start_reg  |    1|   0|    1|          0|
    |grp_Bytes2AXIMMvideo_Pipeline_VITIS_LOOP_1699_4_fu_267_ap_start_reg  |    1|   0|    1|          0|
    |grp_Bytes2AXIMMvideo_Pipeline_VITIS_LOOP_1709_5_fu_277_ap_start_reg  |    1|   0|    1|          0|
    |grp_Bytes2AXIMMvideo_Pipeline_VITIS_LOOP_1715_6_fu_287_ap_start_reg  |    1|   0|    1|          0|
    |grp_Bytes2AXIMMvideo_Pipeline_VITIS_LOOP_1748_7_fu_327_ap_start_reg  |    1|   0|    1|          0|
    |grp_Bytes2AXIMMvideo_Pipeline_VITIS_LOOP_1758_8_fu_337_ap_start_reg  |    1|   0|    1|          0|
    |icmp_ln1652_reg_1170                                                 |    1|   0|    1|          0|
    |icmp_ln1709_reg_1142                                                 |    1|   0|    1|          0|
    |icmp_ln1756_reg_1210                                                 |    1|   0|    1|          0|
    |lshr_ln4_reg_1126                                                    |   10|   0|   10|          0|
    |offsetUV_fu_210                                                      |   32|   0|   32|          0|
    |offsetUv_fu_190                                                      |   32|   0|   32|          0|
    |offsetY_1_fu_186                                                     |   24|   0|   24|          0|
    |offsetY_fu_206                                                       |   24|   0|   24|          0|
    |offset_fu_198                                                        |   24|   0|   24|          0|
    |or_ln1756_3_reg_1215                                                 |    1|   0|    1|          0|
    |reg_431                                                              |   11|   0|   11|          0|
    |trunc_ln1694_reg_1232                                                |    1|   0|    1|          0|
    |trunc_ln1743_reg_1274                                                |    1|   0|    1|          0|
    |trunc_ln1_reg_1236                                                   |   29|   0|   29|          0|
    |trunc_ln2_reg_1316                                                   |   29|   0|   29|          0|
    |trunc_ln3_reg_1326                                                   |   29|   0|   29|          0|
    |trunc_ln4_reg_1332                                                   |   29|   0|   29|          0|
    |trunc_ln5_reg_1357                                                   |   29|   0|   29|          0|
    |trunc_ln6_reg_1294                                                   |   29|   0|   29|          0|
    |trunc_ln7_reg_1300                                                   |   29|   0|   29|          0|
    |trunc_ln_reg_1278                                                    |   29|   0|   29|          0|
    |y_011_fu_194                                                         |   11|   0|   11|          0|
    |y_20_fu_182                                                          |   11|   0|   11|          0|
    |y_33_reg_1250                                                        |   11|   0|   11|          0|
    |y_34_reg_1269                                                        |   11|   0|   11|          0|
    |y_35_reg_1227                                                        |   11|   0|   11|          0|
    |y_fu_202                                                             |   11|   0|   11|          0|
    |zext_ln1645_reg_1165                                                 |   11|   0|   32|         21|
    |zext_ln1652_1_reg_1255                                               |   24|   0|   32|          8|
    |zext_ln1652_reg_1174                                                 |   13|   0|   24|         11|
    |zext_ln1690_reg_1121                                                 |   11|   0|   32|         21|
    |zext_ln1699_reg_1146                                                 |   13|   0|   24|         11|
    |zext_ln1709_reg_1137                                                 |   12|   0|   32|         20|
    |zext_ln1721_reg_1132                                                 |   10|   0|   32|         22|
    |zext_ln1749_reg_1219                                                 |   13|   0|   24|         11|
    |zext_ln1755_reg_1200                                                 |   11|   0|   32|         21|
    |zext_ln1756_reg_1205                                                 |   13|   0|   32|         19|
    +---------------------------------------------------------------------+-----+----+-----+-----------+
    |Total                                                                | 1650|   0| 1815|        165|
    +---------------------------------------------------------------------+-----+----+-----+-----------+



================================================================
== Interface
================================================================
* Summary: 
+----------------------------------+-----+-----+------------+-------------------+--------------+
|             RTL Ports            | Dir | Bits|  Protocol  |   Source Object   |    C Type    |
+----------------------------------+-----+-----+------------+-------------------+--------------+
|ap_clk                            |   in|    1|  ap_ctrl_hs|   Bytes2AXIMMvideo|  return value|
|ap_rst                            |   in|    1|  ap_ctrl_hs|   Bytes2AXIMMvideo|  return value|
|ap_start                          |   in|    1|  ap_ctrl_hs|   Bytes2AXIMMvideo|  return value|
|ap_done                           |  out|    1|  ap_ctrl_hs|   Bytes2AXIMMvideo|  return value|
|ap_continue                       |   in|    1|  ap_ctrl_hs|   Bytes2AXIMMvideo|  return value|
|ap_idle                           |  out|    1|  ap_ctrl_hs|   Bytes2AXIMMvideo|  return value|
|ap_ready                          |  out|    1|  ap_ctrl_hs|   Bytes2AXIMMvideo|  return value|
|bytePlanes_plane0_dout            |   in|   64|     ap_fifo|  bytePlanes_plane0|       pointer|
|bytePlanes_plane0_empty_n         |   in|    1|     ap_fifo|  bytePlanes_plane0|       pointer|
|bytePlanes_plane0_read            |  out|    1|     ap_fifo|  bytePlanes_plane0|       pointer|
|bytePlanes_plane0_num_data_valid  |   in|   10|     ap_fifo|  bytePlanes_plane0|       pointer|
|bytePlanes_plane0_fifo_cap        |   in|   10|     ap_fifo|  bytePlanes_plane0|       pointer|
|bytePlanes_plane1_dout            |   in|   64|     ap_fifo|  bytePlanes_plane1|       pointer|
|bytePlanes_plane1_empty_n         |   in|    1|     ap_fifo|  bytePlanes_plane1|       pointer|
|bytePlanes_plane1_read            |  out|    1|     ap_fifo|  bytePlanes_plane1|       pointer|
|bytePlanes_plane1_num_data_valid  |   in|   10|     ap_fifo|  bytePlanes_plane1|       pointer|
|bytePlanes_plane1_fifo_cap        |   in|   10|     ap_fifo|  bytePlanes_plane1|       pointer|
|bytePlanes_plane2_dout            |   in|   64|     ap_fifo|  bytePlanes_plane2|       pointer|
|bytePlanes_plane2_empty_n         |   in|    1|     ap_fifo|  bytePlanes_plane2|       pointer|
|bytePlanes_plane2_read            |  out|    1|     ap_fifo|  bytePlanes_plane2|       pointer|
|bytePlanes_plane2_num_data_valid  |   in|   10|     ap_fifo|  bytePlanes_plane2|       pointer|
|bytePlanes_plane2_fifo_cap        |   in|   10|     ap_fifo|  bytePlanes_plane2|       pointer|
|m_axi_mm_video_0_AWVALID          |  out|    1|       m_axi|           mm_video|       pointer|
|m_axi_mm_video_0_AWREADY          |   in|    1|       m_axi|           mm_video|       pointer|
|m_axi_mm_video_0_AWADDR           |  out|   32|       m_axi|           mm_video|       pointer|
|m_axi_mm_video_0_AWID             |  out|    1|       m_axi|           mm_video|       pointer|
|m_axi_mm_video_0_AWLEN            |  out|   32|       m_axi|           mm_video|       pointer|
|m_axi_mm_video_0_AWSIZE           |  out|    3|       m_axi|           mm_video|       pointer|
|m_axi_mm_video_0_AWBURST          |  out|    2|       m_axi|           mm_video|       pointer|
|m_axi_mm_video_0_AWLOCK           |  out|    2|       m_axi|           mm_video|       pointer|
|m_axi_mm_video_0_AWCACHE          |  out|    4|       m_axi|           mm_video|       pointer|
|m_axi_mm_video_0_AWPROT           |  out|    3|       m_axi|           mm_video|       pointer|
|m_axi_mm_video_0_AWQOS            |  out|    4|       m_axi|           mm_video|       pointer|
|m_axi_mm_video_0_AWREGION         |  out|    4|       m_axi|           mm_video|       pointer|
|m_axi_mm_video_0_AWUSER           |  out|    1|       m_axi|           mm_video|       pointer|
|m_axi_mm_video_0_WVALID           |  out|    1|       m_axi|           mm_video|       pointer|
|m_axi_mm_video_0_WREADY           |   in|    1|       m_axi|           mm_video|       pointer|
|m_axi_mm_video_0_WDATA            |  out|   64|       m_axi|           mm_video|       pointer|
|m_axi_mm_video_0_WSTRB            |  out|    8|       m_axi|           mm_video|       pointer|
|m_axi_mm_video_0_WLAST            |  out|    1|       m_axi|           mm_video|       pointer|
|m_axi_mm_video_0_WID              |  out|    1|       m_axi|           mm_video|       pointer|
|m_axi_mm_video_0_WUSER            |  out|    1|       m_axi|           mm_video|       pointer|
|m_axi_mm_video_0_ARVALID          |  out|    1|       m_axi|           mm_video|       pointer|
|m_axi_mm_video_0_ARREADY          |   in|    1|       m_axi|           mm_video|       pointer|
|m_axi_mm_video_0_ARADDR           |  out|   32|       m_axi|           mm_video|       pointer|
|m_axi_mm_video_0_ARID             |  out|    1|       m_axi|           mm_video|       pointer|
|m_axi_mm_video_0_ARLEN            |  out|   32|       m_axi|           mm_video|       pointer|
|m_axi_mm_video_0_ARSIZE           |  out|    3|       m_axi|           mm_video|       pointer|
|m_axi_mm_video_0_ARBURST          |  out|    2|       m_axi|           mm_video|       pointer|
|m_axi_mm_video_0_ARLOCK           |  out|    2|       m_axi|           mm_video|       pointer|
|m_axi_mm_video_0_ARCACHE          |  out|    4|       m_axi|           mm_video|       pointer|
|m_axi_mm_video_0_ARPROT           |  out|    3|       m_axi|           mm_video|       pointer|
|m_axi_mm_video_0_ARQOS            |  out|    4|       m_axi|           mm_video|       pointer|
|m_axi_mm_video_0_ARREGION         |  out|    4|       m_axi|           mm_video|       pointer|
|m_axi_mm_video_0_ARUSER           |  out|    1|       m_axi|           mm_video|       pointer|
|m_axi_mm_video_0_RVALID           |   in|    1|       m_axi|           mm_video|       pointer|
|m_axi_mm_video_0_RREADY           |  out|    1|       m_axi|           mm_video|       pointer|
|m_axi_mm_video_0_RDATA            |   in|   64|       m_axi|           mm_video|       pointer|
|m_axi_mm_video_0_RLAST            |   in|    1|       m_axi|           mm_video|       pointer|
|m_axi_mm_video_0_RID              |   in|    1|       m_axi|           mm_video|       pointer|
|m_axi_mm_video_0_RFIFONUM         |   in|    9|       m_axi|           mm_video|       pointer|
|m_axi_mm_video_0_RUSER            |   in|    1|       m_axi|           mm_video|       pointer|
|m_axi_mm_video_0_RRESP            |   in|    2|       m_axi|           mm_video|       pointer|
|m_axi_mm_video_0_BVALID           |   in|    1|       m_axi|           mm_video|       pointer|
|m_axi_mm_video_0_BREADY           |  out|    1|       m_axi|           mm_video|       pointer|
|m_axi_mm_video_0_BRESP            |   in|    2|       m_axi|           mm_video|       pointer|
|m_axi_mm_video_0_BID              |   in|    1|       m_axi|           mm_video|       pointer|
|m_axi_mm_video_0_BUSER            |   in|    1|       m_axi|           mm_video|       pointer|
|dstImg                            |   in|   32|   ap_stable|             dstImg|        scalar|
|dstImg2                           |   in|   32|   ap_stable|            dstImg2|        scalar|
|dstImg3                           |   in|   32|   ap_stable|            dstImg3|        scalar|
|Height_val                        |   in|   11|   ap_stable|         Height_val|        scalar|
|WidthInBytes_val                  |   in|   14|   ap_stable|   WidthInBytes_val|        scalar|
|StrideInBytes_val                 |   in|   16|   ap_stable|  StrideInBytes_val|        scalar|
|VideoFormat_val                   |   in|    6|   ap_stable|    VideoFormat_val|        scalar|
+----------------------------------+-----+-----+------------+-------------------+--------------+

