

================================================================
== Vitis HLS Report for 'FrmbufWrHlsDataFlow'
================================================================
* Date:           Mon Mar 16 15:10:44 2026

* Version:        2025.2 (Build 6295257 on Nov 14 2025)
* Project:        prj
* Solution:       sol (Vivado IP Flow Target)
* Product family: zynq
* Target device:  xc7z020-clg400-2


================================================================
== Performance Estimates
================================================================
+ Timing: 
    * Summary: 
    +--------+---------+----------+------------+
    |  Clock |  Target | Estimated| Uncertainty|
    +--------+---------+----------+------------+
    |ap_clk  |  6.52 ns|  4.761 ns|     1.76 ns|
    +--------+---------+----------+------------+

+ Latency: 
    * Summary: 
    +---------+----------+----------+-----------+-----+----------+----------+
    |  Latency (cycles)  |  Latency (absolute)  |    Interval    | Pipeline |
    |   min   |    max   |    min   |    max    | min |    max   |   Type   |
    +---------+----------+----------+-----------+-----+----------+----------+
    |   530916|  12447009|  3.463 ms|  81.179 ms|  194|  12447006|  dataflow|
    +---------+----------+----------+-----------+-----+----------+----------+

    + Detail: 
        * Instance: 
        +----------------------------+-------------------------+---------+----------+-----------+-----------+-----+----------+---------+
        |                            |                         |  Latency (cycles)  |   Latency (absolute)  |    Interval    | Pipeline|
        |          Instance          |          Module         |   min   |    max   |    min    |    max    | min |    max   |   Type  |
        +----------------------------+-------------------------+---------+----------+-----------+-----------+-----+----------+---------+
        |AXIvideo2MultiPixStream_U0  |AXIvideo2MultiPixStream  |        5|   2084405|  32.610 ns|  13.594 ms|    5|   2084405|       no|
        |MultiPixStream2Bytes_U0     |MultiPixStream2Bytes     |        1|  12447005|   6.522 ns|  81.179 ms|    1|  12447005|       no|
        |Bytes2AXIMMvideo_U0         |Bytes2AXIMMvideo         |      193|   5020921|   1.259 us|  32.746 ms|  193|   5020921|       no|
        +----------------------------+-------------------------+---------+----------+-----------+-----------+-----+----------+---------+

        * Loop: 
        N/A



================================================================
== Utilization Estimates
================================================================
* Summary: 
+-----------------+---------+-----+--------+-------+-----+
|       Name      | BRAM_18K| DSP |   FF   |  LUT  | URAM|
+-----------------+---------+-----+--------+-------+-----+
|DSP              |        -|    -|       -|      -|    -|
|Expression       |        -|    -|       0|      1|    -|
|FIFO             |       12|    -|     585|    314|    -|
|Instance         |        -|    2|    5596|  10223|    -|
|Memory           |        -|    -|       -|      -|    -|
|Multiplexer      |        -|    -|       -|      -|    -|
|Register         |        -|    -|       -|      -|    -|
+-----------------+---------+-----+--------+-------+-----+
|Total            |       12|    2|    6181|  10538|    0|
+-----------------+---------+-----+--------+-------+-----+
|Available        |      280|  220|  106400|  53200|    0|
+-----------------+---------+-----+--------+-------+-----+
|Utilization (%)  |        4|   ~0|       5|     19|    0|
+-----------------+---------+-----+--------+-------+-----+

+ Detail: 
    * Instance: 
    +----------------------------+-------------------------+---------+----+------+------+-----+
    |          Instance          |          Module         | BRAM_18K| DSP|  FF  |  LUT | URAM|
    +----------------------------+-------------------------+---------+----+------+------+-----+
    |AXIvideo2MultiPixStream_U0  |AXIvideo2MultiPixStream  |        0|   0|   163|   412|    0|
    |Bytes2AXIMMvideo_U0         |Bytes2AXIMMvideo         |        0|   0|  2288|  4812|    0|
    |MultiPixStream2Bytes_U0     |MultiPixStream2Bytes     |        0|   2|  3145|  4999|    0|
    +----------------------------+-------------------------+---------+----+------+------+-----+
    |Total                       |                         |        0|   2|  5596| 10223|    0|
    +----------------------------+-------------------------+---------+----+------+------+-----+

    * DSP: 
    N/A

    * Memory: 
    N/A

    * FIFO: 
    +---------------------+---------+-----+----+-----+------+-----+---------+
    |         Name        | BRAM_18K|  FF | LUT| URAM| Depth| Bits| Size:D*B|
    +---------------------+---------+-----+----+-----+------+-----+---------+
    |bytePlanes_plane0_U  |        4|  162|   0|    -|   481|   64|    30784|
    |bytePlanes_plane1_U  |        4|  162|   0|    -|   481|   64|    30784|
    |bytePlanes_plane2_U  |        4|  162|   0|    -|   481|   64|    30784|
    |img_U                |        0|   99|   0|    -|     2|   24|       48|
    +---------------------+---------+-----+----+-----+------+-----+---------+
    |Total                |       12|  585|   0|    0|  1445|  216|    92400|
    +---------------------+---------+-----+----+-----+------+-----+---------+

    * Expression: 
    +--------------+----------+----+---+----+------------+------------+
    | Variable Name| Operation| DSP| FF| LUT| Bitwidth P0| Bitwidth P1|
    +--------------+----------+----+---+----+------------+------------+
    |ap_idle       |       and|   0|  0|   1|           1|           1|
    +--------------+----------+----+---+----+------------+------------+
    |Total         |          |   0|  0|   1|           1|           1|
    +--------------+----------+----+---+----+------------+------------+

    * Multiplexer: 
    N/A

    * Register: 
    N/A



================================================================
== Interface
================================================================
* Summary: 
+---------------------------+-----+-----+------------+-----------------------+--------------+
|         RTL Ports         | Dir | Bits|  Protocol  |     Source Object     |    C Type    |
+---------------------------+-----+-----+------------+-----------------------+--------------+
|s_axis_video_TDATA         |   in|   24|        axis|  s_axis_video_V_data_V|       pointer|
|s_axis_video_TKEEP         |   in|    3|        axis|  s_axis_video_V_keep_V|       pointer|
|s_axis_video_TSTRB         |   in|    3|        axis|  s_axis_video_V_strb_V|       pointer|
|s_axis_video_TUSER         |   in|    1|        axis|  s_axis_video_V_user_V|       pointer|
|s_axis_video_TLAST         |   in|    1|        axis|  s_axis_video_V_last_V|       pointer|
|s_axis_video_TID           |   in|    1|        axis|    s_axis_video_V_id_V|       pointer|
|s_axis_video_TDEST         |   in|    1|        axis|  s_axis_video_V_dest_V|       pointer|
|s_axis_video_TVALID        |   in|    1|        axis|  s_axis_video_V_dest_V|       pointer|
|s_axis_video_TREADY        |  out|    1|        axis|  s_axis_video_V_dest_V|       pointer|
|m_axi_mm_video_0_AWVALID   |  out|    1|       m_axi|               mm_video|       pointer|
|m_axi_mm_video_0_AWREADY   |   in|    1|       m_axi|               mm_video|       pointer|
|m_axi_mm_video_0_AWADDR    |  out|   32|       m_axi|               mm_video|       pointer|
|m_axi_mm_video_0_AWID      |  out|    1|       m_axi|               mm_video|       pointer|
|m_axi_mm_video_0_AWLEN     |  out|   32|       m_axi|               mm_video|       pointer|
|m_axi_mm_video_0_AWSIZE    |  out|    3|       m_axi|               mm_video|       pointer|
|m_axi_mm_video_0_AWBURST   |  out|    2|       m_axi|               mm_video|       pointer|
|m_axi_mm_video_0_AWLOCK    |  out|    2|       m_axi|               mm_video|       pointer|
|m_axi_mm_video_0_AWCACHE   |  out|    4|       m_axi|               mm_video|       pointer|
|m_axi_mm_video_0_AWPROT    |  out|    3|       m_axi|               mm_video|       pointer|
|m_axi_mm_video_0_AWQOS     |  out|    4|       m_axi|               mm_video|       pointer|
|m_axi_mm_video_0_AWREGION  |  out|    4|       m_axi|               mm_video|       pointer|
|m_axi_mm_video_0_AWUSER    |  out|    1|       m_axi|               mm_video|       pointer|
|m_axi_mm_video_0_WVALID    |  out|    1|       m_axi|               mm_video|       pointer|
|m_axi_mm_video_0_WREADY    |   in|    1|       m_axi|               mm_video|       pointer|
|m_axi_mm_video_0_WDATA     |  out|   64|       m_axi|               mm_video|       pointer|
|m_axi_mm_video_0_WSTRB     |  out|    8|       m_axi|               mm_video|       pointer|
|m_axi_mm_video_0_WLAST     |  out|    1|       m_axi|               mm_video|       pointer|
|m_axi_mm_video_0_WID       |  out|    1|       m_axi|               mm_video|       pointer|
|m_axi_mm_video_0_WUSER     |  out|    1|       m_axi|               mm_video|       pointer|
|m_axi_mm_video_0_ARVALID   |  out|    1|       m_axi|               mm_video|       pointer|
|m_axi_mm_video_0_ARREADY   |   in|    1|       m_axi|               mm_video|       pointer|
|m_axi_mm_video_0_ARADDR    |  out|   32|       m_axi|               mm_video|       pointer|
|m_axi_mm_video_0_ARID      |  out|    1|       m_axi|               mm_video|       pointer|
|m_axi_mm_video_0_ARLEN     |  out|   32|       m_axi|               mm_video|       pointer|
|m_axi_mm_video_0_ARSIZE    |  out|    3|       m_axi|               mm_video|       pointer|
|m_axi_mm_video_0_ARBURST   |  out|    2|       m_axi|               mm_video|       pointer|
|m_axi_mm_video_0_ARLOCK    |  out|    2|       m_axi|               mm_video|       pointer|
|m_axi_mm_video_0_ARCACHE   |  out|    4|       m_axi|               mm_video|       pointer|
|m_axi_mm_video_0_ARPROT    |  out|    3|       m_axi|               mm_video|       pointer|
|m_axi_mm_video_0_ARQOS     |  out|    4|       m_axi|               mm_video|       pointer|
|m_axi_mm_video_0_ARREGION  |  out|    4|       m_axi|               mm_video|       pointer|
|m_axi_mm_video_0_ARUSER    |  out|    1|       m_axi|               mm_video|       pointer|
|m_axi_mm_video_0_RVALID    |   in|    1|       m_axi|               mm_video|       pointer|
|m_axi_mm_video_0_RREADY    |  out|    1|       m_axi|               mm_video|       pointer|
|m_axi_mm_video_0_RDATA     |   in|   64|       m_axi|               mm_video|       pointer|
|m_axi_mm_video_0_RLAST     |   in|    1|       m_axi|               mm_video|       pointer|
|m_axi_mm_video_0_RID       |   in|    1|       m_axi|               mm_video|       pointer|
|m_axi_mm_video_0_RFIFONUM  |   in|    9|       m_axi|               mm_video|       pointer|
|m_axi_mm_video_0_RUSER     |   in|    1|       m_axi|               mm_video|       pointer|
|m_axi_mm_video_0_RRESP     |   in|    2|       m_axi|               mm_video|       pointer|
|m_axi_mm_video_0_BVALID    |   in|    1|       m_axi|               mm_video|       pointer|
|m_axi_mm_video_0_BREADY    |  out|    1|       m_axi|               mm_video|       pointer|
|m_axi_mm_video_0_BRESP     |   in|    2|       m_axi|               mm_video|       pointer|
|m_axi_mm_video_0_BID       |   in|    1|       m_axi|               mm_video|       pointer|
|m_axi_mm_video_0_BUSER     |   in|    1|       m_axi|               mm_video|       pointer|
|HwReg_frm_buffer           |   in|   32|     ap_none|       HwReg_frm_buffer|        scalar|
|HwReg_frm_buffer_ap_vld    |   in|    1|     ap_none|       HwReg_frm_buffer|        scalar|
|HwReg_frm_buffer2          |   in|   32|     ap_none|      HwReg_frm_buffer2|        scalar|
|HwReg_frm_buffer2_ap_vld   |   in|    1|     ap_none|      HwReg_frm_buffer2|        scalar|
|HwReg_frm_buffer3          |   in|   32|     ap_none|      HwReg_frm_buffer3|        scalar|
|HwReg_frm_buffer3_ap_vld   |   in|    1|     ap_none|      HwReg_frm_buffer3|        scalar|
|WidthInBytes_val2          |   in|   14|     ap_none|      WidthInBytes_val2|        scalar|
|WidthInBytes_val2_ap_vld   |   in|    1|     ap_none|      WidthInBytes_val2|        scalar|
|colorFormat_val3           |   in|    3|     ap_none|       colorFormat_val3|        scalar|
|colorFormat_val3_ap_vld    |   in|    1|     ap_none|       colorFormat_val3|        scalar|
|width_val5                 |   in|   11|     ap_none|             width_val5|        scalar|
|width_val5_ap_vld          |   in|    1|     ap_none|             width_val5|        scalar|
|height_val8                |   in|   11|     ap_none|            height_val8|        scalar|
|height_val8_ap_vld         |   in|    1|     ap_none|            height_val8|        scalar|
|stride_val9                |   in|   16|     ap_none|            stride_val9|        scalar|
|stride_val9_ap_vld         |   in|    1|     ap_none|            stride_val9|        scalar|
|video_format_val11         |   in|    6|     ap_none|     video_format_val11|        scalar|
|video_format_val11_ap_vld  |   in|    1|     ap_none|     video_format_val11|        scalar|
|ap_clk                     |   in|    1|  ap_ctrl_hs|    FrmbufWrHlsDataFlow|  return value|
|ap_rst                     |   in|    1|  ap_ctrl_hs|    FrmbufWrHlsDataFlow|  return value|
|ap_start                   |   in|    1|  ap_ctrl_hs|    FrmbufWrHlsDataFlow|  return value|
|ap_done                    |  out|    1|  ap_ctrl_hs|    FrmbufWrHlsDataFlow|  return value|
|ap_ready                   |  out|    1|  ap_ctrl_hs|    FrmbufWrHlsDataFlow|  return value|
|ap_idle                    |  out|    1|  ap_ctrl_hs|    FrmbufWrHlsDataFlow|  return value|
|ap_continue                |   in|    1|  ap_ctrl_hs|    FrmbufWrHlsDataFlow|  return value|
+---------------------------+-----+-----+------------+-----------------------+--------------+

