

================================================================
== Vitis HLS Report for 'MultiPixStream2Bytes_Pipeline_VITIS_LOOP_1333_29'
================================================================
* Date:           Mon Mar 16 15:10:43 2026

* Version:        2025.2 (Build 6295257 on Nov 14 2025)
* Project:        prj
* Solution:       sol (Vivado IP Flow Target)
* Product family: zynq
* Target device:  xc7z020-clg400-2


================================================================
== Performance Estimates
================================================================
+ Timing: 
    * Summary: 
    +--------+---------+----------+------------+
    |  Clock |  Target | Estimated| Uncertainty|
    +--------+---------+----------+------------+
    |ap_clk  |  6.52 ns|  3.958 ns|     1.76 ns|
    +--------+---------+----------+------------+

+ Latency: 
    * Summary: 
    +---------+---------+-----------+-----------+-----+-----+-------------------+
    |  Latency (cycles) |   Latency (absolute)  |  Interval |      Pipeline     |
    |   min   |   max   |    min    |    max    | min | max |        Type       |
    +---------+---------+-----------+-----------+-----+-----+-------------------+
    |        2|     3843|  13.044 ns|  25.064 us|    0|    0|  loop pipeline stp|
    +---------+---------+-----------+-----------+-----+-----+-------------------+

    + Detail: 
        * Instance: 
        N/A

        * Loop: 
        +----------------------+---------+---------+----------+-----------+-----------+---------+----------+
        |                      |  Latency (cycles) | Iteration|  Initiation Interval  |   Trip  |          |
        |       Loop Name      |   min   |   max   |  Latency |  achieved |   target  |  Count  | Pipelined|
        +----------------------+---------+---------+----------+-----------+-----------+---------+----------+
        |- VITIS_LOOP_1333_29  |        0|     3841|        10|          8|          8|  0 ~ 480|       yes|
        +----------------------+---------+---------+----------+-----------+-----------+---------+----------+



================================================================
== Utilization Estimates
================================================================
* Summary: 
+-----------------+---------+-----+--------+-------+-----+
|       Name      | BRAM_18K| DSP |   FF   |  LUT  | URAM|
+-----------------+---------+-----+--------+-------+-----+
|DSP              |        -|    -|       -|      -|    -|
|Expression       |        -|    -|       0|     85|    -|
|FIFO             |        -|    -|       -|      -|    -|
|Instance         |        -|    -|       -|      -|    -|
|Memory           |        -|    -|       -|      -|    -|
|Multiplexer      |        -|    -|       0|    321|    -|
|Register         |        -|    -|     364|      -|    -|
+-----------------+---------+-----+--------+-------+-----+
|Total            |        0|    0|     364|    406|    0|
+-----------------+---------+-----+--------+-------+-----+
|Available        |      280|  220|  106400|  53200|    0|
+-----------------+---------+-----+--------+-------+-----+
|Utilization (%)  |        0|    0|      ~0|     ~0|    0|
+-----------------+---------+-----+--------+-------+-----+

+ Detail: 
    * Instance: 
    N/A

    * DSP: 
    N/A

    * Memory: 
    N/A

    * FIFO: 
    N/A

    * Expression: 
    +-----------------------------------------+----------+----+---+----+------------+------------+
    |              Variable Name              | Operation| DSP| FF| LUT| Bitwidth P0| Bitwidth P1|
    +-----------------------------------------+----------+----+---+----+------------+------------+
    |x_12_fu_472_p2                           |         +|   0|  0|   9|           9|           1|
    |ap_block_pp0_stage0_11001                |       and|   0|  0|   1|           1|           1|
    |ap_block_pp0_stage1_01001_grp11          |       and|   0|  0|   1|           1|           1|
    |ap_block_pp0_stage1_11001_grp1           |       and|   0|  0|   1|           1|           1|
    |ap_block_pp0_stage2_11001_grp2           |       and|   0|  0|   1|           1|           1|
    |ap_block_pp0_stage3_11001_grp3           |       and|   0|  0|   1|           1|           1|
    |ap_block_pp0_stage4_01001_grp5           |       and|   0|  0|   1|           1|           1|
    |ap_block_pp0_stage4_11001_grp4           |       and|   0|  0|   1|           1|           1|
    |ap_block_pp0_stage4_subdone              |       and|   0|  0|   1|           1|           1|
    |ap_block_pp0_stage5_11001_grp6           |       and|   0|  0|   1|           1|           1|
    |ap_block_pp0_stage6_11001_grp7           |       and|   0|  0|   1|           1|           1|
    |ap_block_pp0_stage7_01001_grp9           |       and|   0|  0|   1|           1|           1|
    |ap_block_pp0_stage7_11001_grp8           |       and|   0|  0|   1|           1|           1|
    |ap_block_pp0_stage7_subdone              |       and|   0|  0|   1|           1|           1|
    |ap_block_state10_pp0_stage1_iter1_grp11  |       and|   0|  0|   1|           1|           1|
    |ap_block_state2_pp0_stage1_iter0_grp1    |       and|   0|  0|   1|           1|           1|
    |ap_block_state3_pp0_stage2_iter0_grp2    |       and|   0|  0|   1|           1|           1|
    |ap_block_state4_pp0_stage3_iter0_grp3    |       and|   0|  0|   1|           1|           1|
    |ap_block_state5_pp0_stage4_iter0_grp4    |       and|   0|  0|   1|           1|           1|
    |ap_block_state5_pp0_stage4_iter0_grp5    |       and|   0|  0|   1|           1|           1|
    |ap_block_state6_pp0_stage5_iter0_grp6    |       and|   0|  0|   1|           1|           1|
    |ap_block_state7_pp0_stage6_iter0_grp7    |       and|   0|  0|   1|           1|           1|
    |ap_block_state8_pp0_stage7_iter0_grp8    |       and|   0|  0|   1|           1|           1|
    |ap_block_state8_pp0_stage7_iter0_grp9    |       and|   0|  0|   1|           1|           1|
    |ap_block_state9_pp0_stage0_iter1         |       and|   0|  0|   1|           1|           1|
    |ap_condition_1003                        |       and|   0|  0|   1|           1|           1|
    |ap_condition_1008                        |       and|   0|  0|   1|           1|           1|
    |ap_condition_956                         |       and|   0|  0|   1|           1|           1|
    |ap_condition_958                         |       and|   0|  0|   1|           1|           1|
    |ap_condition_962                         |       and|   0|  0|   1|           1|           1|
    |ap_condition_967                         |       and|   0|  0|   1|           1|           1|
    |ap_condition_970                         |       and|   0|  0|   1|           1|           1|
    |ap_condition_975                         |       and|   0|  0|   1|           1|           1|
    |ap_condition_978                         |       and|   0|  0|   1|           1|           1|
    |ap_condition_984                         |       and|   0|  0|   1|           1|           1|
    |ap_condition_989                         |       and|   0|  0|   1|           1|           1|
    |ap_condition_992                         |       and|   0|  0|   1|           1|           1|
    |ap_condition_995                         |       and|   0|  0|   1|           1|           1|
    |ap_predicate_op104_read_state8           |       and|   0|  0|   1|           1|           1|
    |ap_predicate_op110_write_state8          |       and|   0|  0|   1|           1|           1|
    |ap_predicate_op116_read_state9           |       and|   0|  0|   1|           1|           1|
    |ap_predicate_op51_read_state3            |       and|   0|  0|   1|           1|           1|
    |ap_predicate_op61_read_state4            |       and|   0|  0|   1|           1|           1|
    |ap_predicate_op71_read_state5            |       and|   0|  0|   1|           1|           1|
    |ap_predicate_op86_read_state6            |       and|   0|  0|   1|           1|           1|
    |ap_predicate_op95_read_state7            |       and|   0|  0|   1|           1|           1|
    |icmp_ln1333_fu_466_p2                    |      icmp|   0|  0|   9|           9|           9|
    |icmp_ln1338_fu_478_p2                    |      icmp|   0|  0|  10|          10|          10|
    |ap_block_pp0_stage1_subdone              |        or|   0|  0|   1|           1|           1|
    |or_ln1338_1_fu_513_p2                    |        or|   0|  0|   1|           1|           1|
    |or_ln1338_2_fu_521_p2                    |        or|   0|  0|   1|           1|           1|
    |or_ln1338_3_fu_529_p2                    |        or|   0|  0|   1|           1|           1|
    |or_ln1338_4_fu_533_p2                    |        or|   0|  0|   1|           1|           1|
    |or_ln1338_5_fu_537_p2                    |        or|   0|  0|   1|           1|           1|
    |or_ln1338_6_fu_541_p2                    |        or|   0|  0|   1|           1|           1|
    |or_ln1338_fu_505_p2                      |        or|   0|  0|   1|           1|           1|
    |or_ln1353_1_fu_490_p2                    |        or|   0|  0|   1|           1|           1|
    |or_ln1353_fu_484_p2                      |        or|   0|  0|   1|           1|           1|
    |ap_enable_pp0                            |       xor|   0|  0|   2|           1|           2|
    +-----------------------------------------+----------+----+---+----+------------+------------+
    |Total                                    |          |   0|  0|  85|          84|          77|
    +-----------------------------------------+----------+----+---+----+------------+------------+

    * Multiplexer: 
    +--------------------------------------+----+-----------+-----+-----------+
    |                 Name                 | LUT| Input Size| Bits| Total Bits|
    +--------------------------------------+----+-----------+-----+-----------+
    |ap_NS_fsm                             |  37|          9|    1|          9|
    |ap_done_int                           |   9|          2|    1|          2|
    |ap_enable_reg_pp0_iter0               |   9|          2|    1|          2|
    |ap_enable_reg_pp0_iter0_reg           |   9|          2|    1|          2|
    |ap_enable_reg_pp0_iter1               |   9|          2|    1|          2|
    |ap_phi_reg_pp0_iter0_pix_105_reg_254  |   9|          2|    8|         16|
    |ap_phi_reg_pp0_iter0_pix_106_reg_243  |   9|          2|    8|         16|
    |ap_phi_reg_pp0_iter0_pix_107_reg_232  |   9|          2|    8|         16|
    |ap_phi_reg_pp0_iter0_pix_117_reg_287  |   9|          2|    8|         16|
    |ap_phi_reg_pp0_iter0_pix_118_reg_276  |   9|          2|    8|         16|
    |ap_phi_reg_pp0_iter0_pix_119_reg_265  |   9|          2|    8|         16|
    |ap_phi_reg_pp0_iter0_pix_122_reg_320  |   9|          2|    8|         16|
    |ap_phi_reg_pp0_iter0_pix_123_reg_309  |   9|          2|    8|         16|
    |ap_phi_reg_pp0_iter0_pix_124_reg_298  |   9|          2|    8|         16|
    |ap_phi_reg_pp0_iter0_pix_53_reg_189   |   9|          2|    8|         16|
    |ap_phi_reg_pp0_iter0_pix_79_reg_221   |   9|          2|    8|         16|
    |ap_phi_reg_pp0_iter0_pix_80_reg_210   |   9|          2|    8|         16|
    |ap_phi_reg_pp0_iter0_pix_83_reg_199   |   9|          2|    8|         16|
    |ap_phi_reg_pp0_iter1_pix_127_reg_353  |  13|          3|    8|         24|
    |ap_phi_reg_pp0_iter1_pix_128_reg_342  |  13|          3|    8|         24|
    |ap_phi_reg_pp0_iter1_pix_129_reg_331  |  13|          3|    8|         24|
    |ap_phi_reg_pp0_iter1_pix_132_reg_384  |  13|          3|    8|         24|
    |ap_phi_reg_pp0_iter1_pix_133_reg_374  |  13|          3|    8|         24|
    |ap_phi_reg_pp0_iter1_pix_134_reg_364  |  13|          3|    8|         24|
    |ap_sig_allocacmp_x                    |   9|          2|    9|         18|
    |bytePlanes_plane0_blk_n               |   9|          2|    1|          2|
    |bytePlanes_plane0_din                 |  17|          4|   64|        256|
    |img_blk_n                             |   9|          2|    1|          2|
    |x_9_fu_86                             |   9|          2|    9|         18|
    +--------------------------------------+----+-----------+-----+-----------+
    |Total                                 | 321|         73|  241|        665|
    +--------------------------------------+----+-----------+-----+-----------+

    * Register: 
    +--------------------------------------------+---+----+-----+-----------+
    |                    Name                    | FF| LUT| Bits| Const Bits|
    +--------------------------------------------+---+----+-----+-----------+
    |ap_CS_fsm                                   |  8|   0|    8|          0|
    |ap_block_pp0_stage0_subdone_grp0_done_reg   |  1|   0|    1|          0|
    |ap_block_pp0_stage1_subdone_grp11_done_reg  |  1|   0|    1|          0|
    |ap_block_pp0_stage1_subdone_grp1_done_reg   |  1|   0|    1|          0|
    |ap_block_pp0_stage2_subdone_grp0_done_reg   |  1|   0|    1|          0|
    |ap_block_pp0_stage3_subdone_grp0_done_reg   |  1|   0|    1|          0|
    |ap_block_pp0_stage4_subdone_grp0_done_reg   |  1|   0|    1|          0|
    |ap_block_pp0_stage4_subdone_grp4_done_reg   |  1|   0|    1|          0|
    |ap_block_pp0_stage4_subdone_grp5_done_reg   |  1|   0|    1|          0|
    |ap_block_pp0_stage5_subdone_grp0_done_reg   |  1|   0|    1|          0|
    |ap_block_pp0_stage6_subdone_grp0_done_reg   |  1|   0|    1|          0|
    |ap_block_pp0_stage7_subdone_grp0_done_reg   |  1|   0|    1|          0|
    |ap_block_pp0_stage7_subdone_grp8_done_reg   |  1|   0|    1|          0|
    |ap_block_pp0_stage7_subdone_grp9_done_reg   |  1|   0|    1|          0|
    |ap_done_reg                                 |  1|   0|    1|          0|
    |ap_enable_reg_pp0_iter0_reg                 |  1|   0|    1|          0|
    |ap_enable_reg_pp0_iter1                     |  1|   0|    1|          0|
    |ap_phi_reg_pp0_iter0_pix_105_reg_254        |  8|   0|    8|          0|
    |ap_phi_reg_pp0_iter0_pix_106_reg_243        |  8|   0|    8|          0|
    |ap_phi_reg_pp0_iter0_pix_107_reg_232        |  8|   0|    8|          0|
    |ap_phi_reg_pp0_iter0_pix_117_reg_287        |  8|   0|    8|          0|
    |ap_phi_reg_pp0_iter0_pix_118_reg_276        |  8|   0|    8|          0|
    |ap_phi_reg_pp0_iter0_pix_119_reg_265        |  8|   0|    8|          0|
    |ap_phi_reg_pp0_iter0_pix_122_reg_320        |  8|   0|    8|          0|
    |ap_phi_reg_pp0_iter0_pix_123_reg_309        |  8|   0|    8|          0|
    |ap_phi_reg_pp0_iter0_pix_124_reg_298        |  8|   0|    8|          0|
    |ap_phi_reg_pp0_iter0_pix_53_reg_189         |  8|   0|    8|          0|
    |ap_phi_reg_pp0_iter0_pix_54_reg_179         |  8|   0|    8|          0|
    |ap_phi_reg_pp0_iter0_pix_57_reg_169         |  8|   0|    8|          0|
    |ap_phi_reg_pp0_iter0_pix_79_reg_221         |  8|   0|    8|          0|
    |ap_phi_reg_pp0_iter0_pix_80_reg_210         |  8|   0|    8|          0|
    |ap_phi_reg_pp0_iter0_pix_83_reg_199         |  8|   0|    8|          0|
    |ap_phi_reg_pp0_iter1_pix_127_reg_353        |  8|   0|    8|          0|
    |ap_phi_reg_pp0_iter1_pix_128_reg_342        |  8|   0|    8|          0|
    |ap_phi_reg_pp0_iter1_pix_129_reg_331        |  8|   0|    8|          0|
    |ap_phi_reg_pp0_iter1_pix_132_reg_384        |  8|   0|    8|          0|
    |ap_phi_reg_pp0_iter1_pix_133_reg_374        |  8|   0|    8|          0|
    |ap_phi_reg_pp0_iter1_pix_134_reg_364        |  8|   0|    8|          0|
    |icmp44_read_reg_630                         |  1|   0|    1|          0|
    |icmp47_read_reg_640                         |  1|   0|    1|          0|
    |icmp_ln1319_read_reg_660                    |  1|   0|    1|          0|
    |icmp_ln1333_reg_665                         |  1|   0|    1|          0|
    |icmp_ln1338_1_read_reg_635                  |  1|   0|    1|          0|
    |icmp_ln1338_3_read_reg_645                  |  1|   0|    1|          0|
    |icmp_ln1338_4_read_reg_650                  |  1|   0|    1|          0|
    |icmp_ln1338_5_read_reg_655                  |  1|   0|    1|          0|
    |icmp_ln1338_reg_669                         |  1|   0|    1|          0|
    |or_ln1338_1_reg_703                         |  1|   0|    1|          0|
    |or_ln1338_2_reg_712                         |  1|   0|    1|          0|
    |or_ln1338_3_reg_721                         |  1|   0|    1|          0|
    |or_ln1338_4_reg_725                         |  1|   0|    1|          0|
    |or_ln1338_5_reg_729                         |  1|   0|    1|          0|
    |or_ln1338_6_reg_733                         |  1|   0|    1|          0|
    |or_ln1338_reg_694                           |  1|   0|    1|          0|
    |or_ln1353_1_reg_684                         |  1|   0|    1|          0|
    |or_ln1353_1_reg_684_pp0_iter1_reg           |  1|   0|    1|          0|
    |or_ln1353_reg_680                           |  1|   0|    1|          0|
    |pix_105_reg_254                             |  8|   0|    8|          0|
    |pix_106_reg_243                             |  8|   0|    8|          0|
    |pix_107_reg_232                             |  8|   0|    8|          0|
    |pix_117_reg_287                             |  8|   0|    8|          0|
    |pix_118_reg_276                             |  8|   0|    8|          0|
    |pix_119_reg_265                             |  8|   0|    8|          0|
    |pix_122_reg_320                             |  8|   0|    8|          0|
    |pix_123_reg_309                             |  8|   0|    8|          0|
    |pix_127_reg_353                             |  8|   0|    8|          0|
    |pix_128_reg_342                             |  8|   0|    8|          0|
    |pix_129_reg_331                             |  8|   0|    8|          0|
    |pix_53_reg_189                              |  8|   0|    8|          0|
    |pix_54_reg_179                              |  8|   0|    8|          0|
    |pix_57_reg_169                              |  8|   0|    8|          0|
    |pix_79_reg_221                              |  8|   0|    8|          0|
    |pix_reg_688                                 |  8|   0|    8|          0|
    |reg_414                                     |  8|   0|    8|          0|
    |reg_421                                     |  8|   0|    8|          0|
    |x_9_fu_86                                   |  9|   0|    9|          0|
    +--------------------------------------------+---+----+-----+-----------+
    |Total                                       |364|   0|  364|          0|
    +--------------------------------------------+---+----+-----+-----------+



================================================================
== Interface
================================================================
* Summary: 
+----------------------------------+-----+-----+------------+--------------------------------------------------+--------------+
|             RTL Ports            | Dir | Bits|  Protocol  |                   Source Object                  |    C Type    |
+----------------------------------+-----+-----+------------+--------------------------------------------------+--------------+
|ap_clk                            |   in|    1|  ap_ctrl_hs|  MultiPixStream2Bytes_Pipeline_VITIS_LOOP_1333_29|  return value|
|ap_rst                            |   in|    1|  ap_ctrl_hs|  MultiPixStream2Bytes_Pipeline_VITIS_LOOP_1333_29|  return value|
|ap_start                          |   in|    1|  ap_ctrl_hs|  MultiPixStream2Bytes_Pipeline_VITIS_LOOP_1333_29|  return value|
|ap_done                           |  out|    1|  ap_ctrl_hs|  MultiPixStream2Bytes_Pipeline_VITIS_LOOP_1333_29|  return value|
|ap_idle                           |  out|    1|  ap_ctrl_hs|  MultiPixStream2Bytes_Pipeline_VITIS_LOOP_1333_29|  return value|
|ap_ready                          |  out|    1|  ap_ctrl_hs|  MultiPixStream2Bytes_Pipeline_VITIS_LOOP_1333_29|  return value|
|img_dout                          |   in|   24|     ap_fifo|                                               img|       pointer|
|img_empty_n                       |   in|    1|     ap_fifo|                                               img|       pointer|
|img_read                          |  out|    1|     ap_fifo|                                               img|       pointer|
|img_num_data_valid                |   in|    3|     ap_fifo|                                               img|       pointer|
|img_fifo_cap                      |   in|    3|     ap_fifo|                                               img|       pointer|
|bytePlanes_plane0_din             |  out|   64|     ap_fifo|                                 bytePlanes_plane0|       pointer|
|bytePlanes_plane0_full_n          |   in|    1|     ap_fifo|                                 bytePlanes_plane0|       pointer|
|bytePlanes_plane0_write           |  out|    1|     ap_fifo|                                 bytePlanes_plane0|       pointer|
|bytePlanes_plane0_num_data_valid  |   in|   10|     ap_fifo|                                 bytePlanes_plane0|       pointer|
|bytePlanes_plane0_fifo_cap        |   in|   10|     ap_fifo|                                 bytePlanes_plane0|       pointer|
|trunc_ln6                         |   in|    9|   ap_stable|                                         trunc_ln6|        scalar|
|icmp_ln1353_1                     |   in|    1|   ap_stable|                                     icmp_ln1353_1|        scalar|
|empty                             |   in|    1|   ap_stable|                                             empty|        scalar|
|icmp_ln1319                       |   in|    1|   ap_stable|                                       icmp_ln1319|        scalar|
|icmp_ln1338_5                     |   in|    1|   ap_stable|                                     icmp_ln1338_5|        scalar|
|icmp_ln1338_4                     |   in|    1|   ap_stable|                                     icmp_ln1338_4|        scalar|
|icmp_ln1338_3                     |   in|    1|   ap_stable|                                     icmp_ln1338_3|        scalar|
|icmp47                            |   in|    1|   ap_stable|                                            icmp47|        scalar|
|icmp_ln1338_1                     |   in|    1|   ap_stable|                                     icmp_ln1338_1|        scalar|
|add_ln1338                        |   in|   10|   ap_stable|                                        add_ln1338|        scalar|
|icmp44                            |   in|    1|   ap_stable|                                            icmp44|        scalar|
+----------------------------------+-----+-----+------------+--------------------------------------------------+--------------+

