

================================================================
== Vitis HLS Report for 'MultiPixStream2Bytes_Pipeline_VITIS_LOOP_821_14'
================================================================
* Date:           Mon Mar 16 15:10:43 2026

* Version:        2025.2 (Build 6295257 on Nov 14 2025)
* Project:        prj
* Solution:       sol (Vivado IP Flow Target)
* Product family: zynq
* Target device:  xc7z020-clg400-2


================================================================
== Performance Estimates
================================================================
+ Timing: 
    * Summary: 
    +--------+---------+----------+------------+
    |  Clock |  Target | Estimated| Uncertainty|
    +--------+---------+----------+------------+
    |ap_clk  |  6.52 ns|  4.078 ns|     1.76 ns|
    +--------+---------+----------+------------+

+ Latency: 
    * Summary: 
    +---------+---------+-----------+-----------+-----+-----+-------------------+
    |  Latency (cycles) |   Latency (absolute)  |  Interval |      Pipeline     |
    |   min   |   max   |    min    |    max    | min | max |        Type       |
    +---------+---------+-----------+-----------+-----+-----+-------------------+
    |        2|     5763|  13.044 ns|  37.586 us|    0|    0|  loop pipeline stp|
    +---------+---------+-----------+-----------+-----+-----+-------------------+

    + Detail: 
        * Instance: 
        N/A

        * Loop: 
        +---------------------+---------+---------+----------+-----------+-----------+----------+----------+
        |                     |  Latency (cycles) | Iteration|  Initiation Interval  |   Trip   |          |
        |      Loop Name      |   min   |   max   |  Latency |  achieved |   target  |   Count  | Pipelined|
        +---------------------+---------+---------+----------+-----------+-----------+----------+----------+
        |- VITIS_LOOP_821_14  |        0|     5761|         6|          4|          4|  0 ~ 1440|       yes|
        +---------------------+---------+---------+----------+-----------+-----------+----------+----------+



================================================================
== Utilization Estimates
================================================================
* Summary: 
+-----------------+---------+-----+--------+-------+-----+
|       Name      | BRAM_18K| DSP |   FF   |  LUT  | URAM|
+-----------------+---------+-----+--------+-------+-----+
|DSP              |        -|    -|       -|      -|    -|
|Expression       |        -|    -|       0|     55|    -|
|FIFO             |        -|    -|       -|      -|    -|
|Instance         |        -|    -|       -|      -|    -|
|Memory           |        -|    -|       -|      -|    -|
|Multiplexer      |        -|    -|       0|    154|    -|
|Register         |        -|    -|     167|      -|    -|
+-----------------+---------+-----+--------+-------+-----+
|Total            |        0|    0|     167|    209|    0|
+-----------------+---------+-----+--------+-------+-----+
|Available        |      280|  220|  106400|  53200|    0|
+-----------------+---------+-----+--------+-------+-----+
|Utilization (%)  |        0|    0|      ~0|     ~0|    0|
+-----------------+---------+-----+--------+-------+-----+

+ Detail: 
    * Instance: 
    N/A

    * DSP: 
    N/A

    * Memory: 
    N/A

    * FIFO: 
    N/A

    * Expression: 
    +---------------------------------------+----------+----+---+----+------------+------------+
    |             Variable Name             | Operation| DSP| FF| LUT| Bitwidth P0| Bitwidth P1|
    +---------------------------------------+----------+----+---+----+------------+------------+
    |x_5_fu_210_p2                          |         +|   0|  0|  11|          11|           1|
    |ap_block_pp0_stage0_11001              |       and|   0|  0|   1|           1|           1|
    |ap_block_pp0_stage1_01001_grp5         |       and|   0|  0|   1|           1|           1|
    |ap_block_pp0_stage1_11001_grp1         |       and|   0|  0|   1|           1|           1|
    |ap_block_pp0_stage2_11001_grp2         |       and|   0|  0|   1|           1|           1|
    |ap_block_pp0_stage3_11001_grp3         |       and|   0|  0|   1|           1|           1|
    |ap_block_state2_pp0_stage1_iter0_grp1  |       and|   0|  0|   1|           1|           1|
    |ap_block_state3_pp0_stage2_iter0_grp2  |       and|   0|  0|   1|           1|           1|
    |ap_block_state4_pp0_stage3_iter0_grp3  |       and|   0|  0|   1|           1|           1|
    |ap_block_state5_pp0_stage0_iter1       |       and|   0|  0|   1|           1|           1|
    |ap_condition_247                       |       and|   0|  0|   1|           1|           1|
    |ap_condition_459                       |       and|   0|  0|   1|           1|           1|
    |ap_condition_464                       |       and|   0|  0|   1|           1|           1|
    |ap_predicate_op37_read_state3          |       and|   0|  0|   1|           1|           1|
    |ap_predicate_op43_read_state4          |       and|   0|  0|   1|           1|           1|
    |ap_predicate_op51_read_state5          |       and|   0|  0|   1|           1|           1|
    |icmp_ln821_fu_204_p2                   |      icmp|   0|  0|  11|          11|          11|
    |icmp_ln826_fu_220_p2                   |      icmp|   0|  0|  12|          12|          12|
    |ap_block_pp0_stage1_subdone            |        or|   0|  0|   1|           1|           1|
    |or_ln826_1_fu_235_p2                   |        or|   0|  0|   1|           1|           1|
    |or_ln826_2_fu_239_p2                   |        or|   0|  0|   1|           1|           1|
    |or_ln826_fu_231_p2                     |        or|   0|  0|   1|           1|           1|
    |ap_enable_pp0                          |       xor|   0|  0|   2|           1|           2|
    +---------------------------------------+----------+----+---+----+------------+------------+
    |Total                                  |          |   0|  0|  55|          54|          45|
    +---------------------------------------+----------+----+---+----+------------+------------+

    * Multiplexer: 
    +-------------------------------------+----+-----------+-----+-----------+
    |                 Name                | LUT| Input Size| Bits| Total Bits|
    +-------------------------------------+----+-----------+-----+-----------+
    |ap_NS_fsm                            |  21|          5|    1|          5|
    |ap_done_int                          |   9|          2|    1|          2|
    |ap_enable_reg_pp0_iter0              |   9|          2|    1|          2|
    |ap_enable_reg_pp0_iter0_reg          |   9|          2|    1|          2|
    |ap_enable_reg_pp0_iter1              |   9|          2|    1|          2|
    |ap_phi_reg_pp0_iter1_pix_45_reg_149  |  13|          3|    8|         24|
    |ap_phi_reg_pp0_iter1_pix_46_reg_138  |  13|          3|    8|         24|
    |ap_phi_reg_pp0_iter1_pix_49_reg_169  |  13|          3|    8|         24|
    |ap_phi_reg_pp0_iter1_pix_50_reg_159  |  13|          3|    8|         24|
    |ap_sig_allocacmp_x                   |   9|          2|   11|         22|
    |bytePlanes_plane0_blk_n              |   9|          2|    1|          2|
    |img_blk_n                            |   9|          2|    1|          2|
    |pix_36_reg_119                       |   9|          2|    8|         16|
    |x_4_fu_72                            |   9|          2|   11|         22|
    +-------------------------------------+----+-----------+-----+-----------+
    |Total                                | 154|         35|   69|        173|
    +-------------------------------------+----+-----------+-----+-----------+

    * Register: 
    +-------------------------------------------+----+----+-----+-----------+
    |                    Name                   | FF | LUT| Bits| Const Bits|
    +-------------------------------------------+----+----+-----+-----------+
    |ap_CS_fsm                                  |   4|   0|    4|          0|
    |ap_block_pp0_stage0_subdone_grp0_done_reg  |   1|   0|    1|          0|
    |ap_block_pp0_stage1_subdone_grp0_done_reg  |   1|   0|    1|          0|
    |ap_block_pp0_stage1_subdone_grp1_done_reg  |   1|   0|    1|          0|
    |ap_block_pp0_stage1_subdone_grp5_done_reg  |   1|   0|    1|          0|
    |ap_block_pp0_stage3_subdone_grp0_done_reg  |   1|   0|    1|          0|
    |ap_done_reg                                |   1|   0|    1|          0|
    |ap_enable_reg_pp0_iter0_reg                |   1|   0|    1|          0|
    |ap_enable_reg_pp0_iter1                    |   1|   0|    1|          0|
    |ap_phi_reg_pp0_iter0_phi_ln431_reg_129     |  24|   0|   24|          0|
    |ap_phi_reg_pp0_iter0_pix_36_reg_119        |   8|   0|    8|          0|
    |ap_phi_reg_pp0_iter1_pix_45_reg_149        |   8|   0|    8|          0|
    |ap_phi_reg_pp0_iter1_pix_46_reg_138        |   8|   0|    8|          0|
    |ap_phi_reg_pp0_iter1_pix_49_reg_169        |   8|   0|    8|          0|
    |ap_phi_reg_pp0_iter1_pix_50_reg_159        |   8|   0|    8|          0|
    |icmp24_read_reg_282                        |   1|   0|    1|          0|
    |icmp_ln809_read_reg_292                    |   1|   0|    1|          0|
    |icmp_ln821_reg_297                         |   1|   0|    1|          0|
    |icmp_ln826_1_read_reg_287                  |   1|   0|    1|          0|
    |icmp_ln826_reg_301                         |   1|   0|    1|          0|
    |img_read_reg_308                           |  24|   0|   24|          0|
    |or_ln826_1_reg_318                         |   1|   0|    1|          0|
    |or_ln826_2_reg_322                         |   1|   0|    1|          0|
    |or_ln826_reg_314                           |   1|   0|    1|          0|
    |pix_36_reg_119                             |   8|   0|    8|          0|
    |pix_42_reg_331                             |   8|   0|    8|          0|
    |pix_45_reg_149                             |   8|   0|    8|          0|
    |pix_46_reg_138                             |   8|   0|    8|          0|
    |trunc_ln836_reg_342                        |  16|   0|   16|          0|
    |x_4_fu_72                                  |  11|   0|   11|          0|
    +-------------------------------------------+----+----+-----+-----------+
    |Total                                      | 167|   0|  167|          0|
    +-------------------------------------------+----+----+-----+-----------+



================================================================
== Interface
================================================================
* Summary: 
+----------------------------------+-----+-----+------------+-------------------------------------------------+--------------+
|             RTL Ports            | Dir | Bits|  Protocol  |                  Source Object                  |    C Type    |
+----------------------------------+-----+-----+------------+-------------------------------------------------+--------------+
|ap_clk                            |   in|    1|  ap_ctrl_hs|  MultiPixStream2Bytes_Pipeline_VITIS_LOOP_821_14|  return value|
|ap_rst                            |   in|    1|  ap_ctrl_hs|  MultiPixStream2Bytes_Pipeline_VITIS_LOOP_821_14|  return value|
|ap_start                          |   in|    1|  ap_ctrl_hs|  MultiPixStream2Bytes_Pipeline_VITIS_LOOP_821_14|  return value|
|ap_done                           |  out|    1|  ap_ctrl_hs|  MultiPixStream2Bytes_Pipeline_VITIS_LOOP_821_14|  return value|
|ap_idle                           |  out|    1|  ap_ctrl_hs|  MultiPixStream2Bytes_Pipeline_VITIS_LOOP_821_14|  return value|
|ap_ready                          |  out|    1|  ap_ctrl_hs|  MultiPixStream2Bytes_Pipeline_VITIS_LOOP_821_14|  return value|
|img_dout                          |   in|   24|     ap_fifo|                                              img|       pointer|
|img_empty_n                       |   in|    1|     ap_fifo|                                              img|       pointer|
|img_read                          |  out|    1|     ap_fifo|                                              img|       pointer|
|img_num_data_valid                |   in|    3|     ap_fifo|                                              img|       pointer|
|img_fifo_cap                      |   in|    3|     ap_fifo|                                              img|       pointer|
|bytePlanes_plane0_din             |  out|   64|     ap_fifo|                                bytePlanes_plane0|       pointer|
|bytePlanes_plane0_full_n          |   in|    1|     ap_fifo|                                bytePlanes_plane0|       pointer|
|bytePlanes_plane0_write           |  out|    1|     ap_fifo|                                bytePlanes_plane0|       pointer|
|bytePlanes_plane0_num_data_valid  |   in|   10|     ap_fifo|                                bytePlanes_plane0|       pointer|
|bytePlanes_plane0_fifo_cap        |   in|   10|     ap_fifo|                                bytePlanes_plane0|       pointer|
|loopWidth_4                       |   in|   11|   ap_stable|                                      loopWidth_4|        scalar|
|icmp_ln809                        |   in|    1|   ap_stable|                                       icmp_ln809|        scalar|
|icmp_ln826_1                      |   in|    1|   ap_stable|                                     icmp_ln826_1|        scalar|
|sext_ln826                        |   in|   12|   ap_stable|                                       sext_ln826|        scalar|
|icmp24                            |   in|    1|   ap_stable|                                           icmp24|        scalar|
+----------------------------------+-----+-----+------------+-------------------------------------------------+--------------+

