

================================================================
== Vitis HLS Report for 'MultiPixStream2Bytes_Pipeline_VITIS_LOOP_863_18'
================================================================
* Date:           Mon Mar 16 15:10:43 2026

* Version:        2025.2 (Build 6295257 on Nov 14 2025)
* Project:        prj
* Solution:       sol (Vivado IP Flow Target)
* Product family: zynq
* Target device:  xc7z020-clg400-2


================================================================
== Performance Estimates
================================================================
+ Timing: 
    * Summary: 
    +--------+---------+----------+------------+
    |  Clock |  Target | Estimated| Uncertainty|
    +--------+---------+----------+------------+
    |ap_clk  |  6.52 ns|  4.078 ns|     1.76 ns|
    +--------+---------+----------+------------+

+ Latency: 
    * Summary: 
    +---------+---------+-----------+-----------+-----+-----+-------------------+
    |  Latency (cycles) |   Latency (absolute)  |  Interval |      Pipeline     |
    |   min   |   max   |    min    |    max    | min | max |        Type       |
    +---------+---------+-----------+-----------+-----+-----+-------------------+
    |        2|     5763|  13.044 ns|  37.586 us|    0|    0|  loop pipeline stp|
    +---------+---------+-----------+-----------+-----+-----+-------------------+

    + Detail: 
        * Instance: 
        N/A

        * Loop: 
        +---------------------+---------+---------+----------+-----------+-----------+----------+----------+
        |                     |  Latency (cycles) | Iteration|  Initiation Interval  |   Trip   |          |
        |      Loop Name      |   min   |   max   |  Latency |  achieved |   target  |   Count  | Pipelined|
        +---------------------+---------+---------+----------+-----------+-----------+----------+----------+
        |- VITIS_LOOP_863_18  |        0|     5761|         6|          4|          4|  0 ~ 1440|       yes|
        +---------------------+---------+---------+----------+-----------+-----------+----------+----------+



================================================================
== Utilization Estimates
================================================================
* Summary: 
+-----------------+---------+-----+--------+-------+-----+
|       Name      | BRAM_18K| DSP |   FF   |  LUT  | URAM|
+-----------------+---------+-----+--------+-------+-----+
|DSP              |        -|    -|       -|      -|    -|
|Expression       |        -|    -|       0|     54|    -|
|FIFO             |        -|    -|       -|      -|    -|
|Instance         |        -|    -|       -|      -|    -|
|Memory           |        -|    -|       -|      -|    -|
|Multiplexer      |        -|    -|       0|    154|    -|
|Register         |        -|    -|     125|      -|    -|
+-----------------+---------+-----+--------+-------+-----+
|Total            |        0|    0|     125|    208|    0|
+-----------------+---------+-----+--------+-------+-----+
|Available        |      280|  220|  106400|  53200|    0|
+-----------------+---------+-----+--------+-------+-----+
|Utilization (%)  |        0|    0|      ~0|     ~0|    0|
+-----------------+---------+-----+--------+-------+-----+

+ Detail: 
    * Instance: 
    N/A

    * DSP: 
    N/A

    * Memory: 
    N/A

    * FIFO: 
    N/A

    * Expression: 
    +---------------------------------------+----------+----+---+----+------------+------------+
    |             Variable Name             | Operation| DSP| FF| LUT| Bitwidth P0| Bitwidth P1|
    +---------------------------------------+----------+----+---+----+------------+------------+
    |x_4_fu_205_p2                          |         +|   0|  0|  11|          11|           1|
    |ap_block_pp0_stage0_11001              |       and|   0|  0|   1|           1|           1|
    |ap_block_pp0_stage2_11001_grp2         |       and|   0|  0|   1|           1|           1|
    |ap_block_pp0_stage3_11001_grp3         |       and|   0|  0|   1|           1|           1|
    |ap_block_state2_pp0_stage1_iter0_grp1  |       and|   0|  0|   1|           1|           1|
    |ap_block_state3_pp0_stage2_iter0_grp2  |       and|   0|  0|   1|           1|           1|
    |ap_block_state4_pp0_stage3_iter0_grp3  |       and|   0|  0|   1|           1|           1|
    |ap_block_state5_pp0_stage0_iter1       |       and|   0|  0|   1|           1|           1|
    |ap_condition_420                       |       and|   0|  0|   1|           1|           1|
    |ap_condition_423                       |       and|   0|  0|   1|           1|           1|
    |ap_condition_428                       |       and|   0|  0|   1|           1|           1|
    |ap_condition_433                       |       and|   0|  0|   1|           1|           1|
    |ap_predicate_op37_read_state3          |       and|   0|  0|   1|           1|           1|
    |ap_predicate_op44_read_state4          |       and|   0|  0|   1|           1|           1|
    |ap_predicate_op51_read_state5          |       and|   0|  0|   1|           1|           1|
    |icmp_ln863_fu_199_p2                   |      icmp|   0|  0|  11|          11|          11|
    |icmp_ln868_fu_215_p2                   |      icmp|   0|  0|  12|          12|          12|
    |ap_block_pp0_stage1_01001_grp1         |        or|   0|  0|   1|           1|           1|
    |or_ln868_1_fu_234_p2                   |        or|   0|  0|   1|           1|           1|
    |or_ln868_2_fu_238_p2                   |        or|   0|  0|   1|           1|           1|
    |or_ln868_fu_230_p2                     |        or|   0|  0|   1|           1|           1|
    |ap_enable_pp0                          |       xor|   0|  0|   2|           1|           2|
    +---------------------------------------+----------+----+---+----+------------+------------+
    |Total                                  |          |   0|  0|  54|          53|          44|
    +---------------------------------------+----------+----+---+----+------------+------------+

    * Multiplexer: 
    +-------------------------------------+----+-----------+-----+-----------+
    |                 Name                | LUT| Input Size| Bits| Total Bits|
    +-------------------------------------+----+-----------+-----+-----------+
    |ap_NS_fsm                            |  21|          5|    1|          5|
    |ap_done_int                          |   9|          2|    1|          2|
    |ap_enable_reg_pp0_iter0              |   9|          2|    1|          2|
    |ap_enable_reg_pp0_iter0_reg          |   9|          2|    1|          2|
    |ap_enable_reg_pp0_iter1              |   9|          2|    1|          2|
    |ap_phi_reg_pp0_iter0_pix_31_reg_129  |   9|          2|    8|         16|
    |ap_phi_reg_pp0_iter1_pix_35_reg_150  |  13|          3|    8|         24|
    |ap_phi_reg_pp0_iter1_pix_36_reg_139  |  13|          3|    8|         24|
    |ap_phi_reg_pp0_iter1_pix_39_reg_171  |  13|          3|    8|         24|
    |ap_phi_reg_pp0_iter1_pix_40_reg_161  |  13|          3|    8|         24|
    |ap_sig_allocacmp_x_3                 |   9|          2|   11|         22|
    |bytePlanes_plane0_blk_n              |   9|          2|    1|          2|
    |img_blk_n                            |   9|          2|    1|          2|
    |x_fu_72                              |   9|          2|   11|         22|
    +-------------------------------------+----+-----------+-----+-----------+
    |Total                                | 154|         35|   69|        173|
    +-------------------------------------+----+-----------+-----+-----------+

    * Register: 
    +-------------------------------------------+----+----+-----+-----------+
    |                    Name                   | FF | LUT| Bits| Const Bits|
    +-------------------------------------------+----+----+-----+-----------+
    |ap_CS_fsm                                  |   4|   0|    4|          0|
    |ap_block_pp0_stage0_subdone_grp0_done_reg  |   1|   0|    1|          0|
    |ap_block_pp0_stage1_subdone_grp0_done_reg  |   1|   0|    1|          0|
    |ap_block_pp0_stage3_subdone_grp0_done_reg  |   1|   0|    1|          0|
    |ap_done_reg                                |   1|   0|    1|          0|
    |ap_enable_reg_pp0_iter0_reg                |   1|   0|    1|          0|
    |ap_enable_reg_pp0_iter1                    |   1|   0|    1|          0|
    |ap_phi_reg_pp0_iter0_pix_31_reg_129        |   8|   0|    8|          0|
    |ap_phi_reg_pp0_iter0_pix_32_reg_119        |   8|   0|    8|          0|
    |ap_phi_reg_pp0_iter1_pix_35_reg_150        |   8|   0|    8|          0|
    |ap_phi_reg_pp0_iter1_pix_36_reg_139        |   8|   0|    8|          0|
    |ap_phi_reg_pp0_iter1_pix_39_reg_171        |   8|   0|    8|          0|
    |ap_phi_reg_pp0_iter1_pix_40_reg_161        |   8|   0|    8|          0|
    |icmp27_read_reg_280                        |   1|   0|    1|          0|
    |icmp_ln851_read_reg_290                    |   1|   0|    1|          0|
    |icmp_ln863_reg_295                         |   1|   0|    1|          0|
    |icmp_ln868_1_read_reg_285                  |   1|   0|    1|          0|
    |icmp_ln868_reg_299                         |   1|   0|    1|          0|
    |or_ln868_1_reg_322                         |   1|   0|    1|          0|
    |or_ln868_2_reg_326                         |   1|   0|    1|          0|
    |or_ln868_reg_318                           |   1|   0|    1|          0|
    |pix_31_reg_129                             |   8|   0|    8|          0|
    |pix_32_reg_119                             |   8|   0|    8|          0|
    |pix_35_reg_150                             |   8|   0|    8|          0|
    |pix_36_reg_139                             |   8|   0|    8|          0|
    |pix_3_reg_312                              |   8|   0|    8|          0|
    |pix_reg_306                                |   8|   0|    8|          0|
    |x_fu_72                                    |  11|   0|   11|          0|
    +-------------------------------------------+----+----+-----+-----------+
    |Total                                      | 125|   0|  125|          0|
    +-------------------------------------------+----+----+-----+-----------+



================================================================
== Interface
================================================================
* Summary: 
+----------------------------------+-----+-----+------------+-------------------------------------------------+--------------+
|             RTL Ports            | Dir | Bits|  Protocol  |                  Source Object                  |    C Type    |
+----------------------------------+-----+-----+------------+-------------------------------------------------+--------------+
|ap_clk                            |   in|    1|  ap_ctrl_hs|  MultiPixStream2Bytes_Pipeline_VITIS_LOOP_863_18|  return value|
|ap_rst                            |   in|    1|  ap_ctrl_hs|  MultiPixStream2Bytes_Pipeline_VITIS_LOOP_863_18|  return value|
|ap_start                          |   in|    1|  ap_ctrl_hs|  MultiPixStream2Bytes_Pipeline_VITIS_LOOP_863_18|  return value|
|ap_done                           |  out|    1|  ap_ctrl_hs|  MultiPixStream2Bytes_Pipeline_VITIS_LOOP_863_18|  return value|
|ap_idle                           |  out|    1|  ap_ctrl_hs|  MultiPixStream2Bytes_Pipeline_VITIS_LOOP_863_18|  return value|
|ap_ready                          |  out|    1|  ap_ctrl_hs|  MultiPixStream2Bytes_Pipeline_VITIS_LOOP_863_18|  return value|
|img_dout                          |   in|   24|     ap_fifo|                                              img|       pointer|
|img_empty_n                       |   in|    1|     ap_fifo|                                              img|       pointer|
|img_read                          |  out|    1|     ap_fifo|                                              img|       pointer|
|img_num_data_valid                |   in|    3|     ap_fifo|                                              img|       pointer|
|img_fifo_cap                      |   in|    3|     ap_fifo|                                              img|       pointer|
|bytePlanes_plane0_din             |  out|   64|     ap_fifo|                                bytePlanes_plane0|       pointer|
|bytePlanes_plane0_full_n          |   in|    1|     ap_fifo|                                bytePlanes_plane0|       pointer|
|bytePlanes_plane0_write           |  out|    1|     ap_fifo|                                bytePlanes_plane0|       pointer|
|bytePlanes_plane0_num_data_valid  |   in|   10|     ap_fifo|                                bytePlanes_plane0|       pointer|
|bytePlanes_plane0_fifo_cap        |   in|   10|     ap_fifo|                                bytePlanes_plane0|       pointer|
|loopWidth_5                       |   in|   11|   ap_stable|                                      loopWidth_5|        scalar|
|icmp_ln851                        |   in|    1|   ap_stable|                                       icmp_ln851|        scalar|
|icmp_ln868_1                      |   in|    1|   ap_stable|                                     icmp_ln868_1|        scalar|
|sext_ln868                        |   in|   12|   ap_stable|                                       sext_ln868|        scalar|
|icmp27                            |   in|    1|   ap_stable|                                           icmp27|        scalar|
+----------------------------------+-----+-----+------------+-------------------------------------------------+--------------+

