

================================================================
== Vitis HLS Report for 'MultiPixStream2Bytes_Pipeline_VITIS_LOOP_1090_24'
================================================================
* Date:           Mon Mar 16 15:10:43 2026

* Version:        2025.2 (Build 6295257 on Nov 14 2025)
* Project:        prj
* Solution:       sol (Vivado IP Flow Target)
* Product family: zynq
* Target device:  xc7z020-clg400-2


================================================================
== Performance Estimates
================================================================
+ Timing: 
    * Summary: 
    +--------+---------+----------+------------+
    |  Clock |  Target | Estimated| Uncertainty|
    +--------+---------+----------+------------+
    |ap_clk  |  6.52 ns|  3.958 ns|     1.76 ns|
    +--------+---------+----------+------------+

+ Latency: 
    * Summary: 
    +---------+---------+-----------+-----------+-----+-----+-------------------+
    |  Latency (cycles) |   Latency (absolute)  |  Interval |      Pipeline     |
    |   min   |   max   |    min    |    max    | min | max |        Type       |
    +---------+---------+-----------+-----------+-----+-----+-------------------+
    |        2|     3843|  13.044 ns|  25.064 us|    0|    0|  loop pipeline stp|
    +---------+---------+-----------+-----------+-----+-----+-------------------+

    + Detail: 
        * Instance: 
        N/A

        * Loop: 
        +----------------------+---------+---------+----------+-----------+-----------+---------+----------+
        |                      |  Latency (cycles) | Iteration|  Initiation Interval  |   Trip  |          |
        |       Loop Name      |   min   |   max   |  Latency |  achieved |   target  |  Count  | Pipelined|
        +----------------------+---------+---------+----------+-----------+-----------+---------+----------+
        |- VITIS_LOOP_1090_24  |        0|     3841|        10|          8|          8|  0 ~ 480|       yes|
        +----------------------+---------+---------+----------+-----------+-----------+---------+----------+



================================================================
== Utilization Estimates
================================================================
* Summary: 
+-----------------+---------+-----+--------+-------+-----+
|       Name      | BRAM_18K| DSP |   FF   |  LUT  | URAM|
+-----------------+---------+-----+--------+-------+-----+
|DSP              |        -|    -|       -|      -|    -|
|Expression       |        -|    -|       0|     86|    -|
|FIFO             |        -|    -|       -|      -|    -|
|Instance         |        -|    -|       -|      -|    -|
|Memory           |        -|    -|       -|      -|    -|
|Multiplexer      |        -|    -|       0|    330|    -|
|Register         |        -|    -|     371|      -|    -|
+-----------------+---------+-----+--------+-------+-----+
|Total            |        0|    0|     371|    416|    0|
+-----------------+---------+-----+--------+-------+-----+
|Available        |      280|  220|  106400|  53200|    0|
+-----------------+---------+-----+--------+-------+-----+
|Utilization (%)  |        0|    0|      ~0|     ~0|    0|
+-----------------+---------+-----+--------+-------+-----+

+ Detail: 
    * Instance: 
    N/A

    * DSP: 
    N/A

    * Memory: 
    N/A

    * FIFO: 
    N/A

    * Expression: 
    +-----------------------------------------+----------+----+---+----+------------+------------+
    |              Variable Name              | Operation| DSP| FF| LUT| Bitwidth P0| Bitwidth P1|
    +-----------------------------------------+----------+----+---+----+------------+------------+
    |x_13_fu_464_p2                           |         +|   0|  0|   9|           9|           1|
    |ap_block_pp0_stage0_11001                |       and|   0|  0|   1|           1|           1|
    |ap_block_pp0_stage1_01001_grp11          |       and|   0|  0|   1|           1|           1|
    |ap_block_pp0_stage1_11001_grp1           |       and|   0|  0|   1|           1|           1|
    |ap_block_pp0_stage2_11001_grp2           |       and|   0|  0|   1|           1|           1|
    |ap_block_pp0_stage3_11001_grp3           |       and|   0|  0|   1|           1|           1|
    |ap_block_pp0_stage4_01001_grp5           |       and|   0|  0|   1|           1|           1|
    |ap_block_pp0_stage4_11001_grp4           |       and|   0|  0|   1|           1|           1|
    |ap_block_pp0_stage4_subdone              |       and|   0|  0|   1|           1|           1|
    |ap_block_pp0_stage5_11001_grp6           |       and|   0|  0|   1|           1|           1|
    |ap_block_pp0_stage6_11001_grp7           |       and|   0|  0|   1|           1|           1|
    |ap_block_pp0_stage7_01001_grp9           |       and|   0|  0|   1|           1|           1|
    |ap_block_pp0_stage7_11001_grp8           |       and|   0|  0|   1|           1|           1|
    |ap_block_pp0_stage7_subdone              |       and|   0|  0|   1|           1|           1|
    |ap_block_state10_pp0_stage1_iter1_grp11  |       and|   0|  0|   1|           1|           1|
    |ap_block_state2_pp0_stage1_iter0_grp1    |       and|   0|  0|   1|           1|           1|
    |ap_block_state3_pp0_stage2_iter0_grp2    |       and|   0|  0|   1|           1|           1|
    |ap_block_state4_pp0_stage3_iter0_grp3    |       and|   0|  0|   1|           1|           1|
    |ap_block_state5_pp0_stage4_iter0_grp4    |       and|   0|  0|   1|           1|           1|
    |ap_block_state5_pp0_stage4_iter0_grp5    |       and|   0|  0|   1|           1|           1|
    |ap_block_state6_pp0_stage5_iter0_grp6    |       and|   0|  0|   1|           1|           1|
    |ap_block_state7_pp0_stage6_iter0_grp7    |       and|   0|  0|   1|           1|           1|
    |ap_block_state8_pp0_stage7_iter0_grp8    |       and|   0|  0|   1|           1|           1|
    |ap_block_state8_pp0_stage7_iter0_grp9    |       and|   0|  0|   1|           1|           1|
    |ap_block_state9_pp0_stage0_iter1         |       and|   0|  0|   1|           1|           1|
    |ap_condition_463                         |       and|   0|  0|   1|           1|           1|
    |ap_condition_942                         |       and|   0|  0|   1|           1|           1|
    |ap_condition_944                         |       and|   0|  0|   1|           1|           1|
    |ap_condition_948                         |       and|   0|  0|   1|           1|           1|
    |ap_condition_954                         |       and|   0|  0|   1|           1|           1|
    |ap_condition_957                         |       and|   0|  0|   1|           1|           1|
    |ap_condition_960                         |       and|   0|  0|   1|           1|           1|
    |ap_condition_965                         |       and|   0|  0|   1|           1|           1|
    |ap_condition_968                         |       and|   0|  0|   1|           1|           1|
    |ap_condition_973                         |       and|   0|  0|   1|           1|           1|
    |ap_condition_976                         |       and|   0|  0|   1|           1|           1|
    |ap_condition_984                         |       and|   0|  0|   1|           1|           1|
    |ap_condition_989                         |       and|   0|  0|   1|           1|           1|
    |ap_condition_993                         |       and|   0|  0|   1|           1|           1|
    |ap_predicate_op103_read_state8           |       and|   0|  0|   1|           1|           1|
    |ap_predicate_op109_write_state8          |       and|   0|  0|   1|           1|           1|
    |ap_predicate_op115_read_state9           |       and|   0|  0|   1|           1|           1|
    |ap_predicate_op51_read_state3            |       and|   0|  0|   1|           1|           1|
    |ap_predicate_op58_read_state4            |       and|   0|  0|   1|           1|           1|
    |ap_predicate_op70_read_state5            |       and|   0|  0|   1|           1|           1|
    |ap_predicate_op85_read_state6            |       and|   0|  0|   1|           1|           1|
    |ap_predicate_op94_read_state7            |       and|   0|  0|   1|           1|           1|
    |icmp_ln1090_fu_458_p2                    |      icmp|   0|  0|   9|           9|           9|
    |icmp_ln1095_fu_470_p2                    |      icmp|   0|  0|  10|          10|          10|
    |ap_block_pp0_stage1_subdone              |        or|   0|  0|   1|           1|           1|
    |or_ln1095_1_fu_497_p2                    |        or|   0|  0|   1|           1|           1|
    |or_ln1095_2_fu_505_p2                    |        or|   0|  0|   1|           1|           1|
    |or_ln1095_3_fu_518_p2                    |        or|   0|  0|   1|           1|           1|
    |or_ln1095_4_fu_522_p2                    |        or|   0|  0|   1|           1|           1|
    |or_ln1095_5_fu_526_p2                    |        or|   0|  0|   1|           1|           1|
    |or_ln1095_6_fu_530_p2                    |        or|   0|  0|   1|           1|           1|
    |or_ln1095_fu_493_p2                      |        or|   0|  0|   1|           1|           1|
    |or_ln1110_1_fu_482_p2                    |        or|   0|  0|   1|           1|           1|
    |or_ln1110_fu_476_p2                      |        or|   0|  0|   1|           1|           1|
    |ap_enable_pp0                            |       xor|   0|  0|   2|           1|           2|
    +-----------------------------------------+----------+----+---+----+------------+------------+
    |Total                                    |          |   0|  0|  86|          85|          78|
    +-----------------------------------------+----------+----+---+----+------------+------------+

    * Multiplexer: 
    +--------------------------------------+----+-----------+-----+-----------+
    |                 Name                 | LUT| Input Size| Bits| Total Bits|
    +--------------------------------------+----+-----------+-----+-----------+
    |ap_NS_fsm                             |  37|          9|    1|          9|
    |ap_done_int                           |   9|          2|    1|          2|
    |ap_enable_reg_pp0_iter0               |   9|          2|    1|          2|
    |ap_enable_reg_pp0_iter0_reg           |   9|          2|    1|          2|
    |ap_enable_reg_pp0_iter1               |   9|          2|    1|          2|
    |ap_phi_mux_pix_73_phi_fu_225_p4       |   9|          2|    8|         16|
    |ap_phi_reg_pp0_iter0_pix_100_reg_243  |   9|          2|    8|         16|
    |ap_phi_reg_pp0_iter0_pix_101_reg_232  |   9|          2|    8|         16|
    |ap_phi_reg_pp0_iter0_pix_119_reg_287  |   9|          2|    8|         16|
    |ap_phi_reg_pp0_iter0_pix_120_reg_276  |   9|          2|    8|         16|
    |ap_phi_reg_pp0_iter0_pix_121_reg_265  |   9|          2|    8|         16|
    |ap_phi_reg_pp0_iter0_pix_137_reg_320  |   9|          2|    8|         16|
    |ap_phi_reg_pp0_iter0_pix_138_reg_309  |   9|          2|    8|         16|
    |ap_phi_reg_pp0_iter0_pix_139_reg_298  |   9|          2|    8|         16|
    |ap_phi_reg_pp0_iter0_pix_74_reg_211   |   9|          2|    8|         16|
    |ap_phi_reg_pp0_iter0_pix_75_reg_200   |   9|          2|    8|         16|
    |ap_phi_reg_pp0_iter0_pix_99_reg_254   |   9|          2|    8|         16|
    |ap_phi_reg_pp0_iter1_pix_149_reg_353  |  13|          3|    8|         24|
    |ap_phi_reg_pp0_iter1_pix_150_reg_342  |  13|          3|    8|         24|
    |ap_phi_reg_pp0_iter1_pix_151_reg_331  |  13|          3|    8|         24|
    |ap_phi_reg_pp0_iter1_pix_154_reg_384  |  13|          3|    8|         24|
    |ap_phi_reg_pp0_iter1_pix_155_reg_374  |  13|          3|    8|         24|
    |ap_phi_reg_pp0_iter1_pix_156_reg_364  |  13|          3|    8|         24|
    |ap_sig_allocacmp_x                    |   9|          2|    9|         18|
    |bytePlanes_plane0_blk_n               |   9|          2|    1|          2|
    |bytePlanes_plane0_din                 |  17|          4|   64|        256|
    |img_blk_n                             |   9|          2|    1|          2|
    |pix_48_reg_181                        |   9|          2|    8|         16|
    |pix_49_reg_171                        |   9|          2|    8|         16|
    |x_8_fu_88                             |   9|          2|    9|         18|
    +--------------------------------------+----+-----------+-----+-----------+
    |Total                                 | 330|         75|  249|        681|
    +--------------------------------------+----+-----------+-----+-----------+

    * Register: 
    +--------------------------------------------+----+----+-----+-----------+
    |                    Name                    | FF | LUT| Bits| Const Bits|
    +--------------------------------------------+----+----+-----+-----------+
    |ap_CS_fsm                                   |   8|   0|    8|          0|
    |ap_block_pp0_stage0_subdone_grp0_done_reg   |   1|   0|    1|          0|
    |ap_block_pp0_stage1_subdone_grp11_done_reg  |   1|   0|    1|          0|
    |ap_block_pp0_stage1_subdone_grp1_done_reg   |   1|   0|    1|          0|
    |ap_block_pp0_stage3_subdone_grp0_done_reg   |   1|   0|    1|          0|
    |ap_block_pp0_stage4_subdone_grp0_done_reg   |   1|   0|    1|          0|
    |ap_block_pp0_stage4_subdone_grp4_done_reg   |   1|   0|    1|          0|
    |ap_block_pp0_stage4_subdone_grp5_done_reg   |   1|   0|    1|          0|
    |ap_block_pp0_stage5_subdone_grp0_done_reg   |   1|   0|    1|          0|
    |ap_block_pp0_stage6_subdone_grp0_done_reg   |   1|   0|    1|          0|
    |ap_block_pp0_stage7_subdone_grp0_done_reg   |   1|   0|    1|          0|
    |ap_block_pp0_stage7_subdone_grp8_done_reg   |   1|   0|    1|          0|
    |ap_block_pp0_stage7_subdone_grp9_done_reg   |   1|   0|    1|          0|
    |ap_done_reg                                 |   1|   0|    1|          0|
    |ap_enable_reg_pp0_iter0_reg                 |   1|   0|    1|          0|
    |ap_enable_reg_pp0_iter1                     |   1|   0|    1|          0|
    |ap_phi_reg_pp0_iter0_phi_ln431_reg_191      |  24|   0|   24|          0|
    |ap_phi_reg_pp0_iter0_pix_100_reg_243        |   8|   0|    8|          0|
    |ap_phi_reg_pp0_iter0_pix_101_reg_232        |   8|   0|    8|          0|
    |ap_phi_reg_pp0_iter0_pix_119_reg_287        |   8|   0|    8|          0|
    |ap_phi_reg_pp0_iter0_pix_120_reg_276        |   8|   0|    8|          0|
    |ap_phi_reg_pp0_iter0_pix_121_reg_265        |   8|   0|    8|          0|
    |ap_phi_reg_pp0_iter0_pix_137_reg_320        |   8|   0|    8|          0|
    |ap_phi_reg_pp0_iter0_pix_138_reg_309        |   8|   0|    8|          0|
    |ap_phi_reg_pp0_iter0_pix_139_reg_298        |   8|   0|    8|          0|
    |ap_phi_reg_pp0_iter0_pix_48_reg_181         |   8|   0|    8|          0|
    |ap_phi_reg_pp0_iter0_pix_49_reg_171         |   8|   0|    8|          0|
    |ap_phi_reg_pp0_iter0_pix_73_reg_222         |   8|   0|    8|          0|
    |ap_phi_reg_pp0_iter0_pix_74_reg_211         |   8|   0|    8|          0|
    |ap_phi_reg_pp0_iter0_pix_75_reg_200         |   8|   0|    8|          0|
    |ap_phi_reg_pp0_iter0_pix_99_reg_254         |   8|   0|    8|          0|
    |ap_phi_reg_pp0_iter1_pix_149_reg_353        |   8|   0|    8|          0|
    |ap_phi_reg_pp0_iter1_pix_150_reg_342        |   8|   0|    8|          0|
    |ap_phi_reg_pp0_iter1_pix_151_reg_331        |   8|   0|    8|          0|
    |ap_phi_reg_pp0_iter1_pix_154_reg_384        |   8|   0|    8|          0|
    |ap_phi_reg_pp0_iter1_pix_155_reg_374        |   8|   0|    8|          0|
    |ap_phi_reg_pp0_iter1_pix_156_reg_364        |   8|   0|    8|          0|
    |icmp36_read_reg_615                         |   1|   0|    1|          0|
    |icmp39_read_reg_625                         |   1|   0|    1|          0|
    |icmp_ln1077_read_reg_645                    |   1|   0|    1|          0|
    |icmp_ln1090_reg_650                         |   1|   0|    1|          0|
    |icmp_ln1095_1_read_reg_620                  |   1|   0|    1|          0|
    |icmp_ln1095_3_read_reg_630                  |   1|   0|    1|          0|
    |icmp_ln1095_4_read_reg_635                  |   1|   0|    1|          0|
    |icmp_ln1095_5_read_reg_640                  |   1|   0|    1|          0|
    |icmp_ln1095_reg_654                         |   1|   0|    1|          0|
    |img_read_reg_673                            |  24|   0|   24|          0|
    |or_ln1095_1_reg_688                         |   1|   0|    1|          0|
    |or_ln1095_2_reg_697                         |   1|   0|    1|          0|
    |or_ln1095_3_reg_706                         |   1|   0|    1|          0|
    |or_ln1095_4_reg_710                         |   1|   0|    1|          0|
    |or_ln1095_5_reg_714                         |   1|   0|    1|          0|
    |or_ln1095_6_reg_718                         |   1|   0|    1|          0|
    |or_ln1095_reg_679                           |   1|   0|    1|          0|
    |or_ln1110_1_reg_669                         |   1|   0|    1|          0|
    |or_ln1110_1_reg_669_pp0_iter1_reg           |   1|   0|    1|          0|
    |or_ln1110_reg_665                           |   1|   0|    1|          0|
    |pix_100_reg_243                             |   8|   0|    8|          0|
    |pix_101_reg_232                             |   8|   0|    8|          0|
    |pix_119_reg_287                             |   8|   0|    8|          0|
    |pix_120_reg_276                             |   8|   0|    8|          0|
    |pix_121_reg_265                             |   8|   0|    8|          0|
    |pix_138_reg_309                             |   8|   0|    8|          0|
    |pix_139_reg_298                             |   8|   0|    8|          0|
    |pix_149_reg_353                             |   8|   0|    8|          0|
    |pix_150_reg_342                             |   8|   0|    8|          0|
    |pix_151_reg_331                             |   8|   0|    8|          0|
    |pix_48_reg_181                              |   8|   0|    8|          0|
    |pix_49_reg_171                              |   8|   0|    8|          0|
    |pix_75_reg_200                              |   8|   0|    8|          0|
    |pix_99_reg_254                              |   8|   0|    8|          0|
    |x_8_fu_88                                   |   9|   0|    9|          0|
    +--------------------------------------------+----+----+-----+-----------+
    |Total                                       | 371|   0|  371|          0|
    +--------------------------------------------+----+----+-----+-----------+



================================================================
== Interface
================================================================
* Summary: 
+----------------------------------+-----+-----+------------+--------------------------------------------------+--------------+
|             RTL Ports            | Dir | Bits|  Protocol  |                   Source Object                  |    C Type    |
+----------------------------------+-----+-----+------------+--------------------------------------------------+--------------+
|ap_clk                            |   in|    1|  ap_ctrl_hs|  MultiPixStream2Bytes_Pipeline_VITIS_LOOP_1090_24|  return value|
|ap_rst                            |   in|    1|  ap_ctrl_hs|  MultiPixStream2Bytes_Pipeline_VITIS_LOOP_1090_24|  return value|
|ap_start                          |   in|    1|  ap_ctrl_hs|  MultiPixStream2Bytes_Pipeline_VITIS_LOOP_1090_24|  return value|
|ap_done                           |  out|    1|  ap_ctrl_hs|  MultiPixStream2Bytes_Pipeline_VITIS_LOOP_1090_24|  return value|
|ap_idle                           |  out|    1|  ap_ctrl_hs|  MultiPixStream2Bytes_Pipeline_VITIS_LOOP_1090_24|  return value|
|ap_ready                          |  out|    1|  ap_ctrl_hs|  MultiPixStream2Bytes_Pipeline_VITIS_LOOP_1090_24|  return value|
|img_dout                          |   in|   24|     ap_fifo|                                               img|       pointer|
|img_empty_n                       |   in|    1|     ap_fifo|                                               img|       pointer|
|img_read                          |  out|    1|     ap_fifo|                                               img|       pointer|
|img_num_data_valid                |   in|    3|     ap_fifo|                                               img|       pointer|
|img_fifo_cap                      |   in|    3|     ap_fifo|                                               img|       pointer|
|bytePlanes_plane0_din             |  out|   64|     ap_fifo|                                 bytePlanes_plane0|       pointer|
|bytePlanes_plane0_full_n          |   in|    1|     ap_fifo|                                 bytePlanes_plane0|       pointer|
|bytePlanes_plane0_write           |  out|    1|     ap_fifo|                                 bytePlanes_plane0|       pointer|
|bytePlanes_plane0_num_data_valid  |   in|   10|     ap_fifo|                                 bytePlanes_plane0|       pointer|
|bytePlanes_plane0_fifo_cap        |   in|   10|     ap_fifo|                                 bytePlanes_plane0|       pointer|
|trunc_ln3                         |   in|    9|   ap_stable|                                         trunc_ln3|        scalar|
|icmp_ln1110_1                     |   in|    1|   ap_stable|                                     icmp_ln1110_1|        scalar|
|empty                             |   in|    1|   ap_stable|                                             empty|        scalar|
|icmp_ln1077                       |   in|    1|   ap_stable|                                       icmp_ln1077|        scalar|
|icmp_ln1095_5                     |   in|    1|   ap_stable|                                     icmp_ln1095_5|        scalar|
|icmp_ln1095_4                     |   in|    1|   ap_stable|                                     icmp_ln1095_4|        scalar|
|icmp_ln1095_3                     |   in|    1|   ap_stable|                                     icmp_ln1095_3|        scalar|
|icmp39                            |   in|    1|   ap_stable|                                            icmp39|        scalar|
|icmp_ln1095_1                     |   in|    1|   ap_stable|                                     icmp_ln1095_1|        scalar|
|add_ln1095                        |   in|   10|   ap_stable|                                        add_ln1095|        scalar|
|icmp36                            |   in|    1|   ap_stable|                                            icmp36|        scalar|
+----------------------------------+-----+-----+------------+--------------------------------------------------+--------------+

