

================================================================
== Vitis HLS Report for 'MultiPixStream2Bytes_Pipeline_VITIS_LOOP_605_4'
================================================================
* Date:           Mon Mar 16 15:10:43 2026

* Version:        2025.2 (Build 6295257 on Nov 14 2025)
* Project:        prj
* Solution:       sol (Vivado IP Flow Target)
* Product family: zynq
* Target device:  xc7z020-clg400-2


================================================================
== Performance Estimates
================================================================
+ Timing: 
    * Summary: 
    +--------+---------+----------+------------+
    |  Clock |  Target | Estimated| Uncertainty|
    +--------+---------+----------+------------+
    |ap_clk  |  6.52 ns|  4.078 ns|     1.76 ns|
    +--------+---------+----------+------------+

+ Latency: 
    * Summary: 
    +---------+---------+-----------+-----------+-----+-----+-------------------+
    |  Latency (cycles) |   Latency (absolute)  |  Interval |      Pipeline     |
    |   min   |   max   |    min    |    max    | min | max |        Type       |
    +---------+---------+-----------+-----------+-----+-----+-------------------+
    |        2|    11523|  13.044 ns|  75.153 us|    0|    0|  loop pipeline stp|
    +---------+---------+-----------+-----------+-----+-----+-------------------+

    + Detail: 
        * Instance: 
        N/A

        * Loop: 
        +--------------------+---------+---------+----------+-----------+-----------+----------+----------+
        |                    |  Latency (cycles) | Iteration|  Initiation Interval  |   Trip   |          |
        |      Loop Name     |   min   |   max   |  Latency |  achieved |   target  |   Count  | Pipelined|
        +--------------------+---------+---------+----------+-----------+-----------+----------+----------+
        |- VITIS_LOOP_605_4  |        0|    11521|        10|          8|          8|  0 ~ 1440|       yes|
        +--------------------+---------+---------+----------+-----------+-----------+----------+----------+



================================================================
== Utilization Estimates
================================================================
* Summary: 
+-----------------+---------+-----+--------+-------+-----+
|       Name      | BRAM_18K| DSP |   FF   |  LUT  | URAM|
+-----------------+---------+-----+--------+-------+-----+
|DSP              |        -|    -|       -|      -|    -|
|Expression       |        -|    -|       0|     95|    -|
|FIFO             |        -|    -|       -|      -|    -|
|Instance         |        -|    -|       0|    576|    -|
|Memory           |        -|    -|       -|      -|    -|
|Multiplexer      |        -|    -|       0|    310|    -|
|Register         |        -|    -|     404|      -|    -|
+-----------------+---------+-----+--------+-------+-----+
|Total            |        0|    0|     404|    981|    0|
+-----------------+---------+-----+--------+-------+-----+
|Available        |      280|  220|  106400|  53200|    0|
+-----------------+---------+-----+--------+-------+-----+
|Utilization (%)  |        0|    0|      ~0|      1|    0|
+-----------------+---------+-----+--------+-------+-----+

+ Detail: 
    * Instance: 
    +---------------------------------------+----------------------------------+---------+----+---+----+-----+
    |                Instance               |              Module              | BRAM_18K| DSP| FF| LUT| URAM|
    +---------------------------------------+----------------------------------+---------+----+---+----+-----+
    |partset_64ns_64ns_8ns_6ns_64_1_1_U126  |partset_64ns_64ns_8ns_6ns_64_1_1  |        0|   0|  0|  72|    0|
    |partset_64ns_64ns_8ns_6ns_64_1_1_U127  |partset_64ns_64ns_8ns_6ns_64_1_1  |        0|   0|  0|  72|    0|
    |partset_64ns_64ns_8ns_6ns_64_1_1_U128  |partset_64ns_64ns_8ns_6ns_64_1_1  |        0|   0|  0|  72|    0|
    |partset_64ns_64ns_8ns_6ns_64_1_1_U129  |partset_64ns_64ns_8ns_6ns_64_1_1  |        0|   0|  0|  72|    0|
    |partset_64ns_64ns_8ns_6ns_64_1_1_U130  |partset_64ns_64ns_8ns_6ns_64_1_1  |        0|   0|  0|  72|    0|
    |partset_64ns_64ns_8ns_6ns_64_1_1_U131  |partset_64ns_64ns_8ns_6ns_64_1_1  |        0|   0|  0|  72|    0|
    |partset_64ns_64ns_8ns_6ns_64_1_1_U132  |partset_64ns_64ns_8ns_6ns_64_1_1  |        0|   0|  0|  72|    0|
    |partset_64ns_64ns_8ns_6ns_64_1_1_U133  |partset_64ns_64ns_8ns_6ns_64_1_1  |        0|   0|  0|  72|    0|
    +---------------------------------------+----------------------------------+---------+----+---+----+-----+
    |Total                                  |                                  |        0|   0|  0| 576|    0|
    +---------------------------------------+----------------------------------+---------+----+---+----+-----+

    * DSP: 
    N/A

    * Memory: 
    N/A

    * FIFO: 
    N/A

    * Expression: 
    +-----------------------------------------+----------+----+---+----+------------+------------+
    |              Variable Name              | Operation| DSP| FF| LUT| Bitwidth P0| Bitwidth P1|
    +-----------------------------------------+----------+----+---+----+------------+------------+
    |x_8_fu_383_p2                            |         +|   0|  0|  11|          11|           1|
    |ap_block_pp0_stage0_11001                |       and|   0|  0|   1|           1|           1|
    |ap_block_pp0_stage1_01001_grp10          |       and|   0|  0|   1|           1|           1|
    |ap_block_pp0_stage2_11001_grp2           |       and|   0|  0|   1|           1|           1|
    |ap_block_pp0_stage3_11001_grp3           |       and|   0|  0|   1|           1|           1|
    |ap_block_pp0_stage4_11001_grp4           |       and|   0|  0|   1|           1|           1|
    |ap_block_pp0_stage5_11001_grp5           |       and|   0|  0|   1|           1|           1|
    |ap_block_pp0_stage6_11001_grp6           |       and|   0|  0|   1|           1|           1|
    |ap_block_pp0_stage7_11001_grp7           |       and|   0|  0|   1|           1|           1|
    |ap_block_state2_pp0_stage1_iter0_grp1    |       and|   0|  0|   1|           1|           1|
    |ap_block_state3_pp0_stage2_iter0_grp2    |       and|   0|  0|   1|           1|           1|
    |ap_block_state4_pp0_stage3_iter0_grp3    |       and|   0|  0|   1|           1|           1|
    |ap_block_state5_pp0_stage4_iter0_grp4    |       and|   0|  0|   1|           1|           1|
    |ap_block_state6_pp0_stage5_iter0_grp5    |       and|   0|  0|   1|           1|           1|
    |ap_block_state7_pp0_stage6_iter0_grp6    |       and|   0|  0|   1|           1|           1|
    |ap_block_state8_pp0_stage7_iter0_grp7    |       and|   0|  0|   1|           1|           1|
    |ap_block_state9_pp0_stage0_iter1         |       and|   0|  0|   1|           1|           1|
    |ap_condition_509                         |       and|   0|  0|   1|           1|           1|
    |ap_condition_582                         |       and|   0|  0|   1|           1|           1|
    |ap_condition_937                         |       and|   0|  0|   1|           1|           1|
    |ap_condition_940                         |       and|   0|  0|   1|           1|           1|
    |ap_condition_945                         |       and|   0|  0|   1|           1|           1|
    |ap_condition_948                         |       and|   0|  0|   1|           1|           1|
    |ap_condition_953                         |       and|   0|  0|   1|           1|           1|
    |ap_condition_958                         |       and|   0|  0|   1|           1|           1|
    |ap_condition_961                         |       and|   0|  0|   1|           1|           1|
    |ap_condition_964                         |       and|   0|  0|   1|           1|           1|
    |ap_condition_971                         |       and|   0|  0|   1|           1|           1|
    |ap_condition_975                         |       and|   0|  0|   1|           1|           1|
    |ap_predicate_op111_read_state9           |       and|   0|  0|   1|           1|           1|
    |ap_predicate_op123_write_state10         |       and|   0|  0|   1|           1|           1|
    |ap_predicate_op51_read_state3            |       and|   0|  0|   1|           1|           1|
    |ap_predicate_op57_read_state4            |       and|   0|  0|   1|           1|           1|
    |ap_predicate_op67_read_state5            |       and|   0|  0|   1|           1|           1|
    |ap_predicate_op78_read_state6            |       and|   0|  0|   1|           1|           1|
    |ap_predicate_op84_read_state7            |       and|   0|  0|   1|           1|           1|
    |ap_predicate_op91_read_state8            |       and|   0|  0|   1|           1|           1|
    |icmp_ln605_fu_377_p2                     |      icmp|   0|  0|  11|          11|          11|
    |icmp_ln610_fu_397_p2                     |      icmp|   0|  0|  12|          12|          12|
    |icmp_ln669_fu_403_p2                     |      icmp|   0|  0|  12|          12|          12|
    |ap_block_pp0_stage1_01001_grp1           |        or|   0|  0|   1|           1|           1|
    |ap_block_pp0_stage1_subdone              |        or|   0|  0|   1|           1|           1|
    |ap_block_state10_pp0_stage1_iter1_grp10  |        or|   0|  0|   1|           1|           1|
    |or_ln610_1_fu_432_p2                     |        or|   0|  0|   1|           1|           1|
    |or_ln610_2_fu_440_p2                     |        or|   0|  0|   1|           1|           1|
    |or_ln610_3_fu_448_p2                     |        or|   0|  0|   1|           1|           1|
    |or_ln610_4_fu_452_p2                     |        or|   0|  0|   1|           1|           1|
    |or_ln610_5_fu_456_p2                     |        or|   0|  0|   1|           1|           1|
    |or_ln610_6_fu_460_p2                     |        or|   0|  0|   1|           1|           1|
    |or_ln610_fu_424_p2                       |        or|   0|  0|   1|           1|           1|
    |or_ln669_fu_409_p2                       |        or|   0|  0|   1|           1|           1|
    |ap_enable_pp0                            |       xor|   0|  0|   2|           1|           2|
    +-----------------------------------------+----------+----+---+----+------------+------------+
    |Total                                    |          |   0|  0|  95|          94|          85|
    +-----------------------------------------+----------+----+---+----+------------+------------+

    * Multiplexer: 
    +------------------------------------------+----+-----------+-----+-----------+
    |                   Name                   | LUT| Input Size| Bits| Total Bits|
    +------------------------------------------+----+-----------+-----+-----------+
    |ap_NS_fsm                                 |  37|          9|    1|          9|
    |ap_done_int                               |   9|          2|    1|          2|
    |ap_enable_reg_pp0_iter0                   |   9|          2|    1|          2|
    |ap_enable_reg_pp0_iter0_reg               |   9|          2|    1|          2|
    |ap_enable_reg_pp0_iter1                   |   9|          2|    1|          2|
    |ap_phi_mux_empty_223_phi_fu_280_p4        |   9|          2|    8|         16|
    |ap_phi_mux_empty_226_phi_fu_214_p4        |   9|          2|    8|         16|
    |ap_phi_mux_in_pix_Y_11_phi_fu_333_p4      |   9|          2|    8|         16|
    |ap_phi_mux_in_pix_Y_4_phi_fu_225_p4       |   9|          2|    8|         16|
    |ap_phi_reg_pp0_iter0_empty_224_reg_266    |   9|          2|    8|         16|
    |ap_phi_reg_pp0_iter0_empty_225_reg_233    |   9|          2|    8|         16|
    |ap_phi_reg_pp0_iter0_in_pix_Y_2_reg_201   |   9|          2|    8|         16|
    |ap_phi_reg_pp0_iter0_in_pix_Y_6_reg_244   |   9|          2|    8|         16|
    |ap_phi_reg_pp0_iter0_in_pix_Y_8_reg_255   |   9|          2|    8|         16|
    |ap_phi_reg_pp0_iter0_in_pix_Y_9_reg_288   |   9|          2|    8|         16|
    |ap_phi_reg_pp0_iter1_empty_221_reg_320    |  13|          3|    8|         24|
    |ap_phi_reg_pp0_iter1_empty_222_reg_299    |  13|          3|    8|         24|
    |ap_phi_reg_pp0_iter1_in_pix_Y_10_reg_310  |  13|          3|    8|         24|
    |ap_phi_reg_pp0_iter1_in_pix_Y_11_reg_330  |   9|          2|    8|         16|
    |ap_sig_allocacmp_x                        |   9|          2|   11|         22|
    |bytePlanes_plane0_blk_n                   |   9|          2|    1|          2|
    |bytePlanes_plane1_blk_n                   |   9|          2|    1|          2|
    |bytePlanes_plane2_blk_n                   |   9|          2|    1|          2|
    |empty_223_reg_277                         |   9|          2|    8|         16|
    |empty_226_reg_211                         |   9|          2|    8|         16|
    |img_blk_n                                 |   9|          2|    1|          2|
    |in_pix_Y_4_reg_222                        |   9|          2|    8|         16|
    |pixU_1_out_o                              |   9|          2|   64|        128|
    |pixV_1_out_o                              |   9|          2|   64|        128|
    |x_1_fu_100                                |   9|          2|   11|         22|
    +------------------------------------------+----+-----------+-----+-----------+
    |Total                                     | 310|         70|  295|        621|
    +------------------------------------------+----+-----------+-----+-----------+

    * Register: 
    +--------------------------------------------+----+----+-----+-----------+
    |                    Name                    | FF | LUT| Bits| Const Bits|
    +--------------------------------------------+----+----+-----+-----------+
    |ap_CS_fsm                                   |   8|   0|    8|          0|
    |ap_block_pp0_stage0_subdone_grp0_done_reg   |   1|   0|    1|          0|
    |ap_block_pp0_stage1_subdone_grp10_done_reg  |   1|   0|    1|          0|
    |ap_block_pp0_stage1_subdone_grp1_done_reg   |   1|   0|    1|          0|
    |ap_block_pp0_stage2_subdone_grp0_done_reg   |   1|   0|    1|          0|
    |ap_block_pp0_stage3_subdone_grp0_done_reg   |   1|   0|    1|          0|
    |ap_block_pp0_stage4_subdone_grp0_done_reg   |   1|   0|    1|          0|
    |ap_block_pp0_stage5_subdone_grp0_done_reg   |   1|   0|    1|          0|
    |ap_block_pp0_stage6_subdone_grp0_done_reg   |   1|   0|    1|          0|
    |ap_block_pp0_stage7_subdone_grp0_done_reg   |   1|   0|    1|          0|
    |ap_done_reg                                 |   1|   0|    1|          0|
    |ap_enable_reg_pp0_iter0_reg                 |   1|   0|    1|          0|
    |ap_enable_reg_pp0_iter1                     |   1|   0|    1|          0|
    |ap_phi_reg_pp0_iter0_empty_223_reg_277      |   8|   0|    8|          0|
    |ap_phi_reg_pp0_iter0_empty_224_reg_266      |   8|   0|    8|          0|
    |ap_phi_reg_pp0_iter0_empty_225_reg_233      |   8|   0|    8|          0|
    |ap_phi_reg_pp0_iter0_empty_226_reg_211      |   8|   0|    8|          0|
    |ap_phi_reg_pp0_iter0_empty_227_reg_191      |   8|   0|    8|          0|
    |ap_phi_reg_pp0_iter0_in_pix_Y_2_reg_201     |   8|   0|    8|          0|
    |ap_phi_reg_pp0_iter0_in_pix_Y_4_reg_222     |   8|   0|    8|          0|
    |ap_phi_reg_pp0_iter0_in_pix_Y_6_reg_244     |   8|   0|    8|          0|
    |ap_phi_reg_pp0_iter0_in_pix_Y_8_reg_255     |   8|   0|    8|          0|
    |ap_phi_reg_pp0_iter0_in_pix_Y_9_reg_288     |   8|   0|    8|          0|
    |ap_phi_reg_pp0_iter1_empty_221_reg_320      |   8|   0|    8|          0|
    |ap_phi_reg_pp0_iter1_empty_222_reg_299      |   8|   0|    8|          0|
    |ap_phi_reg_pp0_iter1_in_pix_Y_10_reg_310    |   8|   0|    8|          0|
    |ap_phi_reg_pp0_iter1_in_pix_Y_11_reg_330    |   8|   0|    8|          0|
    |ap_phi_reg_pp0_iter1_in_pix_Y_9_reg_288     |   8|   0|    8|          0|
    |empty_222_reg_299                           |   8|   0|    8|          0|
    |empty_223_reg_277                           |   8|   0|    8|          0|
    |empty_224_reg_266                           |   8|   0|    8|          0|
    |empty_225_reg_233                           |   8|   0|    8|          0|
    |empty_226_reg_211                           |   8|   0|    8|          0|
    |empty_227_reg_191                           |   8|   0|    8|          0|
    |icmp14_read_reg_634                         |   1|   0|    1|          0|
    |icmp17_read_reg_644                         |   1|   0|    1|          0|
    |icmp_ln594_read_reg_664                     |   1|   0|    1|          0|
    |icmp_ln605_reg_673                          |   1|   0|    1|          0|
    |icmp_ln605_reg_673_pp0_iter1_reg            |   1|   0|    1|          0|
    |icmp_ln610_1_read_reg_639                   |   1|   0|    1|          0|
    |icmp_ln610_3_read_reg_649                   |   1|   0|    1|          0|
    |icmp_ln610_4_read_reg_654                   |   1|   0|    1|          0|
    |icmp_ln610_5_read_reg_659                   |   1|   0|    1|          0|
    |icmp_ln610_reg_685                          |   1|   0|    1|          0|
    |in_pix_Y_2_reg_201                          |   8|   0|    8|          0|
    |in_pix_Y_4_reg_222                          |   8|   0|    8|          0|
    |in_pix_Y_6_reg_244                          |   8|   0|    8|          0|
    |in_pix_Y_8_reg_255                          |   8|   0|    8|          0|
    |in_pix_Y_9_reg_288                          |   8|   0|    8|          0|
    |in_pix_Y_reg_700                            |   8|   0|    8|          0|
    |or_ln610_1_reg_721                          |   1|   0|    1|          0|
    |or_ln610_2_reg_730                          |   1|   0|    1|          0|
    |or_ln610_3_reg_739                          |   1|   0|    1|          0|
    |or_ln610_4_reg_743                          |   1|   0|    1|          0|
    |or_ln610_5_reg_747                          |   1|   0|    1|          0|
    |or_ln610_6_reg_751                          |   1|   0|    1|          0|
    |or_ln610_reg_712                            |   1|   0|    1|          0|
    |or_ln669_reg_696                            |   1|   0|    1|          0|
    |or_ln669_reg_696_pp0_iter1_reg              |   1|   0|    1|          0|
    |pixU_2_reg_770                              |  64|   0|   64|          0|
    |pixV_2_reg_775                              |  64|   0|   64|          0|
    |trunc_ln605_reg_677                         |   1|   0|    1|          0|
    |trunc_ln605_reg_677_pp0_iter1_reg           |   1|   0|    1|          0|
    |trunc_ln613_1_reg_706                       |   8|   0|    8|          0|
    |x_1_fu_100                                  |  11|   0|   11|          0|
    +--------------------------------------------+----+----+-----+-----------+
    |Total                                       | 404|   0|  404|          0|
    +--------------------------------------------+----+----+-----+-----------+



================================================================
== Interface
================================================================
* Summary: 
+----------------------------------+-----+-----+------------+------------------------------------------------+--------------+
|             RTL Ports            | Dir | Bits|  Protocol  |                  Source Object                 |    C Type    |
+----------------------------------+-----+-----+------------+------------------------------------------------+--------------+
|ap_clk                            |   in|    1|  ap_ctrl_hs|  MultiPixStream2Bytes_Pipeline_VITIS_LOOP_605_4|  return value|
|ap_rst                            |   in|    1|  ap_ctrl_hs|  MultiPixStream2Bytes_Pipeline_VITIS_LOOP_605_4|  return value|
|ap_start                          |   in|    1|  ap_ctrl_hs|  MultiPixStream2Bytes_Pipeline_VITIS_LOOP_605_4|  return value|
|ap_done                           |  out|    1|  ap_ctrl_hs|  MultiPixStream2Bytes_Pipeline_VITIS_LOOP_605_4|  return value|
|ap_idle                           |  out|    1|  ap_ctrl_hs|  MultiPixStream2Bytes_Pipeline_VITIS_LOOP_605_4|  return value|
|ap_ready                          |  out|    1|  ap_ctrl_hs|  MultiPixStream2Bytes_Pipeline_VITIS_LOOP_605_4|  return value|
|img_dout                          |   in|   24|     ap_fifo|                                             img|       pointer|
|img_empty_n                       |   in|    1|     ap_fifo|                                             img|       pointer|
|img_read                          |  out|    1|     ap_fifo|                                             img|       pointer|
|img_num_data_valid                |   in|    3|     ap_fifo|                                             img|       pointer|
|img_fifo_cap                      |   in|    3|     ap_fifo|                                             img|       pointer|
|bytePlanes_plane0_din             |  out|   64|     ap_fifo|                               bytePlanes_plane0|       pointer|
|bytePlanes_plane0_full_n          |   in|    1|     ap_fifo|                               bytePlanes_plane0|       pointer|
|bytePlanes_plane0_write           |  out|    1|     ap_fifo|                               bytePlanes_plane0|       pointer|
|bytePlanes_plane0_num_data_valid  |   in|   10|     ap_fifo|                               bytePlanes_plane0|       pointer|
|bytePlanes_plane0_fifo_cap        |   in|   10|     ap_fifo|                               bytePlanes_plane0|       pointer|
|bytePlanes_plane1_din             |  out|   64|     ap_fifo|                               bytePlanes_plane1|       pointer|
|bytePlanes_plane1_full_n          |   in|    1|     ap_fifo|                               bytePlanes_plane1|       pointer|
|bytePlanes_plane1_write           |  out|    1|     ap_fifo|                               bytePlanes_plane1|       pointer|
|bytePlanes_plane1_num_data_valid  |   in|   10|     ap_fifo|                               bytePlanes_plane1|       pointer|
|bytePlanes_plane1_fifo_cap        |   in|   10|     ap_fifo|                               bytePlanes_plane1|       pointer|
|bytePlanes_plane2_din             |  out|   64|     ap_fifo|                               bytePlanes_plane2|       pointer|
|bytePlanes_plane2_full_n          |   in|    1|     ap_fifo|                               bytePlanes_plane2|       pointer|
|bytePlanes_plane2_write           |  out|    1|     ap_fifo|                               bytePlanes_plane2|       pointer|
|bytePlanes_plane2_num_data_valid  |   in|   10|     ap_fifo|                               bytePlanes_plane2|       pointer|
|bytePlanes_plane2_fifo_cap        |   in|   10|     ap_fifo|                               bytePlanes_plane2|       pointer|
|loopWidth_1                       |   in|   11|   ap_stable|                                     loopWidth_1|        scalar|
|sext_ln610                        |   in|   12|   ap_stable|                                      sext_ln610|        scalar|
|empty                             |   in|    1|     ap_none|                                           empty|        scalar|
|icmp_ln594                        |   in|    1|   ap_stable|                                      icmp_ln594|        scalar|
|icmp_ln610_5                      |   in|    1|   ap_stable|                                    icmp_ln610_5|        scalar|
|icmp_ln610_4                      |   in|    1|   ap_stable|                                    icmp_ln610_4|        scalar|
|icmp_ln610_3                      |   in|    1|   ap_stable|                                    icmp_ln610_3|        scalar|
|icmp17                            |   in|    1|   ap_stable|                                          icmp17|        scalar|
|icmp_ln610_1                      |   in|    1|   ap_stable|                                    icmp_ln610_1|        scalar|
|icmp14                            |   in|    1|   ap_stable|                                          icmp14|        scalar|
|pixV_1_out_i                      |   in|   64|     ap_ovld|                                      pixV_1_out|       pointer|
|pixV_1_out_o                      |  out|   64|     ap_ovld|                                      pixV_1_out|       pointer|
|pixV_1_out_o_ap_vld               |  out|    1|     ap_ovld|                                      pixV_1_out|       pointer|
|pixU_1_out_i                      |   in|   64|     ap_ovld|                                      pixU_1_out|       pointer|
|pixU_1_out_o                      |  out|   64|     ap_ovld|                                      pixU_1_out|       pointer|
|pixU_1_out_o_ap_vld               |  out|    1|     ap_ovld|                                      pixU_1_out|       pointer|
+----------------------------------+-----+-----+------------+------------------------------------------------+--------------+

