
*** Running vivado
    with args -log top_design_wrapper.vdi -applog -m64 -product Vivado -messageDb vivado.pb -mode batch -source top_design_wrapper.tcl -notrace


****** Vivado v2025.2 (64-bit)
  **** SW Build 6299465 on Fri Nov 14 12:34:56 MST 2025
  **** IP Build 6300035 on Fri Nov 14 10:48:45 MST 2025
  **** SharedData Build 6298862 on Thu Nov 13 04:50:51 MST 2025
  **** Start of session at: Tue Feb 10 17:49:13 2026
    ** Copyright 1986-2022 Xilinx, Inc. All Rights Reserved.
    ** Copyright 2022-2025 Advanced Micro Devices, Inc. All Rights Reserved.

source top_design_wrapper.tcl -notrace
INFO: [IP_Flow 19-234] Refreshing IP repositories
INFO: [IP_Flow 19-1700] Loaded user IP repository '/home/serg/Documents/Xilinx/DigilentLib/vivado-library-master'.
INFO: [IP_Flow 19-2313] Loaded Vivado IP repository '/tools/xilinx/2025.2/data/ip'.
Command: link_design -top top_design_wrapper -part xc7z020clg400-2
Design is defaulting to srcset: sources_1
Design is defaulting to constrset: constrs_1
INFO: [Device 21-403] Loading part xc7z020clg400-2
INFO: [Project 1-5699] Read binary netlist with skipMacroContent - 1
INFO: [Project 1-454] Reading design checkpoint '/home/serg/Documents/Xilinx/z700_hdmi/HDMI_VMIX/HDMI_VMIX.gen/sources_1/bd/top_design/ip/top_design_axi_dynclk_0_1/top_design_axi_dynclk_0_1.dcp' for cell 'top_design_i/axi_dynclk_0'
INFO: [Project 1-454] Reading design checkpoint '/home/serg/Documents/Xilinx/z700_hdmi/HDMI_VMIX/HDMI_VMIX.gen/sources_1/bd/top_design/ip/top_design_axi_smc_1/top_design_axi_smc_1.dcp' for cell 'top_design_i/axi_smc'
INFO: [Project 1-454] Reading design checkpoint '/home/serg/Documents/Xilinx/z700_hdmi/HDMI_VMIX/HDMI_VMIX.gen/sources_1/bd/top_design/ip/top_design_processing_system7_0_0/top_design_processing_system7_0_0.dcp' for cell 'top_design_i/processing_system7_0'
INFO: [Project 1-454] Reading design checkpoint '/home/serg/Documents/Xilinx/z700_hdmi/HDMI_VMIX/HDMI_VMIX.gen/sources_1/bd/top_design/ip/top_design_rgb2dvi_0_0/top_design_rgb2dvi_0_0.dcp' for cell 'top_design_i/rgb2dvi_0'
INFO: [Project 1-454] Reading design checkpoint '/home/serg/Documents/Xilinx/z700_hdmi/HDMI_VMIX/HDMI_VMIX.gen/sources_1/bd/top_design/ip/top_design_rst_ps7_0_148M_2/top_design_rst_ps7_0_148M_2.dcp' for cell 'top_design_i/rst_ps7_0_100M'
INFO: [Project 1-454] Reading design checkpoint '/home/serg/Documents/Xilinx/z700_hdmi/HDMI_VMIX/HDMI_VMIX.gen/sources_1/bd/top_design/ip/top_design_rst_ps7_0_148M_1/top_design_rst_ps7_0_148M_1.dcp' for cell 'top_design_i/rst_ps7_0_150M'
INFO: [Project 1-454] Reading design checkpoint '/home/serg/Documents/Xilinx/z700_hdmi/HDMI_VMIX/HDMI_VMIX.gen/sources_1/bd/top_design/ip/top_design_smartconnect_0_0/top_design_smartconnect_0_0.dcp' for cell 'top_design_i/smartconnect_0'
INFO: [Project 1-454] Reading design checkpoint '/home/serg/Documents/Xilinx/z700_hdmi/HDMI_VMIX/HDMI_VMIX.gen/sources_1/bd/top_design/ip/top_design_v_axi4s_vid_out_0_1/top_design_v_axi4s_vid_out_0_1.dcp' for cell 'top_design_i/v_axi4s_vid_out_0'
INFO: [Project 1-454] Reading design checkpoint '/home/serg/Documents/Xilinx/z700_hdmi/HDMI_VMIX/HDMI_VMIX.gen/sources_1/bd/top_design/ip/top_design_v_frmbuf_rd_0_0/top_design_v_frmbuf_rd_0_0.dcp' for cell 'top_design_i/v_frmbuf_rd_0'
INFO: [Project 1-454] Reading design checkpoint '/home/serg/Documents/Xilinx/z700_hdmi/HDMI_VMIX/HDMI_VMIX.gen/sources_1/bd/top_design/ip/top_design_v_frmbuf_wr_0_0/top_design_v_frmbuf_wr_0_0.dcp' for cell 'top_design_i/v_frmbuf_wr_0'
INFO: [Project 1-454] Reading design checkpoint '/home/serg/Documents/Xilinx/z700_hdmi/HDMI_VMIX/HDMI_VMIX.gen/sources_1/bd/top_design/ip/top_design_v_mix_0_0/top_design_v_mix_0_0.dcp' for cell 'top_design_i/v_mix_0'
INFO: [Project 1-454] Reading design checkpoint '/home/serg/Documents/Xilinx/z700_hdmi/HDMI_VMIX/HDMI_VMIX.gen/sources_1/bd/top_design/ip/top_design_v_tc_0_1/top_design_v_tc_0_1.dcp' for cell 'top_design_i/v_tc_0'
INFO: [Project 1-454] Reading design checkpoint '/home/serg/Documents/Xilinx/z700_hdmi/HDMI_VMIX/HDMI_VMIX.gen/sources_1/bd/top_design/ip/top_design_v_tpg_0_1/top_design_v_tpg_0_1.dcp' for cell 'top_design_i/v_tpg_0'
Netlist sorting complete. Time (s): cpu = 00:00:00.41 ; elapsed = 00:00:00.41 . Memory (MB): peak = 1947.801 ; gain = 0.000 ; free physical = 7461 ; free virtual = 22096
INFO: [Netlist 29-17] Analyzing 1555 Unisim elements for replacement
INFO: [Netlist 29-28] Unisim Transformation completed in 0 CPU seconds
INFO: [Project 1-479] Netlist was created with Vivado 2025.2
INFO: [Project 1-570] Preparing netlist for logic optimization
Parsing XDC File [/home/serg/Documents/Xilinx/z700_hdmi/HDMI_VMIX/HDMI_VMIX.gen/sources_1/bd/top_design/ip/top_design_processing_system7_0_0/top_design_processing_system7_0_0.xdc] for cell 'top_design_i/processing_system7_0/inst'
WARNING: [Vivado 12-2489] -input_jitter contains time 0.202470 which will be rounded to 0.202 to ensure it is an integer multiple of 1 picosecond [/home/serg/Documents/Xilinx/z700_hdmi/HDMI_VMIX/HDMI_VMIX.gen/sources_1/bd/top_design/ip/top_design_processing_system7_0_0/top_design_processing_system7_0_0.xdc:24]
Finished Parsing XDC File [/home/serg/Documents/Xilinx/z700_hdmi/HDMI_VMIX/HDMI_VMIX.gen/sources_1/bd/top_design/ip/top_design_processing_system7_0_0/top_design_processing_system7_0_0.xdc] for cell 'top_design_i/processing_system7_0/inst'
Parsing XDC File [/home/serg/Documents/Xilinx/z700_hdmi/HDMI_VMIX/HDMI_VMIX.gen/sources_1/bd/top_design/ip/top_design_axi_smc_1/bd_0/ip/ip_1/bd_b6ca_psr0_0_board.xdc] for cell 'top_design_i/axi_smc/inst/clk_map/psr0/U0'
Finished Parsing XDC File [/home/serg/Documents/Xilinx/z700_hdmi/HDMI_VMIX/HDMI_VMIX.gen/sources_1/bd/top_design/ip/top_design_axi_smc_1/bd_0/ip/ip_1/bd_b6ca_psr0_0_board.xdc] for cell 'top_design_i/axi_smc/inst/clk_map/psr0/U0'
Parsing XDC File [/home/serg/Documents/Xilinx/z700_hdmi/HDMI_VMIX/HDMI_VMIX.gen/sources_1/bd/top_design/ip/top_design_axi_smc_1/bd_0/ip/ip_2/bd_b6ca_psr_aclk_0_board.xdc] for cell 'top_design_i/axi_smc/inst/clk_map/psr_aclk/U0'
Finished Parsing XDC File [/home/serg/Documents/Xilinx/z700_hdmi/HDMI_VMIX/HDMI_VMIX.gen/sources_1/bd/top_design/ip/top_design_axi_smc_1/bd_0/ip/ip_2/bd_b6ca_psr_aclk_0_board.xdc] for cell 'top_design_i/axi_smc/inst/clk_map/psr_aclk/U0'
Parsing XDC File [/home/serg/Documents/Xilinx/z700_hdmi/HDMI_VMIX/HDMI_VMIX.gen/sources_1/bd/top_design/ip/top_design_axi_smc_1/bd_0/ip/ip_3/bd_b6ca_psr_aclk1_0_board.xdc] for cell 'top_design_i/axi_smc/inst/clk_map/psr_aclk1/U0'
Finished Parsing XDC File [/home/serg/Documents/Xilinx/z700_hdmi/HDMI_VMIX/HDMI_VMIX.gen/sources_1/bd/top_design/ip/top_design_axi_smc_1/bd_0/ip/ip_3/bd_b6ca_psr_aclk1_0_board.xdc] for cell 'top_design_i/axi_smc/inst/clk_map/psr_aclk1/U0'
Parsing XDC File [/home/serg/Documents/Xilinx/z700_hdmi/HDMI_VMIX/HDMI_VMIX.gen/sources_1/bd/top_design/ip/top_design_axi_smc_1/smartconnect.xdc] for cell 'top_design_i/axi_smc/inst'
Finished Parsing XDC File [/home/serg/Documents/Xilinx/z700_hdmi/HDMI_VMIX/HDMI_VMIX.gen/sources_1/bd/top_design/ip/top_design_axi_smc_1/smartconnect.xdc] for cell 'top_design_i/axi_smc/inst'
Parsing XDC File [/home/serg/Documents/Xilinx/z700_hdmi/HDMI_VMIX/HDMI_VMIX.gen/sources_1/bd/top_design/ip/top_design_rst_ps7_0_148M_1/top_design_rst_ps7_0_148M_1_board.xdc] for cell 'top_design_i/rst_ps7_0_150M/U0'
Finished Parsing XDC File [/home/serg/Documents/Xilinx/z700_hdmi/HDMI_VMIX/HDMI_VMIX.gen/sources_1/bd/top_design/ip/top_design_rst_ps7_0_148M_1/top_design_rst_ps7_0_148M_1_board.xdc] for cell 'top_design_i/rst_ps7_0_150M/U0'
Parsing XDC File [/home/serg/Documents/Xilinx/z700_hdmi/HDMI_VMIX/HDMI_VMIX.gen/sources_1/bd/top_design/ip/top_design_rgb2dvi_0_0/src/rgb2dvi.xdc] for cell 'top_design_i/rgb2dvi_0/U0'
Finished Parsing XDC File [/home/serg/Documents/Xilinx/z700_hdmi/HDMI_VMIX/HDMI_VMIX.gen/sources_1/bd/top_design/ip/top_design_rgb2dvi_0_0/src/rgb2dvi.xdc] for cell 'top_design_i/rgb2dvi_0/U0'
Parsing XDC File [/home/serg/Documents/Xilinx/z700_hdmi/HDMI_VMIX/HDMI_VMIX.gen/sources_1/bd/top_design/ip/top_design_rst_ps7_0_148M_2/top_design_rst_ps7_0_148M_2_board.xdc] for cell 'top_design_i/rst_ps7_0_100M/U0'
Finished Parsing XDC File [/home/serg/Documents/Xilinx/z700_hdmi/HDMI_VMIX/HDMI_VMIX.gen/sources_1/bd/top_design/ip/top_design_rst_ps7_0_148M_2/top_design_rst_ps7_0_148M_2_board.xdc] for cell 'top_design_i/rst_ps7_0_100M/U0'
Parsing XDC File [/home/serg/Documents/Xilinx/z700_hdmi/HDMI_VMIX/HDMI_VMIX.gen/sources_1/bd/top_design/ip/top_design_smartconnect_0_0/bd_0/ip/ip_1/bd_8df6_psr_aclk_0_board.xdc] for cell 'top_design_i/smartconnect_0/inst/clk_map/psr_aclk/U0'
Finished Parsing XDC File [/home/serg/Documents/Xilinx/z700_hdmi/HDMI_VMIX/HDMI_VMIX.gen/sources_1/bd/top_design/ip/top_design_smartconnect_0_0/bd_0/ip/ip_1/bd_8df6_psr_aclk_0_board.xdc] for cell 'top_design_i/smartconnect_0/inst/clk_map/psr_aclk/U0'
Parsing XDC File [/home/serg/Documents/Xilinx/z700_hdmi/HDMI_VMIX/HDMI_VMIX.gen/sources_1/bd/top_design/ip/top_design_smartconnect_0_0/smartconnect.xdc] for cell 'top_design_i/smartconnect_0/inst'
Finished Parsing XDC File [/home/serg/Documents/Xilinx/z700_hdmi/HDMI_VMIX/HDMI_VMIX.gen/sources_1/bd/top_design/ip/top_design_smartconnect_0_0/smartconnect.xdc] for cell 'top_design_i/smartconnect_0/inst'
Parsing XDC File [/home/serg/Documents/Xilinx/z700_hdmi/HDMI_VMIX/HDMI_VMIX.gen/sources_1/bd/top_design/ip/top_design_axi_dynclk_0_1/src/axi_dynclk.xdc] for cell 'top_design_i/axi_dynclk_0/U0'
Finished Parsing XDC File [/home/serg/Documents/Xilinx/z700_hdmi/HDMI_VMIX/HDMI_VMIX.gen/sources_1/bd/top_design/ip/top_design_axi_dynclk_0_1/src/axi_dynclk.xdc] for cell 'top_design_i/axi_dynclk_0/U0'
Parsing XDC File [/home/serg/Documents/Xilinx/z700_hdmi/HDMI_VMIX/HDMI_VMIX.srcs/constrs_1/new/phy_constr.xdc]
Finished Parsing XDC File [/home/serg/Documents/Xilinx/z700_hdmi/HDMI_VMIX/HDMI_VMIX.srcs/constrs_1/new/phy_constr.xdc]
Parsing XDC File [/home/serg/Documents/Xilinx/z700_hdmi/HDMI_VMIX/HDMI_VMIX.gen/sources_1/bd/top_design/ip/top_design_v_tpg_0_1/top_design_v_tpg_0_1.xdc] for cell 'top_design_i/v_tpg_0/inst'
Finished Parsing XDC File [/home/serg/Documents/Xilinx/z700_hdmi/HDMI_VMIX/HDMI_VMIX.gen/sources_1/bd/top_design/ip/top_design_v_tpg_0_1/top_design_v_tpg_0_1.xdc] for cell 'top_design_i/v_tpg_0/inst'
Parsing XDC File [/home/serg/Documents/Xilinx/z700_hdmi/HDMI_VMIX/HDMI_VMIX.gen/sources_1/bd/top_design/ip/top_design_v_axi4s_vid_out_0_1/top_design_v_axi4s_vid_out_0_1_clocks.xdc] for cell 'top_design_i/v_axi4s_vid_out_0/inst'
Finished Parsing XDC File [/home/serg/Documents/Xilinx/z700_hdmi/HDMI_VMIX/HDMI_VMIX.gen/sources_1/bd/top_design/ip/top_design_v_axi4s_vid_out_0_1/top_design_v_axi4s_vid_out_0_1_clocks.xdc] for cell 'top_design_i/v_axi4s_vid_out_0/inst'
Parsing XDC File [/home/serg/Documents/Xilinx/z700_hdmi/HDMI_VMIX/HDMI_VMIX.gen/sources_1/bd/top_design/ip/top_design_v_tc_0_1/top_design_v_tc_0_1_clocks.xdc] for cell 'top_design_i/v_tc_0/U0'
INFO: [Timing 38-35] Done setting XDC timing constraints. [/home/serg/Documents/Xilinx/z700_hdmi/HDMI_VMIX/HDMI_VMIX.gen/sources_1/bd/top_design/ip/top_design_v_tc_0_1/top_design_v_tc_0_1_clocks.xdc:2]
INFO: [Timing 38-2] Deriving generated clocks [/home/serg/Documents/Xilinx/z700_hdmi/HDMI_VMIX/HDMI_VMIX.gen/sources_1/bd/top_design/ip/top_design_v_tc_0_1/top_design_v_tc_0_1_clocks.xdc:2]
Finished Parsing XDC File [/home/serg/Documents/Xilinx/z700_hdmi/HDMI_VMIX/HDMI_VMIX.gen/sources_1/bd/top_design/ip/top_design_v_tc_0_1/top_design_v_tc_0_1_clocks.xdc] for cell 'top_design_i/v_tc_0/U0'
Parsing XDC File [/home/serg/Documents/Xilinx/z700_hdmi/HDMI_VMIX/HDMI_VMIX.gen/sources_1/bd/top_design/ip/top_design_rgb2dvi_0_0/src/rgb2dvi_clocks.xdc] for cell 'top_design_i/rgb2dvi_0/U0'
Finished Parsing XDC File [/home/serg/Documents/Xilinx/z700_hdmi/HDMI_VMIX/HDMI_VMIX.gen/sources_1/bd/top_design/ip/top_design_rgb2dvi_0_0/src/rgb2dvi_clocks.xdc] for cell 'top_design_i/rgb2dvi_0/U0'
Parsing XDC File [/home/serg/Documents/Xilinx/z700_hdmi/HDMI_VMIX/HDMI_VMIX.gen/sources_1/bd/top_design/ip/top_design_v_frmbuf_wr_0_0/top_design_v_frmbuf_wr_0_0.xdc] for cell 'top_design_i/v_frmbuf_wr_0/inst'
Finished Parsing XDC File [/home/serg/Documents/Xilinx/z700_hdmi/HDMI_VMIX/HDMI_VMIX.gen/sources_1/bd/top_design/ip/top_design_v_frmbuf_wr_0_0/top_design_v_frmbuf_wr_0_0.xdc] for cell 'top_design_i/v_frmbuf_wr_0/inst'
Parsing XDC File [/home/serg/Documents/Xilinx/z700_hdmi/HDMI_VMIX/HDMI_VMIX.gen/sources_1/bd/top_design/ip/top_design_v_frmbuf_rd_0_0/top_design_v_frmbuf_rd_0_0.xdc] for cell 'top_design_i/v_frmbuf_rd_0/inst'
Finished Parsing XDC File [/home/serg/Documents/Xilinx/z700_hdmi/HDMI_VMIX/HDMI_VMIX.gen/sources_1/bd/top_design/ip/top_design_v_frmbuf_rd_0_0/top_design_v_frmbuf_rd_0_0.xdc] for cell 'top_design_i/v_frmbuf_rd_0/inst'
Parsing XDC File [/home/serg/Documents/Xilinx/z700_hdmi/HDMI_VMIX/HDMI_VMIX.gen/sources_1/bd/top_design/ip/top_design_v_mix_0_0/top_design_v_mix_0_0.xdc] for cell 'top_design_i/v_mix_0/inst'
Finished Parsing XDC File [/home/serg/Documents/Xilinx/z700_hdmi/HDMI_VMIX/HDMI_VMIX.gen/sources_1/bd/top_design/ip/top_design_v_mix_0_0/top_design_v_mix_0_0.xdc] for cell 'top_design_i/v_mix_0/inst'
INFO: [Project 1-1714] 273 XPM XDC files have been applied to the design.
INFO: [Opt 31-138] Pushed 0 inverter(s) to 0 load pin(s).
Netlist sorting complete. Time (s): cpu = 00:00:00.01 ; elapsed = 00:00:00 . Memory (MB): peak = 2724.016 ; gain = 0.000 ; free physical = 6934 ; free virtual = 21585
INFO: [Project 1-111] Unisim Transformation Summary:
  A total of 247 instances were transformed.
  RAM16X1D => RAM32X1D (RAMD32(x2)): 3 instances
  RAM32M => RAM32M (RAMD32(x6), RAMS32(x2)): 208 instances
  RAM32X1D => RAM32X1D (RAMD32(x2)): 36 instances

27 Infos, 1 Warnings, 0 Critical Warnings and 0 Errors encountered.
link_design completed successfully
link_design: Time (s): cpu = 00:00:14 ; elapsed = 00:00:13 . Memory (MB): peak = 2724.051 ; gain = 1100.148 ; free physical = 6934 ; free virtual = 21585
Command: opt_design
Attempting to get a license for feature 'Implementation' and/or device 'xc7z020'
INFO: [Common 17-349] Got license for feature 'Implementation' and/or device 'xc7z020'
Running DRC as a precondition to command opt_design

Starting DRC Task
INFO: [DRC 23-27] Running DRC with 8 threads
INFO: [Project 1-461] DRC finished with 0 Errors
INFO: [Project 1-462] Please refer to the DRC report (report_drc) for more information.

Time (s): cpu = 00:00:01 ; elapsed = 00:00:00.37 . Memory (MB): peak = 2724.051 ; gain = 0.000 ; free physical = 6902 ; free virtual = 21553

Starting Cache Timing Information Task
INFO: [Timing 38-35] Done setting XDC timing constraints.
Ending Cache Timing Information Task | Checksum: 18aa5405a

Time (s): cpu = 00:00:01 ; elapsed = 00:00:00.6 . Memory (MB): peak = 2729.953 ; gain = 5.902 ; free physical = 6888 ; free virtual = 21539

Starting Logic Optimization Task

Phase 1 Initialization

Phase 1.1 Core Generation And Design Setup
Phase 1.1 Core Generation And Design Setup | Checksum: 18aa5405a

Time (s): cpu = 00:00:00.03 ; elapsed = 00:00:00.03 . Memory (MB): peak = 3093.734 ; gain = 0.000 ; free physical = 6543 ; free virtual = 21194

Phase 1.2 Setup Constraints And Sort Netlist
Phase 1.2 Setup Constraints And Sort Netlist | Checksum: 18aa5405a

Time (s): cpu = 00:00:00.04 ; elapsed = 00:00:00.05 . Memory (MB): peak = 3093.734 ; gain = 0.000 ; free physical = 6543 ; free virtual = 21194
Phase 1 Initialization | Checksum: 18aa5405a

Time (s): cpu = 00:00:00.05 ; elapsed = 00:00:00.05 . Memory (MB): peak = 3093.734 ; gain = 0.000 ; free physical = 6543 ; free virtual = 21194

Phase 2 Timer Update And Timing Data Collection

Phase 2.1 Detect if minReqCache needed
Phase 2.1 Detect if minReqCache needed | Checksum: 18aa5405a

Time (s): cpu = 00:00:00.07 ; elapsed = 00:00:00.08 . Memory (MB): peak = 3112.703 ; gain = 18.969 ; free physical = 6513 ; free virtual = 21164

Phase 2.2 Timer Update
Phase 2.2 Timer Update | Checksum: 18aa5405a

Time (s): cpu = 00:00:01 ; elapsed = 00:00:00.32 . Memory (MB): peak = 3112.703 ; gain = 18.969 ; free physical = 6515 ; free virtual = 21166

Phase 2.3 Timing Data Collection
Phase 2.3 Timing Data Collection | Checksum: 18aa5405a

Time (s): cpu = 00:00:01 ; elapsed = 00:00:00.34 . Memory (MB): peak = 3112.703 ; gain = 18.969 ; free physical = 6499 ; free virtual = 21151
Phase 2 Timer Update And Timing Data Collection | Checksum: 18aa5405a

Time (s): cpu = 00:00:01 ; elapsed = 00:00:00.35 . Memory (MB): peak = 3112.703 ; gain = 18.969 ; free physical = 6499 ; free virtual = 21151

Phase 3 Retarget
INFO: [Opt 31-1851] Number of loadless carry chains removed were: 0
INFO: [Opt 31-1834] Total Chains To Be Transformed Were: 0 AND Number of Transformed insts Created are: 0
INFO: [Opt 31-1566] Pulled 14 inverters resulting in an inversion of 133 pins
INFO: [Opt 31-138] Pushed 54 inverter(s) to 197 load pin(s).
INFO: [Opt 31-49] Retargeted 0 cell(s).
Phase 3 Retarget | Checksum: 200bfcc57

Time (s): cpu = 00:00:02 ; elapsed = 00:00:00.79 . Memory (MB): peak = 3112.703 ; gain = 18.969 ; free physical = 6499 ; free virtual = 21151
Retarget | Checksum: 200bfcc57
INFO: [Opt 31-389] Phase Retarget created 637 cells and removed 735 cells
INFO: [Opt 31-1021] In phase Retarget, 434 netlist objects are constrained preventing optimization. Please run opt_design with -debug_log to get more detail. 

Phase 4 Constant propagation
INFO: [Opt 31-138] Pushed 1 inverter(s) to 1 load pin(s).
Phase 4 Constant propagation | Checksum: 1d337eeae

Time (s): cpu = 00:00:02 ; elapsed = 00:00:01 . Memory (MB): peak = 3112.703 ; gain = 18.969 ; free physical = 6500 ; free virtual = 21152
Constant propagation | Checksum: 1d337eeae
INFO: [Opt 31-389] Phase Constant propagation created 550 cells and removed 3583 cells
INFO: [Opt 31-1021] In phase Constant propagation, 1691 netlist objects are constrained preventing optimization. Please run opt_design with -debug_log to get more detail. 

Phase 5 Sweep
INFO: [Constraints 18-11670] Building netlist checker database with flags, 0x8
Done building netlist checker database: Time (s): cpu = 00:00:00.01 ; elapsed = 00:00:00.01 . Memory (MB): peak = 3112.703 ; gain = 0.000 ; free physical = 6501 ; free virtual = 21153
INFO: [Constraints 18-11670] Building netlist checker database with flags, 0x8
Done building netlist checker database: Time (s): cpu = 00:00:00.01 ; elapsed = 00:00:00.01 . Memory (MB): peak = 3112.703 ; gain = 0.000 ; free physical = 6502 ; free virtual = 21153
Phase 5 Sweep | Checksum: 147c7778b

Time (s): cpu = 00:00:03 ; elapsed = 00:00:02 . Memory (MB): peak = 3112.703 ; gain = 18.969 ; free physical = 6501 ; free virtual = 21153
Sweep | Checksum: 147c7778b
INFO: [Opt 31-389] Phase Sweep created 0 cells and removed 4898 cells
INFO: [Opt 31-1021] In phase Sweep, 362 netlist objects are constrained preventing optimization. Please run opt_design with -debug_log to get more detail. 

Phase 6 BUFG optimization
INFO: [Opt 31-194] Inserted BUFG top_design_i/processing_system7_0/inst/FCLK_CLK0_BUFG_inst to drive 2160 load(s) on clock net top_design_i/processing_system7_0/inst/FCLK_CLK0_BUFG
INFO: [Opt 31-193] Inserted 1 BUFG(s) on clock nets
Phase 6 BUFG optimization | Checksum: 1f5533a0f

Time (s): cpu = 00:00:04 ; elapsed = 00:00:03 . Memory (MB): peak = 3144.719 ; gain = 50.984 ; free physical = 6501 ; free virtual = 21153
BUFG optimization | Checksum: 1f5533a0f
INFO: [Opt 31-662] Phase BUFG optimization created 1 cells of which 1 are BUFGs and removed 0 cells.

Phase 7 Shift Register Optimization
INFO: [Opt 31-1064] SRL Remap converted 0 SRLs to 0 registers and converted 0 registers of register chains to 0 SRLs
Phase 7 Shift Register Optimization | Checksum: 1f5533a0f

Time (s): cpu = 00:00:04 ; elapsed = 00:00:03 . Memory (MB): peak = 3144.719 ; gain = 50.984 ; free physical = 6501 ; free virtual = 21153
Shift Register Optimization | Checksum: 1f5533a0f
INFO: [Opt 31-389] Phase Shift Register Optimization created 0 cells and removed 0 cells

Phase 8 Post Processing Netlist
Phase 8 Post Processing Netlist | Checksum: 1caf00f73

Time (s): cpu = 00:00:04 ; elapsed = 00:00:03 . Memory (MB): peak = 3144.719 ; gain = 50.984 ; free physical = 6501 ; free virtual = 21153
Post Processing Netlist | Checksum: 1caf00f73
INFO: [Opt 31-389] Phase Post Processing Netlist created 0 cells and removed 0 cells
INFO: [Opt 31-1021] In phase Post Processing Netlist, 258 netlist objects are constrained preventing optimization. Please run opt_design with -debug_log to get more detail. 

Phase 9 Finalization

Phase 9.1 Finalizing Design Cores and Updating Shapes
Phase 9.1 Finalizing Design Cores and Updating Shapes | Checksum: 16aabcc07

Time (s): cpu = 00:00:04 ; elapsed = 00:00:03 . Memory (MB): peak = 3144.719 ; gain = 50.984 ; free physical = 6497 ; free virtual = 21149

Phase 9.2 Verifying Netlist Connectivity

Starting Connectivity Check Task

Time (s): cpu = 00:00:00.03 ; elapsed = 00:00:00.03 . Memory (MB): peak = 3144.719 ; gain = 0.000 ; free physical = 6497 ; free virtual = 21149
Phase 9.2 Verifying Netlist Connectivity | Checksum: 16aabcc07

Time (s): cpu = 00:00:04 ; elapsed = 00:00:03 . Memory (MB): peak = 3144.719 ; gain = 50.984 ; free physical = 6497 ; free virtual = 21149
Phase 9 Finalization | Checksum: 16aabcc07

Time (s): cpu = 00:00:04 ; elapsed = 00:00:03 . Memory (MB): peak = 3144.719 ; gain = 50.984 ; free physical = 6497 ; free virtual = 21149
Opt_design Change Summary
=========================


-------------------------------------------------------------------------------------------------------------------------
|  Phase                        |  #Cells created  |  #Cells Removed  |  #Constrained objects preventing optimizations  |
-------------------------------------------------------------------------------------------------------------------------
|  Retarget                     |             637  |             735  |                                            434  |
|  Constant propagation         |             550  |            3583  |                                           1691  |
|  Sweep                        |               0  |            4898  |                                            362  |
|  BUFG optimization            |               1  |               0  |                                              0  |
|  Shift Register Optimization  |               0  |               0  |                                              0  |
|  Post Processing Netlist      |               0  |               0  |                                            258  |
-------------------------------------------------------------------------------------------------------------------------


Ending Logic Optimization Task | Checksum: 16aabcc07

Time (s): cpu = 00:00:04 ; elapsed = 00:00:03 . Memory (MB): peak = 3144.719 ; gain = 50.984 ; free physical = 6497 ; free virtual = 21149

Starting Power Optimization Task
INFO: [Pwropt 34-132] Skipping clock gating for clocks with a period < 2.00 ns.
INFO: [Pwropt 34-9] Applying IDT optimizations ...
INFO: [Pwropt 34-10] Applying ODC optimizations ...
INFO: [Timing 38-35] Done setting XDC timing constraints.
Running Vector-less Activity Propagation...

Finished Running Vector-less Activity Propagation


Starting PowerOpt Patch Enables Task
INFO: [Pwropt 34-162] WRITE_MODE attribute of 0 BRAM(s) out of a total of 13 has been updated to save power. Run report_power_opt to get a complete listing of the BRAMs updated.
INFO: [Pwropt 34-201] Structural ODC has moved 0 WE to EN ports
Number of BRAM Ports augmented: 1 newly gated: 3 Total Ports: 26
Ending PowerOpt Patch Enables Task | Checksum: 133a9142f

Time (s): cpu = 00:00:00.09 ; elapsed = 00:00:00.09 . Memory (MB): peak = 3312.770 ; gain = 0.000 ; free physical = 6453 ; free virtual = 21108
Ending Power Optimization Task | Checksum: 133a9142f

Time (s): cpu = 00:00:07 ; elapsed = 00:00:03 . Memory (MB): peak = 3312.770 ; gain = 168.051 ; free physical = 6453 ; free virtual = 21108

Starting Final Cleanup Task
Ending Final Cleanup Task | Checksum: 133a9142f

Time (s): cpu = 00:00:00.01 ; elapsed = 00:00:00 . Memory (MB): peak = 3312.770 ; gain = 0.000 ; free physical = 6453 ; free virtual = 21108
Netlist sorting complete. Time (s): cpu = 00:00:00 ; elapsed = 00:00:00.01 . Memory (MB): peak = 3312.770 ; gain = 0.000 ; free physical = 6453 ; free virtual = 21108
INFO: [Common 17-83] Releasing license: Implementation
60 Infos, 1 Warnings, 0 Critical Warnings and 0 Errors encountered.
opt_design completed successfully
opt_design: Time (s): cpu = 00:00:15 ; elapsed = 00:00:09 . Memory (MB): peak = 3312.770 ; gain = 588.719 ; free physical = 6453 ; free virtual = 21108
INFO: [Vivado 12-24828] Executing command : report_drc -file top_design_wrapper_drc_opted.rpt -pb top_design_wrapper_drc_opted.pb -rpx top_design_wrapper_drc_opted.rpx
Command: report_drc -file top_design_wrapper_drc_opted.rpt -pb top_design_wrapper_drc_opted.pb -rpx top_design_wrapper_drc_opted.rpx
INFO: [IP_Flow 19-1839] IP Catalog is up to date.
INFO: [DRC 23-27] Running DRC with 8 threads
INFO: [Vivado_Tcl 2-168] The results of DRC are in file /home/serg/Documents/Xilinx/z700_hdmi/HDMI_VMIX/HDMI_VMIX.runs/impl_1/top_design_wrapper_drc_opted.rpt.
report_drc completed successfully
INFO: [Timing 38-480] Writing timing data to binary archive.
Wrote PlaceDB: Time (s): cpu = 00:00:00 ; elapsed = 00:00:00 . Memory (MB): peak = 3312.770 ; gain = 0.000 ; free physical = 6446 ; free virtual = 21103
Wrote PulsedLatchDB: Time (s): cpu = 00:00:00 ; elapsed = 00:00:00 . Memory (MB): peak = 3312.770 ; gain = 0.000 ; free physical = 6446 ; free virtual = 21103
Writing XDEF routing.
Writing XDEF routing logical nets.
Write ShapeDB Complete: Time (s): cpu = 00:00:00.18 ; elapsed = 00:00:00.04 . Memory (MB): peak = 3312.770 ; gain = 0.000 ; free physical = 6444 ; free virtual = 21105
Writing XDEF routing special nets.
Wrote RouteStorage: Time (s): cpu = 00:00:00.24 ; elapsed = 00:00:00.05 . Memory (MB): peak = 3312.770 ; gain = 0.000 ; free physical = 6444 ; free virtual = 21105
Wrote PlaceStorage: Time (s): cpu = 00:00:00.02 ; elapsed = 00:00:00.01 . Memory (MB): peak = 3312.770 ; gain = 0.000 ; free physical = 6444 ; free virtual = 21105
Wrote Netlist Cache: Time (s): cpu = 00:00:00 ; elapsed = 00:00:00 . Memory (MB): peak = 3312.770 ; gain = 0.000 ; free physical = 6444 ; free virtual = 21105
Wrote Device Cache: Time (s): cpu = 00:00:00.02 ; elapsed = 00:00:00 . Memory (MB): peak = 3312.770 ; gain = 0.000 ; free physical = 6444 ; free virtual = 21105
Write Physdb Complete: Time (s): cpu = 00:00:00.28 ; elapsed = 00:00:00.06 . Memory (MB): peak = 3312.770 ; gain = 0.000 ; free physical = 6444 ; free virtual = 21105
INFO: [Common 17-1381] The checkpoint '/home/serg/Documents/Xilinx/z700_hdmi/HDMI_VMIX/HDMI_VMIX.runs/impl_1/top_design_wrapper_opt.dcp' has been generated.
Command: place_design
Attempting to get a license for feature 'Implementation' and/or device 'xc7z020'
INFO: [Common 17-349] Got license for feature 'Implementation' and/or device 'xc7z020'
INFO: [Common 17-83] Releasing license: Implementation
INFO: [DRC 23-27] Running DRC with 8 threads
INFO: [Vivado_Tcl 4-198] DRC finished with 0 Errors
INFO: [Vivado_Tcl 4-199] Please refer to the DRC report (report_drc) for more information.
INFO: [Timing 38-35] Done setting XDC timing constraints.
Running DRC as a precondition to command place_design
INFO: [DRC 23-27] Running DRC with 8 threads
INFO: [Vivado_Tcl 4-198] DRC finished with 0 Errors
INFO: [Vivado_Tcl 4-199] Please refer to the DRC report (report_drc) for more information.
INFO: [Place 30-611] Multithreading enabled for place_design using a maximum of 8 CPUs

Starting Placer Task

Phase 1 Placer Initialization

Phase 1.1 Placer Initialization Netlist Sorting
Netlist sorting complete. Time (s): cpu = 00:00:00.01 ; elapsed = 00:00:00.01 . Memory (MB): peak = 3383.855 ; gain = 0.000 ; free physical = 6428 ; free virtual = 21093
Phase 1.1 Placer Initialization Netlist Sorting | Checksum: dde529cd

Time (s): cpu = 00:00:00.02 ; elapsed = 00:00:00.02 . Memory (MB): peak = 3383.855 ; gain = 0.000 ; free physical = 6428 ; free virtual = 21092
Netlist sorting complete. Time (s): cpu = 00:00:00 ; elapsed = 00:00:00.01 . Memory (MB): peak = 3383.855 ; gain = 0.000 ; free physical = 6427 ; free virtual = 21091

Phase 1.2 IO Placement/ Clock Placement/ Build Placer Device
Phase 1.2 IO Placement/ Clock Placement/ Build Placer Device | Checksum: 8d62b747

Time (s): cpu = 00:00:02 ; elapsed = 00:00:01 . Memory (MB): peak = 3383.855 ; gain = 0.000 ; free physical = 6435 ; free virtual = 21103

Phase 1.3 Build Placer Netlist Model
Phase 1.3 Build Placer Netlist Model | Checksum: c4f5d4ea

Time (s): cpu = 00:00:10 ; elapsed = 00:00:04 . Memory (MB): peak = 3383.855 ; gain = 0.000 ; free physical = 6431 ; free virtual = 21115

Phase 1.4 Constrain Clocks/Macros
Phase 1.4 Constrain Clocks/Macros | Checksum: c4f5d4ea

Time (s): cpu = 00:00:10 ; elapsed = 00:00:04 . Memory (MB): peak = 3383.855 ; gain = 0.000 ; free physical = 6431 ; free virtual = 21115
Phase 1 Placer Initialization | Checksum: c4f5d4ea

Time (s): cpu = 00:00:10 ; elapsed = 00:00:04 . Memory (MB): peak = 3383.855 ; gain = 0.000 ; free physical = 6431 ; free virtual = 21115

Phase 2 Global Placement

Phase 2.1 Floorplanning
Phase 2.1 Floorplanning | Checksum: c3862424

Time (s): cpu = 00:00:13 ; elapsed = 00:00:05 . Memory (MB): peak = 3383.855 ; gain = 0.000 ; free physical = 6445 ; free virtual = 21130

Phase 2.2 Update Timing before SLR Path Opt
Phase 2.2 Update Timing before SLR Path Opt | Checksum: 16e665f29

Time (s): cpu = 00:00:16 ; elapsed = 00:00:06 . Memory (MB): peak = 3383.855 ; gain = 0.000 ; free physical = 6445 ; free virtual = 21130

Phase 2.3 Post-Processing in Floorplanning
Phase 2.3 Post-Processing in Floorplanning | Checksum: 16e665f29

Time (s): cpu = 00:00:16 ; elapsed = 00:00:06 . Memory (MB): peak = 3383.855 ; gain = 0.000 ; free physical = 6445 ; free virtual = 21130

Phase 2.4 Global Place Phase1
Phase 2.4 Global Place Phase1 | Checksum: e16ec84d

Time (s): cpu = 00:00:39 ; elapsed = 00:00:12 . Memory (MB): peak = 3383.855 ; gain = 0.000 ; free physical = 6472 ; free virtual = 21158

Phase 2.5 Global Place Phase2

Phase 2.5.1 UpdateTiming Before Physical Synthesis
Phase 2.5.1 UpdateTiming Before Physical Synthesis | Checksum: 1624dd8a8

Time (s): cpu = 00:00:43 ; elapsed = 00:00:13 . Memory (MB): peak = 3383.855 ; gain = 0.000 ; free physical = 6464 ; free virtual = 21150

Phase 2.5.2 Physical Synthesis In Placer
INFO: [Physopt 32-1035] Found 0 LUTNM shape to break, 1005 LUT instances to create LUTNM shape
INFO: [Physopt 32-1044] Break lutnm for timing: one critical 0, two critical 0, total 0, new lutff created 0
INFO: [Physopt 32-1138] End 1 Pass. Optimized 416 nets or LUTs. Breaked 0 LUT, combined 416 existing LUTs and moved 0 existing LUT
INFO: [Physopt 32-65] No nets found for high-fanout optimization.
INFO: [Physopt 32-232] Optimized 0 net. Created 0 new instance.
INFO: [Physopt 32-775] End 1 Pass. Optimized 0 net or cell. Created 0 new cell, deleted 0 existing cell and moved 0 existing cell
INFO: [Physopt 32-456] No candidate cells for DSP register optimization found in the design.
INFO: [Physopt 32-775] End 2 Pass. Optimized 0 net or cell. Created 0 new cell, deleted 0 existing cell and moved 0 existing cell
INFO: [Physopt 32-1123] No candidate cells found for Shift Register to Pipeline optimization
INFO: [Physopt 32-775] End 2 Pass. Optimized 0 net or cell. Created 0 new cell, deleted 0 existing cell and moved 0 existing cell
INFO: [Physopt 32-1401] No candidate cells found for Shift Register optimization.
INFO: [Physopt 32-677] No candidate cells for Shift Register optimization found in the design
INFO: [Physopt 32-775] End 1 Pass. Optimized 0 net or cell. Created 0 new cell, deleted 0 existing cell and moved 0 existing cell
INFO: [Physopt 32-526] No candidate cells for BRAM register optimization found in the design
INFO: [Physopt 32-775] End 1 Pass. Optimized 0 net or cell. Created 0 new cell, deleted 0 existing cell and moved 0 existing cell
INFO: [Physopt 32-846] No candidate cells for URAM register optimization found in the design
INFO: [Physopt 32-775] End 1 Pass. Optimized 0 net or cell. Created 0 new cell, deleted 0 existing cell and moved 0 existing cell
INFO: [Physopt 32-846] No candidate cells for URAM register optimization found in the design
INFO: [Physopt 32-775] End 1 Pass. Optimized 0 net or cell. Created 0 new cell, deleted 0 existing cell and moved 0 existing cell
INFO: [Physopt 32-949] No candidate nets found for dynamic/static region interface net replication
INFO: [Physopt 32-775] End 1 Pass. Optimized 0 net or cell. Created 0 new cell, deleted 0 existing cell and moved 0 existing cell
Netlist sorting complete. Time (s): cpu = 00:00:00.01 ; elapsed = 00:00:00.01 . Memory (MB): peak = 3383.855 ; gain = 0.000 ; free physical = 6462 ; free virtual = 21151

Summary of Physical Synthesis Optimizations
============================================


-----------------------------------------------------------------------------------------------------------------------------------------------------------
|  Optimization                                     |  Added Cells  |  Removed Cells  |  Optimized Cells/Nets  |  Dont Touch  |  Iterations  |  Elapsed   |
-----------------------------------------------------------------------------------------------------------------------------------------------------------
|  LUT Combining                                    |            0  |            416  |                   416  |           0  |           1  |  00:00:00  |
|  Retime                                           |            0  |              0  |                     0  |           0  |           1  |  00:00:00  |
|  Very High Fanout                                 |            0  |              0  |                     0  |           0  |           1  |  00:00:00  |
|  DSP Register                                     |            0  |              0  |                     0  |           0  |           1  |  00:00:00  |
|  Shift Register to Pipeline                       |            0  |              0  |                     0  |           0  |           1  |  00:00:00  |
|  Shift Register                                   |            0  |              0  |                     0  |           0  |           1  |  00:00:00  |
|  BRAM Register                                    |            0  |              0  |                     0  |           0  |           1  |  00:00:00  |
|  URAM Register                                    |            0  |              0  |                     0  |           0  |           1  |  00:00:00  |
|  Dynamic/Static Region Interface Net Replication  |            0  |              0  |                     0  |           0  |           1  |  00:00:00  |
|  Total                                            |            0  |            416  |                   416  |           0  |           9  |  00:00:00  |
-----------------------------------------------------------------------------------------------------------------------------------------------------------


Phase 2.5.2 Physical Synthesis In Placer | Checksum: 1bf852efa

Time (s): cpu = 00:00:46 ; elapsed = 00:00:15 . Memory (MB): peak = 3383.855 ; gain = 0.000 ; free physical = 6467 ; free virtual = 21155
Phase 2.5 Global Place Phase2 | Checksum: 1305896f7

Time (s): cpu = 00:00:48 ; elapsed = 00:00:15 . Memory (MB): peak = 3383.855 ; gain = 0.000 ; free physical = 6463 ; free virtual = 21152
Phase 2 Global Placement | Checksum: 1305896f7

Time (s): cpu = 00:00:48 ; elapsed = 00:00:15 . Memory (MB): peak = 3383.855 ; gain = 0.000 ; free physical = 6463 ; free virtual = 21152

Phase 3 Detail Placement

Phase 3.1 Commit Multi Column Macros
Phase 3.1 Commit Multi Column Macros | Checksum: 1923be377

Time (s): cpu = 00:00:51 ; elapsed = 00:00:16 . Memory (MB): peak = 3383.855 ; gain = 0.000 ; free physical = 6463 ; free virtual = 21152

Phase 3.2 Commit Most Macros & LUTRAMs
Phase 3.2 Commit Most Macros & LUTRAMs | Checksum: 22bd60d72

Time (s): cpu = 00:00:56 ; elapsed = 00:00:17 . Memory (MB): peak = 3383.855 ; gain = 0.000 ; free physical = 6458 ; free virtual = 21148

Phase 3.3 Area Swap Optimization
Phase 3.3 Area Swap Optimization | Checksum: 22b0d6602

Time (s): cpu = 00:00:57 ; elapsed = 00:00:18 . Memory (MB): peak = 3383.855 ; gain = 0.000 ; free physical = 6458 ; free virtual = 21148

Phase 3.4 Pipeline Register Optimization
Phase 3.4 Pipeline Register Optimization | Checksum: 202e0dd06

Time (s): cpu = 00:00:57 ; elapsed = 00:00:18 . Memory (MB): peak = 3383.855 ; gain = 0.000 ; free physical = 6458 ; free virtual = 21147

Phase 3.5 Fast Optimization
Phase 3.5 Fast Optimization | Checksum: 1499780b9

Time (s): cpu = 00:01:03 ; elapsed = 00:00:19 . Memory (MB): peak = 3383.855 ; gain = 0.000 ; free physical = 6470 ; free virtual = 21159

Phase 3.6 Small Shape Detail Placement
Phase 3.6 Small Shape Detail Placement | Checksum: 15f534d20

Time (s): cpu = 00:01:09 ; elapsed = 00:00:24 . Memory (MB): peak = 3383.855 ; gain = 0.000 ; free physical = 6454 ; free virtual = 21150

Phase 3.7 Re-assign LUT pins
Phase 3.7 Re-assign LUT pins | Checksum: 129e95e29

Time (s): cpu = 00:01:10 ; elapsed = 00:00:25 . Memory (MB): peak = 3383.855 ; gain = 0.000 ; free physical = 6456 ; free virtual = 21151

Phase 3.8 Pipeline Register Optimization
Phase 3.8 Pipeline Register Optimization | Checksum: 16aacadf2

Time (s): cpu = 00:01:10 ; elapsed = 00:00:25 . Memory (MB): peak = 3383.855 ; gain = 0.000 ; free physical = 6456 ; free virtual = 21151

Phase 3.9 Fast Optimization
Phase 3.9 Fast Optimization | Checksum: 28a5ea896

Time (s): cpu = 00:01:20 ; elapsed = 00:00:27 . Memory (MB): peak = 3383.855 ; gain = 0.000 ; free physical = 6459 ; free virtual = 21154
Phase 3 Detail Placement | Checksum: 28a5ea896

Time (s): cpu = 00:01:20 ; elapsed = 00:00:27 . Memory (MB): peak = 3383.855 ; gain = 0.000 ; free physical = 6459 ; free virtual = 21154

Phase 4 Post Placement Optimization and Clean-Up

Phase 4.1 Post Commit Optimization
INFO: [Timing 38-35] Done setting XDC timing constraints.

Phase 4.1.1 Post Placement Optimization
Post Placement Optimization Initialization | Checksum: 25eab4a5c

Phase 4.1.1.1 BUFG Insertion

Starting Physical Synthesis Task

Phase 1 Physical Synthesis Initialization
INFO: [Physopt 32-721] Multithreading enabled for phys_opt_design using a maximum of 8 CPUs
INFO: [Physopt 32-619] Estimated Timing Summary | WNS=-0.414 | TNS=-1.696 |
Phase 1 Physical Synthesis Initialization | Checksum: 215845103

Time (s): cpu = 00:00:01 ; elapsed = 00:00:00.26 . Memory (MB): peak = 3383.855 ; gain = 0.000 ; free physical = 6394 ; free virtual = 21121
INFO: [Place 46-33] Processed net top_design_i/v_frmbuf_rd_0/inst/grp_FrmbufRdHlsDataFlow_fu_166/Bytes2MultiPixStream_U0/grp_Bytes2MultiPixStream_Pipeline_VITIS_LOOP_1240_1_fu_172/flow_control_loop_pipe_sequential_init_U/SR[0], BUFG insertion was skipped due to placement/routing conflicts.
INFO: [Place 46-33] Processed net top_design_i/v_mix_0/inst/mm_video1_m_axi_U/bus_read/rreq_burst_conv/burst_sequential/rs_req/ap_rst_n_0, BUFG insertion was skipped due to placement/routing conflicts.
INFO: [Place 46-56] BUFG insertion identified 2 candidate nets. Inserted BUFG: 0, Replicated BUFG Driver: 0, Skipped due to Placement/Routing Conflicts: 2, Skipped due to Timing Degradation: 0, Skipped due to netlist editing failed: 0.
Ending Physical Synthesis Task | Checksum: 2556771ec

Time (s): cpu = 00:00:02 ; elapsed = 00:00:00.45 . Memory (MB): peak = 3383.855 ; gain = 0.000 ; free physical = 6393 ; free virtual = 21120
Phase 4.1.1.1 BUFG Insertion | Checksum: 25eab4a5c

Time (s): cpu = 00:01:31 ; elapsed = 00:00:30 . Memory (MB): peak = 3383.855 ; gain = 0.000 ; free physical = 6407 ; free virtual = 21134

Phase 4.1.1.2 Post Placement Timing Optimization
INFO: [Place 30-746] Post Placement Timing Summary WNS=0.044. For the most accurate timing information please run report_timing.
Phase 4.1.1.2 Post Placement Timing Optimization | Checksum: 2837c436d

Time (s): cpu = 00:01:48 ; elapsed = 00:00:37 . Memory (MB): peak = 3383.855 ; gain = 0.000 ; free physical = 6471 ; free virtual = 21150

Time (s): cpu = 00:01:48 ; elapsed = 00:00:37 . Memory (MB): peak = 3383.855 ; gain = 0.000 ; free physical = 6471 ; free virtual = 21150
Phase 4.1 Post Commit Optimization | Checksum: 2837c436d

Time (s): cpu = 00:01:48 ; elapsed = 00:00:37 . Memory (MB): peak = 3383.855 ; gain = 0.000 ; free physical = 6471 ; free virtual = 21150

Phase 4.2 Post Placement Cleanup
Phase 4.2 Post Placement Cleanup | Checksum: 2837c436d

Time (s): cpu = 00:01:48 ; elapsed = 00:00:37 . Memory (MB): peak = 3383.855 ; gain = 0.000 ; free physical = 6471 ; free virtual = 21150

Phase 4.3 Placer Reporting

Phase 4.3.1 Print Estimated Congestion
INFO: [Place 30-612] Post-Placement Estimated Congestion 
 ____________________________________________________
|           | Global Congestion | Short Congestion  |
| Direction | Region Size       | Region Size       |
|___________|___________________|___________________|
|      North|                1x1|                2x2|
|___________|___________________|___________________|
|      South|                1x1|                2x2|
|___________|___________________|___________________|
|       East|                1x1|                1x1|
|___________|___________________|___________________|
|       West|                1x1|                1x1|
|___________|___________________|___________________|

Phase 4.3.1 Print Estimated Congestion | Checksum: 2837c436d

Time (s): cpu = 00:01:48 ; elapsed = 00:00:37 . Memory (MB): peak = 3383.855 ; gain = 0.000 ; free physical = 6471 ; free virtual = 21150
Phase 4.3 Placer Reporting | Checksum: 2837c436d

Time (s): cpu = 00:01:48 ; elapsed = 00:00:37 . Memory (MB): peak = 3383.855 ; gain = 0.000 ; free physical = 6473 ; free virtual = 21152

Phase 4.4 Final Placement Cleanup
Netlist sorting complete. Time (s): cpu = 00:00:00.01 ; elapsed = 00:00:00.01 . Memory (MB): peak = 3383.855 ; gain = 0.000 ; free physical = 6473 ; free virtual = 21152

Time (s): cpu = 00:01:48 ; elapsed = 00:00:37 . Memory (MB): peak = 3383.855 ; gain = 0.000 ; free physical = 6473 ; free virtual = 21152
Phase 4 Post Placement Optimization and Clean-Up | Checksum: 1a8ddd420

Time (s): cpu = 00:01:48 ; elapsed = 00:00:37 . Memory (MB): peak = 3383.855 ; gain = 0.000 ; free physical = 6473 ; free virtual = 21152
Ending Placer Task | Checksum: d8009575

Time (s): cpu = 00:01:48 ; elapsed = 00:00:37 . Memory (MB): peak = 3383.855 ; gain = 0.000 ; free physical = 6472 ; free virtual = 21151
105 Infos, 1 Warnings, 0 Critical Warnings and 0 Errors encountered.
place_design completed successfully
place_design: Time (s): cpu = 00:01:52 ; elapsed = 00:00:39 . Memory (MB): peak = 3383.855 ; gain = 71.086 ; free physical = 6472 ; free virtual = 21151
INFO: [Vivado 12-24838] Running report commands "report_control_sets, report_io, report_utilization" in parallel.
Running report generation with 3 threads.
INFO: [Vivado 12-24828] Executing command : report_io -file top_design_wrapper_io_placed.rpt
report_io: Time (s): cpu = 00:00:00.21 ; elapsed = 00:00:00.15 . Memory (MB): peak = 3383.855 ; gain = 0.000 ; free physical = 6437 ; free virtual = 21117
INFO: [Vivado 12-24828] Executing command : report_control_sets -verbose -file top_design_wrapper_control_sets_placed.rpt
report_control_sets: Time (s): cpu = 00:00:00.27 ; elapsed = 00:00:00.18 . Memory (MB): peak = 3383.855 ; gain = 0.000 ; free physical = 6424 ; free virtual = 21105
INFO: [Vivado 12-24828] Executing command : report_utilization -file top_design_wrapper_utilization_placed.rpt -pb top_design_wrapper_utilization_placed.pb
INFO: [Timing 38-480] Writing timing data to binary archive.
Wrote PlaceDB: Time (s): cpu = 00:00:00 ; elapsed = 00:00:00 . Memory (MB): peak = 3383.855 ; gain = 0.000 ; free physical = 6417 ; free virtual = 21099
Wrote PulsedLatchDB: Time (s): cpu = 00:00:00 ; elapsed = 00:00:00 . Memory (MB): peak = 3383.855 ; gain = 0.000 ; free physical = 6417 ; free virtual = 21099
Writing XDEF routing.
Writing XDEF routing logical nets.
Writing XDEF routing special nets.
Wrote RouteStorage: Time (s): cpu = 00:00:00.25 ; elapsed = 00:00:00.05 . Memory (MB): peak = 3383.855 ; gain = 0.000 ; free physical = 6417 ; free virtual = 21101
Write ShapeDB Complete: Time (s): cpu = 00:00:00.31 ; elapsed = 00:00:00.07 . Memory (MB): peak = 3383.855 ; gain = 0.000 ; free physical = 6414 ; free virtual = 21102
Wrote PlaceStorage: Time (s): cpu = 00:00:02 ; elapsed = 00:00:00.74 . Memory (MB): peak = 3383.855 ; gain = 0.000 ; free physical = 6388 ; free virtual = 21109
Wrote Netlist Cache: Time (s): cpu = 00:00:00.03 ; elapsed = 00:00:00.01 . Memory (MB): peak = 3383.855 ; gain = 0.000 ; free physical = 6387 ; free virtual = 21110
Wrote Device Cache: Time (s): cpu = 00:00:00.01 ; elapsed = 00:00:00.01 . Memory (MB): peak = 3383.855 ; gain = 0.000 ; free physical = 6385 ; free virtual = 21109
Write Physdb Complete: Time (s): cpu = 00:00:03 ; elapsed = 00:00:00.82 . Memory (MB): peak = 3383.855 ; gain = 0.000 ; free physical = 6385 ; free virtual = 21109
INFO: [Common 17-1381] The checkpoint '/home/serg/Documents/Xilinx/z700_hdmi/HDMI_VMIX/HDMI_VMIX.runs/impl_1/top_design_wrapper_placed.dcp' has been generated.
Command: phys_opt_design
Attempting to get a license for feature 'Implementation' and/or device 'xc7z020'
INFO: [Common 17-349] Got license for feature 'Implementation' and/or device 'xc7z020'

Starting Initial Update Timing Task

Time (s): cpu = 00:00:08 ; elapsed = 00:00:02 . Memory (MB): peak = 3383.855 ; gain = 0.000 ; free physical = 6402 ; free virtual = 21097
INFO: [Vivado_Tcl 4-2279] Estimated Timing Summary | WNS= 0.044 | TNS= 0.000 | 
INFO: [Vivado_Tcl 4-383] Design worst setup slack (WNS) is greater than or equal to 0.000 ns. All physical synthesis setup optimizations will be skipped.
INFO: [Vivado_Tcl 4-232] No setup violation found. The netlist was not modified.
INFO: [Common 17-83] Releasing license: Implementation
116 Infos, 1 Warnings, 0 Critical Warnings and 0 Errors encountered.
phys_opt_design completed successfully
INFO: [Timing 38-480] Writing timing data to binary archive.
Wrote PlaceDB: Time (s): cpu = 00:00:00 ; elapsed = 00:00:00 . Memory (MB): peak = 3383.855 ; gain = 0.000 ; free physical = 6408 ; free virtual = 21102
Wrote PulsedLatchDB: Time (s): cpu = 00:00:00 ; elapsed = 00:00:00 . Memory (MB): peak = 3383.855 ; gain = 0.000 ; free physical = 6408 ; free virtual = 21102
Writing XDEF routing.
Writing XDEF routing logical nets.
Writing XDEF routing special nets.
Wrote RouteStorage: Time (s): cpu = 00:00:00.25 ; elapsed = 00:00:00.05 . Memory (MB): peak = 3383.855 ; gain = 0.000 ; free physical = 6407 ; free virtual = 21104
Write ShapeDB Complete: Time (s): cpu = 00:00:00.28 ; elapsed = 00:00:00.06 . Memory (MB): peak = 3383.855 ; gain = 0.000 ; free physical = 6400 ; free virtual = 21101
Wrote PlaceStorage: Time (s): cpu = 00:00:02 ; elapsed = 00:00:00.73 . Memory (MB): peak = 3383.855 ; gain = 0.000 ; free physical = 6369 ; free virtual = 21102
Wrote Netlist Cache: Time (s): cpu = 00:00:00.03 ; elapsed = 00:00:00.02 . Memory (MB): peak = 3383.855 ; gain = 0.000 ; free physical = 6369 ; free virtual = 21105
Wrote Device Cache: Time (s): cpu = 00:00:00.01 ; elapsed = 00:00:00 . Memory (MB): peak = 3383.855 ; gain = 0.000 ; free physical = 6369 ; free virtual = 21106
Write Physdb Complete: Time (s): cpu = 00:00:03 ; elapsed = 00:00:00.81 . Memory (MB): peak = 3383.855 ; gain = 0.000 ; free physical = 6369 ; free virtual = 21106
INFO: [Common 17-1381] The checkpoint '/home/serg/Documents/Xilinx/z700_hdmi/HDMI_VMIX/HDMI_VMIX.runs/impl_1/top_design_wrapper_physopt.dcp' has been generated.
Command: route_design
Attempting to get a license for feature 'Implementation' and/or device 'xc7z020'
INFO: [Common 17-349] Got license for feature 'Implementation' and/or device 'xc7z020'


Starting Routing Task
INFO: [Route 35-254] Multithreading enabled for route_design using a maximum of 8 CPUs

Phase 1 Build RT Design
Checksum: PlaceDB: b68419d3 ConstDB: 0 ShapeSum: b8308b2 RouteDB: 15f972f0
Post Restoration Checksum: NetGraph: d107523 | NumContArr: 36d9a757 | Constraints: c2a8fa9d | Timing: c2a8fa9d
Phase 1 Build RT Design | Checksum: 1c93c11b4

Time (s): cpu = 00:00:24 ; elapsed = 00:00:13 . Memory (MB): peak = 3383.855 ; gain = 0.000 ; free physical = 6440 ; free virtual = 21149

Phase 2 Router Initialization

Phase 2.1 Fix Topology Constraints
Phase 2.1 Fix Topology Constraints | Checksum: 1c93c11b4

Time (s): cpu = 00:00:24 ; elapsed = 00:00:13 . Memory (MB): peak = 3383.855 ; gain = 0.000 ; free physical = 6440 ; free virtual = 21150

Phase 2.2 Pre Route Cleanup
Phase 2.2 Pre Route Cleanup | Checksum: 1c93c11b4

Time (s): cpu = 00:00:24 ; elapsed = 00:00:13 . Memory (MB): peak = 3383.855 ; gain = 0.000 ; free physical = 6440 ; free virtual = 21150
 Number of Nodes with overlaps = 0

Phase 2.3 Update Timing
Phase 2.3 Update Timing | Checksum: 2a4584465

Time (s): cpu = 00:00:38 ; elapsed = 00:00:16 . Memory (MB): peak = 3383.855 ; gain = 0.000 ; free physical = 6422 ; free virtual = 21131
INFO: [Route 35-416] Intermediate Timing Summary | WNS=0.110  | TNS=0.000  | WHS=-0.336 | THS=-1348.337|


Phase 2.4 Update Timing for Bus Skew

Phase 2.4.1 Update Timing
Phase 2.4.1 Update Timing | Checksum: 2d2cf0d38

Time (s): cpu = 00:00:46 ; elapsed = 00:00:18 . Memory (MB): peak = 3383.855 ; gain = 0.000 ; free physical = 6414 ; free virtual = 21122
INFO: [Route 35-416] Intermediate Timing Summary | WNS=0.110  | TNS=0.000  | WHS=-0.266 | THS=-5.805 |

Phase 2.4 Update Timing for Bus Skew | Checksum: 2d9880723

Time (s): cpu = 00:00:47 ; elapsed = 00:00:18 . Memory (MB): peak = 3383.855 ; gain = 0.000 ; free physical = 6364 ; free virtual = 21083

Phase 2.5 Soft Constraint Pins - Fast Budgeting
Phase 2.5 Soft Constraint Pins - Fast Budgeting | Checksum: 2d9880723

Time (s): cpu = 00:00:47 ; elapsed = 00:00:18 . Memory (MB): peak = 3383.855 ; gain = 0.000 ; free physical = 6348 ; free virtual = 21068

Router Utilization Summary
  Global Vertical Routing Utilization    = 0.00243347 %
  Global Horizontal Routing Utilization  = 0.00025355 %
  Routable Net Status*
  *Does not include unroutable nets such as driverless and loadless.
  Run report_route_status for detailed report.
  Number of Failed Nets               = 30710
    (Failed Nets is the sum of unrouted and partially routed nets)
  Number of Unrouted Nets             = 30710
  Number of Partially Routed Nets     = 0
  Number of Node Overlaps             = 0

Phase 2 Router Initialization | Checksum: 215c0a6cf

Time (s): cpu = 00:00:48 ; elapsed = 00:00:19 . Memory (MB): peak = 3383.855 ; gain = 0.000 ; free physical = 6349 ; free virtual = 21071

Phase 3 Global Routing
Phase 3 Global Routing | Checksum: 215c0a6cf

Time (s): cpu = 00:00:48 ; elapsed = 00:00:19 . Memory (MB): peak = 3383.855 ; gain = 0.000 ; free physical = 6349 ; free virtual = 21071

Phase 4 Initial Routing

Phase 4.1 Initial Net Routing Pass
Phase 4.1 Initial Net Routing Pass | Checksum: 30b0dd5d4

Time (s): cpu = 00:00:52 ; elapsed = 00:00:20 . Memory (MB): peak = 3383.855 ; gain = 0.000 ; free physical = 6304 ; free virtual = 21066
Phase 4 Initial Routing | Checksum: 30b0dd5d4

Time (s): cpu = 00:00:52 ; elapsed = 00:00:20 . Memory (MB): peak = 3383.855 ; gain = 0.000 ; free physical = 6304 ; free virtual = 21066

Phase 5 Rip-up And Reroute

Phase 5.1 Global Iteration 0
 Number of Nodes with overlaps = 2472
 Number of Nodes with overlaps = 178
 Number of Nodes with overlaps = 29
 Number of Nodes with overlaps = 16
 Number of Nodes with overlaps = 4
 Number of Nodes with overlaps = 4
 Number of Nodes with overlaps = 2
 Number of Nodes with overlaps = 1
 Number of Nodes with overlaps = 0
INFO: [Route 35-416] Intermediate Timing Summary | WNS=0.019  | TNS=0.000  | WHS=N/A    | THS=N/A    |

Phase 5.1 Global Iteration 0 | Checksum: 21d681f3d

Time (s): cpu = 00:01:07 ; elapsed = 00:00:26 . Memory (MB): peak = 3383.855 ; gain = 0.000 ; free physical = 6293 ; free virtual = 21055

Phase 5.2 Global Iteration 1
 Number of Nodes with overlaps = 50
 Number of Nodes with overlaps = 19
 Number of Nodes with overlaps = 4
 Number of Nodes with overlaps = 2
 Number of Nodes with overlaps = 1
 Number of Nodes with overlaps = 0
INFO: [Route 35-416] Intermediate Timing Summary | WNS=0.001  | TNS=0.000  | WHS=N/A    | THS=N/A    |

Phase 5.2 Global Iteration 1 | Checksum: 27bcd0312

Time (s): cpu = 00:01:09 ; elapsed = 00:00:28 . Memory (MB): peak = 3383.855 ; gain = 0.000 ; free physical = 6297 ; free virtual = 21058
Phase 5 Rip-up And Reroute | Checksum: 27bcd0312

Time (s): cpu = 00:01:09 ; elapsed = 00:00:28 . Memory (MB): peak = 3383.855 ; gain = 0.000 ; free physical = 6297 ; free virtual = 21058

Phase 6 Delay and Skew Optimization

Phase 6.1 Delay CleanUp
Phase 6.1 Delay CleanUp | Checksum: 27bcd0312

Time (s): cpu = 00:01:09 ; elapsed = 00:00:28 . Memory (MB): peak = 3383.855 ; gain = 0.000 ; free physical = 6297 ; free virtual = 21058

Phase 6.2 Clock Skew Optimization
Phase 6.2 Clock Skew Optimization | Checksum: 27bcd0312

Time (s): cpu = 00:01:09 ; elapsed = 00:00:28 . Memory (MB): peak = 3383.855 ; gain = 0.000 ; free physical = 6298 ; free virtual = 21059
Phase 6 Delay and Skew Optimization | Checksum: 27bcd0312

Time (s): cpu = 00:01:09 ; elapsed = 00:00:28 . Memory (MB): peak = 3383.855 ; gain = 0.000 ; free physical = 6298 ; free virtual = 21059

Phase 7 Post Hold Fix

Phase 7.1 Hold Fix Iter
INFO: [Route 35-416] Intermediate Timing Summary | WNS=0.097  | TNS=0.000  | WHS=0.036  | THS=0.000  |

Phase 7.1 Hold Fix Iter | Checksum: 22e12bb3e

Time (s): cpu = 00:01:11 ; elapsed = 00:00:28 . Memory (MB): peak = 3383.855 ; gain = 0.000 ; free physical = 6297 ; free virtual = 21059
Phase 7 Post Hold Fix | Checksum: 22e12bb3e

Time (s): cpu = 00:01:11 ; elapsed = 00:00:28 . Memory (MB): peak = 3383.855 ; gain = 0.000 ; free physical = 6297 ; free virtual = 21059

Phase 8 Route finalize

Router Utilization Summary
  Global Vertical Routing Utilization    = 4.84773 %
  Global Horizontal Routing Utilization  = 6.72642 %
  Routable Net Status*
  *Does not include unroutable nets such as driverless and loadless.
  Run report_route_status for detailed report.
  Number of Failed Nets               = 0
    (Failed Nets is the sum of unrouted and partially routed nets)
  Number of Unrouted Nets             = 0
  Number of Partially Routed Nets     = 0
  Number of Node Overlaps             = 0

Phase 8 Route finalize | Checksum: 22e12bb3e

Time (s): cpu = 00:01:11 ; elapsed = 00:00:28 . Memory (MB): peak = 3383.855 ; gain = 0.000 ; free physical = 6297 ; free virtual = 21059

Phase 9 Verifying routed nets

 Verification completed successfully
Phase 9 Verifying routed nets | Checksum: 22e12bb3e

Time (s): cpu = 00:01:11 ; elapsed = 00:00:28 . Memory (MB): peak = 3383.855 ; gain = 0.000 ; free physical = 6296 ; free virtual = 21058

Phase 10 Depositing Routes
Phase 10 Depositing Routes | Checksum: 17baad121

Time (s): cpu = 00:01:13 ; elapsed = 00:00:29 . Memory (MB): peak = 3383.855 ; gain = 0.000 ; free physical = 6296 ; free virtual = 21057

Phase 11 Post Process Routing
Phase 11 Post Process Routing | Checksum: 17baad121

Time (s): cpu = 00:01:13 ; elapsed = 00:00:30 . Memory (MB): peak = 3383.855 ; gain = 0.000 ; free physical = 6296 ; free virtual = 21057

Phase 12 Post Router Timing
INFO: [Route 35-57] Estimated Timing Summary | WNS=0.097  | TNS=0.000  | WHS=0.036  | THS=0.000  |

INFO: [Route 35-327] The final timing numbers are based on the router estimated timing analysis. For a complete and accurate timing signoff, please run report_timing_summary.
Phase 12 Post Router Timing | Checksum: 17baad121

Time (s): cpu = 00:01:14 ; elapsed = 00:00:30 . Memory (MB): peak = 3383.855 ; gain = 0.000 ; free physical = 6296 ; free virtual = 21057
Total Elapsed time in route_design: 29.53 secs

Phase 13 Post-Route Event Processing
Phase 13 Post-Route Event Processing | Checksum: 1c9ccdf62

Time (s): cpu = 00:01:14 ; elapsed = 00:00:30 . Memory (MB): peak = 3383.855 ; gain = 0.000 ; free physical = 6296 ; free virtual = 21057
INFO: [Route 35-16] Router Completed Successfully
Ending Routing Task | Checksum: 1c9ccdf62

Time (s): cpu = 00:01:14 ; elapsed = 00:00:30 . Memory (MB): peak = 3383.855 ; gain = 0.000 ; free physical = 6296 ; free virtual = 21057

Routing Is Done.
INFO: [Common 17-83] Releasing license: Implementation
129 Infos, 1 Warnings, 0 Critical Warnings and 0 Errors encountered.
route_design completed successfully
route_design: Time (s): cpu = 00:01:14 ; elapsed = 00:00:30 . Memory (MB): peak = 3383.855 ; gain = 0.000 ; free physical = 6295 ; free virtual = 21056
INFO: [Vivado 12-24828] Executing command : report_drc -file top_design_wrapper_drc_routed.rpt -pb top_design_wrapper_drc_routed.pb -rpx top_design_wrapper_drc_routed.rpx
Command: report_drc -file top_design_wrapper_drc_routed.rpt -pb top_design_wrapper_drc_routed.pb -rpx top_design_wrapper_drc_routed.rpx
INFO: [IP_Flow 19-1839] IP Catalog is up to date.
INFO: [DRC 23-27] Running DRC with 8 threads
INFO: [Vivado_Tcl 2-168] The results of DRC are in file /home/serg/Documents/Xilinx/z700_hdmi/HDMI_VMIX/HDMI_VMIX.runs/impl_1/top_design_wrapper_drc_routed.rpt.
report_drc completed successfully
INFO: [Vivado 12-24828] Executing command : report_methodology -file top_design_wrapper_methodology_drc_routed.rpt -pb top_design_wrapper_methodology_drc_routed.pb -rpx top_design_wrapper_methodology_drc_routed.rpx
Command: report_methodology -file top_design_wrapper_methodology_drc_routed.rpt -pb top_design_wrapper_methodology_drc_routed.pb -rpx top_design_wrapper_methodology_drc_routed.rpx
INFO: [Timing 38-35] Done setting XDC timing constraints.
INFO: [DRC 23-133] Running Methodology with 8 threads
INFO: [Vivado_Tcl 2-1520] The results of Report Methodology are in file /home/serg/Documents/Xilinx/z700_hdmi/HDMI_VMIX/HDMI_VMIX.runs/impl_1/top_design_wrapper_methodology_drc_routed.rpt.
report_methodology completed successfully
INFO: [Vivado 12-24828] Executing command : report_timing_summary -max_paths 10 -routable_nets -report_unconstrained -file top_design_wrapper_timing_summary_routed.rpt -pb top_design_wrapper_timing_summary_routed.pb -rpx top_design_wrapper_timing_summary_routed.rpx -warn_on_violation 
INFO: [Timing 38-35] Done setting XDC timing constraints.
INFO: [Timing 38-91] UpdateTimingParams: Speed grade: -2, Delay Type: min_max.
INFO: [Timing 38-191] Multithreading enabled for timing update using a maximum of 8 CPUs
WARNING: [Timing 38-436] There are set_bus_skew constraint(s) in this design. Please run report_bus_skew to ensure that bus skew requirements are met.
INFO: [Vivado 12-24838] Running report commands "report_bus_skew, report_incremental_reuse, report_route_status" in parallel.
Running report generation with 3 threads.
INFO: [Vivado 12-24828] Executing command : report_incremental_reuse -file top_design_wrapper_incremental_reuse_routed.rpt
INFO: [Vivado_Tcl 4-1062] Incremental flow is disabled. No incremental reuse Info to report.
INFO: [Vivado 12-24828] Executing command : report_route_status -file top_design_wrapper_route_status.rpt -pb top_design_wrapper_route_status.pb
INFO: [Vivado 12-24828] Executing command : report_bus_skew -warn_on_violation -file top_design_wrapper_bus_skew_routed.rpt -pb top_design_wrapper_bus_skew_routed.pb -rpx top_design_wrapper_bus_skew_routed.rpx
INFO: [Timing 38-91] UpdateTimingParams: Speed grade: -2, Delay Type: min_max.
INFO: [Timing 38-191] Multithreading enabled for timing update using a maximum of 8 CPUs
INFO: [Vivado 12-24828] Executing command : report_power -file top_design_wrapper_power_routed.rpt -pb top_design_wrapper_power_summary_routed.pb -rpx top_design_wrapper_power_routed.rpx
Command: report_power -file top_design_wrapper_power_routed.rpt -pb top_design_wrapper_power_summary_routed.pb -rpx top_design_wrapper_power_routed.rpx
Running Vector-less Activity Propagation...

Finished Running Vector-less Activity Propagation
WARNING: [Power 33-332] Found switching activity that implies high-fanout reset nets being asserted for excessive periods of time which may result in inaccurate power analysis.
Resolution: To review and fix problems, please run Power Constraints Advisor in the GUI from Tools > Power Constraints Advisor or run report_power with the -advisory option to generate a text report.
149 Infos, 3 Warnings, 0 Critical Warnings and 0 Errors encountered.
report_power completed successfully
INFO: [Vivado 12-24828] Executing command : report_clock_utilization -file top_design_wrapper_clock_utilization_routed.rpt
generate_parallel_reports: Time (s): cpu = 00:00:42 ; elapsed = 00:00:12 . Memory (MB): peak = 3383.855 ; gain = 0.000 ; free physical = 6149 ; free virtual = 20953
INFO: [Timing 38-480] Writing timing data to binary archive.
Wrote PlaceDB: Time (s): cpu = 00:00:00 ; elapsed = 00:00:00 . Memory (MB): peak = 3383.855 ; gain = 0.000 ; free physical = 6149 ; free virtual = 20954
Wrote PulsedLatchDB: Time (s): cpu = 00:00:00 ; elapsed = 00:00:00 . Memory (MB): peak = 3383.855 ; gain = 0.000 ; free physical = 6149 ; free virtual = 20954
Writing XDEF routing.
Writing XDEF routing logical nets.
Write ShapeDB Complete: Time (s): cpu = 00:00:00.28 ; elapsed = 00:00:00.06 . Memory (MB): peak = 3383.855 ; gain = 0.000 ; free physical = 6148 ; free virtual = 20959
Writing XDEF routing special nets.
Wrote RouteStorage: Time (s): cpu = 00:00:00.94 ; elapsed = 00:00:00.18 . Memory (MB): peak = 3383.855 ; gain = 0.000 ; free physical = 6141 ; free virtual = 20964
Wrote PlaceStorage: Time (s): cpu = 00:00:02 ; elapsed = 00:00:00.77 . Memory (MB): peak = 3383.855 ; gain = 0.000 ; free physical = 6105 ; free virtual = 20958
Wrote Netlist Cache: Time (s): cpu = 00:00:00.04 ; elapsed = 00:00:00.02 . Memory (MB): peak = 3383.855 ; gain = 0.000 ; free physical = 6100 ; free virtual = 20956
Wrote Device Cache: Time (s): cpu = 00:00:00.01 ; elapsed = 00:00:00 . Memory (MB): peak = 3383.855 ; gain = 0.000 ; free physical = 6099 ; free virtual = 20956
Write Physdb Complete: Time (s): cpu = 00:00:03 ; elapsed = 00:00:00.98 . Memory (MB): peak = 3383.855 ; gain = 0.000 ; free physical = 6099 ; free virtual = 20956
INFO: [Common 17-1381] The checkpoint '/home/serg/Documents/Xilinx/z700_hdmi/HDMI_VMIX/HDMI_VMIX.runs/impl_1/top_design_wrapper_routed.dcp' has been generated.
INFO: [Common 17-206] Exiting Vivado at Tue Feb 10 17:51:10 2026...
