

================================================================
== Vitis HLS Report for 'v_mix_422_to_444_false_2_Pipeline_VITIS_LOOP_105_2'
================================================================
* Date:           Mon Mar 16 15:11:27 2026

* Version:        2025.2 (Build 6295257 on Nov 14 2025)
* Project:        prj
* Solution:       sol (Vivado IP Flow Target)
* Product family: zynq
* Target device:  xc7z020-clg400-2


================================================================
== Performance Estimates
================================================================
+ Timing: 
    * Summary: 
    +--------+---------+----------+------------+
    |  Clock |  Target | Estimated| Uncertainty|
    +--------+---------+----------+------------+
    |ap_clk  |  6.52 ns|  4.761 ns|     1.76 ns|
    +--------+---------+----------+------------+

+ Latency: 
    * Summary: 
    +---------+---------+----------+-----------+-----+-----+-------------------+
    |  Latency (cycles) |  Latency (absolute)  |  Interval |      Pipeline     |
    |   min   |   max   |    min   |    max    | min | max |        Type       |
    +---------+---------+----------+-----------+-----+-----+-------------------+
    |       66|     1922|  0.430 us|  12.535 us|    0|    0|  loop pipeline stp|
    +---------+---------+----------+-----------+-----+-----+-------------------+

    + Detail: 
        * Instance: 
        N/A

        * Loop: 
        +--------------------+---------+---------+----------+-----------+-----------+-----------+----------+
        |                    |  Latency (cycles) | Iteration|  Initiation Interval  |    Trip   |          |
        |      Loop Name     |   min   |   max   |  Latency |  achieved |   target  |   Count   | Pipelined|
        +--------------------+---------+---------+----------+-----------+-----------+-----------+----------+
        |- VITIS_LOOP_105_2  |       64|     1920|         2|          1|          1|  64 ~ 1920|       yes|
        +--------------------+---------+---------+----------+-----------+-----------+-----------+----------+



================================================================
== Utilization Estimates
================================================================
* Summary: 
+-----------------+---------+-----+--------+-------+-----+
|       Name      | BRAM_18K| DSP |   FF   |  LUT  | URAM|
+-----------------+---------+-----+--------+-------+-----+
|DSP              |        -|    -|       -|      -|    -|
|Expression       |        -|    -|       0|     26|    -|
|FIFO             |        -|    -|       -|      -|    -|
|Instance         |        -|    -|       -|      -|    -|
|Memory           |        -|    -|       -|      -|    -|
|Multiplexer      |        -|    -|       0|     54|    -|
|Register         |        -|    -|      14|      -|    -|
+-----------------+---------+-----+--------+-------+-----+
|Total            |        0|    0|      14|     80|    0|
+-----------------+---------+-----+--------+-------+-----+
|Available        |      280|  220|  106400|  53200|    0|
+-----------------+---------+-----+--------+-------+-----+
|Utilization (%)  |        0|    0|      ~0|     ~0|    0|
+-----------------+---------+-----+--------+-------+-----+

+ Detail: 
    * Instance: 
    N/A

    * DSP: 
    N/A

    * Memory: 
    N/A

    * FIFO: 
    N/A

    * Expression: 
    +---------------------------------------+----------+----+---+----+------------+------------+
    |             Variable Name             | Operation| DSP| FF| LUT| Bitwidth P0| Bitwidth P1|
    +---------------------------------------+----------+----+---+----+------------+------------+
    |x_15_fu_86_p2                          |         +|   0|  0|  11|          11|           1|
    |ap_block_pp0_stage0_01001_grp1         |       and|   0|  0|   1|           1|           1|
    |icmp_ln105_fu_80_p2                    |      icmp|   0|  0|  11|          11|          11|
    |ap_block_state2_pp0_stage0_iter1_grp1  |        or|   0|  0|   1|           1|           1|
    |ap_enable_pp0                          |       xor|   0|  0|   2|           1|           2|
    +---------------------------------------+----------+----+---+----+------------+------------+
    |Total                                  |          |   0|  0|  26|          25|          16|
    +---------------------------------------+----------+----+---+----+------------+------------+

    * Multiplexer: 
    +-------------------------+----+-----------+-----+-----------+
    |           Name          | LUT| Input Size| Bits| Total Bits|
    +-------------------------+----+-----------+-----+-----------+
    |ap_done_int              |   9|          2|    1|          2|
    |ap_enable_reg_pp0_iter1  |   9|          2|    1|          2|
    |ap_sig_allocacmp_x       |   9|          2|   11|         22|
    |srcLayer0Yuv422_blk_n    |   9|          2|    1|          2|
    |srcLayer0Yuv_blk_n       |   9|          2|    1|          2|
    |x_05_fu_48               |   9|          2|   11|         22|
    +-------------------------+----+-----------+-----+-----------+
    |Total                    |  54|         12|   26|         52|
    +-------------------------+----+-----------+-----+-----------+

    * Register: 
    +-------------------------+----+----+-----+-----------+
    |           Name          | FF | LUT| Bits| Const Bits|
    +-------------------------+----+----+-----+-----------+
    |ap_CS_fsm                |   1|   0|    1|          0|
    |ap_done_reg              |   1|   0|    1|          0|
    |ap_enable_reg_pp0_iter1  |   1|   0|    1|          0|
    |x_05_fu_48               |  11|   0|   11|          0|
    +-------------------------+----+----+-----+-----------+
    |Total                    |  14|   0|   14|          0|
    +-------------------------+----+----+-----+-----------+



================================================================
== Interface
================================================================
* Summary: 
+--------------------------------+-----+-----+------------+-----------------------------------------------------+--------------+
|            RTL Ports           | Dir | Bits|  Protocol  |                    Source Object                    |    C Type    |
+--------------------------------+-----+-----+------------+-----------------------------------------------------+--------------+
|ap_clk                          |   in|    1|  ap_ctrl_hs|  v_mix_422_to_444<false>.2_Pipeline_VITIS_LOOP_105_2|  return value|
|ap_rst                          |   in|    1|  ap_ctrl_hs|  v_mix_422_to_444<false>.2_Pipeline_VITIS_LOOP_105_2|  return value|
|ap_start                        |   in|    1|  ap_ctrl_hs|  v_mix_422_to_444<false>.2_Pipeline_VITIS_LOOP_105_2|  return value|
|ap_done                         |  out|    1|  ap_ctrl_hs|  v_mix_422_to_444<false>.2_Pipeline_VITIS_LOOP_105_2|  return value|
|ap_idle                         |  out|    1|  ap_ctrl_hs|  v_mix_422_to_444<false>.2_Pipeline_VITIS_LOOP_105_2|  return value|
|ap_ready                        |  out|    1|  ap_ctrl_hs|  v_mix_422_to_444<false>.2_Pipeline_VITIS_LOOP_105_2|  return value|
|srcLayer0Yuv422_dout            |   in|   24|     ap_fifo|                                      srcLayer0Yuv422|       pointer|
|srcLayer0Yuv422_empty_n         |   in|    1|     ap_fifo|                                      srcLayer0Yuv422|       pointer|
|srcLayer0Yuv422_read            |  out|    1|     ap_fifo|                                      srcLayer0Yuv422|       pointer|
|srcLayer0Yuv422_num_data_valid  |   in|    3|     ap_fifo|                                      srcLayer0Yuv422|       pointer|
|srcLayer0Yuv422_fifo_cap        |   in|    3|     ap_fifo|                                      srcLayer0Yuv422|       pointer|
|srcLayer0Yuv_din                |  out|   24|     ap_fifo|                                         srcLayer0Yuv|       pointer|
|srcLayer0Yuv_full_n             |   in|    1|     ap_fifo|                                         srcLayer0Yuv|       pointer|
|srcLayer0Yuv_write              |  out|    1|     ap_fifo|                                         srcLayer0Yuv|       pointer|
|srcLayer0Yuv_num_data_valid     |   in|   32|     ap_fifo|                                         srcLayer0Yuv|       pointer|
|srcLayer0Yuv_fifo_cap           |   in|   32|     ap_fifo|                                         srcLayer0Yuv|       pointer|
|width                           |   in|   11|   ap_stable|                                                width|        scalar|
+--------------------------------+-----+-----+------------+-----------------------------------------------------+--------------+

