

================================================================
== Vitis HLS Report for 'v_mix_rgb2yuv_false_s'
================================================================
* Date:           Mon Mar 16 15:11:28 2026

* Version:        2025.2 (Build 6295257 on Nov 14 2025)
* Project:        prj
* Solution:       sol (Vivado IP Flow Target)
* Product family: zynq
* Target device:  xc7z020-clg400-2


================================================================
== Performance Estimates
================================================================
+ Timing: 
    * Summary: 
    +--------+---------+----------+------------+
    |  Clock |  Target | Estimated| Uncertainty|
    +--------+---------+----------+------------+
    |ap_clk  |  6.52 ns|  4.761 ns|     1.76 ns|
    +--------+---------+----------+------------+

+ Latency: 
    * Summary: 
    +---------+---------+-----------+-----------+------+---------+---------+
    |  Latency (cycles) |   Latency (absolute)  |    Interval    | Pipeline|
    |   min   |   max   |    min    |    max    |  min |   max   |   Type  |
    +---------+---------+-----------+-----------+------+---------+---------+
    |     4417|  2079001|  28.808 us|  13.559 ms|  4417|  2079001|       no|
    +---------+---------+-----------+-----------+------+---------+---------+

    + Detail: 
        * Instance: 
        +----------------------------------------------------------+------------------------------------------------+---------+---------+----------+-----------+-----+-----+-------------------+
        |                                                          |                                                |  Latency (cycles) |  Latency (absolute)  |  Interval |      Pipeline     |
        |                         Instance                         |                     Module                     |   min   |   max   |    min   |    max    | min | max |        Type       |
        +----------------------------------------------------------+------------------------------------------------+---------+---------+----------+-----------+-----+-----+-------------------+
        |grp_v_mix_rgb2yuv_false_Pipeline_VITIS_LOOP_1042_2_fu_62  |v_mix_rgb2yuv_false_Pipeline_VITIS_LOOP_1042_2  |       66|     1922|  0.430 us|  12.535 us|    0|    0|  loop pipeline stp|
        +----------------------------------------------------------+------------------------------------------------+---------+---------+----------+-----------+-----+-----+-------------------+

        * Loop: 
        +---------------------+---------+---------+-----------+-----------+-----------+-----------+----------+
        |                     |  Latency (cycles) | Iteration |  Initiation Interval  |    Trip   |          |
        |      Loop Name      |   min   |   max   |  Latency  |  achieved |   target  |   Count   | Pipelined|
        +---------------------+---------+---------+-----------+-----------+-----------+-----------+----------+
        |- VITIS_LOOP_1040_1  |     4416|  2079000|  69 ~ 1925|          -|          -|  64 ~ 1080|        no|
        +---------------------+---------+---------+-----------+-----------+-----------+-----------+----------+



================================================================
== Utilization Estimates
================================================================
* Summary: 
+-----------------+---------+-----+--------+-------+-----+
|       Name      | BRAM_18K| DSP |   FF   |  LUT  | URAM|
+-----------------+---------+-----+--------+-------+-----+
|DSP              |        -|    -|       -|      -|    -|
|Expression       |        -|    -|       0|     23|    -|
|FIFO             |        -|    -|       -|      -|    -|
|Instance         |        -|    -|      14|     80|    -|
|Memory           |        -|    -|       -|      -|    -|
|Multiplexer      |        -|    -|       0|     48|    -|
|Register         |        -|    -|      51|      -|    -|
+-----------------+---------+-----+--------+-------+-----+
|Total            |        0|    0|      65|    151|    0|
+-----------------+---------+-----+--------+-------+-----+
|Available        |      280|  220|  106400|  53200|    0|
+-----------------+---------+-----+--------+-------+-----+
|Utilization (%)  |        0|    0|      ~0|     ~0|    0|
+-----------------+---------+-----+--------+-------+-----+

+ Detail: 
    * Instance: 
    +----------------------------------------------------------+------------------------------------------------+---------+----+----+----+-----+
    |                         Instance                         |                     Module                     | BRAM_18K| DSP| FF | LUT| URAM|
    +----------------------------------------------------------+------------------------------------------------+---------+----+----+----+-----+
    |grp_v_mix_rgb2yuv_false_Pipeline_VITIS_LOOP_1042_2_fu_62  |v_mix_rgb2yuv_false_Pipeline_VITIS_LOOP_1042_2  |        0|   0|  14|  80|    0|
    +----------------------------------------------------------+------------------------------------------------+---------+----+----+----+-----+
    |Total                                                     |                                                |        0|   0|  14|  80|    0|
    +----------------------------------------------------------+------------------------------------------------+---------+----+----+----+-----+

    * DSP: 
    N/A

    * Memory: 
    N/A

    * FIFO: 
    N/A

    * Expression: 
    +----------------------+----------+----+---+----+------------+------------+
    |     Variable Name    | Operation| DSP| FF| LUT| Bitwidth P0| Bitwidth P1|
    +----------------------+----------+----+---+----+------------+------------+
    |y_10_fu_84_p2         |         +|   0|  0|  11|          11|           1|
    |icmp_ln1040_fu_79_p2  |      icmp|   0|  0|  11|          11|          11|
    |ap_block_state1       |        or|   0|  0|   1|           1|           1|
    +----------------------+----------+----+---+----+------------+------------+
    |Total                 |          |   0|  0|  23|          23|          13|
    +----------------------+----------+----+---+----+------------+------------+

    * Multiplexer: 
    +------------+----+-----------+-----+-----------+
    |    Name    | LUT| Input Size| Bits| Total Bits|
    +------------+----+-----------+-----+-----------+
    |ap_NS_fsm   |  21|          5|    1|          5|
    |ap_done     |   9|          2|    1|          2|
    |real_start  |   9|          2|    1|          2|
    |y_fu_46     |   9|          2|   11|         22|
    +------------+----+-----------+-----+-----------+
    |Total       |  48|         11|   14|         31|
    +------------+----+-----------+-----+-----------+

    * Register: 
    +-----------------------------------------------------------------------+----+----+-----+-----------+
    |                                  Name                                 | FF | LUT| Bits| Const Bits|
    +-----------------------------------------------------------------------+----+----+-----+-----------+
    |ap_CS_fsm                                                              |   4|   0|    4|          0|
    |ap_done_reg                                                            |   1|   0|    1|          0|
    |grp_v_mix_rgb2yuv_false_Pipeline_VITIS_LOOP_1042_2_fu_62_ap_start_reg  |   1|   0|    1|          0|
    |height_val_read_reg_106                                                |  11|   0|   11|          0|
    |start_once_reg                                                         |   1|   0|    1|          0|
    |width_val_read_reg_101                                                 |  11|   0|   11|          0|
    |y_10_reg_114                                                           |  11|   0|   11|          0|
    |y_fu_46                                                                |  11|   0|   11|          0|
    +-----------------------------------------------------------------------+----+----+-----+-----------+
    |Total                                                                  |  51|   0|   51|          0|
    +-----------------------------------------------------------------------+----+----+-----+-----------+



================================================================
== Interface
================================================================
* Summary: 
+--------------------------+-----+-----+------------+----------------------+--------------+
|         RTL Ports        | Dir | Bits|  Protocol  |     Source Object    |    C Type    |
+--------------------------+-----+-----+------------+----------------------+--------------+
|ap_clk                    |   in|    1|  ap_ctrl_hs|  v_mix_rgb2yuv<false>|  return value|
|ap_rst                    |   in|    1|  ap_ctrl_hs|  v_mix_rgb2yuv<false>|  return value|
|ap_start                  |   in|    1|  ap_ctrl_hs|  v_mix_rgb2yuv<false>|  return value|
|start_full_n              |   in|    1|  ap_ctrl_hs|  v_mix_rgb2yuv<false>|  return value|
|ap_done                   |  out|    1|  ap_ctrl_hs|  v_mix_rgb2yuv<false>|  return value|
|ap_continue               |   in|    1|  ap_ctrl_hs|  v_mix_rgb2yuv<false>|  return value|
|ap_idle                   |  out|    1|  ap_ctrl_hs|  v_mix_rgb2yuv<false>|  return value|
|ap_ready                  |  out|    1|  ap_ctrl_hs|  v_mix_rgb2yuv<false>|  return value|
|start_out                 |  out|    1|  ap_ctrl_hs|  v_mix_rgb2yuv<false>|  return value|
|start_write               |  out|    1|  ap_ctrl_hs|  v_mix_rgb2yuv<false>|  return value|
|outLayer1_dout            |   in|   24|     ap_fifo|             outLayer1|       pointer|
|outLayer1_empty_n         |   in|    1|     ap_fifo|             outLayer1|       pointer|
|outLayer1_read            |  out|    1|     ap_fifo|             outLayer1|       pointer|
|outLayer1_num_data_valid  |   in|    3|     ap_fifo|             outLayer1|       pointer|
|outLayer1_fifo_cap        |   in|    3|     ap_fifo|             outLayer1|       pointer|
|height_val                |   in|   11|   ap_stable|            height_val|        scalar|
|width_val                 |   in|   11|   ap_stable|             width_val|        scalar|
|outYuv_din                |  out|   24|     ap_fifo|                outYuv|       pointer|
|outYuv_full_n             |   in|    1|     ap_fifo|                outYuv|       pointer|
|outYuv_write              |  out|    1|     ap_fifo|                outYuv|       pointer|
|outYuv_num_data_valid     |   in|   32|     ap_fifo|                outYuv|       pointer|
|outYuv_fifo_cap           |   in|   32|     ap_fifo|                outYuv|       pointer|
+--------------------------+-----+-----+------------+----------------------+--------------+

