================================================================
== Design Size Report
================================================================

* Total Instructions per Compilation Phase
+---------------+----------------------------+--------------+----------------------------------------------------------------------------------------+
| Phase         | Step                       | Instructions | Description                                                                            |
+---------------+----------------------------+--------------+----------------------------------------------------------------------------------------+
| Compile/Link  |                            | 2,308        | After all functions are compiled and linked into a single design                       |
|               |                            |              |                                                                                        |
| Unroll/Inline |                            |              | After user unroll and inline pragmas are applied                                       |
|               | (1) unroll                 |   561        | user unroll pragmas are applied                                                        |
|               | (2) simplification         |   348        | simplification of applied user unroll pragmas                                          |
|               | (3) inline                 |   339        | user inline pragmas are applied                                                        |
|               | (4) simplification         |   310        | simplification of applied user inline pragmas                                          |
|               |                            |              |                                                                                        |
| Array/Struct  |                            |              | After user array partition and struct aggregate/disaggregate pragmas are applied       |
|               | (1) array partition        |   296        | user array partition pragmas are applied                                               |
|               | (2) simplification         |   274        | simplification of applied user array partition & struct aggregate/disaggregate pragmas |
|               | (3) aggregate/disaggregate |   277        | user struct aggregate/disaggregate pragmas are applied                                 |
|               | (4) array reshape          |   336        | apply array reshape pragmas                                                            |
|               | (5) access patterns        |   423        | array access pattern optmizations                                                      |
|               |                            |              |                                                                                        |
| Performance   |                            |              | After transformations are applied to meet performance pragma targets                   |
|               | (1) loop simplification    |   402        | loop and instruction simplification                                                    |
|               | (2) parallelization        |   371        | loops are unrolled or pipelined to meet performance targets                            |
|               | (3) array partition        |   335        | arrays are partitioned to meet performance targets                                     |
|               | (4) simplification         |   335        | simplification of design after performance transformations                             |
|               |                            |              |                                                                                        |
| HW Transforms |                            |              | After hardware transfomations                                                          |
|               | (1) lowering               |   315        | initial conversion to HW specific instructions                                         |
|               | (2) optimizations          |   311        | high level synthesis optimizations                                                     |
+---------------+----------------------------+--------------+----------------------------------------------------------------------------------------+

* Instructions per Function for each Compilation Phase
+-----------------------------+----------------------+----------------+---------------+---------------+---------------+---------------+
| Function                    | Location             | Compile/Link   | Unroll/Inline | Array/Struct  | Performance   | HW Transforms |
+-----------------------------+----------------------+----------------+---------------+---------------+---------------+---------------+
| + v_frmbuf_rd               | v_frmbuf_rd.cpp:135  | 2,308          | 310           | 423           | 335           | 311           |
|  + FrmbufRdHlsDataFlow      | v_frmbuf_rd.cpp:78   | 2,201          | 254           | 367           | 291           | 256           |
|     STREAM_PLANES           | v_frmbuf_rd.h:250    |    4           |               |               |               |               |
|     AXIMMvideo2Bytes        | v_frmbuf_rd.cpp:497  |   50           |  34           |  36           |  32           |  41           |
|   + Bytes2MultiPixStream    | v_frmbuf_rd.cpp:686  | 1,308          |  79           | 112           | 107           |  97           |
|      Scalar                 | hls_video_core.h:196 |    5           |               |               |               |               |
|   + MultiPixStream2AXIvideo | v_frmbuf_rd.cpp:302  |  815           | 131           | 209           | 142           | 105           |
|      Scalar                 | hls_video_core.h:196 |    5           |               |               |               |               |
|      reg<unsigned short>    | x_hls_utils.h:222    |    2 (2 calls) |   2 (2 calls) |   2 (2 calls) |   2 (2 calls) |   8 (2 calls) |
+-----------------------------+----------------------+----------------+---------------+---------------+---------------+---------------+

* Design Size Message Settings
+---------------------------------------------+--------+------------------------------------------------------------------+
| Message Setting                             | Value  | Description                                                      |
+---------------------------------------------+--------+------------------------------------------------------------------+
| config_compile -design_size_maximum_warning | 100000 | Show a warning when total design instructions exceeds this value |
+---------------------------------------------+--------+------------------------------------------------------------------+


