

================================================================
== Vitis HLS Report for 'FrmbufWrHlsDataFlow'
================================================================
* Date:           Sun Feb 15 10:42:53 2026

* Version:        2025.2 (Build 6295257 on Nov 14 2025)
* Project:        prj
* Solution:       sol (Vivado IP Flow Target)
* Product family: zynq
* Target device:  xc7z020-clg400-2


================================================================
== Performance Estimates
================================================================
+ Timing: 
    * Summary: 
    +--------+---------+----------+------------+
    |  Clock |  Target | Estimated| Uncertainty|
    +--------+---------+----------+------------+
    |ap_clk  |  6.75 ns|  4.927 ns|     1.82 ns|
    +--------+---------+----------+------------+

+ Latency: 
    * Summary: 
    +---------+---------+----------+-----------+------+---------+----------+
    |  Latency (cycles) |  Latency (absolute)  |    Interval    | Pipeline |
    |   min   |   max   |    min   |    max    |  min |   max   |   Type   |
    +---------+---------+----------+-----------+------+---------+----------+
    |   101232|  1847524|  0.683 ms|  12.471 ms|  7042|  1847524|  dataflow|
    +---------+---------+----------+-----------+------+---------+----------+

    + Detail: 
        * Instance: 
        +----------------------------+-------------------------+---------+---------+-----------+-----------+------+---------+---------+
        |                            |                         |  Latency (cycles) |   Latency (absolute)  |    Interval    | Pipeline|
        |          Instance          |          Module         |   min   |   max   |    min    |    max    |  min |   max   |   Type  |
        +----------------------------+-------------------------+---------+---------+-----------+-----------+------+---------+---------+
        |AXIvideo2MultiPixStream_U0  |AXIvideo2MultiPixStream  |        5|   928805|  33.750 ns|   6.269 ms|     5|   928805|       no|
        |MultiPixStream2Bytes_U0     |MultiPixStream2Bytes     |        1|  1847523|   6.750 ns|  12.471 ms|     1|  1847523|       no|
        |Bytes2AXIMMvideo_U0         |Bytes2AXIMMvideo         |     7041|   771121|  47.527 us|   5.205 ms|  7041|   771121|       no|
        +----------------------------+-------------------------+---------+---------+-----------+-----------+------+---------+---------+

        * Loop: 
        N/A



================================================================
== Utilization Estimates
================================================================
* Summary: 
+-----------------+---------+-----+--------+-------+-----+
|       Name      | BRAM_18K| DSP |   FF   |  LUT  | URAM|
+-----------------+---------+-----+--------+-------+-----+
|DSP              |        -|    -|       -|      -|    -|
|Expression       |        -|    -|       0|      1|    -|
|FIFO             |        4|    -|     264|    163|    -|
|Instance         |        -|    1|     934|   1902|    -|
|Memory           |        -|    -|       -|      -|    -|
|Multiplexer      |        -|    -|       -|      -|    -|
|Register         |        -|    -|       -|      -|    -|
+-----------------+---------+-----+--------+-------+-----+
|Total            |        4|    1|    1198|   2066|    0|
+-----------------+---------+-----+--------+-------+-----+
|Available        |      280|  220|  106400|  53200|    0|
+-----------------+---------+-----+--------+-------+-----+
|Utilization (%)  |        1|   ~0|       1|      3|    0|
+-----------------+---------+-----+--------+-------+-----+

+ Detail: 
    * Instance: 
    +----------------------------+-------------------------+---------+----+-----+-----+-----+
    |          Instance          |          Module         | BRAM_18K| DSP|  FF | LUT | URAM|
    +----------------------------+-------------------------+---------+----+-----+-----+-----+
    |AXIvideo2MultiPixStream_U0  |AXIvideo2MultiPixStream  |        0|   0|  161|  410|    0|
    |Bytes2AXIMMvideo_U0         |Bytes2AXIMMvideo         |        0|   0|  327|  899|    0|
    |MultiPixStream2Bytes_U0     |MultiPixStream2Bytes     |        0|   1|  446|  593|    0|
    +----------------------------+-------------------------+---------+----+-----+-----+-----+
    |Total                       |                         |        0|   1|  934| 1902|    0|
    +----------------------------+-------------------------+---------+----+-----+-----+-----+

    * DSP: 
    N/A

    * Memory: 
    N/A

    * FIFO: 
    +--------------+---------+-----+----+-----+------+-----+---------+
    |     Name     | BRAM_18K|  FF | LUT| URAM| Depth| Bits| Size:D*B|
    +--------------+---------+-----+----+-----+------+-----+---------+
    |bytePlanes_U  |        4|  165|   0|    -|   321|   64|    20544|
    |img_U         |        0|   99|   0|    -|     2|   24|       48|
    +--------------+---------+-----+----+-----+------+-----+---------+
    |Total         |        4|  264|   0|    0|   323|   88|    20592|
    +--------------+---------+-----+----+-----+------+-----+---------+

    * Expression: 
    +--------------+----------+----+---+----+------------+------------+
    | Variable Name| Operation| DSP| FF| LUT| Bitwidth P0| Bitwidth P1|
    +--------------+----------+----+---+----+------------+------------+
    |ap_idle       |       and|   0|  0|   1|           1|           1|
    +--------------+----------+----+---+----+------------+------------+
    |Total         |          |   0|  0|   1|           1|           1|
    +--------------+----------+----+---+----+------------+------------+

    * Multiplexer: 
    N/A

    * Register: 
    N/A



================================================================
== Interface
================================================================
* Summary: 
+---------------------------+-----+-----+------------+-----------------------+--------------+
|         RTL Ports         | Dir | Bits|  Protocol  |     Source Object     |    C Type    |
+---------------------------+-----+-----+------------+-----------------------+--------------+
|s_axis_video_TDATA         |   in|   24|        axis|  s_axis_video_V_data_V|       pointer|
|s_axis_video_TKEEP         |   in|    3|        axis|  s_axis_video_V_keep_V|       pointer|
|s_axis_video_TSTRB         |   in|    3|        axis|  s_axis_video_V_strb_V|       pointer|
|s_axis_video_TUSER         |   in|    1|        axis|  s_axis_video_V_user_V|       pointer|
|s_axis_video_TLAST         |   in|    1|        axis|  s_axis_video_V_last_V|       pointer|
|s_axis_video_TID           |   in|    1|        axis|    s_axis_video_V_id_V|       pointer|
|s_axis_video_TDEST         |   in|    1|        axis|  s_axis_video_V_dest_V|       pointer|
|s_axis_video_TVALID        |   in|    1|        axis|  s_axis_video_V_dest_V|       pointer|
|s_axis_video_TREADY        |  out|    1|        axis|  s_axis_video_V_dest_V|       pointer|
|m_axi_mm_video_0_AWVALID   |  out|    1|       m_axi|               mm_video|       pointer|
|m_axi_mm_video_0_AWREADY   |   in|    1|       m_axi|               mm_video|       pointer|
|m_axi_mm_video_0_AWADDR    |  out|   32|       m_axi|               mm_video|       pointer|
|m_axi_mm_video_0_AWID      |  out|    1|       m_axi|               mm_video|       pointer|
|m_axi_mm_video_0_AWLEN     |  out|   32|       m_axi|               mm_video|       pointer|
|m_axi_mm_video_0_AWSIZE    |  out|    3|       m_axi|               mm_video|       pointer|
|m_axi_mm_video_0_AWBURST   |  out|    2|       m_axi|               mm_video|       pointer|
|m_axi_mm_video_0_AWLOCK    |  out|    2|       m_axi|               mm_video|       pointer|
|m_axi_mm_video_0_AWCACHE   |  out|    4|       m_axi|               mm_video|       pointer|
|m_axi_mm_video_0_AWPROT    |  out|    3|       m_axi|               mm_video|       pointer|
|m_axi_mm_video_0_AWQOS     |  out|    4|       m_axi|               mm_video|       pointer|
|m_axi_mm_video_0_AWREGION  |  out|    4|       m_axi|               mm_video|       pointer|
|m_axi_mm_video_0_AWUSER    |  out|    1|       m_axi|               mm_video|       pointer|
|m_axi_mm_video_0_WVALID    |  out|    1|       m_axi|               mm_video|       pointer|
|m_axi_mm_video_0_WREADY    |   in|    1|       m_axi|               mm_video|       pointer|
|m_axi_mm_video_0_WDATA     |  out|   64|       m_axi|               mm_video|       pointer|
|m_axi_mm_video_0_WSTRB     |  out|    8|       m_axi|               mm_video|       pointer|
|m_axi_mm_video_0_WLAST     |  out|    1|       m_axi|               mm_video|       pointer|
|m_axi_mm_video_0_WID       |  out|    1|       m_axi|               mm_video|       pointer|
|m_axi_mm_video_0_WUSER     |  out|    1|       m_axi|               mm_video|       pointer|
|m_axi_mm_video_0_ARVALID   |  out|    1|       m_axi|               mm_video|       pointer|
|m_axi_mm_video_0_ARREADY   |   in|    1|       m_axi|               mm_video|       pointer|
|m_axi_mm_video_0_ARADDR    |  out|   32|       m_axi|               mm_video|       pointer|
|m_axi_mm_video_0_ARID      |  out|    1|       m_axi|               mm_video|       pointer|
|m_axi_mm_video_0_ARLEN     |  out|   32|       m_axi|               mm_video|       pointer|
|m_axi_mm_video_0_ARSIZE    |  out|    3|       m_axi|               mm_video|       pointer|
|m_axi_mm_video_0_ARBURST   |  out|    2|       m_axi|               mm_video|       pointer|
|m_axi_mm_video_0_ARLOCK    |  out|    2|       m_axi|               mm_video|       pointer|
|m_axi_mm_video_0_ARCACHE   |  out|    4|       m_axi|               mm_video|       pointer|
|m_axi_mm_video_0_ARPROT    |  out|    3|       m_axi|               mm_video|       pointer|
|m_axi_mm_video_0_ARQOS     |  out|    4|       m_axi|               mm_video|       pointer|
|m_axi_mm_video_0_ARREGION  |  out|    4|       m_axi|               mm_video|       pointer|
|m_axi_mm_video_0_ARUSER    |  out|    1|       m_axi|               mm_video|       pointer|
|m_axi_mm_video_0_RVALID    |   in|    1|       m_axi|               mm_video|       pointer|
|m_axi_mm_video_0_RREADY    |  out|    1|       m_axi|               mm_video|       pointer|
|m_axi_mm_video_0_RDATA     |   in|   64|       m_axi|               mm_video|       pointer|
|m_axi_mm_video_0_RLAST     |   in|    1|       m_axi|               mm_video|       pointer|
|m_axi_mm_video_0_RID       |   in|    1|       m_axi|               mm_video|       pointer|
|m_axi_mm_video_0_RFIFONUM  |   in|    9|       m_axi|               mm_video|       pointer|
|m_axi_mm_video_0_RUSER     |   in|    1|       m_axi|               mm_video|       pointer|
|m_axi_mm_video_0_RRESP     |   in|    2|       m_axi|               mm_video|       pointer|
|m_axi_mm_video_0_BVALID    |   in|    1|       m_axi|               mm_video|       pointer|
|m_axi_mm_video_0_BREADY    |  out|    1|       m_axi|               mm_video|       pointer|
|m_axi_mm_video_0_BRESP     |   in|    2|       m_axi|               mm_video|       pointer|
|m_axi_mm_video_0_BID       |   in|    1|       m_axi|               mm_video|       pointer|
|m_axi_mm_video_0_BUSER     |   in|    1|       m_axi|               mm_video|       pointer|
|HwReg_frm_buffer           |   in|   32|     ap_none|       HwReg_frm_buffer|        scalar|
|HwReg_frm_buffer_ap_vld    |   in|    1|     ap_none|       HwReg_frm_buffer|        scalar|
|WidthInBytes_val2          |   in|   13|     ap_none|      WidthInBytes_val2|        scalar|
|WidthInBytes_val2_ap_vld   |   in|    1|     ap_none|      WidthInBytes_val2|        scalar|
|colorFormat_val3           |   in|    3|     ap_none|       colorFormat_val3|        scalar|
|colorFormat_val3_ap_vld    |   in|    1|     ap_none|       colorFormat_val3|        scalar|
|width_val5                 |   in|   11|     ap_none|             width_val5|        scalar|
|width_val5_ap_vld          |   in|    1|     ap_none|             width_val5|        scalar|
|height_val8                |   in|   10|     ap_none|            height_val8|        scalar|
|height_val8_ap_vld         |   in|    1|     ap_none|            height_val8|        scalar|
|stride_val9                |   in|   16|     ap_none|            stride_val9|        scalar|
|stride_val9_ap_vld         |   in|    1|     ap_none|            stride_val9|        scalar|
|video_format_val10         |   in|    6|     ap_none|     video_format_val10|        scalar|
|video_format_val10_ap_vld  |   in|    1|     ap_none|     video_format_val10|        scalar|
|ap_clk                     |   in|    1|  ap_ctrl_hs|    FrmbufWrHlsDataFlow|  return value|
|ap_rst                     |   in|    1|  ap_ctrl_hs|    FrmbufWrHlsDataFlow|  return value|
|ap_start                   |   in|    1|  ap_ctrl_hs|    FrmbufWrHlsDataFlow|  return value|
|ap_done                    |  out|    1|  ap_ctrl_hs|    FrmbufWrHlsDataFlow|  return value|
|ap_ready                   |  out|    1|  ap_ctrl_hs|    FrmbufWrHlsDataFlow|  return value|
|ap_idle                    |  out|    1|  ap_ctrl_hs|    FrmbufWrHlsDataFlow|  return value|
|ap_continue                |   in|    1|  ap_ctrl_hs|    FrmbufWrHlsDataFlow|  return value|
+---------------------------+-----+-----+------------+-----------------------+--------------+

============================================================
+ Verbose Summary: Synthesis Manager
============================================================
InlineROM: 1
ExposeGlobal: 0
============================================================
+ Verbose Summary: CDFG Model
============================================================
IsTopModel: 0
ResetActiveHigh: 1
IsCombinational: 2
IsDatapathOnly: 2
HasWiredReturn: 1
HasMFsm: 0
HasVarLatency: 1
IsPipeline: 0
IsRtlPipelined: 0
IsInstanceOverlapped: 0
IsDontTouch: 0
HasImplIP: 0
IsGatedGlobalClock: 0


============================================================
+ Verbose Summary: Schedule
============================================================
* Number of FSM states : 6
* Pipeline : 0
* Dataflow Pipeline: 1
  DF-Pipeline-0: Size = 6, States = { 1 2 3 4 5 6 }

* FSM state transitions: 
1 --> 2 
2 --> 3 
3 --> 4 
4 --> 5 
5 --> 6 
6 --> 

* FSM state operations: 

State 1 <SV = 0> <Delay = 0.00>
ST_1 : Operation 7 [1/1] (0.00ns)   --->   "%height_val8_read = read i10 @_ssdm_op_Read.ap_auto.i10, i10 %height_val8"   --->   Operation 7 'read' 'height_val8_read' <Predicate = true> <Delay = 0.00>
ST_1 : Operation 8 [1/1] (0.00ns)   --->   "%width_val5_read = read i11 @_ssdm_op_Read.ap_auto.i11, i11 %width_val5"   --->   Operation 8 'read' 'width_val5_read' <Predicate = true> <Delay = 0.00>
ST_1 : Operation 9 [1/1] (0.00ns)   --->   "%colorFormat_val3_read = read i3 @_ssdm_op_Read.ap_auto.i3, i3 %colorFormat_val3"   --->   Operation 9 'read' 'colorFormat_val3_read' <Predicate = true> <Delay = 0.00>
ST_1 : Operation 10 [1/1] (0.00ns)   --->   "%img = alloca i32 1" [C:/Users/Sergey/Documents/Xilinx/z7000_hdmi/HDMI_FBWRRD/HDMI_FBWRRD.runs/top_design_v_frmbuf_wr_0_0_synth_1/prj/sol/.autopilot/db/v_frmbuf_wr.cpp:100]   --->   Operation 10 'alloca' 'img' <Predicate = true> <Delay = 0.00> <CoreInst = "FIFO_SRL">   --->   Core 80 'FIFO_SRL' <Latency = 0> <II = 1> <Delay = 3.40> <Storage> <Opcode : 'read' 'write' 'nbread' 'nbwrite'> <Ports = 0> <Width = 24> <Depth = 2> <FIFO>
ST_1 : Operation 11 [1/1] (0.00ns)   --->   "%bytePlanes = alloca i32 1" [C:/Users/Sergey/Documents/Xilinx/z7000_hdmi/HDMI_FBWRRD/HDMI_FBWRRD.runs/top_design_v_frmbuf_wr_0_0_synth_1/prj/sol/.autopilot/db/v_frmbuf_wr.cpp:104]   --->   Operation 11 'alloca' 'bytePlanes' <Predicate = true> <Delay = 0.00> <CoreInst = "FIFO_BRAM">   --->   Core 78 'FIFO_BRAM' <Latency = 0> <II = 1> <Delay = 3.46> <Storage> <Opcode : 'read' 'write' 'nbread' 'nbwrite'> <Ports = 0> <Width = 64> <Depth = 321> <FIFO>
ST_1 : Operation 12 [2/2] (0.00ns)   --->   "%call_ln126 = call void @AXIvideo2MultiPixStream, i24 %s_axis_video_V_data_V, i3 %s_axis_video_V_keep_V, i3 %s_axis_video_V_strb_V, i1 %s_axis_video_V_user_V, i1 %s_axis_video_V_last_V, i1 %s_axis_video_V_id_V, i1 %s_axis_video_V_dest_V, i24 %img, i10 %height_val8_read, i11 %width_val5_read, i3 %colorFormat_val3_read" [C:/Users/Sergey/Documents/Xilinx/z7000_hdmi/HDMI_FBWRRD/HDMI_FBWRRD.runs/top_design_v_frmbuf_wr_0_0_synth_1/prj/sol/.autopilot/db/v_frmbuf_wr.cpp:126]   --->   Operation 12 'call' 'call_ln126' <Predicate = true> <Delay = 0.00> <CoreType = "Generic">   --->   Generic Core

State 2 <SV = 1> <Delay = 1.41>
ST_2 : Operation 13 [1/2] (1.41ns)   --->   "%call_ln126 = call void @AXIvideo2MultiPixStream, i24 %s_axis_video_V_data_V, i3 %s_axis_video_V_keep_V, i3 %s_axis_video_V_strb_V, i1 %s_axis_video_V_user_V, i1 %s_axis_video_V_last_V, i1 %s_axis_video_V_id_V, i1 %s_axis_video_V_dest_V, i24 %img, i10 %height_val8_read, i11 %width_val5_read, i3 %colorFormat_val3_read" [C:/Users/Sergey/Documents/Xilinx/z7000_hdmi/HDMI_FBWRRD/HDMI_FBWRRD.runs/top_design_v_frmbuf_wr_0_0_synth_1/prj/sol/.autopilot/db/v_frmbuf_wr.cpp:126]   --->   Operation 13 'call' 'call_ln126' <Predicate = true> <Delay = 1.41> <CoreType = "Generic">   --->   Generic Core

State 3 <SV = 2> <Delay = 2.95>
ST_3 : Operation 14 [1/1] (0.00ns)   --->   "%video_format_val10_read = read i6 @_ssdm_op_Read.ap_auto.i6, i6 %video_format_val10"   --->   Operation 14 'read' 'video_format_val10_read' <Predicate = true> <Delay = 0.00>
ST_3 : Operation 15 [1/1] (0.00ns)   --->   "%WidthInBytes_val2_read = read i13 @_ssdm_op_Read.ap_auto.i13, i13 %WidthInBytes_val2"   --->   Operation 15 'read' 'WidthInBytes_val2_read' <Predicate = true> <Delay = 0.00>
ST_3 : Operation 16 [2/2] (2.95ns)   --->   "%call_ln139 = call void @MultiPixStream2Bytes, i24 %img, i64 %bytePlanes, i10 %height_val8_read, i11 %width_val5_read, i13 %WidthInBytes_val2_read, i6 %video_format_val10_read" [C:/Users/Sergey/Documents/Xilinx/z7000_hdmi/HDMI_FBWRRD/HDMI_FBWRRD.runs/top_design_v_frmbuf_wr_0_0_synth_1/prj/sol/.autopilot/db/v_frmbuf_wr.cpp:139]   --->   Operation 16 'call' 'call_ln139' <Predicate = true> <Delay = 2.95> <CoreType = "Generic">   --->   Generic Core

State 4 <SV = 3> <Delay = 0.00>
ST_4 : Operation 17 [1/2] (0.00ns)   --->   "%call_ln139 = call void @MultiPixStream2Bytes, i24 %img, i64 %bytePlanes, i10 %height_val8_read, i11 %width_val5_read, i13 %WidthInBytes_val2_read, i6 %video_format_val10_read" [C:/Users/Sergey/Documents/Xilinx/z7000_hdmi/HDMI_FBWRRD/HDMI_FBWRRD.runs/top_design_v_frmbuf_wr_0_0_synth_1/prj/sol/.autopilot/db/v_frmbuf_wr.cpp:139]   --->   Operation 17 'call' 'call_ln139' <Predicate = true> <Delay = 0.00> <CoreType = "Generic">   --->   Generic Core

State 5 <SV = 4> <Delay = 1.53>
ST_5 : Operation 18 [1/1] (0.00ns)   --->   "%stride_val9_read = read i16 @_ssdm_op_Read.ap_auto.i16, i16 %stride_val9"   --->   Operation 18 'read' 'stride_val9_read' <Predicate = true> <Delay = 0.00>
ST_5 : Operation 19 [1/1] (0.00ns)   --->   "%HwReg_frm_buffer_read = read i32 @_ssdm_op_Read.ap_auto.i32, i32 %HwReg_frm_buffer"   --->   Operation 19 'read' 'HwReg_frm_buffer_read' <Predicate = true> <Delay = 0.00>
ST_5 : Operation 20 [2/2] (1.53ns)   --->   "%call_ln141 = call void @Bytes2AXIMMvideo, i64 %bytePlanes, i64 %mm_video, i32 %HwReg_frm_buffer_read, i10 %height_val8_read, i13 %WidthInBytes_val2_read, i16 %stride_val9_read" [C:/Users/Sergey/Documents/Xilinx/z7000_hdmi/HDMI_FBWRRD/HDMI_FBWRRD.runs/top_design_v_frmbuf_wr_0_0_synth_1/prj/sol/.autopilot/db/v_frmbuf_wr.cpp:141]   --->   Operation 20 'call' 'call_ln141' <Predicate = true> <Delay = 1.53> <CoreType = "Generic">   --->   Generic Core

State 6 <SV = 5> <Delay = 1.41>
ST_6 : Operation 21 [1/1] (0.00ns)   --->   "%specstablecontent_ln0 = specstablecontent void @_ssdm_op_SpecStableContent, i3 %colorFormat_val3, i1 1, void @p_str"   --->   Operation 21 'specstablecontent' 'specstablecontent_ln0' <Predicate = true> <Delay = 0.00>
ST_6 : Operation 22 [1/1] (0.00ns)   --->   "%specstablecontent_ln0 = specstablecontent void @_ssdm_op_SpecStableContent, i13 %WidthInBytes_val2, i1 1, void @p_str"   --->   Operation 22 'specstablecontent' 'specstablecontent_ln0' <Predicate = true> <Delay = 0.00>
ST_6 : Operation 23 [1/1] (0.00ns)   --->   "%specstablecontent_ln0 = specstablecontent void @_ssdm_op_SpecStableContent, i32 %HwReg_frm_buffer, i1 1, void @p_str"   --->   Operation 23 'specstablecontent' 'specstablecontent_ln0' <Predicate = true> <Delay = 0.00>
ST_6 : Operation 24 [1/1] (0.00ns)   --->   "%specdataflowpipeline_ln0 = specdataflowpipeline void @_ssdm_op_SpecDataflowPipeline, i32 4294967295, i32 0, void @empty_21"   --->   Operation 24 'specdataflowpipeline' 'specdataflowpipeline_ln0' <Predicate = true> <Delay = 0.00>
ST_6 : Operation 25 [1/1] (0.00ns)   --->   "%specaxissidechannel_ln0 = specaxissidechannel void @_ssdm_op_SpecAXISSideChannel, i24 %s_axis_video_V_data_V, i3 %s_axis_video_V_keep_V, i3 %s_axis_video_V_strb_V, i1 %s_axis_video_V_user_V, i1 %s_axis_video_V_last_V, i1 %s_axis_video_V_id_V, i1 %s_axis_video_V_dest_V, void @empty_26"   --->   Operation 25 'specaxissidechannel' 'specaxissidechannel_ln0' <Predicate = true> <Delay = 0.00>
ST_6 : Operation 26 [1/1] (0.00ns)   --->   "%specstablecontent_ln0 = specstablecontent void @_ssdm_op_SpecStableContent, i6 %video_format_val10, i1 1, void "   --->   Operation 26 'specstablecontent' 'specstablecontent_ln0' <Predicate = true> <Delay = 0.00>
ST_6 : Operation 27 [1/1] (0.00ns)   --->   "%specstablecontent_ln0 = specstablecontent void @_ssdm_op_SpecStableContent, i16 %stride_val9, i1 1, void "   --->   Operation 27 'specstablecontent' 'specstablecontent_ln0' <Predicate = true> <Delay = 0.00>
ST_6 : Operation 28 [1/1] (0.00ns)   --->   "%specstablecontent_ln0 = specstablecontent void @_ssdm_op_SpecStableContent, i10 %height_val8, i1 1, void "   --->   Operation 28 'specstablecontent' 'specstablecontent_ln0' <Predicate = true> <Delay = 0.00>
ST_6 : Operation 29 [1/1] (0.00ns)   --->   "%specstablecontent_ln0 = specstablecontent void @_ssdm_op_SpecStableContent, i11 %width_val5, i1 1, void "   --->   Operation 29 'specstablecontent' 'specstablecontent_ln0' <Predicate = true> <Delay = 0.00>
ST_6 : Operation 30 [1/1] (0.00ns)   --->   "%specinterface_ln0 = specinterface void @_ssdm_op_SpecInterface, i1 %s_axis_video_V_dest_V, i1 %s_axis_video_V_id_V, i1 %s_axis_video_V_last_V, i1 %s_axis_video_V_user_V, i3 %s_axis_video_V_strb_V, i3 %s_axis_video_V_keep_V, i24 %s_axis_video_V_data_V, void @empty_9, i32 0, i32 0, void @empty_8, i32 0, i32 0, void @empty_21, void @empty_21, void @empty_21, i32 0, i32 0, i32 0, i32 0, void @empty_21, void @empty_21, i32 4294967295, i32 0, i32 0, i32 0"   --->   Operation 30 'specinterface' 'specinterface_ln0' <Predicate = true> <Delay = 0.00>
ST_6 : Operation 31 [1/1] (0.00ns)   --->   "%specinterface_ln0 = specinterface void @_ssdm_op_SpecInterface, i64 %mm_video, void @empty_20, i32 0, i32 0, void @empty_21, i32 100, i32 2073600, void @empty_22, void @empty_23, void @empty_21, i32 16, i32 4, i32 16, i32 16, void @empty_21, void @empty_21, i32 4294967295, i32 0, i32 0, i32 8"   --->   Operation 31 'specinterface' 'specinterface_ln0' <Predicate = true> <Delay = 0.00>
ST_6 : Operation 32 [1/1] (0.00ns)   --->   "%empty = specchannel i32 @_ssdm_op_SpecChannel, void @img_str, i32 1, void @p_str, void @p_str, i32 2, i32 2, i24 %img, i24 %img"   --->   Operation 32 'specchannel' 'empty' <Predicate = true> <Delay = 0.00>
ST_6 : Operation 33 [1/1] (0.00ns)   --->   "%specinterface_ln0 = specinterface void @_ssdm_op_SpecInterface, i24 %img, void @empty_10, i32 0, i32 0, void @empty_21, i32 0, i32 0, void @empty_21, void @empty_21, void @empty_21, i32 0, i32 0, i32 0, i32 0, void @empty_21, void @empty_21, i32 4294967295, i32 0, i32 0, i32 0"   --->   Operation 33 'specinterface' 'specinterface_ln0' <Predicate = true> <Delay = 0.00>
ST_6 : Operation 34 [1/1] (0.00ns)   --->   "%empty_154 = specchannel i32 @_ssdm_op_SpecChannel, void @bytePlanes_str, i32 1, void @p_str, void @p_str, i32 321, i32 321, i64 %bytePlanes, i64 %bytePlanes"   --->   Operation 34 'specchannel' 'empty_154' <Predicate = true> <Delay = 0.00>
ST_6 : Operation 35 [1/1] (0.00ns)   --->   "%specinterface_ln0 = specinterface void @_ssdm_op_SpecInterface, i64 %bytePlanes, void @empty_10, i32 0, i32 0, void @empty_21, i32 0, i32 0, void @empty_21, void @empty_21, void @empty_21, i32 0, i32 0, i32 0, i32 0, void @empty_21, void @empty_21, i32 4294967295, i32 0, i32 0, i32 0"   --->   Operation 35 'specinterface' 'specinterface_ln0' <Predicate = true> <Delay = 0.00>
ST_6 : Operation 36 [1/1] (0.00ns)   --->   "%specmemcore_ln120 = specmemcore void @_ssdm_op_SpecMemCore, i64 %bytePlanes, i64 666, i64 8, i64 18446744073709551615, i1 0" [C:/Users/Sergey/Documents/Xilinx/z7000_hdmi/HDMI_FBWRRD/HDMI_FBWRRD.runs/top_design_v_frmbuf_wr_0_0_synth_1/prj/sol/.autopilot/db/v_frmbuf_wr.cpp:120]   --->   Operation 36 'specmemcore' 'specmemcore_ln120' <Predicate = true> <Delay = 0.00>
ST_6 : Operation 37 [1/2] (1.41ns)   --->   "%call_ln141 = call void @Bytes2AXIMMvideo, i64 %bytePlanes, i64 %mm_video, i32 %HwReg_frm_buffer_read, i10 %height_val8_read, i13 %WidthInBytes_val2_read, i16 %stride_val9_read" [C:/Users/Sergey/Documents/Xilinx/z7000_hdmi/HDMI_FBWRRD/HDMI_FBWRRD.runs/top_design_v_frmbuf_wr_0_0_synth_1/prj/sol/.autopilot/db/v_frmbuf_wr.cpp:141]   --->   Operation 37 'call' 'call_ln141' <Predicate = true> <Delay = 1.41> <CoreType = "Generic">   --->   Generic Core
ST_6 : Operation 38 [1/1] (0.00ns)   --->   "%ret_ln149 = ret" [C:/Users/Sergey/Documents/Xilinx/z7000_hdmi/HDMI_FBWRRD/HDMI_FBWRRD.runs/top_design_v_frmbuf_wr_0_0_synth_1/prj/sol/.autopilot/db/v_frmbuf_wr.cpp:149]   --->   Operation 38 'ret' 'ret_ln149' <Predicate = true> <Delay = 0.00>


============================================================
+ Verbose Summary: Binding
============================================================
STG Binding: 
---------------- STG Properties BEGIN ----------------
- Is combinational: 0
- Is one-state seq: 0
- Is datapath-only: 0
- Is pipelined: 0
- Is top level: 0
Port [ Return ] is wired: 1; IO mode=ap_ctrl_hs:ce=0
Port [ s_axis_video_V_data_V]:  wired=1; compound=1; hidden=0; nouse=0; global=0; static=0; extern=0; dir=0; type=0; pingpong=0; private_global=0; IO mode=axis:ce=0
Port [ s_axis_video_V_keep_V]:  wired=1; compound=1; hidden=0; nouse=0; global=0; static=0; extern=0; dir=0; type=0; pingpong=0; private_global=0; IO mode=axis:ce=0
Port [ s_axis_video_V_strb_V]:  wired=1; compound=1; hidden=0; nouse=0; global=0; static=0; extern=0; dir=0; type=0; pingpong=0; private_global=0; IO mode=axis:ce=0
Port [ s_axis_video_V_user_V]:  wired=1; compound=1; hidden=0; nouse=0; global=0; static=0; extern=0; dir=0; type=0; pingpong=0; private_global=0; IO mode=axis:ce=0
Port [ s_axis_video_V_last_V]:  wired=1; compound=1; hidden=0; nouse=0; global=0; static=0; extern=0; dir=0; type=0; pingpong=0; private_global=0; IO mode=axis:ce=0
Port [ s_axis_video_V_id_V]:  wired=1; compound=1; hidden=0; nouse=0; global=0; static=0; extern=0; dir=0; type=0; pingpong=0; private_global=0; IO mode=axis:ce=0
Port [ s_axis_video_V_dest_V]:  wired=1; compound=1; hidden=0; nouse=0; global=0; static=0; extern=0; dir=0; type=0; pingpong=0; private_global=0; IO mode=axis:ce=0
Port [ mm_video]:  wired=1; compound=1; hidden=0; nouse=0; global=0; static=0; extern=0; dir=1; type=4; pingpong=0; private_global=0; IO mode=m_axi:ce=0
Port [ HwReg_frm_buffer]:  wired=1; compound=0; hidden=0; nouse=0; global=0; static=0; extern=0; dir=0; type=0; pingpong=0; private_global=0; IO mode=ap_none:ce=0
Port [ WidthInBytes_val2]:  wired=1; compound=0; hidden=0; nouse=0; global=0; static=0; extern=0; dir=0; type=0; pingpong=0; private_global=0; IO mode=ap_none:ce=0
Port [ colorFormat_val3]:  wired=1; compound=0; hidden=0; nouse=0; global=0; static=0; extern=0; dir=0; type=0; pingpong=0; private_global=0; IO mode=ap_none:ce=0
Port [ width_val5]:  wired=1; compound=0; hidden=0; nouse=0; global=0; static=0; extern=0; dir=0; type=0; pingpong=0; private_global=0; IO mode=ap_none:ce=0
Port [ height_val8]:  wired=1; compound=0; hidden=0; nouse=0; global=0; static=0; extern=0; dir=0; type=0; pingpong=0; private_global=0; IO mode=ap_none:ce=0
Port [ stride_val9]:  wired=1; compound=0; hidden=0; nouse=0; global=0; static=0; extern=0; dir=0; type=0; pingpong=0; private_global=0; IO mode=ap_none:ce=0
Port [ video_format_val10]:  wired=1; compound=0; hidden=0; nouse=0; global=0; static=0; extern=0; dir=0; type=0; pingpong=0; private_global=0; IO mode=ap_none:ce=0
---------------- STG Properties END ------------------

---------------- Datapath Model BEGIN ----------------

<LifeTime>
<method=bitvector/>
height_val8_read         (read                ) [ 0011111]
width_val5_read          (read                ) [ 0011100]
colorFormat_val3_read    (read                ) [ 0010000]
img                      (alloca              ) [ 0111111]
bytePlanes               (alloca              ) [ 0011111]
call_ln126               (call                ) [ 0000000]
video_format_val10_read  (read                ) [ 0000100]
WidthInBytes_val2_read   (read                ) [ 0000111]
call_ln139               (call                ) [ 0000000]
stride_val9_read         (read                ) [ 0000001]
HwReg_frm_buffer_read    (read                ) [ 0000001]
specstablecontent_ln0    (specstablecontent   ) [ 0000000]
specstablecontent_ln0    (specstablecontent   ) [ 0000000]
specstablecontent_ln0    (specstablecontent   ) [ 0000000]
specdataflowpipeline_ln0 (specdataflowpipeline) [ 0000000]
specaxissidechannel_ln0  (specaxissidechannel ) [ 0000000]
specstablecontent_ln0    (specstablecontent   ) [ 0000000]
specstablecontent_ln0    (specstablecontent   ) [ 0000000]
specstablecontent_ln0    (specstablecontent   ) [ 0000000]
specstablecontent_ln0    (specstablecontent   ) [ 0000000]
specinterface_ln0        (specinterface       ) [ 0000000]
specinterface_ln0        (specinterface       ) [ 0000000]
empty                    (specchannel         ) [ 0000000]
specinterface_ln0        (specinterface       ) [ 0000000]
empty_154                (specchannel         ) [ 0000000]
specinterface_ln0        (specinterface       ) [ 0000000]
specmemcore_ln120        (specmemcore         ) [ 0000000]
call_ln141               (call                ) [ 0000000]
ret_ln149                (ret                 ) [ 0000000]
</LifeTime>

<model>

<comp_list>
<comp id="0" class="1000" name="s_axis_video_V_data_V">
<pin_list>
<pin id="1" dir="1" index="0" bw="1" slack="0"/>
</pin_list>
<bind>
<StgValue><ssdm name="s_axis_video_V_data_V"/></StgValue>
</bind>
</comp>

<comp id="2" class="1000" name="s_axis_video_V_keep_V">
<pin_list>
<pin id="3" dir="1" index="0" bw="1" slack="0"/>
</pin_list>
<bind>
<StgValue><ssdm name="s_axis_video_V_keep_V"/></StgValue>
</bind>
</comp>

<comp id="4" class="1000" name="s_axis_video_V_strb_V">
<pin_list>
<pin id="5" dir="1" index="0" bw="1" slack="0"/>
</pin_list>
<bind>
<StgValue><ssdm name="s_axis_video_V_strb_V"/></StgValue>
</bind>
</comp>

<comp id="6" class="1000" name="s_axis_video_V_user_V">
<pin_list>
<pin id="7" dir="1" index="0" bw="1" slack="0"/>
</pin_list>
<bind>
<StgValue><ssdm name="s_axis_video_V_user_V"/></StgValue>
</bind>
</comp>

<comp id="8" class="1000" name="s_axis_video_V_last_V">
<pin_list>
<pin id="9" dir="1" index="0" bw="1" slack="0"/>
</pin_list>
<bind>
<StgValue><ssdm name="s_axis_video_V_last_V"/></StgValue>
</bind>
</comp>

<comp id="10" class="1000" name="s_axis_video_V_id_V">
<pin_list>
<pin id="11" dir="1" index="0" bw="1" slack="0"/>
</pin_list>
<bind>
<StgValue><ssdm name="s_axis_video_V_id_V"/></StgValue>
</bind>
</comp>

<comp id="12" class="1000" name="s_axis_video_V_dest_V">
<pin_list>
<pin id="13" dir="1" index="0" bw="1" slack="0"/>
</pin_list>
<bind>
<StgValue><ssdm name="s_axis_video_V_dest_V"/></StgValue>
</bind>
</comp>

<comp id="14" class="1000" name="mm_video">
<pin_list>
<pin id="15" dir="1" index="0" bw="1" slack="0"/>
</pin_list>
<bind>
<StgValue><ssdm name="mm_video"/><MemPortTyVec>1 </MemPortTyVec>
</StgValue>
</bind>
</comp>

<comp id="16" class="1000" name="HwReg_frm_buffer">
<pin_list>
<pin id="17" dir="1" index="0" bw="1" slack="0"/>
</pin_list>
<bind>
<StgValue><ssdm name="HwReg_frm_buffer"/></StgValue>
</bind>
</comp>

<comp id="18" class="1000" name="WidthInBytes_val2">
<pin_list>
<pin id="19" dir="1" index="0" bw="1" slack="0"/>
</pin_list>
<bind>
<StgValue><ssdm name="WidthInBytes_val2"/></StgValue>
</bind>
</comp>

<comp id="20" class="1000" name="colorFormat_val3">
<pin_list>
<pin id="21" dir="1" index="0" bw="1" slack="0"/>
</pin_list>
<bind>
<StgValue><ssdm name="colorFormat_val3"/></StgValue>
</bind>
</comp>

<comp id="22" class="1000" name="width_val5">
<pin_list>
<pin id="23" dir="1" index="0" bw="1" slack="0"/>
</pin_list>
<bind>
<StgValue><ssdm name="width_val5"/></StgValue>
</bind>
</comp>

<comp id="24" class="1000" name="height_val8">
<pin_list>
<pin id="25" dir="1" index="0" bw="1" slack="0"/>
</pin_list>
<bind>
<StgValue><ssdm name="height_val8"/></StgValue>
</bind>
</comp>

<comp id="26" class="1000" name="stride_val9">
<pin_list>
<pin id="27" dir="1" index="0" bw="1" slack="0"/>
</pin_list>
<bind>
<StgValue><ssdm name="stride_val9"/></StgValue>
</bind>
</comp>

<comp id="28" class="1000" name="video_format_val10">
<pin_list>
<pin id="29" dir="1" index="0" bw="1" slack="0"/>
</pin_list>
<bind>
<StgValue><ssdm name="video_format_val10"/></StgValue>
</bind>
</comp>

<comp id="30" class="1001" name="const_30">
<pin_list>
<pin id="31" dir="1" index="0" bw="1" slack="0"/>
</pin_list>
<bind>
<StgValue><ssdm name="_ssdm_op_Read.ap_auto.i10"/></StgValue>
</bind>
</comp>

<comp id="32" class="1001" name="const_32">
<pin_list>
<pin id="33" dir="1" index="0" bw="1" slack="0"/>
</pin_list>
<bind>
<StgValue><ssdm name="_ssdm_op_Read.ap_auto.i11"/></StgValue>
</bind>
</comp>

<comp id="34" class="1001" name="const_34">
<pin_list>
<pin id="35" dir="1" index="0" bw="1" slack="0"/>
</pin_list>
<bind>
<StgValue><ssdm name="_ssdm_op_Read.ap_auto.i3"/></StgValue>
</bind>
</comp>

<comp id="36" class="1001" name="const_36">
<pin_list>
<pin id="37" dir="1" index="0" bw="1" slack="0"/>
</pin_list>
<bind>
<StgValue><ssdm name=""/></StgValue>
</bind>
</comp>

<comp id="38" class="1001" name="const_38">
<pin_list>
<pin id="39" dir="1" index="0" bw="1" slack="0"/>
</pin_list>
<bind>
<StgValue><ssdm name="AXIvideo2MultiPixStream"/></StgValue>
</bind>
</comp>

<comp id="40" class="1001" name="const_40">
<pin_list>
<pin id="41" dir="1" index="0" bw="1" slack="0"/>
</pin_list>
<bind>
<StgValue><ssdm name="_ssdm_op_Read.ap_auto.i6"/></StgValue>
</bind>
</comp>

<comp id="42" class="1001" name="const_42">
<pin_list>
<pin id="43" dir="1" index="0" bw="1" slack="0"/>
</pin_list>
<bind>
<StgValue><ssdm name="_ssdm_op_Read.ap_auto.i13"/></StgValue>
</bind>
</comp>

<comp id="44" class="1001" name="const_44">
<pin_list>
<pin id="45" dir="1" index="0" bw="1" slack="0"/>
</pin_list>
<bind>
<StgValue><ssdm name="MultiPixStream2Bytes"/></StgValue>
</bind>
</comp>

<comp id="46" class="1001" name="const_46">
<pin_list>
<pin id="47" dir="1" index="0" bw="1" slack="0"/>
</pin_list>
<bind>
<StgValue><ssdm name="_ssdm_op_Read.ap_auto.i16"/></StgValue>
</bind>
</comp>

<comp id="48" class="1001" name="const_48">
<pin_list>
<pin id="49" dir="1" index="0" bw="1" slack="0"/>
</pin_list>
<bind>
<StgValue><ssdm name="_ssdm_op_Read.ap_auto.i32"/></StgValue>
</bind>
</comp>

<comp id="50" class="1001" name="const_50">
<pin_list>
<pin id="51" dir="1" index="0" bw="1" slack="0"/>
</pin_list>
<bind>
<StgValue><ssdm name="Bytes2AXIMMvideo"/></StgValue>
</bind>
</comp>

<comp id="52" class="1001" name="const_52">
<pin_list>
<pin id="53" dir="1" index="0" bw="1" slack="2147483647"/>
</pin_list>
<bind>
<StgValue><ssdm name="_ssdm_op_SpecStableContent"/></StgValue>
</bind>
</comp>

<comp id="54" class="1001" name="const_54">
<pin_list>
<pin id="55" dir="1" index="0" bw="1" slack="2147483647"/>
</pin_list>
<bind>
<StgValue><ssdm name=""/></StgValue>
</bind>
</comp>

<comp id="56" class="1001" name="const_56">
<pin_list>
<pin id="57" dir="1" index="0" bw="1" slack="2147483647"/>
</pin_list>
<bind>
<StgValue><ssdm name="p_str"/></StgValue>
</bind>
</comp>

<comp id="58" class="1001" name="const_58">
<pin_list>
<pin id="59" dir="1" index="0" bw="1" slack="2147483647"/>
</pin_list>
<bind>
<StgValue><ssdm name="_ssdm_op_SpecDataflowPipeline"/></StgValue>
</bind>
</comp>

<comp id="60" class="1001" name="const_60">
<pin_list>
<pin id="61" dir="1" index="0" bw="1" slack="2147483647"/>
</pin_list>
<bind>
<StgValue><ssdm name=""/></StgValue>
</bind>
</comp>

<comp id="62" class="1001" name="const_62">
<pin_list>
<pin id="63" dir="1" index="0" bw="1" slack="2147483647"/>
</pin_list>
<bind>
<StgValue><ssdm name=""/></StgValue>
</bind>
</comp>

<comp id="64" class="1001" name="const_64">
<pin_list>
<pin id="65" dir="1" index="0" bw="1" slack="2147483647"/>
</pin_list>
<bind>
<StgValue><ssdm name="empty_21"/></StgValue>
</bind>
</comp>

<comp id="66" class="1001" name="const_66">
<pin_list>
<pin id="67" dir="1" index="0" bw="1" slack="2147483647"/>
</pin_list>
<bind>
<StgValue><ssdm name="_ssdm_op_SpecAXISSideChannel"/></StgValue>
</bind>
</comp>

<comp id="68" class="1001" name="const_68">
<pin_list>
<pin id="69" dir="1" index="0" bw="1" slack="2147483647"/>
</pin_list>
<bind>
<StgValue><ssdm name="empty_26"/></StgValue>
</bind>
</comp>

<comp id="70" class="1001" name="const_70">
<pin_list>
<pin id="71" dir="1" index="0" bw="1" slack="2147483647"/>
</pin_list>
<bind>
<StgValue><ssdm name=""/></StgValue>
</bind>
</comp>

<comp id="72" class="1001" name="const_72">
<pin_list>
<pin id="73" dir="1" index="0" bw="1" slack="2147483647"/>
</pin_list>
<bind>
<StgValue><ssdm name="_ssdm_op_SpecInterface"/></StgValue>
</bind>
</comp>

<comp id="74" class="1001" name="const_74">
<pin_list>
<pin id="75" dir="1" index="0" bw="1" slack="2147483647"/>
</pin_list>
<bind>
<StgValue><ssdm name="empty_9"/></StgValue>
</bind>
</comp>

<comp id="76" class="1001" name="const_76">
<pin_list>
<pin id="77" dir="1" index="0" bw="1" slack="2147483647"/>
</pin_list>
<bind>
<StgValue><ssdm name="empty_8"/></StgValue>
</bind>
</comp>

<comp id="78" class="1001" name="const_78">
<pin_list>
<pin id="79" dir="1" index="0" bw="1" slack="2147483647"/>
</pin_list>
<bind>
<StgValue><ssdm name="empty_20"/></StgValue>
</bind>
</comp>

<comp id="80" class="1001" name="const_80">
<pin_list>
<pin id="81" dir="1" index="0" bw="1" slack="2147483647"/>
</pin_list>
<bind>
<StgValue><ssdm name=""/></StgValue>
</bind>
</comp>

<comp id="82" class="1001" name="const_82">
<pin_list>
<pin id="83" dir="1" index="0" bw="1" slack="2147483647"/>
</pin_list>
<bind>
<StgValue><ssdm name=""/></StgValue>
</bind>
</comp>

<comp id="84" class="1001" name="const_84">
<pin_list>
<pin id="85" dir="1" index="0" bw="1" slack="2147483647"/>
</pin_list>
<bind>
<StgValue><ssdm name="empty_22"/></StgValue>
</bind>
</comp>

<comp id="86" class="1001" name="const_86">
<pin_list>
<pin id="87" dir="1" index="0" bw="1" slack="2147483647"/>
</pin_list>
<bind>
<StgValue><ssdm name="empty_23"/></StgValue>
</bind>
</comp>

<comp id="88" class="1001" name="const_88">
<pin_list>
<pin id="89" dir="1" index="0" bw="1" slack="2147483647"/>
</pin_list>
<bind>
<StgValue><ssdm name=""/></StgValue>
</bind>
</comp>

<comp id="90" class="1001" name="const_90">
<pin_list>
<pin id="91" dir="1" index="0" bw="1" slack="2147483647"/>
</pin_list>
<bind>
<StgValue><ssdm name=""/></StgValue>
</bind>
</comp>

<comp id="92" class="1001" name="const_92">
<pin_list>
<pin id="93" dir="1" index="0" bw="1" slack="2147483647"/>
</pin_list>
<bind>
<StgValue><ssdm name=""/></StgValue>
</bind>
</comp>

<comp id="94" class="1001" name="const_94">
<pin_list>
<pin id="95" dir="1" index="0" bw="1" slack="2147483647"/>
</pin_list>
<bind>
<StgValue><ssdm name="_ssdm_op_SpecChannel"/></StgValue>
</bind>
</comp>

<comp id="96" class="1001" name="const_96">
<pin_list>
<pin id="97" dir="1" index="0" bw="1" slack="2147483647"/>
</pin_list>
<bind>
<StgValue><ssdm name="img_str"/></StgValue>
</bind>
</comp>

<comp id="98" class="1001" name="const_98">
<pin_list>
<pin id="99" dir="1" index="0" bw="1" slack="2147483647"/>
</pin_list>
<bind>
<StgValue><ssdm name=""/></StgValue>
</bind>
</comp>

<comp id="100" class="1001" name="const_100">
<pin_list>
<pin id="101" dir="1" index="0" bw="1" slack="2147483647"/>
</pin_list>
<bind>
<StgValue><ssdm name="empty_10"/></StgValue>
</bind>
</comp>

<comp id="102" class="1001" name="const_102">
<pin_list>
<pin id="103" dir="1" index="0" bw="1" slack="2147483647"/>
</pin_list>
<bind>
<StgValue><ssdm name="bytePlanes_str"/></StgValue>
</bind>
</comp>

<comp id="104" class="1001" name="const_104">
<pin_list>
<pin id="105" dir="1" index="0" bw="1" slack="2147483647"/>
</pin_list>
<bind>
<StgValue><ssdm name=""/></StgValue>
</bind>
</comp>

<comp id="106" class="1001" name="const_106">
<pin_list>
<pin id="107" dir="1" index="0" bw="1" slack="2147483647"/>
</pin_list>
<bind>
<StgValue><ssdm name="_ssdm_op_SpecMemCore"/></StgValue>
</bind>
</comp>

<comp id="108" class="1001" name="const_108">
<pin_list>
<pin id="109" dir="1" index="0" bw="1" slack="2147483647"/>
</pin_list>
<bind>
<StgValue><ssdm name=""/></StgValue>
</bind>
</comp>

<comp id="110" class="1001" name="const_110">
<pin_list>
<pin id="111" dir="1" index="0" bw="1" slack="2147483647"/>
</pin_list>
<bind>
<StgValue><ssdm name=""/></StgValue>
</bind>
</comp>

<comp id="112" class="1001" name="const_112">
<pin_list>
<pin id="113" dir="1" index="0" bw="1" slack="2147483647"/>
</pin_list>
<bind>
<StgValue><ssdm name=""/></StgValue>
</bind>
</comp>

<comp id="114" class="1001" name="const_114">
<pin_list>
<pin id="115" dir="1" index="0" bw="1" slack="2147483647"/>
</pin_list>
<bind>
<StgValue><ssdm name=""/></StgValue>
</bind>
</comp>

<comp id="116" class="1004" name="img_fu_116">
<pin_list>
<pin id="117" dir="0" index="0" bw="1" slack="0"/>
<pin id="118" dir="1" index="1" bw="24" slack="0"/>
</pin_list>
<bind>
<opcode="alloca(26) " fcode="alloca"/>
<opset="img/1 "/>
</bind>
</comp>

<comp id="120" class="1004" name="bytePlanes_fu_120">
<pin_list>
<pin id="121" dir="0" index="0" bw="1" slack="0"/>
<pin id="122" dir="1" index="1" bw="64" slack="2"/>
</pin_list>
<bind>
<opcode="alloca(26) " fcode="alloca"/>
<opset="bytePlanes/1 "/>
</bind>
</comp>

<comp id="124" class="1004" name="height_val8_read_read_fu_124">
<pin_list>
<pin id="125" dir="0" index="0" bw="10" slack="0"/>
<pin id="126" dir="0" index="1" bw="10" slack="0"/>
<pin id="127" dir="1" index="2" bw="10" slack="0"/>
</pin_list>
<bind>
<opcode="read(1150) " fcode="read"/>
<opset="height_val8_read/1 "/>
</bind>
</comp>

<comp id="130" class="1004" name="width_val5_read_read_fu_130">
<pin_list>
<pin id="131" dir="0" index="0" bw="11" slack="0"/>
<pin id="132" dir="0" index="1" bw="11" slack="0"/>
<pin id="133" dir="1" index="2" bw="11" slack="0"/>
</pin_list>
<bind>
<opcode="read(1150) " fcode="read"/>
<opset="width_val5_read/1 "/>
</bind>
</comp>

<comp id="136" class="1004" name="colorFormat_val3_read_read_fu_136">
<pin_list>
<pin id="137" dir="0" index="0" bw="3" slack="0"/>
<pin id="138" dir="0" index="1" bw="3" slack="0"/>
<pin id="139" dir="1" index="2" bw="3" slack="0"/>
</pin_list>
<bind>
<opcode="read(1150) " fcode="read"/>
<opset="colorFormat_val3_read/1 "/>
</bind>
</comp>

<comp id="142" class="1004" name="video_format_val10_read_read_fu_142">
<pin_list>
<pin id="143" dir="0" index="0" bw="6" slack="0"/>
<pin id="144" dir="0" index="1" bw="6" slack="0"/>
<pin id="145" dir="1" index="2" bw="6" slack="0"/>
</pin_list>
<bind>
<opcode="read(1150) " fcode="read"/>
<opset="video_format_val10_read/3 "/>
</bind>
</comp>

<comp id="148" class="1004" name="WidthInBytes_val2_read_read_fu_148">
<pin_list>
<pin id="149" dir="0" index="0" bw="13" slack="0"/>
<pin id="150" dir="0" index="1" bw="13" slack="0"/>
<pin id="151" dir="1" index="2" bw="13" slack="0"/>
</pin_list>
<bind>
<opcode="read(1150) " fcode="read"/>
<opset="WidthInBytes_val2_read/3 "/>
</bind>
</comp>

<comp id="154" class="1004" name="stride_val9_read_read_fu_154">
<pin_list>
<pin id="155" dir="0" index="0" bw="16" slack="0"/>
<pin id="156" dir="0" index="1" bw="16" slack="0"/>
<pin id="157" dir="1" index="2" bw="16" slack="0"/>
</pin_list>
<bind>
<opcode="read(1150) " fcode="read"/>
<opset="stride_val9_read/5 "/>
</bind>
</comp>

<comp id="160" class="1004" name="HwReg_frm_buffer_read_read_fu_160">
<pin_list>
<pin id="161" dir="0" index="0" bw="32" slack="0"/>
<pin id="162" dir="0" index="1" bw="32" slack="0"/>
<pin id="163" dir="1" index="2" bw="32" slack="0"/>
</pin_list>
<bind>
<opcode="read(1150) " fcode="read"/>
<opset="HwReg_frm_buffer_read/5 "/>
</bind>
</comp>

<comp id="166" class="1004" name="grp_AXIvideo2MultiPixStream_fu_166">
<pin_list>
<pin id="167" dir="0" index="0" bw="0" slack="0"/>
<pin id="168" dir="0" index="1" bw="24" slack="0"/>
<pin id="169" dir="0" index="2" bw="3" slack="0"/>
<pin id="170" dir="0" index="3" bw="3" slack="0"/>
<pin id="171" dir="0" index="4" bw="1" slack="0"/>
<pin id="172" dir="0" index="5" bw="1" slack="0"/>
<pin id="173" dir="0" index="6" bw="1" slack="0"/>
<pin id="174" dir="0" index="7" bw="1" slack="0"/>
<pin id="175" dir="0" index="8" bw="24" slack="0"/>
<pin id="176" dir="0" index="9" bw="10" slack="0"/>
<pin id="177" dir="0" index="10" bw="11" slack="0"/>
<pin id="178" dir="0" index="11" bw="3" slack="0"/>
<pin id="179" dir="1" index="12" bw="0" slack="2147483647"/>
</pin_list>
<bind>
<opcode="call(48) " fcode="call"/>
<opset="call_ln126/1 "/>
</bind>
</comp>

<comp id="191" class="1004" name="grp_MultiPixStream2Bytes_fu_191">
<pin_list>
<pin id="192" dir="0" index="0" bw="0" slack="0"/>
<pin id="193" dir="0" index="1" bw="24" slack="2"/>
<pin id="194" dir="0" index="2" bw="64" slack="2"/>
<pin id="195" dir="0" index="3" bw="10" slack="2"/>
<pin id="196" dir="0" index="4" bw="11" slack="2"/>
<pin id="197" dir="0" index="5" bw="13" slack="0"/>
<pin id="198" dir="0" index="6" bw="6" slack="0"/>
<pin id="199" dir="1" index="7" bw="0" slack="2147483647"/>
</pin_list>
<bind>
<opcode="call(48) " fcode="call"/>
<opset="call_ln139/3 "/>
</bind>
</comp>

<comp id="203" class="1004" name="grp_Bytes2AXIMMvideo_fu_203">
<pin_list>
<pin id="204" dir="0" index="0" bw="0" slack="0"/>
<pin id="205" dir="0" index="1" bw="64" slack="4"/>
<pin id="206" dir="0" index="2" bw="64" slack="0"/>
<pin id="207" dir="0" index="3" bw="32" slack="0"/>
<pin id="208" dir="0" index="4" bw="10" slack="4"/>
<pin id="209" dir="0" index="5" bw="13" slack="2"/>
<pin id="210" dir="0" index="6" bw="16" slack="0"/>
<pin id="211" dir="1" index="7" bw="0" slack="2147483647"/>
</pin_list>
<bind>
<opcode="call(48) " fcode="call"/>
<opset="call_ln141/5 "/>
</bind>
</comp>

<comp id="216" class="1005" name="height_val8_read_reg_216">
<pin_list>
<pin id="217" dir="0" index="0" bw="10" slack="1"/>
<pin id="218" dir="1" index="1" bw="10" slack="1"/>
</pin_list>
<bind>
<opset="height_val8_read "/>
</bind>
</comp>

<comp id="223" class="1005" name="width_val5_read_reg_223">
<pin_list>
<pin id="224" dir="0" index="0" bw="11" slack="1"/>
<pin id="225" dir="1" index="1" bw="11" slack="1"/>
</pin_list>
<bind>
<opset="width_val5_read "/>
</bind>
</comp>

<comp id="229" class="1005" name="colorFormat_val3_read_reg_229">
<pin_list>
<pin id="230" dir="0" index="0" bw="3" slack="1"/>
<pin id="231" dir="1" index="1" bw="3" slack="1"/>
</pin_list>
<bind>
<opset="colorFormat_val3_read "/>
</bind>
</comp>

<comp id="234" class="1005" name="img_reg_234">
<pin_list>
<pin id="235" dir="0" index="0" bw="24" slack="0"/>
<pin id="236" dir="1" index="1" bw="24" slack="0"/>
</pin_list>
<bind>
<opset="img "/>
</bind>
</comp>

<comp id="240" class="1005" name="bytePlanes_reg_240">
<pin_list>
<pin id="241" dir="0" index="0" bw="64" slack="2"/>
<pin id="242" dir="1" index="1" bw="64" slack="2"/>
</pin_list>
<bind>
<opset="bytePlanes "/>
</bind>
</comp>

<comp id="246" class="1005" name="video_format_val10_read_reg_246">
<pin_list>
<pin id="247" dir="0" index="0" bw="6" slack="1"/>
<pin id="248" dir="1" index="1" bw="6" slack="1"/>
</pin_list>
<bind>
<opset="video_format_val10_read "/>
</bind>
</comp>

<comp id="251" class="1005" name="WidthInBytes_val2_read_reg_251">
<pin_list>
<pin id="252" dir="0" index="0" bw="13" slack="1"/>
<pin id="253" dir="1" index="1" bw="13" slack="1"/>
</pin_list>
<bind>
<opset="WidthInBytes_val2_read "/>
</bind>
</comp>

<comp id="257" class="1005" name="stride_val9_read_reg_257">
<pin_list>
<pin id="258" dir="0" index="0" bw="16" slack="1"/>
<pin id="259" dir="1" index="1" bw="16" slack="1"/>
</pin_list>
<bind>
<opset="stride_val9_read "/>
</bind>
</comp>

<comp id="262" class="1005" name="HwReg_frm_buffer_read_reg_262">
<pin_list>
<pin id="263" dir="0" index="0" bw="32" slack="1"/>
<pin id="264" dir="1" index="1" bw="32" slack="1"/>
</pin_list>
<bind>
<opset="HwReg_frm_buffer_read "/>
</bind>
</comp>

</comp_list>

<net_list>
<net id="119"><net_src comp="36" pin="0"/><net_sink comp="116" pin=0"/></net>

<net id="123"><net_src comp="36" pin="0"/><net_sink comp="120" pin=0"/></net>

<net id="128"><net_src comp="30" pin="0"/><net_sink comp="124" pin=0"/></net>

<net id="129"><net_src comp="24" pin="0"/><net_sink comp="124" pin=1"/></net>

<net id="134"><net_src comp="32" pin="0"/><net_sink comp="130" pin=0"/></net>

<net id="135"><net_src comp="22" pin="0"/><net_sink comp="130" pin=1"/></net>

<net id="140"><net_src comp="34" pin="0"/><net_sink comp="136" pin=0"/></net>

<net id="141"><net_src comp="20" pin="0"/><net_sink comp="136" pin=1"/></net>

<net id="146"><net_src comp="40" pin="0"/><net_sink comp="142" pin=0"/></net>

<net id="147"><net_src comp="28" pin="0"/><net_sink comp="142" pin=1"/></net>

<net id="152"><net_src comp="42" pin="0"/><net_sink comp="148" pin=0"/></net>

<net id="153"><net_src comp="18" pin="0"/><net_sink comp="148" pin=1"/></net>

<net id="158"><net_src comp="46" pin="0"/><net_sink comp="154" pin=0"/></net>

<net id="159"><net_src comp="26" pin="0"/><net_sink comp="154" pin=1"/></net>

<net id="164"><net_src comp="48" pin="0"/><net_sink comp="160" pin=0"/></net>

<net id="165"><net_src comp="16" pin="0"/><net_sink comp="160" pin=1"/></net>

<net id="180"><net_src comp="38" pin="0"/><net_sink comp="166" pin=0"/></net>

<net id="181"><net_src comp="0" pin="0"/><net_sink comp="166" pin=1"/></net>

<net id="182"><net_src comp="2" pin="0"/><net_sink comp="166" pin=2"/></net>

<net id="183"><net_src comp="4" pin="0"/><net_sink comp="166" pin=3"/></net>

<net id="184"><net_src comp="6" pin="0"/><net_sink comp="166" pin=4"/></net>

<net id="185"><net_src comp="8" pin="0"/><net_sink comp="166" pin=5"/></net>

<net id="186"><net_src comp="10" pin="0"/><net_sink comp="166" pin=6"/></net>

<net id="187"><net_src comp="12" pin="0"/><net_sink comp="166" pin=7"/></net>

<net id="188"><net_src comp="124" pin="2"/><net_sink comp="166" pin=9"/></net>

<net id="189"><net_src comp="130" pin="2"/><net_sink comp="166" pin=10"/></net>

<net id="190"><net_src comp="136" pin="2"/><net_sink comp="166" pin=11"/></net>

<net id="200"><net_src comp="44" pin="0"/><net_sink comp="191" pin=0"/></net>

<net id="201"><net_src comp="148" pin="2"/><net_sink comp="191" pin=5"/></net>

<net id="202"><net_src comp="142" pin="2"/><net_sink comp="191" pin=6"/></net>

<net id="212"><net_src comp="50" pin="0"/><net_sink comp="203" pin=0"/></net>

<net id="213"><net_src comp="14" pin="0"/><net_sink comp="203" pin=2"/></net>

<net id="214"><net_src comp="160" pin="2"/><net_sink comp="203" pin=3"/></net>

<net id="215"><net_src comp="154" pin="2"/><net_sink comp="203" pin=6"/></net>

<net id="219"><net_src comp="124" pin="2"/><net_sink comp="216" pin=0"/></net>

<net id="220"><net_src comp="216" pin="1"/><net_sink comp="166" pin=9"/></net>

<net id="221"><net_src comp="216" pin="1"/><net_sink comp="191" pin=3"/></net>

<net id="222"><net_src comp="216" pin="1"/><net_sink comp="203" pin=4"/></net>

<net id="226"><net_src comp="130" pin="2"/><net_sink comp="223" pin=0"/></net>

<net id="227"><net_src comp="223" pin="1"/><net_sink comp="166" pin=10"/></net>

<net id="228"><net_src comp="223" pin="1"/><net_sink comp="191" pin=4"/></net>

<net id="232"><net_src comp="136" pin="2"/><net_sink comp="229" pin=0"/></net>

<net id="233"><net_src comp="229" pin="1"/><net_sink comp="166" pin=11"/></net>

<net id="237"><net_src comp="116" pin="1"/><net_sink comp="234" pin=0"/></net>

<net id="238"><net_src comp="234" pin="1"/><net_sink comp="166" pin=8"/></net>

<net id="239"><net_src comp="234" pin="1"/><net_sink comp="191" pin=1"/></net>

<net id="243"><net_src comp="120" pin="1"/><net_sink comp="240" pin=0"/></net>

<net id="244"><net_src comp="240" pin="1"/><net_sink comp="191" pin=2"/></net>

<net id="245"><net_src comp="240" pin="1"/><net_sink comp="203" pin=1"/></net>

<net id="249"><net_src comp="142" pin="2"/><net_sink comp="246" pin=0"/></net>

<net id="250"><net_src comp="246" pin="1"/><net_sink comp="191" pin=6"/></net>

<net id="254"><net_src comp="148" pin="2"/><net_sink comp="251" pin=0"/></net>

<net id="255"><net_src comp="251" pin="1"/><net_sink comp="191" pin=5"/></net>

<net id="256"><net_src comp="251" pin="1"/><net_sink comp="203" pin=5"/></net>

<net id="260"><net_src comp="154" pin="2"/><net_sink comp="257" pin=0"/></net>

<net id="261"><net_src comp="257" pin="1"/><net_sink comp="203" pin=6"/></net>

<net id="265"><net_src comp="160" pin="2"/><net_sink comp="262" pin=0"/></net>

<net id="266"><net_src comp="262" pin="1"/><net_sink comp="203" pin=3"/></net>

</net_list>

</model> 
---------------- Datapath Model END ------------------

* FSMD analyzer results:
  - Output states:
	Port: s_axis_video_V_data_V | {}
	Port: s_axis_video_V_keep_V | {}
	Port: s_axis_video_V_strb_V | {}
	Port: s_axis_video_V_user_V | {}
	Port: s_axis_video_V_last_V | {}
	Port: s_axis_video_V_id_V | {}
	Port: s_axis_video_V_dest_V | {}
	Port: mm_video | {5 6 }
 - Input state : 
	Port: FrmbufWrHlsDataFlow : s_axis_video_V_data_V | {1 2 }
	Port: FrmbufWrHlsDataFlow : s_axis_video_V_keep_V | {1 2 }
	Port: FrmbufWrHlsDataFlow : s_axis_video_V_strb_V | {1 2 }
	Port: FrmbufWrHlsDataFlow : s_axis_video_V_user_V | {1 2 }
	Port: FrmbufWrHlsDataFlow : s_axis_video_V_last_V | {1 2 }
	Port: FrmbufWrHlsDataFlow : s_axis_video_V_id_V | {1 2 }
	Port: FrmbufWrHlsDataFlow : s_axis_video_V_dest_V | {1 2 }
	Port: FrmbufWrHlsDataFlow : mm_video | {}
	Port: FrmbufWrHlsDataFlow : HwReg_frm_buffer | {5 }
	Port: FrmbufWrHlsDataFlow : WidthInBytes_val2 | {3 }
	Port: FrmbufWrHlsDataFlow : colorFormat_val3 | {1 }
	Port: FrmbufWrHlsDataFlow : width_val5 | {1 }
	Port: FrmbufWrHlsDataFlow : height_val8 | {1 }
	Port: FrmbufWrHlsDataFlow : stride_val9 | {5 }
	Port: FrmbufWrHlsDataFlow : video_format_val10 | {3 }
  - Chain level:
	State 1
		call_ln126 : 1
	State 2
	State 3
	State 4
	State 5
	State 6


============================================================
+ Verbose Summary: Datapath Resource usage 
============================================================

* Functional unit list:
|----------|-------------------------------------|---------|---------|---------|---------|
| Operation|           Functional Unit           |   DSP   |  Delay  |    FF   |   LUT   |
|----------|-------------------------------------|---------|---------|---------|---------|
|          |  grp_AXIvideo2MultiPixStream_fu_166 |    0    |  5.192  |   162   |   121   |
|   call   |   grp_MultiPixStream2Bytes_fu_191   |    1    | 1.32507 |   421   |   168   |
|          |     grp_Bytes2AXIMMvideo_fu_203     |    0    |    0    |   340   |   108   |
|----------|-------------------------------------|---------|---------|---------|---------|
|          |     height_val8_read_read_fu_124    |    0    |    0    |    0    |    0    |
|          |     width_val5_read_read_fu_130     |    0    |    0    |    0    |    0    |
|          |  colorFormat_val3_read_read_fu_136  |    0    |    0    |    0    |    0    |
|   read   | video_format_val10_read_read_fu_142 |    0    |    0    |    0    |    0    |
|          |  WidthInBytes_val2_read_read_fu_148 |    0    |    0    |    0    |    0    |
|          |     stride_val9_read_read_fu_154    |    0    |    0    |    0    |    0    |
|          |  HwReg_frm_buffer_read_read_fu_160  |    0    |    0    |    0    |    0    |
|----------|-------------------------------------|---------|---------|---------|---------|
|   Total  |                                     |    1    | 6.51707 |   923   |   397   |
|----------|-------------------------------------|---------|---------|---------|---------|

Memories:
N/A

* Register list:
+-------------------------------+--------+
|                               |   FF   |
+-------------------------------+--------+
| HwReg_frm_buffer_read_reg_262 |   32   |
| WidthInBytes_val2_read_reg_251|   13   |
|       bytePlanes_reg_240      |   64   |
| colorFormat_val3_read_reg_229 |    3   |
|    height_val8_read_reg_216   |   10   |
|          img_reg_234          |   24   |
|    stride_val9_read_reg_257   |   16   |
|video_format_val10_read_reg_246|    6   |
|    width_val5_read_reg_223    |   11   |
+-------------------------------+--------+
|             Total             |   179  |
+-------------------------------+--------+

* Multiplexer (MUX) list: 
|------------------------------------|------|------|------|--------||---------||---------||---------|
|                Comp                |  Pin | Size |  BW  | S x BW ||  Delay  ||    FF   ||   LUT   |
|------------------------------------|------|------|------|--------||---------||---------||---------|
| grp_AXIvideo2MultiPixStream_fu_166 |  p9  |   2  |  10  |   20   ||    0    ||    9    |
| grp_AXIvideo2MultiPixStream_fu_166 |  p10 |   2  |  11  |   22   ||    0    ||    9    |
| grp_AXIvideo2MultiPixStream_fu_166 |  p11 |   2  |   3  |    6   ||    0    ||    9    |
|   grp_MultiPixStream2Bytes_fu_191  |  p5  |   2  |  13  |   26   ||    0    ||    9    |
|   grp_MultiPixStream2Bytes_fu_191  |  p6  |   2  |   6  |   12   ||    0    ||    9    |
|     grp_Bytes2AXIMMvideo_fu_203    |  p3  |   2  |  32  |   64   ||    0    ||    9    |
|     grp_Bytes2AXIMMvideo_fu_203    |  p6  |   2  |  16  |   32   ||    0    ||    9    |
|------------------------------------|------|------|------|--------||---------||---------||---------|
|                Total               |      |      |      |   182  ||  9.086  ||    0    ||    63   |
|------------------------------------|------|------|------|--------||---------||---------||---------|



* Summary:
+-----------+--------+--------+--------+--------+
|           |   DSP  |  Delay |   FF   |   LUT  |
+-----------+--------+--------+--------+--------+
|  Function |    1   |    6   |   923  |   397  |
|   Memory  |    -   |    -   |    -   |    -   |
|Multiplexer|    -   |    9   |    0   |   63   |
|  Register |    -   |    -   |   179  |    -   |
+-----------+--------+--------+--------+--------+
|   Total   |    1   |   15   |  1102  |   460  |
+-----------+--------+--------+--------+--------+
