

================================================================
== Vitis HLS Report for 'FrmbufWrHlsDataFlow'
================================================================
* Date:           Sun Feb 15 10:42:47 2026

* Version:        2025.2 (Build 6295257 on Nov 14 2025)
* Project:        prj
* Solution:       sol (Vivado IP Flow Target)
* Product family: zynq
* Target device:  xc7z020-clg400-2


================================================================
== Performance Estimates
================================================================
+ Timing: 
    * Summary: 
    +--------+---------+----------+------------+
    |  Clock |  Target | Estimated| Uncertainty|
    +--------+---------+----------+------------+
    |ap_clk  |  6.75 ns|  4.927 ns|     1.82 ns|
    +--------+---------+----------+------------+

+ Latency: 
    * Summary: 
    +---------+---------+----------+-----------+------+---------+----------+
    |  Latency (cycles) |  Latency (absolute)  |    Interval    | Pipeline |
    |   min   |   max   |    min   |    max    |  min |   max   |   Type   |
    +---------+---------+----------+-----------+------+---------+----------+
    |   101232|  1847524|  0.683 ms|  12.471 ms|  7042|  1847524|  dataflow|
    +---------+---------+----------+-----------+------+---------+----------+

    + Detail: 
        * Instance: 
        N/A

        * Loop: 
        N/A

============================================================
+ Verbose Summary: Synthesis Manager
============================================================
InlineROM: 1
ExposeGlobal: 0
============================================================
+ Verbose Summary: CDFG Model
============================================================
IsTopModel: 0
ResetActiveHigh: 1
IsCombinational: 2
IsDatapathOnly: 0
HasWiredReturn: 1
HasMFsm: 0
HasVarLatency: 1
IsPipeline: 0
IsRtlPipelined: 0
IsInstanceOverlapped: 0
IsDontTouch: 0
HasImplIP: 0
IsGatedGlobalClock: 0


============================================================
+ Verbose Summary: Schedule
============================================================
* Number of FSM states : 6
* Pipeline : 0
* Dataflow Pipeline: 1
  DF-Pipeline-0: Size = 6, States = { 1 2 3 4 5 6 }

* FSM state transitions: 
1 --> 2 
2 --> 3 
3 --> 4 
4 --> 5 
5 --> 6 
6 --> 

* FSM state operations: 

State 1 <SV = 0> <Delay = 0.00>
ST_1 : Operation 7 [1/1] (0.00ns)   --->   "%height_val8_read = read i10 @_ssdm_op_Read.ap_auto.i10, i10 %height_val8"   --->   Operation 7 'read' 'height_val8_read' <Predicate = true> <Delay = 0.00>
ST_1 : Operation 8 [1/1] (0.00ns)   --->   "%width_val5_read = read i11 @_ssdm_op_Read.ap_auto.i11, i11 %width_val5"   --->   Operation 8 'read' 'width_val5_read' <Predicate = true> <Delay = 0.00>
ST_1 : Operation 9 [1/1] (0.00ns)   --->   "%colorFormat_val3_read = read i3 @_ssdm_op_Read.ap_auto.i3, i3 %colorFormat_val3"   --->   Operation 9 'read' 'colorFormat_val3_read' <Predicate = true> <Delay = 0.00>
ST_1 : Operation 10 [1/1] (0.00ns)   --->   "%img = alloca i32 1" [C:/Users/Sergey/Documents/Xilinx/z7000_hdmi/HDMI_FBWRRD/HDMI_FBWRRD.runs/top_design_v_frmbuf_wr_0_0_synth_1/prj/sol/.autopilot/db/v_frmbuf_wr.cpp:100]   --->   Operation 10 'alloca' 'img' <Predicate = true> <Delay = 0.00> <CoreInst = "FIFO_SRL">   --->   Core 80 'FIFO_SRL' <Latency = 0> <II = 1> <Delay = 3.40> <Storage> <Opcode : 'read' 'write' 'nbread' 'nbwrite'> <Ports = 0> <Width = 24> <Depth = 2> <FIFO>
ST_1 : Operation 11 [1/1] (0.00ns)   --->   "%bytePlanes = alloca i32 1" [C:/Users/Sergey/Documents/Xilinx/z7000_hdmi/HDMI_FBWRRD/HDMI_FBWRRD.runs/top_design_v_frmbuf_wr_0_0_synth_1/prj/sol/.autopilot/db/v_frmbuf_wr.cpp:104]   --->   Operation 11 'alloca' 'bytePlanes' <Predicate = true> <Delay = 0.00> <CoreInst = "FIFO_BRAM">   --->   Core 78 'FIFO_BRAM' <Latency = 0> <II = 1> <Delay = 3.46> <Storage> <Opcode : 'read' 'write' 'nbread' 'nbwrite'> <Ports = 0> <Width = 64> <Depth = 321> <FIFO>
ST_1 : Operation 12 [2/2] (0.00ns)   --->   "%call_ln126 = call void @AXIvideo2MultiPixStream, i24 %s_axis_video_V_data_V, i3 %s_axis_video_V_keep_V, i3 %s_axis_video_V_strb_V, i1 %s_axis_video_V_user_V, i1 %s_axis_video_V_last_V, i1 %s_axis_video_V_id_V, i1 %s_axis_video_V_dest_V, i24 %img, i10 %height_val8_read, i11 %width_val5_read, i3 %colorFormat_val3_read" [C:/Users/Sergey/Documents/Xilinx/z7000_hdmi/HDMI_FBWRRD/HDMI_FBWRRD.runs/top_design_v_frmbuf_wr_0_0_synth_1/prj/sol/.autopilot/db/v_frmbuf_wr.cpp:126]   --->   Operation 12 'call' 'call_ln126' <Predicate = true> <Delay = 0.00> <CoreType = "Generic">   --->   Generic Core

State 2 <SV = 1> <Delay = 1.41>
ST_2 : Operation 13 [1/2] (1.41ns)   --->   "%call_ln126 = call void @AXIvideo2MultiPixStream, i24 %s_axis_video_V_data_V, i3 %s_axis_video_V_keep_V, i3 %s_axis_video_V_strb_V, i1 %s_axis_video_V_user_V, i1 %s_axis_video_V_last_V, i1 %s_axis_video_V_id_V, i1 %s_axis_video_V_dest_V, i24 %img, i10 %height_val8_read, i11 %width_val5_read, i3 %colorFormat_val3_read" [C:/Users/Sergey/Documents/Xilinx/z7000_hdmi/HDMI_FBWRRD/HDMI_FBWRRD.runs/top_design_v_frmbuf_wr_0_0_synth_1/prj/sol/.autopilot/db/v_frmbuf_wr.cpp:126]   --->   Operation 13 'call' 'call_ln126' <Predicate = true> <Delay = 1.41> <CoreType = "Generic">   --->   Generic Core

State 3 <SV = 2> <Delay = 2.95>
ST_3 : Operation 14 [1/1] (0.00ns)   --->   "%video_format_val10_read = read i6 @_ssdm_op_Read.ap_auto.i6, i6 %video_format_val10"   --->   Operation 14 'read' 'video_format_val10_read' <Predicate = true> <Delay = 0.00>
ST_3 : Operation 15 [1/1] (0.00ns)   --->   "%WidthInBytes_val2_read = read i13 @_ssdm_op_Read.ap_auto.i13, i13 %WidthInBytes_val2"   --->   Operation 15 'read' 'WidthInBytes_val2_read' <Predicate = true> <Delay = 0.00>
ST_3 : Operation 16 [2/2] (2.95ns)   --->   "%call_ln139 = call void @MultiPixStream2Bytes, i24 %img, i64 %bytePlanes, i10 %height_val8_read, i11 %width_val5_read, i13 %WidthInBytes_val2_read, i6 %video_format_val10_read" [C:/Users/Sergey/Documents/Xilinx/z7000_hdmi/HDMI_FBWRRD/HDMI_FBWRRD.runs/top_design_v_frmbuf_wr_0_0_synth_1/prj/sol/.autopilot/db/v_frmbuf_wr.cpp:139]   --->   Operation 16 'call' 'call_ln139' <Predicate = true> <Delay = 2.95> <CoreType = "Generic">   --->   Generic Core

State 4 <SV = 3> <Delay = 0.00>
ST_4 : Operation 17 [1/2] (0.00ns)   --->   "%call_ln139 = call void @MultiPixStream2Bytes, i24 %img, i64 %bytePlanes, i10 %height_val8_read, i11 %width_val5_read, i13 %WidthInBytes_val2_read, i6 %video_format_val10_read" [C:/Users/Sergey/Documents/Xilinx/z7000_hdmi/HDMI_FBWRRD/HDMI_FBWRRD.runs/top_design_v_frmbuf_wr_0_0_synth_1/prj/sol/.autopilot/db/v_frmbuf_wr.cpp:139]   --->   Operation 17 'call' 'call_ln139' <Predicate = true> <Delay = 0.00> <CoreType = "Generic">   --->   Generic Core

State 5 <SV = 4> <Delay = 1.53>
ST_5 : Operation 18 [1/1] (0.00ns)   --->   "%stride_val9_read = read i16 @_ssdm_op_Read.ap_auto.i16, i16 %stride_val9"   --->   Operation 18 'read' 'stride_val9_read' <Predicate = true> <Delay = 0.00>
ST_5 : Operation 19 [1/1] (0.00ns)   --->   "%HwReg_frm_buffer_read = read i32 @_ssdm_op_Read.ap_auto.i32, i32 %HwReg_frm_buffer"   --->   Operation 19 'read' 'HwReg_frm_buffer_read' <Predicate = true> <Delay = 0.00>
ST_5 : Operation 20 [2/2] (1.53ns)   --->   "%call_ln141 = call void @Bytes2AXIMMvideo, i64 %bytePlanes, i64 %mm_video, i32 %HwReg_frm_buffer_read, i10 %height_val8_read, i13 %WidthInBytes_val2_read, i16 %stride_val9_read" [C:/Users/Sergey/Documents/Xilinx/z7000_hdmi/HDMI_FBWRRD/HDMI_FBWRRD.runs/top_design_v_frmbuf_wr_0_0_synth_1/prj/sol/.autopilot/db/v_frmbuf_wr.cpp:141]   --->   Operation 20 'call' 'call_ln141' <Predicate = true> <Delay = 1.53> <CoreType = "Generic">   --->   Generic Core

State 6 <SV = 5> <Delay = 1.41>
ST_6 : Operation 21 [1/1] (0.00ns)   --->   "%specstablecontent_ln0 = specstablecontent void @_ssdm_op_SpecStableContent, i3 %colorFormat_val3, i1 1, void @p_str"   --->   Operation 21 'specstablecontent' 'specstablecontent_ln0' <Predicate = true> <Delay = 0.00>
ST_6 : Operation 22 [1/1] (0.00ns)   --->   "%specstablecontent_ln0 = specstablecontent void @_ssdm_op_SpecStableContent, i13 %WidthInBytes_val2, i1 1, void @p_str"   --->   Operation 22 'specstablecontent' 'specstablecontent_ln0' <Predicate = true> <Delay = 0.00>
ST_6 : Operation 23 [1/1] (0.00ns)   --->   "%specstablecontent_ln0 = specstablecontent void @_ssdm_op_SpecStableContent, i32 %HwReg_frm_buffer, i1 1, void @p_str"   --->   Operation 23 'specstablecontent' 'specstablecontent_ln0' <Predicate = true> <Delay = 0.00>
ST_6 : Operation 24 [1/1] (0.00ns)   --->   "%specdataflowpipeline_ln0 = specdataflowpipeline void @_ssdm_op_SpecDataflowPipeline, i32 4294967295, i32 0, void @empty_21"   --->   Operation 24 'specdataflowpipeline' 'specdataflowpipeline_ln0' <Predicate = true> <Delay = 0.00>
ST_6 : Operation 25 [1/1] (0.00ns)   --->   "%specaxissidechannel_ln0 = specaxissidechannel void @_ssdm_op_SpecAXISSideChannel, i24 %s_axis_video_V_data_V, i3 %s_axis_video_V_keep_V, i3 %s_axis_video_V_strb_V, i1 %s_axis_video_V_user_V, i1 %s_axis_video_V_last_V, i1 %s_axis_video_V_id_V, i1 %s_axis_video_V_dest_V, void @empty_26"   --->   Operation 25 'specaxissidechannel' 'specaxissidechannel_ln0' <Predicate = true> <Delay = 0.00>
ST_6 : Operation 26 [1/1] (0.00ns)   --->   "%specstablecontent_ln0 = specstablecontent void @_ssdm_op_SpecStableContent, i6 %video_format_val10, i1 1, void "   --->   Operation 26 'specstablecontent' 'specstablecontent_ln0' <Predicate = true> <Delay = 0.00>
ST_6 : Operation 27 [1/1] (0.00ns)   --->   "%specstablecontent_ln0 = specstablecontent void @_ssdm_op_SpecStableContent, i16 %stride_val9, i1 1, void "   --->   Operation 27 'specstablecontent' 'specstablecontent_ln0' <Predicate = true> <Delay = 0.00>
ST_6 : Operation 28 [1/1] (0.00ns)   --->   "%specstablecontent_ln0 = specstablecontent void @_ssdm_op_SpecStableContent, i10 %height_val8, i1 1, void "   --->   Operation 28 'specstablecontent' 'specstablecontent_ln0' <Predicate = true> <Delay = 0.00>
ST_6 : Operation 29 [1/1] (0.00ns)   --->   "%specstablecontent_ln0 = specstablecontent void @_ssdm_op_SpecStableContent, i11 %width_val5, i1 1, void "   --->   Operation 29 'specstablecontent' 'specstablecontent_ln0' <Predicate = true> <Delay = 0.00>
ST_6 : Operation 30 [1/1] (0.00ns)   --->   "%specinterface_ln0 = specinterface void @_ssdm_op_SpecInterface, i1 %s_axis_video_V_dest_V, i1 %s_axis_video_V_id_V, i1 %s_axis_video_V_last_V, i1 %s_axis_video_V_user_V, i3 %s_axis_video_V_strb_V, i3 %s_axis_video_V_keep_V, i24 %s_axis_video_V_data_V, void @empty_9, i32 0, i32 0, void @empty_8, i32 0, i32 0, void @empty_21, void @empty_21, void @empty_21, i32 0, i32 0, i32 0, i32 0, void @empty_21, void @empty_21, i32 4294967295, i32 0, i32 0, i32 0"   --->   Operation 30 'specinterface' 'specinterface_ln0' <Predicate = true> <Delay = 0.00>
ST_6 : Operation 31 [1/1] (0.00ns)   --->   "%specinterface_ln0 = specinterface void @_ssdm_op_SpecInterface, i64 %mm_video, void @empty_20, i32 0, i32 0, void @empty_21, i32 100, i32 2073600, void @empty_22, void @empty_23, void @empty_21, i32 16, i32 4, i32 16, i32 16, void @empty_21, void @empty_21, i32 4294967295, i32 0, i32 0, i32 8"   --->   Operation 31 'specinterface' 'specinterface_ln0' <Predicate = true> <Delay = 0.00>
ST_6 : Operation 32 [1/1] (0.00ns)   --->   "%empty = specchannel i32 @_ssdm_op_SpecChannel, void @img_str, i32 1, void @p_str, void @p_str, i32 2, i32 2, i24 %img, i24 %img"   --->   Operation 32 'specchannel' 'empty' <Predicate = true> <Delay = 0.00>
ST_6 : Operation 33 [1/1] (0.00ns)   --->   "%specinterface_ln0 = specinterface void @_ssdm_op_SpecInterface, i24 %img, void @empty_10, i32 0, i32 0, void @empty_21, i32 0, i32 0, void @empty_21, void @empty_21, void @empty_21, i32 0, i32 0, i32 0, i32 0, void @empty_21, void @empty_21, i32 4294967295, i32 0, i32 0, i32 0"   --->   Operation 33 'specinterface' 'specinterface_ln0' <Predicate = true> <Delay = 0.00>
ST_6 : Operation 34 [1/1] (0.00ns)   --->   "%empty_154 = specchannel i32 @_ssdm_op_SpecChannel, void @bytePlanes_str, i32 1, void @p_str, void @p_str, i32 321, i32 321, i64 %bytePlanes, i64 %bytePlanes"   --->   Operation 34 'specchannel' 'empty_154' <Predicate = true> <Delay = 0.00>
ST_6 : Operation 35 [1/1] (0.00ns)   --->   "%specinterface_ln0 = specinterface void @_ssdm_op_SpecInterface, i64 %bytePlanes, void @empty_10, i32 0, i32 0, void @empty_21, i32 0, i32 0, void @empty_21, void @empty_21, void @empty_21, i32 0, i32 0, i32 0, i32 0, void @empty_21, void @empty_21, i32 4294967295, i32 0, i32 0, i32 0"   --->   Operation 35 'specinterface' 'specinterface_ln0' <Predicate = true> <Delay = 0.00>
ST_6 : Operation 36 [1/1] (0.00ns)   --->   "%specmemcore_ln120 = specmemcore void @_ssdm_op_SpecMemCore, i64 %bytePlanes, i64 666, i64 8, i64 18446744073709551615, i1 0" [C:/Users/Sergey/Documents/Xilinx/z7000_hdmi/HDMI_FBWRRD/HDMI_FBWRRD.runs/top_design_v_frmbuf_wr_0_0_synth_1/prj/sol/.autopilot/db/v_frmbuf_wr.cpp:120]   --->   Operation 36 'specmemcore' 'specmemcore_ln120' <Predicate = true> <Delay = 0.00>
ST_6 : Operation 37 [1/2] (1.41ns)   --->   "%call_ln141 = call void @Bytes2AXIMMvideo, i64 %bytePlanes, i64 %mm_video, i32 %HwReg_frm_buffer_read, i10 %height_val8_read, i13 %WidthInBytes_val2_read, i16 %stride_val9_read" [C:/Users/Sergey/Documents/Xilinx/z7000_hdmi/HDMI_FBWRRD/HDMI_FBWRRD.runs/top_design_v_frmbuf_wr_0_0_synth_1/prj/sol/.autopilot/db/v_frmbuf_wr.cpp:141]   --->   Operation 37 'call' 'call_ln141' <Predicate = true> <Delay = 1.41> <CoreType = "Generic">   --->   Generic Core
ST_6 : Operation 38 [1/1] (0.00ns)   --->   "%ret_ln149 = ret" [C:/Users/Sergey/Documents/Xilinx/z7000_hdmi/HDMI_FBWRRD/HDMI_FBWRRD.runs/top_design_v_frmbuf_wr_0_0_synth_1/prj/sol/.autopilot/db/v_frmbuf_wr.cpp:149]   --->   Operation 38 'ret' 'ret_ln149' <Predicate = true> <Delay = 0.00>


============================================================
+ Verbose Summary: Timing violations
============================================================
Target clock period: 6.750ns, clock uncertainty: 1.822ns.

 <State 1>: 0.000ns
The critical path consists of the following:

 <State 2>: 1.417ns
The critical path consists of the following:
	'call' operation ('call_ln126', C:/Users/Sergey/Documents/Xilinx/z7000_hdmi/HDMI_FBWRRD/HDMI_FBWRRD.runs/top_design_v_frmbuf_wr_0_0_synth_1/prj/sol/.autopilot/db/v_frmbuf_wr.cpp:126) to 'AXIvideo2MultiPixStream' [41]  (1.417 ns)

 <State 3>: 2.954ns
The critical path consists of the following:
	wire read operation ('video_format_val10_read') on port 'video_format_val10' [20]  (0.000 ns)
	'call' operation ('call_ln139', C:/Users/Sergey/Documents/Xilinx/z7000_hdmi/HDMI_FBWRRD/HDMI_FBWRRD.runs/top_design_v_frmbuf_wr_0_0_synth_1/prj/sol/.autopilot/db/v_frmbuf_wr.cpp:139) to 'MultiPixStream2Bytes' [42]  (2.954 ns)

 <State 4>: 0.000ns
The critical path consists of the following:

 <State 5>: 1.537ns
The critical path consists of the following:
	wire read operation ('stride_val9_read') on port 'stride_val9' [21]  (0.000 ns)
	'call' operation ('call_ln141', C:/Users/Sergey/Documents/Xilinx/z7000_hdmi/HDMI_FBWRRD/HDMI_FBWRRD.runs/top_design_v_frmbuf_wr_0_0_synth_1/prj/sol/.autopilot/db/v_frmbuf_wr.cpp:141) to 'Bytes2AXIMMvideo' [43]  (1.537 ns)

 <State 6>: 1.417ns
The critical path consists of the following:
	'call' operation ('call_ln141', C:/Users/Sergey/Documents/Xilinx/z7000_hdmi/HDMI_FBWRRD/HDMI_FBWRRD.runs/top_design_v_frmbuf_wr_0_0_synth_1/prj/sol/.autopilot/db/v_frmbuf_wr.cpp:141) to 'Bytes2AXIMMvideo' [43]  (1.417 ns)


============================================================
+ Verbose Summary: Binding
============================================================
N/A
* FSMD analyzer results:
  - Output states:
 - Input state : 
  - Chain level:
	State 1
	State 2
	State 3
	State 4
	State 5
	State 6


============================================================
+ Verbose Summary: Datapath Resource usage 
============================================================
N/A
