

================================================================
== Vitis HLS Report for 'MultiPixStream2Bytes'
================================================================
* Date:           Sun Feb 15 10:42:51 2026

* Version:        2025.2 (Build 6295257 on Nov 14 2025)
* Project:        prj
* Solution:       sol (Vivado IP Flow Target)
* Product family: zynq
* Target device:  xc7z020-clg400-2


================================================================
== Performance Estimates
================================================================
+ Timing: 
    * Summary: 
    +--------+---------+----------+------------+
    |  Clock |  Target | Estimated| Uncertainty|
    +--------+---------+----------+------------+
    |ap_clk  |  6.75 ns|  4.813 ns|     1.82 ns|
    +--------+---------+----------+------------+

+ Latency: 
    * Summary: 
    +---------+---------+----------+-----------+-----+---------+---------+
    |  Latency (cycles) |  Latency (absolute)  |    Interval   | Pipeline|
    |   min   |   max   |    min   |    max    | min |   max   |   Type  |
    +---------+---------+----------+-----------+-----+---------+---------+
    |        1|  1847523|  6.750 ns|  12.471 ms|    1|  1847523|       no|
    +---------+---------+----------+-----------+-----+---------+---------+

    + Detail: 
        * Instance: 
        +------------------------------------------------------------+-------------------------------------------------+---------+---------+-----------+-----------+-----+-----+-------------------+
        |                                                            |                                                 |  Latency (cycles) |   Latency (absolute)  |  Interval |      Pipeline     |
        |                          Instance                          |                      Module                     |   min   |   max   |    min    |    max    | min | max |        Type       |
        +------------------------------------------------------------+-------------------------------------------------+---------+---------+-----------+-----------+-----+-----+-------------------+
        |grp_MultiPixStream2Bytes_Pipeline_VITIS_LOOP_1090_1_fu_194  |MultiPixStream2Bytes_Pipeline_VITIS_LOOP_1090_1  |        2|     2563|  13.500 ns|  17.300 us|    0|    0|  loop pipeline stp|
        +------------------------------------------------------------+-------------------------------------------------+---------+---------+-----------+-----------+-----+-----+-------------------+

        * Loop: 
        +------------------+---------+---------+----------+-----------+-----------+----------+----------+
        |                  |  Latency (cycles) | Iteration|  Initiation Interval  |   Trip   |          |
        |     Loop Name    |   min   |   max   |  Latency |  achieved |   target  |   Count  | Pipelined|
        +------------------+---------+---------+----------+-----------+-----------+----------+----------+
        |- loop_RGB8_YUV8  |      320|  1847520|  5 ~ 2566|          -|          -|  64 ~ 720|        no|
        +------------------+---------+---------+----------+-----------+-----------+----------+----------+



================================================================
== Utilization Estimates
================================================================
* Summary: 
+-----------------+---------+-----+--------+-------+-----+
|       Name      | BRAM_18K| DSP |   FF   |  LUT  | URAM|
+-----------------+---------+-----+--------+-------+-----+
|DSP              |        -|    -|       -|      -|    -|
|Expression       |        -|    -|       0|    115|    -|
|FIFO             |        -|    -|       -|      -|    -|
|Instance         |        -|    1|     370|    422|    -|
|Memory           |        -|    -|       -|      -|    -|
|Multiplexer      |        -|    -|       0|     56|    -|
|Register         |        -|    -|      76|      -|    -|
+-----------------+---------+-----+--------+-------+-----+
|Total            |        0|    1|     446|    593|    0|
+-----------------+---------+-----+--------+-------+-----+
|Available        |      280|  220|  106400|  53200|    0|
+-----------------+---------+-----+--------+-------+-----+
|Utilization (%)  |        0|   ~0|      ~0|      1|    0|
+-----------------+---------+-----+--------+-------+-----+

+ Detail: 
    * Instance: 
    +------------------------------------------------------------+-------------------------------------------------+---------+----+-----+-----+-----+
    |                          Instance                          |                      Module                     | BRAM_18K| DSP|  FF | LUT | URAM|
    +------------------------------------------------------------+-------------------------------------------------+---------+----+-----+-----+-----+
    |grp_MultiPixStream2Bytes_Pipeline_VITIS_LOOP_1090_1_fu_194  |MultiPixStream2Bytes_Pipeline_VITIS_LOOP_1090_1  |        0|   0|  370|  416|    0|
    |mul_10ns_12ns_21_1_1_U62                                    |mul_10ns_12ns_21_1_1                             |        0|   1|    0|    6|    0|
    +------------------------------------------------------------+-------------------------------------------------+---------+----+-----+-----+-----+
    |Total                                                       |                                                 |        0|   1|  370|  422|    0|
    +------------------------------------------------------------+-------------------------------------------------+---------+----+-----+-----+-----+

    * DSP: 
    N/A

    * Memory: 
    N/A

    * FIFO: 
    N/A

    * Expression: 
    +-------------------------+----------+----+---+----+------------+------------+
    |      Variable Name      | Operation| DSP| FF| LUT| Bitwidth P0| Bitwidth P1|
    +-------------------------+----------+----+---+----+------------+------------+
    |add_ln1072_fu_259_p2     |         +|   0|  0|  13|          13|           3|
    |add_ln1073_fu_275_p2     |         +|   0|  0|  10|          10|           2|
    |add_ln1081_fu_352_p2     |         +|   0|  0|   8|           8|           6|
    |add_ln1095_fu_376_p2     |         +|   0|  0|  10|          10|           2|
    |y_2_fu_460_p2            |         +|   0|  0|  10|          10|           1|
    |sub_ln1081_fu_346_p2     |         -|   0|  0|   8|           8|           8|
    |icmp_ln1077_fu_315_p2    |      icmp|   0|  0|   4|           3|           1|
    |icmp_ln1086_fu_455_p2    |      icmp|   0|  0|  10|          10|          10|
    |icmp_ln1095_1_fu_398_p2  |      icmp|   0|  0|   6|           4|           2|
    |icmp_ln1095_2_fu_414_p2  |      icmp|   0|  0|   3|           2|           1|
    |icmp_ln1095_3_fu_420_p2  |      icmp|   0|  0|   6|           4|           3|
    |icmp_ln1095_4_fu_426_p2  |      icmp|   0|  0|   6|           4|           3|
    |icmp_ln1095_5_fu_432_p2  |      icmp|   0|  0|   6|           4|           3|
    |icmp_ln1095_fu_392_p2    |      icmp|   0|  0|   4|           3|           1|
    |icmp_ln1110_fu_446_p2    |      icmp|   0|  0|   3|           2|           2|
    |ap_block_state1          |        or|   0|  0|   1|           1|           1|
    |remainPix_fu_320_p3      |    select|   0|  0|   5|           1|           5|
    |remainTrx_fu_368_p3      |    select|   0|  0|   2|           1|           2|
    +-------------------------+----------+----+---+----+------------+------------+
    |Total                    |          |   0|  0| 115|          98|          56|
    +-------------------------+----------+----+---+----+------------+------------+

    * Multiplexer: 
    +------------+----+-----------+-----+-----------+
    |    Name    | LUT| Input Size| Bits| Total Bits|
    +------------+----+-----------+-----+-----------+
    |ap_NS_fsm   |  29|          7|    1|          7|
    |ap_done     |   9|          2|    1|          2|
    |real_start  |   9|          2|    1|          2|
    |y_fu_166    |   9|          2|   10|         20|
    +------------+----+-----------+-----+-----------+
    |Total       |  56|         13|   13|         31|
    +------------+----+-----------+-----+-----------+

    * Register: 
    +-------------------------------------------------------------------------+----+----+-----+-----------+
    |                                   Name                                  | FF | LUT| Bits| Const Bits|
    +-------------------------------------------------------------------------+----+----+-----+-----------+
    |Height_val_read_reg_475                                                  |  10|   0|   10|          0|
    |VideoFormat_val_read_reg_471                                             |   6|   0|    6|          0|
    |add_ln1073_reg_487                                                       |  10|   0|   10|          0|
    |add_ln1095_reg_511                                                       |  10|   0|   10|          0|
    |ap_CS_fsm                                                                |   6|   0|    6|          0|
    |ap_done_reg                                                              |   1|   0|    1|          0|
    |grp_MultiPixStream2Bytes_Pipeline_VITIS_LOOP_1090_1_fu_194_ap_start_reg  |   1|   0|    1|          0|
    |icmp_ln1077_reg_506                                                      |   1|   0|    1|          0|
    |icmp_ln1095_1_reg_521                                                    |   1|   0|    1|          0|
    |icmp_ln1095_2_reg_526                                                    |   1|   0|    1|          0|
    |icmp_ln1095_3_reg_531                                                    |   1|   0|    1|          0|
    |icmp_ln1095_4_reg_536                                                    |   1|   0|    1|          0|
    |icmp_ln1095_5_reg_541                                                    |   1|   0|    1|          0|
    |icmp_ln1095_reg_516                                                      |   1|   0|    1|          0|
    |icmp_ln1110_reg_551                                                      |   1|   0|    1|          0|
    |remPix_reg_492                                                           |   3|   0|    3|          0|
    |start_once_reg                                                           |   1|   0|    1|          0|
    |tmp_5_reg_500                                                            |   9|   0|    9|          0|
    |tmp_9_reg_546                                                            |   1|   0|    1|          0|
    |y_fu_166                                                                 |  10|   0|   10|          0|
    +-------------------------------------------------------------------------+----+----+-----+-----------+
    |Total                                                                    |  76|   0|   76|          0|
    +-------------------------------------------------------------------------+----+----+-----+-----------+



================================================================
== Interface
================================================================
* Summary: 
+---------------------------+-----+-----+------------+----------------------+--------------+
|         RTL Ports         | Dir | Bits|  Protocol  |     Source Object    |    C Type    |
+---------------------------+-----+-----+------------+----------------------+--------------+
|ap_clk                     |   in|    1|  ap_ctrl_hs|  MultiPixStream2Bytes|  return value|
|ap_rst                     |   in|    1|  ap_ctrl_hs|  MultiPixStream2Bytes|  return value|
|ap_start                   |   in|    1|  ap_ctrl_hs|  MultiPixStream2Bytes|  return value|
|start_full_n               |   in|    1|  ap_ctrl_hs|  MultiPixStream2Bytes|  return value|
|ap_done                    |  out|    1|  ap_ctrl_hs|  MultiPixStream2Bytes|  return value|
|ap_continue                |   in|    1|  ap_ctrl_hs|  MultiPixStream2Bytes|  return value|
|ap_idle                    |  out|    1|  ap_ctrl_hs|  MultiPixStream2Bytes|  return value|
|ap_ready                   |  out|    1|  ap_ctrl_hs|  MultiPixStream2Bytes|  return value|
|start_out                  |  out|    1|  ap_ctrl_hs|  MultiPixStream2Bytes|  return value|
|start_write                |  out|    1|  ap_ctrl_hs|  MultiPixStream2Bytes|  return value|
|img_dout                   |   in|   24|     ap_fifo|                   img|       pointer|
|img_empty_n                |   in|    1|     ap_fifo|                   img|       pointer|
|img_read                   |  out|    1|     ap_fifo|                   img|       pointer|
|img_num_data_valid         |   in|    3|     ap_fifo|                   img|       pointer|
|img_fifo_cap               |   in|    3|     ap_fifo|                   img|       pointer|
|bytePlanes_din             |  out|   64|     ap_fifo|            bytePlanes|       pointer|
|bytePlanes_full_n          |   in|    1|     ap_fifo|            bytePlanes|       pointer|
|bytePlanes_write           |  out|    1|     ap_fifo|            bytePlanes|       pointer|
|bytePlanes_num_data_valid  |   in|   10|     ap_fifo|            bytePlanes|       pointer|
|bytePlanes_fifo_cap        |   in|   10|     ap_fifo|            bytePlanes|       pointer|
|Height_val                 |   in|   10|   ap_stable|            Height_val|        scalar|
|WidthInPix_val             |   in|   11|   ap_stable|        WidthInPix_val|        scalar|
|WidthInBytes_val           |   in|   13|   ap_stable|      WidthInBytes_val|        scalar|
|VideoFormat_val            |   in|    6|   ap_stable|       VideoFormat_val|        scalar|
+---------------------------+-----+-----+------------+----------------------+--------------+

