

================================================================
== Vitis HLS Report for 'AXIMMvideo2Bytes_Pipeline_VITIS_LOOP_640_6'
================================================================
* Date:           Mon Mar 16 15:10:44 2026

* Version:        2025.2 (Build 6295257 on Nov 14 2025)
* Project:        prj
* Solution:       sol (Vivado IP Flow Target)
* Product family: zynq
* Target device:  xc7z020-clg400-2


================================================================
== Performance Estimates
================================================================
+ Timing: 
    * Summary: 
    +--------+---------+----------+------------+
    |  Clock |  Target | Estimated| Uncertainty|
    +--------+---------+----------+------------+
    |ap_clk  |  6.52 ns|  4.761 ns|     1.76 ns|
    +--------+---------+----------+------------+

+ Latency: 
    * Summary: 
    +---------+---------+-----------+----------+-----+-----+-------------------+
    |  Latency (cycles) |  Latency (absolute)  |  Interval |      Pipeline     |
    |   min   |   max   |    min    |    max   | min | max |        Type       |
    +---------+---------+-----------+----------+-----+-----+-------------------+
    |        4|      723|  26.088 ns|  4.715 us|    0|    0|  loop pipeline stp|
    +---------+---------+-----------+----------+-----+-----+-------------------+

    + Detail: 
        * Instance: 
        N/A

        * Loop: 
        +--------------------+---------+---------+----------+-----------+-----------+---------+----------+
        |                    |  Latency (cycles) | Iteration|  Initiation Interval  |   Trip  |          |
        |      Loop Name     |   min   |   max   |  Latency |  achieved |   target  |  Count  | Pipelined|
        +--------------------+---------+---------+----------+-----------+-----------+---------+----------+
        |- VITIS_LOOP_640_6  |        2|      721|         3|          1|          1|  1 ~ 720|       yes|
        +--------------------+---------+---------+----------+-----------+-----------+---------+----------+

============================================================
+ Verbose Summary: Synthesis Manager
============================================================
InlineROM: 1
ExposeGlobal: 0
============================================================
+ Verbose Summary: CDFG Model
============================================================
IsTopModel: 0
ResetActiveHigh: 1
IsCombinational: 0
IsDatapathOnly: 0
HasWiredReturn: 1
HasMFsm: 2
HasVarLatency: 1
IsPipeline: 0
IsRtlPipelined: 0
IsInstanceOverlapped: 0
IsDontTouch: 0
HasImplIP: 0
IsGatedGlobalClock: 0

+ Individual pipeline summary: 
  * Pipeline-0: initiation interval (II) = 1, depth = 3


============================================================
+ Verbose Summary: Schedule
============================================================
* Number of FSM states : 3
* Pipeline : 1
  Pipeline-0 : II = 1, D = 3, States = { 1 2 3 }
* Dataflow Pipeline: 0

* FSM state transitions: 
1 --> 2 
2 --> 3 
3 --> 

* FSM state operations: 

State 1 <SV = 0> <Delay = 4.01>
ST_1 : Operation 6 [1/1] (0.00ns)   --->   "%x = alloca i32 1" [prj/sol/.autopilot/db/v_frmbuf_rd.cpp:640]   --->   Operation 6 'alloca' 'x' <Predicate = true> <Delay = 0.00>
ST_1 : Operation 7 [1/1] (0.00ns)   --->   "%sext_ln640_read = read i29 @_ssdm_op_Read.ap_auto.i29, i29 %sext_ln640"   --->   Operation 7 'read' 'sext_ln640_read' <Predicate = true> <Delay = 0.00>
ST_1 : Operation 8 [1/1] (0.00ns)   --->   "%lshr_ln4_read = read i10 @_ssdm_op_Read.ap_auto.i10, i10 %lshr_ln4"   --->   Operation 8 'read' 'lshr_ln4_read' <Predicate = true> <Delay = 0.00>
ST_1 : Operation 9 [1/1] (0.00ns)   --->   "%sext_ln640_cast = sext i29 %sext_ln640_read"   --->   Operation 9 'sext' 'sext_ln640_cast' <Predicate = true> <Delay = 0.00>
ST_1 : Operation 10 [1/1] (0.00ns)   --->   "%specstablecontent_ln0 = specstablecontent void @_ssdm_op_SpecStableContent, i64 %mm_video, i1 1, void @p_str"   --->   Operation 10 'specstablecontent' 'specstablecontent_ln0' <Predicate = true> <Delay = 0.00>
ST_1 : Operation 11 [1/1] (0.00ns)   --->   "%specmemcore_ln0 = specmemcore void @_ssdm_op_SpecMemCore, i64 %bytePlanes_plane2, i64 666, i64 8, i64 18446744073709551615, i1 0"   --->   Operation 11 'specmemcore' 'specmemcore_ln0' <Predicate = true> <Delay = 0.00>
ST_1 : Operation 12 [1/1] (0.00ns)   --->   "%specinterface_ln0 = specinterface void @_ssdm_op_SpecInterface, i64 %mm_video, void @empty_21, i32 0, i32 0, void @empty_11, i32 100, i32 2073600, void @empty_1, void @empty_2, void @empty_11, i32 4, i32 16, i32 16, i32 16, void @empty_11, void @empty_11, i32 4294967295, i32 0, i32 0, i32 8"   --->   Operation 12 'specinterface' 'specinterface_ln0' <Predicate = true> <Delay = 0.00>
ST_1 : Operation 13 [1/1] (0.00ns)   --->   "%specinterface_ln0 = specinterface void @_ssdm_op_SpecInterface, i64 %bytePlanes_plane2, void @empty_17, i32 0, i32 0, void @empty_11, i32 0, i32 0, void @empty_11, void @empty_11, void @empty_11, i32 0, i32 0, i32 0, i32 0, void @empty_11, void @empty_11, i32 4294967295, i32 0, i32 0, i32 0"   --->   Operation 13 'specinterface' 'specinterface_ln0' <Predicate = true> <Delay = 0.00>
ST_1 : Operation 14 [1/1] (1.29ns)   --->   "%store_ln640 = store i10 0, i10 %x" [prj/sol/.autopilot/db/v_frmbuf_rd.cpp:640]   --->   Operation 14 'store' 'store_ln640' <Predicate = true> <Delay = 1.29>
ST_1 : Operation 15 [1/1] (0.00ns)   --->   "%br_ln0 = br void %for.inc98"   --->   Operation 15 'br' 'br_ln0' <Predicate = true> <Delay = 0.00>
ST_1 : Operation 16 [1/1] (0.00ns)   --->   "%x_17 = load i10 %x" [prj/sol/.autopilot/db/v_frmbuf_rd.cpp:640]   --->   Operation 16 'load' 'x_17' <Predicate = true> <Delay = 0.00>
ST_1 : Operation 17 [1/1] (1.41ns)   --->   "%icmp_ln640 = icmp_eq  i10 %x_17, i10 %lshr_ln4_read" [prj/sol/.autopilot/db/v_frmbuf_rd.cpp:640]   --->   Operation 17 'icmp' 'icmp_ln640' <Predicate = true> <Delay = 1.41> <CoreInst = "Cmp">   --->   Core 9 'Cmp' <Latency = 0> <II = 1> <Delay = 1.41> <FuncUnit> <Opcode : 'seteq' 'setne' 'setle' 'setge' 'setlt' 'setgt'> <InPorts = 2> <OutPorts = 1>
ST_1 : Operation 18 [1/1] (0.00ns)   --->   "%speclooptripcount_ln0 = speclooptripcount void @_ssdm_op_SpecLoopTripCount, i64 1, i64 720, i64 0"   --->   Operation 18 'speclooptripcount' 'speclooptripcount_ln0' <Predicate = true> <Delay = 0.00>
ST_1 : Operation 19 [1/1] (1.41ns)   --->   "%add_ln640 = add i10 %x_17, i10 1" [prj/sol/.autopilot/db/v_frmbuf_rd.cpp:640]   --->   Operation 19 'add' 'add_ln640' <Predicate = true> <Delay = 1.41> <CoreInst = "Adder">   --->   Core 1 'Adder' <Latency = 0> <II = 1> <Delay = 1.41> <FuncUnit> <Opcode : 'add' 'sub'> <InPorts = 2> <OutPorts = 1>
ST_1 : Operation 20 [1/1] (0.00ns)   --->   "%br_ln640 = br i1 %icmp_ln640, void %for.inc98.split, void %for.end100.loopexit.exitStub" [prj/sol/.autopilot/db/v_frmbuf_rd.cpp:640]   --->   Operation 20 'br' 'br_ln640' <Predicate = true> <Delay = 0.00>
ST_1 : Operation 21 [1/1] (1.29ns)   --->   "%store_ln640 = store i10 %add_ln640, i10 %x" [prj/sol/.autopilot/db/v_frmbuf_rd.cpp:640]   --->   Operation 21 'store' 'store_ln640' <Predicate = (!icmp_ln640)> <Delay = 1.29>

State 2 <SV = 1> <Delay = 4.76>
ST_2 : Operation 22 [1/1] (0.00ns)   --->   "%mm_video_addr = getelementptr i64 %mm_video, i32 %sext_ln640_cast" [prj/sol/.autopilot/db/v_frmbuf_rd.cpp:640]   --->   Operation 22 'getelementptr' 'mm_video_addr' <Predicate = true> <Delay = 0.00>
ST_2 : Operation 23 [1/1] ( I:4.76ns O:4.76ns )   --->   "%mm_video_addr_read = read i64 @_ssdm_op_Read.m_axi.i64.p1i64, i64 %mm_video_addr" [prj/sol/.autopilot/db/v_frmbuf_rd.cpp:643]   --->   Operation 23 'read' 'mm_video_addr_read' <Predicate = true> <Delay = 4.76> <CoreInst = "m_axi">   --->   Core 111 'm_axi' <Latency = 3> <II = 1> <Delay = 1.00> <Adapter> <Opcode : 'readrequnaligned' 'writerequnaligned' 'read' 'write' 'readreq' 'writereq' 'writeresp'>
ST_2 : Operation 28 [1/1] (1.29ns)   --->   "%ret_ln0 = ret"   --->   Operation 28 'ret' 'ret_ln0' <Predicate = (icmp_ln640)> <Delay = 1.29>

State 3 <SV = 2> <Delay = 2.38>
ST_3 : Operation 24 [1/1] (0.00ns)   --->   "%specpipeline_ln642 = specpipeline void @_ssdm_op_SpecPipeline, i32 1, i32 0, i32 0, i32 0, i32 4294967295, void @empty_11" [prj/sol/.autopilot/db/v_frmbuf_rd.cpp:642]   --->   Operation 24 'specpipeline' 'specpipeline_ln642' <Predicate = true> <Delay = 0.00>
ST_3 : Operation 25 [1/1] (0.00ns)   --->   "%specloopname_ln640 = specloopname void @_ssdm_op_SpecLoopName, void @empty_51" [prj/sol/.autopilot/db/v_frmbuf_rd.cpp:640]   --->   Operation 25 'specloopname' 'specloopname_ln640' <Predicate = true> <Delay = 0.00>
ST_3 : Operation 26 [1/1] ( I:2.38ns O:2.38ns )   --->   "%write_ln644 = write void @_ssdm_op_Write.ap_fifo.volatile.i64P0A, i64 %bytePlanes_plane2, i64 %mm_video_addr_read" [prj/sol/.autopilot/db/v_frmbuf_rd.cpp:644]   --->   Operation 26 'write' 'write_ln644' <Predicate = true> <Delay = 2.38> <CoreInst = "FIFO_BRAM">   --->   Core 78 'FIFO_BRAM' <Latency = 0> <II = 1> <Delay = 3.41> <Storage> <Opcode : 'read' 'write' 'nbread' 'nbwrite'> <Ports = 0> <Width = 64> <Depth = 481> <FIFO>
ST_3 : Operation 27 [1/1] (0.00ns)   --->   "%br_ln640 = br void %for.inc98" [prj/sol/.autopilot/db/v_frmbuf_rd.cpp:640]   --->   Operation 27 'br' 'br_ln640' <Predicate = true> <Delay = 0.00>


============================================================
+ Verbose Summary: Timing violations
============================================================
Target clock period: 6.522ns, clock uncertainty: 1.761ns.

 <State 1>: 4.013ns
The critical path consists of the following:
	'store' operation ('store_ln640', prj/sol/.autopilot/db/v_frmbuf_rd.cpp:640) of constant 0 10 bit on local variable 'x', prj/sol/.autopilot/db/v_frmbuf_rd.cpp:640 [13]  (1.298 ns)
	'load' operation 10 bit ('x', prj/sol/.autopilot/db/v_frmbuf_rd.cpp:640) on local variable 'x', prj/sol/.autopilot/db/v_frmbuf_rd.cpp:640 [16]  (0.000 ns)
	'add' operation 10 bit ('add_ln640', prj/sol/.autopilot/db/v_frmbuf_rd.cpp:640) [19]  (1.417 ns)
	'store' operation ('store_ln640', prj/sol/.autopilot/db/v_frmbuf_rd.cpp:640) of variable 'add_ln640', prj/sol/.autopilot/db/v_frmbuf_rd.cpp:640 10 bit on local variable 'x', prj/sol/.autopilot/db/v_frmbuf_rd.cpp:640 [27]  (1.298 ns)

 <State 2>: 4.761ns
The critical path consists of the following:
	'getelementptr' operation 64 bit ('mm_video_addr', prj/sol/.autopilot/db/v_frmbuf_rd.cpp:640) [22]  (0.000 ns)
	bus read operation ('mm_video_addr_read', prj/sol/.autopilot/db/v_frmbuf_rd.cpp:643) on port 'mm_video' (prj/sol/.autopilot/db/v_frmbuf_rd.cpp:643) [25]  (4.761 ns)

 <State 3>: 2.381ns
The critical path consists of the following:
	fifo write operation ('write_ln644', prj/sol/.autopilot/db/v_frmbuf_rd.cpp:644) on port 'bytePlanes_plane2' (prj/sol/.autopilot/db/v_frmbuf_rd.cpp:644) [26]  (2.381 ns)


============================================================
+ Verbose Summary: Binding
============================================================
N/A
* FSMD analyzer results:
  - Output states:
 - Input state : 
  - Chain level:
	State 1
	State 2
	State 3


============================================================
+ Verbose Summary: Datapath Resource usage 
============================================================
N/A
