

================================================================
== Vitis HLS Report for 'Bytes2MultiPixStream_Pipeline_VITIS_LOOP_1532_26'
================================================================
* Date:           Mon Mar 16 15:10:46 2026

* Version:        2025.2 (Build 6295257 on Nov 14 2025)
* Project:        prj
* Solution:       sol (Vivado IP Flow Target)
* Product family: zynq
* Target device:  xc7z020-clg400-2


================================================================
== Performance Estimates
================================================================
+ Timing: 
    * Summary: 
    +--------+---------+----------+------------+
    |  Clock |  Target | Estimated| Uncertainty|
    +--------+---------+----------+------------+
    |ap_clk  |  6.52 ns|  4.761 ns|     1.76 ns|
    +--------+---------+----------+------------+

+ Latency: 
    * Summary: 
    +---------+---------+-----------+-----------+-----+-----+-------------------+
    |  Latency (cycles) |   Latency (absolute)  |  Interval |      Pipeline     |
    |   min   |   max   |    min    |    max    | min | max |        Type       |
    +---------+---------+-----------+-----------+-----+-----+-------------------+
    |        2|    11522|  13.044 ns|  75.146 us|    0|    0|  loop pipeline stp|
    +---------+---------+-----------+-----------+-----+-----+-------------------+

    + Detail: 
        * Instance: 
        N/A

        * Loop: 
        +----------------------+---------+---------+----------+-----------+-----------+----------+----------+
        |                      |  Latency (cycles) | Iteration|  Initiation Interval  |   Trip   |          |
        |       Loop Name      |   min   |   max   |  Latency |  achieved |   target  |   Count  | Pipelined|
        +----------------------+---------+---------+----------+-----------+-----------+----------+----------+
        |- VITIS_LOOP_1532_26  |        0|    11520|         9|          8|          8|  0 ~ 1440|       yes|
        +----------------------+---------+---------+----------+-----------+-----------+----------+----------+



================================================================
== Utilization Estimates
================================================================
* Summary: 
+-----------------+---------+-----+--------+-------+-----+
|       Name      | BRAM_18K| DSP |   FF   |  LUT  | URAM|
+-----------------+---------+-----+--------+-------+-----+
|DSP              |        -|    -|       -|      -|    -|
|Expression       |        -|    -|       0|     65|    -|
|FIFO             |        -|    -|       -|      -|    -|
|Instance         |        -|    -|       -|      -|    -|
|Memory           |        -|    -|       -|      -|    -|
|Multiplexer      |        -|    -|       0|    146|    -|
|Register         |        -|    -|      86|      -|    -|
+-----------------+---------+-----+--------+-------+-----+
|Total            |        0|    0|      86|    211|    0|
+-----------------+---------+-----+--------+-------+-----+
|Available        |      280|  220|  106400|  53200|    0|
+-----------------+---------+-----+--------+-------+-----+
|Utilization (%)  |        0|    0|      ~0|     ~0|    0|
+-----------------+---------+-----+--------+-------+-----+

+ Detail: 
    * Instance: 
    N/A

    * DSP: 
    N/A

    * Memory: 
    N/A

    * FIFO: 
    N/A

    * Expression: 
    +---------------------------------------+----------+----+---+----+------------+------------+
    |             Variable Name             | Operation| DSP| FF| LUT| Bitwidth P0| Bitwidth P1|
    +---------------------------------------+----------+----+---+----+------------+------------+
    |x_9_fu_175_p2                          |         +|   0|  0|  11|          11|           1|
    |ap_block_pp0_stage0_01001_grp8         |       and|   0|  0|   1|           1|           1|
    |ap_block_pp0_stage1_01001_grp1         |       and|   0|  0|   1|           1|           1|
    |ap_block_pp0_stage2_01001_grp2         |       and|   0|  0|   1|           1|           1|
    |ap_block_pp0_stage3_01001_grp3         |       and|   0|  0|   1|           1|           1|
    |ap_block_pp0_stage4_01001_grp4         |       and|   0|  0|   1|           1|           1|
    |ap_block_pp0_stage5_01001_grp5         |       and|   0|  0|   1|           1|           1|
    |ap_block_pp0_stage6_01001_grp6         |       and|   0|  0|   1|           1|           1|
    |ap_block_pp0_stage7_01001_grp7         |       and|   0|  0|   1|           1|           1|
    |ap_block_state3_pp0_stage2_iter0_grp2  |       and|   0|  0|   1|           1|           1|
    |ap_block_state4_pp0_stage3_iter0_grp3  |       and|   0|  0|   1|           1|           1|
    |ap_block_state5_pp0_stage4_iter0_grp4  |       and|   0|  0|   1|           1|           1|
    |ap_block_state6_pp0_stage5_iter0_grp5  |       and|   0|  0|   1|           1|           1|
    |ap_block_state7_pp0_stage6_iter0_grp6  |       and|   0|  0|   1|           1|           1|
    |ap_block_state8_pp0_stage7_iter0_grp7  |       and|   0|  0|   1|           1|           1|
    |ap_block_state9_pp0_stage0_iter1_grp8  |       and|   0|  0|   1|           1|           1|
    |ap_predicate_op64_write_state3         |       and|   0|  0|   1|           1|           1|
    |ap_predicate_op67_write_state4         |       and|   0|  0|   1|           1|           1|
    |ap_predicate_op70_write_state5         |       and|   0|  0|   1|           1|           1|
    |ap_predicate_op73_write_state6         |       and|   0|  0|   1|           1|           1|
    |ap_predicate_op76_write_state7         |       and|   0|  0|   1|           1|           1|
    |ap_predicate_op79_write_state8         |       and|   0|  0|   1|           1|           1|
    |icmp_ln1532_fu_169_p2                  |      icmp|   0|  0|  11|          11|          11|
    |icmp_ln1548_fu_185_p2                  |      icmp|   0|  0|  12|          12|          12|
    |ap_block_state2_pp0_stage1_iter0_grp1  |        or|   0|  0|   1|           1|           1|
    |or_ln1548_1_fu_197_p2                  |        or|   0|  0|   1|           1|           1|
    |or_ln1548_2_fu_203_p2                  |        or|   0|  0|   1|           1|           1|
    |or_ln1548_3_fu_209_p2                  |        or|   0|  0|   1|           1|           1|
    |or_ln1548_4_fu_215_p2                  |        or|   0|  0|   1|           1|           1|
    |or_ln1548_5_fu_221_p2                  |        or|   0|  0|   1|           1|           1|
    |or_ln1548_6_fu_227_p2                  |        or|   0|  0|   1|           1|           1|
    |or_ln1548_fu_191_p2                    |        or|   0|  0|   1|           1|           1|
    |ap_enable_pp0                          |       xor|   0|  0|   2|           1|           2|
    +---------------------------------------+----------+----+---+----+------------+------------+
    |Total                                  |          |   0|  0|  65|          64|          55|
    +---------------------------------------+----------+----+---+----+------------+------------+

    * Multiplexer: 
    +-----------------------------+----+-----------+-----+-----------+
    |             Name            | LUT| Input Size| Bits| Total Bits|
    +-----------------------------+----+-----------+-----+-----------+
    |ap_NS_fsm                    |  37|          9|    1|          9|
    |ap_done_int                  |   9|          2|    1|          2|
    |ap_enable_reg_pp0_iter0      |   9|          2|    1|          2|
    |ap_enable_reg_pp0_iter0_reg  |   9|          2|    1|          2|
    |ap_enable_reg_pp0_iter1      |   9|          2|    1|          2|
    |ap_sig_allocacmp_x_8         |   9|          2|   11|         22|
    |bytePlanes_plane0_blk_n      |   9|          2|    1|          2|
    |img_blk_n                    |   9|          2|    1|          2|
    |img_din                      |  37|          9|   24|        216|
    |x_fu_90                      |   9|          2|   11|         22|
    +-----------------------------+----+-----------+-----+-----------+
    |Total                        | 146|         34|   53|        281|
    +-----------------------------+----+-----------+-----+-----------+

    * Register: 
    +-----------------------------+----+----+-----+-----------+
    |             Name            | FF | LUT| Bits| Const Bits|
    +-----------------------------+----+----+-----+-----------+
    |ap_CS_fsm                    |   8|   0|    8|          0|
    |ap_done_reg                  |   1|   0|    1|          0|
    |ap_enable_reg_pp0_iter0_reg  |   1|   0|    1|          0|
    |ap_enable_reg_pp0_iter1      |   1|   0|    1|          0|
    |icmp_ln1532_reg_370          |   1|   0|    1|          0|
    |or_ln1548_1_reg_378          |   1|   0|    1|          0|
    |or_ln1548_2_reg_382          |   1|   0|    1|          0|
    |or_ln1548_3_reg_386          |   1|   0|    1|          0|
    |or_ln1548_4_reg_390          |   1|   0|    1|          0|
    |or_ln1548_5_reg_394          |   1|   0|    1|          0|
    |or_ln1548_6_reg_398          |   1|   0|    1|          0|
    |or_ln1548_reg_374            |   1|   0|    1|          0|
    |tmp_10_reg_402               |   8|   0|    8|          0|
    |tmp_23_reg_407               |   8|   0|    8|          0|
    |tmp_47_reg_412               |   8|   0|    8|          0|
    |tmp_58_reg_422               |   8|   0|    8|          0|
    |tmp_59_reg_427               |   8|   0|    8|          0|
    |tmp_60_reg_432               |   8|   0|    8|          0|
    |tmp_s_reg_417                |   8|   0|    8|          0|
    |x_fu_90                      |  11|   0|   11|          0|
    +-----------------------------+----+----+-----+-----------+
    |Total                        |  86|   0|   86|          0|
    +-----------------------------+----+----+-----+-----------+



================================================================
== Interface
================================================================
* Summary: 
+----------------------------------+-----+-----+------------+--------------------------------------------------+--------------+
|             RTL Ports            | Dir | Bits|  Protocol  |                   Source Object                  |    C Type    |
+----------------------------------+-----+-----+------------+--------------------------------------------------+--------------+
|ap_clk                            |   in|    1|  ap_ctrl_hs|  Bytes2MultiPixStream_Pipeline_VITIS_LOOP_1532_26|  return value|
|ap_rst                            |   in|    1|  ap_ctrl_hs|  Bytes2MultiPixStream_Pipeline_VITIS_LOOP_1532_26|  return value|
|ap_start                          |   in|    1|  ap_ctrl_hs|  Bytes2MultiPixStream_Pipeline_VITIS_LOOP_1532_26|  return value|
|ap_done                           |  out|    1|  ap_ctrl_hs|  Bytes2MultiPixStream_Pipeline_VITIS_LOOP_1532_26|  return value|
|ap_idle                           |  out|    1|  ap_ctrl_hs|  Bytes2MultiPixStream_Pipeline_VITIS_LOOP_1532_26|  return value|
|ap_ready                          |  out|    1|  ap_ctrl_hs|  Bytes2MultiPixStream_Pipeline_VITIS_LOOP_1532_26|  return value|
|img_din                           |  out|   24|     ap_fifo|                                               img|       pointer|
|img_full_n                        |   in|    1|     ap_fifo|                                               img|       pointer|
|img_write                         |  out|    1|     ap_fifo|                                               img|       pointer|
|img_num_data_valid                |   in|   32|     ap_fifo|                                               img|       pointer|
|img_fifo_cap                      |   in|   32|     ap_fifo|                                               img|       pointer|
|bytePlanes_plane0_dout            |   in|   64|     ap_fifo|                                 bytePlanes_plane0|       pointer|
|bytePlanes_plane0_empty_n         |   in|    1|     ap_fifo|                                 bytePlanes_plane0|       pointer|
|bytePlanes_plane0_read            |  out|    1|     ap_fifo|                                 bytePlanes_plane0|       pointer|
|bytePlanes_plane0_num_data_valid  |   in|   10|     ap_fifo|                                 bytePlanes_plane0|       pointer|
|bytePlanes_plane0_fifo_cap        |   in|   10|     ap_fifo|                                 bytePlanes_plane0|       pointer|
|loopWidth_8                       |   in|   11|   ap_stable|                                       loopWidth_8|        scalar|
|icmp_ln1522                       |   in|    1|   ap_stable|                                       icmp_ln1522|        scalar|
|icmp_ln1548_5                     |   in|    1|   ap_stable|                                     icmp_ln1548_5|        scalar|
|icmp_ln1548_4                     |   in|    1|   ap_stable|                                     icmp_ln1548_4|        scalar|
|icmp_ln1548_3                     |   in|    1|   ap_stable|                                     icmp_ln1548_3|        scalar|
|icmp48                            |   in|    1|   ap_stable|                                            icmp48|        scalar|
|icmp_ln1548_1                     |   in|    1|   ap_stable|                                     icmp_ln1548_1|        scalar|
|sext_ln1548                       |   in|   12|   ap_stable|                                       sext_ln1548|        scalar|
|icmp45                            |   in|    1|   ap_stable|                                            icmp45|        scalar|
+----------------------------------+-----+-----+------------+--------------------------------------------------+--------------+

============================================================
+ Verbose Summary: Synthesis Manager
============================================================
InlineROM: 1
ExposeGlobal: 0
============================================================
+ Verbose Summary: CDFG Model
============================================================
IsTopModel: 0
ResetActiveHigh: 1
IsCombinational: 2
IsDatapathOnly: 2
HasWiredReturn: 1
HasMFsm: 2
HasVarLatency: 1
IsPipeline: 0
IsRtlPipelined: 0
IsInstanceOverlapped: 0
IsDontTouch: 0
HasImplIP: 0
IsGatedGlobalClock: 0

+ Individual pipeline summary: 
  * Pipeline-0: initiation interval (II) = 8, depth = 9


============================================================
+ Verbose Summary: Schedule
============================================================
* Number of FSM states : 9
* Pipeline : 1
  Pipeline-0 : II = 8, D = 9, States = { 1 2 3 4 5 6 7 8 9 }
* Dataflow Pipeline: 0

* FSM state transitions: 
1 --> 2 
2 --> 3 
3 --> 4 
4 --> 5 
5 --> 6 
6 --> 7 
7 --> 8 
8 --> 9 
9 --> 

* FSM state operations: 

State 1 <SV = 0> <Delay = 4.07>
ST_1 : Operation 12 [1/1] (0.00ns)   --->   "%x = alloca i32 1" [prj/sol/.autopilot/db/v_frmbuf_rd.cpp:1532]   --->   Operation 12 'alloca' 'x' <Predicate = true> <Delay = 0.00>
ST_1 : Operation 13 [1/1] (0.00ns)   --->   "%specmemcore_ln0 = specmemcore void @_ssdm_op_SpecMemCore, i64 %bytePlanes_plane0, i64 666, i64 8, i64 18446744073709551615, i1 0"   --->   Operation 13 'specmemcore' 'specmemcore_ln0' <Predicate = true> <Delay = 0.00>
ST_1 : Operation 14 [1/1] (0.00ns)   --->   "%specinterface_ln0 = specinterface void @_ssdm_op_SpecInterface, i24 %img, void @empty_17, i32 0, i32 0, void @empty_11, i32 0, i32 0, void @empty_11, void @empty_11, void @empty_11, i32 0, i32 0, i32 0, i32 0, void @empty_11, void @empty_11, i32 4294967295, i32 0, i32 0, i32 0"   --->   Operation 14 'specinterface' 'specinterface_ln0' <Predicate = true> <Delay = 0.00>
ST_1 : Operation 15 [1/1] (0.00ns)   --->   "%specinterface_ln0 = specinterface void @_ssdm_op_SpecInterface, i64 %bytePlanes_plane0, void @empty_17, i32 0, i32 0, void @empty_11, i32 0, i32 0, void @empty_11, void @empty_11, void @empty_11, i32 0, i32 0, i32 0, i32 0, void @empty_11, void @empty_11, i32 4294967295, i32 0, i32 0, i32 0"   --->   Operation 15 'specinterface' 'specinterface_ln0' <Predicate = true> <Delay = 0.00>
ST_1 : Operation 16 [1/1] (0.00ns)   --->   "%icmp45_read = read i1 @_ssdm_op_Read.ap_auto.i1, i1 %icmp45" [prj/sol/.autopilot/db/v_frmbuf_rd.cpp:686]   --->   Operation 16 'read' 'icmp45_read' <Predicate = true> <Delay = 0.00>
ST_1 : Operation 17 [1/1] (0.00ns)   --->   "%sext_ln1548_read = read i12 @_ssdm_op_Read.ap_auto.i12, i12 %sext_ln1548" [prj/sol/.autopilot/db/v_frmbuf_rd.cpp:686]   --->   Operation 17 'read' 'sext_ln1548_read' <Predicate = true> <Delay = 0.00>
ST_1 : Operation 18 [1/1] (0.00ns)   --->   "%icmp_ln1548_1_read = read i1 @_ssdm_op_Read.ap_auto.i1, i1 %icmp_ln1548_1" [prj/sol/.autopilot/db/v_frmbuf_rd.cpp:686]   --->   Operation 18 'read' 'icmp_ln1548_1_read' <Predicate = true> <Delay = 0.00>
ST_1 : Operation 19 [1/1] (0.00ns)   --->   "%icmp48_read = read i1 @_ssdm_op_Read.ap_auto.i1, i1 %icmp48" [prj/sol/.autopilot/db/v_frmbuf_rd.cpp:686]   --->   Operation 19 'read' 'icmp48_read' <Predicate = true> <Delay = 0.00>
ST_1 : Operation 20 [1/1] (0.00ns)   --->   "%icmp_ln1548_3_read = read i1 @_ssdm_op_Read.ap_auto.i1, i1 %icmp_ln1548_3" [prj/sol/.autopilot/db/v_frmbuf_rd.cpp:686]   --->   Operation 20 'read' 'icmp_ln1548_3_read' <Predicate = true> <Delay = 0.00>
ST_1 : Operation 21 [1/1] (0.00ns)   --->   "%icmp_ln1548_4_read = read i1 @_ssdm_op_Read.ap_auto.i1, i1 %icmp_ln1548_4" [prj/sol/.autopilot/db/v_frmbuf_rd.cpp:686]   --->   Operation 21 'read' 'icmp_ln1548_4_read' <Predicate = true> <Delay = 0.00>
ST_1 : Operation 22 [1/1] (0.00ns)   --->   "%icmp_ln1548_5_read = read i1 @_ssdm_op_Read.ap_auto.i1, i1 %icmp_ln1548_5" [prj/sol/.autopilot/db/v_frmbuf_rd.cpp:686]   --->   Operation 22 'read' 'icmp_ln1548_5_read' <Predicate = true> <Delay = 0.00>
ST_1 : Operation 23 [1/1] (0.00ns)   --->   "%icmp_ln1522_read = read i1 @_ssdm_op_Read.ap_auto.i1, i1 %icmp_ln1522" [prj/sol/.autopilot/db/v_frmbuf_rd.cpp:686]   --->   Operation 23 'read' 'icmp_ln1522_read' <Predicate = true> <Delay = 0.00>
ST_1 : Operation 24 [1/1] (0.00ns)   --->   "%loopWidth_8_read = read i11 @_ssdm_op_Read.ap_auto.i11, i11 %loopWidth_8" [prj/sol/.autopilot/db/v_frmbuf_rd.cpp:686]   --->   Operation 24 'read' 'loopWidth_8_read' <Predicate = true> <Delay = 0.00>
ST_1 : Operation 25 [1/1] (1.29ns)   --->   "%store_ln1532 = store i11 0, i11 %x" [prj/sol/.autopilot/db/v_frmbuf_rd.cpp:1532]   --->   Operation 25 'store' 'store_ln1532' <Predicate = true> <Delay = 1.29>
ST_1 : Operation 26 [1/1] (0.00ns)   --->   "%br_ln1532 = br void %VITIS_LOOP_1539_27" [prj/sol/.autopilot/db/v_frmbuf_rd.cpp:1532]   --->   Operation 26 'br' 'br_ln1532' <Predicate = true> <Delay = 0.00>
ST_1 : Operation 27 [1/1] (0.00ns)   --->   "%x_8 = load i11 %x" [prj/sol/.autopilot/db/v_frmbuf_rd.cpp:1532]   --->   Operation 27 'load' 'x_8' <Predicate = true> <Delay = 0.00>
ST_1 : Operation 28 [1/1] (1.48ns)   --->   "%icmp_ln1532 = icmp_eq  i11 %x_8, i11 %loopWidth_8_read" [prj/sol/.autopilot/db/v_frmbuf_rd.cpp:1532]   --->   Operation 28 'icmp' 'icmp_ln1532' <Predicate = true> <Delay = 1.48> <CoreInst = "Cmp">   --->   Core 9 'Cmp' <Latency = 0> <II = 1> <Delay = 1.48> <FuncUnit> <Opcode : 'seteq' 'setne' 'setle' 'setge' 'setlt' 'setgt'> <InPorts = 2> <OutPorts = 1>
ST_1 : Operation 29 [1/1] (0.00ns)   --->   "%speclooptripcount_ln0 = speclooptripcount void @_ssdm_op_SpecLoopTripCount, i64 0, i64 1440, i64 0"   --->   Operation 29 'speclooptripcount' 'speclooptripcount_ln0' <Predicate = true> <Delay = 0.00>
ST_1 : Operation 30 [1/1] (1.48ns)   --->   "%x_9 = add i11 %x_8, i11 1" [prj/sol/.autopilot/db/v_frmbuf_rd.cpp:1532]   --->   Operation 30 'add' 'x_9' <Predicate = true> <Delay = 1.48> <CoreInst = "Adder">   --->   Core 1 'Adder' <Latency = 0> <II = 1> <Delay = 1.48> <FuncUnit> <Opcode : 'add' 'sub'> <InPorts = 2> <OutPorts = 1>
ST_1 : Operation 31 [1/1] (0.00ns)   --->   "%br_ln1532 = br i1 %icmp_ln1532, void %VITIS_LOOP_1539_27.split, void %for.inc1077.exitStub" [prj/sol/.autopilot/db/v_frmbuf_rd.cpp:1532]   --->   Operation 31 'br' 'br_ln1532' <Predicate = true> <Delay = 0.00>
ST_1 : Operation 32 [1/1] (0.00ns)   --->   "%zext_ln1534 = zext i11 %x_8" [prj/sol/.autopilot/db/v_frmbuf_rd.cpp:1534]   --->   Operation 32 'zext' 'zext_ln1534' <Predicate = (!icmp_ln1532)> <Delay = 0.00>
ST_1 : Operation 33 [1/1] (1.54ns)   --->   "%icmp_ln1548 = icmp_slt  i12 %zext_ln1534, i12 %sext_ln1548_read" [prj/sol/.autopilot/db/v_frmbuf_rd.cpp:1548]   --->   Operation 33 'icmp' 'icmp_ln1548' <Predicate = (!icmp_ln1532)> <Delay = 1.54> <CoreInst = "Cmp">   --->   Core 9 'Cmp' <Latency = 0> <II = 1> <Delay = 1.54> <FuncUnit> <Opcode : 'seteq' 'setne' 'setle' 'setge' 'setlt' 'setgt'> <InPorts = 2> <OutPorts = 1>
ST_1 : Operation 34 [1/1] (0.80ns)   --->   "%or_ln1548 = or i1 %icmp_ln1548, i1 %icmp45_read" [prj/sol/.autopilot/db/v_frmbuf_rd.cpp:1548]   --->   Operation 34 'or' 'or_ln1548' <Predicate = (!icmp_ln1532)> <Delay = 0.80> <CoreInst = "LogicGate">   --->   Core 74 'LogicGate' <Latency = 0> <II = 1> <Delay = 0.80> <FuncUnit> <Opcode : 'and' 'or' 'xor'> <InPorts = 2> <OutPorts = 1>
ST_1 : Operation 35 [1/1] (0.00ns)   --->   "%br_ln1548 = br i1 %or_ln1548, void %for.inc1061.2, void %if.then1069.1" [prj/sol/.autopilot/db/v_frmbuf_rd.cpp:1548]   --->   Operation 35 'br' 'br_ln1548' <Predicate = (!icmp_ln1532)> <Delay = 0.00>
ST_1 : Operation 36 [1/1] (0.80ns)   --->   "%or_ln1548_1 = or i1 %icmp_ln1548, i1 %icmp_ln1548_1_read" [prj/sol/.autopilot/db/v_frmbuf_rd.cpp:1548]   --->   Operation 36 'or' 'or_ln1548_1' <Predicate = (!icmp_ln1532)> <Delay = 0.80> <CoreInst = "LogicGate">   --->   Core 74 'LogicGate' <Latency = 0> <II = 1> <Delay = 0.80> <FuncUnit> <Opcode : 'and' 'or' 'xor'> <InPorts = 2> <OutPorts = 1>
ST_1 : Operation 37 [1/1] (0.00ns)   --->   "%br_ln1548 = br i1 %or_ln1548_1, void %for.inc1061.3, void %if.then1069.2" [prj/sol/.autopilot/db/v_frmbuf_rd.cpp:1548]   --->   Operation 37 'br' 'br_ln1548' <Predicate = (!icmp_ln1532)> <Delay = 0.00>
ST_1 : Operation 38 [1/1] (0.80ns)   --->   "%or_ln1548_2 = or i1 %icmp_ln1548, i1 %icmp48_read" [prj/sol/.autopilot/db/v_frmbuf_rd.cpp:1548]   --->   Operation 38 'or' 'or_ln1548_2' <Predicate = (!icmp_ln1532)> <Delay = 0.80> <CoreInst = "LogicGate">   --->   Core 74 'LogicGate' <Latency = 0> <II = 1> <Delay = 0.80> <FuncUnit> <Opcode : 'and' 'or' 'xor'> <InPorts = 2> <OutPorts = 1>
ST_1 : Operation 39 [1/1] (0.00ns)   --->   "%br_ln1548 = br i1 %or_ln1548_2, void %for.inc1061.4, void %if.then1069.3" [prj/sol/.autopilot/db/v_frmbuf_rd.cpp:1548]   --->   Operation 39 'br' 'br_ln1548' <Predicate = (!icmp_ln1532)> <Delay = 0.00>
ST_1 : Operation 40 [1/1] (0.80ns)   --->   "%or_ln1548_3 = or i1 %icmp_ln1548, i1 %icmp_ln1548_3_read" [prj/sol/.autopilot/db/v_frmbuf_rd.cpp:1548]   --->   Operation 40 'or' 'or_ln1548_3' <Predicate = (!icmp_ln1532)> <Delay = 0.80> <CoreInst = "LogicGate">   --->   Core 74 'LogicGate' <Latency = 0> <II = 1> <Delay = 0.80> <FuncUnit> <Opcode : 'and' 'or' 'xor'> <InPorts = 2> <OutPorts = 1>
ST_1 : Operation 41 [1/1] (0.00ns)   --->   "%br_ln1548 = br i1 %or_ln1548_3, void %for.inc1061.5, void %if.then1069.4" [prj/sol/.autopilot/db/v_frmbuf_rd.cpp:1548]   --->   Operation 41 'br' 'br_ln1548' <Predicate = (!icmp_ln1532)> <Delay = 0.00>
ST_1 : Operation 42 [1/1] (0.80ns)   --->   "%or_ln1548_4 = or i1 %icmp_ln1548, i1 %icmp_ln1548_4_read" [prj/sol/.autopilot/db/v_frmbuf_rd.cpp:1548]   --->   Operation 42 'or' 'or_ln1548_4' <Predicate = (!icmp_ln1532)> <Delay = 0.80> <CoreInst = "LogicGate">   --->   Core 74 'LogicGate' <Latency = 0> <II = 1> <Delay = 0.80> <FuncUnit> <Opcode : 'and' 'or' 'xor'> <InPorts = 2> <OutPorts = 1>
ST_1 : Operation 43 [1/1] (0.00ns)   --->   "%br_ln1548 = br i1 %or_ln1548_4, void %for.inc1061.6, void %if.then1069.5" [prj/sol/.autopilot/db/v_frmbuf_rd.cpp:1548]   --->   Operation 43 'br' 'br_ln1548' <Predicate = (!icmp_ln1532)> <Delay = 0.00>
ST_1 : Operation 44 [1/1] (0.80ns)   --->   "%or_ln1548_5 = or i1 %icmp_ln1548, i1 %icmp_ln1548_5_read" [prj/sol/.autopilot/db/v_frmbuf_rd.cpp:1548]   --->   Operation 44 'or' 'or_ln1548_5' <Predicate = (!icmp_ln1532)> <Delay = 0.80> <CoreInst = "LogicGate">   --->   Core 74 'LogicGate' <Latency = 0> <II = 1> <Delay = 0.80> <FuncUnit> <Opcode : 'and' 'or' 'xor'> <InPorts = 2> <OutPorts = 1>
ST_1 : Operation 45 [1/1] (0.00ns)   --->   "%br_ln1548 = br i1 %or_ln1548_5, void %for.inc1061.7, void %if.then1069.6" [prj/sol/.autopilot/db/v_frmbuf_rd.cpp:1548]   --->   Operation 45 'br' 'br_ln1548' <Predicate = (!icmp_ln1532)> <Delay = 0.00>
ST_1 : Operation 46 [1/1] (0.80ns)   --->   "%or_ln1548_6 = or i1 %icmp_ln1548, i1 %icmp_ln1522_read" [prj/sol/.autopilot/db/v_frmbuf_rd.cpp:1548]   --->   Operation 46 'or' 'or_ln1548_6' <Predicate = (!icmp_ln1532)> <Delay = 0.80> <CoreInst = "LogicGate">   --->   Core 74 'LogicGate' <Latency = 0> <II = 1> <Delay = 0.80> <FuncUnit> <Opcode : 'and' 'or' 'xor'> <InPorts = 2> <OutPorts = 1>
ST_1 : Operation 47 [1/1] (0.00ns)   --->   "%br_ln1548 = br i1 %or_ln1548_6, void %for.inc1071.7, void %if.then1069.7" [prj/sol/.autopilot/db/v_frmbuf_rd.cpp:1548]   --->   Operation 47 'br' 'br_ln1548' <Predicate = (!icmp_ln1532)> <Delay = 0.00>
ST_1 : Operation 48 [1/1] (1.29ns)   --->   "%store_ln1532 = store i11 %x_9, i11 %x" [prj/sol/.autopilot/db/v_frmbuf_rd.cpp:1532]   --->   Operation 48 'store' 'store_ln1532' <Predicate = (!icmp_ln1532)> <Delay = 1.29>
ST_1 : Operation 49 [1/1] (0.00ns)   --->   "%br_ln1532 = br void %VITIS_LOOP_1539_27" [prj/sol/.autopilot/db/v_frmbuf_rd.cpp:1532]   --->   Operation 49 'br' 'br_ln1532' <Predicate = (!icmp_ln1532)> <Delay = 0.00>
ST_1 : Operation 84 [1/1] (1.29ns)   --->   "%ret_ln0 = ret"   --->   Operation 84 'ret' 'ret_ln0' <Predicate = (icmp_ln1532)> <Delay = 1.29>

State 2 <SV = 1> <Delay = 4.76>
ST_2 : Operation 50 [1/1] (0.00ns)   --->   "%specpipeline_ln1534 = specpipeline void @_ssdm_op_SpecPipeline, i32 8, i32 0, i32 0, i32 0, i32 4294967295, void @empty_11" [prj/sol/.autopilot/db/v_frmbuf_rd.cpp:1534]   --->   Operation 50 'specpipeline' 'specpipeline_ln1534' <Predicate = (!icmp_ln1532)> <Delay = 0.00>
ST_2 : Operation 51 [1/1] (0.00ns)   --->   "%specloopname_ln1532 = specloopname void @_ssdm_op_SpecLoopName, void @empty_32" [prj/sol/.autopilot/db/v_frmbuf_rd.cpp:1532]   --->   Operation 51 'specloopname' 'specloopname_ln1532' <Predicate = (!icmp_ln1532)> <Delay = 0.00>
ST_2 : Operation 52 [1/1] ( I:2.38ns O:2.38ns )   --->   "%rd = read i64 @_ssdm_op_Read.ap_fifo.volatile.i64P0A, i64 %bytePlanes_plane0" [prj/sol/.autopilot/db/v_frmbuf_rd.cpp:1537]   --->   Operation 52 'read' 'rd' <Predicate = (!icmp_ln1532)> <Delay = 2.38> <CoreInst = "FIFO_BRAM">   --->   Core 78 'FIFO_BRAM' <Latency = 0> <II = 1> <Delay = 3.41> <Storage> <Opcode : 'read' 'write' 'nbread' 'nbwrite'> <Ports = 0> <Width = 64> <Depth = 481> <FIFO>
ST_2 : Operation 53 [1/1] (0.00ns)   --->   "%trunc_ln1544 = trunc i64 %rd" [prj/sol/.autopilot/db/v_frmbuf_rd.cpp:1544]   --->   Operation 53 'trunc' 'trunc_ln1544' <Predicate = (!icmp_ln1532)> <Delay = 0.00>
ST_2 : Operation 54 [1/1] (0.00ns)   --->   "%or_ln1549_2 = bitconcatenate i24 @_ssdm_op_BitConcatenate.i24.i16.i8, i16 32896, i8 %trunc_ln1544" [prj/sol/.autopilot/db/v_frmbuf_rd.cpp:1549]   --->   Operation 54 'bitconcatenate' 'or_ln1549_2' <Predicate = (!icmp_ln1532)> <Delay = 0.00>
ST_2 : Operation 55 [1/1] ( I:2.38ns O:2.38ns )   --->   "%write_ln1549 = write void @_ssdm_op_Write.ap_fifo.volatile.i24P0A, i24 %img, i24 %or_ln1549_2" [prj/sol/.autopilot/db/v_frmbuf_rd.cpp:1549]   --->   Operation 55 'write' 'write_ln1549' <Predicate = (!icmp_ln1532)> <Delay = 2.38> <CoreInst = "FIFO_SRL">   --->   Core 80 'FIFO_SRL' <Latency = 0> <II = 1> <Delay = 3.40> <Storage> <Opcode : 'read' 'write' 'nbread' 'nbwrite'> <Ports = 0> <Width = 24> <Depth = 2> <FIFO>
ST_2 : Operation 56 [1/1] (0.00ns)   --->   "%tmp_10 = partselect i8 @_ssdm_op_PartSelect.i8.i64.i32, i64 %rd, i32 8" [prj/sol/.autopilot/db/v_frmbuf_rd.cpp:1544]   --->   Operation 56 'partselect' 'tmp_10' <Predicate = (!icmp_ln1532)> <Delay = 0.00>
ST_2 : Operation 57 [1/1] (0.00ns)   --->   "%tmp_23 = partselect i8 @_ssdm_op_PartSelect.i8.i64.i32, i64 %rd, i32 16" [prj/sol/.autopilot/db/v_frmbuf_rd.cpp:1544]   --->   Operation 57 'partselect' 'tmp_23' <Predicate = (!icmp_ln1532)> <Delay = 0.00>
ST_2 : Operation 58 [1/1] (0.00ns)   --->   "%tmp_47 = partselect i8 @_ssdm_op_PartSelect.i8.i64.i32, i64 %rd, i32 24" [prj/sol/.autopilot/db/v_frmbuf_rd.cpp:1544]   --->   Operation 58 'partselect' 'tmp_47' <Predicate = (!icmp_ln1532)> <Delay = 0.00>
ST_2 : Operation 59 [1/1] (0.00ns)   --->   "%tmp_s = partselect i8 @_ssdm_op_PartSelect.i8.i64.i32, i64 %rd, i32 32" [prj/sol/.autopilot/db/v_frmbuf_rd.cpp:1544]   --->   Operation 59 'partselect' 'tmp_s' <Predicate = (!icmp_ln1532)> <Delay = 0.00>
ST_2 : Operation 60 [1/1] (0.00ns)   --->   "%tmp_58 = partselect i8 @_ssdm_op_PartSelect.i8.i64.i32, i64 %rd, i32 40" [prj/sol/.autopilot/db/v_frmbuf_rd.cpp:1544]   --->   Operation 60 'partselect' 'tmp_58' <Predicate = (!icmp_ln1532)> <Delay = 0.00>
ST_2 : Operation 61 [1/1] (0.00ns)   --->   "%tmp_59 = partselect i8 @_ssdm_op_PartSelect.i8.i64.i32, i64 %rd, i32 48" [prj/sol/.autopilot/db/v_frmbuf_rd.cpp:1544]   --->   Operation 61 'partselect' 'tmp_59' <Predicate = (!icmp_ln1532)> <Delay = 0.00>
ST_2 : Operation 62 [1/1] (0.00ns)   --->   "%tmp_60 = partselect i8 @_ssdm_op_PartSelect.i8.i64.i32, i64 %rd, i32 56" [prj/sol/.autopilot/db/v_frmbuf_rd.cpp:1544]   --->   Operation 62 'partselect' 'tmp_60' <Predicate = (!icmp_ln1532)> <Delay = 0.00>

State 3 <SV = 2> <Delay = 2.38>
ST_3 : Operation 63 [1/1] (0.00ns)   --->   "%or_ln1549_5 = bitconcatenate i24 @_ssdm_op_BitConcatenate.i24.i16.i8, i16 32896, i8 %tmp_10" [prj/sol/.autopilot/db/v_frmbuf_rd.cpp:1549]   --->   Operation 63 'bitconcatenate' 'or_ln1549_5' <Predicate = (!icmp_ln1532 & or_ln1548)> <Delay = 0.00>
ST_3 : Operation 64 [1/1] ( I:2.38ns O:2.38ns )   --->   "%write_ln1549 = write void @_ssdm_op_Write.ap_fifo.volatile.i24P0A, i24 %img, i24 %or_ln1549_5" [prj/sol/.autopilot/db/v_frmbuf_rd.cpp:1549]   --->   Operation 64 'write' 'write_ln1549' <Predicate = (!icmp_ln1532 & or_ln1548)> <Delay = 2.38> <CoreInst = "FIFO_SRL">   --->   Core 80 'FIFO_SRL' <Latency = 0> <II = 1> <Delay = 3.40> <Storage> <Opcode : 'read' 'write' 'nbread' 'nbwrite'> <Ports = 0> <Width = 24> <Depth = 2> <FIFO>
ST_3 : Operation 65 [1/1] (0.00ns)   --->   "%br_ln1549 = br void %for.inc1061.2" [prj/sol/.autopilot/db/v_frmbuf_rd.cpp:1549]   --->   Operation 65 'br' 'br_ln1549' <Predicate = (!icmp_ln1532 & or_ln1548)> <Delay = 0.00>

State 4 <SV = 3> <Delay = 2.38>
ST_4 : Operation 66 [1/1] (0.00ns)   --->   "%or_ln1549_8 = bitconcatenate i24 @_ssdm_op_BitConcatenate.i24.i16.i8, i16 32896, i8 %tmp_23" [prj/sol/.autopilot/db/v_frmbuf_rd.cpp:1549]   --->   Operation 66 'bitconcatenate' 'or_ln1549_8' <Predicate = (!icmp_ln1532 & or_ln1548_1)> <Delay = 0.00>
ST_4 : Operation 67 [1/1] ( I:2.38ns O:2.38ns )   --->   "%write_ln1549 = write void @_ssdm_op_Write.ap_fifo.volatile.i24P0A, i24 %img, i24 %or_ln1549_8" [prj/sol/.autopilot/db/v_frmbuf_rd.cpp:1549]   --->   Operation 67 'write' 'write_ln1549' <Predicate = (!icmp_ln1532 & or_ln1548_1)> <Delay = 2.38> <CoreInst = "FIFO_SRL">   --->   Core 80 'FIFO_SRL' <Latency = 0> <II = 1> <Delay = 3.40> <Storage> <Opcode : 'read' 'write' 'nbread' 'nbwrite'> <Ports = 0> <Width = 24> <Depth = 2> <FIFO>
ST_4 : Operation 68 [1/1] (0.00ns)   --->   "%br_ln1549 = br void %for.inc1061.3" [prj/sol/.autopilot/db/v_frmbuf_rd.cpp:1549]   --->   Operation 68 'br' 'br_ln1549' <Predicate = (!icmp_ln1532 & or_ln1548_1)> <Delay = 0.00>

State 5 <SV = 4> <Delay = 2.38>
ST_5 : Operation 69 [1/1] (0.00ns)   --->   "%or_ln1549_s = bitconcatenate i24 @_ssdm_op_BitConcatenate.i24.i16.i8, i16 32896, i8 %tmp_47" [prj/sol/.autopilot/db/v_frmbuf_rd.cpp:1549]   --->   Operation 69 'bitconcatenate' 'or_ln1549_s' <Predicate = (!icmp_ln1532 & or_ln1548_2)> <Delay = 0.00>
ST_5 : Operation 70 [1/1] ( I:2.38ns O:2.38ns )   --->   "%write_ln1549 = write void @_ssdm_op_Write.ap_fifo.volatile.i24P0A, i24 %img, i24 %or_ln1549_s" [prj/sol/.autopilot/db/v_frmbuf_rd.cpp:1549]   --->   Operation 70 'write' 'write_ln1549' <Predicate = (!icmp_ln1532 & or_ln1548_2)> <Delay = 2.38> <CoreInst = "FIFO_SRL">   --->   Core 80 'FIFO_SRL' <Latency = 0> <II = 1> <Delay = 3.40> <Storage> <Opcode : 'read' 'write' 'nbread' 'nbwrite'> <Ports = 0> <Width = 24> <Depth = 2> <FIFO>
ST_5 : Operation 71 [1/1] (0.00ns)   --->   "%br_ln1549 = br void %for.inc1061.4" [prj/sol/.autopilot/db/v_frmbuf_rd.cpp:1549]   --->   Operation 71 'br' 'br_ln1549' <Predicate = (!icmp_ln1532 & or_ln1548_2)> <Delay = 0.00>

State 6 <SV = 5> <Delay = 2.38>
ST_6 : Operation 72 [1/1] (0.00ns)   --->   "%or_ln1549_7 = bitconcatenate i24 @_ssdm_op_BitConcatenate.i24.i16.i8, i16 32896, i8 %tmp_s" [prj/sol/.autopilot/db/v_frmbuf_rd.cpp:1549]   --->   Operation 72 'bitconcatenate' 'or_ln1549_7' <Predicate = (!icmp_ln1532 & or_ln1548_3)> <Delay = 0.00>
ST_6 : Operation 73 [1/1] ( I:2.38ns O:2.38ns )   --->   "%write_ln1549 = write void @_ssdm_op_Write.ap_fifo.volatile.i24P0A, i24 %img, i24 %or_ln1549_7" [prj/sol/.autopilot/db/v_frmbuf_rd.cpp:1549]   --->   Operation 73 'write' 'write_ln1549' <Predicate = (!icmp_ln1532 & or_ln1548_3)> <Delay = 2.38> <CoreInst = "FIFO_SRL">   --->   Core 80 'FIFO_SRL' <Latency = 0> <II = 1> <Delay = 3.40> <Storage> <Opcode : 'read' 'write' 'nbread' 'nbwrite'> <Ports = 0> <Width = 24> <Depth = 2> <FIFO>
ST_6 : Operation 74 [1/1] (0.00ns)   --->   "%br_ln1549 = br void %for.inc1061.5" [prj/sol/.autopilot/db/v_frmbuf_rd.cpp:1549]   --->   Operation 74 'br' 'br_ln1549' <Predicate = (!icmp_ln1532 & or_ln1548_3)> <Delay = 0.00>

State 7 <SV = 6> <Delay = 2.38>
ST_7 : Operation 75 [1/1] (0.00ns)   --->   "%or_ln1549_1 = bitconcatenate i24 @_ssdm_op_BitConcatenate.i24.i16.i8, i16 32896, i8 %tmp_58" [prj/sol/.autopilot/db/v_frmbuf_rd.cpp:1549]   --->   Operation 75 'bitconcatenate' 'or_ln1549_1' <Predicate = (!icmp_ln1532 & or_ln1548_4)> <Delay = 0.00>
ST_7 : Operation 76 [1/1] ( I:2.38ns O:2.38ns )   --->   "%write_ln1549 = write void @_ssdm_op_Write.ap_fifo.volatile.i24P0A, i24 %img, i24 %or_ln1549_1" [prj/sol/.autopilot/db/v_frmbuf_rd.cpp:1549]   --->   Operation 76 'write' 'write_ln1549' <Predicate = (!icmp_ln1532 & or_ln1548_4)> <Delay = 2.38> <CoreInst = "FIFO_SRL">   --->   Core 80 'FIFO_SRL' <Latency = 0> <II = 1> <Delay = 3.40> <Storage> <Opcode : 'read' 'write' 'nbread' 'nbwrite'> <Ports = 0> <Width = 24> <Depth = 2> <FIFO>
ST_7 : Operation 77 [1/1] (0.00ns)   --->   "%br_ln1549 = br void %for.inc1061.6" [prj/sol/.autopilot/db/v_frmbuf_rd.cpp:1549]   --->   Operation 77 'br' 'br_ln1549' <Predicate = (!icmp_ln1532 & or_ln1548_4)> <Delay = 0.00>

State 8 <SV = 7> <Delay = 2.38>
ST_8 : Operation 78 [1/1] (0.00ns)   --->   "%or_ln1549_3 = bitconcatenate i24 @_ssdm_op_BitConcatenate.i24.i16.i8, i16 32896, i8 %tmp_59" [prj/sol/.autopilot/db/v_frmbuf_rd.cpp:1549]   --->   Operation 78 'bitconcatenate' 'or_ln1549_3' <Predicate = (!icmp_ln1532 & or_ln1548_5)> <Delay = 0.00>
ST_8 : Operation 79 [1/1] ( I:2.38ns O:2.38ns )   --->   "%write_ln1549 = write void @_ssdm_op_Write.ap_fifo.volatile.i24P0A, i24 %img, i24 %or_ln1549_3" [prj/sol/.autopilot/db/v_frmbuf_rd.cpp:1549]   --->   Operation 79 'write' 'write_ln1549' <Predicate = (!icmp_ln1532 & or_ln1548_5)> <Delay = 2.38> <CoreInst = "FIFO_SRL">   --->   Core 80 'FIFO_SRL' <Latency = 0> <II = 1> <Delay = 3.40> <Storage> <Opcode : 'read' 'write' 'nbread' 'nbwrite'> <Ports = 0> <Width = 24> <Depth = 2> <FIFO>
ST_8 : Operation 80 [1/1] (0.00ns)   --->   "%br_ln1549 = br void %for.inc1061.7" [prj/sol/.autopilot/db/v_frmbuf_rd.cpp:1549]   --->   Operation 80 'br' 'br_ln1549' <Predicate = (!icmp_ln1532 & or_ln1548_5)> <Delay = 0.00>

State 9 <SV = 8> <Delay = 2.38>
ST_9 : Operation 81 [1/1] (0.00ns)   --->   "%or_ln1549_4 = bitconcatenate i24 @_ssdm_op_BitConcatenate.i24.i16.i8, i16 32896, i8 %tmp_60" [prj/sol/.autopilot/db/v_frmbuf_rd.cpp:1549]   --->   Operation 81 'bitconcatenate' 'or_ln1549_4' <Predicate = (or_ln1548_6)> <Delay = 0.00>
ST_9 : Operation 82 [1/1] ( I:2.38ns O:2.38ns )   --->   "%write_ln1549 = write void @_ssdm_op_Write.ap_fifo.volatile.i24P0A, i24 %img, i24 %or_ln1549_4" [prj/sol/.autopilot/db/v_frmbuf_rd.cpp:1549]   --->   Operation 82 'write' 'write_ln1549' <Predicate = (or_ln1548_6)> <Delay = 2.38> <CoreInst = "FIFO_SRL">   --->   Core 80 'FIFO_SRL' <Latency = 0> <II = 1> <Delay = 3.40> <Storage> <Opcode : 'read' 'write' 'nbread' 'nbwrite'> <Ports = 0> <Width = 24> <Depth = 2> <FIFO>
ST_9 : Operation 83 [1/1] (0.00ns)   --->   "%br_ln1549 = br void %for.inc1071.7" [prj/sol/.autopilot/db/v_frmbuf_rd.cpp:1549]   --->   Operation 83 'br' 'br_ln1549' <Predicate = (or_ln1548_6)> <Delay = 0.00>


============================================================
+ Verbose Summary: Binding
============================================================
STG Binding: 
---------------- STG Properties BEGIN ----------------
- Is combinational: 0
- Is one-state seq: 0
- Is datapath-only: 0
- Is pipelined: 0
- Is top level: 0
Port [ Return ] is wired: 1; IO mode=ap_ctrl_hs:ce=0
Port [ loopWidth_8]:  wired=1; compound=0; hidden=0; nouse=0; global=0; static=0; extern=0; dir=0; type=0; pingpong=0; private_global=0; IO mode=ap_stable:ce=0
Port [ icmp_ln1522]:  wired=1; compound=0; hidden=0; nouse=0; global=0; static=0; extern=0; dir=0; type=0; pingpong=0; private_global=0; IO mode=ap_stable:ce=0
Port [ icmp_ln1548_5]:  wired=1; compound=0; hidden=0; nouse=0; global=0; static=0; extern=0; dir=0; type=0; pingpong=0; private_global=0; IO mode=ap_stable:ce=0
Port [ icmp_ln1548_4]:  wired=1; compound=0; hidden=0; nouse=0; global=0; static=0; extern=0; dir=0; type=0; pingpong=0; private_global=0; IO mode=ap_stable:ce=0
Port [ icmp_ln1548_3]:  wired=1; compound=0; hidden=0; nouse=0; global=0; static=0; extern=0; dir=0; type=0; pingpong=0; private_global=0; IO mode=ap_stable:ce=0
Port [ icmp48]:  wired=1; compound=0; hidden=0; nouse=0; global=0; static=0; extern=0; dir=0; type=0; pingpong=0; private_global=0; IO mode=ap_stable:ce=0
Port [ icmp_ln1548_1]:  wired=1; compound=0; hidden=0; nouse=0; global=0; static=0; extern=0; dir=0; type=0; pingpong=0; private_global=0; IO mode=ap_stable:ce=0
Port [ bytePlanes_plane0]:  wired=1; compound=1; hidden=0; nouse=0; global=0; static=0; extern=0; dir=0; type=3; pingpong=0; private_global=0; IO mode=ap_fifo:ce=0
Port [ sext_ln1548]:  wired=1; compound=0; hidden=0; nouse=0; global=0; static=0; extern=0; dir=0; type=0; pingpong=0; private_global=0; IO mode=ap_stable:ce=0
Port [ img]:  wired=1; compound=1; hidden=0; nouse=0; global=0; static=0; extern=0; dir=1; type=3; pingpong=0; private_global=0; IO mode=ap_fifo:ce=0
Port [ icmp45]:  wired=1; compound=0; hidden=0; nouse=0; global=0; static=0; extern=0; dir=0; type=0; pingpong=0; private_global=0; IO mode=ap_stable:ce=0
---------------- STG Properties END ------------------

---------------- Datapath Model BEGIN ----------------

<LifeTime>
<method=bitvector/>
x                     (alloca           ) [ 0100000000]
specmemcore_ln0       (specmemcore      ) [ 0000000000]
specinterface_ln0     (specinterface    ) [ 0000000000]
specinterface_ln0     (specinterface    ) [ 0000000000]
icmp45_read           (read             ) [ 0000000000]
sext_ln1548_read      (read             ) [ 0000000000]
icmp_ln1548_1_read    (read             ) [ 0000000000]
icmp48_read           (read             ) [ 0000000000]
icmp_ln1548_3_read    (read             ) [ 0000000000]
icmp_ln1548_4_read    (read             ) [ 0000000000]
icmp_ln1548_5_read    (read             ) [ 0000000000]
icmp_ln1522_read      (read             ) [ 0000000000]
loopWidth_8_read      (read             ) [ 0000000000]
store_ln1532          (store            ) [ 0000000000]
br_ln1532             (br               ) [ 0000000000]
x_8                   (load             ) [ 0000000000]
icmp_ln1532           (icmp             ) [ 0111111110]
speclooptripcount_ln0 (speclooptripcount) [ 0000000000]
x_9                   (add              ) [ 0000000000]
br_ln1532             (br               ) [ 0000000000]
zext_ln1534           (zext             ) [ 0000000000]
icmp_ln1548           (icmp             ) [ 0000000000]
or_ln1548             (or               ) [ 0011000000]
br_ln1548             (br               ) [ 0000000000]
or_ln1548_1           (or               ) [ 0011100000]
br_ln1548             (br               ) [ 0000000000]
or_ln1548_2           (or               ) [ 0011110000]
br_ln1548             (br               ) [ 0000000000]
or_ln1548_3           (or               ) [ 0011111000]
br_ln1548             (br               ) [ 0000000000]
or_ln1548_4           (or               ) [ 0011111100]
br_ln1548             (br               ) [ 0000000000]
or_ln1548_5           (or               ) [ 0011111110]
br_ln1548             (br               ) [ 0000000000]
or_ln1548_6           (or               ) [ 0111111111]
br_ln1548             (br               ) [ 0000000000]
store_ln1532          (store            ) [ 0000000000]
br_ln1532             (br               ) [ 0000000000]
specpipeline_ln1534   (specpipeline     ) [ 0000000000]
specloopname_ln1532   (specloopname     ) [ 0000000000]
rd                    (read             ) [ 0000000000]
trunc_ln1544          (trunc            ) [ 0000000000]
or_ln1549_2           (bitconcatenate   ) [ 0000000000]
write_ln1549          (write            ) [ 0000000000]
tmp_10                (partselect       ) [ 0001000000]
tmp_23                (partselect       ) [ 0001100000]
tmp_47                (partselect       ) [ 0001110000]
tmp_s                 (partselect       ) [ 0001111000]
tmp_58                (partselect       ) [ 0001111100]
tmp_59                (partselect       ) [ 0001111110]
tmp_60                (partselect       ) [ 0101111111]
or_ln1549_5           (bitconcatenate   ) [ 0000000000]
write_ln1549          (write            ) [ 0000000000]
br_ln1549             (br               ) [ 0000000000]
or_ln1549_8           (bitconcatenate   ) [ 0000000000]
write_ln1549          (write            ) [ 0000000000]
br_ln1549             (br               ) [ 0000000000]
or_ln1549_s           (bitconcatenate   ) [ 0000000000]
write_ln1549          (write            ) [ 0000000000]
br_ln1549             (br               ) [ 0000000000]
or_ln1549_7           (bitconcatenate   ) [ 0000000000]
write_ln1549          (write            ) [ 0000000000]
br_ln1549             (br               ) [ 0000000000]
or_ln1549_1           (bitconcatenate   ) [ 0000000000]
write_ln1549          (write            ) [ 0000000000]
br_ln1549             (br               ) [ 0000000000]
or_ln1549_3           (bitconcatenate   ) [ 0000000000]
write_ln1549          (write            ) [ 0000000000]
br_ln1549             (br               ) [ 0000000000]
or_ln1549_4           (bitconcatenate   ) [ 0000000000]
write_ln1549          (write            ) [ 0000000000]
br_ln1549             (br               ) [ 0000000000]
ret_ln0               (ret              ) [ 0000000000]
</LifeTime>

<model>

<comp_list>
<comp id="0" class="1000" name="loopWidth_8">
<pin_list>
<pin id="1" dir="1" index="0" bw="1" slack="0"/>
</pin_list>
<bind>
<StgValue><ssdm name="loopWidth_8"/></StgValue>
</bind>
</comp>

<comp id="2" class="1000" name="icmp_ln1522">
<pin_list>
<pin id="3" dir="1" index="0" bw="1" slack="0"/>
</pin_list>
<bind>
<StgValue><ssdm name="icmp_ln1522"/></StgValue>
</bind>
</comp>

<comp id="4" class="1000" name="icmp_ln1548_5">
<pin_list>
<pin id="5" dir="1" index="0" bw="1" slack="0"/>
</pin_list>
<bind>
<StgValue><ssdm name="icmp_ln1548_5"/></StgValue>
</bind>
</comp>

<comp id="6" class="1000" name="icmp_ln1548_4">
<pin_list>
<pin id="7" dir="1" index="0" bw="1" slack="0"/>
</pin_list>
<bind>
<StgValue><ssdm name="icmp_ln1548_4"/></StgValue>
</bind>
</comp>

<comp id="8" class="1000" name="icmp_ln1548_3">
<pin_list>
<pin id="9" dir="1" index="0" bw="1" slack="0"/>
</pin_list>
<bind>
<StgValue><ssdm name="icmp_ln1548_3"/></StgValue>
</bind>
</comp>

<comp id="10" class="1000" name="icmp48">
<pin_list>
<pin id="11" dir="1" index="0" bw="1" slack="0"/>
</pin_list>
<bind>
<StgValue><ssdm name="icmp48"/></StgValue>
</bind>
</comp>

<comp id="12" class="1000" name="icmp_ln1548_1">
<pin_list>
<pin id="13" dir="1" index="0" bw="1" slack="0"/>
</pin_list>
<bind>
<StgValue><ssdm name="icmp_ln1548_1"/></StgValue>
</bind>
</comp>

<comp id="14" class="1000" name="bytePlanes_plane0">
<pin_list>
<pin id="15" dir="1" index="0" bw="1" slack="0"/>
</pin_list>
<bind>
<StgValue><ssdm name="bytePlanes_plane0"/></StgValue>
</bind>
</comp>

<comp id="16" class="1000" name="sext_ln1548">
<pin_list>
<pin id="17" dir="1" index="0" bw="1" slack="0"/>
</pin_list>
<bind>
<StgValue><ssdm name="sext_ln1548"/></StgValue>
</bind>
</comp>

<comp id="18" class="1000" name="img">
<pin_list>
<pin id="19" dir="1" index="0" bw="1" slack="0"/>
</pin_list>
<bind>
<StgValue><ssdm name="img"/></StgValue>
</bind>
</comp>

<comp id="20" class="1000" name="icmp45">
<pin_list>
<pin id="21" dir="1" index="0" bw="1" slack="0"/>
</pin_list>
<bind>
<StgValue><ssdm name="icmp45"/></StgValue>
</bind>
</comp>

<comp id="22" class="1001" name="const_22">
<pin_list>
<pin id="23" dir="1" index="0" bw="1" slack="0"/>
</pin_list>
<bind>
<StgValue><ssdm name=""/></StgValue>
</bind>
</comp>

<comp id="24" class="1001" name="const_24">
<pin_list>
<pin id="25" dir="1" index="0" bw="1" slack="2147483647"/>
</pin_list>
<bind>
<StgValue><ssdm name="_ssdm_op_SpecMemCore"/></StgValue>
</bind>
</comp>

<comp id="26" class="1001" name="const_26">
<pin_list>
<pin id="27" dir="1" index="0" bw="1" slack="2147483647"/>
</pin_list>
<bind>
<StgValue><ssdm name=""/></StgValue>
</bind>
</comp>

<comp id="28" class="1001" name="const_28">
<pin_list>
<pin id="29" dir="1" index="0" bw="1" slack="2147483647"/>
</pin_list>
<bind>
<StgValue><ssdm name=""/></StgValue>
</bind>
</comp>

<comp id="30" class="1001" name="const_30">
<pin_list>
<pin id="31" dir="1" index="0" bw="1" slack="2147483647"/>
</pin_list>
<bind>
<StgValue><ssdm name=""/></StgValue>
</bind>
</comp>

<comp id="32" class="1001" name="const_32">
<pin_list>
<pin id="33" dir="1" index="0" bw="1" slack="2147483647"/>
</pin_list>
<bind>
<StgValue><ssdm name=""/></StgValue>
</bind>
</comp>

<comp id="34" class="1001" name="const_34">
<pin_list>
<pin id="35" dir="1" index="0" bw="1" slack="2147483647"/>
</pin_list>
<bind>
<StgValue><ssdm name="_ssdm_op_SpecInterface"/></StgValue>
</bind>
</comp>

<comp id="36" class="1001" name="const_36">
<pin_list>
<pin id="37" dir="1" index="0" bw="1" slack="2147483647"/>
</pin_list>
<bind>
<StgValue><ssdm name="empty_17"/></StgValue>
</bind>
</comp>

<comp id="38" class="1001" name="const_38">
<pin_list>
<pin id="39" dir="1" index="0" bw="1" slack="2147483647"/>
</pin_list>
<bind>
<StgValue><ssdm name=""/></StgValue>
</bind>
</comp>

<comp id="40" class="1001" name="const_40">
<pin_list>
<pin id="41" dir="1" index="0" bw="1" slack="2147483647"/>
</pin_list>
<bind>
<StgValue><ssdm name="empty_11"/></StgValue>
</bind>
</comp>

<comp id="42" class="1001" name="const_42">
<pin_list>
<pin id="43" dir="1" index="0" bw="1" slack="2147483647"/>
</pin_list>
<bind>
<StgValue><ssdm name=""/></StgValue>
</bind>
</comp>

<comp id="44" class="1001" name="const_44">
<pin_list>
<pin id="45" dir="1" index="0" bw="1" slack="0"/>
</pin_list>
<bind>
<StgValue><ssdm name="_ssdm_op_Read.ap_auto.i1"/></StgValue>
</bind>
</comp>

<comp id="46" class="1001" name="const_46">
<pin_list>
<pin id="47" dir="1" index="0" bw="1" slack="0"/>
</pin_list>
<bind>
<StgValue><ssdm name="_ssdm_op_Read.ap_auto.i12"/></StgValue>
</bind>
</comp>

<comp id="48" class="1001" name="const_48">
<pin_list>
<pin id="49" dir="1" index="0" bw="1" slack="0"/>
</pin_list>
<bind>
<StgValue><ssdm name="_ssdm_op_Read.ap_auto.i11"/></StgValue>
</bind>
</comp>

<comp id="50" class="1001" name="const_50">
<pin_list>
<pin id="51" dir="1" index="0" bw="1" slack="0"/>
</pin_list>
<bind>
<StgValue><ssdm name=""/></StgValue>
</bind>
</comp>

<comp id="52" class="1001" name="const_52">
<pin_list>
<pin id="53" dir="1" index="0" bw="1" slack="2147483647"/>
</pin_list>
<bind>
<StgValue><ssdm name="_ssdm_op_SpecLoopTripCount"/></StgValue>
</bind>
</comp>

<comp id="54" class="1001" name="const_54">
<pin_list>
<pin id="55" dir="1" index="0" bw="1" slack="2147483647"/>
</pin_list>
<bind>
<StgValue><ssdm name=""/></StgValue>
</bind>
</comp>

<comp id="56" class="1001" name="const_56">
<pin_list>
<pin id="57" dir="1" index="0" bw="1" slack="2147483647"/>
</pin_list>
<bind>
<StgValue><ssdm name=""/></StgValue>
</bind>
</comp>

<comp id="58" class="1001" name="const_58">
<pin_list>
<pin id="59" dir="1" index="0" bw="1" slack="0"/>
</pin_list>
<bind>
<StgValue><ssdm name=""/></StgValue>
</bind>
</comp>

<comp id="60" class="1001" name="const_60">
<pin_list>
<pin id="61" dir="1" index="0" bw="1" slack="2147483647"/>
</pin_list>
<bind>
<StgValue><ssdm name="_ssdm_op_SpecPipeline"/></StgValue>
</bind>
</comp>

<comp id="62" class="1001" name="const_62">
<pin_list>
<pin id="63" dir="1" index="0" bw="1" slack="0"/>
</pin_list>
<bind>
<StgValue><ssdm name=""/></StgValue>
</bind>
</comp>

<comp id="64" class="1001" name="const_64">
<pin_list>
<pin id="65" dir="1" index="0" bw="1" slack="2147483647"/>
</pin_list>
<bind>
<StgValue><ssdm name="_ssdm_op_SpecLoopName"/></StgValue>
</bind>
</comp>

<comp id="66" class="1001" name="const_66">
<pin_list>
<pin id="67" dir="1" index="0" bw="1" slack="2147483647"/>
</pin_list>
<bind>
<StgValue><ssdm name="empty_32"/></StgValue>
</bind>
</comp>

<comp id="68" class="1001" name="const_68">
<pin_list>
<pin id="69" dir="1" index="0" bw="1" slack="0"/>
</pin_list>
<bind>
<StgValue><ssdm name="_ssdm_op_Read.ap_fifo.volatile.i64P0A"/></StgValue>
</bind>
</comp>

<comp id="70" class="1001" name="const_70">
<pin_list>
<pin id="71" dir="1" index="0" bw="1" slack="0"/>
</pin_list>
<bind>
<StgValue><ssdm name="_ssdm_op_BitConcatenate.i24.i16.i8"/></StgValue>
</bind>
</comp>

<comp id="72" class="1001" name="const_72">
<pin_list>
<pin id="73" dir="1" index="0" bw="1" slack="0"/>
</pin_list>
<bind>
<StgValue><ssdm name=""/></StgValue>
</bind>
</comp>

<comp id="74" class="1001" name="const_74">
<pin_list>
<pin id="75" dir="1" index="0" bw="1" slack="0"/>
</pin_list>
<bind>
<StgValue><ssdm name="_ssdm_op_Write.ap_fifo.volatile.i24P0A"/></StgValue>
</bind>
</comp>

<comp id="76" class="1001" name="const_76">
<pin_list>
<pin id="77" dir="1" index="0" bw="1" slack="0"/>
</pin_list>
<bind>
<StgValue><ssdm name="_ssdm_op_PartSelect.i8.i64.i32"/></StgValue>
</bind>
</comp>

<comp id="78" class="1001" name="const_78">
<pin_list>
<pin id="79" dir="1" index="0" bw="1" slack="0"/>
</pin_list>
<bind>
<StgValue><ssdm name=""/></StgValue>
</bind>
</comp>

<comp id="80" class="1001" name="const_80">
<pin_list>
<pin id="81" dir="1" index="0" bw="1" slack="0"/>
</pin_list>
<bind>
<StgValue><ssdm name=""/></StgValue>
</bind>
</comp>

<comp id="82" class="1001" name="const_82">
<pin_list>
<pin id="83" dir="1" index="0" bw="1" slack="0"/>
</pin_list>
<bind>
<StgValue><ssdm name=""/></StgValue>
</bind>
</comp>

<comp id="84" class="1001" name="const_84">
<pin_list>
<pin id="85" dir="1" index="0" bw="1" slack="0"/>
</pin_list>
<bind>
<StgValue><ssdm name=""/></StgValue>
</bind>
</comp>

<comp id="86" class="1001" name="const_86">
<pin_list>
<pin id="87" dir="1" index="0" bw="1" slack="0"/>
</pin_list>
<bind>
<StgValue><ssdm name=""/></StgValue>
</bind>
</comp>

<comp id="88" class="1001" name="const_88">
<pin_list>
<pin id="89" dir="1" index="0" bw="1" slack="0"/>
</pin_list>
<bind>
<StgValue><ssdm name=""/></StgValue>
</bind>
</comp>

<comp id="90" class="1004" name="x_fu_90">
<pin_list>
<pin id="91" dir="0" index="0" bw="1" slack="0"/>
<pin id="92" dir="1" index="1" bw="11" slack="0"/>
</pin_list>
<bind>
<opcode="alloca(26) " fcode="alloca"/>
<opset="x/1 "/>
</bind>
</comp>

<comp id="94" class="1004" name="icmp45_read_read_fu_94">
<pin_list>
<pin id="95" dir="0" index="0" bw="1" slack="0"/>
<pin id="96" dir="0" index="1" bw="1" slack="0"/>
<pin id="97" dir="1" index="2" bw="1" slack="0"/>
</pin_list>
<bind>
<opcode="read(1150) " fcode="read"/>
<opset="icmp45_read/1 "/>
</bind>
</comp>

<comp id="100" class="1004" name="sext_ln1548_read_read_fu_100">
<pin_list>
<pin id="101" dir="0" index="0" bw="12" slack="0"/>
<pin id="102" dir="0" index="1" bw="12" slack="0"/>
<pin id="103" dir="1" index="2" bw="12" slack="0"/>
</pin_list>
<bind>
<opcode="read(1150) " fcode="read"/>
<opset="sext_ln1548_read/1 "/>
</bind>
</comp>

<comp id="106" class="1004" name="icmp_ln1548_1_read_read_fu_106">
<pin_list>
<pin id="107" dir="0" index="0" bw="1" slack="0"/>
<pin id="108" dir="0" index="1" bw="1" slack="0"/>
<pin id="109" dir="1" index="2" bw="1" slack="0"/>
</pin_list>
<bind>
<opcode="read(1150) " fcode="read"/>
<opset="icmp_ln1548_1_read/1 "/>
</bind>
</comp>

<comp id="112" class="1004" name="icmp48_read_read_fu_112">
<pin_list>
<pin id="113" dir="0" index="0" bw="1" slack="0"/>
<pin id="114" dir="0" index="1" bw="1" slack="0"/>
<pin id="115" dir="1" index="2" bw="1" slack="0"/>
</pin_list>
<bind>
<opcode="read(1150) " fcode="read"/>
<opset="icmp48_read/1 "/>
</bind>
</comp>

<comp id="118" class="1004" name="icmp_ln1548_3_read_read_fu_118">
<pin_list>
<pin id="119" dir="0" index="0" bw="1" slack="0"/>
<pin id="120" dir="0" index="1" bw="1" slack="0"/>
<pin id="121" dir="1" index="2" bw="1" slack="0"/>
</pin_list>
<bind>
<opcode="read(1150) " fcode="read"/>
<opset="icmp_ln1548_3_read/1 "/>
</bind>
</comp>

<comp id="124" class="1004" name="icmp_ln1548_4_read_read_fu_124">
<pin_list>
<pin id="125" dir="0" index="0" bw="1" slack="0"/>
<pin id="126" dir="0" index="1" bw="1" slack="0"/>
<pin id="127" dir="1" index="2" bw="1" slack="0"/>
</pin_list>
<bind>
<opcode="read(1150) " fcode="read"/>
<opset="icmp_ln1548_4_read/1 "/>
</bind>
</comp>

<comp id="130" class="1004" name="icmp_ln1548_5_read_read_fu_130">
<pin_list>
<pin id="131" dir="0" index="0" bw="1" slack="0"/>
<pin id="132" dir="0" index="1" bw="1" slack="0"/>
<pin id="133" dir="1" index="2" bw="1" slack="0"/>
</pin_list>
<bind>
<opcode="read(1150) " fcode="read"/>
<opset="icmp_ln1548_5_read/1 "/>
</bind>
</comp>

<comp id="136" class="1004" name="icmp_ln1522_read_read_fu_136">
<pin_list>
<pin id="137" dir="0" index="0" bw="1" slack="0"/>
<pin id="138" dir="0" index="1" bw="1" slack="0"/>
<pin id="139" dir="1" index="2" bw="1" slack="0"/>
</pin_list>
<bind>
<opcode="read(1150) " fcode="read"/>
<opset="icmp_ln1522_read/1 "/>
</bind>
</comp>

<comp id="142" class="1004" name="loopWidth_8_read_read_fu_142">
<pin_list>
<pin id="143" dir="0" index="0" bw="11" slack="0"/>
<pin id="144" dir="0" index="1" bw="11" slack="0"/>
<pin id="145" dir="1" index="2" bw="11" slack="0"/>
</pin_list>
<bind>
<opcode="read(1150) " fcode="read"/>
<opset="loopWidth_8_read/1 "/>
</bind>
</comp>

<comp id="148" class="1004" name="rd_read_fu_148">
<pin_list>
<pin id="149" dir="0" index="0" bw="64" slack="0"/>
<pin id="150" dir="0" index="1" bw="64" slack="0"/>
<pin id="151" dir="1" index="2" bw="64" slack="0"/>
</pin_list>
<bind>
<opcode="read(1150) " fcode="read"/>
<opset="rd/2 "/>
</bind>
</comp>

<comp id="154" class="1004" name="grp_write_fu_154">
<pin_list>
<pin id="155" dir="0" index="0" bw="0" slack="0"/>
<pin id="156" dir="0" index="1" bw="24" slack="0"/>
<pin id="157" dir="0" index="2" bw="24" slack="0"/>
<pin id="158" dir="1" index="3" bw="0" slack="2147483647"/>
</pin_list>
<bind>
<opcode="write(1151) " fcode="write"/>
<opset="write_ln1549/2 write_ln1549/3 write_ln1549/4 write_ln1549/5 write_ln1549/6 write_ln1549/7 write_ln1549/8 write_ln1549/9 "/>
</bind>
</comp>

<comp id="161" class="1004" name="store_ln1532_store_fu_161">
<pin_list>
<pin id="162" dir="0" index="0" bw="1" slack="0"/>
<pin id="163" dir="0" index="1" bw="11" slack="0"/>
<pin id="164" dir="1" index="2" bw="0" slack="2147483647"/>
</pin_list>
<bind>
<opcode="store(28) " fcode="store"/>
<opset="store_ln1532/1 "/>
</bind>
</comp>

<comp id="166" class="1004" name="x_8_load_fu_166">
<pin_list>
<pin id="167" dir="0" index="0" bw="11" slack="0"/>
<pin id="168" dir="1" index="1" bw="11" slack="0"/>
</pin_list>
<bind>
<opcode="load(27) " fcode="load"/>
<opset="x_8/1 "/>
</bind>
</comp>

<comp id="169" class="1004" name="icmp_ln1532_fu_169">
<pin_list>
<pin id="170" dir="0" index="0" bw="11" slack="0"/>
<pin id="171" dir="0" index="1" bw="11" slack="0"/>
<pin id="172" dir="1" index="2" bw="1" slack="1"/>
</pin_list>
<bind>
<opcode="icmp(45) " fcode="icmp"/>
<opset="icmp_ln1532/1 "/>
</bind>
</comp>

<comp id="175" class="1004" name="x_9_fu_175">
<pin_list>
<pin id="176" dir="0" index="0" bw="11" slack="0"/>
<pin id="177" dir="0" index="1" bw="1" slack="0"/>
<pin id="178" dir="1" index="2" bw="11" slack="0"/>
</pin_list>
<bind>
<opcode="add(8) " fcode="add"/>
<opset="x_9/1 "/>
</bind>
</comp>

<comp id="181" class="1004" name="zext_ln1534_fu_181">
<pin_list>
<pin id="182" dir="0" index="0" bw="11" slack="0"/>
<pin id="183" dir="1" index="1" bw="12" slack="0"/>
</pin_list>
<bind>
<opcode="zext(34) " fcode="zext"/>
<opset="zext_ln1534/1 "/>
</bind>
</comp>

<comp id="185" class="1004" name="icmp_ln1548_fu_185">
<pin_list>
<pin id="186" dir="0" index="0" bw="12" slack="0"/>
<pin id="187" dir="0" index="1" bw="12" slack="0"/>
<pin id="188" dir="1" index="2" bw="1" slack="0"/>
</pin_list>
<bind>
<opcode="icmp(45) " fcode="icmp"/>
<opset="icmp_ln1548/1 "/>
</bind>
</comp>

<comp id="191" class="1004" name="or_ln1548_fu_191">
<pin_list>
<pin id="192" dir="0" index="0" bw="1" slack="0"/>
<pin id="193" dir="0" index="1" bw="1" slack="0"/>
<pin id="194" dir="1" index="2" bw="1" slack="2"/>
</pin_list>
<bind>
<opcode="or(24) " fcode="or"/>
<opset="or_ln1548/1 "/>
</bind>
</comp>

<comp id="197" class="1004" name="or_ln1548_1_fu_197">
<pin_list>
<pin id="198" dir="0" index="0" bw="1" slack="0"/>
<pin id="199" dir="0" index="1" bw="1" slack="0"/>
<pin id="200" dir="1" index="2" bw="1" slack="3"/>
</pin_list>
<bind>
<opcode="or(24) " fcode="or"/>
<opset="or_ln1548_1/1 "/>
</bind>
</comp>

<comp id="203" class="1004" name="or_ln1548_2_fu_203">
<pin_list>
<pin id="204" dir="0" index="0" bw="1" slack="0"/>
<pin id="205" dir="0" index="1" bw="1" slack="0"/>
<pin id="206" dir="1" index="2" bw="1" slack="4"/>
</pin_list>
<bind>
<opcode="or(24) " fcode="or"/>
<opset="or_ln1548_2/1 "/>
</bind>
</comp>

<comp id="209" class="1004" name="or_ln1548_3_fu_209">
<pin_list>
<pin id="210" dir="0" index="0" bw="1" slack="0"/>
<pin id="211" dir="0" index="1" bw="1" slack="0"/>
<pin id="212" dir="1" index="2" bw="1" slack="5"/>
</pin_list>
<bind>
<opcode="or(24) " fcode="or"/>
<opset="or_ln1548_3/1 "/>
</bind>
</comp>

<comp id="215" class="1004" name="or_ln1548_4_fu_215">
<pin_list>
<pin id="216" dir="0" index="0" bw="1" slack="0"/>
<pin id="217" dir="0" index="1" bw="1" slack="0"/>
<pin id="218" dir="1" index="2" bw="1" slack="6"/>
</pin_list>
<bind>
<opcode="or(24) " fcode="or"/>
<opset="or_ln1548_4/1 "/>
</bind>
</comp>

<comp id="221" class="1004" name="or_ln1548_5_fu_221">
<pin_list>
<pin id="222" dir="0" index="0" bw="1" slack="0"/>
<pin id="223" dir="0" index="1" bw="1" slack="0"/>
<pin id="224" dir="1" index="2" bw="1" slack="7"/>
</pin_list>
<bind>
<opcode="or(24) " fcode="or"/>
<opset="or_ln1548_5/1 "/>
</bind>
</comp>

<comp id="227" class="1004" name="or_ln1548_6_fu_227">
<pin_list>
<pin id="228" dir="0" index="0" bw="1" slack="0"/>
<pin id="229" dir="0" index="1" bw="1" slack="0"/>
<pin id="230" dir="1" index="2" bw="1" slack="8"/>
</pin_list>
<bind>
<opcode="or(24) " fcode="or"/>
<opset="or_ln1548_6/1 "/>
</bind>
</comp>

<comp id="233" class="1004" name="store_ln1532_store_fu_233">
<pin_list>
<pin id="234" dir="0" index="0" bw="11" slack="0"/>
<pin id="235" dir="0" index="1" bw="11" slack="0"/>
<pin id="236" dir="1" index="2" bw="0" slack="2147483647"/>
</pin_list>
<bind>
<opcode="store(28) " fcode="store"/>
<opset="store_ln1532/1 "/>
</bind>
</comp>

<comp id="238" class="1004" name="trunc_ln1544_fu_238">
<pin_list>
<pin id="239" dir="0" index="0" bw="64" slack="0"/>
<pin id="240" dir="1" index="1" bw="8" slack="0"/>
</pin_list>
<bind>
<opcode="trunc(33) " fcode="trunc"/>
<opset="trunc_ln1544/2 "/>
</bind>
</comp>

<comp id="242" class="1004" name="or_ln1549_2_fu_242">
<pin_list>
<pin id="243" dir="0" index="0" bw="24" slack="0"/>
<pin id="244" dir="0" index="1" bw="16" slack="0"/>
<pin id="245" dir="0" index="2" bw="8" slack="0"/>
<pin id="246" dir="1" index="3" bw="24" slack="0"/>
</pin_list>
<bind>
<opcode="bitconcatenate(1004) " fcode="bitconcatenate"/>
<opset="or_ln1549_2/2 "/>
</bind>
</comp>

<comp id="251" class="1004" name="tmp_10_fu_251">
<pin_list>
<pin id="252" dir="0" index="0" bw="8" slack="0"/>
<pin id="253" dir="0" index="1" bw="64" slack="0"/>
<pin id="254" dir="0" index="2" bw="5" slack="0"/>
<pin id="255" dir="1" index="3" bw="8" slack="1"/>
</pin_list>
<bind>
<opcode="partselect(1002) " fcode="partselect"/>
<opset="tmp_10/2 "/>
</bind>
</comp>

<comp id="259" class="1004" name="tmp_23_fu_259">
<pin_list>
<pin id="260" dir="0" index="0" bw="8" slack="0"/>
<pin id="261" dir="0" index="1" bw="64" slack="0"/>
<pin id="262" dir="0" index="2" bw="6" slack="0"/>
<pin id="263" dir="1" index="3" bw="8" slack="2"/>
</pin_list>
<bind>
<opcode="partselect(1002) " fcode="partselect"/>
<opset="tmp_23/2 "/>
</bind>
</comp>

<comp id="267" class="1004" name="tmp_47_fu_267">
<pin_list>
<pin id="268" dir="0" index="0" bw="8" slack="0"/>
<pin id="269" dir="0" index="1" bw="64" slack="0"/>
<pin id="270" dir="0" index="2" bw="6" slack="0"/>
<pin id="271" dir="1" index="3" bw="8" slack="3"/>
</pin_list>
<bind>
<opcode="partselect(1002) " fcode="partselect"/>
<opset="tmp_47/2 "/>
</bind>
</comp>

<comp id="275" class="1004" name="tmp_s_fu_275">
<pin_list>
<pin id="276" dir="0" index="0" bw="8" slack="0"/>
<pin id="277" dir="0" index="1" bw="64" slack="0"/>
<pin id="278" dir="0" index="2" bw="7" slack="0"/>
<pin id="279" dir="1" index="3" bw="8" slack="4"/>
</pin_list>
<bind>
<opcode="partselect(1002) " fcode="partselect"/>
<opset="tmp_s/2 "/>
</bind>
</comp>

<comp id="283" class="1004" name="tmp_58_fu_283">
<pin_list>
<pin id="284" dir="0" index="0" bw="8" slack="0"/>
<pin id="285" dir="0" index="1" bw="64" slack="0"/>
<pin id="286" dir="0" index="2" bw="7" slack="0"/>
<pin id="287" dir="1" index="3" bw="8" slack="5"/>
</pin_list>
<bind>
<opcode="partselect(1002) " fcode="partselect"/>
<opset="tmp_58/2 "/>
</bind>
</comp>

<comp id="291" class="1004" name="tmp_59_fu_291">
<pin_list>
<pin id="292" dir="0" index="0" bw="8" slack="0"/>
<pin id="293" dir="0" index="1" bw="64" slack="0"/>
<pin id="294" dir="0" index="2" bw="7" slack="0"/>
<pin id="295" dir="1" index="3" bw="8" slack="6"/>
</pin_list>
<bind>
<opcode="partselect(1002) " fcode="partselect"/>
<opset="tmp_59/2 "/>
</bind>
</comp>

<comp id="299" class="1004" name="tmp_60_fu_299">
<pin_list>
<pin id="300" dir="0" index="0" bw="8" slack="0"/>
<pin id="301" dir="0" index="1" bw="64" slack="0"/>
<pin id="302" dir="0" index="2" bw="7" slack="0"/>
<pin id="303" dir="1" index="3" bw="8" slack="7"/>
</pin_list>
<bind>
<opcode="partselect(1002) " fcode="partselect"/>
<opset="tmp_60/2 "/>
</bind>
</comp>

<comp id="307" class="1004" name="or_ln1549_5_fu_307">
<pin_list>
<pin id="308" dir="0" index="0" bw="24" slack="0"/>
<pin id="309" dir="0" index="1" bw="16" slack="0"/>
<pin id="310" dir="0" index="2" bw="8" slack="1"/>
<pin id="311" dir="1" index="3" bw="24" slack="0"/>
</pin_list>
<bind>
<opcode="bitconcatenate(1004) " fcode="bitconcatenate"/>
<opset="or_ln1549_5/3 "/>
</bind>
</comp>

<comp id="315" class="1004" name="or_ln1549_8_fu_315">
<pin_list>
<pin id="316" dir="0" index="0" bw="24" slack="0"/>
<pin id="317" dir="0" index="1" bw="16" slack="0"/>
<pin id="318" dir="0" index="2" bw="8" slack="2"/>
<pin id="319" dir="1" index="3" bw="24" slack="0"/>
</pin_list>
<bind>
<opcode="bitconcatenate(1004) " fcode="bitconcatenate"/>
<opset="or_ln1549_8/4 "/>
</bind>
</comp>

<comp id="323" class="1004" name="or_ln1549_s_fu_323">
<pin_list>
<pin id="324" dir="0" index="0" bw="24" slack="0"/>
<pin id="325" dir="0" index="1" bw="16" slack="0"/>
<pin id="326" dir="0" index="2" bw="8" slack="3"/>
<pin id="327" dir="1" index="3" bw="24" slack="0"/>
</pin_list>
<bind>
<opcode="bitconcatenate(1004) " fcode="bitconcatenate"/>
<opset="or_ln1549_s/5 "/>
</bind>
</comp>

<comp id="331" class="1004" name="or_ln1549_7_fu_331">
<pin_list>
<pin id="332" dir="0" index="0" bw="24" slack="0"/>
<pin id="333" dir="0" index="1" bw="16" slack="0"/>
<pin id="334" dir="0" index="2" bw="8" slack="4"/>
<pin id="335" dir="1" index="3" bw="24" slack="0"/>
</pin_list>
<bind>
<opcode="bitconcatenate(1004) " fcode="bitconcatenate"/>
<opset="or_ln1549_7/6 "/>
</bind>
</comp>

<comp id="339" class="1004" name="or_ln1549_1_fu_339">
<pin_list>
<pin id="340" dir="0" index="0" bw="24" slack="0"/>
<pin id="341" dir="0" index="1" bw="16" slack="0"/>
<pin id="342" dir="0" index="2" bw="8" slack="5"/>
<pin id="343" dir="1" index="3" bw="24" slack="0"/>
</pin_list>
<bind>
<opcode="bitconcatenate(1004) " fcode="bitconcatenate"/>
<opset="or_ln1549_1/7 "/>
</bind>
</comp>

<comp id="347" class="1004" name="or_ln1549_3_fu_347">
<pin_list>
<pin id="348" dir="0" index="0" bw="24" slack="0"/>
<pin id="349" dir="0" index="1" bw="16" slack="0"/>
<pin id="350" dir="0" index="2" bw="8" slack="6"/>
<pin id="351" dir="1" index="3" bw="24" slack="0"/>
</pin_list>
<bind>
<opcode="bitconcatenate(1004) " fcode="bitconcatenate"/>
<opset="or_ln1549_3/8 "/>
</bind>
</comp>

<comp id="355" class="1004" name="or_ln1549_4_fu_355">
<pin_list>
<pin id="356" dir="0" index="0" bw="24" slack="0"/>
<pin id="357" dir="0" index="1" bw="16" slack="0"/>
<pin id="358" dir="0" index="2" bw="8" slack="7"/>
<pin id="359" dir="1" index="3" bw="24" slack="0"/>
</pin_list>
<bind>
<opcode="bitconcatenate(1004) " fcode="bitconcatenate"/>
<opset="or_ln1549_4/9 "/>
</bind>
</comp>

<comp id="363" class="1005" name="x_reg_363">
<pin_list>
<pin id="364" dir="0" index="0" bw="11" slack="0"/>
<pin id="365" dir="1" index="1" bw="11" slack="0"/>
</pin_list>
<bind>
<opset="x "/>
</bind>
</comp>

<comp id="370" class="1005" name="icmp_ln1532_reg_370">
<pin_list>
<pin id="371" dir="0" index="0" bw="1" slack="1"/>
<pin id="372" dir="1" index="1" bw="1" slack="2147483647"/>
</pin_list>
<bind>
<opset="icmp_ln1532 "/>
</bind>
</comp>

<comp id="374" class="1005" name="or_ln1548_reg_374">
<pin_list>
<pin id="375" dir="0" index="0" bw="1" slack="2"/>
<pin id="376" dir="1" index="1" bw="1" slack="2147483647"/>
</pin_list>
<bind>
<opset="or_ln1548 "/>
</bind>
</comp>

<comp id="378" class="1005" name="or_ln1548_1_reg_378">
<pin_list>
<pin id="379" dir="0" index="0" bw="1" slack="3"/>
<pin id="380" dir="1" index="1" bw="1" slack="2147483647"/>
</pin_list>
<bind>
<opset="or_ln1548_1 "/>
</bind>
</comp>

<comp id="382" class="1005" name="or_ln1548_2_reg_382">
<pin_list>
<pin id="383" dir="0" index="0" bw="1" slack="4"/>
<pin id="384" dir="1" index="1" bw="1" slack="2147483647"/>
</pin_list>
<bind>
<opset="or_ln1548_2 "/>
</bind>
</comp>

<comp id="386" class="1005" name="or_ln1548_3_reg_386">
<pin_list>
<pin id="387" dir="0" index="0" bw="1" slack="5"/>
<pin id="388" dir="1" index="1" bw="1" slack="2147483647"/>
</pin_list>
<bind>
<opset="or_ln1548_3 "/>
</bind>
</comp>

<comp id="390" class="1005" name="or_ln1548_4_reg_390">
<pin_list>
<pin id="391" dir="0" index="0" bw="1" slack="6"/>
<pin id="392" dir="1" index="1" bw="1" slack="2147483647"/>
</pin_list>
<bind>
<opset="or_ln1548_4 "/>
</bind>
</comp>

<comp id="394" class="1005" name="or_ln1548_5_reg_394">
<pin_list>
<pin id="395" dir="0" index="0" bw="1" slack="7"/>
<pin id="396" dir="1" index="1" bw="1" slack="2147483647"/>
</pin_list>
<bind>
<opset="or_ln1548_5 "/>
</bind>
</comp>

<comp id="398" class="1005" name="or_ln1548_6_reg_398">
<pin_list>
<pin id="399" dir="0" index="0" bw="1" slack="8"/>
<pin id="400" dir="1" index="1" bw="1" slack="2147483647"/>
</pin_list>
<bind>
<opset="or_ln1548_6 "/>
</bind>
</comp>

<comp id="402" class="1005" name="tmp_10_reg_402">
<pin_list>
<pin id="403" dir="0" index="0" bw="8" slack="1"/>
<pin id="404" dir="1" index="1" bw="8" slack="1"/>
</pin_list>
<bind>
<opset="tmp_10 "/>
</bind>
</comp>

<comp id="407" class="1005" name="tmp_23_reg_407">
<pin_list>
<pin id="408" dir="0" index="0" bw="8" slack="2"/>
<pin id="409" dir="1" index="1" bw="8" slack="2"/>
</pin_list>
<bind>
<opset="tmp_23 "/>
</bind>
</comp>

<comp id="412" class="1005" name="tmp_47_reg_412">
<pin_list>
<pin id="413" dir="0" index="0" bw="8" slack="3"/>
<pin id="414" dir="1" index="1" bw="8" slack="3"/>
</pin_list>
<bind>
<opset="tmp_47 "/>
</bind>
</comp>

<comp id="417" class="1005" name="tmp_s_reg_417">
<pin_list>
<pin id="418" dir="0" index="0" bw="8" slack="4"/>
<pin id="419" dir="1" index="1" bw="8" slack="4"/>
</pin_list>
<bind>
<opset="tmp_s "/>
</bind>
</comp>

<comp id="422" class="1005" name="tmp_58_reg_422">
<pin_list>
<pin id="423" dir="0" index="0" bw="8" slack="5"/>
<pin id="424" dir="1" index="1" bw="8" slack="5"/>
</pin_list>
<bind>
<opset="tmp_58 "/>
</bind>
</comp>

<comp id="427" class="1005" name="tmp_59_reg_427">
<pin_list>
<pin id="428" dir="0" index="0" bw="8" slack="6"/>
<pin id="429" dir="1" index="1" bw="8" slack="6"/>
</pin_list>
<bind>
<opset="tmp_59 "/>
</bind>
</comp>

<comp id="432" class="1005" name="tmp_60_reg_432">
<pin_list>
<pin id="433" dir="0" index="0" bw="8" slack="7"/>
<pin id="434" dir="1" index="1" bw="8" slack="7"/>
</pin_list>
<bind>
<opset="tmp_60 "/>
</bind>
</comp>

</comp_list>

<net_list>
<net id="93"><net_src comp="22" pin="0"/><net_sink comp="90" pin=0"/></net>

<net id="98"><net_src comp="44" pin="0"/><net_sink comp="94" pin=0"/></net>

<net id="99"><net_src comp="20" pin="0"/><net_sink comp="94" pin=1"/></net>

<net id="104"><net_src comp="46" pin="0"/><net_sink comp="100" pin=0"/></net>

<net id="105"><net_src comp="16" pin="0"/><net_sink comp="100" pin=1"/></net>

<net id="110"><net_src comp="44" pin="0"/><net_sink comp="106" pin=0"/></net>

<net id="111"><net_src comp="12" pin="0"/><net_sink comp="106" pin=1"/></net>

<net id="116"><net_src comp="44" pin="0"/><net_sink comp="112" pin=0"/></net>

<net id="117"><net_src comp="10" pin="0"/><net_sink comp="112" pin=1"/></net>

<net id="122"><net_src comp="44" pin="0"/><net_sink comp="118" pin=0"/></net>

<net id="123"><net_src comp="8" pin="0"/><net_sink comp="118" pin=1"/></net>

<net id="128"><net_src comp="44" pin="0"/><net_sink comp="124" pin=0"/></net>

<net id="129"><net_src comp="6" pin="0"/><net_sink comp="124" pin=1"/></net>

<net id="134"><net_src comp="44" pin="0"/><net_sink comp="130" pin=0"/></net>

<net id="135"><net_src comp="4" pin="0"/><net_sink comp="130" pin=1"/></net>

<net id="140"><net_src comp="44" pin="0"/><net_sink comp="136" pin=0"/></net>

<net id="141"><net_src comp="2" pin="0"/><net_sink comp="136" pin=1"/></net>

<net id="146"><net_src comp="48" pin="0"/><net_sink comp="142" pin=0"/></net>

<net id="147"><net_src comp="0" pin="0"/><net_sink comp="142" pin=1"/></net>

<net id="152"><net_src comp="68" pin="0"/><net_sink comp="148" pin=0"/></net>

<net id="153"><net_src comp="14" pin="0"/><net_sink comp="148" pin=1"/></net>

<net id="159"><net_src comp="74" pin="0"/><net_sink comp="154" pin=0"/></net>

<net id="160"><net_src comp="18" pin="0"/><net_sink comp="154" pin=1"/></net>

<net id="165"><net_src comp="50" pin="0"/><net_sink comp="161" pin=0"/></net>

<net id="173"><net_src comp="166" pin="1"/><net_sink comp="169" pin=0"/></net>

<net id="174"><net_src comp="142" pin="2"/><net_sink comp="169" pin=1"/></net>

<net id="179"><net_src comp="166" pin="1"/><net_sink comp="175" pin=0"/></net>

<net id="180"><net_src comp="58" pin="0"/><net_sink comp="175" pin=1"/></net>

<net id="184"><net_src comp="166" pin="1"/><net_sink comp="181" pin=0"/></net>

<net id="189"><net_src comp="181" pin="1"/><net_sink comp="185" pin=0"/></net>

<net id="190"><net_src comp="100" pin="2"/><net_sink comp="185" pin=1"/></net>

<net id="195"><net_src comp="185" pin="2"/><net_sink comp="191" pin=0"/></net>

<net id="196"><net_src comp="94" pin="2"/><net_sink comp="191" pin=1"/></net>

<net id="201"><net_src comp="185" pin="2"/><net_sink comp="197" pin=0"/></net>

<net id="202"><net_src comp="106" pin="2"/><net_sink comp="197" pin=1"/></net>

<net id="207"><net_src comp="185" pin="2"/><net_sink comp="203" pin=0"/></net>

<net id="208"><net_src comp="112" pin="2"/><net_sink comp="203" pin=1"/></net>

<net id="213"><net_src comp="185" pin="2"/><net_sink comp="209" pin=0"/></net>

<net id="214"><net_src comp="118" pin="2"/><net_sink comp="209" pin=1"/></net>

<net id="219"><net_src comp="185" pin="2"/><net_sink comp="215" pin=0"/></net>

<net id="220"><net_src comp="124" pin="2"/><net_sink comp="215" pin=1"/></net>

<net id="225"><net_src comp="185" pin="2"/><net_sink comp="221" pin=0"/></net>

<net id="226"><net_src comp="130" pin="2"/><net_sink comp="221" pin=1"/></net>

<net id="231"><net_src comp="185" pin="2"/><net_sink comp="227" pin=0"/></net>

<net id="232"><net_src comp="136" pin="2"/><net_sink comp="227" pin=1"/></net>

<net id="237"><net_src comp="175" pin="2"/><net_sink comp="233" pin=0"/></net>

<net id="241"><net_src comp="148" pin="2"/><net_sink comp="238" pin=0"/></net>

<net id="247"><net_src comp="70" pin="0"/><net_sink comp="242" pin=0"/></net>

<net id="248"><net_src comp="72" pin="0"/><net_sink comp="242" pin=1"/></net>

<net id="249"><net_src comp="238" pin="1"/><net_sink comp="242" pin=2"/></net>

<net id="250"><net_src comp="242" pin="3"/><net_sink comp="154" pin=2"/></net>

<net id="256"><net_src comp="76" pin="0"/><net_sink comp="251" pin=0"/></net>

<net id="257"><net_src comp="148" pin="2"/><net_sink comp="251" pin=1"/></net>

<net id="258"><net_src comp="62" pin="0"/><net_sink comp="251" pin=2"/></net>

<net id="264"><net_src comp="76" pin="0"/><net_sink comp="259" pin=0"/></net>

<net id="265"><net_src comp="148" pin="2"/><net_sink comp="259" pin=1"/></net>

<net id="266"><net_src comp="78" pin="0"/><net_sink comp="259" pin=2"/></net>

<net id="272"><net_src comp="76" pin="0"/><net_sink comp="267" pin=0"/></net>

<net id="273"><net_src comp="148" pin="2"/><net_sink comp="267" pin=1"/></net>

<net id="274"><net_src comp="80" pin="0"/><net_sink comp="267" pin=2"/></net>

<net id="280"><net_src comp="76" pin="0"/><net_sink comp="275" pin=0"/></net>

<net id="281"><net_src comp="148" pin="2"/><net_sink comp="275" pin=1"/></net>

<net id="282"><net_src comp="82" pin="0"/><net_sink comp="275" pin=2"/></net>

<net id="288"><net_src comp="76" pin="0"/><net_sink comp="283" pin=0"/></net>

<net id="289"><net_src comp="148" pin="2"/><net_sink comp="283" pin=1"/></net>

<net id="290"><net_src comp="84" pin="0"/><net_sink comp="283" pin=2"/></net>

<net id="296"><net_src comp="76" pin="0"/><net_sink comp="291" pin=0"/></net>

<net id="297"><net_src comp="148" pin="2"/><net_sink comp="291" pin=1"/></net>

<net id="298"><net_src comp="86" pin="0"/><net_sink comp="291" pin=2"/></net>

<net id="304"><net_src comp="76" pin="0"/><net_sink comp="299" pin=0"/></net>

<net id="305"><net_src comp="148" pin="2"/><net_sink comp="299" pin=1"/></net>

<net id="306"><net_src comp="88" pin="0"/><net_sink comp="299" pin=2"/></net>

<net id="312"><net_src comp="70" pin="0"/><net_sink comp="307" pin=0"/></net>

<net id="313"><net_src comp="72" pin="0"/><net_sink comp="307" pin=1"/></net>

<net id="314"><net_src comp="307" pin="3"/><net_sink comp="154" pin=2"/></net>

<net id="320"><net_src comp="70" pin="0"/><net_sink comp="315" pin=0"/></net>

<net id="321"><net_src comp="72" pin="0"/><net_sink comp="315" pin=1"/></net>

<net id="322"><net_src comp="315" pin="3"/><net_sink comp="154" pin=2"/></net>

<net id="328"><net_src comp="70" pin="0"/><net_sink comp="323" pin=0"/></net>

<net id="329"><net_src comp="72" pin="0"/><net_sink comp="323" pin=1"/></net>

<net id="330"><net_src comp="323" pin="3"/><net_sink comp="154" pin=2"/></net>

<net id="336"><net_src comp="70" pin="0"/><net_sink comp="331" pin=0"/></net>

<net id="337"><net_src comp="72" pin="0"/><net_sink comp="331" pin=1"/></net>

<net id="338"><net_src comp="331" pin="3"/><net_sink comp="154" pin=2"/></net>

<net id="344"><net_src comp="70" pin="0"/><net_sink comp="339" pin=0"/></net>

<net id="345"><net_src comp="72" pin="0"/><net_sink comp="339" pin=1"/></net>

<net id="346"><net_src comp="339" pin="3"/><net_sink comp="154" pin=2"/></net>

<net id="352"><net_src comp="70" pin="0"/><net_sink comp="347" pin=0"/></net>

<net id="353"><net_src comp="72" pin="0"/><net_sink comp="347" pin=1"/></net>

<net id="354"><net_src comp="347" pin="3"/><net_sink comp="154" pin=2"/></net>

<net id="360"><net_src comp="70" pin="0"/><net_sink comp="355" pin=0"/></net>

<net id="361"><net_src comp="72" pin="0"/><net_sink comp="355" pin=1"/></net>

<net id="362"><net_src comp="355" pin="3"/><net_sink comp="154" pin=2"/></net>

<net id="366"><net_src comp="90" pin="1"/><net_sink comp="363" pin=0"/></net>

<net id="367"><net_src comp="363" pin="1"/><net_sink comp="161" pin=1"/></net>

<net id="368"><net_src comp="363" pin="1"/><net_sink comp="166" pin=0"/></net>

<net id="369"><net_src comp="363" pin="1"/><net_sink comp="233" pin=1"/></net>

<net id="373"><net_src comp="169" pin="2"/><net_sink comp="370" pin=0"/></net>

<net id="377"><net_src comp="191" pin="2"/><net_sink comp="374" pin=0"/></net>

<net id="381"><net_src comp="197" pin="2"/><net_sink comp="378" pin=0"/></net>

<net id="385"><net_src comp="203" pin="2"/><net_sink comp="382" pin=0"/></net>

<net id="389"><net_src comp="209" pin="2"/><net_sink comp="386" pin=0"/></net>

<net id="393"><net_src comp="215" pin="2"/><net_sink comp="390" pin=0"/></net>

<net id="397"><net_src comp="221" pin="2"/><net_sink comp="394" pin=0"/></net>

<net id="401"><net_src comp="227" pin="2"/><net_sink comp="398" pin=0"/></net>

<net id="405"><net_src comp="251" pin="3"/><net_sink comp="402" pin=0"/></net>

<net id="406"><net_src comp="402" pin="1"/><net_sink comp="307" pin=2"/></net>

<net id="410"><net_src comp="259" pin="3"/><net_sink comp="407" pin=0"/></net>

<net id="411"><net_src comp="407" pin="1"/><net_sink comp="315" pin=2"/></net>

<net id="415"><net_src comp="267" pin="3"/><net_sink comp="412" pin=0"/></net>

<net id="416"><net_src comp="412" pin="1"/><net_sink comp="323" pin=2"/></net>

<net id="420"><net_src comp="275" pin="3"/><net_sink comp="417" pin=0"/></net>

<net id="421"><net_src comp="417" pin="1"/><net_sink comp="331" pin=2"/></net>

<net id="425"><net_src comp="283" pin="3"/><net_sink comp="422" pin=0"/></net>

<net id="426"><net_src comp="422" pin="1"/><net_sink comp="339" pin=2"/></net>

<net id="430"><net_src comp="291" pin="3"/><net_sink comp="427" pin=0"/></net>

<net id="431"><net_src comp="427" pin="1"/><net_sink comp="347" pin=2"/></net>

<net id="435"><net_src comp="299" pin="3"/><net_sink comp="432" pin=0"/></net>

<net id="436"><net_src comp="432" pin="1"/><net_sink comp="355" pin=2"/></net>

</net_list>

</model> 
---------------- Datapath Model END ------------------

* FSMD analyzer results:
  - Output states:
	Port: bytePlanes_plane0 | {}
	Port: img | {2 3 4 5 6 7 8 9 }
 - Input state : 
	Port: Bytes2MultiPixStream_Pipeline_VITIS_LOOP_1532_26 : loopWidth_8 | {1 }
	Port: Bytes2MultiPixStream_Pipeline_VITIS_LOOP_1532_26 : icmp_ln1522 | {1 }
	Port: Bytes2MultiPixStream_Pipeline_VITIS_LOOP_1532_26 : icmp_ln1548_5 | {1 }
	Port: Bytes2MultiPixStream_Pipeline_VITIS_LOOP_1532_26 : icmp_ln1548_4 | {1 }
	Port: Bytes2MultiPixStream_Pipeline_VITIS_LOOP_1532_26 : icmp_ln1548_3 | {1 }
	Port: Bytes2MultiPixStream_Pipeline_VITIS_LOOP_1532_26 : icmp48 | {1 }
	Port: Bytes2MultiPixStream_Pipeline_VITIS_LOOP_1532_26 : icmp_ln1548_1 | {1 }
	Port: Bytes2MultiPixStream_Pipeline_VITIS_LOOP_1532_26 : bytePlanes_plane0 | {2 }
	Port: Bytes2MultiPixStream_Pipeline_VITIS_LOOP_1532_26 : sext_ln1548 | {1 }
	Port: Bytes2MultiPixStream_Pipeline_VITIS_LOOP_1532_26 : img | {}
	Port: Bytes2MultiPixStream_Pipeline_VITIS_LOOP_1532_26 : icmp45 | {1 }
  - Chain level:
	State 1
		store_ln1532 : 1
		x_8 : 1
		icmp_ln1532 : 2
		x_9 : 2
		br_ln1532 : 3
		zext_ln1534 : 2
		icmp_ln1548 : 3
		or_ln1548 : 4
		br_ln1548 : 4
		or_ln1548_1 : 4
		br_ln1548 : 4
		or_ln1548_2 : 4
		br_ln1548 : 4
		or_ln1548_3 : 4
		br_ln1548 : 4
		or_ln1548_4 : 4
		br_ln1548 : 4
		or_ln1548_5 : 4
		br_ln1548 : 4
		or_ln1548_6 : 4
		br_ln1548 : 4
		store_ln1532 : 3
	State 2
		or_ln1549_2 : 1
		write_ln1549 : 2
	State 3
		write_ln1549 : 1
	State 4
		write_ln1549 : 1
	State 5
		write_ln1549 : 1
	State 6
		write_ln1549 : 1
	State 7
		write_ln1549 : 1
	State 8
		write_ln1549 : 1
	State 9
		write_ln1549 : 1


============================================================
+ Verbose Summary: Datapath Resource usage 
============================================================

* Functional unit list:
|----------|--------------------------------|---------|---------|
| Operation|         Functional Unit        |    FF   |   LUT   |
|----------|--------------------------------|---------|---------|
|   icmp   |       icmp_ln1532_fu_169       |    0    |    11   |
|          |       icmp_ln1548_fu_185       |    0    |    12   |
|----------|--------------------------------|---------|---------|
|    add   |           x_9_fu_175           |    0    |    11   |
|----------|--------------------------------|---------|---------|
|          |        or_ln1548_fu_191        |    0    |    1    |
|          |       or_ln1548_1_fu_197       |    0    |    1    |
|          |       or_ln1548_2_fu_203       |    0    |    1    |
|    or    |       or_ln1548_3_fu_209       |    0    |    1    |
|          |       or_ln1548_4_fu_215       |    0    |    1    |
|          |       or_ln1548_5_fu_221       |    0    |    1    |
|          |       or_ln1548_6_fu_227       |    0    |    1    |
|----------|--------------------------------|---------|---------|
|          |     icmp45_read_read_fu_94     |    0    |    0    |
|          |  sext_ln1548_read_read_fu_100  |    0    |    0    |
|          | icmp_ln1548_1_read_read_fu_106 |    0    |    0    |
|          |     icmp48_read_read_fu_112    |    0    |    0    |
|   read   | icmp_ln1548_3_read_read_fu_118 |    0    |    0    |
|          | icmp_ln1548_4_read_read_fu_124 |    0    |    0    |
|          | icmp_ln1548_5_read_read_fu_130 |    0    |    0    |
|          |  icmp_ln1522_read_read_fu_136  |    0    |    0    |
|          |  loopWidth_8_read_read_fu_142  |    0    |    0    |
|          |         rd_read_fu_148         |    0    |    0    |
|----------|--------------------------------|---------|---------|
|   write  |        grp_write_fu_154        |    0    |    0    |
|----------|--------------------------------|---------|---------|
|   zext   |       zext_ln1534_fu_181       |    0    |    0    |
|----------|--------------------------------|---------|---------|
|   trunc  |       trunc_ln1544_fu_238      |    0    |    0    |
|----------|--------------------------------|---------|---------|
|          |       or_ln1549_2_fu_242       |    0    |    0    |
|          |       or_ln1549_5_fu_307       |    0    |    0    |
|          |       or_ln1549_8_fu_315       |    0    |    0    |
|bitconcatenate|       or_ln1549_s_fu_323       |    0    |    0    |
|          |       or_ln1549_7_fu_331       |    0    |    0    |
|          |       or_ln1549_1_fu_339       |    0    |    0    |
|          |       or_ln1549_3_fu_347       |    0    |    0    |
|          |       or_ln1549_4_fu_355       |    0    |    0    |
|----------|--------------------------------|---------|---------|
|          |          tmp_10_fu_251         |    0    |    0    |
|          |          tmp_23_fu_259         |    0    |    0    |
|          |          tmp_47_fu_267         |    0    |    0    |
|partselect|          tmp_s_fu_275          |    0    |    0    |
|          |          tmp_58_fu_283         |    0    |    0    |
|          |          tmp_59_fu_291         |    0    |    0    |
|          |          tmp_60_fu_299         |    0    |    0    |
|----------|--------------------------------|---------|---------|
|   Total  |                                |    0    |    41   |
|----------|--------------------------------|---------|---------|

Memories:
N/A

* Register list:
+-------------------+--------+
|                   |   FF   |
+-------------------+--------+
|icmp_ln1532_reg_370|    1   |
|or_ln1548_1_reg_378|    1   |
|or_ln1548_2_reg_382|    1   |
|or_ln1548_3_reg_386|    1   |
|or_ln1548_4_reg_390|    1   |
|or_ln1548_5_reg_394|    1   |
|or_ln1548_6_reg_398|    1   |
| or_ln1548_reg_374 |    1   |
|   tmp_10_reg_402  |    8   |
|   tmp_23_reg_407  |    8   |
|   tmp_47_reg_412  |    8   |
|   tmp_58_reg_422  |    8   |
|   tmp_59_reg_427  |    8   |
|   tmp_60_reg_432  |    8   |
|   tmp_s_reg_417   |    8   |
|     x_reg_363     |   11   |
+-------------------+--------+
|       Total       |   75   |
+-------------------+--------+

* Multiplexer (MUX) list: 
|------------------|------|------|------|--------||---------||---------||---------|
|       Comp       |  Pin | Size |  BW  | S x BW ||  Delay  ||    FF   ||   LUT   |
|------------------|------|------|------|--------||---------||---------||---------|
| grp_write_fu_154 |  p2  |   8  |  24  |   192  ||    0    ||    33   |
|------------------|------|------|------|--------||---------||---------||---------|
|       Total      |      |      |      |   192  || 1.46043 ||    0    ||    33   |
|------------------|------|------|------|--------||---------||---------||---------|



* Summary:
+-----------+--------+--------+--------+
|           |  Delay |   FF   |   LUT  |
+-----------+--------+--------+--------+
|  Function |    -   |    0   |   41   |
|   Memory  |    -   |    -   |    -   |
|Multiplexer|    1   |    0   |   33   |
|  Register |    -   |   75   |    -   |
+-----------+--------+--------+--------+
|   Total   |    1   |   75   |   74   |
+-----------+--------+--------+--------+
