

================================================================
== Vitis HLS Report for 'Bytes2MultiPixStream_Pipeline_VITIS_LOOP_1197_14'
================================================================
* Date:           Mon Mar 16 15:10:45 2026

* Version:        2025.2 (Build 6295257 on Nov 14 2025)
* Project:        prj
* Solution:       sol (Vivado IP Flow Target)
* Product family: zynq
* Target device:  xc7z020-clg400-2


================================================================
== Performance Estimates
================================================================
+ Timing: 
    * Summary: 
    +--------+---------+----------+------------+
    |  Clock |  Target | Estimated| Uncertainty|
    +--------+---------+----------+------------+
    |ap_clk  |  6.52 ns|  4.761 ns|     1.76 ns|
    +--------+---------+----------+------------+

+ Latency: 
    * Summary: 
    +---------+---------+-----------+-----------+-----+-----+-------------------+
    |  Latency (cycles) |   Latency (absolute)  |  Interval |      Pipeline     |
    |   min   |   max   |    min    |    max    | min | max |        Type       |
    +---------+---------+-----------+-----------+-----+-----+-------------------+
    |        2|     5762|  13.044 ns|  37.580 us|    0|    0|  loop pipeline stp|
    +---------+---------+-----------+-----------+-----+-----+-------------------+

    + Detail: 
        * Instance: 
        N/A

        * Loop: 
        +----------------------+---------+---------+----------+-----------+-----------+----------+----------+
        |                      |  Latency (cycles) | Iteration|  Initiation Interval  |   Trip   |          |
        |       Loop Name      |   min   |   max   |  Latency |  achieved |   target  |   Count  | Pipelined|
        +----------------------+---------+---------+----------+-----------+-----------+----------+----------+
        |- VITIS_LOOP_1197_14  |        0|     5760|         5|          4|          4|  0 ~ 1440|       yes|
        +----------------------+---------+---------+----------+-----------+-----------+----------+----------+

============================================================
+ Verbose Summary: Synthesis Manager
============================================================
InlineROM: 1
ExposeGlobal: 0
============================================================
+ Verbose Summary: CDFG Model
============================================================
IsTopModel: 0
ResetActiveHigh: 1
IsCombinational: 0
IsDatapathOnly: 0
HasWiredReturn: 1
HasMFsm: 2
HasVarLatency: 1
IsPipeline: 0
IsRtlPipelined: 0
IsInstanceOverlapped: 0
IsDontTouch: 0
HasImplIP: 0
IsGatedGlobalClock: 0

+ Individual pipeline summary: 
  * Pipeline-0: initiation interval (II) = 4, depth = 5


============================================================
+ Verbose Summary: Schedule
============================================================
* Number of FSM states : 5
* Pipeline : 1
  Pipeline-0 : II = 4, D = 5, States = { 1 2 3 4 5 }
* Dataflow Pipeline: 0

* FSM state transitions: 
1 --> 2 
2 --> 3 
3 --> 4 
4 --> 5 
5 --> 

* FSM state operations: 

State 1 <SV = 0> <Delay = 4.07>
ST_1 : Operation 8 [1/1] (0.00ns)   --->   "%x_4 = alloca i32 1" [prj/sol/.autopilot/db/v_frmbuf_rd.cpp:1197]   --->   Operation 8 'alloca' 'x_4' <Predicate = true> <Delay = 0.00>
ST_1 : Operation 9 [1/1] (0.00ns)   --->   "%specmemcore_ln0 = specmemcore void @_ssdm_op_SpecMemCore, i64 %bytePlanes_plane0, i64 666, i64 8, i64 18446744073709551615, i1 0"   --->   Operation 9 'specmemcore' 'specmemcore_ln0' <Predicate = true> <Delay = 0.00>
ST_1 : Operation 10 [1/1] (0.00ns)   --->   "%specinterface_ln0 = specinterface void @_ssdm_op_SpecInterface, i24 %img, void @empty_17, i32 0, i32 0, void @empty_11, i32 0, i32 0, void @empty_11, void @empty_11, void @empty_11, i32 0, i32 0, i32 0, i32 0, void @empty_11, void @empty_11, i32 4294967295, i32 0, i32 0, i32 0"   --->   Operation 10 'specinterface' 'specinterface_ln0' <Predicate = true> <Delay = 0.00>
ST_1 : Operation 11 [1/1] (0.00ns)   --->   "%specinterface_ln0 = specinterface void @_ssdm_op_SpecInterface, i64 %bytePlanes_plane0, void @empty_17, i32 0, i32 0, void @empty_11, i32 0, i32 0, void @empty_11, void @empty_11, void @empty_11, i32 0, i32 0, i32 0, i32 0, void @empty_11, void @empty_11, i32 4294967295, i32 0, i32 0, i32 0"   --->   Operation 11 'specinterface' 'specinterface_ln0' <Predicate = true> <Delay = 0.00>
ST_1 : Operation 12 [1/1] (0.00ns)   --->   "%icmp29_read = read i1 @_ssdm_op_Read.ap_auto.i1, i1 %icmp29" [prj/sol/.autopilot/db/v_frmbuf_rd.cpp:686]   --->   Operation 12 'read' 'icmp29_read' <Predicate = true> <Delay = 0.00>
ST_1 : Operation 13 [1/1] (0.00ns)   --->   "%sext_ln1213_read = read i12 @_ssdm_op_Read.ap_auto.i12, i12 %sext_ln1213" [prj/sol/.autopilot/db/v_frmbuf_rd.cpp:686]   --->   Operation 13 'read' 'sext_ln1213_read' <Predicate = true> <Delay = 0.00>
ST_1 : Operation 14 [1/1] (0.00ns)   --->   "%icmp_ln1213_1_read = read i1 @_ssdm_op_Read.ap_auto.i1, i1 %icmp_ln1213_1" [prj/sol/.autopilot/db/v_frmbuf_rd.cpp:686]   --->   Operation 14 'read' 'icmp_ln1213_1_read' <Predicate = true> <Delay = 0.00>
ST_1 : Operation 15 [1/1] (0.00ns)   --->   "%icmp_ln1187_read = read i1 @_ssdm_op_Read.ap_auto.i1, i1 %icmp_ln1187" [prj/sol/.autopilot/db/v_frmbuf_rd.cpp:686]   --->   Operation 15 'read' 'icmp_ln1187_read' <Predicate = true> <Delay = 0.00>
ST_1 : Operation 16 [1/1] (0.00ns)   --->   "%loopWidth_4_read = read i11 @_ssdm_op_Read.ap_auto.i11, i11 %loopWidth_4" [prj/sol/.autopilot/db/v_frmbuf_rd.cpp:686]   --->   Operation 16 'read' 'loopWidth_4_read' <Predicate = true> <Delay = 0.00>
ST_1 : Operation 17 [1/1] (1.29ns)   --->   "%store_ln1197 = store i11 0, i11 %x_4" [prj/sol/.autopilot/db/v_frmbuf_rd.cpp:1197]   --->   Operation 17 'store' 'store_ln1197' <Predicate = true> <Delay = 1.29>
ST_1 : Operation 18 [1/1] (0.00ns)   --->   "%br_ln1197 = br void %VITIS_LOOP_1204_15" [prj/sol/.autopilot/db/v_frmbuf_rd.cpp:1197]   --->   Operation 18 'br' 'br_ln1197' <Predicate = true> <Delay = 0.00>
ST_1 : Operation 19 [1/1] (0.00ns)   --->   "%x = load i11 %x_4" [prj/sol/.autopilot/db/v_frmbuf_rd.cpp:1197]   --->   Operation 19 'load' 'x' <Predicate = true> <Delay = 0.00>
ST_1 : Operation 20 [1/1] (1.48ns)   --->   "%icmp_ln1197 = icmp_eq  i11 %x, i11 %loopWidth_4_read" [prj/sol/.autopilot/db/v_frmbuf_rd.cpp:1197]   --->   Operation 20 'icmp' 'icmp_ln1197' <Predicate = true> <Delay = 1.48> <CoreInst = "Cmp">   --->   Core 9 'Cmp' <Latency = 0> <II = 1> <Delay = 1.48> <FuncUnit> <Opcode : 'seteq' 'setne' 'setle' 'setge' 'setlt' 'setgt'> <InPorts = 2> <OutPorts = 1>
ST_1 : Operation 21 [1/1] (0.00ns)   --->   "%speclooptripcount_ln0 = speclooptripcount void @_ssdm_op_SpecLoopTripCount, i64 0, i64 1440, i64 0"   --->   Operation 21 'speclooptripcount' 'speclooptripcount_ln0' <Predicate = true> <Delay = 0.00>
ST_1 : Operation 22 [1/1] (1.48ns)   --->   "%x_13 = add i11 %x, i11 1" [prj/sol/.autopilot/db/v_frmbuf_rd.cpp:1197]   --->   Operation 22 'add' 'x_13' <Predicate = true> <Delay = 1.48> <CoreInst = "Adder">   --->   Core 1 'Adder' <Latency = 0> <II = 1> <Delay = 1.48> <FuncUnit> <Opcode : 'add' 'sub'> <InPorts = 2> <OutPorts = 1>
ST_1 : Operation 23 [1/1] (0.00ns)   --->   "%br_ln1197 = br i1 %icmp_ln1197, void %VITIS_LOOP_1204_15.split, void %for.inc527.exitStub" [prj/sol/.autopilot/db/v_frmbuf_rd.cpp:1197]   --->   Operation 23 'br' 'br_ln1197' <Predicate = true> <Delay = 0.00>
ST_1 : Operation 24 [1/1] (0.00ns)   --->   "%zext_ln1199 = zext i11 %x" [prj/sol/.autopilot/db/v_frmbuf_rd.cpp:1199]   --->   Operation 24 'zext' 'zext_ln1199' <Predicate = (!icmp_ln1197)> <Delay = 0.00>
ST_1 : Operation 25 [1/1] (1.54ns)   --->   "%icmp_ln1213 = icmp_slt  i12 %zext_ln1199, i12 %sext_ln1213_read" [prj/sol/.autopilot/db/v_frmbuf_rd.cpp:1213]   --->   Operation 25 'icmp' 'icmp_ln1213' <Predicate = (!icmp_ln1197)> <Delay = 1.54> <CoreInst = "Cmp">   --->   Core 9 'Cmp' <Latency = 0> <II = 1> <Delay = 1.54> <FuncUnit> <Opcode : 'seteq' 'setne' 'setle' 'setge' 'setlt' 'setgt'> <InPorts = 2> <OutPorts = 1>
ST_1 : Operation 26 [1/1] (0.80ns)   --->   "%or_ln1213 = or i1 %icmp_ln1213, i1 %icmp29_read" [prj/sol/.autopilot/db/v_frmbuf_rd.cpp:1213]   --->   Operation 26 'or' 'or_ln1213' <Predicate = (!icmp_ln1197)> <Delay = 0.80> <CoreInst = "LogicGate">   --->   Core 74 'LogicGate' <Latency = 0> <II = 1> <Delay = 0.80> <FuncUnit> <Opcode : 'and' 'or' 'xor'> <InPorts = 2> <OutPorts = 1>
ST_1 : Operation 27 [1/1] (0.00ns)   --->   "%br_ln1213 = br i1 %or_ln1213, void %for.inc511.2, void %if.then519.1" [prj/sol/.autopilot/db/v_frmbuf_rd.cpp:1213]   --->   Operation 27 'br' 'br_ln1213' <Predicate = (!icmp_ln1197)> <Delay = 0.00>
ST_1 : Operation 28 [1/1] (0.80ns)   --->   "%or_ln1213_1 = or i1 %icmp_ln1213, i1 %icmp_ln1213_1_read" [prj/sol/.autopilot/db/v_frmbuf_rd.cpp:1213]   --->   Operation 28 'or' 'or_ln1213_1' <Predicate = (!icmp_ln1197)> <Delay = 0.80> <CoreInst = "LogicGate">   --->   Core 74 'LogicGate' <Latency = 0> <II = 1> <Delay = 0.80> <FuncUnit> <Opcode : 'and' 'or' 'xor'> <InPorts = 2> <OutPorts = 1>
ST_1 : Operation 29 [1/1] (0.00ns)   --->   "%br_ln1213 = br i1 %or_ln1213_1, void %for.inc511.3, void %if.then519.2" [prj/sol/.autopilot/db/v_frmbuf_rd.cpp:1213]   --->   Operation 29 'br' 'br_ln1213' <Predicate = (!icmp_ln1197)> <Delay = 0.00>
ST_1 : Operation 30 [1/1] (0.80ns)   --->   "%or_ln1213_2 = or i1 %icmp_ln1213, i1 %icmp_ln1187_read" [prj/sol/.autopilot/db/v_frmbuf_rd.cpp:1213]   --->   Operation 30 'or' 'or_ln1213_2' <Predicate = (!icmp_ln1197)> <Delay = 0.80> <CoreInst = "LogicGate">   --->   Core 74 'LogicGate' <Latency = 0> <II = 1> <Delay = 0.80> <FuncUnit> <Opcode : 'and' 'or' 'xor'> <InPorts = 2> <OutPorts = 1>
ST_1 : Operation 31 [1/1] (0.00ns)   --->   "%br_ln1213 = br i1 %or_ln1213_2, void %for.inc521.3, void %if.then519.3" [prj/sol/.autopilot/db/v_frmbuf_rd.cpp:1213]   --->   Operation 31 'br' 'br_ln1213' <Predicate = (!icmp_ln1197)> <Delay = 0.00>
ST_1 : Operation 32 [1/1] (1.29ns)   --->   "%store_ln1197 = store i11 %x_13, i11 %x_4" [prj/sol/.autopilot/db/v_frmbuf_rd.cpp:1197]   --->   Operation 32 'store' 'store_ln1197' <Predicate = (!icmp_ln1197)> <Delay = 1.29>
ST_1 : Operation 33 [1/1] (0.00ns)   --->   "%br_ln1197 = br void %VITIS_LOOP_1204_15" [prj/sol/.autopilot/db/v_frmbuf_rd.cpp:1197]   --->   Operation 33 'br' 'br_ln1197' <Predicate = (!icmp_ln1197)> <Delay = 0.00>
ST_1 : Operation 60 [1/1] (1.29ns)   --->   "%ret_ln0 = ret"   --->   Operation 60 'ret' 'ret_ln0' <Predicate = (icmp_ln1197)> <Delay = 1.29>

State 2 <SV = 1> <Delay = 4.76>
ST_2 : Operation 34 [1/1] (0.00ns)   --->   "%specpipeline_ln1199 = specpipeline void @_ssdm_op_SpecPipeline, i32 4, i32 0, i32 0, i32 0, i32 4294967295, void @empty_11" [prj/sol/.autopilot/db/v_frmbuf_rd.cpp:1199]   --->   Operation 34 'specpipeline' 'specpipeline_ln1199' <Predicate = (!icmp_ln1197)> <Delay = 0.00>
ST_2 : Operation 35 [1/1] (0.00ns)   --->   "%specloopname_ln1197 = specloopname void @_ssdm_op_SpecLoopName, void @empty_24" [prj/sol/.autopilot/db/v_frmbuf_rd.cpp:1197]   --->   Operation 35 'specloopname' 'specloopname_ln1197' <Predicate = (!icmp_ln1197)> <Delay = 0.00>
ST_2 : Operation 36 [1/1] ( I:2.38ns O:2.38ns )   --->   "%rd = read i64 @_ssdm_op_Read.ap_fifo.volatile.i64P0A, i64 %bytePlanes_plane0" [prj/sol/.autopilot/db/v_frmbuf_rd.cpp:1202]   --->   Operation 36 'read' 'rd' <Predicate = (!icmp_ln1197)> <Delay = 2.38> <CoreInst = "FIFO_BRAM">   --->   Core 78 'FIFO_BRAM' <Latency = 0> <II = 1> <Delay = 3.41> <Storage> <Opcode : 'read' 'write' 'nbread' 'nbwrite'> <Ports = 0> <Width = 64> <Depth = 481> <FIFO>
ST_2 : Operation 37 [1/1] (0.00ns)   --->   "%tmp_3 = partselect i8 @_ssdm_op_PartSelect.i8.i64.i32, i64 %rd, i32 8" [prj/sol/.autopilot/db/v_frmbuf_rd.cpp:1211]   --->   Operation 37 'partselect' 'tmp_3' <Predicate = (!icmp_ln1197)> <Delay = 0.00>
ST_2 : Operation 38 [1/1] (0.00ns)   --->   "%trunc_ln1214 = trunc i64 %rd" [prj/sol/.autopilot/db/v_frmbuf_rd.cpp:1214]   --->   Operation 38 'trunc' 'trunc_ln1214' <Predicate = (!icmp_ln1197)> <Delay = 0.00>
ST_2 : Operation 39 [1/1] (0.00ns)   --->   "%tmp_6 = bitconcatenate i16 @_ssdm_op_BitConcatenate.i16.i8.i8, i8 %trunc_ln1214, i8 %tmp_3" [prj/sol/.autopilot/db/v_frmbuf_rd.cpp:1214]   --->   Operation 39 'bitconcatenate' 'tmp_6' <Predicate = (!icmp_ln1197)> <Delay = 0.00>
ST_2 : Operation 40 [1/1] (0.00ns)   --->   "%zext_ln1214 = zext i16 %tmp_6" [prj/sol/.autopilot/db/v_frmbuf_rd.cpp:1214]   --->   Operation 40 'zext' 'zext_ln1214' <Predicate = (!icmp_ln1197)> <Delay = 0.00>
ST_2 : Operation 41 [1/1] ( I:2.38ns O:2.38ns )   --->   "%write_ln1214 = write void @_ssdm_op_Write.ap_fifo.volatile.i24P0A, i24 %img, i24 %zext_ln1214" [prj/sol/.autopilot/db/v_frmbuf_rd.cpp:1214]   --->   Operation 41 'write' 'write_ln1214' <Predicate = (!icmp_ln1197)> <Delay = 2.38> <CoreInst = "FIFO_SRL">   --->   Core 80 'FIFO_SRL' <Latency = 0> <II = 1> <Delay = 3.40> <Storage> <Opcode : 'read' 'write' 'nbread' 'nbwrite'> <Ports = 0> <Width = 24> <Depth = 2> <FIFO>
ST_2 : Operation 42 [1/1] (0.00ns)   --->   "%tmp_7 = partselect i8 @_ssdm_op_PartSelect.i8.i64.i32, i64 %rd, i32 24" [prj/sol/.autopilot/db/v_frmbuf_rd.cpp:1211]   --->   Operation 42 'partselect' 'tmp_7' <Predicate = (!icmp_ln1197)> <Delay = 0.00>
ST_2 : Operation 43 [1/1] (0.00ns)   --->   "%tmp_19 = partselect i8 @_ssdm_op_PartSelect.i8.i64.i32.i32, i64 %rd, i32 16, i32 23" [prj/sol/.autopilot/db/v_frmbuf_rd.cpp:1214]   --->   Operation 43 'partselect' 'tmp_19' <Predicate = (!icmp_ln1197 & or_ln1213)> <Delay = 0.00>
ST_2 : Operation 44 [1/1] (0.00ns)   --->   "%tmp_21 = partselect i8 @_ssdm_op_PartSelect.i8.i64.i32, i64 %rd, i32 40" [prj/sol/.autopilot/db/v_frmbuf_rd.cpp:1211]   --->   Operation 44 'partselect' 'tmp_21' <Predicate = (!icmp_ln1197)> <Delay = 0.00>
ST_2 : Operation 45 [1/1] (0.00ns)   --->   "%tmp_39 = partselect i8 @_ssdm_op_PartSelect.i8.i64.i32.i32, i64 %rd, i32 32, i32 39" [prj/sol/.autopilot/db/v_frmbuf_rd.cpp:1214]   --->   Operation 45 'partselect' 'tmp_39' <Predicate = (!icmp_ln1197 & or_ln1213_1)> <Delay = 0.00>
ST_2 : Operation 46 [1/1] (0.00ns)   --->   "%tmp_41 = partselect i8 @_ssdm_op_PartSelect.i8.i64.i32, i64 %rd, i32 56" [prj/sol/.autopilot/db/v_frmbuf_rd.cpp:1211]   --->   Operation 46 'partselect' 'tmp_41' <Predicate = (!icmp_ln1197)> <Delay = 0.00>
ST_2 : Operation 47 [1/1] (0.00ns)   --->   "%tmp_58 = partselect i8 @_ssdm_op_PartSelect.i8.i64.i32.i32, i64 %rd, i32 48, i32 55" [prj/sol/.autopilot/db/v_frmbuf_rd.cpp:1214]   --->   Operation 47 'partselect' 'tmp_58' <Predicate = (!icmp_ln1197 & or_ln1213_2)> <Delay = 0.00>

State 3 <SV = 2> <Delay = 2.38>
ST_3 : Operation 48 [1/1] (0.00ns)   --->   "%tmp_20 = bitconcatenate i16 @_ssdm_op_BitConcatenate.i16.i8.i8, i8 %tmp_19, i8 %tmp_7" [prj/sol/.autopilot/db/v_frmbuf_rd.cpp:1214]   --->   Operation 48 'bitconcatenate' 'tmp_20' <Predicate = (!icmp_ln1197 & or_ln1213)> <Delay = 0.00>
ST_3 : Operation 49 [1/1] (0.00ns)   --->   "%zext_ln1214_1 = zext i16 %tmp_20" [prj/sol/.autopilot/db/v_frmbuf_rd.cpp:1214]   --->   Operation 49 'zext' 'zext_ln1214_1' <Predicate = (!icmp_ln1197 & or_ln1213)> <Delay = 0.00>
ST_3 : Operation 50 [1/1] ( I:2.38ns O:2.38ns )   --->   "%write_ln1214 = write void @_ssdm_op_Write.ap_fifo.volatile.i24P0A, i24 %img, i24 %zext_ln1214_1" [prj/sol/.autopilot/db/v_frmbuf_rd.cpp:1214]   --->   Operation 50 'write' 'write_ln1214' <Predicate = (!icmp_ln1197 & or_ln1213)> <Delay = 2.38> <CoreInst = "FIFO_SRL">   --->   Core 80 'FIFO_SRL' <Latency = 0> <II = 1> <Delay = 3.40> <Storage> <Opcode : 'read' 'write' 'nbread' 'nbwrite'> <Ports = 0> <Width = 24> <Depth = 2> <FIFO>
ST_3 : Operation 51 [1/1] (0.00ns)   --->   "%br_ln1214 = br void %for.inc511.2" [prj/sol/.autopilot/db/v_frmbuf_rd.cpp:1214]   --->   Operation 51 'br' 'br_ln1214' <Predicate = (!icmp_ln1197 & or_ln1213)> <Delay = 0.00>

State 4 <SV = 3> <Delay = 2.38>
ST_4 : Operation 52 [1/1] (0.00ns)   --->   "%tmp_40 = bitconcatenate i16 @_ssdm_op_BitConcatenate.i16.i8.i8, i8 %tmp_39, i8 %tmp_21" [prj/sol/.autopilot/db/v_frmbuf_rd.cpp:1214]   --->   Operation 52 'bitconcatenate' 'tmp_40' <Predicate = (!icmp_ln1197 & or_ln1213_1)> <Delay = 0.00>
ST_4 : Operation 53 [1/1] (0.00ns)   --->   "%zext_ln1214_2 = zext i16 %tmp_40" [prj/sol/.autopilot/db/v_frmbuf_rd.cpp:1214]   --->   Operation 53 'zext' 'zext_ln1214_2' <Predicate = (!icmp_ln1197 & or_ln1213_1)> <Delay = 0.00>
ST_4 : Operation 54 [1/1] ( I:2.38ns O:2.38ns )   --->   "%write_ln1214 = write void @_ssdm_op_Write.ap_fifo.volatile.i24P0A, i24 %img, i24 %zext_ln1214_2" [prj/sol/.autopilot/db/v_frmbuf_rd.cpp:1214]   --->   Operation 54 'write' 'write_ln1214' <Predicate = (!icmp_ln1197 & or_ln1213_1)> <Delay = 2.38> <CoreInst = "FIFO_SRL">   --->   Core 80 'FIFO_SRL' <Latency = 0> <II = 1> <Delay = 3.40> <Storage> <Opcode : 'read' 'write' 'nbread' 'nbwrite'> <Ports = 0> <Width = 24> <Depth = 2> <FIFO>
ST_4 : Operation 55 [1/1] (0.00ns)   --->   "%br_ln1214 = br void %for.inc511.3" [prj/sol/.autopilot/db/v_frmbuf_rd.cpp:1214]   --->   Operation 55 'br' 'br_ln1214' <Predicate = (!icmp_ln1197 & or_ln1213_1)> <Delay = 0.00>

State 5 <SV = 4> <Delay = 2.38>
ST_5 : Operation 56 [1/1] (0.00ns)   --->   "%tmp_59 = bitconcatenate i16 @_ssdm_op_BitConcatenate.i16.i8.i8, i8 %tmp_58, i8 %tmp_41" [prj/sol/.autopilot/db/v_frmbuf_rd.cpp:1214]   --->   Operation 56 'bitconcatenate' 'tmp_59' <Predicate = (or_ln1213_2)> <Delay = 0.00>
ST_5 : Operation 57 [1/1] (0.00ns)   --->   "%zext_ln1214_3 = zext i16 %tmp_59" [prj/sol/.autopilot/db/v_frmbuf_rd.cpp:1214]   --->   Operation 57 'zext' 'zext_ln1214_3' <Predicate = (or_ln1213_2)> <Delay = 0.00>
ST_5 : Operation 58 [1/1] ( I:2.38ns O:2.38ns )   --->   "%write_ln1214 = write void @_ssdm_op_Write.ap_fifo.volatile.i24P0A, i24 %img, i24 %zext_ln1214_3" [prj/sol/.autopilot/db/v_frmbuf_rd.cpp:1214]   --->   Operation 58 'write' 'write_ln1214' <Predicate = (or_ln1213_2)> <Delay = 2.38> <CoreInst = "FIFO_SRL">   --->   Core 80 'FIFO_SRL' <Latency = 0> <II = 1> <Delay = 3.40> <Storage> <Opcode : 'read' 'write' 'nbread' 'nbwrite'> <Ports = 0> <Width = 24> <Depth = 2> <FIFO>
ST_5 : Operation 59 [1/1] (0.00ns)   --->   "%br_ln1214 = br void %for.inc521.3" [prj/sol/.autopilot/db/v_frmbuf_rd.cpp:1214]   --->   Operation 59 'br' 'br_ln1214' <Predicate = (or_ln1213_2)> <Delay = 0.00>


============================================================
+ Verbose Summary: Binding
============================================================
STG Binding: 
---------------- STG Properties BEGIN ----------------
- Is combinational: 0
- Is one-state seq: 0
- Is datapath-only: 0
- Is pipelined: 0
- Is top level: 0
Port [ Return ] is wired: 1; IO mode=ap_ctrl_hs:ce=0
Port [ loopWidth_4]:  wired=1; compound=0; hidden=0; nouse=0; global=0; static=0; extern=0; dir=0; type=0; pingpong=0; private_global=0; IO mode=ap_stable:ce=0
Port [ icmp_ln1187]:  wired=1; compound=0; hidden=0; nouse=0; global=0; static=0; extern=0; dir=0; type=0; pingpong=0; private_global=0; IO mode=ap_stable:ce=0
Port [ icmp_ln1213_1]:  wired=1; compound=0; hidden=0; nouse=0; global=0; static=0; extern=0; dir=0; type=0; pingpong=0; private_global=0; IO mode=ap_stable:ce=0
Port [ bytePlanes_plane0]:  wired=1; compound=1; hidden=0; nouse=0; global=0; static=0; extern=0; dir=0; type=3; pingpong=0; private_global=0; IO mode=ap_fifo:ce=0
Port [ sext_ln1213]:  wired=1; compound=0; hidden=0; nouse=0; global=0; static=0; extern=0; dir=0; type=0; pingpong=0; private_global=0; IO mode=ap_stable:ce=0
Port [ img]:  wired=1; compound=1; hidden=0; nouse=0; global=0; static=0; extern=0; dir=1; type=3; pingpong=0; private_global=0; IO mode=ap_fifo:ce=0
Port [ icmp29]:  wired=1; compound=0; hidden=0; nouse=0; global=0; static=0; extern=0; dir=0; type=0; pingpong=0; private_global=0; IO mode=ap_stable:ce=0
---------------- STG Properties END ------------------

---------------- Datapath Model BEGIN ----------------

<LifeTime>
<method=bitvector/>
x_4                   (alloca           ) [ 010000]
specmemcore_ln0       (specmemcore      ) [ 000000]
specinterface_ln0     (specinterface    ) [ 000000]
specinterface_ln0     (specinterface    ) [ 000000]
icmp29_read           (read             ) [ 000000]
sext_ln1213_read      (read             ) [ 000000]
icmp_ln1213_1_read    (read             ) [ 000000]
icmp_ln1187_read      (read             ) [ 000000]
loopWidth_4_read      (read             ) [ 000000]
store_ln1197          (store            ) [ 000000]
br_ln1197             (br               ) [ 000000]
x                     (load             ) [ 000000]
icmp_ln1197           (icmp             ) [ 011110]
speclooptripcount_ln0 (speclooptripcount) [ 000000]
x_13                  (add              ) [ 000000]
br_ln1197             (br               ) [ 000000]
zext_ln1199           (zext             ) [ 000000]
icmp_ln1213           (icmp             ) [ 000000]
or_ln1213             (or               ) [ 001100]
br_ln1213             (br               ) [ 000000]
or_ln1213_1           (or               ) [ 001110]
br_ln1213             (br               ) [ 000000]
or_ln1213_2           (or               ) [ 011111]
br_ln1213             (br               ) [ 000000]
store_ln1197          (store            ) [ 000000]
br_ln1197             (br               ) [ 000000]
specpipeline_ln1199   (specpipeline     ) [ 000000]
specloopname_ln1197   (specloopname     ) [ 000000]
rd                    (read             ) [ 000000]
tmp_3                 (partselect       ) [ 000000]
trunc_ln1214          (trunc            ) [ 000000]
tmp_6                 (bitconcatenate   ) [ 000000]
zext_ln1214           (zext             ) [ 000000]
write_ln1214          (write            ) [ 000000]
tmp_7                 (partselect       ) [ 000100]
tmp_19                (partselect       ) [ 000100]
tmp_21                (partselect       ) [ 000110]
tmp_39                (partselect       ) [ 000110]
tmp_41                (partselect       ) [ 010111]
tmp_58                (partselect       ) [ 010111]
tmp_20                (bitconcatenate   ) [ 000000]
zext_ln1214_1         (zext             ) [ 000000]
write_ln1214          (write            ) [ 000000]
br_ln1214             (br               ) [ 000000]
tmp_40                (bitconcatenate   ) [ 000000]
zext_ln1214_2         (zext             ) [ 000000]
write_ln1214          (write            ) [ 000000]
br_ln1214             (br               ) [ 000000]
tmp_59                (bitconcatenate   ) [ 000000]
zext_ln1214_3         (zext             ) [ 000000]
write_ln1214          (write            ) [ 000000]
br_ln1214             (br               ) [ 000000]
ret_ln0               (ret              ) [ 000000]
</LifeTime>

<model>

<comp_list>
<comp id="0" class="1000" name="loopWidth_4">
<pin_list>
<pin id="1" dir="1" index="0" bw="1" slack="0"/>
</pin_list>
<bind>
<StgValue><ssdm name="loopWidth_4"/></StgValue>
</bind>
</comp>

<comp id="2" class="1000" name="icmp_ln1187">
<pin_list>
<pin id="3" dir="1" index="0" bw="1" slack="0"/>
</pin_list>
<bind>
<StgValue><ssdm name="icmp_ln1187"/></StgValue>
</bind>
</comp>

<comp id="4" class="1000" name="icmp_ln1213_1">
<pin_list>
<pin id="5" dir="1" index="0" bw="1" slack="0"/>
</pin_list>
<bind>
<StgValue><ssdm name="icmp_ln1213_1"/></StgValue>
</bind>
</comp>

<comp id="6" class="1000" name="bytePlanes_plane0">
<pin_list>
<pin id="7" dir="1" index="0" bw="1" slack="0"/>
</pin_list>
<bind>
<StgValue><ssdm name="bytePlanes_plane0"/></StgValue>
</bind>
</comp>

<comp id="8" class="1000" name="sext_ln1213">
<pin_list>
<pin id="9" dir="1" index="0" bw="1" slack="0"/>
</pin_list>
<bind>
<StgValue><ssdm name="sext_ln1213"/></StgValue>
</bind>
</comp>

<comp id="10" class="1000" name="img">
<pin_list>
<pin id="11" dir="1" index="0" bw="1" slack="0"/>
</pin_list>
<bind>
<StgValue><ssdm name="img"/></StgValue>
</bind>
</comp>

<comp id="12" class="1000" name="icmp29">
<pin_list>
<pin id="13" dir="1" index="0" bw="1" slack="0"/>
</pin_list>
<bind>
<StgValue><ssdm name="icmp29"/></StgValue>
</bind>
</comp>

<comp id="14" class="1001" name="const_14">
<pin_list>
<pin id="15" dir="1" index="0" bw="1" slack="0"/>
</pin_list>
<bind>
<StgValue><ssdm name=""/></StgValue>
</bind>
</comp>

<comp id="16" class="1001" name="const_16">
<pin_list>
<pin id="17" dir="1" index="0" bw="1" slack="2147483647"/>
</pin_list>
<bind>
<StgValue><ssdm name="_ssdm_op_SpecMemCore"/></StgValue>
</bind>
</comp>

<comp id="18" class="1001" name="const_18">
<pin_list>
<pin id="19" dir="1" index="0" bw="1" slack="2147483647"/>
</pin_list>
<bind>
<StgValue><ssdm name=""/></StgValue>
</bind>
</comp>

<comp id="20" class="1001" name="const_20">
<pin_list>
<pin id="21" dir="1" index="0" bw="1" slack="2147483647"/>
</pin_list>
<bind>
<StgValue><ssdm name=""/></StgValue>
</bind>
</comp>

<comp id="22" class="1001" name="const_22">
<pin_list>
<pin id="23" dir="1" index="0" bw="1" slack="2147483647"/>
</pin_list>
<bind>
<StgValue><ssdm name=""/></StgValue>
</bind>
</comp>

<comp id="24" class="1001" name="const_24">
<pin_list>
<pin id="25" dir="1" index="0" bw="1" slack="2147483647"/>
</pin_list>
<bind>
<StgValue><ssdm name=""/></StgValue>
</bind>
</comp>

<comp id="26" class="1001" name="const_26">
<pin_list>
<pin id="27" dir="1" index="0" bw="1" slack="2147483647"/>
</pin_list>
<bind>
<StgValue><ssdm name="_ssdm_op_SpecInterface"/></StgValue>
</bind>
</comp>

<comp id="28" class="1001" name="const_28">
<pin_list>
<pin id="29" dir="1" index="0" bw="1" slack="2147483647"/>
</pin_list>
<bind>
<StgValue><ssdm name="empty_17"/></StgValue>
</bind>
</comp>

<comp id="30" class="1001" name="const_30">
<pin_list>
<pin id="31" dir="1" index="0" bw="1" slack="2147483647"/>
</pin_list>
<bind>
<StgValue><ssdm name=""/></StgValue>
</bind>
</comp>

<comp id="32" class="1001" name="const_32">
<pin_list>
<pin id="33" dir="1" index="0" bw="1" slack="2147483647"/>
</pin_list>
<bind>
<StgValue><ssdm name="empty_11"/></StgValue>
</bind>
</comp>

<comp id="34" class="1001" name="const_34">
<pin_list>
<pin id="35" dir="1" index="0" bw="1" slack="2147483647"/>
</pin_list>
<bind>
<StgValue><ssdm name=""/></StgValue>
</bind>
</comp>

<comp id="36" class="1001" name="const_36">
<pin_list>
<pin id="37" dir="1" index="0" bw="1" slack="0"/>
</pin_list>
<bind>
<StgValue><ssdm name="_ssdm_op_Read.ap_auto.i1"/></StgValue>
</bind>
</comp>

<comp id="38" class="1001" name="const_38">
<pin_list>
<pin id="39" dir="1" index="0" bw="1" slack="0"/>
</pin_list>
<bind>
<StgValue><ssdm name="_ssdm_op_Read.ap_auto.i12"/></StgValue>
</bind>
</comp>

<comp id="40" class="1001" name="const_40">
<pin_list>
<pin id="41" dir="1" index="0" bw="1" slack="0"/>
</pin_list>
<bind>
<StgValue><ssdm name="_ssdm_op_Read.ap_auto.i11"/></StgValue>
</bind>
</comp>

<comp id="42" class="1001" name="const_42">
<pin_list>
<pin id="43" dir="1" index="0" bw="1" slack="0"/>
</pin_list>
<bind>
<StgValue><ssdm name=""/></StgValue>
</bind>
</comp>

<comp id="44" class="1001" name="const_44">
<pin_list>
<pin id="45" dir="1" index="0" bw="1" slack="2147483647"/>
</pin_list>
<bind>
<StgValue><ssdm name="_ssdm_op_SpecLoopTripCount"/></StgValue>
</bind>
</comp>

<comp id="46" class="1001" name="const_46">
<pin_list>
<pin id="47" dir="1" index="0" bw="1" slack="2147483647"/>
</pin_list>
<bind>
<StgValue><ssdm name=""/></StgValue>
</bind>
</comp>

<comp id="48" class="1001" name="const_48">
<pin_list>
<pin id="49" dir="1" index="0" bw="1" slack="2147483647"/>
</pin_list>
<bind>
<StgValue><ssdm name=""/></StgValue>
</bind>
</comp>

<comp id="50" class="1001" name="const_50">
<pin_list>
<pin id="51" dir="1" index="0" bw="1" slack="0"/>
</pin_list>
<bind>
<StgValue><ssdm name=""/></StgValue>
</bind>
</comp>

<comp id="52" class="1001" name="const_52">
<pin_list>
<pin id="53" dir="1" index="0" bw="1" slack="2147483647"/>
</pin_list>
<bind>
<StgValue><ssdm name="_ssdm_op_SpecPipeline"/></StgValue>
</bind>
</comp>

<comp id="54" class="1001" name="const_54">
<pin_list>
<pin id="55" dir="1" index="0" bw="1" slack="2147483647"/>
</pin_list>
<bind>
<StgValue><ssdm name=""/></StgValue>
</bind>
</comp>

<comp id="56" class="1001" name="const_56">
<pin_list>
<pin id="57" dir="1" index="0" bw="1" slack="2147483647"/>
</pin_list>
<bind>
<StgValue><ssdm name="_ssdm_op_SpecLoopName"/></StgValue>
</bind>
</comp>

<comp id="58" class="1001" name="const_58">
<pin_list>
<pin id="59" dir="1" index="0" bw="1" slack="2147483647"/>
</pin_list>
<bind>
<StgValue><ssdm name="empty_24"/></StgValue>
</bind>
</comp>

<comp id="60" class="1001" name="const_60">
<pin_list>
<pin id="61" dir="1" index="0" bw="1" slack="0"/>
</pin_list>
<bind>
<StgValue><ssdm name="_ssdm_op_Read.ap_fifo.volatile.i64P0A"/></StgValue>
</bind>
</comp>

<comp id="62" class="1001" name="const_62">
<pin_list>
<pin id="63" dir="1" index="0" bw="1" slack="0"/>
</pin_list>
<bind>
<StgValue><ssdm name="_ssdm_op_PartSelect.i8.i64.i32"/></StgValue>
</bind>
</comp>

<comp id="64" class="1001" name="const_64">
<pin_list>
<pin id="65" dir="1" index="0" bw="1" slack="0"/>
</pin_list>
<bind>
<StgValue><ssdm name=""/></StgValue>
</bind>
</comp>

<comp id="66" class="1001" name="const_66">
<pin_list>
<pin id="67" dir="1" index="0" bw="1" slack="0"/>
</pin_list>
<bind>
<StgValue><ssdm name="_ssdm_op_BitConcatenate.i16.i8.i8"/></StgValue>
</bind>
</comp>

<comp id="68" class="1001" name="const_68">
<pin_list>
<pin id="69" dir="1" index="0" bw="1" slack="0"/>
</pin_list>
<bind>
<StgValue><ssdm name="_ssdm_op_Write.ap_fifo.volatile.i24P0A"/></StgValue>
</bind>
</comp>

<comp id="70" class="1001" name="const_70">
<pin_list>
<pin id="71" dir="1" index="0" bw="1" slack="0"/>
</pin_list>
<bind>
<StgValue><ssdm name=""/></StgValue>
</bind>
</comp>

<comp id="72" class="1001" name="const_72">
<pin_list>
<pin id="73" dir="1" index="0" bw="1" slack="0"/>
</pin_list>
<bind>
<StgValue><ssdm name="_ssdm_op_PartSelect.i8.i64.i32.i32"/></StgValue>
</bind>
</comp>

<comp id="74" class="1001" name="const_74">
<pin_list>
<pin id="75" dir="1" index="0" bw="1" slack="0"/>
</pin_list>
<bind>
<StgValue><ssdm name=""/></StgValue>
</bind>
</comp>

<comp id="76" class="1001" name="const_76">
<pin_list>
<pin id="77" dir="1" index="0" bw="1" slack="0"/>
</pin_list>
<bind>
<StgValue><ssdm name=""/></StgValue>
</bind>
</comp>

<comp id="78" class="1001" name="const_78">
<pin_list>
<pin id="79" dir="1" index="0" bw="1" slack="0"/>
</pin_list>
<bind>
<StgValue><ssdm name=""/></StgValue>
</bind>
</comp>

<comp id="80" class="1001" name="const_80">
<pin_list>
<pin id="81" dir="1" index="0" bw="1" slack="0"/>
</pin_list>
<bind>
<StgValue><ssdm name=""/></StgValue>
</bind>
</comp>

<comp id="82" class="1001" name="const_82">
<pin_list>
<pin id="83" dir="1" index="0" bw="1" slack="0"/>
</pin_list>
<bind>
<StgValue><ssdm name=""/></StgValue>
</bind>
</comp>

<comp id="84" class="1001" name="const_84">
<pin_list>
<pin id="85" dir="1" index="0" bw="1" slack="0"/>
</pin_list>
<bind>
<StgValue><ssdm name=""/></StgValue>
</bind>
</comp>

<comp id="86" class="1001" name="const_86">
<pin_list>
<pin id="87" dir="1" index="0" bw="1" slack="0"/>
</pin_list>
<bind>
<StgValue><ssdm name=""/></StgValue>
</bind>
</comp>

<comp id="88" class="1001" name="const_88">
<pin_list>
<pin id="89" dir="1" index="0" bw="1" slack="0"/>
</pin_list>
<bind>
<StgValue><ssdm name=""/></StgValue>
</bind>
</comp>

<comp id="90" class="1004" name="x_4_fu_90">
<pin_list>
<pin id="91" dir="0" index="0" bw="1" slack="0"/>
<pin id="92" dir="1" index="1" bw="11" slack="0"/>
</pin_list>
<bind>
<opcode="alloca(26) " fcode="alloca"/>
<opset="x_4/1 "/>
</bind>
</comp>

<comp id="94" class="1004" name="icmp29_read_read_fu_94">
<pin_list>
<pin id="95" dir="0" index="0" bw="1" slack="0"/>
<pin id="96" dir="0" index="1" bw="1" slack="0"/>
<pin id="97" dir="1" index="2" bw="1" slack="0"/>
</pin_list>
<bind>
<opcode="read(1150) " fcode="read"/>
<opset="icmp29_read/1 "/>
</bind>
</comp>

<comp id="100" class="1004" name="sext_ln1213_read_read_fu_100">
<pin_list>
<pin id="101" dir="0" index="0" bw="12" slack="0"/>
<pin id="102" dir="0" index="1" bw="12" slack="0"/>
<pin id="103" dir="1" index="2" bw="12" slack="0"/>
</pin_list>
<bind>
<opcode="read(1150) " fcode="read"/>
<opset="sext_ln1213_read/1 "/>
</bind>
</comp>

<comp id="106" class="1004" name="icmp_ln1213_1_read_read_fu_106">
<pin_list>
<pin id="107" dir="0" index="0" bw="1" slack="0"/>
<pin id="108" dir="0" index="1" bw="1" slack="0"/>
<pin id="109" dir="1" index="2" bw="1" slack="0"/>
</pin_list>
<bind>
<opcode="read(1150) " fcode="read"/>
<opset="icmp_ln1213_1_read/1 "/>
</bind>
</comp>

<comp id="112" class="1004" name="icmp_ln1187_read_read_fu_112">
<pin_list>
<pin id="113" dir="0" index="0" bw="1" slack="0"/>
<pin id="114" dir="0" index="1" bw="1" slack="0"/>
<pin id="115" dir="1" index="2" bw="1" slack="0"/>
</pin_list>
<bind>
<opcode="read(1150) " fcode="read"/>
<opset="icmp_ln1187_read/1 "/>
</bind>
</comp>

<comp id="118" class="1004" name="loopWidth_4_read_read_fu_118">
<pin_list>
<pin id="119" dir="0" index="0" bw="11" slack="0"/>
<pin id="120" dir="0" index="1" bw="11" slack="0"/>
<pin id="121" dir="1" index="2" bw="11" slack="0"/>
</pin_list>
<bind>
<opcode="read(1150) " fcode="read"/>
<opset="loopWidth_4_read/1 "/>
</bind>
</comp>

<comp id="124" class="1004" name="rd_read_fu_124">
<pin_list>
<pin id="125" dir="0" index="0" bw="64" slack="0"/>
<pin id="126" dir="0" index="1" bw="64" slack="0"/>
<pin id="127" dir="1" index="2" bw="64" slack="0"/>
</pin_list>
<bind>
<opcode="read(1150) " fcode="read"/>
<opset="rd/2 "/>
</bind>
</comp>

<comp id="130" class="1004" name="grp_write_fu_130">
<pin_list>
<pin id="131" dir="0" index="0" bw="0" slack="0"/>
<pin id="132" dir="0" index="1" bw="24" slack="0"/>
<pin id="133" dir="0" index="2" bw="16" slack="0"/>
<pin id="134" dir="1" index="3" bw="0" slack="2147483647"/>
</pin_list>
<bind>
<opcode="write(1151) " fcode="write"/>
<opset="write_ln1214/2 write_ln1214/3 write_ln1214/4 write_ln1214/5 "/>
</bind>
</comp>

<comp id="137" class="1004" name="store_ln1197_store_fu_137">
<pin_list>
<pin id="138" dir="0" index="0" bw="1" slack="0"/>
<pin id="139" dir="0" index="1" bw="11" slack="0"/>
<pin id="140" dir="1" index="2" bw="0" slack="2147483647"/>
</pin_list>
<bind>
<opcode="store(28) " fcode="store"/>
<opset="store_ln1197/1 "/>
</bind>
</comp>

<comp id="142" class="1004" name="x_load_fu_142">
<pin_list>
<pin id="143" dir="0" index="0" bw="11" slack="0"/>
<pin id="144" dir="1" index="1" bw="11" slack="0"/>
</pin_list>
<bind>
<opcode="load(27) " fcode="load"/>
<opset="x/1 "/>
</bind>
</comp>

<comp id="145" class="1004" name="icmp_ln1197_fu_145">
<pin_list>
<pin id="146" dir="0" index="0" bw="11" slack="0"/>
<pin id="147" dir="0" index="1" bw="11" slack="0"/>
<pin id="148" dir="1" index="2" bw="1" slack="1"/>
</pin_list>
<bind>
<opcode="icmp(45) " fcode="icmp"/>
<opset="icmp_ln1197/1 "/>
</bind>
</comp>

<comp id="151" class="1004" name="x_13_fu_151">
<pin_list>
<pin id="152" dir="0" index="0" bw="11" slack="0"/>
<pin id="153" dir="0" index="1" bw="1" slack="0"/>
<pin id="154" dir="1" index="2" bw="11" slack="0"/>
</pin_list>
<bind>
<opcode="add(8) " fcode="add"/>
<opset="x_13/1 "/>
</bind>
</comp>

<comp id="157" class="1004" name="zext_ln1199_fu_157">
<pin_list>
<pin id="158" dir="0" index="0" bw="11" slack="0"/>
<pin id="159" dir="1" index="1" bw="12" slack="0"/>
</pin_list>
<bind>
<opcode="zext(34) " fcode="zext"/>
<opset="zext_ln1199/1 "/>
</bind>
</comp>

<comp id="161" class="1004" name="icmp_ln1213_fu_161">
<pin_list>
<pin id="162" dir="0" index="0" bw="11" slack="0"/>
<pin id="163" dir="0" index="1" bw="12" slack="0"/>
<pin id="164" dir="1" index="2" bw="1" slack="0"/>
</pin_list>
<bind>
<opcode="icmp(45) " fcode="icmp"/>
<opset="icmp_ln1213/1 "/>
</bind>
</comp>

<comp id="167" class="1004" name="or_ln1213_fu_167">
<pin_list>
<pin id="168" dir="0" index="0" bw="1" slack="0"/>
<pin id="169" dir="0" index="1" bw="1" slack="0"/>
<pin id="170" dir="1" index="2" bw="1" slack="1"/>
</pin_list>
<bind>
<opcode="or(24) " fcode="or"/>
<opset="or_ln1213/1 "/>
</bind>
</comp>

<comp id="173" class="1004" name="or_ln1213_1_fu_173">
<pin_list>
<pin id="174" dir="0" index="0" bw="1" slack="0"/>
<pin id="175" dir="0" index="1" bw="1" slack="0"/>
<pin id="176" dir="1" index="2" bw="1" slack="1"/>
</pin_list>
<bind>
<opcode="or(24) " fcode="or"/>
<opset="or_ln1213_1/1 "/>
</bind>
</comp>

<comp id="179" class="1004" name="or_ln1213_2_fu_179">
<pin_list>
<pin id="180" dir="0" index="0" bw="1" slack="0"/>
<pin id="181" dir="0" index="1" bw="1" slack="0"/>
<pin id="182" dir="1" index="2" bw="1" slack="1"/>
</pin_list>
<bind>
<opcode="or(24) " fcode="or"/>
<opset="or_ln1213_2/1 "/>
</bind>
</comp>

<comp id="185" class="1004" name="store_ln1197_store_fu_185">
<pin_list>
<pin id="186" dir="0" index="0" bw="11" slack="0"/>
<pin id="187" dir="0" index="1" bw="11" slack="0"/>
<pin id="188" dir="1" index="2" bw="0" slack="2147483647"/>
</pin_list>
<bind>
<opcode="store(28) " fcode="store"/>
<opset="store_ln1197/1 "/>
</bind>
</comp>

<comp id="190" class="1004" name="tmp_3_fu_190">
<pin_list>
<pin id="191" dir="0" index="0" bw="8" slack="0"/>
<pin id="192" dir="0" index="1" bw="64" slack="0"/>
<pin id="193" dir="0" index="2" bw="5" slack="0"/>
<pin id="194" dir="1" index="3" bw="8" slack="0"/>
</pin_list>
<bind>
<opcode="partselect(1002) " fcode="partselect"/>
<opset="tmp_3/2 "/>
</bind>
</comp>

<comp id="198" class="1004" name="trunc_ln1214_fu_198">
<pin_list>
<pin id="199" dir="0" index="0" bw="64" slack="0"/>
<pin id="200" dir="1" index="1" bw="8" slack="0"/>
</pin_list>
<bind>
<opcode="trunc(33) " fcode="trunc"/>
<opset="trunc_ln1214/2 "/>
</bind>
</comp>

<comp id="202" class="1004" name="tmp_6_fu_202">
<pin_list>
<pin id="203" dir="0" index="0" bw="16" slack="0"/>
<pin id="204" dir="0" index="1" bw="8" slack="0"/>
<pin id="205" dir="0" index="2" bw="8" slack="0"/>
<pin id="206" dir="1" index="3" bw="16" slack="0"/>
</pin_list>
<bind>
<opcode="bitconcatenate(1004) " fcode="bitconcatenate"/>
<opset="tmp_6/2 "/>
</bind>
</comp>

<comp id="210" class="1004" name="zext_ln1214_fu_210">
<pin_list>
<pin id="211" dir="0" index="0" bw="16" slack="0"/>
<pin id="212" dir="1" index="1" bw="24" slack="0"/>
</pin_list>
<bind>
<opcode="zext(34) " fcode="zext"/>
<opset="zext_ln1214/2 "/>
</bind>
</comp>

<comp id="215" class="1004" name="tmp_7_fu_215">
<pin_list>
<pin id="216" dir="0" index="0" bw="8" slack="0"/>
<pin id="217" dir="0" index="1" bw="64" slack="0"/>
<pin id="218" dir="0" index="2" bw="6" slack="0"/>
<pin id="219" dir="1" index="3" bw="8" slack="1"/>
</pin_list>
<bind>
<opcode="partselect(1002) " fcode="partselect"/>
<opset="tmp_7/2 "/>
</bind>
</comp>

<comp id="223" class="1004" name="tmp_19_fu_223">
<pin_list>
<pin id="224" dir="0" index="0" bw="8" slack="0"/>
<pin id="225" dir="0" index="1" bw="64" slack="0"/>
<pin id="226" dir="0" index="2" bw="6" slack="0"/>
<pin id="227" dir="0" index="3" bw="6" slack="0"/>
<pin id="228" dir="1" index="4" bw="8" slack="1"/>
</pin_list>
<bind>
<opcode="partselect(1002) " fcode="partselect"/>
<opset="tmp_19/2 "/>
</bind>
</comp>

<comp id="233" class="1004" name="tmp_21_fu_233">
<pin_list>
<pin id="234" dir="0" index="0" bw="8" slack="0"/>
<pin id="235" dir="0" index="1" bw="64" slack="0"/>
<pin id="236" dir="0" index="2" bw="7" slack="0"/>
<pin id="237" dir="1" index="3" bw="8" slack="2"/>
</pin_list>
<bind>
<opcode="partselect(1002) " fcode="partselect"/>
<opset="tmp_21/2 "/>
</bind>
</comp>

<comp id="241" class="1004" name="tmp_39_fu_241">
<pin_list>
<pin id="242" dir="0" index="0" bw="8" slack="0"/>
<pin id="243" dir="0" index="1" bw="64" slack="0"/>
<pin id="244" dir="0" index="2" bw="7" slack="0"/>
<pin id="245" dir="0" index="3" bw="7" slack="0"/>
<pin id="246" dir="1" index="4" bw="8" slack="2"/>
</pin_list>
<bind>
<opcode="partselect(1002) " fcode="partselect"/>
<opset="tmp_39/2 "/>
</bind>
</comp>

<comp id="251" class="1004" name="tmp_41_fu_251">
<pin_list>
<pin id="252" dir="0" index="0" bw="8" slack="0"/>
<pin id="253" dir="0" index="1" bw="64" slack="0"/>
<pin id="254" dir="0" index="2" bw="7" slack="0"/>
<pin id="255" dir="1" index="3" bw="8" slack="3"/>
</pin_list>
<bind>
<opcode="partselect(1002) " fcode="partselect"/>
<opset="tmp_41/2 "/>
</bind>
</comp>

<comp id="259" class="1004" name="tmp_58_fu_259">
<pin_list>
<pin id="260" dir="0" index="0" bw="8" slack="0"/>
<pin id="261" dir="0" index="1" bw="64" slack="0"/>
<pin id="262" dir="0" index="2" bw="7" slack="0"/>
<pin id="263" dir="0" index="3" bw="7" slack="0"/>
<pin id="264" dir="1" index="4" bw="8" slack="3"/>
</pin_list>
<bind>
<opcode="partselect(1002) " fcode="partselect"/>
<opset="tmp_58/2 "/>
</bind>
</comp>

<comp id="269" class="1004" name="tmp_20_fu_269">
<pin_list>
<pin id="270" dir="0" index="0" bw="16" slack="0"/>
<pin id="271" dir="0" index="1" bw="8" slack="1"/>
<pin id="272" dir="0" index="2" bw="8" slack="1"/>
<pin id="273" dir="1" index="3" bw="16" slack="0"/>
</pin_list>
<bind>
<opcode="bitconcatenate(1004) " fcode="bitconcatenate"/>
<opset="tmp_20/3 "/>
</bind>
</comp>

<comp id="275" class="1004" name="zext_ln1214_1_fu_275">
<pin_list>
<pin id="276" dir="0" index="0" bw="16" slack="0"/>
<pin id="277" dir="1" index="1" bw="24" slack="0"/>
</pin_list>
<bind>
<opcode="zext(34) " fcode="zext"/>
<opset="zext_ln1214_1/3 "/>
</bind>
</comp>

<comp id="280" class="1004" name="tmp_40_fu_280">
<pin_list>
<pin id="281" dir="0" index="0" bw="16" slack="0"/>
<pin id="282" dir="0" index="1" bw="8" slack="2"/>
<pin id="283" dir="0" index="2" bw="8" slack="2"/>
<pin id="284" dir="1" index="3" bw="16" slack="0"/>
</pin_list>
<bind>
<opcode="bitconcatenate(1004) " fcode="bitconcatenate"/>
<opset="tmp_40/4 "/>
</bind>
</comp>

<comp id="286" class="1004" name="zext_ln1214_2_fu_286">
<pin_list>
<pin id="287" dir="0" index="0" bw="16" slack="0"/>
<pin id="288" dir="1" index="1" bw="24" slack="0"/>
</pin_list>
<bind>
<opcode="zext(34) " fcode="zext"/>
<opset="zext_ln1214_2/4 "/>
</bind>
</comp>

<comp id="291" class="1004" name="tmp_59_fu_291">
<pin_list>
<pin id="292" dir="0" index="0" bw="16" slack="0"/>
<pin id="293" dir="0" index="1" bw="8" slack="3"/>
<pin id="294" dir="0" index="2" bw="8" slack="3"/>
<pin id="295" dir="1" index="3" bw="16" slack="0"/>
</pin_list>
<bind>
<opcode="bitconcatenate(1004) " fcode="bitconcatenate"/>
<opset="tmp_59/5 "/>
</bind>
</comp>

<comp id="297" class="1004" name="zext_ln1214_3_fu_297">
<pin_list>
<pin id="298" dir="0" index="0" bw="16" slack="0"/>
<pin id="299" dir="1" index="1" bw="24" slack="0"/>
</pin_list>
<bind>
<opcode="zext(34) " fcode="zext"/>
<opset="zext_ln1214_3/5 "/>
</bind>
</comp>

<comp id="302" class="1005" name="x_4_reg_302">
<pin_list>
<pin id="303" dir="0" index="0" bw="11" slack="0"/>
<pin id="304" dir="1" index="1" bw="11" slack="0"/>
</pin_list>
<bind>
<opset="x_4 "/>
</bind>
</comp>

<comp id="309" class="1005" name="icmp_ln1197_reg_309">
<pin_list>
<pin id="310" dir="0" index="0" bw="1" slack="1"/>
<pin id="311" dir="1" index="1" bw="1" slack="2147483647"/>
</pin_list>
<bind>
<opset="icmp_ln1197 "/>
</bind>
</comp>

<comp id="313" class="1005" name="or_ln1213_reg_313">
<pin_list>
<pin id="314" dir="0" index="0" bw="1" slack="1"/>
<pin id="315" dir="1" index="1" bw="1" slack="2147483647"/>
</pin_list>
<bind>
<opset="or_ln1213 "/>
</bind>
</comp>

<comp id="317" class="1005" name="or_ln1213_1_reg_317">
<pin_list>
<pin id="318" dir="0" index="0" bw="1" slack="1"/>
<pin id="319" dir="1" index="1" bw="1" slack="2147483647"/>
</pin_list>
<bind>
<opset="or_ln1213_1 "/>
</bind>
</comp>

<comp id="321" class="1005" name="or_ln1213_2_reg_321">
<pin_list>
<pin id="322" dir="0" index="0" bw="1" slack="1"/>
<pin id="323" dir="1" index="1" bw="1" slack="2147483647"/>
</pin_list>
<bind>
<opset="or_ln1213_2 "/>
</bind>
</comp>

<comp id="325" class="1005" name="tmp_7_reg_325">
<pin_list>
<pin id="326" dir="0" index="0" bw="8" slack="1"/>
<pin id="327" dir="1" index="1" bw="8" slack="1"/>
</pin_list>
<bind>
<opset="tmp_7 "/>
</bind>
</comp>

<comp id="330" class="1005" name="tmp_19_reg_330">
<pin_list>
<pin id="331" dir="0" index="0" bw="8" slack="1"/>
<pin id="332" dir="1" index="1" bw="8" slack="1"/>
</pin_list>
<bind>
<opset="tmp_19 "/>
</bind>
</comp>

<comp id="335" class="1005" name="tmp_21_reg_335">
<pin_list>
<pin id="336" dir="0" index="0" bw="8" slack="2"/>
<pin id="337" dir="1" index="1" bw="8" slack="2"/>
</pin_list>
<bind>
<opset="tmp_21 "/>
</bind>
</comp>

<comp id="340" class="1005" name="tmp_39_reg_340">
<pin_list>
<pin id="341" dir="0" index="0" bw="8" slack="2"/>
<pin id="342" dir="1" index="1" bw="8" slack="2"/>
</pin_list>
<bind>
<opset="tmp_39 "/>
</bind>
</comp>

<comp id="345" class="1005" name="tmp_41_reg_345">
<pin_list>
<pin id="346" dir="0" index="0" bw="8" slack="3"/>
<pin id="347" dir="1" index="1" bw="8" slack="3"/>
</pin_list>
<bind>
<opset="tmp_41 "/>
</bind>
</comp>

<comp id="350" class="1005" name="tmp_58_reg_350">
<pin_list>
<pin id="351" dir="0" index="0" bw="8" slack="3"/>
<pin id="352" dir="1" index="1" bw="8" slack="3"/>
</pin_list>
<bind>
<opset="tmp_58 "/>
</bind>
</comp>

</comp_list>

<net_list>
<net id="93"><net_src comp="14" pin="0"/><net_sink comp="90" pin=0"/></net>

<net id="98"><net_src comp="36" pin="0"/><net_sink comp="94" pin=0"/></net>

<net id="99"><net_src comp="12" pin="0"/><net_sink comp="94" pin=1"/></net>

<net id="104"><net_src comp="38" pin="0"/><net_sink comp="100" pin=0"/></net>

<net id="105"><net_src comp="8" pin="0"/><net_sink comp="100" pin=1"/></net>

<net id="110"><net_src comp="36" pin="0"/><net_sink comp="106" pin=0"/></net>

<net id="111"><net_src comp="4" pin="0"/><net_sink comp="106" pin=1"/></net>

<net id="116"><net_src comp="36" pin="0"/><net_sink comp="112" pin=0"/></net>

<net id="117"><net_src comp="2" pin="0"/><net_sink comp="112" pin=1"/></net>

<net id="122"><net_src comp="40" pin="0"/><net_sink comp="118" pin=0"/></net>

<net id="123"><net_src comp="0" pin="0"/><net_sink comp="118" pin=1"/></net>

<net id="128"><net_src comp="60" pin="0"/><net_sink comp="124" pin=0"/></net>

<net id="129"><net_src comp="6" pin="0"/><net_sink comp="124" pin=1"/></net>

<net id="135"><net_src comp="68" pin="0"/><net_sink comp="130" pin=0"/></net>

<net id="136"><net_src comp="10" pin="0"/><net_sink comp="130" pin=1"/></net>

<net id="141"><net_src comp="42" pin="0"/><net_sink comp="137" pin=0"/></net>

<net id="149"><net_src comp="142" pin="1"/><net_sink comp="145" pin=0"/></net>

<net id="150"><net_src comp="118" pin="2"/><net_sink comp="145" pin=1"/></net>

<net id="155"><net_src comp="142" pin="1"/><net_sink comp="151" pin=0"/></net>

<net id="156"><net_src comp="50" pin="0"/><net_sink comp="151" pin=1"/></net>

<net id="160"><net_src comp="142" pin="1"/><net_sink comp="157" pin=0"/></net>

<net id="165"><net_src comp="157" pin="1"/><net_sink comp="161" pin=0"/></net>

<net id="166"><net_src comp="100" pin="2"/><net_sink comp="161" pin=1"/></net>

<net id="171"><net_src comp="161" pin="2"/><net_sink comp="167" pin=0"/></net>

<net id="172"><net_src comp="94" pin="2"/><net_sink comp="167" pin=1"/></net>

<net id="177"><net_src comp="161" pin="2"/><net_sink comp="173" pin=0"/></net>

<net id="178"><net_src comp="106" pin="2"/><net_sink comp="173" pin=1"/></net>

<net id="183"><net_src comp="161" pin="2"/><net_sink comp="179" pin=0"/></net>

<net id="184"><net_src comp="112" pin="2"/><net_sink comp="179" pin=1"/></net>

<net id="189"><net_src comp="151" pin="2"/><net_sink comp="185" pin=0"/></net>

<net id="195"><net_src comp="62" pin="0"/><net_sink comp="190" pin=0"/></net>

<net id="196"><net_src comp="124" pin="2"/><net_sink comp="190" pin=1"/></net>

<net id="197"><net_src comp="64" pin="0"/><net_sink comp="190" pin=2"/></net>

<net id="201"><net_src comp="124" pin="2"/><net_sink comp="198" pin=0"/></net>

<net id="207"><net_src comp="66" pin="0"/><net_sink comp="202" pin=0"/></net>

<net id="208"><net_src comp="198" pin="1"/><net_sink comp="202" pin=1"/></net>

<net id="209"><net_src comp="190" pin="3"/><net_sink comp="202" pin=2"/></net>

<net id="213"><net_src comp="202" pin="3"/><net_sink comp="210" pin=0"/></net>

<net id="214"><net_src comp="210" pin="1"/><net_sink comp="130" pin=2"/></net>

<net id="220"><net_src comp="62" pin="0"/><net_sink comp="215" pin=0"/></net>

<net id="221"><net_src comp="124" pin="2"/><net_sink comp="215" pin=1"/></net>

<net id="222"><net_src comp="70" pin="0"/><net_sink comp="215" pin=2"/></net>

<net id="229"><net_src comp="72" pin="0"/><net_sink comp="223" pin=0"/></net>

<net id="230"><net_src comp="124" pin="2"/><net_sink comp="223" pin=1"/></net>

<net id="231"><net_src comp="74" pin="0"/><net_sink comp="223" pin=2"/></net>

<net id="232"><net_src comp="76" pin="0"/><net_sink comp="223" pin=3"/></net>

<net id="238"><net_src comp="62" pin="0"/><net_sink comp="233" pin=0"/></net>

<net id="239"><net_src comp="124" pin="2"/><net_sink comp="233" pin=1"/></net>

<net id="240"><net_src comp="78" pin="0"/><net_sink comp="233" pin=2"/></net>

<net id="247"><net_src comp="72" pin="0"/><net_sink comp="241" pin=0"/></net>

<net id="248"><net_src comp="124" pin="2"/><net_sink comp="241" pin=1"/></net>

<net id="249"><net_src comp="80" pin="0"/><net_sink comp="241" pin=2"/></net>

<net id="250"><net_src comp="82" pin="0"/><net_sink comp="241" pin=3"/></net>

<net id="256"><net_src comp="62" pin="0"/><net_sink comp="251" pin=0"/></net>

<net id="257"><net_src comp="124" pin="2"/><net_sink comp="251" pin=1"/></net>

<net id="258"><net_src comp="84" pin="0"/><net_sink comp="251" pin=2"/></net>

<net id="265"><net_src comp="72" pin="0"/><net_sink comp="259" pin=0"/></net>

<net id="266"><net_src comp="124" pin="2"/><net_sink comp="259" pin=1"/></net>

<net id="267"><net_src comp="86" pin="0"/><net_sink comp="259" pin=2"/></net>

<net id="268"><net_src comp="88" pin="0"/><net_sink comp="259" pin=3"/></net>

<net id="274"><net_src comp="66" pin="0"/><net_sink comp="269" pin=0"/></net>

<net id="278"><net_src comp="269" pin="3"/><net_sink comp="275" pin=0"/></net>

<net id="279"><net_src comp="275" pin="1"/><net_sink comp="130" pin=2"/></net>

<net id="285"><net_src comp="66" pin="0"/><net_sink comp="280" pin=0"/></net>

<net id="289"><net_src comp="280" pin="3"/><net_sink comp="286" pin=0"/></net>

<net id="290"><net_src comp="286" pin="1"/><net_sink comp="130" pin=2"/></net>

<net id="296"><net_src comp="66" pin="0"/><net_sink comp="291" pin=0"/></net>

<net id="300"><net_src comp="291" pin="3"/><net_sink comp="297" pin=0"/></net>

<net id="301"><net_src comp="297" pin="1"/><net_sink comp="130" pin=2"/></net>

<net id="305"><net_src comp="90" pin="1"/><net_sink comp="302" pin=0"/></net>

<net id="306"><net_src comp="302" pin="1"/><net_sink comp="137" pin=1"/></net>

<net id="307"><net_src comp="302" pin="1"/><net_sink comp="142" pin=0"/></net>

<net id="308"><net_src comp="302" pin="1"/><net_sink comp="185" pin=1"/></net>

<net id="312"><net_src comp="145" pin="2"/><net_sink comp="309" pin=0"/></net>

<net id="316"><net_src comp="167" pin="2"/><net_sink comp="313" pin=0"/></net>

<net id="320"><net_src comp="173" pin="2"/><net_sink comp="317" pin=0"/></net>

<net id="324"><net_src comp="179" pin="2"/><net_sink comp="321" pin=0"/></net>

<net id="328"><net_src comp="215" pin="3"/><net_sink comp="325" pin=0"/></net>

<net id="329"><net_src comp="325" pin="1"/><net_sink comp="269" pin=2"/></net>

<net id="333"><net_src comp="223" pin="4"/><net_sink comp="330" pin=0"/></net>

<net id="334"><net_src comp="330" pin="1"/><net_sink comp="269" pin=1"/></net>

<net id="338"><net_src comp="233" pin="3"/><net_sink comp="335" pin=0"/></net>

<net id="339"><net_src comp="335" pin="1"/><net_sink comp="280" pin=2"/></net>

<net id="343"><net_src comp="241" pin="4"/><net_sink comp="340" pin=0"/></net>

<net id="344"><net_src comp="340" pin="1"/><net_sink comp="280" pin=1"/></net>

<net id="348"><net_src comp="251" pin="3"/><net_sink comp="345" pin=0"/></net>

<net id="349"><net_src comp="345" pin="1"/><net_sink comp="291" pin=2"/></net>

<net id="353"><net_src comp="259" pin="4"/><net_sink comp="350" pin=0"/></net>

<net id="354"><net_src comp="350" pin="1"/><net_sink comp="291" pin=1"/></net>

</net_list>

</model> 
---------------- Datapath Model END ------------------

* FSMD analyzer results:
  - Output states:
	Port: img | {2 3 4 5 }
 - Input state : 
	Port: Bytes2MultiPixStream_Pipeline_VITIS_LOOP_1197_14 : loopWidth_4 | {1 }
	Port: Bytes2MultiPixStream_Pipeline_VITIS_LOOP_1197_14 : icmp_ln1187 | {1 }
	Port: Bytes2MultiPixStream_Pipeline_VITIS_LOOP_1197_14 : icmp_ln1213_1 | {1 }
	Port: Bytes2MultiPixStream_Pipeline_VITIS_LOOP_1197_14 : bytePlanes_plane0 | {2 }
	Port: Bytes2MultiPixStream_Pipeline_VITIS_LOOP_1197_14 : sext_ln1213 | {1 }
	Port: Bytes2MultiPixStream_Pipeline_VITIS_LOOP_1197_14 : icmp29 | {1 }
  - Chain level:
	State 1
		store_ln1197 : 1
		x : 1
		icmp_ln1197 : 2
		x_13 : 2
		br_ln1197 : 3
		zext_ln1199 : 2
		icmp_ln1213 : 3
		or_ln1213 : 4
		br_ln1213 : 4
		or_ln1213_1 : 4
		br_ln1213 : 4
		or_ln1213_2 : 4
		br_ln1213 : 4
		store_ln1197 : 3
	State 2
		tmp_6 : 1
		zext_ln1214 : 2
		write_ln1214 : 3
	State 3
		zext_ln1214_1 : 1
		write_ln1214 : 2
	State 4
		zext_ln1214_2 : 1
		write_ln1214 : 2
	State 5
		zext_ln1214_3 : 1
		write_ln1214 : 2


============================================================
+ Verbose Summary: Datapath Resource usage 
============================================================

* Functional unit list:
|----------|--------------------------------|---------|---------|
| Operation|         Functional Unit        |    FF   |   LUT   |
|----------|--------------------------------|---------|---------|
|   icmp   |       icmp_ln1197_fu_145       |    0    |    11   |
|          |       icmp_ln1213_fu_161       |    0    |    12   |
|----------|--------------------------------|---------|---------|
|    add   |           x_13_fu_151          |    0    |    11   |
|----------|--------------------------------|---------|---------|
|          |        or_ln1213_fu_167        |    0    |    1    |
|    or    |       or_ln1213_1_fu_173       |    0    |    1    |
|          |       or_ln1213_2_fu_179       |    0    |    1    |
|----------|--------------------------------|---------|---------|
|          |     icmp29_read_read_fu_94     |    0    |    0    |
|          |  sext_ln1213_read_read_fu_100  |    0    |    0    |
|   read   | icmp_ln1213_1_read_read_fu_106 |    0    |    0    |
|          |  icmp_ln1187_read_read_fu_112  |    0    |    0    |
|          |  loopWidth_4_read_read_fu_118  |    0    |    0    |
|          |         rd_read_fu_124         |    0    |    0    |
|----------|--------------------------------|---------|---------|
|   write  |        grp_write_fu_130        |    0    |    0    |
|----------|--------------------------------|---------|---------|
|          |       zext_ln1199_fu_157       |    0    |    0    |
|          |       zext_ln1214_fu_210       |    0    |    0    |
|   zext   |      zext_ln1214_1_fu_275      |    0    |    0    |
|          |      zext_ln1214_2_fu_286      |    0    |    0    |
|          |      zext_ln1214_3_fu_297      |    0    |    0    |
|----------|--------------------------------|---------|---------|
|          |          tmp_3_fu_190          |    0    |    0    |
|          |          tmp_7_fu_215          |    0    |    0    |
|          |          tmp_19_fu_223         |    0    |    0    |
|partselect|          tmp_21_fu_233         |    0    |    0    |
|          |          tmp_39_fu_241         |    0    |    0    |
|          |          tmp_41_fu_251         |    0    |    0    |
|          |          tmp_58_fu_259         |    0    |    0    |
|----------|--------------------------------|---------|---------|
|   trunc  |       trunc_ln1214_fu_198      |    0    |    0    |
|----------|--------------------------------|---------|---------|
|          |          tmp_6_fu_202          |    0    |    0    |
|bitconcatenate|          tmp_20_fu_269         |    0    |    0    |
|          |          tmp_40_fu_280         |    0    |    0    |
|          |          tmp_59_fu_291         |    0    |    0    |
|----------|--------------------------------|---------|---------|
|   Total  |                                |    0    |    37   |
|----------|--------------------------------|---------|---------|

Memories:
N/A

* Register list:
+-------------------+--------+
|                   |   FF   |
+-------------------+--------+
|icmp_ln1197_reg_309|    1   |
|or_ln1213_1_reg_317|    1   |
|or_ln1213_2_reg_321|    1   |
| or_ln1213_reg_313 |    1   |
|   tmp_19_reg_330  |    8   |
|   tmp_21_reg_335  |    8   |
|   tmp_39_reg_340  |    8   |
|   tmp_41_reg_345  |    8   |
|   tmp_58_reg_350  |    8   |
|   tmp_7_reg_325   |    8   |
|    x_4_reg_302    |   11   |
+-------------------+--------+
|       Total       |   63   |
+-------------------+--------+

* Multiplexer (MUX) list: 
|------------------|------|------|------|--------||---------||---------||---------|
|       Comp       |  Pin | Size |  BW  | S x BW ||  Delay  ||    FF   ||   LUT   |
|------------------|------|------|------|--------||---------||---------||---------|
| grp_write_fu_130 |  p2  |   4  |  16  |   64   ||    0    ||    17   |
|------------------|------|------|------|--------||---------||---------||---------|
|       Total      |      |      |      |   64   || 1.35214 ||    0    ||    17   |
|------------------|------|------|------|--------||---------||---------||---------|



* Summary:
+-----------+--------+--------+--------+
|           |  Delay |   FF   |   LUT  |
+-----------+--------+--------+--------+
|  Function |    -   |    0   |   37   |
|   Memory  |    -   |    -   |    -   |
|Multiplexer|    1   |    0   |   17   |
|  Register |    -   |   63   |    -   |
+-----------+--------+--------+--------+
|   Total   |    1   |   63   |   54   |
+-----------+--------+--------+--------+
