

================================================================
== Vitis HLS Report for 'Bytes2MultiPixStream_Pipeline_VITIS_LOOP_1157_11'
================================================================
* Date:           Mon Mar 16 15:10:45 2026

* Version:        2025.2 (Build 6295257 on Nov 14 2025)
* Project:        prj
* Solution:       sol (Vivado IP Flow Target)
* Product family: zynq
* Target device:  xc7z020-clg400-2


================================================================
== Performance Estimates
================================================================
+ Timing: 
    * Summary: 
    +--------+---------+----------+------------+
    |  Clock |  Target | Estimated| Uncertainty|
    +--------+---------+----------+------------+
    |ap_clk  |  6.52 ns|  4.761 ns|     1.76 ns|
    +--------+---------+----------+------------+

+ Latency: 
    * Summary: 
    +---------+---------+-----------+-----------+-----+-----+-------------------+
    |  Latency (cycles) |   Latency (absolute)  |  Interval |      Pipeline     |
    |   min   |   max   |    min    |    max    | min | max |        Type       |
    +---------+---------+-----------+-----------+-----+-----+-------------------+
    |        2|     5762|  13.044 ns|  37.580 us|    0|    0|  loop pipeline stp|
    +---------+---------+-----------+-----------+-----+-----+-------------------+

    + Detail: 
        * Instance: 
        N/A

        * Loop: 
        +----------------------+---------+---------+----------+-----------+-----------+----------+----------+
        |                      |  Latency (cycles) | Iteration|  Initiation Interval  |   Trip   |          |
        |       Loop Name      |   min   |   max   |  Latency |  achieved |   target  |   Count  | Pipelined|
        +----------------------+---------+---------+----------+-----------+-----------+----------+----------+
        |- VITIS_LOOP_1157_11  |        0|     5760|         5|          4|          4|  0 ~ 1440|       yes|
        +----------------------+---------+---------+----------+-----------+-----------+----------+----------+

============================================================
+ Verbose Summary: Synthesis Manager
============================================================
InlineROM: 1
ExposeGlobal: 0
============================================================
+ Verbose Summary: CDFG Model
============================================================
IsTopModel: 0
ResetActiveHigh: 1
IsCombinational: 0
IsDatapathOnly: 0
HasWiredReturn: 1
HasMFsm: 2
HasVarLatency: 1
IsPipeline: 0
IsRtlPipelined: 0
IsInstanceOverlapped: 0
IsDontTouch: 0
HasImplIP: 0
IsGatedGlobalClock: 0

+ Individual pipeline summary: 
  * Pipeline-0: initiation interval (II) = 4, depth = 5


============================================================
+ Verbose Summary: Schedule
============================================================
* Number of FSM states : 5
* Pipeline : 1
  Pipeline-0 : II = 4, D = 5, States = { 1 2 3 4 5 }
* Dataflow Pipeline: 0

* FSM state transitions: 
1 --> 2 
2 --> 3 
3 --> 4 
4 --> 5 
5 --> 

* FSM state operations: 

State 1 <SV = 0> <Delay = 4.07>
ST_1 : Operation 8 [1/1] (0.00ns)   --->   "%x_3 = alloca i32 1" [prj/sol/.autopilot/db/v_frmbuf_rd.cpp:1157]   --->   Operation 8 'alloca' 'x_3' <Predicate = true> <Delay = 0.00>
ST_1 : Operation 9 [1/1] (0.00ns)   --->   "%specmemcore_ln0 = specmemcore void @_ssdm_op_SpecMemCore, i64 %bytePlanes_plane0, i64 666, i64 8, i64 18446744073709551615, i1 0"   --->   Operation 9 'specmemcore' 'specmemcore_ln0' <Predicate = true> <Delay = 0.00>
ST_1 : Operation 10 [1/1] (0.00ns)   --->   "%specinterface_ln0 = specinterface void @_ssdm_op_SpecInterface, i24 %img, void @empty_17, i32 0, i32 0, void @empty_11, i32 0, i32 0, void @empty_11, void @empty_11, void @empty_11, i32 0, i32 0, i32 0, i32 0, void @empty_11, void @empty_11, i32 4294967295, i32 0, i32 0, i32 0"   --->   Operation 10 'specinterface' 'specinterface_ln0' <Predicate = true> <Delay = 0.00>
ST_1 : Operation 11 [1/1] (0.00ns)   --->   "%specinterface_ln0 = specinterface void @_ssdm_op_SpecInterface, i64 %bytePlanes_plane0, void @empty_17, i32 0, i32 0, void @empty_11, i32 0, i32 0, void @empty_11, void @empty_11, void @empty_11, i32 0, i32 0, i32 0, i32 0, void @empty_11, void @empty_11, i32 4294967295, i32 0, i32 0, i32 0"   --->   Operation 11 'specinterface' 'specinterface_ln0' <Predicate = true> <Delay = 0.00>
ST_1 : Operation 12 [1/1] (0.00ns)   --->   "%icmp26_read = read i1 @_ssdm_op_Read.ap_auto.i1, i1 %icmp26" [prj/sol/.autopilot/db/v_frmbuf_rd.cpp:686]   --->   Operation 12 'read' 'icmp26_read' <Predicate = true> <Delay = 0.00>
ST_1 : Operation 13 [1/1] (0.00ns)   --->   "%sext_ln1173_read = read i12 @_ssdm_op_Read.ap_auto.i12, i12 %sext_ln1173" [prj/sol/.autopilot/db/v_frmbuf_rd.cpp:686]   --->   Operation 13 'read' 'sext_ln1173_read' <Predicate = true> <Delay = 0.00>
ST_1 : Operation 14 [1/1] (0.00ns)   --->   "%icmp_ln1173_1_read = read i1 @_ssdm_op_Read.ap_auto.i1, i1 %icmp_ln1173_1" [prj/sol/.autopilot/db/v_frmbuf_rd.cpp:686]   --->   Operation 14 'read' 'icmp_ln1173_1_read' <Predicate = true> <Delay = 0.00>
ST_1 : Operation 15 [1/1] (0.00ns)   --->   "%icmp_ln1147_read = read i1 @_ssdm_op_Read.ap_auto.i1, i1 %icmp_ln1147" [prj/sol/.autopilot/db/v_frmbuf_rd.cpp:686]   --->   Operation 15 'read' 'icmp_ln1147_read' <Predicate = true> <Delay = 0.00>
ST_1 : Operation 16 [1/1] (0.00ns)   --->   "%loopWidth_3_read = read i11 @_ssdm_op_Read.ap_auto.i11, i11 %loopWidth_3" [prj/sol/.autopilot/db/v_frmbuf_rd.cpp:686]   --->   Operation 16 'read' 'loopWidth_3_read' <Predicate = true> <Delay = 0.00>
ST_1 : Operation 17 [1/1] (1.29ns)   --->   "%store_ln1157 = store i11 0, i11 %x_3" [prj/sol/.autopilot/db/v_frmbuf_rd.cpp:1157]   --->   Operation 17 'store' 'store_ln1157' <Predicate = true> <Delay = 1.29>
ST_1 : Operation 18 [1/1] (0.00ns)   --->   "%br_ln1157 = br void %VITIS_LOOP_1164_12" [prj/sol/.autopilot/db/v_frmbuf_rd.cpp:1157]   --->   Operation 18 'br' 'br_ln1157' <Predicate = true> <Delay = 0.00>
ST_1 : Operation 19 [1/1] (0.00ns)   --->   "%x = load i11 %x_3" [prj/sol/.autopilot/db/v_frmbuf_rd.cpp:1157]   --->   Operation 19 'load' 'x' <Predicate = true> <Delay = 0.00>
ST_1 : Operation 20 [1/1] (1.48ns)   --->   "%icmp_ln1157 = icmp_eq  i11 %x, i11 %loopWidth_3_read" [prj/sol/.autopilot/db/v_frmbuf_rd.cpp:1157]   --->   Operation 20 'icmp' 'icmp_ln1157' <Predicate = true> <Delay = 1.48> <CoreInst = "Cmp">   --->   Core 9 'Cmp' <Latency = 0> <II = 1> <Delay = 1.48> <FuncUnit> <Opcode : 'seteq' 'setne' 'setle' 'setge' 'setlt' 'setgt'> <InPorts = 2> <OutPorts = 1>
ST_1 : Operation 21 [1/1] (0.00ns)   --->   "%speclooptripcount_ln0 = speclooptripcount void @_ssdm_op_SpecLoopTripCount, i64 0, i64 1440, i64 0"   --->   Operation 21 'speclooptripcount' 'speclooptripcount_ln0' <Predicate = true> <Delay = 0.00>
ST_1 : Operation 22 [1/1] (1.48ns)   --->   "%x_14 = add i11 %x, i11 1" [prj/sol/.autopilot/db/v_frmbuf_rd.cpp:1157]   --->   Operation 22 'add' 'x_14' <Predicate = true> <Delay = 1.48> <CoreInst = "Adder">   --->   Core 1 'Adder' <Latency = 0> <II = 1> <Delay = 1.48> <FuncUnit> <Opcode : 'add' 'sub'> <InPorts = 2> <OutPorts = 1>
ST_1 : Operation 23 [1/1] (0.00ns)   --->   "%br_ln1157 = br i1 %icmp_ln1157, void %VITIS_LOOP_1164_12.split, void %for.inc434.exitStub" [prj/sol/.autopilot/db/v_frmbuf_rd.cpp:1157]   --->   Operation 23 'br' 'br_ln1157' <Predicate = true> <Delay = 0.00>
ST_1 : Operation 24 [1/1] (0.00ns)   --->   "%zext_ln1159 = zext i11 %x" [prj/sol/.autopilot/db/v_frmbuf_rd.cpp:1159]   --->   Operation 24 'zext' 'zext_ln1159' <Predicate = (!icmp_ln1157)> <Delay = 0.00>
ST_1 : Operation 25 [1/1] (1.54ns)   --->   "%icmp_ln1173 = icmp_slt  i12 %zext_ln1159, i12 %sext_ln1173_read" [prj/sol/.autopilot/db/v_frmbuf_rd.cpp:1173]   --->   Operation 25 'icmp' 'icmp_ln1173' <Predicate = (!icmp_ln1157)> <Delay = 1.54> <CoreInst = "Cmp">   --->   Core 9 'Cmp' <Latency = 0> <II = 1> <Delay = 1.54> <FuncUnit> <Opcode : 'seteq' 'setne' 'setle' 'setge' 'setlt' 'setgt'> <InPorts = 2> <OutPorts = 1>
ST_1 : Operation 26 [1/1] (0.80ns)   --->   "%or_ln1173 = or i1 %icmp_ln1173, i1 %icmp26_read" [prj/sol/.autopilot/db/v_frmbuf_rd.cpp:1173]   --->   Operation 26 'or' 'or_ln1173' <Predicate = (!icmp_ln1157)> <Delay = 0.80> <CoreInst = "LogicGate">   --->   Core 74 'LogicGate' <Latency = 0> <II = 1> <Delay = 0.80> <FuncUnit> <Opcode : 'and' 'or' 'xor'> <InPorts = 2> <OutPorts = 1>
ST_1 : Operation 27 [1/1] (0.00ns)   --->   "%br_ln1173 = br i1 %or_ln1173, void %for.inc418.2, void %if.then426.1" [prj/sol/.autopilot/db/v_frmbuf_rd.cpp:1173]   --->   Operation 27 'br' 'br_ln1173' <Predicate = (!icmp_ln1157)> <Delay = 0.00>
ST_1 : Operation 28 [1/1] (0.80ns)   --->   "%or_ln1173_1 = or i1 %icmp_ln1173, i1 %icmp_ln1173_1_read" [prj/sol/.autopilot/db/v_frmbuf_rd.cpp:1173]   --->   Operation 28 'or' 'or_ln1173_1' <Predicate = (!icmp_ln1157)> <Delay = 0.80> <CoreInst = "LogicGate">   --->   Core 74 'LogicGate' <Latency = 0> <II = 1> <Delay = 0.80> <FuncUnit> <Opcode : 'and' 'or' 'xor'> <InPorts = 2> <OutPorts = 1>
ST_1 : Operation 29 [1/1] (0.00ns)   --->   "%br_ln1173 = br i1 %or_ln1173_1, void %for.inc418.3, void %if.then426.2" [prj/sol/.autopilot/db/v_frmbuf_rd.cpp:1173]   --->   Operation 29 'br' 'br_ln1173' <Predicate = (!icmp_ln1157)> <Delay = 0.00>
ST_1 : Operation 30 [1/1] (0.80ns)   --->   "%or_ln1173_2 = or i1 %icmp_ln1173, i1 %icmp_ln1147_read" [prj/sol/.autopilot/db/v_frmbuf_rd.cpp:1173]   --->   Operation 30 'or' 'or_ln1173_2' <Predicate = (!icmp_ln1157)> <Delay = 0.80> <CoreInst = "LogicGate">   --->   Core 74 'LogicGate' <Latency = 0> <II = 1> <Delay = 0.80> <FuncUnit> <Opcode : 'and' 'or' 'xor'> <InPorts = 2> <OutPorts = 1>
ST_1 : Operation 31 [1/1] (0.00ns)   --->   "%br_ln1173 = br i1 %or_ln1173_2, void %for.inc428.3, void %if.then426.3" [prj/sol/.autopilot/db/v_frmbuf_rd.cpp:1173]   --->   Operation 31 'br' 'br_ln1173' <Predicate = (!icmp_ln1157)> <Delay = 0.00>
ST_1 : Operation 32 [1/1] (1.29ns)   --->   "%store_ln1157 = store i11 %x_14, i11 %x_3" [prj/sol/.autopilot/db/v_frmbuf_rd.cpp:1157]   --->   Operation 32 'store' 'store_ln1157' <Predicate = (!icmp_ln1157)> <Delay = 1.29>
ST_1 : Operation 33 [1/1] (0.00ns)   --->   "%br_ln1157 = br void %VITIS_LOOP_1164_12" [prj/sol/.autopilot/db/v_frmbuf_rd.cpp:1157]   --->   Operation 33 'br' 'br_ln1157' <Predicate = (!icmp_ln1157)> <Delay = 0.00>
ST_1 : Operation 52 [1/1] (1.29ns)   --->   "%ret_ln0 = ret"   --->   Operation 52 'ret' 'ret_ln0' <Predicate = (icmp_ln1157)> <Delay = 1.29>

State 2 <SV = 1> <Delay = 4.76>
ST_2 : Operation 34 [1/1] (0.00ns)   --->   "%specpipeline_ln1159 = specpipeline void @_ssdm_op_SpecPipeline, i32 4, i32 0, i32 0, i32 0, i32 4294967295, void @empty_11" [prj/sol/.autopilot/db/v_frmbuf_rd.cpp:1159]   --->   Operation 34 'specpipeline' 'specpipeline_ln1159' <Predicate = (!icmp_ln1157)> <Delay = 0.00>
ST_2 : Operation 35 [1/1] (0.00ns)   --->   "%specloopname_ln1157 = specloopname void @_ssdm_op_SpecLoopName, void @empty_38" [prj/sol/.autopilot/db/v_frmbuf_rd.cpp:1157]   --->   Operation 35 'specloopname' 'specloopname_ln1157' <Predicate = (!icmp_ln1157)> <Delay = 0.00>
ST_2 : Operation 36 [1/1] ( I:2.38ns O:2.38ns )   --->   "%rd = read i64 @_ssdm_op_Read.ap_fifo.volatile.i64P0A, i64 %bytePlanes_plane0" [prj/sol/.autopilot/db/v_frmbuf_rd.cpp:1162]   --->   Operation 36 'read' 'rd' <Predicate = (!icmp_ln1157)> <Delay = 2.38> <CoreInst = "FIFO_BRAM">   --->   Core 78 'FIFO_BRAM' <Latency = 0> <II = 1> <Delay = 3.41> <Storage> <Opcode : 'read' 'write' 'nbread' 'nbwrite'> <Ports = 0> <Width = 64> <Depth = 481> <FIFO>
ST_2 : Operation 37 [1/1] (0.00ns)   --->   "%trunc_ln1174 = trunc i64 %rd" [prj/sol/.autopilot/db/v_frmbuf_rd.cpp:1174]   --->   Operation 37 'trunc' 'trunc_ln1174' <Predicate = (!icmp_ln1157)> <Delay = 0.00>
ST_2 : Operation 38 [1/1] (0.00ns)   --->   "%zext_ln1174 = zext i16 %trunc_ln1174" [prj/sol/.autopilot/db/v_frmbuf_rd.cpp:1174]   --->   Operation 38 'zext' 'zext_ln1174' <Predicate = (!icmp_ln1157)> <Delay = 0.00>
ST_2 : Operation 39 [1/1] ( I:2.38ns O:2.38ns )   --->   "%write_ln1174 = write void @_ssdm_op_Write.ap_fifo.volatile.i24P0A, i24 %img, i24 %zext_ln1174" [prj/sol/.autopilot/db/v_frmbuf_rd.cpp:1174]   --->   Operation 39 'write' 'write_ln1174' <Predicate = (!icmp_ln1157)> <Delay = 2.38> <CoreInst = "FIFO_SRL">   --->   Core 80 'FIFO_SRL' <Latency = 0> <II = 1> <Delay = 3.40> <Storage> <Opcode : 'read' 'write' 'nbread' 'nbwrite'> <Ports = 0> <Width = 24> <Depth = 2> <FIFO>
ST_2 : Operation 40 [1/1] (0.00ns)   --->   "%tmp_18 = partselect i16 @_ssdm_op_PartSelect.i16.i64.i32.i32, i64 %rd, i32 16, i32 31" [prj/sol/.autopilot/db/v_frmbuf_rd.cpp:1174]   --->   Operation 40 'partselect' 'tmp_18' <Predicate = (!icmp_ln1157 & or_ln1173)> <Delay = 0.00>
ST_2 : Operation 41 [1/1] (0.00ns)   --->   "%tmp_38 = partselect i16 @_ssdm_op_PartSelect.i16.i64.i32.i32, i64 %rd, i32 32, i32 47" [prj/sol/.autopilot/db/v_frmbuf_rd.cpp:1174]   --->   Operation 41 'partselect' 'tmp_38' <Predicate = (!icmp_ln1157 & or_ln1173_1)> <Delay = 0.00>
ST_2 : Operation 42 [1/1] (0.00ns)   --->   "%tmp_57 = partselect i16 @_ssdm_op_PartSelect.i16.i64.i32.i32, i64 %rd, i32 48, i32 63" [prj/sol/.autopilot/db/v_frmbuf_rd.cpp:1174]   --->   Operation 42 'partselect' 'tmp_57' <Predicate = (!icmp_ln1157 & or_ln1173_2)> <Delay = 0.00>

State 3 <SV = 2> <Delay = 2.38>
ST_3 : Operation 43 [1/1] (0.00ns)   --->   "%zext_ln1174_1 = zext i16 %tmp_18" [prj/sol/.autopilot/db/v_frmbuf_rd.cpp:1174]   --->   Operation 43 'zext' 'zext_ln1174_1' <Predicate = (!icmp_ln1157 & or_ln1173)> <Delay = 0.00>
ST_3 : Operation 44 [1/1] ( I:2.38ns O:2.38ns )   --->   "%write_ln1174 = write void @_ssdm_op_Write.ap_fifo.volatile.i24P0A, i24 %img, i24 %zext_ln1174_1" [prj/sol/.autopilot/db/v_frmbuf_rd.cpp:1174]   --->   Operation 44 'write' 'write_ln1174' <Predicate = (!icmp_ln1157 & or_ln1173)> <Delay = 2.38> <CoreInst = "FIFO_SRL">   --->   Core 80 'FIFO_SRL' <Latency = 0> <II = 1> <Delay = 3.40> <Storage> <Opcode : 'read' 'write' 'nbread' 'nbwrite'> <Ports = 0> <Width = 24> <Depth = 2> <FIFO>
ST_3 : Operation 45 [1/1] (0.00ns)   --->   "%br_ln1174 = br void %for.inc418.2" [prj/sol/.autopilot/db/v_frmbuf_rd.cpp:1174]   --->   Operation 45 'br' 'br_ln1174' <Predicate = (!icmp_ln1157 & or_ln1173)> <Delay = 0.00>

State 4 <SV = 3> <Delay = 2.38>
ST_4 : Operation 46 [1/1] (0.00ns)   --->   "%zext_ln1174_2 = zext i16 %tmp_38" [prj/sol/.autopilot/db/v_frmbuf_rd.cpp:1174]   --->   Operation 46 'zext' 'zext_ln1174_2' <Predicate = (!icmp_ln1157 & or_ln1173_1)> <Delay = 0.00>
ST_4 : Operation 47 [1/1] ( I:2.38ns O:2.38ns )   --->   "%write_ln1174 = write void @_ssdm_op_Write.ap_fifo.volatile.i24P0A, i24 %img, i24 %zext_ln1174_2" [prj/sol/.autopilot/db/v_frmbuf_rd.cpp:1174]   --->   Operation 47 'write' 'write_ln1174' <Predicate = (!icmp_ln1157 & or_ln1173_1)> <Delay = 2.38> <CoreInst = "FIFO_SRL">   --->   Core 80 'FIFO_SRL' <Latency = 0> <II = 1> <Delay = 3.40> <Storage> <Opcode : 'read' 'write' 'nbread' 'nbwrite'> <Ports = 0> <Width = 24> <Depth = 2> <FIFO>
ST_4 : Operation 48 [1/1] (0.00ns)   --->   "%br_ln1174 = br void %for.inc418.3" [prj/sol/.autopilot/db/v_frmbuf_rd.cpp:1174]   --->   Operation 48 'br' 'br_ln1174' <Predicate = (!icmp_ln1157 & or_ln1173_1)> <Delay = 0.00>

State 5 <SV = 4> <Delay = 2.38>
ST_5 : Operation 49 [1/1] (0.00ns)   --->   "%zext_ln1174_3 = zext i16 %tmp_57" [prj/sol/.autopilot/db/v_frmbuf_rd.cpp:1174]   --->   Operation 49 'zext' 'zext_ln1174_3' <Predicate = (or_ln1173_2)> <Delay = 0.00>
ST_5 : Operation 50 [1/1] ( I:2.38ns O:2.38ns )   --->   "%write_ln1174 = write void @_ssdm_op_Write.ap_fifo.volatile.i24P0A, i24 %img, i24 %zext_ln1174_3" [prj/sol/.autopilot/db/v_frmbuf_rd.cpp:1174]   --->   Operation 50 'write' 'write_ln1174' <Predicate = (or_ln1173_2)> <Delay = 2.38> <CoreInst = "FIFO_SRL">   --->   Core 80 'FIFO_SRL' <Latency = 0> <II = 1> <Delay = 3.40> <Storage> <Opcode : 'read' 'write' 'nbread' 'nbwrite'> <Ports = 0> <Width = 24> <Depth = 2> <FIFO>
ST_5 : Operation 51 [1/1] (0.00ns)   --->   "%br_ln1174 = br void %for.inc428.3" [prj/sol/.autopilot/db/v_frmbuf_rd.cpp:1174]   --->   Operation 51 'br' 'br_ln1174' <Predicate = (or_ln1173_2)> <Delay = 0.00>


============================================================
+ Verbose Summary: Binding
============================================================
STG Binding: 
---------------- STG Properties BEGIN ----------------
- Is combinational: 0
- Is one-state seq: 0
- Is datapath-only: 0
- Is pipelined: 0
- Is top level: 0
Port [ Return ] is wired: 1; IO mode=ap_ctrl_hs:ce=0
Port [ loopWidth_3]:  wired=1; compound=0; hidden=0; nouse=0; global=0; static=0; extern=0; dir=0; type=0; pingpong=0; private_global=0; IO mode=ap_stable:ce=0
Port [ icmp_ln1147]:  wired=1; compound=0; hidden=0; nouse=0; global=0; static=0; extern=0; dir=0; type=0; pingpong=0; private_global=0; IO mode=ap_stable:ce=0
Port [ icmp_ln1173_1]:  wired=1; compound=0; hidden=0; nouse=0; global=0; static=0; extern=0; dir=0; type=0; pingpong=0; private_global=0; IO mode=ap_stable:ce=0
Port [ bytePlanes_plane0]:  wired=1; compound=1; hidden=0; nouse=0; global=0; static=0; extern=0; dir=0; type=3; pingpong=0; private_global=0; IO mode=ap_fifo:ce=0
Port [ sext_ln1173]:  wired=1; compound=0; hidden=0; nouse=0; global=0; static=0; extern=0; dir=0; type=0; pingpong=0; private_global=0; IO mode=ap_stable:ce=0
Port [ img]:  wired=1; compound=1; hidden=0; nouse=0; global=0; static=0; extern=0; dir=1; type=3; pingpong=0; private_global=0; IO mode=ap_fifo:ce=0
Port [ icmp26]:  wired=1; compound=0; hidden=0; nouse=0; global=0; static=0; extern=0; dir=0; type=0; pingpong=0; private_global=0; IO mode=ap_stable:ce=0
---------------- STG Properties END ------------------

---------------- Datapath Model BEGIN ----------------

<LifeTime>
<method=bitvector/>
x_3                   (alloca           ) [ 010000]
specmemcore_ln0       (specmemcore      ) [ 000000]
specinterface_ln0     (specinterface    ) [ 000000]
specinterface_ln0     (specinterface    ) [ 000000]
icmp26_read           (read             ) [ 000000]
sext_ln1173_read      (read             ) [ 000000]
icmp_ln1173_1_read    (read             ) [ 000000]
icmp_ln1147_read      (read             ) [ 000000]
loopWidth_3_read      (read             ) [ 000000]
store_ln1157          (store            ) [ 000000]
br_ln1157             (br               ) [ 000000]
x                     (load             ) [ 000000]
icmp_ln1157           (icmp             ) [ 011110]
speclooptripcount_ln0 (speclooptripcount) [ 000000]
x_14                  (add              ) [ 000000]
br_ln1157             (br               ) [ 000000]
zext_ln1159           (zext             ) [ 000000]
icmp_ln1173           (icmp             ) [ 000000]
or_ln1173             (or               ) [ 001100]
br_ln1173             (br               ) [ 000000]
or_ln1173_1           (or               ) [ 001110]
br_ln1173             (br               ) [ 000000]
or_ln1173_2           (or               ) [ 011111]
br_ln1173             (br               ) [ 000000]
store_ln1157          (store            ) [ 000000]
br_ln1157             (br               ) [ 000000]
specpipeline_ln1159   (specpipeline     ) [ 000000]
specloopname_ln1157   (specloopname     ) [ 000000]
rd                    (read             ) [ 000000]
trunc_ln1174          (trunc            ) [ 000000]
zext_ln1174           (zext             ) [ 000000]
write_ln1174          (write            ) [ 000000]
tmp_18                (partselect       ) [ 000100]
tmp_38                (partselect       ) [ 000110]
tmp_57                (partselect       ) [ 010111]
zext_ln1174_1         (zext             ) [ 000000]
write_ln1174          (write            ) [ 000000]
br_ln1174             (br               ) [ 000000]
zext_ln1174_2         (zext             ) [ 000000]
write_ln1174          (write            ) [ 000000]
br_ln1174             (br               ) [ 000000]
zext_ln1174_3         (zext             ) [ 000000]
write_ln1174          (write            ) [ 000000]
br_ln1174             (br               ) [ 000000]
ret_ln0               (ret              ) [ 000000]
</LifeTime>

<model>

<comp_list>
<comp id="0" class="1000" name="loopWidth_3">
<pin_list>
<pin id="1" dir="1" index="0" bw="1" slack="0"/>
</pin_list>
<bind>
<StgValue><ssdm name="loopWidth_3"/></StgValue>
</bind>
</comp>

<comp id="2" class="1000" name="icmp_ln1147">
<pin_list>
<pin id="3" dir="1" index="0" bw="1" slack="0"/>
</pin_list>
<bind>
<StgValue><ssdm name="icmp_ln1147"/></StgValue>
</bind>
</comp>

<comp id="4" class="1000" name="icmp_ln1173_1">
<pin_list>
<pin id="5" dir="1" index="0" bw="1" slack="0"/>
</pin_list>
<bind>
<StgValue><ssdm name="icmp_ln1173_1"/></StgValue>
</bind>
</comp>

<comp id="6" class="1000" name="bytePlanes_plane0">
<pin_list>
<pin id="7" dir="1" index="0" bw="1" slack="0"/>
</pin_list>
<bind>
<StgValue><ssdm name="bytePlanes_plane0"/></StgValue>
</bind>
</comp>

<comp id="8" class="1000" name="sext_ln1173">
<pin_list>
<pin id="9" dir="1" index="0" bw="1" slack="0"/>
</pin_list>
<bind>
<StgValue><ssdm name="sext_ln1173"/></StgValue>
</bind>
</comp>

<comp id="10" class="1000" name="img">
<pin_list>
<pin id="11" dir="1" index="0" bw="1" slack="0"/>
</pin_list>
<bind>
<StgValue><ssdm name="img"/></StgValue>
</bind>
</comp>

<comp id="12" class="1000" name="icmp26">
<pin_list>
<pin id="13" dir="1" index="0" bw="1" slack="0"/>
</pin_list>
<bind>
<StgValue><ssdm name="icmp26"/></StgValue>
</bind>
</comp>

<comp id="14" class="1001" name="const_14">
<pin_list>
<pin id="15" dir="1" index="0" bw="1" slack="0"/>
</pin_list>
<bind>
<StgValue><ssdm name=""/></StgValue>
</bind>
</comp>

<comp id="16" class="1001" name="const_16">
<pin_list>
<pin id="17" dir="1" index="0" bw="1" slack="2147483647"/>
</pin_list>
<bind>
<StgValue><ssdm name="_ssdm_op_SpecMemCore"/></StgValue>
</bind>
</comp>

<comp id="18" class="1001" name="const_18">
<pin_list>
<pin id="19" dir="1" index="0" bw="1" slack="2147483647"/>
</pin_list>
<bind>
<StgValue><ssdm name=""/></StgValue>
</bind>
</comp>

<comp id="20" class="1001" name="const_20">
<pin_list>
<pin id="21" dir="1" index="0" bw="1" slack="2147483647"/>
</pin_list>
<bind>
<StgValue><ssdm name=""/></StgValue>
</bind>
</comp>

<comp id="22" class="1001" name="const_22">
<pin_list>
<pin id="23" dir="1" index="0" bw="1" slack="2147483647"/>
</pin_list>
<bind>
<StgValue><ssdm name=""/></StgValue>
</bind>
</comp>

<comp id="24" class="1001" name="const_24">
<pin_list>
<pin id="25" dir="1" index="0" bw="1" slack="2147483647"/>
</pin_list>
<bind>
<StgValue><ssdm name=""/></StgValue>
</bind>
</comp>

<comp id="26" class="1001" name="const_26">
<pin_list>
<pin id="27" dir="1" index="0" bw="1" slack="2147483647"/>
</pin_list>
<bind>
<StgValue><ssdm name="_ssdm_op_SpecInterface"/></StgValue>
</bind>
</comp>

<comp id="28" class="1001" name="const_28">
<pin_list>
<pin id="29" dir="1" index="0" bw="1" slack="2147483647"/>
</pin_list>
<bind>
<StgValue><ssdm name="empty_17"/></StgValue>
</bind>
</comp>

<comp id="30" class="1001" name="const_30">
<pin_list>
<pin id="31" dir="1" index="0" bw="1" slack="2147483647"/>
</pin_list>
<bind>
<StgValue><ssdm name=""/></StgValue>
</bind>
</comp>

<comp id="32" class="1001" name="const_32">
<pin_list>
<pin id="33" dir="1" index="0" bw="1" slack="2147483647"/>
</pin_list>
<bind>
<StgValue><ssdm name="empty_11"/></StgValue>
</bind>
</comp>

<comp id="34" class="1001" name="const_34">
<pin_list>
<pin id="35" dir="1" index="0" bw="1" slack="2147483647"/>
</pin_list>
<bind>
<StgValue><ssdm name=""/></StgValue>
</bind>
</comp>

<comp id="36" class="1001" name="const_36">
<pin_list>
<pin id="37" dir="1" index="0" bw="1" slack="0"/>
</pin_list>
<bind>
<StgValue><ssdm name="_ssdm_op_Read.ap_auto.i1"/></StgValue>
</bind>
</comp>

<comp id="38" class="1001" name="const_38">
<pin_list>
<pin id="39" dir="1" index="0" bw="1" slack="0"/>
</pin_list>
<bind>
<StgValue><ssdm name="_ssdm_op_Read.ap_auto.i12"/></StgValue>
</bind>
</comp>

<comp id="40" class="1001" name="const_40">
<pin_list>
<pin id="41" dir="1" index="0" bw="1" slack="0"/>
</pin_list>
<bind>
<StgValue><ssdm name="_ssdm_op_Read.ap_auto.i11"/></StgValue>
</bind>
</comp>

<comp id="42" class="1001" name="const_42">
<pin_list>
<pin id="43" dir="1" index="0" bw="1" slack="0"/>
</pin_list>
<bind>
<StgValue><ssdm name=""/></StgValue>
</bind>
</comp>

<comp id="44" class="1001" name="const_44">
<pin_list>
<pin id="45" dir="1" index="0" bw="1" slack="2147483647"/>
</pin_list>
<bind>
<StgValue><ssdm name="_ssdm_op_SpecLoopTripCount"/></StgValue>
</bind>
</comp>

<comp id="46" class="1001" name="const_46">
<pin_list>
<pin id="47" dir="1" index="0" bw="1" slack="2147483647"/>
</pin_list>
<bind>
<StgValue><ssdm name=""/></StgValue>
</bind>
</comp>

<comp id="48" class="1001" name="const_48">
<pin_list>
<pin id="49" dir="1" index="0" bw="1" slack="2147483647"/>
</pin_list>
<bind>
<StgValue><ssdm name=""/></StgValue>
</bind>
</comp>

<comp id="50" class="1001" name="const_50">
<pin_list>
<pin id="51" dir="1" index="0" bw="1" slack="0"/>
</pin_list>
<bind>
<StgValue><ssdm name=""/></StgValue>
</bind>
</comp>

<comp id="52" class="1001" name="const_52">
<pin_list>
<pin id="53" dir="1" index="0" bw="1" slack="2147483647"/>
</pin_list>
<bind>
<StgValue><ssdm name="_ssdm_op_SpecPipeline"/></StgValue>
</bind>
</comp>

<comp id="54" class="1001" name="const_54">
<pin_list>
<pin id="55" dir="1" index="0" bw="1" slack="2147483647"/>
</pin_list>
<bind>
<StgValue><ssdm name=""/></StgValue>
</bind>
</comp>

<comp id="56" class="1001" name="const_56">
<pin_list>
<pin id="57" dir="1" index="0" bw="1" slack="2147483647"/>
</pin_list>
<bind>
<StgValue><ssdm name="_ssdm_op_SpecLoopName"/></StgValue>
</bind>
</comp>

<comp id="58" class="1001" name="const_58">
<pin_list>
<pin id="59" dir="1" index="0" bw="1" slack="2147483647"/>
</pin_list>
<bind>
<StgValue><ssdm name="empty_38"/></StgValue>
</bind>
</comp>

<comp id="60" class="1001" name="const_60">
<pin_list>
<pin id="61" dir="1" index="0" bw="1" slack="0"/>
</pin_list>
<bind>
<StgValue><ssdm name="_ssdm_op_Read.ap_fifo.volatile.i64P0A"/></StgValue>
</bind>
</comp>

<comp id="62" class="1001" name="const_62">
<pin_list>
<pin id="63" dir="1" index="0" bw="1" slack="0"/>
</pin_list>
<bind>
<StgValue><ssdm name="_ssdm_op_Write.ap_fifo.volatile.i24P0A"/></StgValue>
</bind>
</comp>

<comp id="64" class="1001" name="const_64">
<pin_list>
<pin id="65" dir="1" index="0" bw="1" slack="0"/>
</pin_list>
<bind>
<StgValue><ssdm name="_ssdm_op_PartSelect.i16.i64.i32.i32"/></StgValue>
</bind>
</comp>

<comp id="66" class="1001" name="const_66">
<pin_list>
<pin id="67" dir="1" index="0" bw="1" slack="0"/>
</pin_list>
<bind>
<StgValue><ssdm name=""/></StgValue>
</bind>
</comp>

<comp id="68" class="1001" name="const_68">
<pin_list>
<pin id="69" dir="1" index="0" bw="1" slack="0"/>
</pin_list>
<bind>
<StgValue><ssdm name=""/></StgValue>
</bind>
</comp>

<comp id="70" class="1001" name="const_70">
<pin_list>
<pin id="71" dir="1" index="0" bw="1" slack="0"/>
</pin_list>
<bind>
<StgValue><ssdm name=""/></StgValue>
</bind>
</comp>

<comp id="72" class="1001" name="const_72">
<pin_list>
<pin id="73" dir="1" index="0" bw="1" slack="0"/>
</pin_list>
<bind>
<StgValue><ssdm name=""/></StgValue>
</bind>
</comp>

<comp id="74" class="1001" name="const_74">
<pin_list>
<pin id="75" dir="1" index="0" bw="1" slack="0"/>
</pin_list>
<bind>
<StgValue><ssdm name=""/></StgValue>
</bind>
</comp>

<comp id="76" class="1001" name="const_76">
<pin_list>
<pin id="77" dir="1" index="0" bw="1" slack="0"/>
</pin_list>
<bind>
<StgValue><ssdm name=""/></StgValue>
</bind>
</comp>

<comp id="78" class="1004" name="x_3_fu_78">
<pin_list>
<pin id="79" dir="0" index="0" bw="1" slack="0"/>
<pin id="80" dir="1" index="1" bw="11" slack="0"/>
</pin_list>
<bind>
<opcode="alloca(26) " fcode="alloca"/>
<opset="x_3/1 "/>
</bind>
</comp>

<comp id="82" class="1004" name="icmp26_read_read_fu_82">
<pin_list>
<pin id="83" dir="0" index="0" bw="1" slack="0"/>
<pin id="84" dir="0" index="1" bw="1" slack="0"/>
<pin id="85" dir="1" index="2" bw="1" slack="0"/>
</pin_list>
<bind>
<opcode="read(1150) " fcode="read"/>
<opset="icmp26_read/1 "/>
</bind>
</comp>

<comp id="88" class="1004" name="sext_ln1173_read_read_fu_88">
<pin_list>
<pin id="89" dir="0" index="0" bw="12" slack="0"/>
<pin id="90" dir="0" index="1" bw="12" slack="0"/>
<pin id="91" dir="1" index="2" bw="12" slack="0"/>
</pin_list>
<bind>
<opcode="read(1150) " fcode="read"/>
<opset="sext_ln1173_read/1 "/>
</bind>
</comp>

<comp id="94" class="1004" name="icmp_ln1173_1_read_read_fu_94">
<pin_list>
<pin id="95" dir="0" index="0" bw="1" slack="0"/>
<pin id="96" dir="0" index="1" bw="1" slack="0"/>
<pin id="97" dir="1" index="2" bw="1" slack="0"/>
</pin_list>
<bind>
<opcode="read(1150) " fcode="read"/>
<opset="icmp_ln1173_1_read/1 "/>
</bind>
</comp>

<comp id="100" class="1004" name="icmp_ln1147_read_read_fu_100">
<pin_list>
<pin id="101" dir="0" index="0" bw="1" slack="0"/>
<pin id="102" dir="0" index="1" bw="1" slack="0"/>
<pin id="103" dir="1" index="2" bw="1" slack="0"/>
</pin_list>
<bind>
<opcode="read(1150) " fcode="read"/>
<opset="icmp_ln1147_read/1 "/>
</bind>
</comp>

<comp id="106" class="1004" name="loopWidth_3_read_read_fu_106">
<pin_list>
<pin id="107" dir="0" index="0" bw="11" slack="0"/>
<pin id="108" dir="0" index="1" bw="11" slack="0"/>
<pin id="109" dir="1" index="2" bw="11" slack="0"/>
</pin_list>
<bind>
<opcode="read(1150) " fcode="read"/>
<opset="loopWidth_3_read/1 "/>
</bind>
</comp>

<comp id="112" class="1004" name="rd_read_fu_112">
<pin_list>
<pin id="113" dir="0" index="0" bw="64" slack="0"/>
<pin id="114" dir="0" index="1" bw="64" slack="0"/>
<pin id="115" dir="1" index="2" bw="64" slack="0"/>
</pin_list>
<bind>
<opcode="read(1150) " fcode="read"/>
<opset="rd/2 "/>
</bind>
</comp>

<comp id="118" class="1004" name="grp_write_fu_118">
<pin_list>
<pin id="119" dir="0" index="0" bw="0" slack="0"/>
<pin id="120" dir="0" index="1" bw="24" slack="0"/>
<pin id="121" dir="0" index="2" bw="16" slack="0"/>
<pin id="122" dir="1" index="3" bw="0" slack="2147483647"/>
</pin_list>
<bind>
<opcode="write(1151) " fcode="write"/>
<opset="write_ln1174/2 write_ln1174/3 write_ln1174/4 write_ln1174/5 "/>
</bind>
</comp>

<comp id="125" class="1004" name="store_ln1157_store_fu_125">
<pin_list>
<pin id="126" dir="0" index="0" bw="1" slack="0"/>
<pin id="127" dir="0" index="1" bw="11" slack="0"/>
<pin id="128" dir="1" index="2" bw="0" slack="2147483647"/>
</pin_list>
<bind>
<opcode="store(28) " fcode="store"/>
<opset="store_ln1157/1 "/>
</bind>
</comp>

<comp id="130" class="1004" name="x_load_fu_130">
<pin_list>
<pin id="131" dir="0" index="0" bw="11" slack="0"/>
<pin id="132" dir="1" index="1" bw="11" slack="0"/>
</pin_list>
<bind>
<opcode="load(27) " fcode="load"/>
<opset="x/1 "/>
</bind>
</comp>

<comp id="133" class="1004" name="icmp_ln1157_fu_133">
<pin_list>
<pin id="134" dir="0" index="0" bw="11" slack="0"/>
<pin id="135" dir="0" index="1" bw="11" slack="0"/>
<pin id="136" dir="1" index="2" bw="1" slack="1"/>
</pin_list>
<bind>
<opcode="icmp(45) " fcode="icmp"/>
<opset="icmp_ln1157/1 "/>
</bind>
</comp>

<comp id="139" class="1004" name="x_14_fu_139">
<pin_list>
<pin id="140" dir="0" index="0" bw="11" slack="0"/>
<pin id="141" dir="0" index="1" bw="1" slack="0"/>
<pin id="142" dir="1" index="2" bw="11" slack="0"/>
</pin_list>
<bind>
<opcode="add(8) " fcode="add"/>
<opset="x_14/1 "/>
</bind>
</comp>

<comp id="145" class="1004" name="zext_ln1159_fu_145">
<pin_list>
<pin id="146" dir="0" index="0" bw="11" slack="0"/>
<pin id="147" dir="1" index="1" bw="12" slack="0"/>
</pin_list>
<bind>
<opcode="zext(34) " fcode="zext"/>
<opset="zext_ln1159/1 "/>
</bind>
</comp>

<comp id="149" class="1004" name="icmp_ln1173_fu_149">
<pin_list>
<pin id="150" dir="0" index="0" bw="11" slack="0"/>
<pin id="151" dir="0" index="1" bw="12" slack="0"/>
<pin id="152" dir="1" index="2" bw="1" slack="0"/>
</pin_list>
<bind>
<opcode="icmp(45) " fcode="icmp"/>
<opset="icmp_ln1173/1 "/>
</bind>
</comp>

<comp id="155" class="1004" name="or_ln1173_fu_155">
<pin_list>
<pin id="156" dir="0" index="0" bw="1" slack="0"/>
<pin id="157" dir="0" index="1" bw="1" slack="0"/>
<pin id="158" dir="1" index="2" bw="1" slack="1"/>
</pin_list>
<bind>
<opcode="or(24) " fcode="or"/>
<opset="or_ln1173/1 "/>
</bind>
</comp>

<comp id="161" class="1004" name="or_ln1173_1_fu_161">
<pin_list>
<pin id="162" dir="0" index="0" bw="1" slack="0"/>
<pin id="163" dir="0" index="1" bw="1" slack="0"/>
<pin id="164" dir="1" index="2" bw="1" slack="1"/>
</pin_list>
<bind>
<opcode="or(24) " fcode="or"/>
<opset="or_ln1173_1/1 "/>
</bind>
</comp>

<comp id="167" class="1004" name="or_ln1173_2_fu_167">
<pin_list>
<pin id="168" dir="0" index="0" bw="1" slack="0"/>
<pin id="169" dir="0" index="1" bw="1" slack="0"/>
<pin id="170" dir="1" index="2" bw="1" slack="1"/>
</pin_list>
<bind>
<opcode="or(24) " fcode="or"/>
<opset="or_ln1173_2/1 "/>
</bind>
</comp>

<comp id="173" class="1004" name="store_ln1157_store_fu_173">
<pin_list>
<pin id="174" dir="0" index="0" bw="11" slack="0"/>
<pin id="175" dir="0" index="1" bw="11" slack="0"/>
<pin id="176" dir="1" index="2" bw="0" slack="2147483647"/>
</pin_list>
<bind>
<opcode="store(28) " fcode="store"/>
<opset="store_ln1157/1 "/>
</bind>
</comp>

<comp id="178" class="1004" name="trunc_ln1174_fu_178">
<pin_list>
<pin id="179" dir="0" index="0" bw="64" slack="0"/>
<pin id="180" dir="1" index="1" bw="16" slack="0"/>
</pin_list>
<bind>
<opcode="trunc(33) " fcode="trunc"/>
<opset="trunc_ln1174/2 "/>
</bind>
</comp>

<comp id="182" class="1004" name="zext_ln1174_fu_182">
<pin_list>
<pin id="183" dir="0" index="0" bw="16" slack="0"/>
<pin id="184" dir="1" index="1" bw="24" slack="0"/>
</pin_list>
<bind>
<opcode="zext(34) " fcode="zext"/>
<opset="zext_ln1174/2 "/>
</bind>
</comp>

<comp id="187" class="1004" name="tmp_18_fu_187">
<pin_list>
<pin id="188" dir="0" index="0" bw="16" slack="0"/>
<pin id="189" dir="0" index="1" bw="64" slack="0"/>
<pin id="190" dir="0" index="2" bw="6" slack="0"/>
<pin id="191" dir="0" index="3" bw="6" slack="0"/>
<pin id="192" dir="1" index="4" bw="16" slack="1"/>
</pin_list>
<bind>
<opcode="partselect(1002) " fcode="partselect"/>
<opset="tmp_18/2 "/>
</bind>
</comp>

<comp id="197" class="1004" name="tmp_38_fu_197">
<pin_list>
<pin id="198" dir="0" index="0" bw="16" slack="0"/>
<pin id="199" dir="0" index="1" bw="64" slack="0"/>
<pin id="200" dir="0" index="2" bw="7" slack="0"/>
<pin id="201" dir="0" index="3" bw="7" slack="0"/>
<pin id="202" dir="1" index="4" bw="16" slack="2"/>
</pin_list>
<bind>
<opcode="partselect(1002) " fcode="partselect"/>
<opset="tmp_38/2 "/>
</bind>
</comp>

<comp id="207" class="1004" name="tmp_57_fu_207">
<pin_list>
<pin id="208" dir="0" index="0" bw="16" slack="0"/>
<pin id="209" dir="0" index="1" bw="64" slack="0"/>
<pin id="210" dir="0" index="2" bw="7" slack="0"/>
<pin id="211" dir="0" index="3" bw="7" slack="0"/>
<pin id="212" dir="1" index="4" bw="16" slack="3"/>
</pin_list>
<bind>
<opcode="partselect(1002) " fcode="partselect"/>
<opset="tmp_57/2 "/>
</bind>
</comp>

<comp id="217" class="1004" name="zext_ln1174_1_fu_217">
<pin_list>
<pin id="218" dir="0" index="0" bw="16" slack="1"/>
<pin id="219" dir="1" index="1" bw="24" slack="0"/>
</pin_list>
<bind>
<opcode="zext(34) " fcode="zext"/>
<opset="zext_ln1174_1/3 "/>
</bind>
</comp>

<comp id="221" class="1004" name="zext_ln1174_2_fu_221">
<pin_list>
<pin id="222" dir="0" index="0" bw="16" slack="2"/>
<pin id="223" dir="1" index="1" bw="24" slack="0"/>
</pin_list>
<bind>
<opcode="zext(34) " fcode="zext"/>
<opset="zext_ln1174_2/4 "/>
</bind>
</comp>

<comp id="225" class="1004" name="zext_ln1174_3_fu_225">
<pin_list>
<pin id="226" dir="0" index="0" bw="16" slack="3"/>
<pin id="227" dir="1" index="1" bw="24" slack="0"/>
</pin_list>
<bind>
<opcode="zext(34) " fcode="zext"/>
<opset="zext_ln1174_3/5 "/>
</bind>
</comp>

<comp id="229" class="1005" name="x_3_reg_229">
<pin_list>
<pin id="230" dir="0" index="0" bw="11" slack="0"/>
<pin id="231" dir="1" index="1" bw="11" slack="0"/>
</pin_list>
<bind>
<opset="x_3 "/>
</bind>
</comp>

<comp id="236" class="1005" name="icmp_ln1157_reg_236">
<pin_list>
<pin id="237" dir="0" index="0" bw="1" slack="1"/>
<pin id="238" dir="1" index="1" bw="1" slack="2147483647"/>
</pin_list>
<bind>
<opset="icmp_ln1157 "/>
</bind>
</comp>

<comp id="240" class="1005" name="or_ln1173_reg_240">
<pin_list>
<pin id="241" dir="0" index="0" bw="1" slack="1"/>
<pin id="242" dir="1" index="1" bw="1" slack="2147483647"/>
</pin_list>
<bind>
<opset="or_ln1173 "/>
</bind>
</comp>

<comp id="244" class="1005" name="or_ln1173_1_reg_244">
<pin_list>
<pin id="245" dir="0" index="0" bw="1" slack="1"/>
<pin id="246" dir="1" index="1" bw="1" slack="2147483647"/>
</pin_list>
<bind>
<opset="or_ln1173_1 "/>
</bind>
</comp>

<comp id="248" class="1005" name="or_ln1173_2_reg_248">
<pin_list>
<pin id="249" dir="0" index="0" bw="1" slack="1"/>
<pin id="250" dir="1" index="1" bw="1" slack="2147483647"/>
</pin_list>
<bind>
<opset="or_ln1173_2 "/>
</bind>
</comp>

<comp id="252" class="1005" name="tmp_18_reg_252">
<pin_list>
<pin id="253" dir="0" index="0" bw="16" slack="1"/>
<pin id="254" dir="1" index="1" bw="16" slack="1"/>
</pin_list>
<bind>
<opset="tmp_18 "/>
</bind>
</comp>

<comp id="257" class="1005" name="tmp_38_reg_257">
<pin_list>
<pin id="258" dir="0" index="0" bw="16" slack="2"/>
<pin id="259" dir="1" index="1" bw="16" slack="2"/>
</pin_list>
<bind>
<opset="tmp_38 "/>
</bind>
</comp>

<comp id="262" class="1005" name="tmp_57_reg_262">
<pin_list>
<pin id="263" dir="0" index="0" bw="16" slack="3"/>
<pin id="264" dir="1" index="1" bw="16" slack="3"/>
</pin_list>
<bind>
<opset="tmp_57 "/>
</bind>
</comp>

</comp_list>

<net_list>
<net id="81"><net_src comp="14" pin="0"/><net_sink comp="78" pin=0"/></net>

<net id="86"><net_src comp="36" pin="0"/><net_sink comp="82" pin=0"/></net>

<net id="87"><net_src comp="12" pin="0"/><net_sink comp="82" pin=1"/></net>

<net id="92"><net_src comp="38" pin="0"/><net_sink comp="88" pin=0"/></net>

<net id="93"><net_src comp="8" pin="0"/><net_sink comp="88" pin=1"/></net>

<net id="98"><net_src comp="36" pin="0"/><net_sink comp="94" pin=0"/></net>

<net id="99"><net_src comp="4" pin="0"/><net_sink comp="94" pin=1"/></net>

<net id="104"><net_src comp="36" pin="0"/><net_sink comp="100" pin=0"/></net>

<net id="105"><net_src comp="2" pin="0"/><net_sink comp="100" pin=1"/></net>

<net id="110"><net_src comp="40" pin="0"/><net_sink comp="106" pin=0"/></net>

<net id="111"><net_src comp="0" pin="0"/><net_sink comp="106" pin=1"/></net>

<net id="116"><net_src comp="60" pin="0"/><net_sink comp="112" pin=0"/></net>

<net id="117"><net_src comp="6" pin="0"/><net_sink comp="112" pin=1"/></net>

<net id="123"><net_src comp="62" pin="0"/><net_sink comp="118" pin=0"/></net>

<net id="124"><net_src comp="10" pin="0"/><net_sink comp="118" pin=1"/></net>

<net id="129"><net_src comp="42" pin="0"/><net_sink comp="125" pin=0"/></net>

<net id="137"><net_src comp="130" pin="1"/><net_sink comp="133" pin=0"/></net>

<net id="138"><net_src comp="106" pin="2"/><net_sink comp="133" pin=1"/></net>

<net id="143"><net_src comp="130" pin="1"/><net_sink comp="139" pin=0"/></net>

<net id="144"><net_src comp="50" pin="0"/><net_sink comp="139" pin=1"/></net>

<net id="148"><net_src comp="130" pin="1"/><net_sink comp="145" pin=0"/></net>

<net id="153"><net_src comp="145" pin="1"/><net_sink comp="149" pin=0"/></net>

<net id="154"><net_src comp="88" pin="2"/><net_sink comp="149" pin=1"/></net>

<net id="159"><net_src comp="149" pin="2"/><net_sink comp="155" pin=0"/></net>

<net id="160"><net_src comp="82" pin="2"/><net_sink comp="155" pin=1"/></net>

<net id="165"><net_src comp="149" pin="2"/><net_sink comp="161" pin=0"/></net>

<net id="166"><net_src comp="94" pin="2"/><net_sink comp="161" pin=1"/></net>

<net id="171"><net_src comp="149" pin="2"/><net_sink comp="167" pin=0"/></net>

<net id="172"><net_src comp="100" pin="2"/><net_sink comp="167" pin=1"/></net>

<net id="177"><net_src comp="139" pin="2"/><net_sink comp="173" pin=0"/></net>

<net id="181"><net_src comp="112" pin="2"/><net_sink comp="178" pin=0"/></net>

<net id="185"><net_src comp="178" pin="1"/><net_sink comp="182" pin=0"/></net>

<net id="186"><net_src comp="182" pin="1"/><net_sink comp="118" pin=2"/></net>

<net id="193"><net_src comp="64" pin="0"/><net_sink comp="187" pin=0"/></net>

<net id="194"><net_src comp="112" pin="2"/><net_sink comp="187" pin=1"/></net>

<net id="195"><net_src comp="66" pin="0"/><net_sink comp="187" pin=2"/></net>

<net id="196"><net_src comp="68" pin="0"/><net_sink comp="187" pin=3"/></net>

<net id="203"><net_src comp="64" pin="0"/><net_sink comp="197" pin=0"/></net>

<net id="204"><net_src comp="112" pin="2"/><net_sink comp="197" pin=1"/></net>

<net id="205"><net_src comp="70" pin="0"/><net_sink comp="197" pin=2"/></net>

<net id="206"><net_src comp="72" pin="0"/><net_sink comp="197" pin=3"/></net>

<net id="213"><net_src comp="64" pin="0"/><net_sink comp="207" pin=0"/></net>

<net id="214"><net_src comp="112" pin="2"/><net_sink comp="207" pin=1"/></net>

<net id="215"><net_src comp="74" pin="0"/><net_sink comp="207" pin=2"/></net>

<net id="216"><net_src comp="76" pin="0"/><net_sink comp="207" pin=3"/></net>

<net id="220"><net_src comp="217" pin="1"/><net_sink comp="118" pin=2"/></net>

<net id="224"><net_src comp="221" pin="1"/><net_sink comp="118" pin=2"/></net>

<net id="228"><net_src comp="225" pin="1"/><net_sink comp="118" pin=2"/></net>

<net id="232"><net_src comp="78" pin="1"/><net_sink comp="229" pin=0"/></net>

<net id="233"><net_src comp="229" pin="1"/><net_sink comp="125" pin=1"/></net>

<net id="234"><net_src comp="229" pin="1"/><net_sink comp="130" pin=0"/></net>

<net id="235"><net_src comp="229" pin="1"/><net_sink comp="173" pin=1"/></net>

<net id="239"><net_src comp="133" pin="2"/><net_sink comp="236" pin=0"/></net>

<net id="243"><net_src comp="155" pin="2"/><net_sink comp="240" pin=0"/></net>

<net id="247"><net_src comp="161" pin="2"/><net_sink comp="244" pin=0"/></net>

<net id="251"><net_src comp="167" pin="2"/><net_sink comp="248" pin=0"/></net>

<net id="255"><net_src comp="187" pin="4"/><net_sink comp="252" pin=0"/></net>

<net id="256"><net_src comp="252" pin="1"/><net_sink comp="217" pin=0"/></net>

<net id="260"><net_src comp="197" pin="4"/><net_sink comp="257" pin=0"/></net>

<net id="261"><net_src comp="257" pin="1"/><net_sink comp="221" pin=0"/></net>

<net id="265"><net_src comp="207" pin="4"/><net_sink comp="262" pin=0"/></net>

<net id="266"><net_src comp="262" pin="1"/><net_sink comp="225" pin=0"/></net>

</net_list>

</model> 
---------------- Datapath Model END ------------------

* FSMD analyzer results:
  - Output states:
	Port: img | {2 3 4 5 }
 - Input state : 
	Port: Bytes2MultiPixStream_Pipeline_VITIS_LOOP_1157_11 : loopWidth_3 | {1 }
	Port: Bytes2MultiPixStream_Pipeline_VITIS_LOOP_1157_11 : icmp_ln1147 | {1 }
	Port: Bytes2MultiPixStream_Pipeline_VITIS_LOOP_1157_11 : icmp_ln1173_1 | {1 }
	Port: Bytes2MultiPixStream_Pipeline_VITIS_LOOP_1157_11 : bytePlanes_plane0 | {2 }
	Port: Bytes2MultiPixStream_Pipeline_VITIS_LOOP_1157_11 : sext_ln1173 | {1 }
	Port: Bytes2MultiPixStream_Pipeline_VITIS_LOOP_1157_11 : icmp26 | {1 }
  - Chain level:
	State 1
		store_ln1157 : 1
		x : 1
		icmp_ln1157 : 2
		x_14 : 2
		br_ln1157 : 3
		zext_ln1159 : 2
		icmp_ln1173 : 3
		or_ln1173 : 4
		br_ln1173 : 4
		or_ln1173_1 : 4
		br_ln1173 : 4
		or_ln1173_2 : 4
		br_ln1173 : 4
		store_ln1157 : 3
	State 2
		zext_ln1174 : 1
		write_ln1174 : 2
	State 3
		write_ln1174 : 1
	State 4
		write_ln1174 : 1
	State 5
		write_ln1174 : 1


============================================================
+ Verbose Summary: Datapath Resource usage 
============================================================

* Functional unit list:
|----------|-------------------------------|---------|---------|
| Operation|        Functional Unit        |    FF   |   LUT   |
|----------|-------------------------------|---------|---------|
|   icmp   |       icmp_ln1157_fu_133      |    0    |    11   |
|          |       icmp_ln1173_fu_149      |    0    |    12   |
|----------|-------------------------------|---------|---------|
|    add   |          x_14_fu_139          |    0    |    11   |
|----------|-------------------------------|---------|---------|
|          |        or_ln1173_fu_155       |    0    |    1    |
|    or    |       or_ln1173_1_fu_161      |    0    |    1    |
|          |       or_ln1173_2_fu_167      |    0    |    1    |
|----------|-------------------------------|---------|---------|
|          |     icmp26_read_read_fu_82    |    0    |    0    |
|          |  sext_ln1173_read_read_fu_88  |    0    |    0    |
|   read   | icmp_ln1173_1_read_read_fu_94 |    0    |    0    |
|          |  icmp_ln1147_read_read_fu_100 |    0    |    0    |
|          |  loopWidth_3_read_read_fu_106 |    0    |    0    |
|          |         rd_read_fu_112        |    0    |    0    |
|----------|-------------------------------|---------|---------|
|   write  |        grp_write_fu_118       |    0    |    0    |
|----------|-------------------------------|---------|---------|
|          |       zext_ln1159_fu_145      |    0    |    0    |
|          |       zext_ln1174_fu_182      |    0    |    0    |
|   zext   |      zext_ln1174_1_fu_217     |    0    |    0    |
|          |      zext_ln1174_2_fu_221     |    0    |    0    |
|          |      zext_ln1174_3_fu_225     |    0    |    0    |
|----------|-------------------------------|---------|---------|
|   trunc  |      trunc_ln1174_fu_178      |    0    |    0    |
|----------|-------------------------------|---------|---------|
|          |         tmp_18_fu_187         |    0    |    0    |
|partselect|         tmp_38_fu_197         |    0    |    0    |
|          |         tmp_57_fu_207         |    0    |    0    |
|----------|-------------------------------|---------|---------|
|   Total  |                               |    0    |    37   |
|----------|-------------------------------|---------|---------|

Memories:
N/A

* Register list:
+-------------------+--------+
|                   |   FF   |
+-------------------+--------+
|icmp_ln1157_reg_236|    1   |
|or_ln1173_1_reg_244|    1   |
|or_ln1173_2_reg_248|    1   |
| or_ln1173_reg_240 |    1   |
|   tmp_18_reg_252  |   16   |
|   tmp_38_reg_257  |   16   |
|   tmp_57_reg_262  |   16   |
|    x_3_reg_229    |   11   |
+-------------------+--------+
|       Total       |   63   |
+-------------------+--------+

* Multiplexer (MUX) list: 
|------------------|------|------|------|--------||---------||---------||---------|
|       Comp       |  Pin | Size |  BW  | S x BW ||  Delay  ||    FF   ||   LUT   |
|------------------|------|------|------|--------||---------||---------||---------|
| grp_write_fu_118 |  p2  |   4  |  16  |   64   ||    0    ||    17   |
|------------------|------|------|------|--------||---------||---------||---------|
|       Total      |      |      |      |   64   || 1.35214 ||    0    ||    17   |
|------------------|------|------|------|--------||---------||---------||---------|



* Summary:
+-----------+--------+--------+--------+
|           |  Delay |   FF   |   LUT  |
+-----------+--------+--------+--------+
|  Function |    -   |    0   |   37   |
|   Memory  |    -   |    -   |    -   |
|Multiplexer|    1   |    0   |   17   |
|  Register |    -   |   63   |    -   |
+-----------+--------+--------+--------+
|   Total   |    1   |   63   |   54   |
+-----------+--------+--------+--------+
