

================================================================
== Vitis HLS Report for 'Bytes2MultiPixStream_Pipeline_VITIS_LOOP_1450_23'
================================================================
* Date:           Mon Mar 16 15:10:46 2026

* Version:        2025.2 (Build 6295257 on Nov 14 2025)
* Project:        prj
* Solution:       sol (Vivado IP Flow Target)
* Product family: zynq
* Target device:  xc7z020-clg400-2


================================================================
== Performance Estimates
================================================================
+ Timing: 
    * Summary: 
    +--------+---------+----------+------------+
    |  Clock |  Target | Estimated| Uncertainty|
    +--------+---------+----------+------------+
    |ap_clk  |  6.52 ns|  4.761 ns|     1.76 ns|
    +--------+---------+----------+------------+

+ Latency: 
    * Summary: 
    +---------+---------+-----------+-----------+-----+-----+-------------------+
    |  Latency (cycles) |   Latency (absolute)  |  Interval |      Pipeline     |
    |   min   |   max   |    min    |    max    | min | max |        Type       |
    +---------+---------+-----------+-----------+-----+-----+-------------------+
    |        2|     2882|  13.044 ns|  18.796 us|    0|    0|  loop pipeline stp|
    +---------+---------+-----------+-----------+-----+-----+-------------------+

    + Detail: 
        * Instance: 
        N/A

        * Loop: 
        +----------------------+---------+---------+----------+-----------+-----------+----------+----------+
        |                      |  Latency (cycles) | Iteration|  Initiation Interval  |   Trip   |          |
        |       Loop Name      |   min   |   max   |  Latency |  achieved |   target  |   Count  | Pipelined|
        +----------------------+---------+---------+----------+-----------+-----------+----------+----------+
        |- VITIS_LOOP_1450_23  |        0|     2880|         3|          2|          2|  0 ~ 1440|       yes|
        +----------------------+---------+---------+----------+-----------+-----------+----------+----------+



================================================================
== Utilization Estimates
================================================================
* Summary: 
+-----------------+---------+-----+--------+-------+-----+
|       Name      | BRAM_18K| DSP |   FF   |  LUT  | URAM|
+-----------------+---------+-----+--------+-------+-----+
|DSP              |        -|    -|       -|      -|    -|
|Expression       |        -|    -|       0|     41|    -|
|FIFO             |        -|    -|       -|      -|    -|
|Instance         |        -|    -|       -|      -|    -|
|Memory           |        -|    -|       -|      -|    -|
|Multiplexer      |        -|    -|       0|     98|    -|
|Register         |        -|    -|      42|      -|    -|
+-----------------+---------+-----+--------+-------+-----+
|Total            |        0|    0|      42|    139|    0|
+-----------------+---------+-----+--------+-------+-----+
|Available        |      280|  220|  106400|  53200|    0|
+-----------------+---------+-----+--------+-------+-----+
|Utilization (%)  |        0|    0|      ~0|     ~0|    0|
+-----------------+---------+-----+--------+-------+-----+

+ Detail: 
    * Instance: 
    N/A

    * DSP: 
    N/A

    * Memory: 
    N/A

    * FIFO: 
    N/A

    * Expression: 
    +---------------------------------------+----------+----+---+----+------------+------------+
    |             Variable Name             | Operation| DSP| FF| LUT| Bitwidth P0| Bitwidth P1|
    +---------------------------------------+----------+----+---+----+------------+------------+
    |x_10_fu_115_p2                         |         +|   0|  0|  11|          11|           1|
    |ap_block_pp0_stage0_01001_grp2         |       and|   0|  0|   1|           1|           1|
    |ap_block_pp0_stage1_01001_grp1         |       and|   0|  0|   1|           1|           1|
    |ap_block_state3_pp0_stage0_iter1_grp2  |       and|   0|  0|   1|           1|           1|
    |icmp_ln1450_fu_109_p2                  |      icmp|   0|  0|  11|          11|          11|
    |icmp_ln1467_fu_125_p2                  |      icmp|   0|  0|  12|          12|          12|
    |ap_block_state2_pp0_stage1_iter0_grp1  |        or|   0|  0|   1|           1|           1|
    |or_ln1467_fu_131_p2                    |        or|   0|  0|   1|           1|           1|
    |ap_enable_pp0                          |       xor|   0|  0|   2|           1|           2|
    +---------------------------------------+----------+----+---+----+------------+------------+
    |Total                                  |          |   0|  0|  41|          40|          31|
    +---------------------------------------+----------+----+---+----+------------+------------+

    * Multiplexer: 
    +-----------------------------+----+-----------+-----+-----------+
    |             Name            | LUT| Input Size| Bits| Total Bits|
    +-----------------------------+----+-----------+-----+-----------+
    |ap_NS_fsm                    |  13|          3|    1|          3|
    |ap_done_int                  |   9|          2|    1|          2|
    |ap_enable_reg_pp0_iter0      |   9|          2|    1|          2|
    |ap_enable_reg_pp0_iter0_reg  |   9|          2|    1|          2|
    |ap_enable_reg_pp0_iter1      |   9|          2|    1|          2|
    |ap_sig_allocacmp_x           |   9|          2|   11|         22|
    |bytePlanes_plane0_blk_n      |   9|          2|    1|          2|
    |img_blk_n                    |   9|          2|    1|          2|
    |img_din                      |  13|          3|   24|         72|
    |x_7_fu_66                    |   9|          2|   11|         22|
    +-----------------------------+----+-----------+-----+-----------+
    |Total                        |  98|         22|   53|        131|
    +-----------------------------+----+-----------+-----+-----------+

    * Register: 
    +-----------------------------+----+----+-----+-----------+
    |             Name            | FF | LUT| Bits| Const Bits|
    +-----------------------------+----+----+-----+-----------+
    |ap_CS_fsm                    |   2|   0|    2|          0|
    |ap_done_reg                  |   1|   0|    1|          0|
    |ap_enable_reg_pp0_iter0_reg  |   1|   0|    1|          0|
    |ap_enable_reg_pp0_iter1      |   1|   0|    1|          0|
    |icmp_ln1450_reg_164          |   1|   0|    1|          0|
    |or_ln1467_reg_168            |   1|   0|    1|          0|
    |or_ln1468_7_reg_172          |  24|   0|   24|          0|
    |x_7_fu_66                    |  11|   0|   11|          0|
    +-----------------------------+----+----+-----+-----------+
    |Total                        |  42|   0|   42|          0|
    +-----------------------------+----+----+-----+-----------+



================================================================
== Interface
================================================================
* Summary: 
+----------------------------------+-----+-----+------------+--------------------------------------------------+--------------+
|             RTL Ports            | Dir | Bits|  Protocol  |                   Source Object                  |    C Type    |
+----------------------------------+-----+-----+------------+--------------------------------------------------+--------------+
|ap_clk                            |   in|    1|  ap_ctrl_hs|  Bytes2MultiPixStream_Pipeline_VITIS_LOOP_1450_23|  return value|
|ap_rst                            |   in|    1|  ap_ctrl_hs|  Bytes2MultiPixStream_Pipeline_VITIS_LOOP_1450_23|  return value|
|ap_start                          |   in|    1|  ap_ctrl_hs|  Bytes2MultiPixStream_Pipeline_VITIS_LOOP_1450_23|  return value|
|ap_done                           |  out|    1|  ap_ctrl_hs|  Bytes2MultiPixStream_Pipeline_VITIS_LOOP_1450_23|  return value|
|ap_idle                           |  out|    1|  ap_ctrl_hs|  Bytes2MultiPixStream_Pipeline_VITIS_LOOP_1450_23|  return value|
|ap_ready                          |  out|    1|  ap_ctrl_hs|  Bytes2MultiPixStream_Pipeline_VITIS_LOOP_1450_23|  return value|
|img_din                           |  out|   24|     ap_fifo|                                               img|       pointer|
|img_full_n                        |   in|    1|     ap_fifo|                                               img|       pointer|
|img_write                         |  out|    1|     ap_fifo|                                               img|       pointer|
|img_num_data_valid                |   in|   32|     ap_fifo|                                               img|       pointer|
|img_fifo_cap                      |   in|   32|     ap_fifo|                                               img|       pointer|
|bytePlanes_plane0_dout            |   in|   64|     ap_fifo|                                 bytePlanes_plane0|       pointer|
|bytePlanes_plane0_empty_n         |   in|    1|     ap_fifo|                                 bytePlanes_plane0|       pointer|
|bytePlanes_plane0_read            |  out|    1|     ap_fifo|                                 bytePlanes_plane0|       pointer|
|bytePlanes_plane0_num_data_valid  |   in|   10|     ap_fifo|                                 bytePlanes_plane0|       pointer|
|bytePlanes_plane0_fifo_cap        |   in|   10|     ap_fifo|                                 bytePlanes_plane0|       pointer|
|loopWidth_7                       |   in|   11|   ap_stable|                                       loopWidth_7|        scalar|
|sext_ln1443                       |   in|   12|   ap_stable|                                       sext_ln1443|        scalar|
|rev                               |   in|    1|   ap_stable|                                               rev|        scalar|
+----------------------------------+-----+-----+------------+--------------------------------------------------+--------------+

============================================================
+ Verbose Summary: Synthesis Manager
============================================================
InlineROM: 1
ExposeGlobal: 0
============================================================
+ Verbose Summary: CDFG Model
============================================================
IsTopModel: 0
ResetActiveHigh: 1
IsCombinational: 2
IsDatapathOnly: 2
HasWiredReturn: 1
HasMFsm: 2
HasVarLatency: 1
IsPipeline: 0
IsRtlPipelined: 0
IsInstanceOverlapped: 0
IsDontTouch: 0
HasImplIP: 0
IsGatedGlobalClock: 0

+ Individual pipeline summary: 
  * Pipeline-0: initiation interval (II) = 2, depth = 3


============================================================
+ Verbose Summary: Schedule
============================================================
* Number of FSM states : 3
* Pipeline : 1
  Pipeline-0 : II = 2, D = 3, States = { 1 2 3 }
* Dataflow Pipeline: 0

* FSM state transitions: 
1 --> 2 
2 --> 3 
3 --> 

* FSM state operations: 

State 1 <SV = 0> <Delay = 4.07>
ST_1 : Operation 6 [1/1] (0.00ns)   --->   "%x_7 = alloca i32 1" [prj/sol/.autopilot/db/v_frmbuf_rd.cpp:1450]   --->   Operation 6 'alloca' 'x_7' <Predicate = true> <Delay = 0.00>
ST_1 : Operation 7 [1/1] (0.00ns)   --->   "%specmemcore_ln0 = specmemcore void @_ssdm_op_SpecMemCore, i64 %bytePlanes_plane0, i64 666, i64 8, i64 18446744073709551615, i1 0"   --->   Operation 7 'specmemcore' 'specmemcore_ln0' <Predicate = true> <Delay = 0.00>
ST_1 : Operation 8 [1/1] (0.00ns)   --->   "%specinterface_ln0 = specinterface void @_ssdm_op_SpecInterface, i24 %img, void @empty_17, i32 0, i32 0, void @empty_11, i32 0, i32 0, void @empty_11, void @empty_11, void @empty_11, i32 0, i32 0, i32 0, i32 0, void @empty_11, void @empty_11, i32 4294967295, i32 0, i32 0, i32 0"   --->   Operation 8 'specinterface' 'specinterface_ln0' <Predicate = true> <Delay = 0.00>
ST_1 : Operation 9 [1/1] (0.00ns)   --->   "%specinterface_ln0 = specinterface void @_ssdm_op_SpecInterface, i64 %bytePlanes_plane0, void @empty_17, i32 0, i32 0, void @empty_11, i32 0, i32 0, void @empty_11, void @empty_11, void @empty_11, i32 0, i32 0, i32 0, i32 0, void @empty_11, void @empty_11, i32 4294967295, i32 0, i32 0, i32 0"   --->   Operation 9 'specinterface' 'specinterface_ln0' <Predicate = true> <Delay = 0.00>
ST_1 : Operation 10 [1/1] (0.00ns)   --->   "%rev_read = read i1 @_ssdm_op_Read.ap_auto.i1, i1 %rev" [prj/sol/.autopilot/db/v_frmbuf_rd.cpp:686]   --->   Operation 10 'read' 'rev_read' <Predicate = true> <Delay = 0.00>
ST_1 : Operation 11 [1/1] (0.00ns)   --->   "%sext_ln1443_read = read i12 @_ssdm_op_Read.ap_auto.i12, i12 %sext_ln1443" [prj/sol/.autopilot/db/v_frmbuf_rd.cpp:686]   --->   Operation 11 'read' 'sext_ln1443_read' <Predicate = true> <Delay = 0.00>
ST_1 : Operation 12 [1/1] (0.00ns)   --->   "%loopWidth_7_read = read i11 @_ssdm_op_Read.ap_auto.i11, i11 %loopWidth_7" [prj/sol/.autopilot/db/v_frmbuf_rd.cpp:686]   --->   Operation 12 'read' 'loopWidth_7_read' <Predicate = true> <Delay = 0.00>
ST_1 : Operation 13 [1/1] (1.29ns)   --->   "%store_ln1450 = store i11 0, i11 %x_7" [prj/sol/.autopilot/db/v_frmbuf_rd.cpp:1450]   --->   Operation 13 'store' 'store_ln1450' <Predicate = true> <Delay = 1.29>
ST_1 : Operation 14 [1/1] (0.00ns)   --->   "%br_ln1450 = br void %VITIS_LOOP_1456_24" [prj/sol/.autopilot/db/v_frmbuf_rd.cpp:1450]   --->   Operation 14 'br' 'br_ln1450' <Predicate = true> <Delay = 0.00>
ST_1 : Operation 15 [1/1] (0.00ns)   --->   "%x = load i11 %x_7" [prj/sol/.autopilot/db/v_frmbuf_rd.cpp:1450]   --->   Operation 15 'load' 'x' <Predicate = true> <Delay = 0.00>
ST_1 : Operation 16 [1/1] (1.48ns)   --->   "%icmp_ln1450 = icmp_eq  i11 %x, i11 %loopWidth_7_read" [prj/sol/.autopilot/db/v_frmbuf_rd.cpp:1450]   --->   Operation 16 'icmp' 'icmp_ln1450' <Predicate = true> <Delay = 1.48> <CoreInst = "Cmp">   --->   Core 9 'Cmp' <Latency = 0> <II = 1> <Delay = 1.48> <FuncUnit> <Opcode : 'seteq' 'setne' 'setle' 'setge' 'setlt' 'setgt'> <InPorts = 2> <OutPorts = 1>
ST_1 : Operation 17 [1/1] (0.00ns)   --->   "%speclooptripcount_ln0 = speclooptripcount void @_ssdm_op_SpecLoopTripCount, i64 0, i64 1440, i64 0"   --->   Operation 17 'speclooptripcount' 'speclooptripcount_ln0' <Predicate = true> <Delay = 0.00>
ST_1 : Operation 18 [1/1] (1.48ns)   --->   "%x_10 = add i11 %x, i11 1" [prj/sol/.autopilot/db/v_frmbuf_rd.cpp:1450]   --->   Operation 18 'add' 'x_10' <Predicate = true> <Delay = 1.48> <CoreInst = "Adder">   --->   Core 1 'Adder' <Latency = 0> <II = 1> <Delay = 1.48> <FuncUnit> <Opcode : 'add' 'sub'> <InPorts = 2> <OutPorts = 1>
ST_1 : Operation 19 [1/1] (0.00ns)   --->   "%br_ln1450 = br i1 %icmp_ln1450, void %VITIS_LOOP_1456_24.split, void %for.inc982.exitStub" [prj/sol/.autopilot/db/v_frmbuf_rd.cpp:1450]   --->   Operation 19 'br' 'br_ln1450' <Predicate = true> <Delay = 0.00>
ST_1 : Operation 20 [1/1] (0.00ns)   --->   "%zext_ln1452 = zext i11 %x" [prj/sol/.autopilot/db/v_frmbuf_rd.cpp:1452]   --->   Operation 20 'zext' 'zext_ln1452' <Predicate = (!icmp_ln1450)> <Delay = 0.00>
ST_1 : Operation 21 [1/1] (1.54ns)   --->   "%icmp_ln1467 = icmp_slt  i12 %zext_ln1452, i12 %sext_ln1443_read" [prj/sol/.autopilot/db/v_frmbuf_rd.cpp:1467]   --->   Operation 21 'icmp' 'icmp_ln1467' <Predicate = (!icmp_ln1450)> <Delay = 1.54> <CoreInst = "Cmp">   --->   Core 9 'Cmp' <Latency = 0> <II = 1> <Delay = 1.54> <FuncUnit> <Opcode : 'seteq' 'setne' 'setle' 'setge' 'setlt' 'setgt'> <InPorts = 2> <OutPorts = 1>
ST_1 : Operation 22 [1/1] (0.80ns)   --->   "%or_ln1467 = or i1 %icmp_ln1467, i1 %rev_read" [prj/sol/.autopilot/db/v_frmbuf_rd.cpp:1467]   --->   Operation 22 'or' 'or_ln1467' <Predicate = (!icmp_ln1450)> <Delay = 0.80> <CoreInst = "LogicGate">   --->   Core 74 'LogicGate' <Latency = 0> <II = 1> <Delay = 0.80> <FuncUnit> <Opcode : 'and' 'or' 'xor'> <InPorts = 2> <OutPorts = 1>
ST_1 : Operation 23 [1/1] (0.00ns)   --->   "%br_ln1467 = br i1 %or_ln1467, void %for.inc976.1, void %if.then974.1" [prj/sol/.autopilot/db/v_frmbuf_rd.cpp:1467]   --->   Operation 23 'br' 'br_ln1467' <Predicate = (!icmp_ln1450)> <Delay = 0.00>
ST_1 : Operation 24 [1/1] (1.29ns)   --->   "%store_ln1450 = store i11 %x_10, i11 %x_7" [prj/sol/.autopilot/db/v_frmbuf_rd.cpp:1450]   --->   Operation 24 'store' 'store_ln1450' <Predicate = (!icmp_ln1450)> <Delay = 1.29>
ST_1 : Operation 25 [1/1] (0.00ns)   --->   "%br_ln1450 = br void %VITIS_LOOP_1456_24" [prj/sol/.autopilot/db/v_frmbuf_rd.cpp:1450]   --->   Operation 25 'br' 'br_ln1450' <Predicate = (!icmp_ln1450)> <Delay = 0.00>
ST_1 : Operation 34 [1/1] (1.29ns)   --->   "%ret_ln0 = ret"   --->   Operation 34 'ret' 'ret_ln0' <Predicate = (icmp_ln1450)> <Delay = 1.29>

State 2 <SV = 1> <Delay = 4.76>
ST_2 : Operation 26 [1/1] (0.00ns)   --->   "%specpipeline_ln1452 = specpipeline void @_ssdm_op_SpecPipeline, i32 2, i32 0, i32 0, i32 0, i32 4294967295, void @empty_11" [prj/sol/.autopilot/db/v_frmbuf_rd.cpp:1452]   --->   Operation 26 'specpipeline' 'specpipeline_ln1452' <Predicate = (!icmp_ln1450)> <Delay = 0.00>
ST_2 : Operation 27 [1/1] (0.00ns)   --->   "%specloopname_ln1450 = specloopname void @_ssdm_op_SpecLoopName, void @empty_30" [prj/sol/.autopilot/db/v_frmbuf_rd.cpp:1450]   --->   Operation 27 'specloopname' 'specloopname_ln1450' <Predicate = (!icmp_ln1450)> <Delay = 0.00>
ST_2 : Operation 28 [1/1] ( I:2.38ns O:2.38ns )   --->   "%rd = read i64 @_ssdm_op_Read.ap_fifo.volatile.i64P0A, i64 %bytePlanes_plane0" [prj/sol/.autopilot/db/v_frmbuf_rd.cpp:1455]   --->   Operation 28 'read' 'rd' <Predicate = (!icmp_ln1450)> <Delay = 2.38> <CoreInst = "FIFO_BRAM">   --->   Core 78 'FIFO_BRAM' <Latency = 0> <II = 1> <Delay = 3.41> <Storage> <Opcode : 'read' 'write' 'nbread' 'nbwrite'> <Ports = 0> <Width = 64> <Depth = 481> <FIFO>
ST_2 : Operation 29 [1/1] (0.00ns)   --->   "%trunc_ln1468 = trunc i64 %rd" [prj/sol/.autopilot/db/v_frmbuf_rd.cpp:1468]   --->   Operation 29 'trunc' 'trunc_ln1468' <Predicate = (!icmp_ln1450)> <Delay = 0.00>
ST_2 : Operation 30 [1/1] ( I:2.38ns O:2.38ns )   --->   "%write_ln1468 = write void @_ssdm_op_Write.ap_fifo.volatile.i24P0A, i24 %img, i24 %trunc_ln1468" [prj/sol/.autopilot/db/v_frmbuf_rd.cpp:1468]   --->   Operation 30 'write' 'write_ln1468' <Predicate = (!icmp_ln1450)> <Delay = 2.38> <CoreInst = "FIFO_SRL">   --->   Core 80 'FIFO_SRL' <Latency = 0> <II = 1> <Delay = 3.40> <Storage> <Opcode : 'read' 'write' 'nbread' 'nbwrite'> <Ports = 0> <Width = 24> <Depth = 2> <FIFO>
ST_2 : Operation 31 [1/1] (0.00ns)   --->   "%or_ln1468_7 = partselect i24 @_ssdm_op_PartSelect.i24.i64.i32.i32, i64 %rd, i32 32, i32 55" [prj/sol/.autopilot/db/v_frmbuf_rd.cpp:1468]   --->   Operation 31 'partselect' 'or_ln1468_7' <Predicate = (!icmp_ln1450 & or_ln1467)> <Delay = 0.00>

State 3 <SV = 2> <Delay = 2.38>
ST_3 : Operation 32 [1/1] ( I:2.38ns O:2.38ns )   --->   "%write_ln1468 = write void @_ssdm_op_Write.ap_fifo.volatile.i24P0A, i24 %img, i24 %or_ln1468_7" [prj/sol/.autopilot/db/v_frmbuf_rd.cpp:1468]   --->   Operation 32 'write' 'write_ln1468' <Predicate = (or_ln1467)> <Delay = 2.38> <CoreInst = "FIFO_SRL">   --->   Core 80 'FIFO_SRL' <Latency = 0> <II = 1> <Delay = 3.40> <Storage> <Opcode : 'read' 'write' 'nbread' 'nbwrite'> <Ports = 0> <Width = 24> <Depth = 2> <FIFO>
ST_3 : Operation 33 [1/1] (0.00ns)   --->   "%br_ln1468 = br void %for.inc976.1" [prj/sol/.autopilot/db/v_frmbuf_rd.cpp:1468]   --->   Operation 33 'br' 'br_ln1468' <Predicate = (or_ln1467)> <Delay = 0.00>


============================================================
+ Verbose Summary: Binding
============================================================
STG Binding: 
---------------- STG Properties BEGIN ----------------
- Is combinational: 0
- Is one-state seq: 0
- Is datapath-only: 0
- Is pipelined: 0
- Is top level: 0
Port [ Return ] is wired: 1; IO mode=ap_ctrl_hs:ce=0
Port [ loopWidth_7]:  wired=1; compound=0; hidden=0; nouse=0; global=0; static=0; extern=0; dir=0; type=0; pingpong=0; private_global=0; IO mode=ap_stable:ce=0
Port [ bytePlanes_plane0]:  wired=1; compound=1; hidden=0; nouse=0; global=0; static=0; extern=0; dir=0; type=3; pingpong=0; private_global=0; IO mode=ap_fifo:ce=0
Port [ sext_ln1443]:  wired=1; compound=0; hidden=0; nouse=0; global=0; static=0; extern=0; dir=0; type=0; pingpong=0; private_global=0; IO mode=ap_stable:ce=0
Port [ img]:  wired=1; compound=1; hidden=0; nouse=0; global=0; static=0; extern=0; dir=1; type=3; pingpong=0; private_global=0; IO mode=ap_fifo:ce=0
Port [ rev]:  wired=1; compound=0; hidden=0; nouse=0; global=0; static=0; extern=0; dir=0; type=0; pingpong=0; private_global=0; IO mode=ap_stable:ce=0
---------------- STG Properties END ------------------

---------------- Datapath Model BEGIN ----------------

<LifeTime>
<method=bitvector/>
x_7                   (alloca           ) [ 0100]
specmemcore_ln0       (specmemcore      ) [ 0000]
specinterface_ln0     (specinterface    ) [ 0000]
specinterface_ln0     (specinterface    ) [ 0000]
rev_read              (read             ) [ 0000]
sext_ln1443_read      (read             ) [ 0000]
loopWidth_7_read      (read             ) [ 0000]
store_ln1450          (store            ) [ 0000]
br_ln1450             (br               ) [ 0000]
x                     (load             ) [ 0000]
icmp_ln1450           (icmp             ) [ 0110]
speclooptripcount_ln0 (speclooptripcount) [ 0000]
x_10                  (add              ) [ 0000]
br_ln1450             (br               ) [ 0000]
zext_ln1452           (zext             ) [ 0000]
icmp_ln1467           (icmp             ) [ 0000]
or_ln1467             (or               ) [ 0111]
br_ln1467             (br               ) [ 0000]
store_ln1450          (store            ) [ 0000]
br_ln1450             (br               ) [ 0000]
specpipeline_ln1452   (specpipeline     ) [ 0000]
specloopname_ln1450   (specloopname     ) [ 0000]
rd                    (read             ) [ 0000]
trunc_ln1468          (trunc            ) [ 0000]
write_ln1468          (write            ) [ 0000]
or_ln1468_7           (partselect       ) [ 0101]
write_ln1468          (write            ) [ 0000]
br_ln1468             (br               ) [ 0000]
ret_ln0               (ret              ) [ 0000]
</LifeTime>

<model>

<comp_list>
<comp id="0" class="1000" name="loopWidth_7">
<pin_list>
<pin id="1" dir="1" index="0" bw="1" slack="0"/>
</pin_list>
<bind>
<StgValue><ssdm name="loopWidth_7"/></StgValue>
</bind>
</comp>

<comp id="2" class="1000" name="bytePlanes_plane0">
<pin_list>
<pin id="3" dir="1" index="0" bw="1" slack="0"/>
</pin_list>
<bind>
<StgValue><ssdm name="bytePlanes_plane0"/></StgValue>
</bind>
</comp>

<comp id="4" class="1000" name="sext_ln1443">
<pin_list>
<pin id="5" dir="1" index="0" bw="1" slack="0"/>
</pin_list>
<bind>
<StgValue><ssdm name="sext_ln1443"/></StgValue>
</bind>
</comp>

<comp id="6" class="1000" name="img">
<pin_list>
<pin id="7" dir="1" index="0" bw="1" slack="0"/>
</pin_list>
<bind>
<StgValue><ssdm name="img"/></StgValue>
</bind>
</comp>

<comp id="8" class="1000" name="rev">
<pin_list>
<pin id="9" dir="1" index="0" bw="1" slack="0"/>
</pin_list>
<bind>
<StgValue><ssdm name="rev"/></StgValue>
</bind>
</comp>

<comp id="10" class="1001" name="const_10">
<pin_list>
<pin id="11" dir="1" index="0" bw="1" slack="0"/>
</pin_list>
<bind>
<StgValue><ssdm name=""/></StgValue>
</bind>
</comp>

<comp id="12" class="1001" name="const_12">
<pin_list>
<pin id="13" dir="1" index="0" bw="1" slack="2147483647"/>
</pin_list>
<bind>
<StgValue><ssdm name="_ssdm_op_SpecMemCore"/></StgValue>
</bind>
</comp>

<comp id="14" class="1001" name="const_14">
<pin_list>
<pin id="15" dir="1" index="0" bw="1" slack="2147483647"/>
</pin_list>
<bind>
<StgValue><ssdm name=""/></StgValue>
</bind>
</comp>

<comp id="16" class="1001" name="const_16">
<pin_list>
<pin id="17" dir="1" index="0" bw="1" slack="2147483647"/>
</pin_list>
<bind>
<StgValue><ssdm name=""/></StgValue>
</bind>
</comp>

<comp id="18" class="1001" name="const_18">
<pin_list>
<pin id="19" dir="1" index="0" bw="1" slack="2147483647"/>
</pin_list>
<bind>
<StgValue><ssdm name=""/></StgValue>
</bind>
</comp>

<comp id="20" class="1001" name="const_20">
<pin_list>
<pin id="21" dir="1" index="0" bw="1" slack="2147483647"/>
</pin_list>
<bind>
<StgValue><ssdm name=""/></StgValue>
</bind>
</comp>

<comp id="22" class="1001" name="const_22">
<pin_list>
<pin id="23" dir="1" index="0" bw="1" slack="2147483647"/>
</pin_list>
<bind>
<StgValue><ssdm name="_ssdm_op_SpecInterface"/></StgValue>
</bind>
</comp>

<comp id="24" class="1001" name="const_24">
<pin_list>
<pin id="25" dir="1" index="0" bw="1" slack="2147483647"/>
</pin_list>
<bind>
<StgValue><ssdm name="empty_17"/></StgValue>
</bind>
</comp>

<comp id="26" class="1001" name="const_26">
<pin_list>
<pin id="27" dir="1" index="0" bw="1" slack="2147483647"/>
</pin_list>
<bind>
<StgValue><ssdm name=""/></StgValue>
</bind>
</comp>

<comp id="28" class="1001" name="const_28">
<pin_list>
<pin id="29" dir="1" index="0" bw="1" slack="2147483647"/>
</pin_list>
<bind>
<StgValue><ssdm name="empty_11"/></StgValue>
</bind>
</comp>

<comp id="30" class="1001" name="const_30">
<pin_list>
<pin id="31" dir="1" index="0" bw="1" slack="2147483647"/>
</pin_list>
<bind>
<StgValue><ssdm name=""/></StgValue>
</bind>
</comp>

<comp id="32" class="1001" name="const_32">
<pin_list>
<pin id="33" dir="1" index="0" bw="1" slack="0"/>
</pin_list>
<bind>
<StgValue><ssdm name="_ssdm_op_Read.ap_auto.i1"/></StgValue>
</bind>
</comp>

<comp id="34" class="1001" name="const_34">
<pin_list>
<pin id="35" dir="1" index="0" bw="1" slack="0"/>
</pin_list>
<bind>
<StgValue><ssdm name="_ssdm_op_Read.ap_auto.i12"/></StgValue>
</bind>
</comp>

<comp id="36" class="1001" name="const_36">
<pin_list>
<pin id="37" dir="1" index="0" bw="1" slack="0"/>
</pin_list>
<bind>
<StgValue><ssdm name="_ssdm_op_Read.ap_auto.i11"/></StgValue>
</bind>
</comp>

<comp id="38" class="1001" name="const_38">
<pin_list>
<pin id="39" dir="1" index="0" bw="1" slack="0"/>
</pin_list>
<bind>
<StgValue><ssdm name=""/></StgValue>
</bind>
</comp>

<comp id="40" class="1001" name="const_40">
<pin_list>
<pin id="41" dir="1" index="0" bw="1" slack="2147483647"/>
</pin_list>
<bind>
<StgValue><ssdm name="_ssdm_op_SpecLoopTripCount"/></StgValue>
</bind>
</comp>

<comp id="42" class="1001" name="const_42">
<pin_list>
<pin id="43" dir="1" index="0" bw="1" slack="2147483647"/>
</pin_list>
<bind>
<StgValue><ssdm name=""/></StgValue>
</bind>
</comp>

<comp id="44" class="1001" name="const_44">
<pin_list>
<pin id="45" dir="1" index="0" bw="1" slack="2147483647"/>
</pin_list>
<bind>
<StgValue><ssdm name=""/></StgValue>
</bind>
</comp>

<comp id="46" class="1001" name="const_46">
<pin_list>
<pin id="47" dir="1" index="0" bw="1" slack="0"/>
</pin_list>
<bind>
<StgValue><ssdm name=""/></StgValue>
</bind>
</comp>

<comp id="48" class="1001" name="const_48">
<pin_list>
<pin id="49" dir="1" index="0" bw="1" slack="2147483647"/>
</pin_list>
<bind>
<StgValue><ssdm name="_ssdm_op_SpecPipeline"/></StgValue>
</bind>
</comp>

<comp id="50" class="1001" name="const_50">
<pin_list>
<pin id="51" dir="1" index="0" bw="1" slack="2147483647"/>
</pin_list>
<bind>
<StgValue><ssdm name=""/></StgValue>
</bind>
</comp>

<comp id="52" class="1001" name="const_52">
<pin_list>
<pin id="53" dir="1" index="0" bw="1" slack="2147483647"/>
</pin_list>
<bind>
<StgValue><ssdm name="_ssdm_op_SpecLoopName"/></StgValue>
</bind>
</comp>

<comp id="54" class="1001" name="const_54">
<pin_list>
<pin id="55" dir="1" index="0" bw="1" slack="2147483647"/>
</pin_list>
<bind>
<StgValue><ssdm name="empty_30"/></StgValue>
</bind>
</comp>

<comp id="56" class="1001" name="const_56">
<pin_list>
<pin id="57" dir="1" index="0" bw="1" slack="0"/>
</pin_list>
<bind>
<StgValue><ssdm name="_ssdm_op_Read.ap_fifo.volatile.i64P0A"/></StgValue>
</bind>
</comp>

<comp id="58" class="1001" name="const_58">
<pin_list>
<pin id="59" dir="1" index="0" bw="1" slack="0"/>
</pin_list>
<bind>
<StgValue><ssdm name="_ssdm_op_Write.ap_fifo.volatile.i24P0A"/></StgValue>
</bind>
</comp>

<comp id="60" class="1001" name="const_60">
<pin_list>
<pin id="61" dir="1" index="0" bw="1" slack="0"/>
</pin_list>
<bind>
<StgValue><ssdm name="_ssdm_op_PartSelect.i24.i64.i32.i32"/></StgValue>
</bind>
</comp>

<comp id="62" class="1001" name="const_62">
<pin_list>
<pin id="63" dir="1" index="0" bw="1" slack="0"/>
</pin_list>
<bind>
<StgValue><ssdm name=""/></StgValue>
</bind>
</comp>

<comp id="64" class="1001" name="const_64">
<pin_list>
<pin id="65" dir="1" index="0" bw="1" slack="0"/>
</pin_list>
<bind>
<StgValue><ssdm name=""/></StgValue>
</bind>
</comp>

<comp id="66" class="1004" name="x_7_fu_66">
<pin_list>
<pin id="67" dir="0" index="0" bw="1" slack="0"/>
<pin id="68" dir="1" index="1" bw="11" slack="0"/>
</pin_list>
<bind>
<opcode="alloca(26) " fcode="alloca"/>
<opset="x_7/1 "/>
</bind>
</comp>

<comp id="70" class="1004" name="rev_read_read_fu_70">
<pin_list>
<pin id="71" dir="0" index="0" bw="1" slack="0"/>
<pin id="72" dir="0" index="1" bw="1" slack="0"/>
<pin id="73" dir="1" index="2" bw="1" slack="0"/>
</pin_list>
<bind>
<opcode="read(1150) " fcode="read"/>
<opset="rev_read/1 "/>
</bind>
</comp>

<comp id="76" class="1004" name="sext_ln1443_read_read_fu_76">
<pin_list>
<pin id="77" dir="0" index="0" bw="12" slack="0"/>
<pin id="78" dir="0" index="1" bw="12" slack="0"/>
<pin id="79" dir="1" index="2" bw="12" slack="0"/>
</pin_list>
<bind>
<opcode="read(1150) " fcode="read"/>
<opset="sext_ln1443_read/1 "/>
</bind>
</comp>

<comp id="82" class="1004" name="loopWidth_7_read_read_fu_82">
<pin_list>
<pin id="83" dir="0" index="0" bw="11" slack="0"/>
<pin id="84" dir="0" index="1" bw="11" slack="0"/>
<pin id="85" dir="1" index="2" bw="11" slack="0"/>
</pin_list>
<bind>
<opcode="read(1150) " fcode="read"/>
<opset="loopWidth_7_read/1 "/>
</bind>
</comp>

<comp id="88" class="1004" name="rd_read_fu_88">
<pin_list>
<pin id="89" dir="0" index="0" bw="64" slack="0"/>
<pin id="90" dir="0" index="1" bw="64" slack="0"/>
<pin id="91" dir="1" index="2" bw="64" slack="0"/>
</pin_list>
<bind>
<opcode="read(1150) " fcode="read"/>
<opset="rd/2 "/>
</bind>
</comp>

<comp id="94" class="1004" name="grp_write_fu_94">
<pin_list>
<pin id="95" dir="0" index="0" bw="0" slack="0"/>
<pin id="96" dir="0" index="1" bw="24" slack="0"/>
<pin id="97" dir="0" index="2" bw="24" slack="0"/>
<pin id="98" dir="1" index="3" bw="0" slack="2147483647"/>
</pin_list>
<bind>
<opcode="write(1151) " fcode="write"/>
<opset="write_ln1468/2 write_ln1468/3 "/>
</bind>
</comp>

<comp id="101" class="1004" name="store_ln1450_store_fu_101">
<pin_list>
<pin id="102" dir="0" index="0" bw="1" slack="0"/>
<pin id="103" dir="0" index="1" bw="11" slack="0"/>
<pin id="104" dir="1" index="2" bw="0" slack="2147483647"/>
</pin_list>
<bind>
<opcode="store(28) " fcode="store"/>
<opset="store_ln1450/1 "/>
</bind>
</comp>

<comp id="106" class="1004" name="x_load_fu_106">
<pin_list>
<pin id="107" dir="0" index="0" bw="11" slack="0"/>
<pin id="108" dir="1" index="1" bw="11" slack="0"/>
</pin_list>
<bind>
<opcode="load(27) " fcode="load"/>
<opset="x/1 "/>
</bind>
</comp>

<comp id="109" class="1004" name="icmp_ln1450_fu_109">
<pin_list>
<pin id="110" dir="0" index="0" bw="11" slack="0"/>
<pin id="111" dir="0" index="1" bw="11" slack="0"/>
<pin id="112" dir="1" index="2" bw="1" slack="1"/>
</pin_list>
<bind>
<opcode="icmp(45) " fcode="icmp"/>
<opset="icmp_ln1450/1 "/>
</bind>
</comp>

<comp id="115" class="1004" name="x_10_fu_115">
<pin_list>
<pin id="116" dir="0" index="0" bw="11" slack="0"/>
<pin id="117" dir="0" index="1" bw="1" slack="0"/>
<pin id="118" dir="1" index="2" bw="11" slack="0"/>
</pin_list>
<bind>
<opcode="add(8) " fcode="add"/>
<opset="x_10/1 "/>
</bind>
</comp>

<comp id="121" class="1004" name="zext_ln1452_fu_121">
<pin_list>
<pin id="122" dir="0" index="0" bw="11" slack="0"/>
<pin id="123" dir="1" index="1" bw="12" slack="0"/>
</pin_list>
<bind>
<opcode="zext(34) " fcode="zext"/>
<opset="zext_ln1452/1 "/>
</bind>
</comp>

<comp id="125" class="1004" name="icmp_ln1467_fu_125">
<pin_list>
<pin id="126" dir="0" index="0" bw="12" slack="0"/>
<pin id="127" dir="0" index="1" bw="12" slack="0"/>
<pin id="128" dir="1" index="2" bw="1" slack="0"/>
</pin_list>
<bind>
<opcode="icmp(45) " fcode="icmp"/>
<opset="icmp_ln1467/1 "/>
</bind>
</comp>

<comp id="131" class="1004" name="or_ln1467_fu_131">
<pin_list>
<pin id="132" dir="0" index="0" bw="1" slack="0"/>
<pin id="133" dir="0" index="1" bw="1" slack="0"/>
<pin id="134" dir="1" index="2" bw="1" slack="1"/>
</pin_list>
<bind>
<opcode="or(24) " fcode="or"/>
<opset="or_ln1467/1 "/>
</bind>
</comp>

<comp id="137" class="1004" name="store_ln1450_store_fu_137">
<pin_list>
<pin id="138" dir="0" index="0" bw="11" slack="0"/>
<pin id="139" dir="0" index="1" bw="11" slack="0"/>
<pin id="140" dir="1" index="2" bw="0" slack="2147483647"/>
</pin_list>
<bind>
<opcode="store(28) " fcode="store"/>
<opset="store_ln1450/1 "/>
</bind>
</comp>

<comp id="142" class="1004" name="trunc_ln1468_fu_142">
<pin_list>
<pin id="143" dir="0" index="0" bw="64" slack="0"/>
<pin id="144" dir="1" index="1" bw="24" slack="0"/>
</pin_list>
<bind>
<opcode="trunc(33) " fcode="trunc"/>
<opset="trunc_ln1468/2 "/>
</bind>
</comp>

<comp id="147" class="1004" name="or_ln1468_7_fu_147">
<pin_list>
<pin id="148" dir="0" index="0" bw="24" slack="0"/>
<pin id="149" dir="0" index="1" bw="64" slack="0"/>
<pin id="150" dir="0" index="2" bw="7" slack="0"/>
<pin id="151" dir="0" index="3" bw="7" slack="0"/>
<pin id="152" dir="1" index="4" bw="24" slack="1"/>
</pin_list>
<bind>
<opcode="partselect(1002) " fcode="partselect"/>
<opset="or_ln1468_7/2 "/>
</bind>
</comp>

<comp id="157" class="1005" name="x_7_reg_157">
<pin_list>
<pin id="158" dir="0" index="0" bw="11" slack="0"/>
<pin id="159" dir="1" index="1" bw="11" slack="0"/>
</pin_list>
<bind>
<opset="x_7 "/>
</bind>
</comp>

<comp id="164" class="1005" name="icmp_ln1450_reg_164">
<pin_list>
<pin id="165" dir="0" index="0" bw="1" slack="1"/>
<pin id="166" dir="1" index="1" bw="1" slack="2147483647"/>
</pin_list>
<bind>
<opset="icmp_ln1450 "/>
</bind>
</comp>

<comp id="168" class="1005" name="or_ln1467_reg_168">
<pin_list>
<pin id="169" dir="0" index="0" bw="1" slack="1"/>
<pin id="170" dir="1" index="1" bw="1" slack="2147483647"/>
</pin_list>
<bind>
<opset="or_ln1467 "/>
</bind>
</comp>

<comp id="172" class="1005" name="or_ln1468_7_reg_172">
<pin_list>
<pin id="173" dir="0" index="0" bw="24" slack="1"/>
<pin id="174" dir="1" index="1" bw="24" slack="1"/>
</pin_list>
<bind>
<opset="or_ln1468_7 "/>
</bind>
</comp>

</comp_list>

<net_list>
<net id="69"><net_src comp="10" pin="0"/><net_sink comp="66" pin=0"/></net>

<net id="74"><net_src comp="32" pin="0"/><net_sink comp="70" pin=0"/></net>

<net id="75"><net_src comp="8" pin="0"/><net_sink comp="70" pin=1"/></net>

<net id="80"><net_src comp="34" pin="0"/><net_sink comp="76" pin=0"/></net>

<net id="81"><net_src comp="4" pin="0"/><net_sink comp="76" pin=1"/></net>

<net id="86"><net_src comp="36" pin="0"/><net_sink comp="82" pin=0"/></net>

<net id="87"><net_src comp="0" pin="0"/><net_sink comp="82" pin=1"/></net>

<net id="92"><net_src comp="56" pin="0"/><net_sink comp="88" pin=0"/></net>

<net id="93"><net_src comp="2" pin="0"/><net_sink comp="88" pin=1"/></net>

<net id="99"><net_src comp="58" pin="0"/><net_sink comp="94" pin=0"/></net>

<net id="100"><net_src comp="6" pin="0"/><net_sink comp="94" pin=1"/></net>

<net id="105"><net_src comp="38" pin="0"/><net_sink comp="101" pin=0"/></net>

<net id="113"><net_src comp="106" pin="1"/><net_sink comp="109" pin=0"/></net>

<net id="114"><net_src comp="82" pin="2"/><net_sink comp="109" pin=1"/></net>

<net id="119"><net_src comp="106" pin="1"/><net_sink comp="115" pin=0"/></net>

<net id="120"><net_src comp="46" pin="0"/><net_sink comp="115" pin=1"/></net>

<net id="124"><net_src comp="106" pin="1"/><net_sink comp="121" pin=0"/></net>

<net id="129"><net_src comp="121" pin="1"/><net_sink comp="125" pin=0"/></net>

<net id="130"><net_src comp="76" pin="2"/><net_sink comp="125" pin=1"/></net>

<net id="135"><net_src comp="125" pin="2"/><net_sink comp="131" pin=0"/></net>

<net id="136"><net_src comp="70" pin="2"/><net_sink comp="131" pin=1"/></net>

<net id="141"><net_src comp="115" pin="2"/><net_sink comp="137" pin=0"/></net>

<net id="145"><net_src comp="88" pin="2"/><net_sink comp="142" pin=0"/></net>

<net id="146"><net_src comp="142" pin="1"/><net_sink comp="94" pin=2"/></net>

<net id="153"><net_src comp="60" pin="0"/><net_sink comp="147" pin=0"/></net>

<net id="154"><net_src comp="88" pin="2"/><net_sink comp="147" pin=1"/></net>

<net id="155"><net_src comp="62" pin="0"/><net_sink comp="147" pin=2"/></net>

<net id="156"><net_src comp="64" pin="0"/><net_sink comp="147" pin=3"/></net>

<net id="160"><net_src comp="66" pin="1"/><net_sink comp="157" pin=0"/></net>

<net id="161"><net_src comp="157" pin="1"/><net_sink comp="101" pin=1"/></net>

<net id="162"><net_src comp="157" pin="1"/><net_sink comp="106" pin=0"/></net>

<net id="163"><net_src comp="157" pin="1"/><net_sink comp="137" pin=1"/></net>

<net id="167"><net_src comp="109" pin="2"/><net_sink comp="164" pin=0"/></net>

<net id="171"><net_src comp="131" pin="2"/><net_sink comp="168" pin=0"/></net>

<net id="175"><net_src comp="147" pin="4"/><net_sink comp="172" pin=0"/></net>

<net id="176"><net_src comp="172" pin="1"/><net_sink comp="94" pin=2"/></net>

</net_list>

</model> 
---------------- Datapath Model END ------------------

* FSMD analyzer results:
  - Output states:
	Port: bytePlanes_plane0 | {}
	Port: img | {2 3 }
 - Input state : 
	Port: Bytes2MultiPixStream_Pipeline_VITIS_LOOP_1450_23 : loopWidth_7 | {1 }
	Port: Bytes2MultiPixStream_Pipeline_VITIS_LOOP_1450_23 : bytePlanes_plane0 | {2 }
	Port: Bytes2MultiPixStream_Pipeline_VITIS_LOOP_1450_23 : sext_ln1443 | {1 }
	Port: Bytes2MultiPixStream_Pipeline_VITIS_LOOP_1450_23 : img | {}
	Port: Bytes2MultiPixStream_Pipeline_VITIS_LOOP_1450_23 : rev | {1 }
  - Chain level:
	State 1
		store_ln1450 : 1
		x : 1
		icmp_ln1450 : 2
		x_10 : 2
		br_ln1450 : 3
		zext_ln1452 : 2
		icmp_ln1467 : 3
		or_ln1467 : 4
		br_ln1467 : 4
		store_ln1450 : 3
	State 2
		write_ln1468 : 1
	State 3


============================================================
+ Verbose Summary: Datapath Resource usage 
============================================================

* Functional unit list:
|----------|-----------------------------|---------|---------|
| Operation|       Functional Unit       |    FF   |   LUT   |
|----------|-----------------------------|---------|---------|
|   icmp   |      icmp_ln1450_fu_109     |    0    |    11   |
|          |      icmp_ln1467_fu_125     |    0    |    12   |
|----------|-----------------------------|---------|---------|
|    add   |         x_10_fu_115         |    0    |    11   |
|----------|-----------------------------|---------|---------|
|    or    |       or_ln1467_fu_131      |    0    |    1    |
|----------|-----------------------------|---------|---------|
|          |     rev_read_read_fu_70     |    0    |    0    |
|   read   | sext_ln1443_read_read_fu_76 |    0    |    0    |
|          | loopWidth_7_read_read_fu_82 |    0    |    0    |
|          |        rd_read_fu_88        |    0    |    0    |
|----------|-----------------------------|---------|---------|
|   write  |       grp_write_fu_94       |    0    |    0    |
|----------|-----------------------------|---------|---------|
|   zext   |      zext_ln1452_fu_121     |    0    |    0    |
|----------|-----------------------------|---------|---------|
|   trunc  |     trunc_ln1468_fu_142     |    0    |    0    |
|----------|-----------------------------|---------|---------|
|partselect|      or_ln1468_7_fu_147     |    0    |    0    |
|----------|-----------------------------|---------|---------|
|   Total  |                             |    0    |    35   |
|----------|-----------------------------|---------|---------|

Memories:
N/A

* Register list:
+-------------------+--------+
|                   |   FF   |
+-------------------+--------+
|icmp_ln1450_reg_164|    1   |
| or_ln1467_reg_168 |    1   |
|or_ln1468_7_reg_172|   24   |
|    x_7_reg_157    |   11   |
+-------------------+--------+
|       Total       |   37   |
+-------------------+--------+

* Multiplexer (MUX) list: 
|-----------------|------|------|------|--------||---------||---------||---------|
|       Comp      |  Pin | Size |  BW  | S x BW ||  Delay  ||    FF   ||   LUT   |
|-----------------|------|------|------|--------||---------||---------||---------|
| grp_write_fu_94 |  p2  |   2  |  24  |   48   ||    0    ||    9    |
|-----------------|------|------|------|--------||---------||---------||---------|
|      Total      |      |      |      |   48   ||  1.298  ||    0    ||    9    |
|-----------------|------|------|------|--------||---------||---------||---------|



* Summary:
+-----------+--------+--------+--------+
|           |  Delay |   FF   |   LUT  |
+-----------+--------+--------+--------+
|  Function |    -   |    0   |   35   |
|   Memory  |    -   |    -   |    -   |
|Multiplexer|    1   |    0   |    9   |
|  Register |    -   |   37   |    -   |
+-----------+--------+--------+--------+
|   Total   |    1   |   37   |   44   |
+-----------+--------+--------+--------+
