

================================================================
== Vitis HLS Report for 'Bytes2MultiPixStream_Pipeline_VITIS_LOOP_1197_14'
================================================================
* Date:           Mon Mar 16 15:10:45 2026

* Version:        2025.2 (Build 6295257 on Nov 14 2025)
* Project:        prj
* Solution:       sol (Vivado IP Flow Target)
* Product family: zynq
* Target device:  xc7z020-clg400-2


================================================================
== Performance Estimates
================================================================
+ Timing: 
    * Summary: 
    +--------+---------+----------+------------+
    |  Clock |  Target | Estimated| Uncertainty|
    +--------+---------+----------+------------+
    |ap_clk  |  6.52 ns|  4.761 ns|     1.76 ns|
    +--------+---------+----------+------------+

+ Latency: 
    * Summary: 
    +---------+---------+-----------+-----------+-----+-----+-------------------+
    |  Latency (cycles) |   Latency (absolute)  |  Interval |      Pipeline     |
    |   min   |   max   |    min    |    max    | min | max |        Type       |
    +---------+---------+-----------+-----------+-----+-----+-------------------+
    |        2|     5762|  13.044 ns|  37.580 us|    0|    0|  loop pipeline stp|
    +---------+---------+-----------+-----------+-----+-----+-------------------+

    + Detail: 
        * Instance: 
        N/A

        * Loop: 
        +----------------------+---------+---------+----------+-----------+-----------+----------+----------+
        |                      |  Latency (cycles) | Iteration|  Initiation Interval  |   Trip   |          |
        |       Loop Name      |   min   |   max   |  Latency |  achieved |   target  |   Count  | Pipelined|
        +----------------------+---------+---------+----------+-----------+-----------+----------+----------+
        |- VITIS_LOOP_1197_14  |        0|     5760|         5|          4|          4|  0 ~ 1440|       yes|
        +----------------------+---------+---------+----------+-----------+-----------+----------+----------+

============================================================
+ Verbose Summary: Synthesis Manager
============================================================
InlineROM: 1
ExposeGlobal: 0
============================================================
+ Verbose Summary: CDFG Model
============================================================
IsTopModel: 0
ResetActiveHigh: 1
IsCombinational: 0
IsDatapathOnly: 0
HasWiredReturn: 1
HasMFsm: 2
HasVarLatency: 1
IsPipeline: 0
IsRtlPipelined: 0
IsInstanceOverlapped: 0
IsDontTouch: 0
HasImplIP: 0
IsGatedGlobalClock: 0

+ Individual pipeline summary: 
  * Pipeline-0: initiation interval (II) = 4, depth = 5


============================================================
+ Verbose Summary: Schedule
============================================================
* Number of FSM states : 5
* Pipeline : 1
  Pipeline-0 : II = 4, D = 5, States = { 1 2 3 4 5 }
* Dataflow Pipeline: 0

* FSM state transitions: 
1 --> 2 
2 --> 3 
3 --> 4 
4 --> 5 
5 --> 

* FSM state operations: 

State 1 <SV = 0> <Delay = 4.07>
ST_1 : Operation 8 [1/1] (0.00ns)   --->   "%x_4 = alloca i32 1" [prj/sol/.autopilot/db/v_frmbuf_rd.cpp:1197]   --->   Operation 8 'alloca' 'x_4' <Predicate = true> <Delay = 0.00>
ST_1 : Operation 9 [1/1] (0.00ns)   --->   "%specmemcore_ln0 = specmemcore void @_ssdm_op_SpecMemCore, i64 %bytePlanes_plane0, i64 666, i64 8, i64 18446744073709551615, i1 0"   --->   Operation 9 'specmemcore' 'specmemcore_ln0' <Predicate = true> <Delay = 0.00>
ST_1 : Operation 10 [1/1] (0.00ns)   --->   "%specinterface_ln0 = specinterface void @_ssdm_op_SpecInterface, i24 %img, void @empty_17, i32 0, i32 0, void @empty_11, i32 0, i32 0, void @empty_11, void @empty_11, void @empty_11, i32 0, i32 0, i32 0, i32 0, void @empty_11, void @empty_11, i32 4294967295, i32 0, i32 0, i32 0"   --->   Operation 10 'specinterface' 'specinterface_ln0' <Predicate = true> <Delay = 0.00>
ST_1 : Operation 11 [1/1] (0.00ns)   --->   "%specinterface_ln0 = specinterface void @_ssdm_op_SpecInterface, i64 %bytePlanes_plane0, void @empty_17, i32 0, i32 0, void @empty_11, i32 0, i32 0, void @empty_11, void @empty_11, void @empty_11, i32 0, i32 0, i32 0, i32 0, void @empty_11, void @empty_11, i32 4294967295, i32 0, i32 0, i32 0"   --->   Operation 11 'specinterface' 'specinterface_ln0' <Predicate = true> <Delay = 0.00>
ST_1 : Operation 12 [1/1] (0.00ns)   --->   "%icmp29_read = read i1 @_ssdm_op_Read.ap_auto.i1, i1 %icmp29" [prj/sol/.autopilot/db/v_frmbuf_rd.cpp:686]   --->   Operation 12 'read' 'icmp29_read' <Predicate = true> <Delay = 0.00>
ST_1 : Operation 13 [1/1] (0.00ns)   --->   "%sext_ln1213_read = read i12 @_ssdm_op_Read.ap_auto.i12, i12 %sext_ln1213" [prj/sol/.autopilot/db/v_frmbuf_rd.cpp:686]   --->   Operation 13 'read' 'sext_ln1213_read' <Predicate = true> <Delay = 0.00>
ST_1 : Operation 14 [1/1] (0.00ns)   --->   "%icmp_ln1213_1_read = read i1 @_ssdm_op_Read.ap_auto.i1, i1 %icmp_ln1213_1" [prj/sol/.autopilot/db/v_frmbuf_rd.cpp:686]   --->   Operation 14 'read' 'icmp_ln1213_1_read' <Predicate = true> <Delay = 0.00>
ST_1 : Operation 15 [1/1] (0.00ns)   --->   "%icmp_ln1187_read = read i1 @_ssdm_op_Read.ap_auto.i1, i1 %icmp_ln1187" [prj/sol/.autopilot/db/v_frmbuf_rd.cpp:686]   --->   Operation 15 'read' 'icmp_ln1187_read' <Predicate = true> <Delay = 0.00>
ST_1 : Operation 16 [1/1] (0.00ns)   --->   "%loopWidth_4_read = read i11 @_ssdm_op_Read.ap_auto.i11, i11 %loopWidth_4" [prj/sol/.autopilot/db/v_frmbuf_rd.cpp:686]   --->   Operation 16 'read' 'loopWidth_4_read' <Predicate = true> <Delay = 0.00>
ST_1 : Operation 17 [1/1] (1.29ns)   --->   "%store_ln1197 = store i11 0, i11 %x_4" [prj/sol/.autopilot/db/v_frmbuf_rd.cpp:1197]   --->   Operation 17 'store' 'store_ln1197' <Predicate = true> <Delay = 1.29>
ST_1 : Operation 18 [1/1] (0.00ns)   --->   "%br_ln1197 = br void %VITIS_LOOP_1204_15" [prj/sol/.autopilot/db/v_frmbuf_rd.cpp:1197]   --->   Operation 18 'br' 'br_ln1197' <Predicate = true> <Delay = 0.00>
ST_1 : Operation 19 [1/1] (0.00ns)   --->   "%x = load i11 %x_4" [prj/sol/.autopilot/db/v_frmbuf_rd.cpp:1197]   --->   Operation 19 'load' 'x' <Predicate = true> <Delay = 0.00>
ST_1 : Operation 20 [1/1] (1.48ns)   --->   "%icmp_ln1197 = icmp_eq  i11 %x, i11 %loopWidth_4_read" [prj/sol/.autopilot/db/v_frmbuf_rd.cpp:1197]   --->   Operation 20 'icmp' 'icmp_ln1197' <Predicate = true> <Delay = 1.48> <CoreInst = "Cmp">   --->   Core 9 'Cmp' <Latency = 0> <II = 1> <Delay = 1.48> <FuncUnit> <Opcode : 'seteq' 'setne' 'setle' 'setge' 'setlt' 'setgt'> <InPorts = 2> <OutPorts = 1>
ST_1 : Operation 21 [1/1] (0.00ns)   --->   "%speclooptripcount_ln0 = speclooptripcount void @_ssdm_op_SpecLoopTripCount, i64 0, i64 1440, i64 0"   --->   Operation 21 'speclooptripcount' 'speclooptripcount_ln0' <Predicate = true> <Delay = 0.00>
ST_1 : Operation 22 [1/1] (1.48ns)   --->   "%x_13 = add i11 %x, i11 1" [prj/sol/.autopilot/db/v_frmbuf_rd.cpp:1197]   --->   Operation 22 'add' 'x_13' <Predicate = true> <Delay = 1.48> <CoreInst = "Adder">   --->   Core 1 'Adder' <Latency = 0> <II = 1> <Delay = 1.48> <FuncUnit> <Opcode : 'add' 'sub'> <InPorts = 2> <OutPorts = 1>
ST_1 : Operation 23 [1/1] (0.00ns)   --->   "%br_ln1197 = br i1 %icmp_ln1197, void %VITIS_LOOP_1204_15.split, void %for.inc527.exitStub" [prj/sol/.autopilot/db/v_frmbuf_rd.cpp:1197]   --->   Operation 23 'br' 'br_ln1197' <Predicate = true> <Delay = 0.00>
ST_1 : Operation 24 [1/1] (0.00ns)   --->   "%zext_ln1199 = zext i11 %x" [prj/sol/.autopilot/db/v_frmbuf_rd.cpp:1199]   --->   Operation 24 'zext' 'zext_ln1199' <Predicate = (!icmp_ln1197)> <Delay = 0.00>
ST_1 : Operation 25 [1/1] (1.54ns)   --->   "%icmp_ln1213 = icmp_slt  i12 %zext_ln1199, i12 %sext_ln1213_read" [prj/sol/.autopilot/db/v_frmbuf_rd.cpp:1213]   --->   Operation 25 'icmp' 'icmp_ln1213' <Predicate = (!icmp_ln1197)> <Delay = 1.54> <CoreInst = "Cmp">   --->   Core 9 'Cmp' <Latency = 0> <II = 1> <Delay = 1.54> <FuncUnit> <Opcode : 'seteq' 'setne' 'setle' 'setge' 'setlt' 'setgt'> <InPorts = 2> <OutPorts = 1>
ST_1 : Operation 26 [1/1] (0.80ns)   --->   "%or_ln1213 = or i1 %icmp_ln1213, i1 %icmp29_read" [prj/sol/.autopilot/db/v_frmbuf_rd.cpp:1213]   --->   Operation 26 'or' 'or_ln1213' <Predicate = (!icmp_ln1197)> <Delay = 0.80> <CoreInst = "LogicGate">   --->   Core 74 'LogicGate' <Latency = 0> <II = 1> <Delay = 0.80> <FuncUnit> <Opcode : 'and' 'or' 'xor'> <InPorts = 2> <OutPorts = 1>
ST_1 : Operation 27 [1/1] (0.00ns)   --->   "%br_ln1213 = br i1 %or_ln1213, void %for.inc511.2, void %if.then519.1" [prj/sol/.autopilot/db/v_frmbuf_rd.cpp:1213]   --->   Operation 27 'br' 'br_ln1213' <Predicate = (!icmp_ln1197)> <Delay = 0.00>
ST_1 : Operation 28 [1/1] (0.80ns)   --->   "%or_ln1213_1 = or i1 %icmp_ln1213, i1 %icmp_ln1213_1_read" [prj/sol/.autopilot/db/v_frmbuf_rd.cpp:1213]   --->   Operation 28 'or' 'or_ln1213_1' <Predicate = (!icmp_ln1197)> <Delay = 0.80> <CoreInst = "LogicGate">   --->   Core 74 'LogicGate' <Latency = 0> <II = 1> <Delay = 0.80> <FuncUnit> <Opcode : 'and' 'or' 'xor'> <InPorts = 2> <OutPorts = 1>
ST_1 : Operation 29 [1/1] (0.00ns)   --->   "%br_ln1213 = br i1 %or_ln1213_1, void %for.inc511.3, void %if.then519.2" [prj/sol/.autopilot/db/v_frmbuf_rd.cpp:1213]   --->   Operation 29 'br' 'br_ln1213' <Predicate = (!icmp_ln1197)> <Delay = 0.00>
ST_1 : Operation 30 [1/1] (0.80ns)   --->   "%or_ln1213_2 = or i1 %icmp_ln1213, i1 %icmp_ln1187_read" [prj/sol/.autopilot/db/v_frmbuf_rd.cpp:1213]   --->   Operation 30 'or' 'or_ln1213_2' <Predicate = (!icmp_ln1197)> <Delay = 0.80> <CoreInst = "LogicGate">   --->   Core 74 'LogicGate' <Latency = 0> <II = 1> <Delay = 0.80> <FuncUnit> <Opcode : 'and' 'or' 'xor'> <InPorts = 2> <OutPorts = 1>
ST_1 : Operation 31 [1/1] (0.00ns)   --->   "%br_ln1213 = br i1 %or_ln1213_2, void %for.inc521.3, void %if.then519.3" [prj/sol/.autopilot/db/v_frmbuf_rd.cpp:1213]   --->   Operation 31 'br' 'br_ln1213' <Predicate = (!icmp_ln1197)> <Delay = 0.00>
ST_1 : Operation 32 [1/1] (1.29ns)   --->   "%store_ln1197 = store i11 %x_13, i11 %x_4" [prj/sol/.autopilot/db/v_frmbuf_rd.cpp:1197]   --->   Operation 32 'store' 'store_ln1197' <Predicate = (!icmp_ln1197)> <Delay = 1.29>
ST_1 : Operation 33 [1/1] (0.00ns)   --->   "%br_ln1197 = br void %VITIS_LOOP_1204_15" [prj/sol/.autopilot/db/v_frmbuf_rd.cpp:1197]   --->   Operation 33 'br' 'br_ln1197' <Predicate = (!icmp_ln1197)> <Delay = 0.00>
ST_1 : Operation 60 [1/1] (1.29ns)   --->   "%ret_ln0 = ret"   --->   Operation 60 'ret' 'ret_ln0' <Predicate = (icmp_ln1197)> <Delay = 1.29>

State 2 <SV = 1> <Delay = 4.76>
ST_2 : Operation 34 [1/1] (0.00ns)   --->   "%specpipeline_ln1199 = specpipeline void @_ssdm_op_SpecPipeline, i32 4, i32 0, i32 0, i32 0, i32 4294967295, void @empty_11" [prj/sol/.autopilot/db/v_frmbuf_rd.cpp:1199]   --->   Operation 34 'specpipeline' 'specpipeline_ln1199' <Predicate = (!icmp_ln1197)> <Delay = 0.00>
ST_2 : Operation 35 [1/1] (0.00ns)   --->   "%specloopname_ln1197 = specloopname void @_ssdm_op_SpecLoopName, void @empty_24" [prj/sol/.autopilot/db/v_frmbuf_rd.cpp:1197]   --->   Operation 35 'specloopname' 'specloopname_ln1197' <Predicate = (!icmp_ln1197)> <Delay = 0.00>
ST_2 : Operation 36 [1/1] ( I:2.38ns O:2.38ns )   --->   "%rd = read i64 @_ssdm_op_Read.ap_fifo.volatile.i64P0A, i64 %bytePlanes_plane0" [prj/sol/.autopilot/db/v_frmbuf_rd.cpp:1202]   --->   Operation 36 'read' 'rd' <Predicate = (!icmp_ln1197)> <Delay = 2.38> <CoreInst = "FIFO_BRAM">   --->   Core 78 'FIFO_BRAM' <Latency = 0> <II = 1> <Delay = 3.41> <Storage> <Opcode : 'read' 'write' 'nbread' 'nbwrite'> <Ports = 0> <Width = 64> <Depth = 481> <FIFO>
ST_2 : Operation 37 [1/1] (0.00ns)   --->   "%tmp_3 = partselect i8 @_ssdm_op_PartSelect.i8.i64.i32, i64 %rd, i32 8" [prj/sol/.autopilot/db/v_frmbuf_rd.cpp:1211]   --->   Operation 37 'partselect' 'tmp_3' <Predicate = (!icmp_ln1197)> <Delay = 0.00>
ST_2 : Operation 38 [1/1] (0.00ns)   --->   "%trunc_ln1214 = trunc i64 %rd" [prj/sol/.autopilot/db/v_frmbuf_rd.cpp:1214]   --->   Operation 38 'trunc' 'trunc_ln1214' <Predicate = (!icmp_ln1197)> <Delay = 0.00>
ST_2 : Operation 39 [1/1] (0.00ns)   --->   "%tmp_6 = bitconcatenate i16 @_ssdm_op_BitConcatenate.i16.i8.i8, i8 %trunc_ln1214, i8 %tmp_3" [prj/sol/.autopilot/db/v_frmbuf_rd.cpp:1214]   --->   Operation 39 'bitconcatenate' 'tmp_6' <Predicate = (!icmp_ln1197)> <Delay = 0.00>
ST_2 : Operation 40 [1/1] (0.00ns)   --->   "%zext_ln1214 = zext i16 %tmp_6" [prj/sol/.autopilot/db/v_frmbuf_rd.cpp:1214]   --->   Operation 40 'zext' 'zext_ln1214' <Predicate = (!icmp_ln1197)> <Delay = 0.00>
ST_2 : Operation 41 [1/1] ( I:2.38ns O:2.38ns )   --->   "%write_ln1214 = write void @_ssdm_op_Write.ap_fifo.volatile.i24P0A, i24 %img, i24 %zext_ln1214" [prj/sol/.autopilot/db/v_frmbuf_rd.cpp:1214]   --->   Operation 41 'write' 'write_ln1214' <Predicate = (!icmp_ln1197)> <Delay = 2.38> <CoreInst = "FIFO_SRL">   --->   Core 80 'FIFO_SRL' <Latency = 0> <II = 1> <Delay = 3.40> <Storage> <Opcode : 'read' 'write' 'nbread' 'nbwrite'> <Ports = 0> <Width = 24> <Depth = 2> <FIFO>
ST_2 : Operation 42 [1/1] (0.00ns)   --->   "%tmp_7 = partselect i8 @_ssdm_op_PartSelect.i8.i64.i32, i64 %rd, i32 24" [prj/sol/.autopilot/db/v_frmbuf_rd.cpp:1211]   --->   Operation 42 'partselect' 'tmp_7' <Predicate = (!icmp_ln1197)> <Delay = 0.00>
ST_2 : Operation 43 [1/1] (0.00ns)   --->   "%tmp_19 = partselect i8 @_ssdm_op_PartSelect.i8.i64.i32.i32, i64 %rd, i32 16, i32 23" [prj/sol/.autopilot/db/v_frmbuf_rd.cpp:1214]   --->   Operation 43 'partselect' 'tmp_19' <Predicate = (!icmp_ln1197 & or_ln1213)> <Delay = 0.00>
ST_2 : Operation 44 [1/1] (0.00ns)   --->   "%tmp_21 = partselect i8 @_ssdm_op_PartSelect.i8.i64.i32, i64 %rd, i32 40" [prj/sol/.autopilot/db/v_frmbuf_rd.cpp:1211]   --->   Operation 44 'partselect' 'tmp_21' <Predicate = (!icmp_ln1197)> <Delay = 0.00>
ST_2 : Operation 45 [1/1] (0.00ns)   --->   "%tmp_39 = partselect i8 @_ssdm_op_PartSelect.i8.i64.i32.i32, i64 %rd, i32 32, i32 39" [prj/sol/.autopilot/db/v_frmbuf_rd.cpp:1214]   --->   Operation 45 'partselect' 'tmp_39' <Predicate = (!icmp_ln1197 & or_ln1213_1)> <Delay = 0.00>
ST_2 : Operation 46 [1/1] (0.00ns)   --->   "%tmp_41 = partselect i8 @_ssdm_op_PartSelect.i8.i64.i32, i64 %rd, i32 56" [prj/sol/.autopilot/db/v_frmbuf_rd.cpp:1211]   --->   Operation 46 'partselect' 'tmp_41' <Predicate = (!icmp_ln1197)> <Delay = 0.00>
ST_2 : Operation 47 [1/1] (0.00ns)   --->   "%tmp_58 = partselect i8 @_ssdm_op_PartSelect.i8.i64.i32.i32, i64 %rd, i32 48, i32 55" [prj/sol/.autopilot/db/v_frmbuf_rd.cpp:1214]   --->   Operation 47 'partselect' 'tmp_58' <Predicate = (!icmp_ln1197 & or_ln1213_2)> <Delay = 0.00>

State 3 <SV = 2> <Delay = 2.38>
ST_3 : Operation 48 [1/1] (0.00ns)   --->   "%tmp_20 = bitconcatenate i16 @_ssdm_op_BitConcatenate.i16.i8.i8, i8 %tmp_19, i8 %tmp_7" [prj/sol/.autopilot/db/v_frmbuf_rd.cpp:1214]   --->   Operation 48 'bitconcatenate' 'tmp_20' <Predicate = (!icmp_ln1197 & or_ln1213)> <Delay = 0.00>
ST_3 : Operation 49 [1/1] (0.00ns)   --->   "%zext_ln1214_1 = zext i16 %tmp_20" [prj/sol/.autopilot/db/v_frmbuf_rd.cpp:1214]   --->   Operation 49 'zext' 'zext_ln1214_1' <Predicate = (!icmp_ln1197 & or_ln1213)> <Delay = 0.00>
ST_3 : Operation 50 [1/1] ( I:2.38ns O:2.38ns )   --->   "%write_ln1214 = write void @_ssdm_op_Write.ap_fifo.volatile.i24P0A, i24 %img, i24 %zext_ln1214_1" [prj/sol/.autopilot/db/v_frmbuf_rd.cpp:1214]   --->   Operation 50 'write' 'write_ln1214' <Predicate = (!icmp_ln1197 & or_ln1213)> <Delay = 2.38> <CoreInst = "FIFO_SRL">   --->   Core 80 'FIFO_SRL' <Latency = 0> <II = 1> <Delay = 3.40> <Storage> <Opcode : 'read' 'write' 'nbread' 'nbwrite'> <Ports = 0> <Width = 24> <Depth = 2> <FIFO>
ST_3 : Operation 51 [1/1] (0.00ns)   --->   "%br_ln1214 = br void %for.inc511.2" [prj/sol/.autopilot/db/v_frmbuf_rd.cpp:1214]   --->   Operation 51 'br' 'br_ln1214' <Predicate = (!icmp_ln1197 & or_ln1213)> <Delay = 0.00>

State 4 <SV = 3> <Delay = 2.38>
ST_4 : Operation 52 [1/1] (0.00ns)   --->   "%tmp_40 = bitconcatenate i16 @_ssdm_op_BitConcatenate.i16.i8.i8, i8 %tmp_39, i8 %tmp_21" [prj/sol/.autopilot/db/v_frmbuf_rd.cpp:1214]   --->   Operation 52 'bitconcatenate' 'tmp_40' <Predicate = (!icmp_ln1197 & or_ln1213_1)> <Delay = 0.00>
ST_4 : Operation 53 [1/1] (0.00ns)   --->   "%zext_ln1214_2 = zext i16 %tmp_40" [prj/sol/.autopilot/db/v_frmbuf_rd.cpp:1214]   --->   Operation 53 'zext' 'zext_ln1214_2' <Predicate = (!icmp_ln1197 & or_ln1213_1)> <Delay = 0.00>
ST_4 : Operation 54 [1/1] ( I:2.38ns O:2.38ns )   --->   "%write_ln1214 = write void @_ssdm_op_Write.ap_fifo.volatile.i24P0A, i24 %img, i24 %zext_ln1214_2" [prj/sol/.autopilot/db/v_frmbuf_rd.cpp:1214]   --->   Operation 54 'write' 'write_ln1214' <Predicate = (!icmp_ln1197 & or_ln1213_1)> <Delay = 2.38> <CoreInst = "FIFO_SRL">   --->   Core 80 'FIFO_SRL' <Latency = 0> <II = 1> <Delay = 3.40> <Storage> <Opcode : 'read' 'write' 'nbread' 'nbwrite'> <Ports = 0> <Width = 24> <Depth = 2> <FIFO>
ST_4 : Operation 55 [1/1] (0.00ns)   --->   "%br_ln1214 = br void %for.inc511.3" [prj/sol/.autopilot/db/v_frmbuf_rd.cpp:1214]   --->   Operation 55 'br' 'br_ln1214' <Predicate = (!icmp_ln1197 & or_ln1213_1)> <Delay = 0.00>

State 5 <SV = 4> <Delay = 2.38>
ST_5 : Operation 56 [1/1] (0.00ns)   --->   "%tmp_59 = bitconcatenate i16 @_ssdm_op_BitConcatenate.i16.i8.i8, i8 %tmp_58, i8 %tmp_41" [prj/sol/.autopilot/db/v_frmbuf_rd.cpp:1214]   --->   Operation 56 'bitconcatenate' 'tmp_59' <Predicate = (or_ln1213_2)> <Delay = 0.00>
ST_5 : Operation 57 [1/1] (0.00ns)   --->   "%zext_ln1214_3 = zext i16 %tmp_59" [prj/sol/.autopilot/db/v_frmbuf_rd.cpp:1214]   --->   Operation 57 'zext' 'zext_ln1214_3' <Predicate = (or_ln1213_2)> <Delay = 0.00>
ST_5 : Operation 58 [1/1] ( I:2.38ns O:2.38ns )   --->   "%write_ln1214 = write void @_ssdm_op_Write.ap_fifo.volatile.i24P0A, i24 %img, i24 %zext_ln1214_3" [prj/sol/.autopilot/db/v_frmbuf_rd.cpp:1214]   --->   Operation 58 'write' 'write_ln1214' <Predicate = (or_ln1213_2)> <Delay = 2.38> <CoreInst = "FIFO_SRL">   --->   Core 80 'FIFO_SRL' <Latency = 0> <II = 1> <Delay = 3.40> <Storage> <Opcode : 'read' 'write' 'nbread' 'nbwrite'> <Ports = 0> <Width = 24> <Depth = 2> <FIFO>
ST_5 : Operation 59 [1/1] (0.00ns)   --->   "%br_ln1214 = br void %for.inc521.3" [prj/sol/.autopilot/db/v_frmbuf_rd.cpp:1214]   --->   Operation 59 'br' 'br_ln1214' <Predicate = (or_ln1213_2)> <Delay = 0.00>


============================================================
+ Verbose Summary: Timing violations
============================================================
Target clock period: 6.522ns, clock uncertainty: 1.761ns.

 <State 1>: 4.078ns
The critical path consists of the following:
	'store' operation ('store_ln1197', prj/sol/.autopilot/db/v_frmbuf_rd.cpp:1197) of constant 0 11 bit on local variable 'x', prj/sol/.autopilot/db/v_frmbuf_rd.cpp:1197 [17]  (1.298 ns)
	'load' operation 11 bit ('x', prj/sol/.autopilot/db/v_frmbuf_rd.cpp:1197) on local variable 'x', prj/sol/.autopilot/db/v_frmbuf_rd.cpp:1197 [20]  (0.000 ns)
	'icmp' operation 1 bit ('icmp_ln1197', prj/sol/.autopilot/db/v_frmbuf_rd.cpp:1197) [21]  (1.482 ns)
	'store' operation ('store_ln1197', prj/sol/.autopilot/db/v_frmbuf_rd.cpp:1197) of variable 'x', prj/sol/.autopilot/db/v_frmbuf_rd.cpp:1197 11 bit on local variable 'x', prj/sol/.autopilot/db/v_frmbuf_rd.cpp:1197 [66]  (1.298 ns)

 <State 2>: 4.761ns
The critical path consists of the following:
	fifo read operation ('rd', prj/sol/.autopilot/db/v_frmbuf_rd.cpp:1202) on port 'bytePlanes_plane0' (prj/sol/.autopilot/db/v_frmbuf_rd.cpp:1202) [29]  (2.381 ns)
	fifo write operation ('write_ln1214', prj/sol/.autopilot/db/v_frmbuf_rd.cpp:1214) on port 'img' (prj/sol/.autopilot/db/v_frmbuf_rd.cpp:1214) [35]  (2.381 ns)

 <State 3>: 2.381ns
The critical path consists of the following:
	fifo write operation ('write_ln1214', prj/sol/.autopilot/db/v_frmbuf_rd.cpp:1214) on port 'img' (prj/sol/.autopilot/db/v_frmbuf_rd.cpp:1214) [43]  (2.381 ns)

 <State 4>: 2.381ns
The critical path consists of the following:
	fifo write operation ('write_ln1214', prj/sol/.autopilot/db/v_frmbuf_rd.cpp:1214) on port 'img' (prj/sol/.autopilot/db/v_frmbuf_rd.cpp:1214) [53]  (2.381 ns)

 <State 5>: 2.381ns
The critical path consists of the following:
	fifo write operation ('write_ln1214', prj/sol/.autopilot/db/v_frmbuf_rd.cpp:1214) on port 'img' (prj/sol/.autopilot/db/v_frmbuf_rd.cpp:1214) [63]  (2.381 ns)


============================================================
+ Verbose Summary: Binding
============================================================
N/A
* FSMD analyzer results:
  - Output states:
 - Input state : 
  - Chain level:
	State 1
	State 2
	State 3
	State 4
	State 5


============================================================
+ Verbose Summary: Datapath Resource usage 
============================================================
N/A
