

================================================================
== Vitis HLS Report for 'Bytes2MultiPixStream_Pipeline_VITIS_LOOP_1532_26'
================================================================
* Date:           Mon Mar 16 15:10:45 2026

* Version:        2025.2 (Build 6295257 on Nov 14 2025)
* Project:        prj
* Solution:       sol (Vivado IP Flow Target)
* Product family: zynq
* Target device:  xc7z020-clg400-2


================================================================
== Performance Estimates
================================================================
+ Timing: 
    * Summary: 
    +--------+---------+----------+------------+
    |  Clock |  Target | Estimated| Uncertainty|
    +--------+---------+----------+------------+
    |ap_clk  |  6.52 ns|  4.761 ns|     1.76 ns|
    +--------+---------+----------+------------+

+ Latency: 
    * Summary: 
    +---------+---------+-----------+-----------+-----+-----+-------------------+
    |  Latency (cycles) |   Latency (absolute)  |  Interval |      Pipeline     |
    |   min   |   max   |    min    |    max    | min | max |        Type       |
    +---------+---------+-----------+-----------+-----+-----+-------------------+
    |        2|    11522|  13.044 ns|  75.146 us|    0|    0|  loop pipeline stp|
    +---------+---------+-----------+-----------+-----+-----+-------------------+

    + Detail: 
        * Instance: 
        N/A

        * Loop: 
        +----------------------+---------+---------+----------+-----------+-----------+----------+----------+
        |                      |  Latency (cycles) | Iteration|  Initiation Interval  |   Trip   |          |
        |       Loop Name      |   min   |   max   |  Latency |  achieved |   target  |   Count  | Pipelined|
        +----------------------+---------+---------+----------+-----------+-----------+----------+----------+
        |- VITIS_LOOP_1532_26  |        0|    11520|         9|          8|          8|  0 ~ 1440|       yes|
        +----------------------+---------+---------+----------+-----------+-----------+----------+----------+

============================================================
+ Verbose Summary: Synthesis Manager
============================================================
InlineROM: 1
ExposeGlobal: 0
============================================================
+ Verbose Summary: CDFG Model
============================================================
IsTopModel: 0
ResetActiveHigh: 1
IsCombinational: 0
IsDatapathOnly: 0
HasWiredReturn: 1
HasMFsm: 2
HasVarLatency: 1
IsPipeline: 0
IsRtlPipelined: 0
IsInstanceOverlapped: 0
IsDontTouch: 0
HasImplIP: 0
IsGatedGlobalClock: 0

+ Individual pipeline summary: 
  * Pipeline-0: initiation interval (II) = 8, depth = 9


============================================================
+ Verbose Summary: Schedule
============================================================
* Number of FSM states : 9
* Pipeline : 1
  Pipeline-0 : II = 8, D = 9, States = { 1 2 3 4 5 6 7 8 9 }
* Dataflow Pipeline: 0

* FSM state transitions: 
1 --> 2 
2 --> 3 
3 --> 4 
4 --> 5 
5 --> 6 
6 --> 7 
7 --> 8 
8 --> 9 
9 --> 

* FSM state operations: 

State 1 <SV = 0> <Delay = 4.07>
ST_1 : Operation 12 [1/1] (0.00ns)   --->   "%x = alloca i32 1" [prj/sol/.autopilot/db/v_frmbuf_rd.cpp:1532]   --->   Operation 12 'alloca' 'x' <Predicate = true> <Delay = 0.00>
ST_1 : Operation 13 [1/1] (0.00ns)   --->   "%specmemcore_ln0 = specmemcore void @_ssdm_op_SpecMemCore, i64 %bytePlanes_plane0, i64 666, i64 8, i64 18446744073709551615, i1 0"   --->   Operation 13 'specmemcore' 'specmemcore_ln0' <Predicate = true> <Delay = 0.00>
ST_1 : Operation 14 [1/1] (0.00ns)   --->   "%specinterface_ln0 = specinterface void @_ssdm_op_SpecInterface, i24 %img, void @empty_17, i32 0, i32 0, void @empty_11, i32 0, i32 0, void @empty_11, void @empty_11, void @empty_11, i32 0, i32 0, i32 0, i32 0, void @empty_11, void @empty_11, i32 4294967295, i32 0, i32 0, i32 0"   --->   Operation 14 'specinterface' 'specinterface_ln0' <Predicate = true> <Delay = 0.00>
ST_1 : Operation 15 [1/1] (0.00ns)   --->   "%specinterface_ln0 = specinterface void @_ssdm_op_SpecInterface, i64 %bytePlanes_plane0, void @empty_17, i32 0, i32 0, void @empty_11, i32 0, i32 0, void @empty_11, void @empty_11, void @empty_11, i32 0, i32 0, i32 0, i32 0, void @empty_11, void @empty_11, i32 4294967295, i32 0, i32 0, i32 0"   --->   Operation 15 'specinterface' 'specinterface_ln0' <Predicate = true> <Delay = 0.00>
ST_1 : Operation 16 [1/1] (0.00ns)   --->   "%icmp45_read = read i1 @_ssdm_op_Read.ap_auto.i1, i1 %icmp45" [prj/sol/.autopilot/db/v_frmbuf_rd.cpp:686]   --->   Operation 16 'read' 'icmp45_read' <Predicate = true> <Delay = 0.00>
ST_1 : Operation 17 [1/1] (0.00ns)   --->   "%sext_ln1548_read = read i12 @_ssdm_op_Read.ap_auto.i12, i12 %sext_ln1548" [prj/sol/.autopilot/db/v_frmbuf_rd.cpp:686]   --->   Operation 17 'read' 'sext_ln1548_read' <Predicate = true> <Delay = 0.00>
ST_1 : Operation 18 [1/1] (0.00ns)   --->   "%icmp_ln1548_1_read = read i1 @_ssdm_op_Read.ap_auto.i1, i1 %icmp_ln1548_1" [prj/sol/.autopilot/db/v_frmbuf_rd.cpp:686]   --->   Operation 18 'read' 'icmp_ln1548_1_read' <Predicate = true> <Delay = 0.00>
ST_1 : Operation 19 [1/1] (0.00ns)   --->   "%icmp48_read = read i1 @_ssdm_op_Read.ap_auto.i1, i1 %icmp48" [prj/sol/.autopilot/db/v_frmbuf_rd.cpp:686]   --->   Operation 19 'read' 'icmp48_read' <Predicate = true> <Delay = 0.00>
ST_1 : Operation 20 [1/1] (0.00ns)   --->   "%icmp_ln1548_3_read = read i1 @_ssdm_op_Read.ap_auto.i1, i1 %icmp_ln1548_3" [prj/sol/.autopilot/db/v_frmbuf_rd.cpp:686]   --->   Operation 20 'read' 'icmp_ln1548_3_read' <Predicate = true> <Delay = 0.00>
ST_1 : Operation 21 [1/1] (0.00ns)   --->   "%icmp_ln1548_4_read = read i1 @_ssdm_op_Read.ap_auto.i1, i1 %icmp_ln1548_4" [prj/sol/.autopilot/db/v_frmbuf_rd.cpp:686]   --->   Operation 21 'read' 'icmp_ln1548_4_read' <Predicate = true> <Delay = 0.00>
ST_1 : Operation 22 [1/1] (0.00ns)   --->   "%icmp_ln1548_5_read = read i1 @_ssdm_op_Read.ap_auto.i1, i1 %icmp_ln1548_5" [prj/sol/.autopilot/db/v_frmbuf_rd.cpp:686]   --->   Operation 22 'read' 'icmp_ln1548_5_read' <Predicate = true> <Delay = 0.00>
ST_1 : Operation 23 [1/1] (0.00ns)   --->   "%icmp_ln1522_read = read i1 @_ssdm_op_Read.ap_auto.i1, i1 %icmp_ln1522" [prj/sol/.autopilot/db/v_frmbuf_rd.cpp:686]   --->   Operation 23 'read' 'icmp_ln1522_read' <Predicate = true> <Delay = 0.00>
ST_1 : Operation 24 [1/1] (0.00ns)   --->   "%loopWidth_8_read = read i11 @_ssdm_op_Read.ap_auto.i11, i11 %loopWidth_8" [prj/sol/.autopilot/db/v_frmbuf_rd.cpp:686]   --->   Operation 24 'read' 'loopWidth_8_read' <Predicate = true> <Delay = 0.00>
ST_1 : Operation 25 [1/1] (1.29ns)   --->   "%store_ln1532 = store i11 0, i11 %x" [prj/sol/.autopilot/db/v_frmbuf_rd.cpp:1532]   --->   Operation 25 'store' 'store_ln1532' <Predicate = true> <Delay = 1.29>
ST_1 : Operation 26 [1/1] (0.00ns)   --->   "%br_ln1532 = br void %VITIS_LOOP_1539_27" [prj/sol/.autopilot/db/v_frmbuf_rd.cpp:1532]   --->   Operation 26 'br' 'br_ln1532' <Predicate = true> <Delay = 0.00>
ST_1 : Operation 27 [1/1] (0.00ns)   --->   "%x_8 = load i11 %x" [prj/sol/.autopilot/db/v_frmbuf_rd.cpp:1532]   --->   Operation 27 'load' 'x_8' <Predicate = true> <Delay = 0.00>
ST_1 : Operation 28 [1/1] (1.48ns)   --->   "%icmp_ln1532 = icmp_eq  i11 %x_8, i11 %loopWidth_8_read" [prj/sol/.autopilot/db/v_frmbuf_rd.cpp:1532]   --->   Operation 28 'icmp' 'icmp_ln1532' <Predicate = true> <Delay = 1.48> <CoreInst = "Cmp">   --->   Core 9 'Cmp' <Latency = 0> <II = 1> <Delay = 1.48> <FuncUnit> <Opcode : 'seteq' 'setne' 'setle' 'setge' 'setlt' 'setgt'> <InPorts = 2> <OutPorts = 1>
ST_1 : Operation 29 [1/1] (0.00ns)   --->   "%speclooptripcount_ln0 = speclooptripcount void @_ssdm_op_SpecLoopTripCount, i64 0, i64 1440, i64 0"   --->   Operation 29 'speclooptripcount' 'speclooptripcount_ln0' <Predicate = true> <Delay = 0.00>
ST_1 : Operation 30 [1/1] (1.48ns)   --->   "%x_9 = add i11 %x_8, i11 1" [prj/sol/.autopilot/db/v_frmbuf_rd.cpp:1532]   --->   Operation 30 'add' 'x_9' <Predicate = true> <Delay = 1.48> <CoreInst = "Adder">   --->   Core 1 'Adder' <Latency = 0> <II = 1> <Delay = 1.48> <FuncUnit> <Opcode : 'add' 'sub'> <InPorts = 2> <OutPorts = 1>
ST_1 : Operation 31 [1/1] (0.00ns)   --->   "%br_ln1532 = br i1 %icmp_ln1532, void %VITIS_LOOP_1539_27.split, void %for.inc1077.exitStub" [prj/sol/.autopilot/db/v_frmbuf_rd.cpp:1532]   --->   Operation 31 'br' 'br_ln1532' <Predicate = true> <Delay = 0.00>
ST_1 : Operation 32 [1/1] (0.00ns)   --->   "%zext_ln1534 = zext i11 %x_8" [prj/sol/.autopilot/db/v_frmbuf_rd.cpp:1534]   --->   Operation 32 'zext' 'zext_ln1534' <Predicate = (!icmp_ln1532)> <Delay = 0.00>
ST_1 : Operation 33 [1/1] (1.54ns)   --->   "%icmp_ln1548 = icmp_slt  i12 %zext_ln1534, i12 %sext_ln1548_read" [prj/sol/.autopilot/db/v_frmbuf_rd.cpp:1548]   --->   Operation 33 'icmp' 'icmp_ln1548' <Predicate = (!icmp_ln1532)> <Delay = 1.54> <CoreInst = "Cmp">   --->   Core 9 'Cmp' <Latency = 0> <II = 1> <Delay = 1.54> <FuncUnit> <Opcode : 'seteq' 'setne' 'setle' 'setge' 'setlt' 'setgt'> <InPorts = 2> <OutPorts = 1>
ST_1 : Operation 34 [1/1] (0.80ns)   --->   "%or_ln1548 = or i1 %icmp_ln1548, i1 %icmp45_read" [prj/sol/.autopilot/db/v_frmbuf_rd.cpp:1548]   --->   Operation 34 'or' 'or_ln1548' <Predicate = (!icmp_ln1532)> <Delay = 0.80> <CoreInst = "LogicGate">   --->   Core 74 'LogicGate' <Latency = 0> <II = 1> <Delay = 0.80> <FuncUnit> <Opcode : 'and' 'or' 'xor'> <InPorts = 2> <OutPorts = 1>
ST_1 : Operation 35 [1/1] (0.00ns)   --->   "%br_ln1548 = br i1 %or_ln1548, void %for.inc1061.2, void %if.then1069.1" [prj/sol/.autopilot/db/v_frmbuf_rd.cpp:1548]   --->   Operation 35 'br' 'br_ln1548' <Predicate = (!icmp_ln1532)> <Delay = 0.00>
ST_1 : Operation 36 [1/1] (0.80ns)   --->   "%or_ln1548_1 = or i1 %icmp_ln1548, i1 %icmp_ln1548_1_read" [prj/sol/.autopilot/db/v_frmbuf_rd.cpp:1548]   --->   Operation 36 'or' 'or_ln1548_1' <Predicate = (!icmp_ln1532)> <Delay = 0.80> <CoreInst = "LogicGate">   --->   Core 74 'LogicGate' <Latency = 0> <II = 1> <Delay = 0.80> <FuncUnit> <Opcode : 'and' 'or' 'xor'> <InPorts = 2> <OutPorts = 1>
ST_1 : Operation 37 [1/1] (0.00ns)   --->   "%br_ln1548 = br i1 %or_ln1548_1, void %for.inc1061.3, void %if.then1069.2" [prj/sol/.autopilot/db/v_frmbuf_rd.cpp:1548]   --->   Operation 37 'br' 'br_ln1548' <Predicate = (!icmp_ln1532)> <Delay = 0.00>
ST_1 : Operation 38 [1/1] (0.80ns)   --->   "%or_ln1548_2 = or i1 %icmp_ln1548, i1 %icmp48_read" [prj/sol/.autopilot/db/v_frmbuf_rd.cpp:1548]   --->   Operation 38 'or' 'or_ln1548_2' <Predicate = (!icmp_ln1532)> <Delay = 0.80> <CoreInst = "LogicGate">   --->   Core 74 'LogicGate' <Latency = 0> <II = 1> <Delay = 0.80> <FuncUnit> <Opcode : 'and' 'or' 'xor'> <InPorts = 2> <OutPorts = 1>
ST_1 : Operation 39 [1/1] (0.00ns)   --->   "%br_ln1548 = br i1 %or_ln1548_2, void %for.inc1061.4, void %if.then1069.3" [prj/sol/.autopilot/db/v_frmbuf_rd.cpp:1548]   --->   Operation 39 'br' 'br_ln1548' <Predicate = (!icmp_ln1532)> <Delay = 0.00>
ST_1 : Operation 40 [1/1] (0.80ns)   --->   "%or_ln1548_3 = or i1 %icmp_ln1548, i1 %icmp_ln1548_3_read" [prj/sol/.autopilot/db/v_frmbuf_rd.cpp:1548]   --->   Operation 40 'or' 'or_ln1548_3' <Predicate = (!icmp_ln1532)> <Delay = 0.80> <CoreInst = "LogicGate">   --->   Core 74 'LogicGate' <Latency = 0> <II = 1> <Delay = 0.80> <FuncUnit> <Opcode : 'and' 'or' 'xor'> <InPorts = 2> <OutPorts = 1>
ST_1 : Operation 41 [1/1] (0.00ns)   --->   "%br_ln1548 = br i1 %or_ln1548_3, void %for.inc1061.5, void %if.then1069.4" [prj/sol/.autopilot/db/v_frmbuf_rd.cpp:1548]   --->   Operation 41 'br' 'br_ln1548' <Predicate = (!icmp_ln1532)> <Delay = 0.00>
ST_1 : Operation 42 [1/1] (0.80ns)   --->   "%or_ln1548_4 = or i1 %icmp_ln1548, i1 %icmp_ln1548_4_read" [prj/sol/.autopilot/db/v_frmbuf_rd.cpp:1548]   --->   Operation 42 'or' 'or_ln1548_4' <Predicate = (!icmp_ln1532)> <Delay = 0.80> <CoreInst = "LogicGate">   --->   Core 74 'LogicGate' <Latency = 0> <II = 1> <Delay = 0.80> <FuncUnit> <Opcode : 'and' 'or' 'xor'> <InPorts = 2> <OutPorts = 1>
ST_1 : Operation 43 [1/1] (0.00ns)   --->   "%br_ln1548 = br i1 %or_ln1548_4, void %for.inc1061.6, void %if.then1069.5" [prj/sol/.autopilot/db/v_frmbuf_rd.cpp:1548]   --->   Operation 43 'br' 'br_ln1548' <Predicate = (!icmp_ln1532)> <Delay = 0.00>
ST_1 : Operation 44 [1/1] (0.80ns)   --->   "%or_ln1548_5 = or i1 %icmp_ln1548, i1 %icmp_ln1548_5_read" [prj/sol/.autopilot/db/v_frmbuf_rd.cpp:1548]   --->   Operation 44 'or' 'or_ln1548_5' <Predicate = (!icmp_ln1532)> <Delay = 0.80> <CoreInst = "LogicGate">   --->   Core 74 'LogicGate' <Latency = 0> <II = 1> <Delay = 0.80> <FuncUnit> <Opcode : 'and' 'or' 'xor'> <InPorts = 2> <OutPorts = 1>
ST_1 : Operation 45 [1/1] (0.00ns)   --->   "%br_ln1548 = br i1 %or_ln1548_5, void %for.inc1061.7, void %if.then1069.6" [prj/sol/.autopilot/db/v_frmbuf_rd.cpp:1548]   --->   Operation 45 'br' 'br_ln1548' <Predicate = (!icmp_ln1532)> <Delay = 0.00>
ST_1 : Operation 46 [1/1] (0.80ns)   --->   "%or_ln1548_6 = or i1 %icmp_ln1548, i1 %icmp_ln1522_read" [prj/sol/.autopilot/db/v_frmbuf_rd.cpp:1548]   --->   Operation 46 'or' 'or_ln1548_6' <Predicate = (!icmp_ln1532)> <Delay = 0.80> <CoreInst = "LogicGate">   --->   Core 74 'LogicGate' <Latency = 0> <II = 1> <Delay = 0.80> <FuncUnit> <Opcode : 'and' 'or' 'xor'> <InPorts = 2> <OutPorts = 1>
ST_1 : Operation 47 [1/1] (0.00ns)   --->   "%br_ln1548 = br i1 %or_ln1548_6, void %for.inc1071.7, void %if.then1069.7" [prj/sol/.autopilot/db/v_frmbuf_rd.cpp:1548]   --->   Operation 47 'br' 'br_ln1548' <Predicate = (!icmp_ln1532)> <Delay = 0.00>
ST_1 : Operation 48 [1/1] (1.29ns)   --->   "%store_ln1532 = store i11 %x_9, i11 %x" [prj/sol/.autopilot/db/v_frmbuf_rd.cpp:1532]   --->   Operation 48 'store' 'store_ln1532' <Predicate = (!icmp_ln1532)> <Delay = 1.29>
ST_1 : Operation 49 [1/1] (0.00ns)   --->   "%br_ln1532 = br void %VITIS_LOOP_1539_27" [prj/sol/.autopilot/db/v_frmbuf_rd.cpp:1532]   --->   Operation 49 'br' 'br_ln1532' <Predicate = (!icmp_ln1532)> <Delay = 0.00>
ST_1 : Operation 84 [1/1] (1.29ns)   --->   "%ret_ln0 = ret"   --->   Operation 84 'ret' 'ret_ln0' <Predicate = (icmp_ln1532)> <Delay = 1.29>

State 2 <SV = 1> <Delay = 4.76>
ST_2 : Operation 50 [1/1] (0.00ns)   --->   "%specpipeline_ln1534 = specpipeline void @_ssdm_op_SpecPipeline, i32 8, i32 0, i32 0, i32 0, i32 4294967295, void @empty_11" [prj/sol/.autopilot/db/v_frmbuf_rd.cpp:1534]   --->   Operation 50 'specpipeline' 'specpipeline_ln1534' <Predicate = (!icmp_ln1532)> <Delay = 0.00>
ST_2 : Operation 51 [1/1] (0.00ns)   --->   "%specloopname_ln1532 = specloopname void @_ssdm_op_SpecLoopName, void @empty_32" [prj/sol/.autopilot/db/v_frmbuf_rd.cpp:1532]   --->   Operation 51 'specloopname' 'specloopname_ln1532' <Predicate = (!icmp_ln1532)> <Delay = 0.00>
ST_2 : Operation 52 [1/1] ( I:2.38ns O:2.38ns )   --->   "%rd = read i64 @_ssdm_op_Read.ap_fifo.volatile.i64P0A, i64 %bytePlanes_plane0" [prj/sol/.autopilot/db/v_frmbuf_rd.cpp:1537]   --->   Operation 52 'read' 'rd' <Predicate = (!icmp_ln1532)> <Delay = 2.38> <CoreInst = "FIFO_BRAM">   --->   Core 78 'FIFO_BRAM' <Latency = 0> <II = 1> <Delay = 3.41> <Storage> <Opcode : 'read' 'write' 'nbread' 'nbwrite'> <Ports = 0> <Width = 64> <Depth = 481> <FIFO>
ST_2 : Operation 53 [1/1] (0.00ns)   --->   "%trunc_ln1544 = trunc i64 %rd" [prj/sol/.autopilot/db/v_frmbuf_rd.cpp:1544]   --->   Operation 53 'trunc' 'trunc_ln1544' <Predicate = (!icmp_ln1532)> <Delay = 0.00>
ST_2 : Operation 54 [1/1] (0.00ns)   --->   "%or_ln1549_2 = bitconcatenate i24 @_ssdm_op_BitConcatenate.i24.i16.i8, i16 32896, i8 %trunc_ln1544" [prj/sol/.autopilot/db/v_frmbuf_rd.cpp:1549]   --->   Operation 54 'bitconcatenate' 'or_ln1549_2' <Predicate = (!icmp_ln1532)> <Delay = 0.00>
ST_2 : Operation 55 [1/1] ( I:2.38ns O:2.38ns )   --->   "%write_ln1549 = write void @_ssdm_op_Write.ap_fifo.volatile.i24P0A, i24 %img, i24 %or_ln1549_2" [prj/sol/.autopilot/db/v_frmbuf_rd.cpp:1549]   --->   Operation 55 'write' 'write_ln1549' <Predicate = (!icmp_ln1532)> <Delay = 2.38> <CoreInst = "FIFO_SRL">   --->   Core 80 'FIFO_SRL' <Latency = 0> <II = 1> <Delay = 3.40> <Storage> <Opcode : 'read' 'write' 'nbread' 'nbwrite'> <Ports = 0> <Width = 24> <Depth = 2> <FIFO>
ST_2 : Operation 56 [1/1] (0.00ns)   --->   "%tmp_10 = partselect i8 @_ssdm_op_PartSelect.i8.i64.i32, i64 %rd, i32 8" [prj/sol/.autopilot/db/v_frmbuf_rd.cpp:1544]   --->   Operation 56 'partselect' 'tmp_10' <Predicate = (!icmp_ln1532)> <Delay = 0.00>
ST_2 : Operation 57 [1/1] (0.00ns)   --->   "%tmp_23 = partselect i8 @_ssdm_op_PartSelect.i8.i64.i32, i64 %rd, i32 16" [prj/sol/.autopilot/db/v_frmbuf_rd.cpp:1544]   --->   Operation 57 'partselect' 'tmp_23' <Predicate = (!icmp_ln1532)> <Delay = 0.00>
ST_2 : Operation 58 [1/1] (0.00ns)   --->   "%tmp_47 = partselect i8 @_ssdm_op_PartSelect.i8.i64.i32, i64 %rd, i32 24" [prj/sol/.autopilot/db/v_frmbuf_rd.cpp:1544]   --->   Operation 58 'partselect' 'tmp_47' <Predicate = (!icmp_ln1532)> <Delay = 0.00>
ST_2 : Operation 59 [1/1] (0.00ns)   --->   "%tmp_s = partselect i8 @_ssdm_op_PartSelect.i8.i64.i32, i64 %rd, i32 32" [prj/sol/.autopilot/db/v_frmbuf_rd.cpp:1544]   --->   Operation 59 'partselect' 'tmp_s' <Predicate = (!icmp_ln1532)> <Delay = 0.00>
ST_2 : Operation 60 [1/1] (0.00ns)   --->   "%tmp_58 = partselect i8 @_ssdm_op_PartSelect.i8.i64.i32, i64 %rd, i32 40" [prj/sol/.autopilot/db/v_frmbuf_rd.cpp:1544]   --->   Operation 60 'partselect' 'tmp_58' <Predicate = (!icmp_ln1532)> <Delay = 0.00>
ST_2 : Operation 61 [1/1] (0.00ns)   --->   "%tmp_59 = partselect i8 @_ssdm_op_PartSelect.i8.i64.i32, i64 %rd, i32 48" [prj/sol/.autopilot/db/v_frmbuf_rd.cpp:1544]   --->   Operation 61 'partselect' 'tmp_59' <Predicate = (!icmp_ln1532)> <Delay = 0.00>
ST_2 : Operation 62 [1/1] (0.00ns)   --->   "%tmp_60 = partselect i8 @_ssdm_op_PartSelect.i8.i64.i32, i64 %rd, i32 56" [prj/sol/.autopilot/db/v_frmbuf_rd.cpp:1544]   --->   Operation 62 'partselect' 'tmp_60' <Predicate = (!icmp_ln1532)> <Delay = 0.00>

State 3 <SV = 2> <Delay = 2.38>
ST_3 : Operation 63 [1/1] (0.00ns)   --->   "%or_ln1549_5 = bitconcatenate i24 @_ssdm_op_BitConcatenate.i24.i16.i8, i16 32896, i8 %tmp_10" [prj/sol/.autopilot/db/v_frmbuf_rd.cpp:1549]   --->   Operation 63 'bitconcatenate' 'or_ln1549_5' <Predicate = (!icmp_ln1532 & or_ln1548)> <Delay = 0.00>
ST_3 : Operation 64 [1/1] ( I:2.38ns O:2.38ns )   --->   "%write_ln1549 = write void @_ssdm_op_Write.ap_fifo.volatile.i24P0A, i24 %img, i24 %or_ln1549_5" [prj/sol/.autopilot/db/v_frmbuf_rd.cpp:1549]   --->   Operation 64 'write' 'write_ln1549' <Predicate = (!icmp_ln1532 & or_ln1548)> <Delay = 2.38> <CoreInst = "FIFO_SRL">   --->   Core 80 'FIFO_SRL' <Latency = 0> <II = 1> <Delay = 3.40> <Storage> <Opcode : 'read' 'write' 'nbread' 'nbwrite'> <Ports = 0> <Width = 24> <Depth = 2> <FIFO>
ST_3 : Operation 65 [1/1] (0.00ns)   --->   "%br_ln1549 = br void %for.inc1061.2" [prj/sol/.autopilot/db/v_frmbuf_rd.cpp:1549]   --->   Operation 65 'br' 'br_ln1549' <Predicate = (!icmp_ln1532 & or_ln1548)> <Delay = 0.00>

State 4 <SV = 3> <Delay = 2.38>
ST_4 : Operation 66 [1/1] (0.00ns)   --->   "%or_ln1549_8 = bitconcatenate i24 @_ssdm_op_BitConcatenate.i24.i16.i8, i16 32896, i8 %tmp_23" [prj/sol/.autopilot/db/v_frmbuf_rd.cpp:1549]   --->   Operation 66 'bitconcatenate' 'or_ln1549_8' <Predicate = (!icmp_ln1532 & or_ln1548_1)> <Delay = 0.00>
ST_4 : Operation 67 [1/1] ( I:2.38ns O:2.38ns )   --->   "%write_ln1549 = write void @_ssdm_op_Write.ap_fifo.volatile.i24P0A, i24 %img, i24 %or_ln1549_8" [prj/sol/.autopilot/db/v_frmbuf_rd.cpp:1549]   --->   Operation 67 'write' 'write_ln1549' <Predicate = (!icmp_ln1532 & or_ln1548_1)> <Delay = 2.38> <CoreInst = "FIFO_SRL">   --->   Core 80 'FIFO_SRL' <Latency = 0> <II = 1> <Delay = 3.40> <Storage> <Opcode : 'read' 'write' 'nbread' 'nbwrite'> <Ports = 0> <Width = 24> <Depth = 2> <FIFO>
ST_4 : Operation 68 [1/1] (0.00ns)   --->   "%br_ln1549 = br void %for.inc1061.3" [prj/sol/.autopilot/db/v_frmbuf_rd.cpp:1549]   --->   Operation 68 'br' 'br_ln1549' <Predicate = (!icmp_ln1532 & or_ln1548_1)> <Delay = 0.00>

State 5 <SV = 4> <Delay = 2.38>
ST_5 : Operation 69 [1/1] (0.00ns)   --->   "%or_ln1549_s = bitconcatenate i24 @_ssdm_op_BitConcatenate.i24.i16.i8, i16 32896, i8 %tmp_47" [prj/sol/.autopilot/db/v_frmbuf_rd.cpp:1549]   --->   Operation 69 'bitconcatenate' 'or_ln1549_s' <Predicate = (!icmp_ln1532 & or_ln1548_2)> <Delay = 0.00>
ST_5 : Operation 70 [1/1] ( I:2.38ns O:2.38ns )   --->   "%write_ln1549 = write void @_ssdm_op_Write.ap_fifo.volatile.i24P0A, i24 %img, i24 %or_ln1549_s" [prj/sol/.autopilot/db/v_frmbuf_rd.cpp:1549]   --->   Operation 70 'write' 'write_ln1549' <Predicate = (!icmp_ln1532 & or_ln1548_2)> <Delay = 2.38> <CoreInst = "FIFO_SRL">   --->   Core 80 'FIFO_SRL' <Latency = 0> <II = 1> <Delay = 3.40> <Storage> <Opcode : 'read' 'write' 'nbread' 'nbwrite'> <Ports = 0> <Width = 24> <Depth = 2> <FIFO>
ST_5 : Operation 71 [1/1] (0.00ns)   --->   "%br_ln1549 = br void %for.inc1061.4" [prj/sol/.autopilot/db/v_frmbuf_rd.cpp:1549]   --->   Operation 71 'br' 'br_ln1549' <Predicate = (!icmp_ln1532 & or_ln1548_2)> <Delay = 0.00>

State 6 <SV = 5> <Delay = 2.38>
ST_6 : Operation 72 [1/1] (0.00ns)   --->   "%or_ln1549_7 = bitconcatenate i24 @_ssdm_op_BitConcatenate.i24.i16.i8, i16 32896, i8 %tmp_s" [prj/sol/.autopilot/db/v_frmbuf_rd.cpp:1549]   --->   Operation 72 'bitconcatenate' 'or_ln1549_7' <Predicate = (!icmp_ln1532 & or_ln1548_3)> <Delay = 0.00>
ST_6 : Operation 73 [1/1] ( I:2.38ns O:2.38ns )   --->   "%write_ln1549 = write void @_ssdm_op_Write.ap_fifo.volatile.i24P0A, i24 %img, i24 %or_ln1549_7" [prj/sol/.autopilot/db/v_frmbuf_rd.cpp:1549]   --->   Operation 73 'write' 'write_ln1549' <Predicate = (!icmp_ln1532 & or_ln1548_3)> <Delay = 2.38> <CoreInst = "FIFO_SRL">   --->   Core 80 'FIFO_SRL' <Latency = 0> <II = 1> <Delay = 3.40> <Storage> <Opcode : 'read' 'write' 'nbread' 'nbwrite'> <Ports = 0> <Width = 24> <Depth = 2> <FIFO>
ST_6 : Operation 74 [1/1] (0.00ns)   --->   "%br_ln1549 = br void %for.inc1061.5" [prj/sol/.autopilot/db/v_frmbuf_rd.cpp:1549]   --->   Operation 74 'br' 'br_ln1549' <Predicate = (!icmp_ln1532 & or_ln1548_3)> <Delay = 0.00>

State 7 <SV = 6> <Delay = 2.38>
ST_7 : Operation 75 [1/1] (0.00ns)   --->   "%or_ln1549_1 = bitconcatenate i24 @_ssdm_op_BitConcatenate.i24.i16.i8, i16 32896, i8 %tmp_58" [prj/sol/.autopilot/db/v_frmbuf_rd.cpp:1549]   --->   Operation 75 'bitconcatenate' 'or_ln1549_1' <Predicate = (!icmp_ln1532 & or_ln1548_4)> <Delay = 0.00>
ST_7 : Operation 76 [1/1] ( I:2.38ns O:2.38ns )   --->   "%write_ln1549 = write void @_ssdm_op_Write.ap_fifo.volatile.i24P0A, i24 %img, i24 %or_ln1549_1" [prj/sol/.autopilot/db/v_frmbuf_rd.cpp:1549]   --->   Operation 76 'write' 'write_ln1549' <Predicate = (!icmp_ln1532 & or_ln1548_4)> <Delay = 2.38> <CoreInst = "FIFO_SRL">   --->   Core 80 'FIFO_SRL' <Latency = 0> <II = 1> <Delay = 3.40> <Storage> <Opcode : 'read' 'write' 'nbread' 'nbwrite'> <Ports = 0> <Width = 24> <Depth = 2> <FIFO>
ST_7 : Operation 77 [1/1] (0.00ns)   --->   "%br_ln1549 = br void %for.inc1061.6" [prj/sol/.autopilot/db/v_frmbuf_rd.cpp:1549]   --->   Operation 77 'br' 'br_ln1549' <Predicate = (!icmp_ln1532 & or_ln1548_4)> <Delay = 0.00>

State 8 <SV = 7> <Delay = 2.38>
ST_8 : Operation 78 [1/1] (0.00ns)   --->   "%or_ln1549_3 = bitconcatenate i24 @_ssdm_op_BitConcatenate.i24.i16.i8, i16 32896, i8 %tmp_59" [prj/sol/.autopilot/db/v_frmbuf_rd.cpp:1549]   --->   Operation 78 'bitconcatenate' 'or_ln1549_3' <Predicate = (!icmp_ln1532 & or_ln1548_5)> <Delay = 0.00>
ST_8 : Operation 79 [1/1] ( I:2.38ns O:2.38ns )   --->   "%write_ln1549 = write void @_ssdm_op_Write.ap_fifo.volatile.i24P0A, i24 %img, i24 %or_ln1549_3" [prj/sol/.autopilot/db/v_frmbuf_rd.cpp:1549]   --->   Operation 79 'write' 'write_ln1549' <Predicate = (!icmp_ln1532 & or_ln1548_5)> <Delay = 2.38> <CoreInst = "FIFO_SRL">   --->   Core 80 'FIFO_SRL' <Latency = 0> <II = 1> <Delay = 3.40> <Storage> <Opcode : 'read' 'write' 'nbread' 'nbwrite'> <Ports = 0> <Width = 24> <Depth = 2> <FIFO>
ST_8 : Operation 80 [1/1] (0.00ns)   --->   "%br_ln1549 = br void %for.inc1061.7" [prj/sol/.autopilot/db/v_frmbuf_rd.cpp:1549]   --->   Operation 80 'br' 'br_ln1549' <Predicate = (!icmp_ln1532 & or_ln1548_5)> <Delay = 0.00>

State 9 <SV = 8> <Delay = 2.38>
ST_9 : Operation 81 [1/1] (0.00ns)   --->   "%or_ln1549_4 = bitconcatenate i24 @_ssdm_op_BitConcatenate.i24.i16.i8, i16 32896, i8 %tmp_60" [prj/sol/.autopilot/db/v_frmbuf_rd.cpp:1549]   --->   Operation 81 'bitconcatenate' 'or_ln1549_4' <Predicate = (or_ln1548_6)> <Delay = 0.00>
ST_9 : Operation 82 [1/1] ( I:2.38ns O:2.38ns )   --->   "%write_ln1549 = write void @_ssdm_op_Write.ap_fifo.volatile.i24P0A, i24 %img, i24 %or_ln1549_4" [prj/sol/.autopilot/db/v_frmbuf_rd.cpp:1549]   --->   Operation 82 'write' 'write_ln1549' <Predicate = (or_ln1548_6)> <Delay = 2.38> <CoreInst = "FIFO_SRL">   --->   Core 80 'FIFO_SRL' <Latency = 0> <II = 1> <Delay = 3.40> <Storage> <Opcode : 'read' 'write' 'nbread' 'nbwrite'> <Ports = 0> <Width = 24> <Depth = 2> <FIFO>
ST_9 : Operation 83 [1/1] (0.00ns)   --->   "%br_ln1549 = br void %for.inc1071.7" [prj/sol/.autopilot/db/v_frmbuf_rd.cpp:1549]   --->   Operation 83 'br' 'br_ln1549' <Predicate = (or_ln1548_6)> <Delay = 0.00>


============================================================
+ Verbose Summary: Timing violations
============================================================
Target clock period: 6.522ns, clock uncertainty: 1.761ns.

 <State 1>: 4.078ns
The critical path consists of the following:
	'store' operation ('store_ln1532', prj/sol/.autopilot/db/v_frmbuf_rd.cpp:1532) of constant 0 11 bit on local variable 'x', prj/sol/.autopilot/db/v_frmbuf_rd.cpp:1532 [25]  (1.298 ns)
	'load' operation 11 bit ('x', prj/sol/.autopilot/db/v_frmbuf_rd.cpp:1532) on local variable 'x', prj/sol/.autopilot/db/v_frmbuf_rd.cpp:1532 [28]  (0.000 ns)
	'icmp' operation 1 bit ('icmp_ln1532', prj/sol/.autopilot/db/v_frmbuf_rd.cpp:1532) [29]  (1.482 ns)
	'store' operation ('store_ln1532', prj/sol/.autopilot/db/v_frmbuf_rd.cpp:1532) of variable 'x', prj/sol/.autopilot/db/v_frmbuf_rd.cpp:1532 11 bit on local variable 'x', prj/sol/.autopilot/db/v_frmbuf_rd.cpp:1532 [98]  (1.298 ns)

 <State 2>: 4.761ns
The critical path consists of the following:
	fifo read operation ('rd', prj/sol/.autopilot/db/v_frmbuf_rd.cpp:1537) on port 'bytePlanes_plane0' (prj/sol/.autopilot/db/v_frmbuf_rd.cpp:1537) [37]  (2.381 ns)
	fifo write operation ('write_ln1549', prj/sol/.autopilot/db/v_frmbuf_rd.cpp:1549) on port 'img' (prj/sol/.autopilot/db/v_frmbuf_rd.cpp:1549) [41]  (2.381 ns)

 <State 3>: 2.381ns
The critical path consists of the following:
	fifo write operation ('write_ln1549', prj/sol/.autopilot/db/v_frmbuf_rd.cpp:1549) on port 'img' (prj/sol/.autopilot/db/v_frmbuf_rd.cpp:1549) [47]  (2.381 ns)

 <State 4>: 2.381ns
The critical path consists of the following:
	fifo write operation ('write_ln1549', prj/sol/.autopilot/db/v_frmbuf_rd.cpp:1549) on port 'img' (prj/sol/.autopilot/db/v_frmbuf_rd.cpp:1549) [55]  (2.381 ns)

 <State 5>: 2.381ns
The critical path consists of the following:
	fifo write operation ('write_ln1549', prj/sol/.autopilot/db/v_frmbuf_rd.cpp:1549) on port 'img' (prj/sol/.autopilot/db/v_frmbuf_rd.cpp:1549) [63]  (2.381 ns)

 <State 6>: 2.381ns
The critical path consists of the following:
	fifo write operation ('write_ln1549', prj/sol/.autopilot/db/v_frmbuf_rd.cpp:1549) on port 'img' (prj/sol/.autopilot/db/v_frmbuf_rd.cpp:1549) [71]  (2.381 ns)

 <State 7>: 2.381ns
The critical path consists of the following:
	fifo write operation ('write_ln1549', prj/sol/.autopilot/db/v_frmbuf_rd.cpp:1549) on port 'img' (prj/sol/.autopilot/db/v_frmbuf_rd.cpp:1549) [79]  (2.381 ns)

 <State 8>: 2.381ns
The critical path consists of the following:
	fifo write operation ('write_ln1549', prj/sol/.autopilot/db/v_frmbuf_rd.cpp:1549) on port 'img' (prj/sol/.autopilot/db/v_frmbuf_rd.cpp:1549) [87]  (2.381 ns)

 <State 9>: 2.381ns
The critical path consists of the following:
	fifo write operation ('write_ln1549', prj/sol/.autopilot/db/v_frmbuf_rd.cpp:1549) on port 'img' (prj/sol/.autopilot/db/v_frmbuf_rd.cpp:1549) [95]  (2.381 ns)


============================================================
+ Verbose Summary: Binding
============================================================
N/A
* FSMD analyzer results:
  - Output states:
 - Input state : 
  - Chain level:
	State 1
	State 2
	State 3
	State 4
	State 5
	State 6
	State 7
	State 8
	State 9


============================================================
+ Verbose Summary: Datapath Resource usage 
============================================================
N/A
