

================================================================
== Vitis HLS Report for 'Bytes2MultiPixStream_Pipeline_VITIS_LOOP_1772_29'
================================================================
* Date:           Mon Mar 16 15:10:46 2026

* Version:        2025.2 (Build 6295257 on Nov 14 2025)
* Project:        prj
* Solution:       sol (Vivado IP Flow Target)
* Product family: zynq
* Target device:  xc7z020-clg400-2


================================================================
== Performance Estimates
================================================================
+ Timing: 
    * Summary: 
    +--------+---------+----------+------------+
    |  Clock |  Target | Estimated| Uncertainty|
    +--------+---------+----------+------------+
    |ap_clk  |  6.52 ns|  4.761 ns|     1.76 ns|
    +--------+---------+----------+------------+

+ Latency: 
    * Summary: 
    +---------+---------+-----------+-----------+-----+-----+-------------------+
    |  Latency (cycles) |   Latency (absolute)  |  Interval |      Pipeline     |
    |   min   |   max   |    min    |    max    | min | max |        Type       |
    +---------+---------+-----------+-----------+-----+-----+-------------------+
    |        2|     2882|  13.044 ns|  18.796 us|    0|    0|  loop pipeline stp|
    +---------+---------+-----------+-----------+-----+-----+-------------------+

    + Detail: 
        * Instance: 
        N/A

        * Loop: 
        +----------------------+---------+---------+----------+-----------+-----------+----------+----------+
        |                      |  Latency (cycles) | Iteration|  Initiation Interval  |   Trip   |          |
        |       Loop Name      |   min   |   max   |  Latency |  achieved |   target  |   Count  | Pipelined|
        +----------------------+---------+---------+----------+-----------+-----------+----------+----------+
        |- VITIS_LOOP_1772_29  |        0|     2880|         3|          2|          2|  0 ~ 1440|       yes|
        +----------------------+---------+---------+----------+-----------+-----------+----------+----------+



================================================================
== Utilization Estimates
================================================================
* Summary: 
+-----------------+---------+-----+--------+-------+-----+
|       Name      | BRAM_18K| DSP |   FF   |  LUT  | URAM|
+-----------------+---------+-----+--------+-------+-----+
|DSP              |        -|    -|       -|      -|    -|
|Expression       |        -|    -|       0|     41|    -|
|FIFO             |        -|    -|       -|      -|    -|
|Instance         |        -|    -|       -|      -|    -|
|Memory           |        -|    -|       -|      -|    -|
|Multiplexer      |        -|    -|       0|     98|    -|
|Register         |        -|    -|      42|      -|    -|
+-----------------+---------+-----+--------+-------+-----+
|Total            |        0|    0|      42|    139|    0|
+-----------------+---------+-----+--------+-------+-----+
|Available        |      280|  220|  106400|  53200|    0|
+-----------------+---------+-----+--------+-------+-----+
|Utilization (%)  |        0|    0|      ~0|     ~0|    0|
+-----------------+---------+-----+--------+-------+-----+

+ Detail: 
    * Instance: 
    N/A

    * DSP: 
    N/A

    * Memory: 
    N/A

    * FIFO: 
    N/A

    * Expression: 
    +---------------------------------------+----------+----+---+----+------------+------------+
    |             Variable Name             | Operation| DSP| FF| LUT| Bitwidth P0| Bitwidth P1|
    +---------------------------------------+----------+----+---+----+------------+------------+
    |x_7_fu_131_p2                          |         +|   0|  0|  11|          11|           1|
    |ap_block_pp0_stage0_01001_grp2         |       and|   0|  0|   1|           1|           1|
    |ap_block_pp0_stage1_01001_grp1         |       and|   0|  0|   1|           1|           1|
    |ap_block_state3_pp0_stage0_iter1_grp2  |       and|   0|  0|   1|           1|           1|
    |icmp_ln1772_fu_125_p2                  |      icmp|   0|  0|  11|          11|          11|
    |icmp_ln1789_fu_141_p2                  |      icmp|   0|  0|  12|          12|          12|
    |ap_block_state2_pp0_stage1_iter0_grp1  |        or|   0|  0|   1|           1|           1|
    |or_ln1789_fu_147_p2                    |        or|   0|  0|   1|           1|           1|
    |ap_enable_pp0                          |       xor|   0|  0|   2|           1|           2|
    +---------------------------------------+----------+----+---+----+------------+------------+
    |Total                                  |          |   0|  0|  41|          40|          31|
    +---------------------------------------+----------+----+---+----+------------+------------+

    * Multiplexer: 
    +-----------------------------+----+-----------+-----+-----------+
    |             Name            | LUT| Input Size| Bits| Total Bits|
    +-----------------------------+----+-----------+-----+-----------+
    |ap_NS_fsm                    |  13|          3|    1|          3|
    |ap_done_int                  |   9|          2|    1|          2|
    |ap_enable_reg_pp0_iter0      |   9|          2|    1|          2|
    |ap_enable_reg_pp0_iter0_reg  |   9|          2|    1|          2|
    |ap_enable_reg_pp0_iter1      |   9|          2|    1|          2|
    |ap_sig_allocacmp_x_6         |   9|          2|   11|         22|
    |bytePlanes_plane0_blk_n      |   9|          2|    1|          2|
    |img_blk_n                    |   9|          2|    1|          2|
    |img_din                      |  13|          3|   24|         72|
    |x_fu_82                      |   9|          2|   11|         22|
    +-----------------------------+----+-----------+-----+-----------+
    |Total                        |  98|         22|   53|        131|
    +-----------------------------+----+-----------+-----+-----------+

    * Register: 
    +-----------------------------+----+----+-----+-----------+
    |             Name            | FF | LUT| Bits| Const Bits|
    +-----------------------------+----+----+-----+-----------+
    |ap_CS_fsm                    |   2|   0|    2|          0|
    |ap_done_reg                  |   1|   0|    1|          0|
    |ap_enable_reg_pp0_iter0_reg  |   1|   0|    1|          0|
    |ap_enable_reg_pp0_iter1      |   1|   0|    1|          0|
    |icmp_ln1772_reg_234          |   1|   0|    1|          0|
    |or_ln1789_reg_238            |   1|   0|    1|          0|
    |tmp_14_reg_242               |   8|   0|    8|          0|
    |tmp_24_reg_247               |   8|   0|    8|          0|
    |tmp_25_reg_252               |   8|   0|    8|          0|
    |x_fu_82                      |  11|   0|   11|          0|
    +-----------------------------+----+----+-----+-----------+
    |Total                        |  42|   0|   42|          0|
    +-----------------------------+----+----+-----+-----------+



================================================================
== Interface
================================================================
* Summary: 
+----------------------------------+-----+-----+------------+--------------------------------------------------+--------------+
|             RTL Ports            | Dir | Bits|  Protocol  |                   Source Object                  |    C Type    |
+----------------------------------+-----+-----+------------+--------------------------------------------------+--------------+
|ap_clk                            |   in|    1|  ap_ctrl_hs|  Bytes2MultiPixStream_Pipeline_VITIS_LOOP_1772_29|  return value|
|ap_rst                            |   in|    1|  ap_ctrl_hs|  Bytes2MultiPixStream_Pipeline_VITIS_LOOP_1772_29|  return value|
|ap_start                          |   in|    1|  ap_ctrl_hs|  Bytes2MultiPixStream_Pipeline_VITIS_LOOP_1772_29|  return value|
|ap_done                           |  out|    1|  ap_ctrl_hs|  Bytes2MultiPixStream_Pipeline_VITIS_LOOP_1772_29|  return value|
|ap_idle                           |  out|    1|  ap_ctrl_hs|  Bytes2MultiPixStream_Pipeline_VITIS_LOOP_1772_29|  return value|
|ap_ready                          |  out|    1|  ap_ctrl_hs|  Bytes2MultiPixStream_Pipeline_VITIS_LOOP_1772_29|  return value|
|img_din                           |  out|   24|     ap_fifo|                                               img|       pointer|
|img_full_n                        |   in|    1|     ap_fifo|                                               img|       pointer|
|img_write                         |  out|    1|     ap_fifo|                                               img|       pointer|
|img_num_data_valid                |   in|   32|     ap_fifo|                                               img|       pointer|
|img_fifo_cap                      |   in|   32|     ap_fifo|                                               img|       pointer|
|bytePlanes_plane0_dout            |   in|   64|     ap_fifo|                                 bytePlanes_plane0|       pointer|
|bytePlanes_plane0_empty_n         |   in|    1|     ap_fifo|                                 bytePlanes_plane0|       pointer|
|bytePlanes_plane0_read            |  out|    1|     ap_fifo|                                 bytePlanes_plane0|       pointer|
|bytePlanes_plane0_num_data_valid  |   in|   10|     ap_fifo|                                 bytePlanes_plane0|       pointer|
|bytePlanes_plane0_fifo_cap        |   in|   10|     ap_fifo|                                 bytePlanes_plane0|       pointer|
|loopWidth_9                       |   in|   11|   ap_stable|                                       loopWidth_9|        scalar|
|sext_ln1765                       |   in|   12|   ap_stable|                                       sext_ln1765|        scalar|
|rev51                             |   in|    1|   ap_stable|                                             rev51|        scalar|
+----------------------------------+-----+-----+------------+--------------------------------------------------+--------------+

============================================================
+ Verbose Summary: Synthesis Manager
============================================================
InlineROM: 1
ExposeGlobal: 0
============================================================
+ Verbose Summary: CDFG Model
============================================================
IsTopModel: 0
ResetActiveHigh: 1
IsCombinational: 2
IsDatapathOnly: 2
HasWiredReturn: 1
HasMFsm: 2
HasVarLatency: 1
IsPipeline: 0
IsRtlPipelined: 0
IsInstanceOverlapped: 0
IsDontTouch: 0
HasImplIP: 0
IsGatedGlobalClock: 0

+ Individual pipeline summary: 
  * Pipeline-0: initiation interval (II) = 2, depth = 3


============================================================
+ Verbose Summary: Schedule
============================================================
* Number of FSM states : 3
* Pipeline : 1
  Pipeline-0 : II = 2, D = 3, States = { 1 2 3 }
* Dataflow Pipeline: 0

* FSM state transitions: 
1 --> 2 
2 --> 3 
3 --> 

* FSM state operations: 

State 1 <SV = 0> <Delay = 4.07>
ST_1 : Operation 6 [1/1] (0.00ns)   --->   "%x = alloca i32 1" [prj/sol/.autopilot/db/v_frmbuf_rd.cpp:1772]   --->   Operation 6 'alloca' 'x' <Predicate = true> <Delay = 0.00>
ST_1 : Operation 7 [1/1] (0.00ns)   --->   "%specmemcore_ln0 = specmemcore void @_ssdm_op_SpecMemCore, i64 %bytePlanes_plane0, i64 666, i64 8, i64 18446744073709551615, i1 0"   --->   Operation 7 'specmemcore' 'specmemcore_ln0' <Predicate = true> <Delay = 0.00>
ST_1 : Operation 8 [1/1] (0.00ns)   --->   "%specinterface_ln0 = specinterface void @_ssdm_op_SpecInterface, i24 %img, void @empty_17, i32 0, i32 0, void @empty_11, i32 0, i32 0, void @empty_11, void @empty_11, void @empty_11, i32 0, i32 0, i32 0, i32 0, void @empty_11, void @empty_11, i32 4294967295, i32 0, i32 0, i32 0"   --->   Operation 8 'specinterface' 'specinterface_ln0' <Predicate = true> <Delay = 0.00>
ST_1 : Operation 9 [1/1] (0.00ns)   --->   "%specinterface_ln0 = specinterface void @_ssdm_op_SpecInterface, i64 %bytePlanes_plane0, void @empty_17, i32 0, i32 0, void @empty_11, i32 0, i32 0, void @empty_11, void @empty_11, void @empty_11, i32 0, i32 0, i32 0, i32 0, void @empty_11, void @empty_11, i32 4294967295, i32 0, i32 0, i32 0"   --->   Operation 9 'specinterface' 'specinterface_ln0' <Predicate = true> <Delay = 0.00>
ST_1 : Operation 10 [1/1] (0.00ns)   --->   "%rev51_read = read i1 @_ssdm_op_Read.ap_auto.i1, i1 %rev51" [prj/sol/.autopilot/db/v_frmbuf_rd.cpp:686]   --->   Operation 10 'read' 'rev51_read' <Predicate = true> <Delay = 0.00>
ST_1 : Operation 11 [1/1] (0.00ns)   --->   "%sext_ln1765_read = read i12 @_ssdm_op_Read.ap_auto.i12, i12 %sext_ln1765" [prj/sol/.autopilot/db/v_frmbuf_rd.cpp:686]   --->   Operation 11 'read' 'sext_ln1765_read' <Predicate = true> <Delay = 0.00>
ST_1 : Operation 12 [1/1] (0.00ns)   --->   "%loopWidth_9_read = read i11 @_ssdm_op_Read.ap_auto.i11, i11 %loopWidth_9" [prj/sol/.autopilot/db/v_frmbuf_rd.cpp:686]   --->   Operation 12 'read' 'loopWidth_9_read' <Predicate = true> <Delay = 0.00>
ST_1 : Operation 13 [1/1] (1.29ns)   --->   "%store_ln1772 = store i11 0, i11 %x" [prj/sol/.autopilot/db/v_frmbuf_rd.cpp:1772]   --->   Operation 13 'store' 'store_ln1772' <Predicate = true> <Delay = 1.29>
ST_1 : Operation 14 [1/1] (0.00ns)   --->   "%br_ln1772 = br void %VITIS_LOOP_1778_30" [prj/sol/.autopilot/db/v_frmbuf_rd.cpp:1772]   --->   Operation 14 'br' 'br_ln1772' <Predicate = true> <Delay = 0.00>
ST_1 : Operation 15 [1/1] (0.00ns)   --->   "%x_6 = load i11 %x" [prj/sol/.autopilot/db/v_frmbuf_rd.cpp:1772]   --->   Operation 15 'load' 'x_6' <Predicate = true> <Delay = 0.00>
ST_1 : Operation 16 [1/1] (1.48ns)   --->   "%icmp_ln1772 = icmp_eq  i11 %x_6, i11 %loopWidth_9_read" [prj/sol/.autopilot/db/v_frmbuf_rd.cpp:1772]   --->   Operation 16 'icmp' 'icmp_ln1772' <Predicate = true> <Delay = 1.48> <CoreInst = "Cmp">   --->   Core 9 'Cmp' <Latency = 0> <II = 1> <Delay = 1.48> <FuncUnit> <Opcode : 'seteq' 'setne' 'setle' 'setge' 'setlt' 'setgt'> <InPorts = 2> <OutPorts = 1>
ST_1 : Operation 17 [1/1] (0.00ns)   --->   "%speclooptripcount_ln0 = speclooptripcount void @_ssdm_op_SpecLoopTripCount, i64 0, i64 1440, i64 0"   --->   Operation 17 'speclooptripcount' 'speclooptripcount_ln0' <Predicate = true> <Delay = 0.00>
ST_1 : Operation 18 [1/1] (1.48ns)   --->   "%x_7 = add i11 %x_6, i11 1" [prj/sol/.autopilot/db/v_frmbuf_rd.cpp:1772]   --->   Operation 18 'add' 'x_7' <Predicate = true> <Delay = 1.48> <CoreInst = "Adder">   --->   Core 1 'Adder' <Latency = 0> <II = 1> <Delay = 1.48> <FuncUnit> <Opcode : 'add' 'sub'> <InPorts = 2> <OutPorts = 1>
ST_1 : Operation 19 [1/1] (0.00ns)   --->   "%br_ln1772 = br i1 %icmp_ln1772, void %VITIS_LOOP_1778_30.split, void %for.inc1209.exitStub" [prj/sol/.autopilot/db/v_frmbuf_rd.cpp:1772]   --->   Operation 19 'br' 'br_ln1772' <Predicate = true> <Delay = 0.00>
ST_1 : Operation 20 [1/1] (0.00ns)   --->   "%zext_ln1774 = zext i11 %x_6" [prj/sol/.autopilot/db/v_frmbuf_rd.cpp:1774]   --->   Operation 20 'zext' 'zext_ln1774' <Predicate = (!icmp_ln1772)> <Delay = 0.00>
ST_1 : Operation 21 [1/1] (1.54ns)   --->   "%icmp_ln1789 = icmp_slt  i12 %zext_ln1774, i12 %sext_ln1765_read" [prj/sol/.autopilot/db/v_frmbuf_rd.cpp:1789]   --->   Operation 21 'icmp' 'icmp_ln1789' <Predicate = (!icmp_ln1772)> <Delay = 1.54> <CoreInst = "Cmp">   --->   Core 9 'Cmp' <Latency = 0> <II = 1> <Delay = 1.54> <FuncUnit> <Opcode : 'seteq' 'setne' 'setle' 'setge' 'setlt' 'setgt'> <InPorts = 2> <OutPorts = 1>
ST_1 : Operation 22 [1/1] (0.80ns)   --->   "%or_ln1789 = or i1 %icmp_ln1789, i1 %rev51_read" [prj/sol/.autopilot/db/v_frmbuf_rd.cpp:1789]   --->   Operation 22 'or' 'or_ln1789' <Predicate = (!icmp_ln1772)> <Delay = 0.80> <CoreInst = "LogicGate">   --->   Core 74 'LogicGate' <Latency = 0> <II = 1> <Delay = 0.80> <FuncUnit> <Opcode : 'and' 'or' 'xor'> <InPorts = 2> <OutPorts = 1>
ST_1 : Operation 23 [1/1] (0.00ns)   --->   "%br_ln1789 = br i1 %or_ln1789, void %for.inc1203.1, void %if.then1201.1" [prj/sol/.autopilot/db/v_frmbuf_rd.cpp:1789]   --->   Operation 23 'br' 'br_ln1789' <Predicate = (!icmp_ln1772)> <Delay = 0.00>
ST_1 : Operation 24 [1/1] (1.29ns)   --->   "%store_ln1772 = store i11 %x_7, i11 %x" [prj/sol/.autopilot/db/v_frmbuf_rd.cpp:1772]   --->   Operation 24 'store' 'store_ln1772' <Predicate = (!icmp_ln1772)> <Delay = 1.29>
ST_1 : Operation 25 [1/1] (0.00ns)   --->   "%br_ln1772 = br void %VITIS_LOOP_1778_30" [prj/sol/.autopilot/db/v_frmbuf_rd.cpp:1772]   --->   Operation 25 'br' 'br_ln1772' <Predicate = (!icmp_ln1772)> <Delay = 0.00>
ST_1 : Operation 40 [1/1] (1.29ns)   --->   "%ret_ln0 = ret"   --->   Operation 40 'ret' 'ret_ln0' <Predicate = (icmp_ln1772)> <Delay = 1.29>

State 2 <SV = 1> <Delay = 4.76>
ST_2 : Operation 26 [1/1] (0.00ns)   --->   "%specpipeline_ln1774 = specpipeline void @_ssdm_op_SpecPipeline, i32 2, i32 0, i32 0, i32 0, i32 4294967295, void @empty_11" [prj/sol/.autopilot/db/v_frmbuf_rd.cpp:1774]   --->   Operation 26 'specpipeline' 'specpipeline_ln1774' <Predicate = (!icmp_ln1772)> <Delay = 0.00>
ST_2 : Operation 27 [1/1] (0.00ns)   --->   "%specloopname_ln1772 = specloopname void @_ssdm_op_SpecLoopName, void @empty_34" [prj/sol/.autopilot/db/v_frmbuf_rd.cpp:1772]   --->   Operation 27 'specloopname' 'specloopname_ln1772' <Predicate = (!icmp_ln1772)> <Delay = 0.00>
ST_2 : Operation 28 [1/1] ( I:2.38ns O:2.38ns )   --->   "%rd = read i64 @_ssdm_op_Read.ap_fifo.volatile.i64P0A, i64 %bytePlanes_plane0" [prj/sol/.autopilot/db/v_frmbuf_rd.cpp:1777]   --->   Operation 28 'read' 'rd' <Predicate = (!icmp_ln1772)> <Delay = 2.38> <CoreInst = "FIFO_BRAM">   --->   Core 78 'FIFO_BRAM' <Latency = 0> <II = 1> <Delay = 3.41> <Storage> <Opcode : 'read' 'write' 'nbread' 'nbwrite'> <Ports = 0> <Width = 64> <Depth = 481> <FIFO>
ST_2 : Operation 29 [1/1] (0.00ns)   --->   "%tmp_11 = partselect i8 @_ssdm_op_PartSelect.i8.i64.i32, i64 %rd, i32 16" [prj/sol/.autopilot/db/v_frmbuf_rd.cpp:1783]   --->   Operation 29 'partselect' 'tmp_11' <Predicate = (!icmp_ln1772)> <Delay = 0.00>
ST_2 : Operation 30 [1/1] (0.00ns)   --->   "%tmp_12 = partselect i8 @_ssdm_op_PartSelect.i8.i64.i32.i32, i64 %rd, i32 8, i32 15" [prj/sol/.autopilot/db/v_frmbuf_rd.cpp:1790]   --->   Operation 30 'partselect' 'tmp_12' <Predicate = (!icmp_ln1772)> <Delay = 0.00>
ST_2 : Operation 31 [1/1] (0.00ns)   --->   "%trunc_ln1790 = trunc i64 %rd" [prj/sol/.autopilot/db/v_frmbuf_rd.cpp:1790]   --->   Operation 31 'trunc' 'trunc_ln1790' <Predicate = (!icmp_ln1772)> <Delay = 0.00>
ST_2 : Operation 32 [1/1] (0.00ns)   --->   "%or_ln1790_3 = bitconcatenate i24 @_ssdm_op_BitConcatenate.i24.i8.i8.i8, i8 %trunc_ln1790, i8 %tmp_12, i8 %tmp_11" [prj/sol/.autopilot/db/v_frmbuf_rd.cpp:1790]   --->   Operation 32 'bitconcatenate' 'or_ln1790_3' <Predicate = (!icmp_ln1772)> <Delay = 0.00>
ST_2 : Operation 33 [1/1] ( I:2.38ns O:2.38ns )   --->   "%write_ln1790 = write void @_ssdm_op_Write.ap_fifo.volatile.i24P0A, i24 %img, i24 %or_ln1790_3" [prj/sol/.autopilot/db/v_frmbuf_rd.cpp:1790]   --->   Operation 33 'write' 'write_ln1790' <Predicate = (!icmp_ln1772)> <Delay = 2.38> <CoreInst = "FIFO_SRL">   --->   Core 80 'FIFO_SRL' <Latency = 0> <II = 1> <Delay = 3.40> <Storage> <Opcode : 'read' 'write' 'nbread' 'nbwrite'> <Ports = 0> <Width = 24> <Depth = 2> <FIFO>
ST_2 : Operation 34 [1/1] (0.00ns)   --->   "%tmp_14 = partselect i8 @_ssdm_op_PartSelect.i8.i64.i32, i64 %rd, i32 48" [prj/sol/.autopilot/db/v_frmbuf_rd.cpp:1783]   --->   Operation 34 'partselect' 'tmp_14' <Predicate = (!icmp_ln1772)> <Delay = 0.00>
ST_2 : Operation 35 [1/1] (0.00ns)   --->   "%tmp_24 = partselect i8 @_ssdm_op_PartSelect.i8.i64.i32.i32, i64 %rd, i32 40, i32 47" [prj/sol/.autopilot/db/v_frmbuf_rd.cpp:1790]   --->   Operation 35 'partselect' 'tmp_24' <Predicate = (!icmp_ln1772 & or_ln1789)> <Delay = 0.00>
ST_2 : Operation 36 [1/1] (0.00ns)   --->   "%tmp_25 = partselect i8 @_ssdm_op_PartSelect.i8.i64.i32.i32, i64 %rd, i32 32, i32 39" [prj/sol/.autopilot/db/v_frmbuf_rd.cpp:1790]   --->   Operation 36 'partselect' 'tmp_25' <Predicate = (!icmp_ln1772 & or_ln1789)> <Delay = 0.00>

State 3 <SV = 2> <Delay = 2.38>
ST_3 : Operation 37 [1/1] (0.00ns)   --->   "%or_ln1790_7 = bitconcatenate i24 @_ssdm_op_BitConcatenate.i24.i8.i8.i8, i8 %tmp_25, i8 %tmp_24, i8 %tmp_14" [prj/sol/.autopilot/db/v_frmbuf_rd.cpp:1790]   --->   Operation 37 'bitconcatenate' 'or_ln1790_7' <Predicate = (or_ln1789)> <Delay = 0.00>
ST_3 : Operation 38 [1/1] ( I:2.38ns O:2.38ns )   --->   "%write_ln1790 = write void @_ssdm_op_Write.ap_fifo.volatile.i24P0A, i24 %img, i24 %or_ln1790_7" [prj/sol/.autopilot/db/v_frmbuf_rd.cpp:1790]   --->   Operation 38 'write' 'write_ln1790' <Predicate = (or_ln1789)> <Delay = 2.38> <CoreInst = "FIFO_SRL">   --->   Core 80 'FIFO_SRL' <Latency = 0> <II = 1> <Delay = 3.40> <Storage> <Opcode : 'read' 'write' 'nbread' 'nbwrite'> <Ports = 0> <Width = 24> <Depth = 2> <FIFO>
ST_3 : Operation 39 [1/1] (0.00ns)   --->   "%br_ln1790 = br void %for.inc1203.1" [prj/sol/.autopilot/db/v_frmbuf_rd.cpp:1790]   --->   Operation 39 'br' 'br_ln1790' <Predicate = (or_ln1789)> <Delay = 0.00>


============================================================
+ Verbose Summary: Binding
============================================================
STG Binding: 
---------------- STG Properties BEGIN ----------------
- Is combinational: 0
- Is one-state seq: 0
- Is datapath-only: 0
- Is pipelined: 0
- Is top level: 0
Port [ Return ] is wired: 1; IO mode=ap_ctrl_hs:ce=0
Port [ loopWidth_9]:  wired=1; compound=0; hidden=0; nouse=0; global=0; static=0; extern=0; dir=0; type=0; pingpong=0; private_global=0; IO mode=ap_stable:ce=0
Port [ bytePlanes_plane0]:  wired=1; compound=1; hidden=0; nouse=0; global=0; static=0; extern=0; dir=0; type=3; pingpong=0; private_global=0; IO mode=ap_fifo:ce=0
Port [ sext_ln1765]:  wired=1; compound=0; hidden=0; nouse=0; global=0; static=0; extern=0; dir=0; type=0; pingpong=0; private_global=0; IO mode=ap_stable:ce=0
Port [ img]:  wired=1; compound=1; hidden=0; nouse=0; global=0; static=0; extern=0; dir=1; type=3; pingpong=0; private_global=0; IO mode=ap_fifo:ce=0
Port [ rev51]:  wired=1; compound=0; hidden=0; nouse=0; global=0; static=0; extern=0; dir=0; type=0; pingpong=0; private_global=0; IO mode=ap_stable:ce=0
---------------- STG Properties END ------------------

---------------- Datapath Model BEGIN ----------------

<LifeTime>
<method=bitvector/>
x                     (alloca           ) [ 0100]
specmemcore_ln0       (specmemcore      ) [ 0000]
specinterface_ln0     (specinterface    ) [ 0000]
specinterface_ln0     (specinterface    ) [ 0000]
rev51_read            (read             ) [ 0000]
sext_ln1765_read      (read             ) [ 0000]
loopWidth_9_read      (read             ) [ 0000]
store_ln1772          (store            ) [ 0000]
br_ln1772             (br               ) [ 0000]
x_6                   (load             ) [ 0000]
icmp_ln1772           (icmp             ) [ 0110]
speclooptripcount_ln0 (speclooptripcount) [ 0000]
x_7                   (add              ) [ 0000]
br_ln1772             (br               ) [ 0000]
zext_ln1774           (zext             ) [ 0000]
icmp_ln1789           (icmp             ) [ 0000]
or_ln1789             (or               ) [ 0111]
br_ln1789             (br               ) [ 0000]
store_ln1772          (store            ) [ 0000]
br_ln1772             (br               ) [ 0000]
specpipeline_ln1774   (specpipeline     ) [ 0000]
specloopname_ln1772   (specloopname     ) [ 0000]
rd                    (read             ) [ 0000]
tmp_11                (partselect       ) [ 0000]
tmp_12                (partselect       ) [ 0000]
trunc_ln1790          (trunc            ) [ 0000]
or_ln1790_3           (bitconcatenate   ) [ 0000]
write_ln1790          (write            ) [ 0000]
tmp_14                (partselect       ) [ 0101]
tmp_24                (partselect       ) [ 0101]
tmp_25                (partselect       ) [ 0101]
or_ln1790_7           (bitconcatenate   ) [ 0000]
write_ln1790          (write            ) [ 0000]
br_ln1790             (br               ) [ 0000]
ret_ln0               (ret              ) [ 0000]
</LifeTime>

<model>

<comp_list>
<comp id="0" class="1000" name="loopWidth_9">
<pin_list>
<pin id="1" dir="1" index="0" bw="1" slack="0"/>
</pin_list>
<bind>
<StgValue><ssdm name="loopWidth_9"/></StgValue>
</bind>
</comp>

<comp id="2" class="1000" name="bytePlanes_plane0">
<pin_list>
<pin id="3" dir="1" index="0" bw="1" slack="0"/>
</pin_list>
<bind>
<StgValue><ssdm name="bytePlanes_plane0"/></StgValue>
</bind>
</comp>

<comp id="4" class="1000" name="sext_ln1765">
<pin_list>
<pin id="5" dir="1" index="0" bw="1" slack="0"/>
</pin_list>
<bind>
<StgValue><ssdm name="sext_ln1765"/></StgValue>
</bind>
</comp>

<comp id="6" class="1000" name="img">
<pin_list>
<pin id="7" dir="1" index="0" bw="1" slack="0"/>
</pin_list>
<bind>
<StgValue><ssdm name="img"/></StgValue>
</bind>
</comp>

<comp id="8" class="1000" name="rev51">
<pin_list>
<pin id="9" dir="1" index="0" bw="1" slack="0"/>
</pin_list>
<bind>
<StgValue><ssdm name="rev51"/></StgValue>
</bind>
</comp>

<comp id="10" class="1001" name="const_10">
<pin_list>
<pin id="11" dir="1" index="0" bw="1" slack="0"/>
</pin_list>
<bind>
<StgValue><ssdm name=""/></StgValue>
</bind>
</comp>

<comp id="12" class="1001" name="const_12">
<pin_list>
<pin id="13" dir="1" index="0" bw="1" slack="2147483647"/>
</pin_list>
<bind>
<StgValue><ssdm name="_ssdm_op_SpecMemCore"/></StgValue>
</bind>
</comp>

<comp id="14" class="1001" name="const_14">
<pin_list>
<pin id="15" dir="1" index="0" bw="1" slack="2147483647"/>
</pin_list>
<bind>
<StgValue><ssdm name=""/></StgValue>
</bind>
</comp>

<comp id="16" class="1001" name="const_16">
<pin_list>
<pin id="17" dir="1" index="0" bw="1" slack="2147483647"/>
</pin_list>
<bind>
<StgValue><ssdm name=""/></StgValue>
</bind>
</comp>

<comp id="18" class="1001" name="const_18">
<pin_list>
<pin id="19" dir="1" index="0" bw="1" slack="2147483647"/>
</pin_list>
<bind>
<StgValue><ssdm name=""/></StgValue>
</bind>
</comp>

<comp id="20" class="1001" name="const_20">
<pin_list>
<pin id="21" dir="1" index="0" bw="1" slack="2147483647"/>
</pin_list>
<bind>
<StgValue><ssdm name=""/></StgValue>
</bind>
</comp>

<comp id="22" class="1001" name="const_22">
<pin_list>
<pin id="23" dir="1" index="0" bw="1" slack="2147483647"/>
</pin_list>
<bind>
<StgValue><ssdm name="_ssdm_op_SpecInterface"/></StgValue>
</bind>
</comp>

<comp id="24" class="1001" name="const_24">
<pin_list>
<pin id="25" dir="1" index="0" bw="1" slack="2147483647"/>
</pin_list>
<bind>
<StgValue><ssdm name="empty_17"/></StgValue>
</bind>
</comp>

<comp id="26" class="1001" name="const_26">
<pin_list>
<pin id="27" dir="1" index="0" bw="1" slack="2147483647"/>
</pin_list>
<bind>
<StgValue><ssdm name=""/></StgValue>
</bind>
</comp>

<comp id="28" class="1001" name="const_28">
<pin_list>
<pin id="29" dir="1" index="0" bw="1" slack="2147483647"/>
</pin_list>
<bind>
<StgValue><ssdm name="empty_11"/></StgValue>
</bind>
</comp>

<comp id="30" class="1001" name="const_30">
<pin_list>
<pin id="31" dir="1" index="0" bw="1" slack="2147483647"/>
</pin_list>
<bind>
<StgValue><ssdm name=""/></StgValue>
</bind>
</comp>

<comp id="32" class="1001" name="const_32">
<pin_list>
<pin id="33" dir="1" index="0" bw="1" slack="0"/>
</pin_list>
<bind>
<StgValue><ssdm name="_ssdm_op_Read.ap_auto.i1"/></StgValue>
</bind>
</comp>

<comp id="34" class="1001" name="const_34">
<pin_list>
<pin id="35" dir="1" index="0" bw="1" slack="0"/>
</pin_list>
<bind>
<StgValue><ssdm name="_ssdm_op_Read.ap_auto.i12"/></StgValue>
</bind>
</comp>

<comp id="36" class="1001" name="const_36">
<pin_list>
<pin id="37" dir="1" index="0" bw="1" slack="0"/>
</pin_list>
<bind>
<StgValue><ssdm name="_ssdm_op_Read.ap_auto.i11"/></StgValue>
</bind>
</comp>

<comp id="38" class="1001" name="const_38">
<pin_list>
<pin id="39" dir="1" index="0" bw="1" slack="0"/>
</pin_list>
<bind>
<StgValue><ssdm name=""/></StgValue>
</bind>
</comp>

<comp id="40" class="1001" name="const_40">
<pin_list>
<pin id="41" dir="1" index="0" bw="1" slack="2147483647"/>
</pin_list>
<bind>
<StgValue><ssdm name="_ssdm_op_SpecLoopTripCount"/></StgValue>
</bind>
</comp>

<comp id="42" class="1001" name="const_42">
<pin_list>
<pin id="43" dir="1" index="0" bw="1" slack="2147483647"/>
</pin_list>
<bind>
<StgValue><ssdm name=""/></StgValue>
</bind>
</comp>

<comp id="44" class="1001" name="const_44">
<pin_list>
<pin id="45" dir="1" index="0" bw="1" slack="2147483647"/>
</pin_list>
<bind>
<StgValue><ssdm name=""/></StgValue>
</bind>
</comp>

<comp id="46" class="1001" name="const_46">
<pin_list>
<pin id="47" dir="1" index="0" bw="1" slack="0"/>
</pin_list>
<bind>
<StgValue><ssdm name=""/></StgValue>
</bind>
</comp>

<comp id="48" class="1001" name="const_48">
<pin_list>
<pin id="49" dir="1" index="0" bw="1" slack="2147483647"/>
</pin_list>
<bind>
<StgValue><ssdm name="_ssdm_op_SpecPipeline"/></StgValue>
</bind>
</comp>

<comp id="50" class="1001" name="const_50">
<pin_list>
<pin id="51" dir="1" index="0" bw="1" slack="2147483647"/>
</pin_list>
<bind>
<StgValue><ssdm name=""/></StgValue>
</bind>
</comp>

<comp id="52" class="1001" name="const_52">
<pin_list>
<pin id="53" dir="1" index="0" bw="1" slack="2147483647"/>
</pin_list>
<bind>
<StgValue><ssdm name="_ssdm_op_SpecLoopName"/></StgValue>
</bind>
</comp>

<comp id="54" class="1001" name="const_54">
<pin_list>
<pin id="55" dir="1" index="0" bw="1" slack="2147483647"/>
</pin_list>
<bind>
<StgValue><ssdm name="empty_34"/></StgValue>
</bind>
</comp>

<comp id="56" class="1001" name="const_56">
<pin_list>
<pin id="57" dir="1" index="0" bw="1" slack="0"/>
</pin_list>
<bind>
<StgValue><ssdm name="_ssdm_op_Read.ap_fifo.volatile.i64P0A"/></StgValue>
</bind>
</comp>

<comp id="58" class="1001" name="const_58">
<pin_list>
<pin id="59" dir="1" index="0" bw="1" slack="0"/>
</pin_list>
<bind>
<StgValue><ssdm name="_ssdm_op_PartSelect.i8.i64.i32"/></StgValue>
</bind>
</comp>

<comp id="60" class="1001" name="const_60">
<pin_list>
<pin id="61" dir="1" index="0" bw="1" slack="0"/>
</pin_list>
<bind>
<StgValue><ssdm name=""/></StgValue>
</bind>
</comp>

<comp id="62" class="1001" name="const_62">
<pin_list>
<pin id="63" dir="1" index="0" bw="1" slack="0"/>
</pin_list>
<bind>
<StgValue><ssdm name="_ssdm_op_PartSelect.i8.i64.i32.i32"/></StgValue>
</bind>
</comp>

<comp id="64" class="1001" name="const_64">
<pin_list>
<pin id="65" dir="1" index="0" bw="1" slack="0"/>
</pin_list>
<bind>
<StgValue><ssdm name=""/></StgValue>
</bind>
</comp>

<comp id="66" class="1001" name="const_66">
<pin_list>
<pin id="67" dir="1" index="0" bw="1" slack="0"/>
</pin_list>
<bind>
<StgValue><ssdm name=""/></StgValue>
</bind>
</comp>

<comp id="68" class="1001" name="const_68">
<pin_list>
<pin id="69" dir="1" index="0" bw="1" slack="0"/>
</pin_list>
<bind>
<StgValue><ssdm name="_ssdm_op_BitConcatenate.i24.i8.i8.i8"/></StgValue>
</bind>
</comp>

<comp id="70" class="1001" name="const_70">
<pin_list>
<pin id="71" dir="1" index="0" bw="1" slack="0"/>
</pin_list>
<bind>
<StgValue><ssdm name="_ssdm_op_Write.ap_fifo.volatile.i24P0A"/></StgValue>
</bind>
</comp>

<comp id="72" class="1001" name="const_72">
<pin_list>
<pin id="73" dir="1" index="0" bw="1" slack="0"/>
</pin_list>
<bind>
<StgValue><ssdm name=""/></StgValue>
</bind>
</comp>

<comp id="74" class="1001" name="const_74">
<pin_list>
<pin id="75" dir="1" index="0" bw="1" slack="0"/>
</pin_list>
<bind>
<StgValue><ssdm name=""/></StgValue>
</bind>
</comp>

<comp id="76" class="1001" name="const_76">
<pin_list>
<pin id="77" dir="1" index="0" bw="1" slack="0"/>
</pin_list>
<bind>
<StgValue><ssdm name=""/></StgValue>
</bind>
</comp>

<comp id="78" class="1001" name="const_78">
<pin_list>
<pin id="79" dir="1" index="0" bw="1" slack="0"/>
</pin_list>
<bind>
<StgValue><ssdm name=""/></StgValue>
</bind>
</comp>

<comp id="80" class="1001" name="const_80">
<pin_list>
<pin id="81" dir="1" index="0" bw="1" slack="0"/>
</pin_list>
<bind>
<StgValue><ssdm name=""/></StgValue>
</bind>
</comp>

<comp id="82" class="1004" name="x_fu_82">
<pin_list>
<pin id="83" dir="0" index="0" bw="1" slack="0"/>
<pin id="84" dir="1" index="1" bw="11" slack="0"/>
</pin_list>
<bind>
<opcode="alloca(26) " fcode="alloca"/>
<opset="x/1 "/>
</bind>
</comp>

<comp id="86" class="1004" name="rev51_read_read_fu_86">
<pin_list>
<pin id="87" dir="0" index="0" bw="1" slack="0"/>
<pin id="88" dir="0" index="1" bw="1" slack="0"/>
<pin id="89" dir="1" index="2" bw="1" slack="0"/>
</pin_list>
<bind>
<opcode="read(1150) " fcode="read"/>
<opset="rev51_read/1 "/>
</bind>
</comp>

<comp id="92" class="1004" name="sext_ln1765_read_read_fu_92">
<pin_list>
<pin id="93" dir="0" index="0" bw="12" slack="0"/>
<pin id="94" dir="0" index="1" bw="12" slack="0"/>
<pin id="95" dir="1" index="2" bw="12" slack="0"/>
</pin_list>
<bind>
<opcode="read(1150) " fcode="read"/>
<opset="sext_ln1765_read/1 "/>
</bind>
</comp>

<comp id="98" class="1004" name="loopWidth_9_read_read_fu_98">
<pin_list>
<pin id="99" dir="0" index="0" bw="11" slack="0"/>
<pin id="100" dir="0" index="1" bw="11" slack="0"/>
<pin id="101" dir="1" index="2" bw="11" slack="0"/>
</pin_list>
<bind>
<opcode="read(1150) " fcode="read"/>
<opset="loopWidth_9_read/1 "/>
</bind>
</comp>

<comp id="104" class="1004" name="rd_read_fu_104">
<pin_list>
<pin id="105" dir="0" index="0" bw="64" slack="0"/>
<pin id="106" dir="0" index="1" bw="64" slack="0"/>
<pin id="107" dir="1" index="2" bw="64" slack="0"/>
</pin_list>
<bind>
<opcode="read(1150) " fcode="read"/>
<opset="rd/2 "/>
</bind>
</comp>

<comp id="110" class="1004" name="grp_write_fu_110">
<pin_list>
<pin id="111" dir="0" index="0" bw="0" slack="0"/>
<pin id="112" dir="0" index="1" bw="24" slack="0"/>
<pin id="113" dir="0" index="2" bw="24" slack="0"/>
<pin id="114" dir="1" index="3" bw="0" slack="2147483647"/>
</pin_list>
<bind>
<opcode="write(1151) " fcode="write"/>
<opset="write_ln1790/2 write_ln1790/3 "/>
</bind>
</comp>

<comp id="117" class="1004" name="store_ln1772_store_fu_117">
<pin_list>
<pin id="118" dir="0" index="0" bw="1" slack="0"/>
<pin id="119" dir="0" index="1" bw="11" slack="0"/>
<pin id="120" dir="1" index="2" bw="0" slack="2147483647"/>
</pin_list>
<bind>
<opcode="store(28) " fcode="store"/>
<opset="store_ln1772/1 "/>
</bind>
</comp>

<comp id="122" class="1004" name="x_6_load_fu_122">
<pin_list>
<pin id="123" dir="0" index="0" bw="11" slack="0"/>
<pin id="124" dir="1" index="1" bw="11" slack="0"/>
</pin_list>
<bind>
<opcode="load(27) " fcode="load"/>
<opset="x_6/1 "/>
</bind>
</comp>

<comp id="125" class="1004" name="icmp_ln1772_fu_125">
<pin_list>
<pin id="126" dir="0" index="0" bw="11" slack="0"/>
<pin id="127" dir="0" index="1" bw="11" slack="0"/>
<pin id="128" dir="1" index="2" bw="1" slack="1"/>
</pin_list>
<bind>
<opcode="icmp(45) " fcode="icmp"/>
<opset="icmp_ln1772/1 "/>
</bind>
</comp>

<comp id="131" class="1004" name="x_7_fu_131">
<pin_list>
<pin id="132" dir="0" index="0" bw="11" slack="0"/>
<pin id="133" dir="0" index="1" bw="1" slack="0"/>
<pin id="134" dir="1" index="2" bw="11" slack="0"/>
</pin_list>
<bind>
<opcode="add(8) " fcode="add"/>
<opset="x_7/1 "/>
</bind>
</comp>

<comp id="137" class="1004" name="zext_ln1774_fu_137">
<pin_list>
<pin id="138" dir="0" index="0" bw="11" slack="0"/>
<pin id="139" dir="1" index="1" bw="12" slack="0"/>
</pin_list>
<bind>
<opcode="zext(34) " fcode="zext"/>
<opset="zext_ln1774/1 "/>
</bind>
</comp>

<comp id="141" class="1004" name="icmp_ln1789_fu_141">
<pin_list>
<pin id="142" dir="0" index="0" bw="12" slack="0"/>
<pin id="143" dir="0" index="1" bw="12" slack="0"/>
<pin id="144" dir="1" index="2" bw="1" slack="0"/>
</pin_list>
<bind>
<opcode="icmp(45) " fcode="icmp"/>
<opset="icmp_ln1789/1 "/>
</bind>
</comp>

<comp id="147" class="1004" name="or_ln1789_fu_147">
<pin_list>
<pin id="148" dir="0" index="0" bw="1" slack="0"/>
<pin id="149" dir="0" index="1" bw="1" slack="0"/>
<pin id="150" dir="1" index="2" bw="1" slack="1"/>
</pin_list>
<bind>
<opcode="or(24) " fcode="or"/>
<opset="or_ln1789/1 "/>
</bind>
</comp>

<comp id="153" class="1004" name="store_ln1772_store_fu_153">
<pin_list>
<pin id="154" dir="0" index="0" bw="11" slack="0"/>
<pin id="155" dir="0" index="1" bw="11" slack="0"/>
<pin id="156" dir="1" index="2" bw="0" slack="2147483647"/>
</pin_list>
<bind>
<opcode="store(28) " fcode="store"/>
<opset="store_ln1772/1 "/>
</bind>
</comp>

<comp id="158" class="1004" name="tmp_11_fu_158">
<pin_list>
<pin id="159" dir="0" index="0" bw="8" slack="0"/>
<pin id="160" dir="0" index="1" bw="64" slack="0"/>
<pin id="161" dir="0" index="2" bw="6" slack="0"/>
<pin id="162" dir="1" index="3" bw="8" slack="0"/>
</pin_list>
<bind>
<opcode="partselect(1002) " fcode="partselect"/>
<opset="tmp_11/2 "/>
</bind>
</comp>

<comp id="166" class="1004" name="tmp_12_fu_166">
<pin_list>
<pin id="167" dir="0" index="0" bw="8" slack="0"/>
<pin id="168" dir="0" index="1" bw="64" slack="0"/>
<pin id="169" dir="0" index="2" bw="5" slack="0"/>
<pin id="170" dir="0" index="3" bw="5" slack="0"/>
<pin id="171" dir="1" index="4" bw="8" slack="0"/>
</pin_list>
<bind>
<opcode="partselect(1002) " fcode="partselect"/>
<opset="tmp_12/2 "/>
</bind>
</comp>

<comp id="176" class="1004" name="trunc_ln1790_fu_176">
<pin_list>
<pin id="177" dir="0" index="0" bw="64" slack="0"/>
<pin id="178" dir="1" index="1" bw="8" slack="0"/>
</pin_list>
<bind>
<opcode="trunc(33) " fcode="trunc"/>
<opset="trunc_ln1790/2 "/>
</bind>
</comp>

<comp id="180" class="1004" name="or_ln1790_3_fu_180">
<pin_list>
<pin id="181" dir="0" index="0" bw="24" slack="0"/>
<pin id="182" dir="0" index="1" bw="8" slack="0"/>
<pin id="183" dir="0" index="2" bw="8" slack="0"/>
<pin id="184" dir="0" index="3" bw="8" slack="0"/>
<pin id="185" dir="1" index="4" bw="24" slack="0"/>
</pin_list>
<bind>
<opcode="bitconcatenate(1004) " fcode="bitconcatenate"/>
<opset="or_ln1790_3/2 "/>
</bind>
</comp>

<comp id="191" class="1004" name="tmp_14_fu_191">
<pin_list>
<pin id="192" dir="0" index="0" bw="8" slack="0"/>
<pin id="193" dir="0" index="1" bw="64" slack="0"/>
<pin id="194" dir="0" index="2" bw="7" slack="0"/>
<pin id="195" dir="1" index="3" bw="8" slack="1"/>
</pin_list>
<bind>
<opcode="partselect(1002) " fcode="partselect"/>
<opset="tmp_14/2 "/>
</bind>
</comp>

<comp id="199" class="1004" name="tmp_24_fu_199">
<pin_list>
<pin id="200" dir="0" index="0" bw="8" slack="0"/>
<pin id="201" dir="0" index="1" bw="64" slack="0"/>
<pin id="202" dir="0" index="2" bw="7" slack="0"/>
<pin id="203" dir="0" index="3" bw="7" slack="0"/>
<pin id="204" dir="1" index="4" bw="8" slack="1"/>
</pin_list>
<bind>
<opcode="partselect(1002) " fcode="partselect"/>
<opset="tmp_24/2 "/>
</bind>
</comp>

<comp id="209" class="1004" name="tmp_25_fu_209">
<pin_list>
<pin id="210" dir="0" index="0" bw="8" slack="0"/>
<pin id="211" dir="0" index="1" bw="64" slack="0"/>
<pin id="212" dir="0" index="2" bw="7" slack="0"/>
<pin id="213" dir="0" index="3" bw="7" slack="0"/>
<pin id="214" dir="1" index="4" bw="8" slack="1"/>
</pin_list>
<bind>
<opcode="partselect(1002) " fcode="partselect"/>
<opset="tmp_25/2 "/>
</bind>
</comp>

<comp id="219" class="1004" name="or_ln1790_7_fu_219">
<pin_list>
<pin id="220" dir="0" index="0" bw="24" slack="0"/>
<pin id="221" dir="0" index="1" bw="8" slack="1"/>
<pin id="222" dir="0" index="2" bw="8" slack="1"/>
<pin id="223" dir="0" index="3" bw="8" slack="1"/>
<pin id="224" dir="1" index="4" bw="24" slack="0"/>
</pin_list>
<bind>
<opcode="bitconcatenate(1004) " fcode="bitconcatenate"/>
<opset="or_ln1790_7/3 "/>
</bind>
</comp>

<comp id="227" class="1005" name="x_reg_227">
<pin_list>
<pin id="228" dir="0" index="0" bw="11" slack="0"/>
<pin id="229" dir="1" index="1" bw="11" slack="0"/>
</pin_list>
<bind>
<opset="x "/>
</bind>
</comp>

<comp id="234" class="1005" name="icmp_ln1772_reg_234">
<pin_list>
<pin id="235" dir="0" index="0" bw="1" slack="1"/>
<pin id="236" dir="1" index="1" bw="1" slack="2147483647"/>
</pin_list>
<bind>
<opset="icmp_ln1772 "/>
</bind>
</comp>

<comp id="238" class="1005" name="or_ln1789_reg_238">
<pin_list>
<pin id="239" dir="0" index="0" bw="1" slack="1"/>
<pin id="240" dir="1" index="1" bw="1" slack="2147483647"/>
</pin_list>
<bind>
<opset="or_ln1789 "/>
</bind>
</comp>

<comp id="242" class="1005" name="tmp_14_reg_242">
<pin_list>
<pin id="243" dir="0" index="0" bw="8" slack="1"/>
<pin id="244" dir="1" index="1" bw="8" slack="1"/>
</pin_list>
<bind>
<opset="tmp_14 "/>
</bind>
</comp>

<comp id="247" class="1005" name="tmp_24_reg_247">
<pin_list>
<pin id="248" dir="0" index="0" bw="8" slack="1"/>
<pin id="249" dir="1" index="1" bw="8" slack="1"/>
</pin_list>
<bind>
<opset="tmp_24 "/>
</bind>
</comp>

<comp id="252" class="1005" name="tmp_25_reg_252">
<pin_list>
<pin id="253" dir="0" index="0" bw="8" slack="1"/>
<pin id="254" dir="1" index="1" bw="8" slack="1"/>
</pin_list>
<bind>
<opset="tmp_25 "/>
</bind>
</comp>

</comp_list>

<net_list>
<net id="85"><net_src comp="10" pin="0"/><net_sink comp="82" pin=0"/></net>

<net id="90"><net_src comp="32" pin="0"/><net_sink comp="86" pin=0"/></net>

<net id="91"><net_src comp="8" pin="0"/><net_sink comp="86" pin=1"/></net>

<net id="96"><net_src comp="34" pin="0"/><net_sink comp="92" pin=0"/></net>

<net id="97"><net_src comp="4" pin="0"/><net_sink comp="92" pin=1"/></net>

<net id="102"><net_src comp="36" pin="0"/><net_sink comp="98" pin=0"/></net>

<net id="103"><net_src comp="0" pin="0"/><net_sink comp="98" pin=1"/></net>

<net id="108"><net_src comp="56" pin="0"/><net_sink comp="104" pin=0"/></net>

<net id="109"><net_src comp="2" pin="0"/><net_sink comp="104" pin=1"/></net>

<net id="115"><net_src comp="70" pin="0"/><net_sink comp="110" pin=0"/></net>

<net id="116"><net_src comp="6" pin="0"/><net_sink comp="110" pin=1"/></net>

<net id="121"><net_src comp="38" pin="0"/><net_sink comp="117" pin=0"/></net>

<net id="129"><net_src comp="122" pin="1"/><net_sink comp="125" pin=0"/></net>

<net id="130"><net_src comp="98" pin="2"/><net_sink comp="125" pin=1"/></net>

<net id="135"><net_src comp="122" pin="1"/><net_sink comp="131" pin=0"/></net>

<net id="136"><net_src comp="46" pin="0"/><net_sink comp="131" pin=1"/></net>

<net id="140"><net_src comp="122" pin="1"/><net_sink comp="137" pin=0"/></net>

<net id="145"><net_src comp="137" pin="1"/><net_sink comp="141" pin=0"/></net>

<net id="146"><net_src comp="92" pin="2"/><net_sink comp="141" pin=1"/></net>

<net id="151"><net_src comp="141" pin="2"/><net_sink comp="147" pin=0"/></net>

<net id="152"><net_src comp="86" pin="2"/><net_sink comp="147" pin=1"/></net>

<net id="157"><net_src comp="131" pin="2"/><net_sink comp="153" pin=0"/></net>

<net id="163"><net_src comp="58" pin="0"/><net_sink comp="158" pin=0"/></net>

<net id="164"><net_src comp="104" pin="2"/><net_sink comp="158" pin=1"/></net>

<net id="165"><net_src comp="60" pin="0"/><net_sink comp="158" pin=2"/></net>

<net id="172"><net_src comp="62" pin="0"/><net_sink comp="166" pin=0"/></net>

<net id="173"><net_src comp="104" pin="2"/><net_sink comp="166" pin=1"/></net>

<net id="174"><net_src comp="64" pin="0"/><net_sink comp="166" pin=2"/></net>

<net id="175"><net_src comp="66" pin="0"/><net_sink comp="166" pin=3"/></net>

<net id="179"><net_src comp="104" pin="2"/><net_sink comp="176" pin=0"/></net>

<net id="186"><net_src comp="68" pin="0"/><net_sink comp="180" pin=0"/></net>

<net id="187"><net_src comp="176" pin="1"/><net_sink comp="180" pin=1"/></net>

<net id="188"><net_src comp="166" pin="4"/><net_sink comp="180" pin=2"/></net>

<net id="189"><net_src comp="158" pin="3"/><net_sink comp="180" pin=3"/></net>

<net id="190"><net_src comp="180" pin="4"/><net_sink comp="110" pin=2"/></net>

<net id="196"><net_src comp="58" pin="0"/><net_sink comp="191" pin=0"/></net>

<net id="197"><net_src comp="104" pin="2"/><net_sink comp="191" pin=1"/></net>

<net id="198"><net_src comp="72" pin="0"/><net_sink comp="191" pin=2"/></net>

<net id="205"><net_src comp="62" pin="0"/><net_sink comp="199" pin=0"/></net>

<net id="206"><net_src comp="104" pin="2"/><net_sink comp="199" pin=1"/></net>

<net id="207"><net_src comp="74" pin="0"/><net_sink comp="199" pin=2"/></net>

<net id="208"><net_src comp="76" pin="0"/><net_sink comp="199" pin=3"/></net>

<net id="215"><net_src comp="62" pin="0"/><net_sink comp="209" pin=0"/></net>

<net id="216"><net_src comp="104" pin="2"/><net_sink comp="209" pin=1"/></net>

<net id="217"><net_src comp="78" pin="0"/><net_sink comp="209" pin=2"/></net>

<net id="218"><net_src comp="80" pin="0"/><net_sink comp="209" pin=3"/></net>

<net id="225"><net_src comp="68" pin="0"/><net_sink comp="219" pin=0"/></net>

<net id="226"><net_src comp="219" pin="4"/><net_sink comp="110" pin=2"/></net>

<net id="230"><net_src comp="82" pin="1"/><net_sink comp="227" pin=0"/></net>

<net id="231"><net_src comp="227" pin="1"/><net_sink comp="117" pin=1"/></net>

<net id="232"><net_src comp="227" pin="1"/><net_sink comp="122" pin=0"/></net>

<net id="233"><net_src comp="227" pin="1"/><net_sink comp="153" pin=1"/></net>

<net id="237"><net_src comp="125" pin="2"/><net_sink comp="234" pin=0"/></net>

<net id="241"><net_src comp="147" pin="2"/><net_sink comp="238" pin=0"/></net>

<net id="245"><net_src comp="191" pin="3"/><net_sink comp="242" pin=0"/></net>

<net id="246"><net_src comp="242" pin="1"/><net_sink comp="219" pin=3"/></net>

<net id="250"><net_src comp="199" pin="4"/><net_sink comp="247" pin=0"/></net>

<net id="251"><net_src comp="247" pin="1"/><net_sink comp="219" pin=2"/></net>

<net id="255"><net_src comp="209" pin="4"/><net_sink comp="252" pin=0"/></net>

<net id="256"><net_src comp="252" pin="1"/><net_sink comp="219" pin=1"/></net>

</net_list>

</model> 
---------------- Datapath Model END ------------------

* FSMD analyzer results:
  - Output states:
	Port: bytePlanes_plane0 | {}
	Port: img | {2 3 }
 - Input state : 
	Port: Bytes2MultiPixStream_Pipeline_VITIS_LOOP_1772_29 : loopWidth_9 | {1 }
	Port: Bytes2MultiPixStream_Pipeline_VITIS_LOOP_1772_29 : bytePlanes_plane0 | {2 }
	Port: Bytes2MultiPixStream_Pipeline_VITIS_LOOP_1772_29 : sext_ln1765 | {1 }
	Port: Bytes2MultiPixStream_Pipeline_VITIS_LOOP_1772_29 : img | {}
	Port: Bytes2MultiPixStream_Pipeline_VITIS_LOOP_1772_29 : rev51 | {1 }
  - Chain level:
	State 1
		store_ln1772 : 1
		x_6 : 1
		icmp_ln1772 : 2
		x_7 : 2
		br_ln1772 : 3
		zext_ln1774 : 2
		icmp_ln1789 : 3
		or_ln1789 : 4
		br_ln1789 : 4
		store_ln1772 : 3
	State 2
		or_ln1790_3 : 1
		write_ln1790 : 2
	State 3
		write_ln1790 : 1


============================================================
+ Verbose Summary: Datapath Resource usage 
============================================================

* Functional unit list:
|----------|-----------------------------|---------|---------|
| Operation|       Functional Unit       |    FF   |   LUT   |
|----------|-----------------------------|---------|---------|
|   icmp   |      icmp_ln1772_fu_125     |    0    |    11   |
|          |      icmp_ln1789_fu_141     |    0    |    12   |
|----------|-----------------------------|---------|---------|
|    add   |          x_7_fu_131         |    0    |    11   |
|----------|-----------------------------|---------|---------|
|    or    |       or_ln1789_fu_147      |    0    |    1    |
|----------|-----------------------------|---------|---------|
|          |    rev51_read_read_fu_86    |    0    |    0    |
|   read   | sext_ln1765_read_read_fu_92 |    0    |    0    |
|          | loopWidth_9_read_read_fu_98 |    0    |    0    |
|          |        rd_read_fu_104       |    0    |    0    |
|----------|-----------------------------|---------|---------|
|   write  |       grp_write_fu_110      |    0    |    0    |
|----------|-----------------------------|---------|---------|
|   zext   |      zext_ln1774_fu_137     |    0    |    0    |
|----------|-----------------------------|---------|---------|
|          |        tmp_11_fu_158        |    0    |    0    |
|          |        tmp_12_fu_166        |    0    |    0    |
|partselect|        tmp_14_fu_191        |    0    |    0    |
|          |        tmp_24_fu_199        |    0    |    0    |
|          |        tmp_25_fu_209        |    0    |    0    |
|----------|-----------------------------|---------|---------|
|   trunc  |     trunc_ln1790_fu_176     |    0    |    0    |
|----------|-----------------------------|---------|---------|
|bitconcatenate|      or_ln1790_3_fu_180     |    0    |    0    |
|          |      or_ln1790_7_fu_219     |    0    |    0    |
|----------|-----------------------------|---------|---------|
|   Total  |                             |    0    |    35   |
|----------|-----------------------------|---------|---------|

Memories:
N/A

* Register list:
+-------------------+--------+
|                   |   FF   |
+-------------------+--------+
|icmp_ln1772_reg_234|    1   |
| or_ln1789_reg_238 |    1   |
|   tmp_14_reg_242  |    8   |
|   tmp_24_reg_247  |    8   |
|   tmp_25_reg_252  |    8   |
|     x_reg_227     |   11   |
+-------------------+--------+
|       Total       |   37   |
+-------------------+--------+

* Multiplexer (MUX) list: 
|------------------|------|------|------|--------||---------||---------||---------|
|       Comp       |  Pin | Size |  BW  | S x BW ||  Delay  ||    FF   ||   LUT   |
|------------------|------|------|------|--------||---------||---------||---------|
| grp_write_fu_110 |  p2  |   2  |  24  |   48   ||    0    ||    9    |
|------------------|------|------|------|--------||---------||---------||---------|
|       Total      |      |      |      |   48   ||  1.298  ||    0    ||    9    |
|------------------|------|------|------|--------||---------||---------||---------|



* Summary:
+-----------+--------+--------+--------+
|           |  Delay |   FF   |   LUT  |
+-----------+--------+--------+--------+
|  Function |    -   |    0   |   35   |
|   Memory  |    -   |    -   |    -   |
|Multiplexer|    1   |    0   |    9   |
|  Register |    -   |   37   |    -   |
+-----------+--------+--------+--------+
|   Total   |    1   |   37   |   44   |
+-----------+--------+--------+--------+
