

================================================================
== Vitis HLS Report for 'FrmbufRdHlsDataFlow'
================================================================
* Date:           Mon Mar 16 15:10:45 2026

* Version:        2025.2 (Build 6295257 on Nov 14 2025)
* Project:        prj
* Solution:       sol (Vivado IP Flow Target)
* Product family: zynq
* Target device:  xc7z020-clg400-2


================================================================
== Performance Estimates
================================================================
+ Timing: 
    * Summary: 
    +--------+---------+----------+------------+
    |  Clock |  Target | Estimated| Uncertainty|
    +--------+---------+----------+------------+
    |ap_clk  |  6.52 ns|  4.761 ns|     1.76 ns|
    +--------+---------+----------+------------+

+ Latency: 
    * Summary: 
    +---------+----------+----------+-----------+-----+----------+----------+
    |  Latency (cycles)  |  Latency (absolute)  |    Interval    | Pipeline |
    |   min   |    max   |    min   |    max    | min |    max   |   Type   |
    +---------+----------+----------+-----------+-----+----------+----------+
    |   111747|  12558751|  0.729 ms|  81.908 ms|  194|  12447006|  dataflow|
    +---------+----------+----------+-----------+-----+----------+----------+

    + Detail: 
        * Instance: 
        +------------------------------------+-------------------------+---------+----------+-----------+-----------+-----+----------+---------+
        |                                    |                         |  Latency (cycles)  |   Latency (absolute)  |    Interval    | Pipeline|
        |              Instance              |          Module         |   min   |    max   |    min    |    max    | min |    max   |   Type  |
        +------------------------------------+-------------------------+---------+----------+-----------+-----------+-----+----------+---------+
        |grp_AXIMMvideo2Bytes_fu_194         |AXIMMvideo2Bytes         |      193|   5029561|   1.259 us|  32.803 ms|  193|   5029561|       no|
        |grp_Bytes2MultiPixStream_fu_217     |Bytes2MultiPixStream     |        1|  12447005|   6.522 ns|  81.179 ms|    1|  12447005|       no|
        |grp_MultiPixStream2AXIvideo_fu_230  |MultiPixStream2AXIvideo  |        9|   2080089|  58.698 ns|  13.566 ms|    9|   2080089|       no|
        +------------------------------------+-------------------------+---------+----------+-----------+-----------+-----+----------+---------+

        * Loop: 
        N/A

============================================================
+ Verbose Summary: Synthesis Manager
============================================================
InlineROM: 1
ExposeGlobal: 0
============================================================
+ Verbose Summary: CDFG Model
============================================================
IsTopModel: 0
ResetActiveHigh: 1
IsCombinational: 2
IsDatapathOnly: 0
HasWiredReturn: 1
HasMFsm: 0
HasVarLatency: 1
IsPipeline: 0
IsRtlPipelined: 0
IsInstanceOverlapped: 0
IsDontTouch: 0
HasImplIP: 0
IsGatedGlobalClock: 0


============================================================
+ Verbose Summary: Schedule
============================================================
* Number of FSM states : 6
* Pipeline : 0
* Dataflow Pipeline: 1
  DF-Pipeline-0: Size = 6, States = { 1 2 3 4 5 6 }

* FSM state transitions: 
1 --> 2 
2 --> 3 
3 --> 4 
4 --> 5 
5 --> 6 
6 --> 

* FSM state operations: 

State 1 <SV = 0> <Delay = 4.42>
ST_1 : Operation 7 [1/1] (0.00ns)   --->   "%WidthInBytes_val10_read = read i14 @_ssdm_op_Read.ap_auto.i14, i14 %WidthInBytes_val10"   --->   Operation 7 'read' 'WidthInBytes_val10_read' <Predicate = true> <Delay = 0.00>
ST_1 : Operation 8 [1/1] (0.00ns)   --->   "%video_format_val8_read = read i6 @_ssdm_op_Read.ap_auto.i6, i6 %video_format_val8"   --->   Operation 8 'read' 'video_format_val8_read' <Predicate = true> <Delay = 0.00>
ST_1 : Operation 9 [1/1] (0.00ns)   --->   "%stride_val6_read = read i16 @_ssdm_op_Read.ap_auto.i16, i16 %stride_val6"   --->   Operation 9 'read' 'stride_val6_read' <Predicate = true> <Delay = 0.00>
ST_1 : Operation 10 [1/1] (0.00ns)   --->   "%height_val5_read = read i11 @_ssdm_op_Read.ap_auto.i11, i11 %height_val5"   --->   Operation 10 'read' 'height_val5_read' <Predicate = true> <Delay = 0.00>
ST_1 : Operation 11 [1/1] (0.00ns)   --->   "%HwReg_frm_buffer3_read = read i32 @_ssdm_op_Read.ap_auto.i32, i32 %HwReg_frm_buffer3"   --->   Operation 11 'read' 'HwReg_frm_buffer3_read' <Predicate = true> <Delay = 0.00>
ST_1 : Operation 12 [1/1] (0.00ns)   --->   "%HwReg_frm_buffer2_read = read i32 @_ssdm_op_Read.ap_auto.i32, i32 %HwReg_frm_buffer2"   --->   Operation 12 'read' 'HwReg_frm_buffer2_read' <Predicate = true> <Delay = 0.00>
ST_1 : Operation 13 [1/1] (0.00ns)   --->   "%HwReg_frm_buffer_read = read i32 @_ssdm_op_Read.ap_auto.i32, i32 %HwReg_frm_buffer"   --->   Operation 13 'read' 'HwReg_frm_buffer_read' <Predicate = true> <Delay = 0.00>
ST_1 : Operation 14 [1/1] (0.00ns)   --->   "%img = alloca i32 1" [prj/sol/.autopilot/db/v_frmbuf_rd.cpp:90]   --->   Operation 14 'alloca' 'img' <Predicate = true> <Delay = 0.00> <CoreInst = "FIFO_SRL">   --->   Core 80 'FIFO_SRL' <Latency = 0> <II = 1> <Delay = 3.40> <Storage> <Opcode : 'read' 'write' 'nbread' 'nbwrite'> <Ports = 0> <Width = 24> <Depth = 2> <FIFO>
ST_1 : Operation 15 [1/1] (0.00ns)   --->   "%bytePlanes_plane0 = alloca i32 1" [prj/sol/.autopilot/db/v_frmbuf_rd.cpp:95]   --->   Operation 15 'alloca' 'bytePlanes_plane0' <Predicate = true> <Delay = 0.00> <CoreInst = "FIFO_BRAM">   --->   Core 78 'FIFO_BRAM' <Latency = 0> <II = 1> <Delay = 3.41> <Storage> <Opcode : 'read' 'write' 'nbread' 'nbwrite'> <Ports = 0> <Width = 64> <Depth = 481> <FIFO>
ST_1 : Operation 16 [1/1] (0.00ns)   --->   "%bytePlanes_plane1 = alloca i32 1" [prj/sol/.autopilot/db/v_frmbuf_rd.cpp:95]   --->   Operation 16 'alloca' 'bytePlanes_plane1' <Predicate = true> <Delay = 0.00> <CoreInst = "FIFO_BRAM">   --->   Core 78 'FIFO_BRAM' <Latency = 0> <II = 1> <Delay = 3.41> <Storage> <Opcode : 'read' 'write' 'nbread' 'nbwrite'> <Ports = 0> <Width = 64> <Depth = 481> <FIFO>
ST_1 : Operation 17 [1/1] (0.00ns)   --->   "%bytePlanes_plane2 = alloca i32 1" [prj/sol/.autopilot/db/v_frmbuf_rd.cpp:95]   --->   Operation 17 'alloca' 'bytePlanes_plane2' <Predicate = true> <Delay = 0.00> <CoreInst = "FIFO_BRAM">   --->   Core 78 'FIFO_BRAM' <Latency = 0> <II = 1> <Delay = 3.41> <Storage> <Opcode : 'read' 'write' 'nbread' 'nbwrite'> <Ports = 0> <Width = 64> <Depth = 481> <FIFO>
ST_1 : Operation 18 [2/2] (4.42ns)   --->   "%call_ln116 = call void @AXIMMvideo2Bytes, i64 %mm_video, i32 %HwReg_frm_buffer_read, i32 %HwReg_frm_buffer2_read, i32 %HwReg_frm_buffer3_read, i64 %bytePlanes_plane0, i64 %bytePlanes_plane1, i64 %bytePlanes_plane2, i11 %height_val5_read, i14 %WidthInBytes_val10_read, i16 %stride_val6_read, i6 %video_format_val8_read" [prj/sol/.autopilot/db/v_frmbuf_rd.cpp:116]   --->   Operation 18 'call' 'call_ln116' <Predicate = true> <Delay = 4.42> <CoreType = "Generic">   --->   Generic Core

State 2 <SV = 1> <Delay = 0.00>
ST_2 : Operation 19 [1/2] (0.00ns)   --->   "%call_ln116 = call void @AXIMMvideo2Bytes, i64 %mm_video, i32 %HwReg_frm_buffer_read, i32 %HwReg_frm_buffer2_read, i32 %HwReg_frm_buffer3_read, i64 %bytePlanes_plane0, i64 %bytePlanes_plane1, i64 %bytePlanes_plane2, i11 %height_val5_read, i14 %WidthInBytes_val10_read, i16 %stride_val6_read, i6 %video_format_val8_read" [prj/sol/.autopilot/db/v_frmbuf_rd.cpp:116]   --->   Operation 19 'call' 'call_ln116' <Predicate = true> <Delay = 0.00> <CoreType = "Generic">   --->   Generic Core

State 3 <SV = 2> <Delay = 4.39>
ST_3 : Operation 20 [1/1] (0.00ns)   --->   "%width_val2_read = read i11 @_ssdm_op_Read.ap_auto.i11, i11 %width_val2"   --->   Operation 20 'read' 'width_val2_read' <Predicate = true> <Delay = 0.00>
ST_3 : Operation 21 [2/2] (4.39ns)   --->   "%call_ln118 = call void @Bytes2MultiPixStream, i64 %bytePlanes_plane0, i64 %bytePlanes_plane1, i64 %bytePlanes_plane2, i24 %img, i11 %height_val5_read, i11 %width_val2_read, i14 %WidthInBytes_val10_read, i6 %video_format_val8_read" [prj/sol/.autopilot/db/v_frmbuf_rd.cpp:118]   --->   Operation 21 'call' 'call_ln118' <Predicate = true> <Delay = 4.39> <CoreType = "Generic">   --->   Generic Core

State 4 <SV = 3> <Delay = 0.00>
ST_4 : Operation 22 [1/2] (0.00ns)   --->   "%call_ln118 = call void @Bytes2MultiPixStream, i64 %bytePlanes_plane0, i64 %bytePlanes_plane1, i64 %bytePlanes_plane2, i24 %img, i11 %height_val5_read, i11 %width_val2_read, i14 %WidthInBytes_val10_read, i6 %video_format_val8_read" [prj/sol/.autopilot/db/v_frmbuf_rd.cpp:118]   --->   Operation 22 'call' 'call_ln118' <Predicate = true> <Delay = 0.00> <CoreType = "Generic">   --->   Generic Core

State 5 <SV = 4> <Delay = 3.74>
ST_5 : Operation 23 [1/1] (0.00ns)   --->   "%colorFormat_val11_read = read i3 @_ssdm_op_Read.ap_auto.i3, i3 %colorFormat_val11"   --->   Operation 23 'read' 'colorFormat_val11_read' <Predicate = true> <Delay = 0.00>
ST_5 : Operation 24 [2/2] (3.74ns)   --->   "%call_ln125 = call void @MultiPixStream2AXIvideo, i24 %img, i24 %m_axis_video_V_data_V, i3 %m_axis_video_V_keep_V, i3 %m_axis_video_V_strb_V, i1 %m_axis_video_V_user_V, i1 %m_axis_video_V_last_V, i1 %m_axis_video_V_id_V, i1 %m_axis_video_V_dest_V, i11 %height_val5_read, i11 %width_val2_read, i3 %colorFormat_val11_read, i2 %mapComp" [prj/sol/.autopilot/db/v_frmbuf_rd.cpp:125]   --->   Operation 24 'call' 'call_ln125' <Predicate = true> <Delay = 3.74> <CoreType = "Generic">   --->   Generic Core

State 6 <SV = 5> <Delay = 1.48>
ST_6 : Operation 25 [1/1] (0.00ns)   --->   "%specstablecontent_ln0 = specstablecontent void @_ssdm_op_SpecStableContent, i3 %colorFormat_val11, i1 1, void @p_str"   --->   Operation 25 'specstablecontent' 'specstablecontent_ln0' <Predicate = true> <Delay = 0.00>
ST_6 : Operation 26 [1/1] (0.00ns)   --->   "%specstablecontent_ln0 = specstablecontent void @_ssdm_op_SpecStableContent, i14 %WidthInBytes_val10, i1 1, void @p_str"   --->   Operation 26 'specstablecontent' 'specstablecontent_ln0' <Predicate = true> <Delay = 0.00>
ST_6 : Operation 27 [1/1] (0.00ns)   --->   "%specstablecontent_ln0 = specstablecontent void @_ssdm_op_SpecStableContent, i32 %HwReg_frm_buffer3, i1 1, void @p_str"   --->   Operation 27 'specstablecontent' 'specstablecontent_ln0' <Predicate = true> <Delay = 0.00>
ST_6 : Operation 28 [1/1] (0.00ns)   --->   "%specstablecontent_ln0 = specstablecontent void @_ssdm_op_SpecStableContent, i32 %HwReg_frm_buffer2, i1 1, void @p_str"   --->   Operation 28 'specstablecontent' 'specstablecontent_ln0' <Predicate = true> <Delay = 0.00>
ST_6 : Operation 29 [1/1] (0.00ns)   --->   "%specstablecontent_ln0 = specstablecontent void @_ssdm_op_SpecStableContent, i32 %HwReg_frm_buffer, i1 1, void @p_str"   --->   Operation 29 'specstablecontent' 'specstablecontent_ln0' <Predicate = true> <Delay = 0.00>
ST_6 : Operation 30 [1/1] (0.00ns)   --->   "%specstablecontent_ln0 = specstablecontent void @_ssdm_op_SpecStableContent, i64 %mm_video, i1 1, void @p_str"   --->   Operation 30 'specstablecontent' 'specstablecontent_ln0' <Predicate = true> <Delay = 0.00>
ST_6 : Operation 31 [1/1] (0.00ns)   --->   "%specdataflowpipeline_ln0 = specdataflowpipeline void @_ssdm_op_SpecDataflowPipeline, i32 4294967295, i32 0, void @empty_11"   --->   Operation 31 'specdataflowpipeline' 'specdataflowpipeline_ln0' <Predicate = true> <Delay = 0.00>
ST_6 : Operation 32 [1/1] (0.00ns)   --->   "%specaxissidechannel_ln0 = specaxissidechannel void @_ssdm_op_SpecAXISSideChannel, i24 %m_axis_video_V_data_V, i3 %m_axis_video_V_keep_V, i3 %m_axis_video_V_strb_V, i1 %m_axis_video_V_user_V, i1 %m_axis_video_V_last_V, i1 %m_axis_video_V_id_V, i1 %m_axis_video_V_dest_V, void @empty_8"   --->   Operation 32 'specaxissidechannel' 'specaxissidechannel_ln0' <Predicate = true> <Delay = 0.00>
ST_6 : Operation 33 [1/1] (0.00ns)   --->   "%specstablecontent_ln0 = specstablecontent void @_ssdm_op_SpecStableContent, i6 %video_format_val8, i1 1, void "   --->   Operation 33 'specstablecontent' 'specstablecontent_ln0' <Predicate = true> <Delay = 0.00>
ST_6 : Operation 34 [1/1] (0.00ns)   --->   "%specstablecontent_ln0 = specstablecontent void @_ssdm_op_SpecStableContent, i16 %stride_val6, i1 1, void "   --->   Operation 34 'specstablecontent' 'specstablecontent_ln0' <Predicate = true> <Delay = 0.00>
ST_6 : Operation 35 [1/1] (0.00ns)   --->   "%specstablecontent_ln0 = specstablecontent void @_ssdm_op_SpecStableContent, i11 %height_val5, i1 1, void "   --->   Operation 35 'specstablecontent' 'specstablecontent_ln0' <Predicate = true> <Delay = 0.00>
ST_6 : Operation 36 [1/1] (0.00ns)   --->   "%specstablecontent_ln0 = specstablecontent void @_ssdm_op_SpecStableContent, i11 %width_val2, i1 1, void "   --->   Operation 36 'specstablecontent' 'specstablecontent_ln0' <Predicate = true> <Delay = 0.00>
ST_6 : Operation 37 [1/1] (0.00ns)   --->   "%specinterface_ln0 = specinterface void @_ssdm_op_SpecInterface, i1 %m_axis_video_V_dest_V, i1 %m_axis_video_V_id_V, i1 %m_axis_video_V_last_V, i1 %m_axis_video_V_user_V, i3 %m_axis_video_V_strb_V, i3 %m_axis_video_V_keep_V, i24 %m_axis_video_V_data_V, void @empty_18, i32 0, i32 0, void @empty_19, i32 0, i32 0, void @empty_11, void @empty_11, void @empty_11, i32 0, i32 0, i32 0, i32 0, void @empty_11, void @empty_11, i32 4294967295, i32 0, i32 0, i32 0"   --->   Operation 37 'specinterface' 'specinterface_ln0' <Predicate = true> <Delay = 0.00>
ST_6 : Operation 38 [1/1] (0.00ns)   --->   "%specinterface_ln0 = specinterface void @_ssdm_op_SpecInterface, i64 %mm_video, void @empty_21, i32 0, i32 0, void @empty_11, i32 100, i32 2073600, void @empty_1, void @empty_2, void @empty_11, i32 4, i32 16, i32 16, i32 16, void @empty_11, void @empty_11, i32 4294967295, i32 0, i32 0, i32 8"   --->   Operation 38 'specinterface' 'specinterface_ln0' <Predicate = true> <Delay = 0.00>
ST_6 : Operation 39 [1/1] (0.00ns)   --->   "%empty = specchannel i32 @_ssdm_op_SpecChannel, void @img_str, i32 1, void @p_str, void @p_str, i32 2, i32 2, i24 %img, i24 %img"   --->   Operation 39 'specchannel' 'empty' <Predicate = true> <Delay = 0.00>
ST_6 : Operation 40 [1/1] (0.00ns)   --->   "%specinterface_ln0 = specinterface void @_ssdm_op_SpecInterface, i24 %img, void @empty_17, i32 0, i32 0, void @empty_11, i32 0, i32 0, void @empty_11, void @empty_11, void @empty_11, i32 0, i32 0, i32 0, i32 0, void @empty_11, void @empty_11, i32 4294967295, i32 0, i32 0, i32 0"   --->   Operation 40 'specinterface' 'specinterface_ln0' <Predicate = true> <Delay = 0.00>
ST_6 : Operation 41 [1/1] (0.00ns)   --->   "%empty_152 = specchannel i32 @_ssdm_op_SpecChannel, void @bytePlanes_OC_plane0_str, i32 1, void @p_str, void @p_str, i32 481, i32 481, i64 %bytePlanes_plane0, i64 %bytePlanes_plane0"   --->   Operation 41 'specchannel' 'empty_152' <Predicate = true> <Delay = 0.00>
ST_6 : Operation 42 [1/1] (0.00ns)   --->   "%specinterface_ln0 = specinterface void @_ssdm_op_SpecInterface, i64 %bytePlanes_plane0, void @empty_17, i32 0, i32 0, void @empty_11, i32 0, i32 0, void @empty_11, void @empty_11, void @empty_11, i32 0, i32 0, i32 0, i32 0, void @empty_11, void @empty_11, i32 4294967295, i32 0, i32 0, i32 0"   --->   Operation 42 'specinterface' 'specinterface_ln0' <Predicate = true> <Delay = 0.00>
ST_6 : Operation 43 [1/1] (0.00ns)   --->   "%empty_153 = specchannel i32 @_ssdm_op_SpecChannel, void @bytePlanes_OC_plane1_str, i32 1, void @p_str, void @p_str, i32 481, i32 481, i64 %bytePlanes_plane1, i64 %bytePlanes_plane1"   --->   Operation 43 'specchannel' 'empty_153' <Predicate = true> <Delay = 0.00>
ST_6 : Operation 44 [1/1] (0.00ns)   --->   "%specinterface_ln0 = specinterface void @_ssdm_op_SpecInterface, i64 %bytePlanes_plane1, void @empty_17, i32 0, i32 0, void @empty_11, i32 0, i32 0, void @empty_11, void @empty_11, void @empty_11, i32 0, i32 0, i32 0, i32 0, void @empty_11, void @empty_11, i32 4294967295, i32 0, i32 0, i32 0"   --->   Operation 44 'specinterface' 'specinterface_ln0' <Predicate = true> <Delay = 0.00>
ST_6 : Operation 45 [1/1] (0.00ns)   --->   "%empty_154 = specchannel i32 @_ssdm_op_SpecChannel, void @bytePlanes_OC_plane2_str, i32 1, void @p_str, void @p_str, i32 481, i32 481, i64 %bytePlanes_plane2, i64 %bytePlanes_plane2"   --->   Operation 45 'specchannel' 'empty_154' <Predicate = true> <Delay = 0.00>
ST_6 : Operation 46 [1/1] (0.00ns)   --->   "%specinterface_ln0 = specinterface void @_ssdm_op_SpecInterface, i64 %bytePlanes_plane2, void @empty_17, i32 0, i32 0, void @empty_11, i32 0, i32 0, void @empty_11, void @empty_11, void @empty_11, i32 0, i32 0, i32 0, i32 0, void @empty_11, void @empty_11, i32 4294967295, i32 0, i32 0, i32 0"   --->   Operation 46 'specinterface' 'specinterface_ln0' <Predicate = true> <Delay = 0.00>
ST_6 : Operation 47 [1/1] (0.00ns)   --->   "%specmemcore_ln97 = specmemcore void @_ssdm_op_SpecMemCore, i64 %bytePlanes_plane0, i64 666, i64 8, i64 18446744073709551615, i1 0" [prj/sol/.autopilot/db/v_frmbuf_rd.cpp:97]   --->   Operation 47 'specmemcore' 'specmemcore_ln97' <Predicate = true> <Delay = 0.00>
ST_6 : Operation 48 [1/1] (0.00ns)   --->   "%specmemcore_ln101 = specmemcore void @_ssdm_op_SpecMemCore, i64 %bytePlanes_plane1, i64 666, i64 8, i64 18446744073709551615, i1 0" [prj/sol/.autopilot/db/v_frmbuf_rd.cpp:101]   --->   Operation 48 'specmemcore' 'specmemcore_ln101' <Predicate = true> <Delay = 0.00>
ST_6 : Operation 49 [1/1] (0.00ns)   --->   "%specmemcore_ln106 = specmemcore void @_ssdm_op_SpecMemCore, i64 %bytePlanes_plane2, i64 666, i64 8, i64 18446744073709551615, i1 0" [prj/sol/.autopilot/db/v_frmbuf_rd.cpp:106]   --->   Operation 49 'specmemcore' 'specmemcore_ln106' <Predicate = true> <Delay = 0.00>
ST_6 : Operation 50 [1/2] (1.48ns)   --->   "%call_ln125 = call void @MultiPixStream2AXIvideo, i24 %img, i24 %m_axis_video_V_data_V, i3 %m_axis_video_V_keep_V, i3 %m_axis_video_V_strb_V, i1 %m_axis_video_V_user_V, i1 %m_axis_video_V_last_V, i1 %m_axis_video_V_id_V, i1 %m_axis_video_V_dest_V, i11 %height_val5_read, i11 %width_val2_read, i3 %colorFormat_val11_read, i2 %mapComp" [prj/sol/.autopilot/db/v_frmbuf_rd.cpp:125]   --->   Operation 50 'call' 'call_ln125' <Predicate = true> <Delay = 1.48> <CoreType = "Generic">   --->   Generic Core
ST_6 : Operation 51 [1/1] (0.00ns)   --->   "%ret_ln127 = ret" [prj/sol/.autopilot/db/v_frmbuf_rd.cpp:127]   --->   Operation 51 'ret' 'ret_ln127' <Predicate = true> <Delay = 0.00>


============================================================
+ Verbose Summary: Binding
============================================================
STG Binding: 
---------------- STG Properties BEGIN ----------------
- Is combinational: 0
- Is one-state seq: 0
- Is datapath-only: 0
- Is pipelined: 0
- Is top level: 0
Port [ Return ] is wired: 1; IO mode=ap_ctrl_hs:ce=0
Port [ m_axis_video_V_data_V]:  wired=1; compound=1; hidden=0; nouse=0; global=0; static=0; extern=0; dir=1; type=0; pingpong=0; private_global=0; IO mode=axis:ce=0
Port [ m_axis_video_V_keep_V]:  wired=1; compound=1; hidden=0; nouse=0; global=0; static=0; extern=0; dir=1; type=0; pingpong=0; private_global=0; IO mode=axis:ce=0
Port [ m_axis_video_V_strb_V]:  wired=1; compound=1; hidden=0; nouse=0; global=0; static=0; extern=0; dir=1; type=0; pingpong=0; private_global=0; IO mode=axis:ce=0
Port [ m_axis_video_V_user_V]:  wired=1; compound=1; hidden=0; nouse=0; global=0; static=0; extern=0; dir=1; type=0; pingpong=0; private_global=0; IO mode=axis:ce=0
Port [ m_axis_video_V_last_V]:  wired=1; compound=1; hidden=0; nouse=0; global=0; static=0; extern=0; dir=1; type=0; pingpong=0; private_global=0; IO mode=axis:ce=0
Port [ m_axis_video_V_id_V]:  wired=1; compound=1; hidden=0; nouse=0; global=0; static=0; extern=0; dir=1; type=0; pingpong=0; private_global=0; IO mode=axis:ce=0
Port [ m_axis_video_V_dest_V]:  wired=1; compound=1; hidden=0; nouse=0; global=0; static=0; extern=0; dir=1; type=0; pingpong=0; private_global=0; IO mode=axis:ce=0
Port [ mm_video]:  wired=1; compound=1; hidden=0; nouse=0; global=0; static=0; extern=0; dir=0; type=4; pingpong=0; private_global=0; IO mode=m_axi:ce=0
Port [ HwReg_frm_buffer]:  wired=1; compound=0; hidden=0; nouse=0; global=0; static=0; extern=0; dir=0; type=0; pingpong=0; private_global=0; IO mode=ap_none:ce=0
Port [ HwReg_frm_buffer2]:  wired=1; compound=0; hidden=0; nouse=0; global=0; static=0; extern=0; dir=0; type=0; pingpong=0; private_global=0; IO mode=ap_none:ce=0
Port [ HwReg_frm_buffer3]:  wired=1; compound=0; hidden=0; nouse=0; global=0; static=0; extern=0; dir=0; type=0; pingpong=0; private_global=0; IO mode=ap_none:ce=0
Port [ width_val2]:  wired=1; compound=0; hidden=0; nouse=0; global=0; static=0; extern=0; dir=0; type=0; pingpong=0; private_global=0; IO mode=ap_none:ce=0
Port [ height_val5]:  wired=1; compound=0; hidden=0; nouse=0; global=0; static=0; extern=0; dir=0; type=0; pingpong=0; private_global=0; IO mode=ap_none:ce=0
Port [ stride_val6]:  wired=1; compound=0; hidden=0; nouse=0; global=0; static=0; extern=0; dir=0; type=0; pingpong=0; private_global=0; IO mode=ap_none:ce=0
Port [ video_format_val8]:  wired=1; compound=0; hidden=0; nouse=0; global=0; static=0; extern=0; dir=0; type=0; pingpong=0; private_global=0; IO mode=ap_none:ce=0
Port [ WidthInBytes_val10]:  wired=1; compound=0; hidden=0; nouse=0; global=0; static=0; extern=0; dir=0; type=0; pingpong=0; private_global=0; IO mode=ap_none:ce=0
Port [ colorFormat_val11]:  wired=1; compound=0; hidden=0; nouse=0; global=0; static=0; extern=0; dir=0; type=0; pingpong=0; private_global=0; IO mode=ap_none:ce=0
Port [ mapComp]:  wired=0; compound=1; hidden=1; nouse=1; global=1; static=1; extern=0; dir=0; type=1; pingpong=0; private_global=0; MemPort=[1]; IO mode=ap_memory:ce=0
---------------- STG Properties END ------------------

---------------- Datapath Model BEGIN ----------------

<LifeTime>
<method=bitvector/>
WidthInBytes_val10_read  (read                ) [ 0011100]
video_format_val8_read   (read                ) [ 0011100]
stride_val6_read         (read                ) [ 0010000]
height_val5_read         (read                ) [ 0011111]
HwReg_frm_buffer3_read   (read                ) [ 0010000]
HwReg_frm_buffer2_read   (read                ) [ 0010000]
HwReg_frm_buffer_read    (read                ) [ 0010000]
img                      (alloca              ) [ 0011111]
bytePlanes_plane0        (alloca              ) [ 0111111]
bytePlanes_plane1        (alloca              ) [ 0111111]
bytePlanes_plane2        (alloca              ) [ 0111111]
call_ln116               (call                ) [ 0000000]
width_val2_read          (read                ) [ 0000111]
call_ln118               (call                ) [ 0000000]
colorFormat_val11_read   (read                ) [ 0000001]
specstablecontent_ln0    (specstablecontent   ) [ 0000000]
specstablecontent_ln0    (specstablecontent   ) [ 0000000]
specstablecontent_ln0    (specstablecontent   ) [ 0000000]
specstablecontent_ln0    (specstablecontent   ) [ 0000000]
specstablecontent_ln0    (specstablecontent   ) [ 0000000]
specstablecontent_ln0    (specstablecontent   ) [ 0000000]
specdataflowpipeline_ln0 (specdataflowpipeline) [ 0000000]
specaxissidechannel_ln0  (specaxissidechannel ) [ 0000000]
specstablecontent_ln0    (specstablecontent   ) [ 0000000]
specstablecontent_ln0    (specstablecontent   ) [ 0000000]
specstablecontent_ln0    (specstablecontent   ) [ 0000000]
specstablecontent_ln0    (specstablecontent   ) [ 0000000]
specinterface_ln0        (specinterface       ) [ 0000000]
specinterface_ln0        (specinterface       ) [ 0000000]
empty                    (specchannel         ) [ 0000000]
specinterface_ln0        (specinterface       ) [ 0000000]
empty_152                (specchannel         ) [ 0000000]
specinterface_ln0        (specinterface       ) [ 0000000]
empty_153                (specchannel         ) [ 0000000]
specinterface_ln0        (specinterface       ) [ 0000000]
empty_154                (specchannel         ) [ 0000000]
specinterface_ln0        (specinterface       ) [ 0000000]
specmemcore_ln97         (specmemcore         ) [ 0000000]
specmemcore_ln101        (specmemcore         ) [ 0000000]
specmemcore_ln106        (specmemcore         ) [ 0000000]
call_ln125               (call                ) [ 0000000]
ret_ln127                (ret                 ) [ 0000000]
</LifeTime>

<model>

<comp_list>
<comp id="0" class="1000" name="m_axis_video_V_data_V">
<pin_list>
<pin id="1" dir="1" index="0" bw="1" slack="0"/>
</pin_list>
<bind>
<StgValue><ssdm name="m_axis_video_V_data_V"/></StgValue>
</bind>
</comp>

<comp id="2" class="1000" name="m_axis_video_V_keep_V">
<pin_list>
<pin id="3" dir="1" index="0" bw="1" slack="0"/>
</pin_list>
<bind>
<StgValue><ssdm name="m_axis_video_V_keep_V"/></StgValue>
</bind>
</comp>

<comp id="4" class="1000" name="m_axis_video_V_strb_V">
<pin_list>
<pin id="5" dir="1" index="0" bw="1" slack="0"/>
</pin_list>
<bind>
<StgValue><ssdm name="m_axis_video_V_strb_V"/></StgValue>
</bind>
</comp>

<comp id="6" class="1000" name="m_axis_video_V_user_V">
<pin_list>
<pin id="7" dir="1" index="0" bw="1" slack="0"/>
</pin_list>
<bind>
<StgValue><ssdm name="m_axis_video_V_user_V"/></StgValue>
</bind>
</comp>

<comp id="8" class="1000" name="m_axis_video_V_last_V">
<pin_list>
<pin id="9" dir="1" index="0" bw="1" slack="0"/>
</pin_list>
<bind>
<StgValue><ssdm name="m_axis_video_V_last_V"/></StgValue>
</bind>
</comp>

<comp id="10" class="1000" name="m_axis_video_V_id_V">
<pin_list>
<pin id="11" dir="1" index="0" bw="1" slack="0"/>
</pin_list>
<bind>
<StgValue><ssdm name="m_axis_video_V_id_V"/></StgValue>
</bind>
</comp>

<comp id="12" class="1000" name="m_axis_video_V_dest_V">
<pin_list>
<pin id="13" dir="1" index="0" bw="1" slack="0"/>
</pin_list>
<bind>
<StgValue><ssdm name="m_axis_video_V_dest_V"/></StgValue>
</bind>
</comp>

<comp id="14" class="1000" name="mm_video">
<pin_list>
<pin id="15" dir="1" index="0" bw="1" slack="0"/>
</pin_list>
<bind>
<StgValue><ssdm name="mm_video"/><MemPortTyVec>0 </MemPortTyVec>
</StgValue>
</bind>
</comp>

<comp id="16" class="1000" name="HwReg_frm_buffer">
<pin_list>
<pin id="17" dir="1" index="0" bw="1" slack="0"/>
</pin_list>
<bind>
<StgValue><ssdm name="HwReg_frm_buffer"/></StgValue>
</bind>
</comp>

<comp id="18" class="1000" name="HwReg_frm_buffer2">
<pin_list>
<pin id="19" dir="1" index="0" bw="1" slack="0"/>
</pin_list>
<bind>
<StgValue><ssdm name="HwReg_frm_buffer2"/></StgValue>
</bind>
</comp>

<comp id="20" class="1000" name="HwReg_frm_buffer3">
<pin_list>
<pin id="21" dir="1" index="0" bw="1" slack="0"/>
</pin_list>
<bind>
<StgValue><ssdm name="HwReg_frm_buffer3"/></StgValue>
</bind>
</comp>

<comp id="22" class="1000" name="width_val2">
<pin_list>
<pin id="23" dir="1" index="0" bw="1" slack="0"/>
</pin_list>
<bind>
<StgValue><ssdm name="width_val2"/></StgValue>
</bind>
</comp>

<comp id="24" class="1000" name="height_val5">
<pin_list>
<pin id="25" dir="1" index="0" bw="1" slack="0"/>
</pin_list>
<bind>
<StgValue><ssdm name="height_val5"/></StgValue>
</bind>
</comp>

<comp id="26" class="1000" name="stride_val6">
<pin_list>
<pin id="27" dir="1" index="0" bw="1" slack="0"/>
</pin_list>
<bind>
<StgValue><ssdm name="stride_val6"/></StgValue>
</bind>
</comp>

<comp id="28" class="1000" name="video_format_val8">
<pin_list>
<pin id="29" dir="1" index="0" bw="1" slack="0"/>
</pin_list>
<bind>
<StgValue><ssdm name="video_format_val8"/></StgValue>
</bind>
</comp>

<comp id="30" class="1000" name="WidthInBytes_val10">
<pin_list>
<pin id="31" dir="1" index="0" bw="1" slack="0"/>
</pin_list>
<bind>
<StgValue><ssdm name="WidthInBytes_val10"/></StgValue>
</bind>
</comp>

<comp id="32" class="1000" name="colorFormat_val11">
<pin_list>
<pin id="33" dir="1" index="0" bw="1" slack="0"/>
</pin_list>
<bind>
<StgValue><ssdm name="colorFormat_val11"/></StgValue>
</bind>
</comp>

<comp id="34" class="1000" name="mapComp">
<pin_list>
<pin id="35" dir="1" index="0" bw="1" slack="0"/>
</pin_list>
<bind>
<StgValue><ssdm name="mapComp"/><MemPortTyVec>1 </MemPortTyVec>
</StgValue>
</bind>
</comp>

<comp id="36" class="1001" name="const_36">
<pin_list>
<pin id="37" dir="1" index="0" bw="1" slack="0"/>
</pin_list>
<bind>
<StgValue><ssdm name="_ssdm_op_Read.ap_auto.i14"/></StgValue>
</bind>
</comp>

<comp id="38" class="1001" name="const_38">
<pin_list>
<pin id="39" dir="1" index="0" bw="1" slack="0"/>
</pin_list>
<bind>
<StgValue><ssdm name="_ssdm_op_Read.ap_auto.i6"/></StgValue>
</bind>
</comp>

<comp id="40" class="1001" name="const_40">
<pin_list>
<pin id="41" dir="1" index="0" bw="1" slack="0"/>
</pin_list>
<bind>
<StgValue><ssdm name="_ssdm_op_Read.ap_auto.i16"/></StgValue>
</bind>
</comp>

<comp id="42" class="1001" name="const_42">
<pin_list>
<pin id="43" dir="1" index="0" bw="1" slack="0"/>
</pin_list>
<bind>
<StgValue><ssdm name="_ssdm_op_Read.ap_auto.i11"/></StgValue>
</bind>
</comp>

<comp id="44" class="1001" name="const_44">
<pin_list>
<pin id="45" dir="1" index="0" bw="1" slack="0"/>
</pin_list>
<bind>
<StgValue><ssdm name="_ssdm_op_Read.ap_auto.i32"/></StgValue>
</bind>
</comp>

<comp id="46" class="1001" name="const_46">
<pin_list>
<pin id="47" dir="1" index="0" bw="1" slack="0"/>
</pin_list>
<bind>
<StgValue><ssdm name=""/></StgValue>
</bind>
</comp>

<comp id="48" class="1001" name="const_48">
<pin_list>
<pin id="49" dir="1" index="0" bw="1" slack="0"/>
</pin_list>
<bind>
<StgValue><ssdm name="AXIMMvideo2Bytes"/></StgValue>
</bind>
</comp>

<comp id="50" class="1001" name="const_50">
<pin_list>
<pin id="51" dir="1" index="0" bw="1" slack="0"/>
</pin_list>
<bind>
<StgValue><ssdm name="Bytes2MultiPixStream"/></StgValue>
</bind>
</comp>

<comp id="52" class="1001" name="const_52">
<pin_list>
<pin id="53" dir="1" index="0" bw="1" slack="0"/>
</pin_list>
<bind>
<StgValue><ssdm name="_ssdm_op_Read.ap_auto.i3"/></StgValue>
</bind>
</comp>

<comp id="54" class="1001" name="const_54">
<pin_list>
<pin id="55" dir="1" index="0" bw="1" slack="0"/>
</pin_list>
<bind>
<StgValue><ssdm name="MultiPixStream2AXIvideo"/></StgValue>
</bind>
</comp>

<comp id="56" class="1001" name="const_56">
<pin_list>
<pin id="57" dir="1" index="0" bw="1" slack="2147483647"/>
</pin_list>
<bind>
<StgValue><ssdm name="_ssdm_op_SpecStableContent"/></StgValue>
</bind>
</comp>

<comp id="58" class="1001" name="const_58">
<pin_list>
<pin id="59" dir="1" index="0" bw="1" slack="2147483647"/>
</pin_list>
<bind>
<StgValue><ssdm name=""/></StgValue>
</bind>
</comp>

<comp id="60" class="1001" name="const_60">
<pin_list>
<pin id="61" dir="1" index="0" bw="1" slack="2147483647"/>
</pin_list>
<bind>
<StgValue><ssdm name="p_str"/></StgValue>
</bind>
</comp>

<comp id="62" class="1001" name="const_62">
<pin_list>
<pin id="63" dir="1" index="0" bw="1" slack="2147483647"/>
</pin_list>
<bind>
<StgValue><ssdm name="_ssdm_op_SpecDataflowPipeline"/></StgValue>
</bind>
</comp>

<comp id="64" class="1001" name="const_64">
<pin_list>
<pin id="65" dir="1" index="0" bw="1" slack="2147483647"/>
</pin_list>
<bind>
<StgValue><ssdm name=""/></StgValue>
</bind>
</comp>

<comp id="66" class="1001" name="const_66">
<pin_list>
<pin id="67" dir="1" index="0" bw="1" slack="2147483647"/>
</pin_list>
<bind>
<StgValue><ssdm name=""/></StgValue>
</bind>
</comp>

<comp id="68" class="1001" name="const_68">
<pin_list>
<pin id="69" dir="1" index="0" bw="1" slack="2147483647"/>
</pin_list>
<bind>
<StgValue><ssdm name="empty_11"/></StgValue>
</bind>
</comp>

<comp id="70" class="1001" name="const_70">
<pin_list>
<pin id="71" dir="1" index="0" bw="1" slack="2147483647"/>
</pin_list>
<bind>
<StgValue><ssdm name="_ssdm_op_SpecAXISSideChannel"/></StgValue>
</bind>
</comp>

<comp id="72" class="1001" name="const_72">
<pin_list>
<pin id="73" dir="1" index="0" bw="1" slack="2147483647"/>
</pin_list>
<bind>
<StgValue><ssdm name="empty_8"/></StgValue>
</bind>
</comp>

<comp id="74" class="1001" name="const_74">
<pin_list>
<pin id="75" dir="1" index="0" bw="1" slack="2147483647"/>
</pin_list>
<bind>
<StgValue><ssdm name=""/></StgValue>
</bind>
</comp>

<comp id="76" class="1001" name="const_76">
<pin_list>
<pin id="77" dir="1" index="0" bw="1" slack="2147483647"/>
</pin_list>
<bind>
<StgValue><ssdm name="_ssdm_op_SpecInterface"/></StgValue>
</bind>
</comp>

<comp id="78" class="1001" name="const_78">
<pin_list>
<pin id="79" dir="1" index="0" bw="1" slack="2147483647"/>
</pin_list>
<bind>
<StgValue><ssdm name="empty_18"/></StgValue>
</bind>
</comp>

<comp id="80" class="1001" name="const_80">
<pin_list>
<pin id="81" dir="1" index="0" bw="1" slack="2147483647"/>
</pin_list>
<bind>
<StgValue><ssdm name="empty_19"/></StgValue>
</bind>
</comp>

<comp id="82" class="1001" name="const_82">
<pin_list>
<pin id="83" dir="1" index="0" bw="1" slack="2147483647"/>
</pin_list>
<bind>
<StgValue><ssdm name="empty_21"/></StgValue>
</bind>
</comp>

<comp id="84" class="1001" name="const_84">
<pin_list>
<pin id="85" dir="1" index="0" bw="1" slack="2147483647"/>
</pin_list>
<bind>
<StgValue><ssdm name=""/></StgValue>
</bind>
</comp>

<comp id="86" class="1001" name="const_86">
<pin_list>
<pin id="87" dir="1" index="0" bw="1" slack="2147483647"/>
</pin_list>
<bind>
<StgValue><ssdm name=""/></StgValue>
</bind>
</comp>

<comp id="88" class="1001" name="const_88">
<pin_list>
<pin id="89" dir="1" index="0" bw="1" slack="2147483647"/>
</pin_list>
<bind>
<StgValue><ssdm name="empty_1"/></StgValue>
</bind>
</comp>

<comp id="90" class="1001" name="const_90">
<pin_list>
<pin id="91" dir="1" index="0" bw="1" slack="2147483647"/>
</pin_list>
<bind>
<StgValue><ssdm name="empty_2"/></StgValue>
</bind>
</comp>

<comp id="92" class="1001" name="const_92">
<pin_list>
<pin id="93" dir="1" index="0" bw="1" slack="2147483647"/>
</pin_list>
<bind>
<StgValue><ssdm name=""/></StgValue>
</bind>
</comp>

<comp id="94" class="1001" name="const_94">
<pin_list>
<pin id="95" dir="1" index="0" bw="1" slack="2147483647"/>
</pin_list>
<bind>
<StgValue><ssdm name=""/></StgValue>
</bind>
</comp>

<comp id="96" class="1001" name="const_96">
<pin_list>
<pin id="97" dir="1" index="0" bw="1" slack="2147483647"/>
</pin_list>
<bind>
<StgValue><ssdm name=""/></StgValue>
</bind>
</comp>

<comp id="98" class="1001" name="const_98">
<pin_list>
<pin id="99" dir="1" index="0" bw="1" slack="2147483647"/>
</pin_list>
<bind>
<StgValue><ssdm name="_ssdm_op_SpecChannel"/></StgValue>
</bind>
</comp>

<comp id="100" class="1001" name="const_100">
<pin_list>
<pin id="101" dir="1" index="0" bw="1" slack="2147483647"/>
</pin_list>
<bind>
<StgValue><ssdm name="img_str"/></StgValue>
</bind>
</comp>

<comp id="102" class="1001" name="const_102">
<pin_list>
<pin id="103" dir="1" index="0" bw="1" slack="2147483647"/>
</pin_list>
<bind>
<StgValue><ssdm name=""/></StgValue>
</bind>
</comp>

<comp id="104" class="1001" name="const_104">
<pin_list>
<pin id="105" dir="1" index="0" bw="1" slack="2147483647"/>
</pin_list>
<bind>
<StgValue><ssdm name="empty_17"/></StgValue>
</bind>
</comp>

<comp id="106" class="1001" name="const_106">
<pin_list>
<pin id="107" dir="1" index="0" bw="1" slack="2147483647"/>
</pin_list>
<bind>
<StgValue><ssdm name="bytePlanes_OC_plane0_str"/></StgValue>
</bind>
</comp>

<comp id="108" class="1001" name="const_108">
<pin_list>
<pin id="109" dir="1" index="0" bw="1" slack="2147483647"/>
</pin_list>
<bind>
<StgValue><ssdm name=""/></StgValue>
</bind>
</comp>

<comp id="110" class="1001" name="const_110">
<pin_list>
<pin id="111" dir="1" index="0" bw="1" slack="2147483647"/>
</pin_list>
<bind>
<StgValue><ssdm name="bytePlanes_OC_plane1_str"/></StgValue>
</bind>
</comp>

<comp id="112" class="1001" name="const_112">
<pin_list>
<pin id="113" dir="1" index="0" bw="1" slack="2147483647"/>
</pin_list>
<bind>
<StgValue><ssdm name="bytePlanes_OC_plane2_str"/></StgValue>
</bind>
</comp>

<comp id="114" class="1001" name="const_114">
<pin_list>
<pin id="115" dir="1" index="0" bw="1" slack="2147483647"/>
</pin_list>
<bind>
<StgValue><ssdm name="_ssdm_op_SpecMemCore"/></StgValue>
</bind>
</comp>

<comp id="116" class="1001" name="const_116">
<pin_list>
<pin id="117" dir="1" index="0" bw="1" slack="2147483647"/>
</pin_list>
<bind>
<StgValue><ssdm name=""/></StgValue>
</bind>
</comp>

<comp id="118" class="1001" name="const_118">
<pin_list>
<pin id="119" dir="1" index="0" bw="1" slack="2147483647"/>
</pin_list>
<bind>
<StgValue><ssdm name=""/></StgValue>
</bind>
</comp>

<comp id="120" class="1001" name="const_120">
<pin_list>
<pin id="121" dir="1" index="0" bw="1" slack="2147483647"/>
</pin_list>
<bind>
<StgValue><ssdm name=""/></StgValue>
</bind>
</comp>

<comp id="122" class="1001" name="const_122">
<pin_list>
<pin id="123" dir="1" index="0" bw="1" slack="2147483647"/>
</pin_list>
<bind>
<StgValue><ssdm name=""/></StgValue>
</bind>
</comp>

<comp id="124" class="1004" name="img_fu_124">
<pin_list>
<pin id="125" dir="0" index="0" bw="1" slack="0"/>
<pin id="126" dir="1" index="1" bw="24" slack="2"/>
</pin_list>
<bind>
<opcode="alloca(26) " fcode="alloca"/>
<opset="img/1 "/>
</bind>
</comp>

<comp id="128" class="1004" name="bytePlanes_plane0_fu_128">
<pin_list>
<pin id="129" dir="0" index="0" bw="1" slack="0"/>
<pin id="130" dir="1" index="1" bw="64" slack="0"/>
</pin_list>
<bind>
<opcode="alloca(26) " fcode="alloca"/>
<opset="bytePlanes_plane0/1 "/>
</bind>
</comp>

<comp id="132" class="1004" name="bytePlanes_plane1_fu_132">
<pin_list>
<pin id="133" dir="0" index="0" bw="1" slack="0"/>
<pin id="134" dir="1" index="1" bw="64" slack="0"/>
</pin_list>
<bind>
<opcode="alloca(26) " fcode="alloca"/>
<opset="bytePlanes_plane1/1 "/>
</bind>
</comp>

<comp id="136" class="1004" name="bytePlanes_plane2_fu_136">
<pin_list>
<pin id="137" dir="0" index="0" bw="1" slack="0"/>
<pin id="138" dir="1" index="1" bw="64" slack="0"/>
</pin_list>
<bind>
<opcode="alloca(26) " fcode="alloca"/>
<opset="bytePlanes_plane2/1 "/>
</bind>
</comp>

<comp id="140" class="1004" name="WidthInBytes_val10_read_read_fu_140">
<pin_list>
<pin id="141" dir="0" index="0" bw="14" slack="0"/>
<pin id="142" dir="0" index="1" bw="14" slack="0"/>
<pin id="143" dir="1" index="2" bw="14" slack="0"/>
</pin_list>
<bind>
<opcode="read(1150) " fcode="read"/>
<opset="WidthInBytes_val10_read/1 "/>
</bind>
</comp>

<comp id="146" class="1004" name="video_format_val8_read_read_fu_146">
<pin_list>
<pin id="147" dir="0" index="0" bw="6" slack="0"/>
<pin id="148" dir="0" index="1" bw="6" slack="0"/>
<pin id="149" dir="1" index="2" bw="6" slack="0"/>
</pin_list>
<bind>
<opcode="read(1150) " fcode="read"/>
<opset="video_format_val8_read/1 "/>
</bind>
</comp>

<comp id="152" class="1004" name="stride_val6_read_read_fu_152">
<pin_list>
<pin id="153" dir="0" index="0" bw="16" slack="0"/>
<pin id="154" dir="0" index="1" bw="16" slack="0"/>
<pin id="155" dir="1" index="2" bw="16" slack="0"/>
</pin_list>
<bind>
<opcode="read(1150) " fcode="read"/>
<opset="stride_val6_read/1 "/>
</bind>
</comp>

<comp id="158" class="1004" name="height_val5_read_read_fu_158">
<pin_list>
<pin id="159" dir="0" index="0" bw="11" slack="0"/>
<pin id="160" dir="0" index="1" bw="11" slack="0"/>
<pin id="161" dir="1" index="2" bw="11" slack="0"/>
</pin_list>
<bind>
<opcode="read(1150) " fcode="read"/>
<opset="height_val5_read/1 "/>
</bind>
</comp>

<comp id="164" class="1004" name="HwReg_frm_buffer3_read_read_fu_164">
<pin_list>
<pin id="165" dir="0" index="0" bw="32" slack="0"/>
<pin id="166" dir="0" index="1" bw="32" slack="0"/>
<pin id="167" dir="1" index="2" bw="32" slack="0"/>
</pin_list>
<bind>
<opcode="read(1150) " fcode="read"/>
<opset="HwReg_frm_buffer3_read/1 "/>
</bind>
</comp>

<comp id="170" class="1004" name="HwReg_frm_buffer2_read_read_fu_170">
<pin_list>
<pin id="171" dir="0" index="0" bw="32" slack="0"/>
<pin id="172" dir="0" index="1" bw="32" slack="0"/>
<pin id="173" dir="1" index="2" bw="32" slack="0"/>
</pin_list>
<bind>
<opcode="read(1150) " fcode="read"/>
<opset="HwReg_frm_buffer2_read/1 "/>
</bind>
</comp>

<comp id="176" class="1004" name="HwReg_frm_buffer_read_read_fu_176">
<pin_list>
<pin id="177" dir="0" index="0" bw="32" slack="0"/>
<pin id="178" dir="0" index="1" bw="32" slack="0"/>
<pin id="179" dir="1" index="2" bw="32" slack="0"/>
</pin_list>
<bind>
<opcode="read(1150) " fcode="read"/>
<opset="HwReg_frm_buffer_read/1 "/>
</bind>
</comp>

<comp id="182" class="1004" name="width_val2_read_read_fu_182">
<pin_list>
<pin id="183" dir="0" index="0" bw="11" slack="0"/>
<pin id="184" dir="0" index="1" bw="11" slack="0"/>
<pin id="185" dir="1" index="2" bw="11" slack="0"/>
</pin_list>
<bind>
<opcode="read(1150) " fcode="read"/>
<opset="width_val2_read/3 "/>
</bind>
</comp>

<comp id="188" class="1004" name="colorFormat_val11_read_read_fu_188">
<pin_list>
<pin id="189" dir="0" index="0" bw="3" slack="0"/>
<pin id="190" dir="0" index="1" bw="3" slack="0"/>
<pin id="191" dir="1" index="2" bw="3" slack="0"/>
</pin_list>
<bind>
<opcode="read(1150) " fcode="read"/>
<opset="colorFormat_val11_read/5 "/>
</bind>
</comp>

<comp id="194" class="1004" name="grp_AXIMMvideo2Bytes_fu_194">
<pin_list>
<pin id="195" dir="0" index="0" bw="0" slack="0"/>
<pin id="196" dir="0" index="1" bw="64" slack="0"/>
<pin id="197" dir="0" index="2" bw="32" slack="0"/>
<pin id="198" dir="0" index="3" bw="32" slack="0"/>
<pin id="199" dir="0" index="4" bw="32" slack="0"/>
<pin id="200" dir="0" index="5" bw="64" slack="0"/>
<pin id="201" dir="0" index="6" bw="64" slack="0"/>
<pin id="202" dir="0" index="7" bw="64" slack="0"/>
<pin id="203" dir="0" index="8" bw="11" slack="0"/>
<pin id="204" dir="0" index="9" bw="14" slack="0"/>
<pin id="205" dir="0" index="10" bw="16" slack="0"/>
<pin id="206" dir="0" index="11" bw="6" slack="0"/>
<pin id="207" dir="1" index="12" bw="0" slack="2147483647"/>
</pin_list>
<bind>
<opcode="call(48) " fcode="call"/>
<opset="call_ln116/1 "/>
</bind>
</comp>

<comp id="217" class="1004" name="grp_Bytes2MultiPixStream_fu_217">
<pin_list>
<pin id="218" dir="0" index="0" bw="0" slack="0"/>
<pin id="219" dir="0" index="1" bw="64" slack="2"/>
<pin id="220" dir="0" index="2" bw="64" slack="2"/>
<pin id="221" dir="0" index="3" bw="64" slack="2"/>
<pin id="222" dir="0" index="4" bw="24" slack="2"/>
<pin id="223" dir="0" index="5" bw="11" slack="2"/>
<pin id="224" dir="0" index="6" bw="11" slack="0"/>
<pin id="225" dir="0" index="7" bw="14" slack="2"/>
<pin id="226" dir="0" index="8" bw="6" slack="2"/>
<pin id="227" dir="1" index="9" bw="0" slack="2147483647"/>
</pin_list>
<bind>
<opcode="call(48) " fcode="call"/>
<opset="call_ln118/3 "/>
</bind>
</comp>

<comp id="230" class="1004" name="grp_MultiPixStream2AXIvideo_fu_230">
<pin_list>
<pin id="231" dir="0" index="0" bw="0" slack="0"/>
<pin id="232" dir="0" index="1" bw="24" slack="4"/>
<pin id="233" dir="0" index="2" bw="24" slack="0"/>
<pin id="234" dir="0" index="3" bw="3" slack="0"/>
<pin id="235" dir="0" index="4" bw="3" slack="0"/>
<pin id="236" dir="0" index="5" bw="1" slack="0"/>
<pin id="237" dir="0" index="6" bw="1" slack="0"/>
<pin id="238" dir="0" index="7" bw="1" slack="0"/>
<pin id="239" dir="0" index="8" bw="1" slack="0"/>
<pin id="240" dir="0" index="9" bw="11" slack="4"/>
<pin id="241" dir="0" index="10" bw="11" slack="2"/>
<pin id="242" dir="0" index="11" bw="3" slack="0"/>
<pin id="243" dir="0" index="12" bw="2" slack="0"/>
<pin id="244" dir="1" index="13" bw="0" slack="2147483647"/>
</pin_list>
<bind>
<opcode="call(48) " fcode="call"/>
<opset="call_ln125/5 "/>
</bind>
</comp>

<comp id="255" class="1005" name="WidthInBytes_val10_read_reg_255">
<pin_list>
<pin id="256" dir="0" index="0" bw="14" slack="1"/>
<pin id="257" dir="1" index="1" bw="14" slack="1"/>
</pin_list>
<bind>
<opset="WidthInBytes_val10_read "/>
</bind>
</comp>

<comp id="261" class="1005" name="video_format_val8_read_reg_261">
<pin_list>
<pin id="262" dir="0" index="0" bw="6" slack="1"/>
<pin id="263" dir="1" index="1" bw="6" slack="1"/>
</pin_list>
<bind>
<opset="video_format_val8_read "/>
</bind>
</comp>

<comp id="267" class="1005" name="stride_val6_read_reg_267">
<pin_list>
<pin id="268" dir="0" index="0" bw="16" slack="1"/>
<pin id="269" dir="1" index="1" bw="16" slack="1"/>
</pin_list>
<bind>
<opset="stride_val6_read "/>
</bind>
</comp>

<comp id="272" class="1005" name="height_val5_read_reg_272">
<pin_list>
<pin id="273" dir="0" index="0" bw="11" slack="1"/>
<pin id="274" dir="1" index="1" bw="11" slack="1"/>
</pin_list>
<bind>
<opset="height_val5_read "/>
</bind>
</comp>

<comp id="279" class="1005" name="HwReg_frm_buffer3_read_reg_279">
<pin_list>
<pin id="280" dir="0" index="0" bw="32" slack="1"/>
<pin id="281" dir="1" index="1" bw="32" slack="1"/>
</pin_list>
<bind>
<opset="HwReg_frm_buffer3_read "/>
</bind>
</comp>

<comp id="284" class="1005" name="HwReg_frm_buffer2_read_reg_284">
<pin_list>
<pin id="285" dir="0" index="0" bw="32" slack="1"/>
<pin id="286" dir="1" index="1" bw="32" slack="1"/>
</pin_list>
<bind>
<opset="HwReg_frm_buffer2_read "/>
</bind>
</comp>

<comp id="289" class="1005" name="HwReg_frm_buffer_read_reg_289">
<pin_list>
<pin id="290" dir="0" index="0" bw="32" slack="1"/>
<pin id="291" dir="1" index="1" bw="32" slack="1"/>
</pin_list>
<bind>
<opset="HwReg_frm_buffer_read "/>
</bind>
</comp>

<comp id="294" class="1005" name="img_reg_294">
<pin_list>
<pin id="295" dir="0" index="0" bw="24" slack="2"/>
<pin id="296" dir="1" index="1" bw="24" slack="2"/>
</pin_list>
<bind>
<opset="img "/>
</bind>
</comp>

<comp id="300" class="1005" name="bytePlanes_plane0_reg_300">
<pin_list>
<pin id="301" dir="0" index="0" bw="64" slack="0"/>
<pin id="302" dir="1" index="1" bw="64" slack="0"/>
</pin_list>
<bind>
<opset="bytePlanes_plane0 "/>
</bind>
</comp>

<comp id="306" class="1005" name="bytePlanes_plane1_reg_306">
<pin_list>
<pin id="307" dir="0" index="0" bw="64" slack="0"/>
<pin id="308" dir="1" index="1" bw="64" slack="0"/>
</pin_list>
<bind>
<opset="bytePlanes_plane1 "/>
</bind>
</comp>

<comp id="312" class="1005" name="bytePlanes_plane2_reg_312">
<pin_list>
<pin id="313" dir="0" index="0" bw="64" slack="0"/>
<pin id="314" dir="1" index="1" bw="64" slack="0"/>
</pin_list>
<bind>
<opset="bytePlanes_plane2 "/>
</bind>
</comp>

<comp id="318" class="1005" name="width_val2_read_reg_318">
<pin_list>
<pin id="319" dir="0" index="0" bw="11" slack="1"/>
<pin id="320" dir="1" index="1" bw="11" slack="1"/>
</pin_list>
<bind>
<opset="width_val2_read "/>
</bind>
</comp>

<comp id="324" class="1005" name="colorFormat_val11_read_reg_324">
<pin_list>
<pin id="325" dir="0" index="0" bw="3" slack="1"/>
<pin id="326" dir="1" index="1" bw="3" slack="1"/>
</pin_list>
<bind>
<opset="colorFormat_val11_read "/>
</bind>
</comp>

</comp_list>

<net_list>
<net id="127"><net_src comp="46" pin="0"/><net_sink comp="124" pin=0"/></net>

<net id="131"><net_src comp="46" pin="0"/><net_sink comp="128" pin=0"/></net>

<net id="135"><net_src comp="46" pin="0"/><net_sink comp="132" pin=0"/></net>

<net id="139"><net_src comp="46" pin="0"/><net_sink comp="136" pin=0"/></net>

<net id="144"><net_src comp="36" pin="0"/><net_sink comp="140" pin=0"/></net>

<net id="145"><net_src comp="30" pin="0"/><net_sink comp="140" pin=1"/></net>

<net id="150"><net_src comp="38" pin="0"/><net_sink comp="146" pin=0"/></net>

<net id="151"><net_src comp="28" pin="0"/><net_sink comp="146" pin=1"/></net>

<net id="156"><net_src comp="40" pin="0"/><net_sink comp="152" pin=0"/></net>

<net id="157"><net_src comp="26" pin="0"/><net_sink comp="152" pin=1"/></net>

<net id="162"><net_src comp="42" pin="0"/><net_sink comp="158" pin=0"/></net>

<net id="163"><net_src comp="24" pin="0"/><net_sink comp="158" pin=1"/></net>

<net id="168"><net_src comp="44" pin="0"/><net_sink comp="164" pin=0"/></net>

<net id="169"><net_src comp="20" pin="0"/><net_sink comp="164" pin=1"/></net>

<net id="174"><net_src comp="44" pin="0"/><net_sink comp="170" pin=0"/></net>

<net id="175"><net_src comp="18" pin="0"/><net_sink comp="170" pin=1"/></net>

<net id="180"><net_src comp="44" pin="0"/><net_sink comp="176" pin=0"/></net>

<net id="181"><net_src comp="16" pin="0"/><net_sink comp="176" pin=1"/></net>

<net id="186"><net_src comp="42" pin="0"/><net_sink comp="182" pin=0"/></net>

<net id="187"><net_src comp="22" pin="0"/><net_sink comp="182" pin=1"/></net>

<net id="192"><net_src comp="52" pin="0"/><net_sink comp="188" pin=0"/></net>

<net id="193"><net_src comp="32" pin="0"/><net_sink comp="188" pin=1"/></net>

<net id="208"><net_src comp="48" pin="0"/><net_sink comp="194" pin=0"/></net>

<net id="209"><net_src comp="14" pin="0"/><net_sink comp="194" pin=1"/></net>

<net id="210"><net_src comp="176" pin="2"/><net_sink comp="194" pin=2"/></net>

<net id="211"><net_src comp="170" pin="2"/><net_sink comp="194" pin=3"/></net>

<net id="212"><net_src comp="164" pin="2"/><net_sink comp="194" pin=4"/></net>

<net id="213"><net_src comp="158" pin="2"/><net_sink comp="194" pin=8"/></net>

<net id="214"><net_src comp="140" pin="2"/><net_sink comp="194" pin=9"/></net>

<net id="215"><net_src comp="152" pin="2"/><net_sink comp="194" pin=10"/></net>

<net id="216"><net_src comp="146" pin="2"/><net_sink comp="194" pin=11"/></net>

<net id="228"><net_src comp="50" pin="0"/><net_sink comp="217" pin=0"/></net>

<net id="229"><net_src comp="182" pin="2"/><net_sink comp="217" pin=6"/></net>

<net id="245"><net_src comp="54" pin="0"/><net_sink comp="230" pin=0"/></net>

<net id="246"><net_src comp="0" pin="0"/><net_sink comp="230" pin=2"/></net>

<net id="247"><net_src comp="2" pin="0"/><net_sink comp="230" pin=3"/></net>

<net id="248"><net_src comp="4" pin="0"/><net_sink comp="230" pin=4"/></net>

<net id="249"><net_src comp="6" pin="0"/><net_sink comp="230" pin=5"/></net>

<net id="250"><net_src comp="8" pin="0"/><net_sink comp="230" pin=6"/></net>

<net id="251"><net_src comp="10" pin="0"/><net_sink comp="230" pin=7"/></net>

<net id="252"><net_src comp="12" pin="0"/><net_sink comp="230" pin=8"/></net>

<net id="253"><net_src comp="188" pin="2"/><net_sink comp="230" pin=11"/></net>

<net id="254"><net_src comp="34" pin="0"/><net_sink comp="230" pin=12"/></net>

<net id="258"><net_src comp="140" pin="2"/><net_sink comp="255" pin=0"/></net>

<net id="259"><net_src comp="255" pin="1"/><net_sink comp="194" pin=9"/></net>

<net id="260"><net_src comp="255" pin="1"/><net_sink comp="217" pin=7"/></net>

<net id="264"><net_src comp="146" pin="2"/><net_sink comp="261" pin=0"/></net>

<net id="265"><net_src comp="261" pin="1"/><net_sink comp="194" pin=11"/></net>

<net id="266"><net_src comp="261" pin="1"/><net_sink comp="217" pin=8"/></net>

<net id="270"><net_src comp="152" pin="2"/><net_sink comp="267" pin=0"/></net>

<net id="271"><net_src comp="267" pin="1"/><net_sink comp="194" pin=10"/></net>

<net id="275"><net_src comp="158" pin="2"/><net_sink comp="272" pin=0"/></net>

<net id="276"><net_src comp="272" pin="1"/><net_sink comp="194" pin=8"/></net>

<net id="277"><net_src comp="272" pin="1"/><net_sink comp="217" pin=5"/></net>

<net id="278"><net_src comp="272" pin="1"/><net_sink comp="230" pin=9"/></net>

<net id="282"><net_src comp="164" pin="2"/><net_sink comp="279" pin=0"/></net>

<net id="283"><net_src comp="279" pin="1"/><net_sink comp="194" pin=4"/></net>

<net id="287"><net_src comp="170" pin="2"/><net_sink comp="284" pin=0"/></net>

<net id="288"><net_src comp="284" pin="1"/><net_sink comp="194" pin=3"/></net>

<net id="292"><net_src comp="176" pin="2"/><net_sink comp="289" pin=0"/></net>

<net id="293"><net_src comp="289" pin="1"/><net_sink comp="194" pin=2"/></net>

<net id="297"><net_src comp="124" pin="1"/><net_sink comp="294" pin=0"/></net>

<net id="298"><net_src comp="294" pin="1"/><net_sink comp="217" pin=4"/></net>

<net id="299"><net_src comp="294" pin="1"/><net_sink comp="230" pin=1"/></net>

<net id="303"><net_src comp="128" pin="1"/><net_sink comp="300" pin=0"/></net>

<net id="304"><net_src comp="300" pin="1"/><net_sink comp="194" pin=5"/></net>

<net id="305"><net_src comp="300" pin="1"/><net_sink comp="217" pin=1"/></net>

<net id="309"><net_src comp="132" pin="1"/><net_sink comp="306" pin=0"/></net>

<net id="310"><net_src comp="306" pin="1"/><net_sink comp="194" pin=6"/></net>

<net id="311"><net_src comp="306" pin="1"/><net_sink comp="217" pin=2"/></net>

<net id="315"><net_src comp="136" pin="1"/><net_sink comp="312" pin=0"/></net>

<net id="316"><net_src comp="312" pin="1"/><net_sink comp="194" pin=7"/></net>

<net id="317"><net_src comp="312" pin="1"/><net_sink comp="217" pin=3"/></net>

<net id="321"><net_src comp="182" pin="2"/><net_sink comp="318" pin=0"/></net>

<net id="322"><net_src comp="318" pin="1"/><net_sink comp="217" pin=6"/></net>

<net id="323"><net_src comp="318" pin="1"/><net_sink comp="230" pin=10"/></net>

<net id="327"><net_src comp="188" pin="2"/><net_sink comp="324" pin=0"/></net>

<net id="328"><net_src comp="324" pin="1"/><net_sink comp="230" pin=11"/></net>

</net_list>

</model> 
---------------- Datapath Model END ------------------

* FSMD analyzer results:
  - Output states:
	Port: m_axis_video_V_data_V | {5 6 }
	Port: m_axis_video_V_keep_V | {5 6 }
	Port: m_axis_video_V_strb_V | {5 6 }
	Port: m_axis_video_V_user_V | {5 6 }
	Port: m_axis_video_V_last_V | {5 6 }
	Port: m_axis_video_V_id_V | {5 6 }
	Port: m_axis_video_V_dest_V | {5 6 }
 - Input state : 
	Port: FrmbufRdHlsDataFlow : mm_video | {1 2 }
	Port: FrmbufRdHlsDataFlow : HwReg_frm_buffer | {1 }
	Port: FrmbufRdHlsDataFlow : HwReg_frm_buffer2 | {1 }
	Port: FrmbufRdHlsDataFlow : HwReg_frm_buffer3 | {1 }
	Port: FrmbufRdHlsDataFlow : width_val2 | {3 }
	Port: FrmbufRdHlsDataFlow : height_val5 | {1 }
	Port: FrmbufRdHlsDataFlow : stride_val6 | {1 }
	Port: FrmbufRdHlsDataFlow : video_format_val8 | {1 }
	Port: FrmbufRdHlsDataFlow : WidthInBytes_val10 | {1 }
	Port: FrmbufRdHlsDataFlow : colorFormat_val11 | {5 }
	Port: FrmbufRdHlsDataFlow : mapComp | {5 6 }
  - Chain level:
	State 1
		call_ln116 : 1
	State 2
	State 3
	State 4
	State 5
	State 6


============================================================
+ Verbose Summary: Datapath Resource usage 
============================================================

* Functional unit list:
|----------|-------------------------------------|---------|---------|---------|---------|
| Operation|           Functional Unit           |   DSP   |  Delay  |    FF   |   LUT   |
|----------|-------------------------------------|---------|---------|---------|---------|
|          |     grp_AXIMMvideo2Bytes_fu_194     |    0    | 3.02914 |   2325  |   813   |
|   call   |   grp_Bytes2MultiPixStream_fu_217   |    2    | 17.9569 |   2001  |   1640  |
|          |  grp_MultiPixStream2AXIvideo_fu_230 |    0    |   6.49  |   149   |   169   |
|----------|-------------------------------------|---------|---------|---------|---------|
|          | WidthInBytes_val10_read_read_fu_140 |    0    |    0    |    0    |    0    |
|          |  video_format_val8_read_read_fu_146 |    0    |    0    |    0    |    0    |
|          |     stride_val6_read_read_fu_152    |    0    |    0    |    0    |    0    |
|          |     height_val5_read_read_fu_158    |    0    |    0    |    0    |    0    |
|   read   |  HwReg_frm_buffer3_read_read_fu_164 |    0    |    0    |    0    |    0    |
|          |  HwReg_frm_buffer2_read_read_fu_170 |    0    |    0    |    0    |    0    |
|          |  HwReg_frm_buffer_read_read_fu_176  |    0    |    0    |    0    |    0    |
|          |     width_val2_read_read_fu_182     |    0    |    0    |    0    |    0    |
|          |  colorFormat_val11_read_read_fu_188 |    0    |    0    |    0    |    0    |
|----------|-------------------------------------|---------|---------|---------|---------|
|   Total  |                                     |    2    |  27.476 |   4475  |   2622  |
|----------|-------------------------------------|---------|---------|---------|---------|

Memories:
N/A

* Register list:
+-------------------------------+--------+
|                               |   FF   |
+-------------------------------+--------+
| HwReg_frm_buffer2_read_reg_284|   32   |
| HwReg_frm_buffer3_read_reg_279|   32   |
| HwReg_frm_buffer_read_reg_289 |   32   |
|WidthInBytes_val10_read_reg_255|   14   |
|   bytePlanes_plane0_reg_300   |   64   |
|   bytePlanes_plane1_reg_306   |   64   |
|   bytePlanes_plane2_reg_312   |   64   |
| colorFormat_val11_read_reg_324|    3   |
|    height_val5_read_reg_272   |   11   |
|          img_reg_294          |   24   |
|    stride_val6_read_reg_267   |   16   |
| video_format_val8_read_reg_261|    6   |
|    width_val2_read_reg_318    |   11   |
+-------------------------------+--------+
|             Total             |   373  |
+-------------------------------+--------+

* Multiplexer (MUX) list: 
|------------------------------------|------|------|------|--------||---------||---------||---------|
|                Comp                |  Pin | Size |  BW  | S x BW ||  Delay  ||    FF   ||   LUT   |
|------------------------------------|------|------|------|--------||---------||---------||---------|
|     grp_AXIMMvideo2Bytes_fu_194    |  p2  |   2  |  32  |   64   ||    0    ||    9    |
|     grp_AXIMMvideo2Bytes_fu_194    |  p3  |   2  |  32  |   64   ||    0    ||    9    |
|     grp_AXIMMvideo2Bytes_fu_194    |  p4  |   2  |  32  |   64   ||    0    ||    9    |
|     grp_AXIMMvideo2Bytes_fu_194    |  p8  |   2  |  11  |   22   ||    0    ||    9    |
|     grp_AXIMMvideo2Bytes_fu_194    |  p9  |   2  |  14  |   28   ||    0    ||    9    |
|     grp_AXIMMvideo2Bytes_fu_194    |  p10 |   2  |  16  |   32   ||    0    ||    9    |
|     grp_AXIMMvideo2Bytes_fu_194    |  p11 |   2  |   6  |   12   ||    0    ||    9    |
|   grp_Bytes2MultiPixStream_fu_217  |  p6  |   2  |  11  |   22   ||    0    ||    9    |
| grp_MultiPixStream2AXIvideo_fu_230 |  p11 |   2  |   3  |    6   ||    0    ||    9    |
|------------------------------------|------|------|------|--------||---------||---------||---------|
|                Total               |      |      |      |   314  ||  11.682 ||    0    ||    81   |
|------------------------------------|------|------|------|--------||---------||---------||---------|



* Summary:
+-----------+--------+--------+--------+--------+
|           |   DSP  |  Delay |   FF   |   LUT  |
+-----------+--------+--------+--------+--------+
|  Function |    2   |   27   |  4475  |  2622  |
|   Memory  |    -   |    -   |    -   |    -   |
|Multiplexer|    -   |   11   |    0   |   81   |
|  Register |    -   |    -   |   373  |    -   |
+-----------+--------+--------+--------+--------+
|   Total   |    2   |   39   |  4848  |  2703  |
+-----------+--------+--------+--------+--------+
