

================================================================
== Vitis HLS Report for 'FrmbufRdHlsDataFlow'
================================================================
* Date:           Mon Mar 16 15:10:45 2026

* Version:        2025.2 (Build 6295257 on Nov 14 2025)
* Project:        prj
* Solution:       sol (Vivado IP Flow Target)
* Product family: zynq
* Target device:  xc7z020-clg400-2


================================================================
== Performance Estimates
================================================================
+ Timing: 
    * Summary: 
    +--------+---------+----------+------------+
    |  Clock |  Target | Estimated| Uncertainty|
    +--------+---------+----------+------------+
    |ap_clk  |  6.52 ns|  4.761 ns|     1.76 ns|
    +--------+---------+----------+------------+

+ Latency: 
    * Summary: 
    +---------+----------+----------+-----------+-----+----------+----------+
    |  Latency (cycles)  |  Latency (absolute)  |    Interval    | Pipeline |
    |   min   |    max   |    min   |    max    | min |    max   |   Type   |
    +---------+----------+----------+-----------+-----+----------+----------+
    |   111747|  12558751|  0.729 ms|  81.908 ms|  194|  12447006|  dataflow|
    +---------+----------+----------+-----------+-----+----------+----------+

    + Detail: 
        * Instance: 
        N/A

        * Loop: 
        N/A

============================================================
+ Verbose Summary: Synthesis Manager
============================================================
InlineROM: 1
ExposeGlobal: 0
============================================================
+ Verbose Summary: CDFG Model
============================================================
IsTopModel: 0
ResetActiveHigh: 1
IsCombinational: 2
IsDatapathOnly: 0
HasWiredReturn: 1
HasMFsm: 0
HasVarLatency: 1
IsPipeline: 0
IsRtlPipelined: 0
IsInstanceOverlapped: 0
IsDontTouch: 0
HasImplIP: 0
IsGatedGlobalClock: 0


============================================================
+ Verbose Summary: Schedule
============================================================
* Number of FSM states : 6
* Pipeline : 0
* Dataflow Pipeline: 1
  DF-Pipeline-0: Size = 6, States = { 1 2 3 4 5 6 }

* FSM state transitions: 
1 --> 2 
2 --> 3 
3 --> 4 
4 --> 5 
5 --> 6 
6 --> 

* FSM state operations: 

State 1 <SV = 0> <Delay = 4.42>
ST_1 : Operation 7 [1/1] (0.00ns)   --->   "%WidthInBytes_val10_read = read i14 @_ssdm_op_Read.ap_auto.i14, i14 %WidthInBytes_val10"   --->   Operation 7 'read' 'WidthInBytes_val10_read' <Predicate = true> <Delay = 0.00>
ST_1 : Operation 8 [1/1] (0.00ns)   --->   "%video_format_val8_read = read i6 @_ssdm_op_Read.ap_auto.i6, i6 %video_format_val8"   --->   Operation 8 'read' 'video_format_val8_read' <Predicate = true> <Delay = 0.00>
ST_1 : Operation 9 [1/1] (0.00ns)   --->   "%stride_val6_read = read i16 @_ssdm_op_Read.ap_auto.i16, i16 %stride_val6"   --->   Operation 9 'read' 'stride_val6_read' <Predicate = true> <Delay = 0.00>
ST_1 : Operation 10 [1/1] (0.00ns)   --->   "%height_val5_read = read i11 @_ssdm_op_Read.ap_auto.i11, i11 %height_val5"   --->   Operation 10 'read' 'height_val5_read' <Predicate = true> <Delay = 0.00>
ST_1 : Operation 11 [1/1] (0.00ns)   --->   "%HwReg_frm_buffer3_read = read i32 @_ssdm_op_Read.ap_auto.i32, i32 %HwReg_frm_buffer3"   --->   Operation 11 'read' 'HwReg_frm_buffer3_read' <Predicate = true> <Delay = 0.00>
ST_1 : Operation 12 [1/1] (0.00ns)   --->   "%HwReg_frm_buffer2_read = read i32 @_ssdm_op_Read.ap_auto.i32, i32 %HwReg_frm_buffer2"   --->   Operation 12 'read' 'HwReg_frm_buffer2_read' <Predicate = true> <Delay = 0.00>
ST_1 : Operation 13 [1/1] (0.00ns)   --->   "%HwReg_frm_buffer_read = read i32 @_ssdm_op_Read.ap_auto.i32, i32 %HwReg_frm_buffer"   --->   Operation 13 'read' 'HwReg_frm_buffer_read' <Predicate = true> <Delay = 0.00>
ST_1 : Operation 14 [1/1] (0.00ns)   --->   "%img = alloca i32 1" [prj/sol/.autopilot/db/v_frmbuf_rd.cpp:90]   --->   Operation 14 'alloca' 'img' <Predicate = true> <Delay = 0.00> <CoreInst = "FIFO_SRL">   --->   Core 80 'FIFO_SRL' <Latency = 0> <II = 1> <Delay = 3.40> <Storage> <Opcode : 'read' 'write' 'nbread' 'nbwrite'> <Ports = 0> <Width = 24> <Depth = 2> <FIFO>
ST_1 : Operation 15 [1/1] (0.00ns)   --->   "%bytePlanes_plane0 = alloca i32 1" [prj/sol/.autopilot/db/v_frmbuf_rd.cpp:95]   --->   Operation 15 'alloca' 'bytePlanes_plane0' <Predicate = true> <Delay = 0.00> <CoreInst = "FIFO_BRAM">   --->   Core 78 'FIFO_BRAM' <Latency = 0> <II = 1> <Delay = 3.41> <Storage> <Opcode : 'read' 'write' 'nbread' 'nbwrite'> <Ports = 0> <Width = 64> <Depth = 481> <FIFO>
ST_1 : Operation 16 [1/1] (0.00ns)   --->   "%bytePlanes_plane1 = alloca i32 1" [prj/sol/.autopilot/db/v_frmbuf_rd.cpp:95]   --->   Operation 16 'alloca' 'bytePlanes_plane1' <Predicate = true> <Delay = 0.00> <CoreInst = "FIFO_BRAM">   --->   Core 78 'FIFO_BRAM' <Latency = 0> <II = 1> <Delay = 3.41> <Storage> <Opcode : 'read' 'write' 'nbread' 'nbwrite'> <Ports = 0> <Width = 64> <Depth = 481> <FIFO>
ST_1 : Operation 17 [1/1] (0.00ns)   --->   "%bytePlanes_plane2 = alloca i32 1" [prj/sol/.autopilot/db/v_frmbuf_rd.cpp:95]   --->   Operation 17 'alloca' 'bytePlanes_plane2' <Predicate = true> <Delay = 0.00> <CoreInst = "FIFO_BRAM">   --->   Core 78 'FIFO_BRAM' <Latency = 0> <II = 1> <Delay = 3.41> <Storage> <Opcode : 'read' 'write' 'nbread' 'nbwrite'> <Ports = 0> <Width = 64> <Depth = 481> <FIFO>
ST_1 : Operation 18 [2/2] (4.42ns)   --->   "%call_ln116 = call void @AXIMMvideo2Bytes, i64 %mm_video, i32 %HwReg_frm_buffer_read, i32 %HwReg_frm_buffer2_read, i32 %HwReg_frm_buffer3_read, i64 %bytePlanes_plane0, i64 %bytePlanes_plane1, i64 %bytePlanes_plane2, i11 %height_val5_read, i14 %WidthInBytes_val10_read, i16 %stride_val6_read, i6 %video_format_val8_read" [prj/sol/.autopilot/db/v_frmbuf_rd.cpp:116]   --->   Operation 18 'call' 'call_ln116' <Predicate = true> <Delay = 4.42> <CoreType = "Generic">   --->   Generic Core

State 2 <SV = 1> <Delay = 0.00>
ST_2 : Operation 19 [1/2] (0.00ns)   --->   "%call_ln116 = call void @AXIMMvideo2Bytes, i64 %mm_video, i32 %HwReg_frm_buffer_read, i32 %HwReg_frm_buffer2_read, i32 %HwReg_frm_buffer3_read, i64 %bytePlanes_plane0, i64 %bytePlanes_plane1, i64 %bytePlanes_plane2, i11 %height_val5_read, i14 %WidthInBytes_val10_read, i16 %stride_val6_read, i6 %video_format_val8_read" [prj/sol/.autopilot/db/v_frmbuf_rd.cpp:116]   --->   Operation 19 'call' 'call_ln116' <Predicate = true> <Delay = 0.00> <CoreType = "Generic">   --->   Generic Core

State 3 <SV = 2> <Delay = 4.39>
ST_3 : Operation 20 [1/1] (0.00ns)   --->   "%width_val2_read = read i11 @_ssdm_op_Read.ap_auto.i11, i11 %width_val2"   --->   Operation 20 'read' 'width_val2_read' <Predicate = true> <Delay = 0.00>
ST_3 : Operation 21 [2/2] (4.39ns)   --->   "%call_ln118 = call void @Bytes2MultiPixStream, i64 %bytePlanes_plane0, i64 %bytePlanes_plane1, i64 %bytePlanes_plane2, i24 %img, i11 %height_val5_read, i11 %width_val2_read, i14 %WidthInBytes_val10_read, i6 %video_format_val8_read" [prj/sol/.autopilot/db/v_frmbuf_rd.cpp:118]   --->   Operation 21 'call' 'call_ln118' <Predicate = true> <Delay = 4.39> <CoreType = "Generic">   --->   Generic Core

State 4 <SV = 3> <Delay = 0.00>
ST_4 : Operation 22 [1/2] (0.00ns)   --->   "%call_ln118 = call void @Bytes2MultiPixStream, i64 %bytePlanes_plane0, i64 %bytePlanes_plane1, i64 %bytePlanes_plane2, i24 %img, i11 %height_val5_read, i11 %width_val2_read, i14 %WidthInBytes_val10_read, i6 %video_format_val8_read" [prj/sol/.autopilot/db/v_frmbuf_rd.cpp:118]   --->   Operation 22 'call' 'call_ln118' <Predicate = true> <Delay = 0.00> <CoreType = "Generic">   --->   Generic Core

State 5 <SV = 4> <Delay = 3.74>
ST_5 : Operation 23 [1/1] (0.00ns)   --->   "%colorFormat_val11_read = read i3 @_ssdm_op_Read.ap_auto.i3, i3 %colorFormat_val11"   --->   Operation 23 'read' 'colorFormat_val11_read' <Predicate = true> <Delay = 0.00>
ST_5 : Operation 24 [2/2] (3.74ns)   --->   "%call_ln125 = call void @MultiPixStream2AXIvideo, i24 %img, i24 %m_axis_video_V_data_V, i3 %m_axis_video_V_keep_V, i3 %m_axis_video_V_strb_V, i1 %m_axis_video_V_user_V, i1 %m_axis_video_V_last_V, i1 %m_axis_video_V_id_V, i1 %m_axis_video_V_dest_V, i11 %height_val5_read, i11 %width_val2_read, i3 %colorFormat_val11_read, i2 %mapComp" [prj/sol/.autopilot/db/v_frmbuf_rd.cpp:125]   --->   Operation 24 'call' 'call_ln125' <Predicate = true> <Delay = 3.74> <CoreType = "Generic">   --->   Generic Core

State 6 <SV = 5> <Delay = 1.48>
ST_6 : Operation 25 [1/1] (0.00ns)   --->   "%specstablecontent_ln0 = specstablecontent void @_ssdm_op_SpecStableContent, i3 %colorFormat_val11, i1 1, void @p_str"   --->   Operation 25 'specstablecontent' 'specstablecontent_ln0' <Predicate = true> <Delay = 0.00>
ST_6 : Operation 26 [1/1] (0.00ns)   --->   "%specstablecontent_ln0 = specstablecontent void @_ssdm_op_SpecStableContent, i14 %WidthInBytes_val10, i1 1, void @p_str"   --->   Operation 26 'specstablecontent' 'specstablecontent_ln0' <Predicate = true> <Delay = 0.00>
ST_6 : Operation 27 [1/1] (0.00ns)   --->   "%specstablecontent_ln0 = specstablecontent void @_ssdm_op_SpecStableContent, i32 %HwReg_frm_buffer3, i1 1, void @p_str"   --->   Operation 27 'specstablecontent' 'specstablecontent_ln0' <Predicate = true> <Delay = 0.00>
ST_6 : Operation 28 [1/1] (0.00ns)   --->   "%specstablecontent_ln0 = specstablecontent void @_ssdm_op_SpecStableContent, i32 %HwReg_frm_buffer2, i1 1, void @p_str"   --->   Operation 28 'specstablecontent' 'specstablecontent_ln0' <Predicate = true> <Delay = 0.00>
ST_6 : Operation 29 [1/1] (0.00ns)   --->   "%specstablecontent_ln0 = specstablecontent void @_ssdm_op_SpecStableContent, i32 %HwReg_frm_buffer, i1 1, void @p_str"   --->   Operation 29 'specstablecontent' 'specstablecontent_ln0' <Predicate = true> <Delay = 0.00>
ST_6 : Operation 30 [1/1] (0.00ns)   --->   "%specstablecontent_ln0 = specstablecontent void @_ssdm_op_SpecStableContent, i64 %mm_video, i1 1, void @p_str"   --->   Operation 30 'specstablecontent' 'specstablecontent_ln0' <Predicate = true> <Delay = 0.00>
ST_6 : Operation 31 [1/1] (0.00ns)   --->   "%specdataflowpipeline_ln0 = specdataflowpipeline void @_ssdm_op_SpecDataflowPipeline, i32 4294967295, i32 0, void @empty_11"   --->   Operation 31 'specdataflowpipeline' 'specdataflowpipeline_ln0' <Predicate = true> <Delay = 0.00>
ST_6 : Operation 32 [1/1] (0.00ns)   --->   "%specaxissidechannel_ln0 = specaxissidechannel void @_ssdm_op_SpecAXISSideChannel, i24 %m_axis_video_V_data_V, i3 %m_axis_video_V_keep_V, i3 %m_axis_video_V_strb_V, i1 %m_axis_video_V_user_V, i1 %m_axis_video_V_last_V, i1 %m_axis_video_V_id_V, i1 %m_axis_video_V_dest_V, void @empty_8"   --->   Operation 32 'specaxissidechannel' 'specaxissidechannel_ln0' <Predicate = true> <Delay = 0.00>
ST_6 : Operation 33 [1/1] (0.00ns)   --->   "%specstablecontent_ln0 = specstablecontent void @_ssdm_op_SpecStableContent, i6 %video_format_val8, i1 1, void "   --->   Operation 33 'specstablecontent' 'specstablecontent_ln0' <Predicate = true> <Delay = 0.00>
ST_6 : Operation 34 [1/1] (0.00ns)   --->   "%specstablecontent_ln0 = specstablecontent void @_ssdm_op_SpecStableContent, i16 %stride_val6, i1 1, void "   --->   Operation 34 'specstablecontent' 'specstablecontent_ln0' <Predicate = true> <Delay = 0.00>
ST_6 : Operation 35 [1/1] (0.00ns)   --->   "%specstablecontent_ln0 = specstablecontent void @_ssdm_op_SpecStableContent, i11 %height_val5, i1 1, void "   --->   Operation 35 'specstablecontent' 'specstablecontent_ln0' <Predicate = true> <Delay = 0.00>
ST_6 : Operation 36 [1/1] (0.00ns)   --->   "%specstablecontent_ln0 = specstablecontent void @_ssdm_op_SpecStableContent, i11 %width_val2, i1 1, void "   --->   Operation 36 'specstablecontent' 'specstablecontent_ln0' <Predicate = true> <Delay = 0.00>
ST_6 : Operation 37 [1/1] (0.00ns)   --->   "%specinterface_ln0 = specinterface void @_ssdm_op_SpecInterface, i1 %m_axis_video_V_dest_V, i1 %m_axis_video_V_id_V, i1 %m_axis_video_V_last_V, i1 %m_axis_video_V_user_V, i3 %m_axis_video_V_strb_V, i3 %m_axis_video_V_keep_V, i24 %m_axis_video_V_data_V, void @empty_18, i32 0, i32 0, void @empty_19, i32 0, i32 0, void @empty_11, void @empty_11, void @empty_11, i32 0, i32 0, i32 0, i32 0, void @empty_11, void @empty_11, i32 4294967295, i32 0, i32 0, i32 0"   --->   Operation 37 'specinterface' 'specinterface_ln0' <Predicate = true> <Delay = 0.00>
ST_6 : Operation 38 [1/1] (0.00ns)   --->   "%specinterface_ln0 = specinterface void @_ssdm_op_SpecInterface, i64 %mm_video, void @empty_21, i32 0, i32 0, void @empty_11, i32 100, i32 2073600, void @empty_1, void @empty_2, void @empty_11, i32 4, i32 16, i32 16, i32 16, void @empty_11, void @empty_11, i32 4294967295, i32 0, i32 0, i32 8"   --->   Operation 38 'specinterface' 'specinterface_ln0' <Predicate = true> <Delay = 0.00>
ST_6 : Operation 39 [1/1] (0.00ns)   --->   "%empty = specchannel i32 @_ssdm_op_SpecChannel, void @img_str, i32 1, void @p_str, void @p_str, i32 2, i32 2, i24 %img, i24 %img"   --->   Operation 39 'specchannel' 'empty' <Predicate = true> <Delay = 0.00>
ST_6 : Operation 40 [1/1] (0.00ns)   --->   "%specinterface_ln0 = specinterface void @_ssdm_op_SpecInterface, i24 %img, void @empty_17, i32 0, i32 0, void @empty_11, i32 0, i32 0, void @empty_11, void @empty_11, void @empty_11, i32 0, i32 0, i32 0, i32 0, void @empty_11, void @empty_11, i32 4294967295, i32 0, i32 0, i32 0"   --->   Operation 40 'specinterface' 'specinterface_ln0' <Predicate = true> <Delay = 0.00>
ST_6 : Operation 41 [1/1] (0.00ns)   --->   "%empty_152 = specchannel i32 @_ssdm_op_SpecChannel, void @bytePlanes_OC_plane0_str, i32 1, void @p_str, void @p_str, i32 481, i32 481, i64 %bytePlanes_plane0, i64 %bytePlanes_plane0"   --->   Operation 41 'specchannel' 'empty_152' <Predicate = true> <Delay = 0.00>
ST_6 : Operation 42 [1/1] (0.00ns)   --->   "%specinterface_ln0 = specinterface void @_ssdm_op_SpecInterface, i64 %bytePlanes_plane0, void @empty_17, i32 0, i32 0, void @empty_11, i32 0, i32 0, void @empty_11, void @empty_11, void @empty_11, i32 0, i32 0, i32 0, i32 0, void @empty_11, void @empty_11, i32 4294967295, i32 0, i32 0, i32 0"   --->   Operation 42 'specinterface' 'specinterface_ln0' <Predicate = true> <Delay = 0.00>
ST_6 : Operation 43 [1/1] (0.00ns)   --->   "%empty_153 = specchannel i32 @_ssdm_op_SpecChannel, void @bytePlanes_OC_plane1_str, i32 1, void @p_str, void @p_str, i32 481, i32 481, i64 %bytePlanes_plane1, i64 %bytePlanes_plane1"   --->   Operation 43 'specchannel' 'empty_153' <Predicate = true> <Delay = 0.00>
ST_6 : Operation 44 [1/1] (0.00ns)   --->   "%specinterface_ln0 = specinterface void @_ssdm_op_SpecInterface, i64 %bytePlanes_plane1, void @empty_17, i32 0, i32 0, void @empty_11, i32 0, i32 0, void @empty_11, void @empty_11, void @empty_11, i32 0, i32 0, i32 0, i32 0, void @empty_11, void @empty_11, i32 4294967295, i32 0, i32 0, i32 0"   --->   Operation 44 'specinterface' 'specinterface_ln0' <Predicate = true> <Delay = 0.00>
ST_6 : Operation 45 [1/1] (0.00ns)   --->   "%empty_154 = specchannel i32 @_ssdm_op_SpecChannel, void @bytePlanes_OC_plane2_str, i32 1, void @p_str, void @p_str, i32 481, i32 481, i64 %bytePlanes_plane2, i64 %bytePlanes_plane2"   --->   Operation 45 'specchannel' 'empty_154' <Predicate = true> <Delay = 0.00>
ST_6 : Operation 46 [1/1] (0.00ns)   --->   "%specinterface_ln0 = specinterface void @_ssdm_op_SpecInterface, i64 %bytePlanes_plane2, void @empty_17, i32 0, i32 0, void @empty_11, i32 0, i32 0, void @empty_11, void @empty_11, void @empty_11, i32 0, i32 0, i32 0, i32 0, void @empty_11, void @empty_11, i32 4294967295, i32 0, i32 0, i32 0"   --->   Operation 46 'specinterface' 'specinterface_ln0' <Predicate = true> <Delay = 0.00>
ST_6 : Operation 47 [1/1] (0.00ns)   --->   "%specmemcore_ln97 = specmemcore void @_ssdm_op_SpecMemCore, i64 %bytePlanes_plane0, i64 666, i64 8, i64 18446744073709551615, i1 0" [prj/sol/.autopilot/db/v_frmbuf_rd.cpp:97]   --->   Operation 47 'specmemcore' 'specmemcore_ln97' <Predicate = true> <Delay = 0.00>
ST_6 : Operation 48 [1/1] (0.00ns)   --->   "%specmemcore_ln101 = specmemcore void @_ssdm_op_SpecMemCore, i64 %bytePlanes_plane1, i64 666, i64 8, i64 18446744073709551615, i1 0" [prj/sol/.autopilot/db/v_frmbuf_rd.cpp:101]   --->   Operation 48 'specmemcore' 'specmemcore_ln101' <Predicate = true> <Delay = 0.00>
ST_6 : Operation 49 [1/1] (0.00ns)   --->   "%specmemcore_ln106 = specmemcore void @_ssdm_op_SpecMemCore, i64 %bytePlanes_plane2, i64 666, i64 8, i64 18446744073709551615, i1 0" [prj/sol/.autopilot/db/v_frmbuf_rd.cpp:106]   --->   Operation 49 'specmemcore' 'specmemcore_ln106' <Predicate = true> <Delay = 0.00>
ST_6 : Operation 50 [1/2] (1.48ns)   --->   "%call_ln125 = call void @MultiPixStream2AXIvideo, i24 %img, i24 %m_axis_video_V_data_V, i3 %m_axis_video_V_keep_V, i3 %m_axis_video_V_strb_V, i1 %m_axis_video_V_user_V, i1 %m_axis_video_V_last_V, i1 %m_axis_video_V_id_V, i1 %m_axis_video_V_dest_V, i11 %height_val5_read, i11 %width_val2_read, i3 %colorFormat_val11_read, i2 %mapComp" [prj/sol/.autopilot/db/v_frmbuf_rd.cpp:125]   --->   Operation 50 'call' 'call_ln125' <Predicate = true> <Delay = 1.48> <CoreType = "Generic">   --->   Generic Core
ST_6 : Operation 51 [1/1] (0.00ns)   --->   "%ret_ln127 = ret" [prj/sol/.autopilot/db/v_frmbuf_rd.cpp:127]   --->   Operation 51 'ret' 'ret_ln127' <Predicate = true> <Delay = 0.00>


============================================================
+ Verbose Summary: Timing violations
============================================================
Target clock period: 6.522ns, clock uncertainty: 1.761ns.

 <State 1>: 4.427ns
The critical path consists of the following:
	wire read operation ('WidthInBytes_val10_read') on port 'WidthInBytes_val10' [27]  (0.000 ns)
	'call' operation ('call_ln116', prj/sol/.autopilot/db/v_frmbuf_rd.cpp:116) to 'AXIMMvideo2Bytes' [57]  (4.427 ns)

 <State 2>: 0.000ns
The critical path consists of the following:

 <State 3>: 4.392ns
The critical path consists of the following:
	wire read operation ('width_val2_read') on port 'width_val2' [31]  (0.000 ns)
	'call' operation ('call_ln118', prj/sol/.autopilot/db/v_frmbuf_rd.cpp:118) to 'Bytes2MultiPixStream' [58]  (4.392 ns)

 <State 4>: 0.000ns
The critical path consists of the following:

 <State 5>: 3.749ns
The critical path consists of the following:
	wire read operation ('colorFormat_val11_read') on port 'colorFormat_val11' [26]  (0.000 ns)
	'call' operation ('call_ln125', prj/sol/.autopilot/db/v_frmbuf_rd.cpp:125) to 'MultiPixStream2AXIvideo' [59]  (3.749 ns)

 <State 6>: 1.482ns
The critical path consists of the following:
	'call' operation ('call_ln125', prj/sol/.autopilot/db/v_frmbuf_rd.cpp:125) to 'MultiPixStream2AXIvideo' [59]  (1.482 ns)


============================================================
+ Verbose Summary: Binding
============================================================
N/A
* FSMD analyzer results:
  - Output states:
 - Input state : 
  - Chain level:
	State 1
	State 2
	State 3
	State 4
	State 5
	State 6


============================================================
+ Verbose Summary: Datapath Resource usage 
============================================================
N/A
