

================================================================
== Vitis HLS Report for 'MultiPixStream2AXIvideo_Pipeline_VITIS_LOOP_376_3'
================================================================
* Date:           Mon Mar 16 15:10:45 2026

* Version:        2025.2 (Build 6295257 on Nov 14 2025)
* Project:        prj
* Solution:       sol (Vivado IP Flow Target)
* Product family: zynq
* Target device:  xc7z020-clg400-2


================================================================
== Performance Estimates
================================================================
+ Timing: 
    * Summary: 
    +--------+---------+----------+------------+
    |  Clock |  Target | Estimated| Uncertainty|
    +--------+---------+----------+------------+
    |ap_clk  |  6.52 ns|  4.078 ns|     1.76 ns|
    +--------+---------+----------+------------+

+ Latency: 
    * Summary: 
    +---------+---------+-----------+-----------+-----+-----+-------------------+
    |  Latency (cycles) |   Latency (absolute)  |  Interval |      Pipeline     |
    |   min   |   max   |    min    |    max    | min | max |        Type       |
    +---------+---------+-----------+-----------+-----+-----+-------------------+
    |        4|     1924|  26.088 ns|  12.548 us|    0|    0|  loop pipeline stp|
    +---------+---------+-----------+-----------+-----+-----+-------------------+

    + Detail: 
        * Instance: 
        N/A

        * Loop: 
        +--------------------+---------+---------+----------+-----------+-----------+----------+----------+
        |                    |  Latency (cycles) | Iteration|  Initiation Interval  |   Trip   |          |
        |      Loop Name     |   min   |   max   |  Latency |  achieved |   target  |   Count  | Pipelined|
        +--------------------+---------+---------+----------+-----------+-----------+----------+----------+
        |- VITIS_LOOP_376_3  |        2|     1922|         3|          1|          1|  0 ~ 1920|       yes|
        +--------------------+---------+---------+----------+-----------+-----------+----------+----------+

============================================================
+ Verbose Summary: Synthesis Manager
============================================================
InlineROM: 1
ExposeGlobal: 0
============================================================
+ Verbose Summary: CDFG Model
============================================================
IsTopModel: 0
ResetActiveHigh: 1
IsCombinational: 0
IsDatapathOnly: 0
HasWiredReturn: 1
HasMFsm: 2
HasVarLatency: 1
IsPipeline: 0
IsRtlPipelined: 0
IsInstanceOverlapped: 0
IsDontTouch: 0
HasImplIP: 0
IsGatedGlobalClock: 0

+ Individual pipeline summary: 
  * Pipeline-0: initiation interval (II) = 1, depth = 3


============================================================
+ Verbose Summary: Schedule
============================================================
* Number of FSM states : 3
* Pipeline : 1
  Pipeline-0 : II = 1, D = 3, States = { 1 2 3 }
* Dataflow Pipeline: 0

* FSM state transitions: 
1 --> 2 
2 --> 3 
3 --> 

* FSM state operations: 

State 1 <SV = 0> <Delay = 4.07>
ST_1 : Operation 6 [1/1] (0.00ns)   --->   "%j = alloca i32 1" [prj/sol/.autopilot/db/v_frmbuf_rd.cpp:376]   --->   Operation 6 'alloca' 'j' <Predicate = true> <Delay = 0.00>
ST_1 : Operation 7 [1/1] (0.00ns)   --->   "%specaxissidechannel_ln0 = specaxissidechannel void @_ssdm_op_SpecAXISSideChannel, i24 %m_axis_video_V_data_V, i3 %m_axis_video_V_keep_V, i3 %m_axis_video_V_strb_V, i1 %m_axis_video_V_user_V, i1 %m_axis_video_V_last_V, i1 %m_axis_video_V_id_V, i1 %m_axis_video_V_dest_V, void @empty_8"   --->   Operation 7 'specaxissidechannel' 'specaxissidechannel_ln0' <Predicate = true> <Delay = 0.00>
ST_1 : Operation 8 [1/1] (0.00ns)   --->   "%specinterface_ln0 = specinterface void @_ssdm_op_SpecInterface, i1 %m_axis_video_V_dest_V, i1 %m_axis_video_V_id_V, i1 %m_axis_video_V_last_V, i1 %m_axis_video_V_user_V, i3 %m_axis_video_V_strb_V, i3 %m_axis_video_V_keep_V, i24 %m_axis_video_V_data_V, void @empty_18, i32 0, i32 0, void @empty_19, i32 0, i32 0, void @empty_11, void @empty_11, void @empty_11, i32 0, i32 0, i32 0, i32 0, void @empty_11, void @empty_11, i32 4294967295, i32 0, i32 0, i32 0"   --->   Operation 8 'specinterface' 'specinterface_ln0' <Predicate = true> <Delay = 0.00>
ST_1 : Operation 9 [1/1] (0.00ns)   --->   "%specinterface_ln0 = specinterface void @_ssdm_op_SpecInterface, i24 %img, void @empty_17, i32 0, i32 0, void @empty_11, i32 0, i32 0, void @empty_11, void @empty_11, void @empty_11, i32 0, i32 0, i32 0, i32 0, void @empty_11, void @empty_11, i32 4294967295, i32 0, i32 0, i32 0"   --->   Operation 9 'specinterface' 'specinterface_ln0' <Predicate = true> <Delay = 0.00>
ST_1 : Operation 10 [1/1] (0.00ns)   --->   "%tmp = read i2 @_ssdm_op_Read.ap_auto.i2, i2 %empty"   --->   Operation 10 'read' 'tmp' <Predicate = true> <Delay = 0.00>
ST_1 : Operation 11 [1/1] (0.00ns)   --->   "%tmp_2 = read i2 @_ssdm_op_Read.ap_auto.i2, i2 %empty_79"   --->   Operation 11 'read' 'tmp_2' <Predicate = true> <Delay = 0.00>
ST_1 : Operation 12 [1/1] (0.00ns)   --->   "%tmp_3 = read i2 @_ssdm_op_Read.ap_auto.i2, i2 %empty_78"   --->   Operation 12 'read' 'tmp_3' <Predicate = true> <Delay = 0.00>
ST_1 : Operation 13 [1/1] (0.00ns)   --->   "%add_ln392_read = read i12 @_ssdm_op_Read.ap_auto.i12, i12 %add_ln392"   --->   Operation 13 'read' 'add_ln392_read' <Predicate = true> <Delay = 0.00>
ST_1 : Operation 14 [1/1] (0.00ns)   --->   "%cols_read = read i11 @_ssdm_op_Read.ap_auto.i11, i11 %cols"   --->   Operation 14 'read' 'cols_read' <Predicate = true> <Delay = 0.00>
ST_1 : Operation 15 [1/1] (0.00ns)   --->   "%sof_read = read i1 @_ssdm_op_Read.ap_auto.i1, i1 %sof"   --->   Operation 15 'read' 'sof_read' <Predicate = true> <Delay = 0.00>
ST_1 : Operation 16 [1/1] (1.29ns)   --->   "%store_ln376 = store i11 0, i11 %j" [prj/sol/.autopilot/db/v_frmbuf_rd.cpp:376]   --->   Operation 16 'store' 'store_ln376' <Predicate = true> <Delay = 1.29>
ST_1 : Operation 17 [1/1] (1.29ns)   --->   "%br_ln376 = br void %for.body33" [prj/sol/.autopilot/db/v_frmbuf_rd.cpp:376]   --->   Operation 17 'br' 'br_ln376' <Predicate = true> <Delay = 1.29>
ST_1 : Operation 18 [1/1] (0.00ns)   --->   "%j_1 = load i11 %j" [prj/sol/.autopilot/db/v_frmbuf_rd.cpp:376]   --->   Operation 18 'load' 'j_1' <Predicate = true> <Delay = 0.00>
ST_1 : Operation 19 [1/1] (1.48ns)   --->   "%icmp_ln376 = icmp_eq  i11 %j_1, i11 %cols_read" [prj/sol/.autopilot/db/v_frmbuf_rd.cpp:376]   --->   Operation 19 'icmp' 'icmp_ln376' <Predicate = true> <Delay = 1.48> <CoreInst = "Cmp">   --->   Core 9 'Cmp' <Latency = 0> <II = 1> <Delay = 1.48> <FuncUnit> <Opcode : 'seteq' 'setne' 'setle' 'setge' 'setlt' 'setgt'> <InPorts = 2> <OutPorts = 1>
ST_1 : Operation 20 [1/1] (1.48ns)   --->   "%j_2 = add i11 %j_1, i11 1" [prj/sol/.autopilot/db/v_frmbuf_rd.cpp:376]   --->   Operation 20 'add' 'j_2' <Predicate = true> <Delay = 1.48> <CoreInst = "Adder">   --->   Core 1 'Adder' <Latency = 0> <II = 1> <Delay = 1.48> <FuncUnit> <Opcode : 'add' 'sub'> <InPorts = 2> <OutPorts = 1>
ST_1 : Operation 21 [1/1] (0.00ns)   --->   "%br_ln376 = br i1 %icmp_ln376, void %for.body33.split, void %for.inc78.exitStub" [prj/sol/.autopilot/db/v_frmbuf_rd.cpp:376]   --->   Operation 21 'br' 'br_ln376' <Predicate = true> <Delay = 0.00>
ST_1 : Operation 22 [1/1] (0.00ns)   --->   "%zext_ln376 = zext i11 %j_1" [prj/sol/.autopilot/db/v_frmbuf_rd.cpp:376]   --->   Operation 22 'zext' 'zext_ln376' <Predicate = (!icmp_ln376)> <Delay = 0.00>
ST_1 : Operation 23 [1/1] (1.54ns)   --->   "%icmp_ln392 = icmp_eq  i12 %zext_ln376, i12 %add_ln392_read" [prj/sol/.autopilot/db/v_frmbuf_rd.cpp:392]   --->   Operation 23 'icmp' 'icmp_ln392' <Predicate = (!icmp_ln376)> <Delay = 1.54> <CoreInst = "Cmp">   --->   Core 9 'Cmp' <Latency = 0> <II = 1> <Delay = 1.54> <FuncUnit> <Opcode : 'seteq' 'setne' 'setle' 'setge' 'setlt' 'setgt'> <InPorts = 2> <OutPorts = 1>
ST_1 : Operation 24 [1/1] (1.29ns)   --->   "%store_ln376 = store i11 %j_2, i11 %j" [prj/sol/.autopilot/db/v_frmbuf_rd.cpp:376]   --->   Operation 24 'store' 'store_ln376' <Predicate = (!icmp_ln376)> <Delay = 1.29>
ST_1 : Operation 25 [1/1] (0.00ns)   --->   "%br_ln376 = br void %for.body33" [prj/sol/.autopilot/db/v_frmbuf_rd.cpp:376]   --->   Operation 25 'br' 'br_ln376' <Predicate = (!icmp_ln376)> <Delay = 0.00>

State 2 <SV = 1> <Delay = 3.67>
ST_2 : Operation 26 [1/1] ( I:2.38ns O:2.38ns )   --->   "%img_read = read i24 @_ssdm_op_Read.ap_fifo.volatile.i24P0A, i24 %img" [prj/sol/.autopilot/db/v_frmbuf_rd.cpp:400]   --->   Operation 26 'read' 'img_read' <Predicate = (!icmp_ln376)> <Delay = 2.38> <CoreInst = "FIFO_SRL">   --->   Core 80 'FIFO_SRL' <Latency = 0> <II = 1> <Delay = 3.40> <Storage> <Opcode : 'read' 'write' 'nbread' 'nbwrite'> <Ports = 0> <Width = 24> <Depth = 2> <FIFO>
ST_2 : Operation 27 [1/1] (0.00ns)   --->   "%pix = trunc i24 %img_read" [prj/sol/.autopilot/db/v_frmbuf_rd.cpp:400]   --->   Operation 27 'trunc' 'pix' <Predicate = (!icmp_ln376)> <Delay = 0.00>
ST_2 : Operation 28 [1/1] (0.00ns)   --->   "%pix_1 = partselect i8 @_ssdm_op_PartSelect.i8.i24.i32.i32, i24 %img_read, i32 8, i32 15" [prj/sol/.autopilot/db/v_frmbuf_rd.cpp:400]   --->   Operation 28 'partselect' 'pix_1' <Predicate = (!icmp_ln376)> <Delay = 0.00>
ST_2 : Operation 29 [1/1] (0.00ns)   --->   "%pix_2 = partselect i8 @_ssdm_op_PartSelect.i8.i24.i32.i32, i24 %img_read, i32 16, i32 23" [prj/sol/.autopilot/db/v_frmbuf_rd.cpp:400]   --->   Operation 29 'partselect' 'pix_2' <Predicate = (!icmp_ln376)> <Delay = 0.00>
ST_2 : Operation 30 [1/1] (1.29ns)   --->   "%tmp_4 = sparsemux i8 @_ssdm_op_SparseMux.ap_auto.3i8.i8.i2, i2 0, i8 %pix, i2 1, i8 %pix_1, i2 2, i8 %pix_2, i8 0, i2 %tmp_3" [prj/sol/.autopilot/db/v_frmbuf_rd.cpp:409]   --->   Operation 30 'sparsemux' 'tmp_4' <Predicate = (!icmp_ln376)> <Delay = 1.29> <CoreInst = "OneHotSparseMux_HasDef">   --->   Core 140 'OneHotSparseMux_HasDef' <Latency = 0> <II = 1> <Delay = 1.29> <FuncUnit> <Opcode : 'sparsemux'> <InPorts = 2> <OutPorts = 1>
ST_2 : Operation 31 [1/1] (1.29ns)   --->   "%tmp_5 = sparsemux i8 @_ssdm_op_SparseMux.ap_auto.3i8.i8.i2, i2 0, i8 %pix, i2 1, i8 %pix_1, i2 2, i8 %pix_2, i8 0, i2 %tmp_2" [prj/sol/.autopilot/db/v_frmbuf_rd.cpp:409]   --->   Operation 31 'sparsemux' 'tmp_5' <Predicate = (!icmp_ln376)> <Delay = 1.29> <CoreInst = "OneHotSparseMux_HasDef">   --->   Core 140 'OneHotSparseMux_HasDef' <Latency = 0> <II = 1> <Delay = 1.29> <FuncUnit> <Opcode : 'sparsemux'> <InPorts = 2> <OutPorts = 1>
ST_2 : Operation 32 [1/1] (1.29ns)   --->   "%tmp_6 = sparsemux i8 @_ssdm_op_SparseMux.ap_auto.3i8.i8.i2, i2 0, i8 %pix, i2 1, i8 %pix_1, i2 2, i8 %pix_2, i8 0, i2 %tmp" [prj/sol/.autopilot/db/v_frmbuf_rd.cpp:409]   --->   Operation 32 'sparsemux' 'tmp_6' <Predicate = (!icmp_ln376)> <Delay = 1.29> <CoreInst = "OneHotSparseMux_HasDef">   --->   Core 140 'OneHotSparseMux_HasDef' <Latency = 0> <II = 1> <Delay = 1.29> <FuncUnit> <Opcode : 'sparsemux'> <InPorts = 2> <OutPorts = 1>

State 3 <SV = 2> <Delay = 1.29>
ST_3 : Operation 33 [1/1] (0.00ns)   --->   "%sof_1 = phi i1 %sof_read, void %newFuncRoot, i1 0, void %for.body33.split"   --->   Operation 33 'phi' 'sof_1' <Predicate = true> <Delay = 0.00>
ST_3 : Operation 34 [1/1] (0.00ns)   --->   "%speclooptripcount_ln0 = speclooptripcount void @_ssdm_op_SpecLoopTripCount, i64 0, i64 1920, i64 0"   --->   Operation 34 'speclooptripcount' 'speclooptripcount_ln0' <Predicate = true> <Delay = 0.00>
ST_3 : Operation 35 [1/1] (0.00ns)   --->   "%specpipeline_ln379 = specpipeline void @_ssdm_op_SpecPipeline, i32 1, i32 0, i32 0, i32 0, i32 4294967295, void @empty_11" [prj/sol/.autopilot/db/v_frmbuf_rd.cpp:379]   --->   Operation 35 'specpipeline' 'specpipeline_ln379' <Predicate = (!icmp_ln376)> <Delay = 0.00>
ST_3 : Operation 36 [1/1] (0.00ns)   --->   "%specloopname_ln376 = specloopname void @_ssdm_op_SpecLoopName, void @empty_36" [prj/sol/.autopilot/db/v_frmbuf_rd.cpp:376]   --->   Operation 36 'specloopname' 'specloopname_ln376' <Predicate = (!icmp_ln376)> <Delay = 0.00>
ST_3 : Operation 37 [1/1] (0.00ns)   --->   "%tmp_7 = bitconcatenate i24 @_ssdm_op_BitConcatenate.i24.i8.i8.i8, i8 %tmp_6, i8 %tmp_5, i8 %tmp_4" [prj/sol/.autopilot/db/v_frmbuf_rd.cpp:409]   --->   Operation 37 'bitconcatenate' 'tmp_7' <Predicate = (!icmp_ln376)> <Delay = 0.00>
ST_3 : Operation 38 [1/1] ( I:1.24ns O:1.24ns )   --->   "%write_ln414 = write void @_ssdm_op_Write.axis.volatile.i24P0A.i3P0A.i3P0A.i1P0A.i1P0A.i1P0A.i1P0A, i24 %m_axis_video_V_data_V, i3 %m_axis_video_V_keep_V, i3 %m_axis_video_V_strb_V, i1 %m_axis_video_V_user_V, i1 %m_axis_video_V_last_V, i1 %m_axis_video_V_id_V, i1 %m_axis_video_V_dest_V, i24 %tmp_7, i3 7, i3 7, i1 %sof_1, i1 %icmp_ln392, i1 0, i1 0" [prj/sol/.autopilot/db/v_frmbuf_rd.cpp:414]   --->   Operation 38 'write' 'write_ln414' <Predicate = (!icmp_ln376)> <Delay = 1.24> <CoreInst = "regslice">   --->   Core 135 'regslice' <Latency = 0> <II = 1> <Delay = 1.52> <Adapter> <Opcode : 'read' 'write'>
ST_3 : Operation 39 [1/1] (1.29ns)   --->   "%ret_ln0 = ret"   --->   Operation 39 'ret' 'ret_ln0' <Predicate = (icmp_ln376)> <Delay = 1.29>


============================================================
+ Verbose Summary: Timing violations
============================================================
Target clock period: 6.522ns, clock uncertainty: 1.761ns.

 <State 1>: 4.078ns
The critical path consists of the following:
	'store' operation ('store_ln376', prj/sol/.autopilot/db/v_frmbuf_rd.cpp:376) of constant 0 11 bit on local variable 'j', prj/sol/.autopilot/db/v_frmbuf_rd.cpp:376 [25]  (1.298 ns)
	'load' operation 11 bit ('j', prj/sol/.autopilot/db/v_frmbuf_rd.cpp:376) on local variable 'j', prj/sol/.autopilot/db/v_frmbuf_rd.cpp:376 [29]  (0.000 ns)
	'icmp' operation 1 bit ('icmp_ln376', prj/sol/.autopilot/db/v_frmbuf_rd.cpp:376) [30]  (1.482 ns)
	'store' operation ('store_ln376', prj/sol/.autopilot/db/v_frmbuf_rd.cpp:376) of variable 'j', prj/sol/.autopilot/db/v_frmbuf_rd.cpp:376 11 bit on local variable 'j', prj/sol/.autopilot/db/v_frmbuf_rd.cpp:376 [48]  (1.298 ns)

 <State 2>: 3.679ns
The critical path consists of the following:
	fifo read operation ('img_read', prj/sol/.autopilot/db/v_frmbuf_rd.cpp:400) on port 'img' (prj/sol/.autopilot/db/v_frmbuf_rd.cpp:400) [39]  (2.381 ns)
	'sparsemux' operation 8 bit ('tmp_4', prj/sol/.autopilot/db/v_frmbuf_rd.cpp:409) [43]  (1.298 ns)

 <State 3>: 1.298ns
The critical path consists of the following:


============================================================
+ Verbose Summary: Binding
============================================================
N/A
* FSMD analyzer results:
  - Output states:
 - Input state : 
  - Chain level:
	State 1
	State 2
	State 3


============================================================
+ Verbose Summary: Datapath Resource usage 
============================================================
N/A
