

================================================================
== Vitis HLS Report for 'MultiPixStream2AXIvideo'
================================================================
* Date:           Mon Mar 16 15:10:46 2026

* Version:        2025.2 (Build 6295257 on Nov 14 2025)
* Project:        prj
* Solution:       sol (Vivado IP Flow Target)
* Product family: zynq
* Target device:  xc7z020-clg400-2


================================================================
== Performance Estimates
================================================================
+ Timing: 
    * Summary: 
    +--------+---------+----------+------------+
    |  Clock |  Target | Estimated| Uncertainty|
    +--------+---------+----------+------------+
    |ap_clk  |  6.52 ns|  4.261 ns|     1.76 ns|
    +--------+---------+----------+------------+

+ Latency: 
    * Summary: 
    +---------+---------+-----------+-----------+-----+---------+---------+
    |  Latency (cycles) |   Latency (absolute)  |    Interval   | Pipeline|
    |   min   |   max   |    min    |    max    | min |   max   |   Type  |
    +---------+---------+-----------+-----------+-----+---------+---------+
    |        9|  2080089|  58.698 ns|  13.566 ms|    9|  2080089|       no|
    +---------+---------+-----------+-----------+-----+---------+---------+

    + Detail: 
        * Instance: 
        +--------------------------------------------------------------+---------------------------------------------------+---------+---------+-----------+-----------+-----+-----+-------------------+
        |                                                              |                                                   |  Latency (cycles) |   Latency (absolute)  |  Interval |      Pipeline     |
        |                           Instance                           |                       Module                      |   min   |   max   |    min    |    max    | min | max |        Type       |
        +--------------------------------------------------------------+---------------------------------------------------+---------+---------+-----------+-----------+-----+-----+-------------------+
        |grp_MultiPixStream2AXIvideo_Pipeline_VITIS_LOOP_367_1_fu_128  |MultiPixStream2AXIvideo_Pipeline_VITIS_LOOP_367_1  |        6|        6|  39.132 ns|  39.132 ns|    0|    0|  loop pipeline stp|
        |grp_MultiPixStream2AXIvideo_Pipeline_VITIS_LOOP_376_3_fu_138  |MultiPixStream2AXIvideo_Pipeline_VITIS_LOOP_376_3  |        4|     1924|  26.088 ns|  12.548 us|    0|    0|  loop pipeline stp|
        |grp_reg_unsigned_short_s_fu_193                               |reg_unsigned_short_s                               |        1|        1|   6.522 ns|   6.522 ns|    1|    1|                yes|
        |grp_reg_unsigned_short_s_fu_199                               |reg_unsigned_short_s                               |        1|        1|   6.522 ns|   6.522 ns|    1|    1|                yes|
        +--------------------------------------------------------------+---------------------------------------------------+---------+---------+-----------+-----------+-----+-----+-------------------+

        * Loop: 
        +--------------------+---------+---------+----------+-----------+-----------+----------+----------+
        |                    |  Latency (cycles) | Iteration|  Initiation Interval  |   Trip   |          |
        |      Loop Name     |   min   |   max   |  Latency |  achieved |   target  |   Count  | Pipelined|
        +--------------------+---------+---------+----------+-----------+-----------+----------+----------+
        |- VITIS_LOOP_374_2  |        0|  2080080|  6 ~ 1926|          -|          -|  0 ~ 1080|        no|
        +--------------------+---------+---------+----------+-----------+-----------+----------+----------+



================================================================
== Utilization Estimates
================================================================
* Summary: 
+-----------------+---------+-----+--------+-------+-----+
|       Name      | BRAM_18K| DSP |   FF   |  LUT  | URAM|
+-----------------+---------+-----+--------+-------+-----+
|DSP              |        -|    -|       -|      -|    -|
|Expression       |        -|    -|       0|     54|    -|
|FIFO             |        -|    -|       -|      -|    -|
|Instance         |        0|    -|      89|    184|    -|
|Memory           |        -|    -|       -|      -|    -|
|Multiplexer      |        -|    -|       0|    115|    -|
|Register         |        -|    -|     102|      -|    -|
+-----------------+---------+-----+--------+-------+-----+
|Total            |        0|    0|     191|    353|    0|
+-----------------+---------+-----+--------+-------+-----+
|Available        |      280|  220|  106400|  53200|    0|
+-----------------+---------+-----+--------+-------+-----+
|Utilization (%)  |        0|    0|      ~0|     ~0|    0|
+-----------------+---------+-----+--------+-------+-----+

+ Detail: 
    * Instance: 
    +--------------------------------------------------------------+---------------------------------------------------+---------+----+----+-----+-----+
    |                           Instance                           |                       Module                      | BRAM_18K| DSP| FF | LUT | URAM|
    +--------------------------------------------------------------+---------------------------------------------------+---------+----+----+-----+-----+
    |grp_MultiPixStream2AXIvideo_Pipeline_VITIS_LOOP_367_1_fu_128  |MultiPixStream2AXIvideo_Pipeline_VITIS_LOOP_367_1  |        0|   0|  17|   51|    0|
    |grp_MultiPixStream2AXIvideo_Pipeline_VITIS_LOOP_376_3_fu_138  |MultiPixStream2AXIvideo_Pipeline_VITIS_LOOP_376_3  |        0|   0|  46|  129|    0|
    |grp_reg_unsigned_short_s_fu_193                               |reg_unsigned_short_s                               |        0|   0|  13|    2|    0|
    |grp_reg_unsigned_short_s_fu_199                               |reg_unsigned_short_s                               |        0|   0|  13|    2|    0|
    +--------------------------------------------------------------+---------------------------------------------------+---------+----+----+-----+-----+
    |Total                                                         |                                                   |        0|   0|  89|  184|    0|
    +--------------------------------------------------------------+---------------------------------------------------+---------+----+----+-----+-----+

    * DSP: 
    N/A

    * Memory: 
    N/A

    * FIFO: 
    N/A

    * Expression: 
    +----------------------------------------------------------------------------------+----------+----+---+----+------------+------------+
    |                                   Variable Name                                  | Operation| DSP| FF| LUT| Bitwidth P0| Bitwidth P1|
    +----------------------------------------------------------------------------------+----------+----+---+----+------------+------------+
    |add_ln392_fu_218_p2                                                               |         +|   0|  0|  12|          12|           2|
    |i_2_fu_238_p2                                                                     |         +|   0|  0|  11|          11|           1|
    |sub_ln367_fu_181_p2                                                               |         -|   0|  0|   6|           4|           4|
    |and_ln374_fu_244_p2                                                               |       and|   0|  0|   1|           1|           1|
    |grp_MultiPixStream2AXIvideo_Pipeline_VITIS_LOOP_376_3_fu_138_m_axis_video_TREADY  |       and|   0|  0|   1|           1|           1|
    |icmp_ln374_1_fu_233_p2                                                            |      icmp|   0|  0|  11|          11|          11|
    |icmp_ln374_fu_224_p2                                                              |      icmp|   0|  0|  11|          11|           1|
    |ap_block_state1                                                                   |        or|   0|  0|   1|           1|           1|
    +----------------------------------------------------------------------------------+----------+----+---+----+------------+------------+
    |Total                                                                             |          |   0|  0|  54|          52|          22|
    +----------------------------------------------------------------------------------+----------+----+---+----+------------+------------+

    * Multiplexer: 
    +--------------------+----+-----------+-----+-----------+
    |        Name        | LUT| Input Size| Bits| Total Bits|
    +--------------------+----+-----------+-----+-----------+
    |ap_NS_fsm           |  25|          6|    1|          6|
    |ap_done             |   9|          2|    1|          2|
    |i_1_fu_82           |   9|          2|   11|         22|
    |m_axis_video_TDATA  |   9|          2|   24|         48|
    |m_axis_video_TDEST  |   9|          2|    1|          2|
    |m_axis_video_TID    |   9|          2|    1|          2|
    |m_axis_video_TKEEP  |   9|          2|    3|          6|
    |m_axis_video_TLAST  |   9|          2|    1|          2|
    |m_axis_video_TSTRB  |   9|          2|    3|          6|
    |m_axis_video_TUSER  |   9|          2|    1|          2|
    |sof_reg_116         |   9|          2|    1|          2|
    +--------------------+----+-----------+-----+-----------+
    |Total               | 115|         26|   48|        100|
    +--------------------+----+-----------+-----+-----------+

    * Register: 
    +---------------------------------------------------------------------------+----+----+-----+-----------+
    |                                    Name                                   | FF | LUT| Bits| Const Bits|
    +---------------------------------------------------------------------------+----+----+-----+-----------+
    |add_ln392_reg_313                                                          |  12|   0|   12|          0|
    |and_ln374_reg_326                                                          |   1|   0|    1|          0|
    |ap_CS_fsm                                                                  |   5|   0|    5|          0|
    |ap_done_reg                                                                |   1|   0|    1|          0|
    |cols_reg_299                                                               |  11|   0|   11|          0|
    |grp_MultiPixStream2AXIvideo_Pipeline_VITIS_LOOP_367_1_fu_128_ap_start_reg  |   1|   0|    1|          0|
    |grp_MultiPixStream2AXIvideo_Pipeline_VITIS_LOOP_376_3_fu_138_ap_start_reg  |   1|   0|    1|          0|
    |grp_reg_unsigned_short_s_fu_193_ap_start_reg                               |   1|   0|    1|          0|
    |grp_reg_unsigned_short_s_fu_199_ap_start_reg                               |   1|   0|    1|          0|
    |i_1_fu_82                                                                  |  11|   0|   11|          0|
    |icmp_ln374_reg_318                                                         |   1|   0|    1|          0|
    |kMap_1_loc_fu_90                                                           |   2|   0|    2|          0|
    |kMap_2_loc_fu_94                                                           |   2|   0|    2|          0|
    |kMap_loc_fu_86                                                             |   2|   0|    2|          0|
    |m_axis_video_TDATA_reg                                                     |  24|   0|   24|          0|
    |m_axis_video_TDEST_reg                                                     |   1|   0|    1|          0|
    |m_axis_video_TID_reg                                                       |   1|   0|    1|          0|
    |m_axis_video_TKEEP_reg                                                     |   3|   0|    3|          0|
    |m_axis_video_TLAST_reg                                                     |   1|   0|    1|          0|
    |m_axis_video_TSTRB_reg                                                     |   3|   0|    3|          0|
    |m_axis_video_TUSER_reg                                                     |   1|   0|    1|          0|
    |rows_reg_294                                                               |  11|   0|   11|          0|
    |sof_reg_116                                                                |   1|   0|    1|          0|
    |sub_ln367_reg_279                                                          |   4|   0|    4|          0|
    +---------------------------------------------------------------------------+----+----+-----+-----------+
    |Total                                                                      | 102|   0|  102|          0|
    +---------------------------------------------------------------------------+----+----+-----+-----------+



================================================================
== Interface
================================================================
* Summary: 
+---------------------+-----+-----+------------+-------------------------+--------------+
|      RTL Ports      | Dir | Bits|  Protocol  |      Source Object      |    C Type    |
+---------------------+-----+-----+------------+-------------------------+--------------+
|ap_clk               |   in|    1|  ap_ctrl_hs|  MultiPixStream2AXIvideo|  return value|
|ap_rst               |   in|    1|  ap_ctrl_hs|  MultiPixStream2AXIvideo|  return value|
|ap_start             |   in|    1|  ap_ctrl_hs|  MultiPixStream2AXIvideo|  return value|
|ap_done              |  out|    1|  ap_ctrl_hs|  MultiPixStream2AXIvideo|  return value|
|ap_continue          |   in|    1|  ap_ctrl_hs|  MultiPixStream2AXIvideo|  return value|
|ap_idle              |  out|    1|  ap_ctrl_hs|  MultiPixStream2AXIvideo|  return value|
|ap_ready             |  out|    1|  ap_ctrl_hs|  MultiPixStream2AXIvideo|  return value|
|img_dout             |   in|   24|     ap_fifo|                      img|       pointer|
|img_empty_n          |   in|    1|     ap_fifo|                      img|       pointer|
|img_read             |  out|    1|     ap_fifo|                      img|       pointer|
|img_num_data_valid   |   in|    3|     ap_fifo|                      img|       pointer|
|img_fifo_cap         |   in|    3|     ap_fifo|                      img|       pointer|
|m_axis_video_TDATA   |  out|   24|        axis|    m_axis_video_V_data_V|       pointer|
|m_axis_video_TVALID  |  out|    1|        axis|    m_axis_video_V_dest_V|       pointer|
|m_axis_video_TREADY  |   in|    1|        axis|    m_axis_video_V_dest_V|       pointer|
|m_axis_video_TDEST   |  out|    1|        axis|    m_axis_video_V_dest_V|       pointer|
|m_axis_video_TKEEP   |  out|    3|        axis|    m_axis_video_V_keep_V|       pointer|
|m_axis_video_TSTRB   |  out|    3|        axis|    m_axis_video_V_strb_V|       pointer|
|m_axis_video_TUSER   |  out|    1|        axis|    m_axis_video_V_user_V|       pointer|
|m_axis_video_TLAST   |  out|    1|        axis|    m_axis_video_V_last_V|       pointer|
|m_axis_video_TID     |  out|    1|        axis|      m_axis_video_V_id_V|       pointer|
|Height_val           |   in|   11|   ap_stable|               Height_val|        scalar|
|WidthOut_val         |   in|   11|   ap_stable|             WidthOut_val|        scalar|
|colorFormat_val      |   in|    3|   ap_stable|          colorFormat_val|        scalar|
+---------------------+-----+-----+------------+-------------------------+--------------+

============================================================
+ Verbose Summary: Synthesis Manager
============================================================
InlineROM: 1
ExposeGlobal: 0
============================================================
+ Verbose Summary: CDFG Model
============================================================
IsTopModel: 0
ResetActiveHigh: 1
IsCombinational: 2
IsDatapathOnly: 0
HasWiredReturn: 1
HasMFsm: 0
HasVarLatency: 1
IsPipeline: 0
IsRtlPipelined: 0
IsInstanceOverlapped: 0
IsDontTouch: 0
HasImplIP: 0
IsGatedGlobalClock: 0


============================================================
+ Verbose Summary: Schedule
============================================================
* Number of FSM states : 5
* Pipeline : 0
* Dataflow Pipeline: 0

* FSM state transitions: 
1 --> 2 
2 --> 3 
3 --> 4 
4 --> 5 
5 --> 4 

* FSM state operations: 

State 1 <SV = 0> <Delay = 3.74>
ST_1 : Operation 6 [1/1] (0.00ns)   --->   "%i_1 = alloca i32 1" [prj/sol/.autopilot/db/v_frmbuf_rd.cpp:373]   --->   Operation 6 'alloca' 'i_1' <Predicate = true> <Delay = 0.00>
ST_1 : Operation 7 [1/1] (0.00ns)   --->   "%colorFormat_val_read = read i3 @_ssdm_op_Read.ap_auto.i3, i3 %colorFormat_val"   --->   Operation 7 'read' 'colorFormat_val_read' <Predicate = true> <Delay = 0.00>
ST_1 : Operation 8 [1/1] (0.00ns)   --->   "%kMap_loc = alloca i32 1"   --->   Operation 8 'alloca' 'kMap_loc' <Predicate = true> <Delay = 0.00>
ST_1 : Operation 9 [1/1] (0.00ns)   --->   "%kMap_1_loc = alloca i32 1"   --->   Operation 9 'alloca' 'kMap_1_loc' <Predicate = true> <Delay = 0.00>
ST_1 : Operation 10 [1/1] (0.00ns)   --->   "%kMap_2_loc = alloca i32 1"   --->   Operation 10 'alloca' 'kMap_2_loc' <Predicate = true> <Delay = 0.00>
ST_1 : Operation 11 [1/1] (0.00ns)   --->   "%trunc_ln369 = trunc i3 %colorFormat_val_read" [prj/sol/.autopilot/db/v_frmbuf_rd.cpp:369]   --->   Operation 11 'trunc' 'trunc_ln369' <Predicate = true> <Delay = 0.00>
ST_1 : Operation 12 [1/1] (0.00ns)   --->   "%tmp_5 = bitconcatenate i4 @_ssdm_op_BitConcatenate.i4.i2.i2, i2 %trunc_ln369, i2 0" [prj/sol/.autopilot/db/v_frmbuf_rd.cpp:369]   --->   Operation 12 'bitconcatenate' 'tmp_5' <Predicate = true> <Delay = 0.00>
ST_1 : Operation 13 [1/1] (0.00ns)   --->   "%zext_ln369 = zext i3 %colorFormat_val_read" [prj/sol/.autopilot/db/v_frmbuf_rd.cpp:369]   --->   Operation 13 'zext' 'zext_ln369' <Predicate = true> <Delay = 0.00>
ST_1 : Operation 14 [1/1] (0.99ns)   --->   "%sub_ln367 = sub i4 %tmp_5, i4 %zext_ln369" [prj/sol/.autopilot/db/v_frmbuf_rd.cpp:367]   --->   Operation 14 'sub' 'sub_ln367' <Predicate = true> <Delay = 0.99> <CoreInst = "Adder">   --->   Core 1 'Adder' <Latency = 0> <II = 1> <Delay = 0.99> <FuncUnit> <Opcode : 'add' 'sub'> <InPorts = 2> <OutPorts = 1>
ST_1 : Operation 15 [2/2] (2.75ns)   --->   "%call_ln367 = call void @MultiPixStream2AXIvideo_Pipeline_VITIS_LOOP_367_1, i4 %sub_ln367, i2 %kMap_2_loc, i2 %kMap_1_loc, i2 %kMap_loc, i2 %mapComp" [prj/sol/.autopilot/db/v_frmbuf_rd.cpp:367]   --->   Operation 15 'call' 'call_ln367' <Predicate = true> <Delay = 2.75> <CoreType = "Generic">   --->   Generic Core
ST_1 : Operation 16 [1/1] (1.29ns)   --->   "%store_ln373 = store i11 0, i11 %i_1" [prj/sol/.autopilot/db/v_frmbuf_rd.cpp:373]   --->   Operation 16 'store' 'store_ln373' <Predicate = true> <Delay = 1.29>

State 2 <SV = 1> <Delay = 0.00>
ST_2 : Operation 17 [1/1] (0.00ns)   --->   "%WidthOut_val_read = read i11 @_ssdm_op_Read.ap_auto.i11, i11 %WidthOut_val"   --->   Operation 17 'read' 'WidthOut_val_read' <Predicate = true> <Delay = 0.00>
ST_2 : Operation 18 [1/1] (0.00ns)   --->   "%Height_val_read = read i11 @_ssdm_op_Read.ap_auto.i11, i11 %Height_val"   --->   Operation 18 'read' 'Height_val_read' <Predicate = true> <Delay = 0.00>
ST_2 : Operation 19 [2/2] (0.00ns)   --->   "%rows = call i11 @reg<unsigned short>, i11 %Height_val_read" [prj/sol/.autopilot/db/v_frmbuf_rd.cpp:317]   --->   Operation 19 'call' 'rows' <Predicate = true> <Delay = 0.00> <CoreType = "Generic">   --->   Generic Core
ST_2 : Operation 20 [2/2] (0.00ns)   --->   "%cols = call i11 @reg<unsigned short>, i11 %WidthOut_val_read" [prj/sol/.autopilot/db/v_frmbuf_rd.cpp:318]   --->   Operation 20 'call' 'cols' <Predicate = true> <Delay = 0.00> <CoreType = "Generic">   --->   Generic Core
ST_2 : Operation 21 [1/2] (0.00ns)   --->   "%call_ln367 = call void @MultiPixStream2AXIvideo_Pipeline_VITIS_LOOP_367_1, i4 %sub_ln367, i2 %kMap_2_loc, i2 %kMap_1_loc, i2 %kMap_loc, i2 %mapComp" [prj/sol/.autopilot/db/v_frmbuf_rd.cpp:367]   --->   Operation 21 'call' 'call_ln367' <Predicate = true> <Delay = 0.00> <CoreType = "Generic">   --->   Generic Core

State 3 <SV = 2> <Delay = 1.48>
ST_3 : Operation 22 [1/1] (0.00ns)   --->   "%specstablecontent_ln0 = specstablecontent void @_ssdm_op_SpecStableContent, i3 %colorFormat_val, i1 1, void @p_str"   --->   Operation 22 'specstablecontent' 'specstablecontent_ln0' <Predicate = true> <Delay = 0.00>
ST_3 : Operation 23 [1/1] (0.00ns)   --->   "%specaxissidechannel_ln0 = specaxissidechannel void @_ssdm_op_SpecAXISSideChannel, i24 %m_axis_video_V_data_V, i3 %m_axis_video_V_keep_V, i3 %m_axis_video_V_strb_V, i1 %m_axis_video_V_user_V, i1 %m_axis_video_V_last_V, i1 %m_axis_video_V_id_V, i1 %m_axis_video_V_dest_V, void @empty_8"   --->   Operation 23 'specaxissidechannel' 'specaxissidechannel_ln0' <Predicate = true> <Delay = 0.00>
ST_3 : Operation 24 [1/1] (0.00ns)   --->   "%specstablecontent_ln0 = specstablecontent void @_ssdm_op_SpecStableContent, i11 %Height_val, i1 1, void "   --->   Operation 24 'specstablecontent' 'specstablecontent_ln0' <Predicate = true> <Delay = 0.00>
ST_3 : Operation 25 [1/1] (0.00ns)   --->   "%specstablecontent_ln0 = specstablecontent void @_ssdm_op_SpecStableContent, i11 %WidthOut_val, i1 1, void "   --->   Operation 25 'specstablecontent' 'specstablecontent_ln0' <Predicate = true> <Delay = 0.00>
ST_3 : Operation 26 [1/1] (0.00ns)   --->   "%specinterface_ln0 = specinterface void @_ssdm_op_SpecInterface, i24 %img, void @empty_17, i32 0, i32 0, void @empty_11, i32 0, i32 0, void @empty_11, void @empty_11, void @empty_11, i32 0, i32 0, i32 0, i32 0, void @empty_11, void @empty_11, i32 4294967295, i32 0, i32 0, i32 0"   --->   Operation 26 'specinterface' 'specinterface_ln0' <Predicate = true> <Delay = 0.00>
ST_3 : Operation 27 [1/1] (0.00ns)   --->   "%specinterface_ln0 = specinterface void @_ssdm_op_SpecInterface, i24 %m_axis_video_V_data_V, i3 %m_axis_video_V_keep_V, i3 %m_axis_video_V_strb_V, i1 %m_axis_video_V_user_V, i1 %m_axis_video_V_last_V, i1 %m_axis_video_V_id_V, i1 %m_axis_video_V_dest_V, void @empty_18, i32 0, i32 0, void @empty_19, i32 0, i32 0, void @empty_11, void @empty_11, void @empty_11, i32 0, i32 0, i32 0, i32 0, void @empty_11, void @empty_11, i32 4294967295, i32 0, i32 0, i32 0"   --->   Operation 27 'specinterface' 'specinterface_ln0' <Predicate = true> <Delay = 0.00>
ST_3 : Operation 28 [1/2] (0.00ns)   --->   "%rows = call i11 @reg<unsigned short>, i11 %Height_val_read" [prj/sol/.autopilot/db/v_frmbuf_rd.cpp:317]   --->   Operation 28 'call' 'rows' <Predicate = true> <Delay = 0.00> <CoreType = "Generic">   --->   Generic Core
ST_3 : Operation 29 [1/2] (0.00ns)   --->   "%cols = call i11 @reg<unsigned short>, i11 %WidthOut_val_read" [prj/sol/.autopilot/db/v_frmbuf_rd.cpp:318]   --->   Operation 29 'call' 'cols' <Predicate = true> <Delay = 0.00> <CoreType = "Generic">   --->   Generic Core
ST_3 : Operation 30 [1/1] (0.00ns)   --->   "%kMap_2_loc_load = load i2 %kMap_2_loc" [prj/sol/.autopilot/db/v_frmbuf_rd.cpp:374]   --->   Operation 30 'load' 'kMap_2_loc_load' <Predicate = true> <Delay = 0.00>
ST_3 : Operation 31 [1/1] (0.00ns)   --->   "%kMap_1_loc_load = load i2 %kMap_1_loc" [prj/sol/.autopilot/db/v_frmbuf_rd.cpp:407]   --->   Operation 31 'load' 'kMap_1_loc_load' <Predicate = true> <Delay = 0.00>
ST_3 : Operation 32 [1/1] (0.00ns)   --->   "%kMap_loc_load = load i2 %kMap_loc" [prj/sol/.autopilot/db/v_frmbuf_rd.cpp:407]   --->   Operation 32 'load' 'kMap_loc_load' <Predicate = true> <Delay = 0.00>
ST_3 : Operation 33 [1/1] (0.00ns)   --->   "%zext_ln392 = zext i11 %cols" [prj/sol/.autopilot/db/v_frmbuf_rd.cpp:392]   --->   Operation 33 'zext' 'zext_ln392' <Predicate = true> <Delay = 0.00>
ST_3 : Operation 34 [1/1] (1.48ns)   --->   "%add_ln392 = add i12 %zext_ln392, i12 4095" [prj/sol/.autopilot/db/v_frmbuf_rd.cpp:392]   --->   Operation 34 'add' 'add_ln392' <Predicate = true> <Delay = 1.48> <CoreInst = "Adder">   --->   Core 1 'Adder' <Latency = 0> <II = 1> <Delay = 1.54> <FuncUnit> <Opcode : 'add' 'sub'> <InPorts = 2> <OutPorts = 1>
ST_3 : Operation 35 [1/1] (1.48ns)   --->   "%icmp_ln374 = icmp_eq  i11 %cols, i11 0" [prj/sol/.autopilot/db/v_frmbuf_rd.cpp:374]   --->   Operation 35 'icmp' 'icmp_ln374' <Predicate = true> <Delay = 1.48> <CoreInst = "Cmp">   --->   Core 9 'Cmp' <Latency = 0> <II = 1> <Delay = 1.48> <FuncUnit> <Opcode : 'seteq' 'setne' 'setle' 'setge' 'setlt' 'setgt'> <InPorts = 2> <OutPorts = 1>
ST_3 : Operation 36 [1/1] (1.29ns)   --->   "%br_ln374 = br void %VITIS_LOOP_376_3" [prj/sol/.autopilot/db/v_frmbuf_rd.cpp:374]   --->   Operation 36 'br' 'br_ln374' <Predicate = true> <Delay = 1.29>

State 4 <SV = 3> <Delay = 4.26>
ST_4 : Operation 37 [1/1] (0.00ns)   --->   "%sof = phi i1 1, void %entry, i1 %and_ln374, void %for.body33.lr.ph" [prj/sol/.autopilot/db/v_frmbuf_rd.cpp:374]   --->   Operation 37 'phi' 'sof' <Predicate = true> <Delay = 0.00>
ST_4 : Operation 38 [1/1] (0.00ns)   --->   "%i = load i11 %i_1" [prj/sol/.autopilot/db/v_frmbuf_rd.cpp:374]   --->   Operation 38 'load' 'i' <Predicate = true> <Delay = 0.00>
ST_4 : Operation 39 [1/1] (1.48ns)   --->   "%icmp_ln374_1 = icmp_eq  i11 %i, i11 %rows" [prj/sol/.autopilot/db/v_frmbuf_rd.cpp:374]   --->   Operation 39 'icmp' 'icmp_ln374_1' <Predicate = true> <Delay = 1.48> <CoreInst = "Cmp">   --->   Core 9 'Cmp' <Latency = 0> <II = 1> <Delay = 1.48> <FuncUnit> <Opcode : 'seteq' 'setne' 'setle' 'setge' 'setlt' 'setgt'> <InPorts = 2> <OutPorts = 1>
ST_4 : Operation 40 [1/1] (0.00ns)   --->   "%speclooptripcount_ln0 = speclooptripcount void @_ssdm_op_SpecLoopTripCount, i64 0, i64 1080, i64 0"   --->   Operation 40 'speclooptripcount' 'speclooptripcount_ln0' <Predicate = true> <Delay = 0.00>
ST_4 : Operation 41 [1/1] (1.48ns)   --->   "%i_2 = add i11 %i, i11 1" [prj/sol/.autopilot/db/v_frmbuf_rd.cpp:374]   --->   Operation 41 'add' 'i_2' <Predicate = true> <Delay = 1.48> <CoreInst = "Adder">   --->   Core 1 'Adder' <Latency = 0> <II = 1> <Delay = 1.48> <FuncUnit> <Opcode : 'add' 'sub'> <InPorts = 2> <OutPorts = 1>
ST_4 : Operation 42 [1/1] (0.00ns)   --->   "%br_ln374 = br i1 %icmp_ln374_1, void %for.body33.lr.ph, void %for.end80" [prj/sol/.autopilot/db/v_frmbuf_rd.cpp:374]   --->   Operation 42 'br' 'br_ln374' <Predicate = true> <Delay = 0.00>
ST_4 : Operation 43 [2/2] (2.77ns)   --->   "%call_ln374 = call void @MultiPixStream2AXIvideo_Pipeline_VITIS_LOOP_376_3, i1 %sof, i11 %cols, i12 %add_ln392, i24 %img, i2 %kMap_loc_load, i2 %kMap_1_loc_load, i2 %kMap_2_loc_load, i24 %m_axis_video_V_data_V, i3 %m_axis_video_V_keep_V, i3 %m_axis_video_V_strb_V, i1 %m_axis_video_V_user_V, i1 %m_axis_video_V_last_V, i1 %m_axis_video_V_id_V, i1 %m_axis_video_V_dest_V" [prj/sol/.autopilot/db/v_frmbuf_rd.cpp:374]   --->   Operation 43 'call' 'call_ln374' <Predicate = (!icmp_ln374_1)> <Delay = 2.77> <CoreType = "Generic">   --->   Generic Core
ST_4 : Operation 44 [1/1] (0.80ns)   --->   "%and_ln374 = and i1 %icmp_ln374, i1 %sof" [prj/sol/.autopilot/db/v_frmbuf_rd.cpp:374]   --->   Operation 44 'and' 'and_ln374' <Predicate = (!icmp_ln374_1)> <Delay = 0.80> <CoreInst = "LogicGate">   --->   Core 74 'LogicGate' <Latency = 0> <II = 1> <Delay = 0.80> <FuncUnit> <Opcode : 'and' 'or' 'xor'> <InPorts = 2> <OutPorts = 1>
ST_4 : Operation 45 [1/1] (1.29ns)   --->   "%store_ln373 = store i11 %i_2, i11 %i_1" [prj/sol/.autopilot/db/v_frmbuf_rd.cpp:373]   --->   Operation 45 'store' 'store_ln373' <Predicate = (!icmp_ln374_1)> <Delay = 1.29>
ST_4 : Operation 46 [1/1] (0.00ns)   --->   "%ret_ln420 = ret" [prj/sol/.autopilot/db/v_frmbuf_rd.cpp:420]   --->   Operation 46 'ret' 'ret_ln420' <Predicate = (icmp_ln374_1)> <Delay = 0.00>

State 5 <SV = 4> <Delay = 0.00>
ST_5 : Operation 47 [1/1] (0.00ns)   --->   "%specloopname_ln374 = specloopname void @_ssdm_op_SpecLoopName, void @empty_22" [prj/sol/.autopilot/db/v_frmbuf_rd.cpp:374]   --->   Operation 47 'specloopname' 'specloopname_ln374' <Predicate = true> <Delay = 0.00>
ST_5 : Operation 48 [1/2] (0.00ns)   --->   "%call_ln374 = call void @MultiPixStream2AXIvideo_Pipeline_VITIS_LOOP_376_3, i1 %sof, i11 %cols, i12 %add_ln392, i24 %img, i2 %kMap_loc_load, i2 %kMap_1_loc_load, i2 %kMap_2_loc_load, i24 %m_axis_video_V_data_V, i3 %m_axis_video_V_keep_V, i3 %m_axis_video_V_strb_V, i1 %m_axis_video_V_user_V, i1 %m_axis_video_V_last_V, i1 %m_axis_video_V_id_V, i1 %m_axis_video_V_dest_V" [prj/sol/.autopilot/db/v_frmbuf_rd.cpp:374]   --->   Operation 48 'call' 'call_ln374' <Predicate = true> <Delay = 0.00> <CoreType = "Generic">   --->   Generic Core
ST_5 : Operation 49 [1/1] (0.00ns)   --->   "%br_ln374 = br void %VITIS_LOOP_376_3" [prj/sol/.autopilot/db/v_frmbuf_rd.cpp:374]   --->   Operation 49 'br' 'br_ln374' <Predicate = true> <Delay = 0.00>


============================================================
+ Verbose Summary: Binding
============================================================
STG Binding: 
---------------- STG Properties BEGIN ----------------
- Is combinational: 0
- Is one-state seq: 0
- Is datapath-only: 0
- Is pipelined: 0
- Is top level: 0
Port [ Return ] is wired: 1; IO mode=ap_ctrl_hs:ce=0
Port [ img]:  wired=1; compound=1; hidden=0; nouse=0; global=0; static=0; extern=0; dir=0; type=3; pingpong=0; private_global=0; IO mode=ap_fifo:ce=0
Port [ m_axis_video_V_data_V]:  wired=1; compound=1; hidden=0; nouse=0; global=0; static=0; extern=0; dir=1; type=0; pingpong=0; private_global=0; IO mode=axis:ce=0
Port [ m_axis_video_V_keep_V]:  wired=1; compound=1; hidden=0; nouse=0; global=0; static=0; extern=0; dir=1; type=0; pingpong=0; private_global=0; IO mode=axis:ce=0
Port [ m_axis_video_V_strb_V]:  wired=1; compound=1; hidden=0; nouse=0; global=0; static=0; extern=0; dir=1; type=0; pingpong=0; private_global=0; IO mode=axis:ce=0
Port [ m_axis_video_V_user_V]:  wired=1; compound=1; hidden=0; nouse=0; global=0; static=0; extern=0; dir=1; type=0; pingpong=0; private_global=0; IO mode=axis:ce=0
Port [ m_axis_video_V_last_V]:  wired=1; compound=1; hidden=0; nouse=0; global=0; static=0; extern=0; dir=1; type=0; pingpong=0; private_global=0; IO mode=axis:ce=0
Port [ m_axis_video_V_id_V]:  wired=1; compound=1; hidden=0; nouse=0; global=0; static=0; extern=0; dir=1; type=0; pingpong=0; private_global=0; IO mode=axis:ce=0
Port [ m_axis_video_V_dest_V]:  wired=1; compound=1; hidden=0; nouse=0; global=0; static=0; extern=0; dir=1; type=0; pingpong=0; private_global=0; IO mode=axis:ce=0
Port [ Height_val]:  wired=1; compound=0; hidden=0; nouse=0; global=0; static=0; extern=0; dir=0; type=0; pingpong=0; private_global=0; IO mode=ap_stable:ce=0
Port [ WidthOut_val]:  wired=1; compound=0; hidden=0; nouse=0; global=0; static=0; extern=0; dir=0; type=0; pingpong=0; private_global=0; IO mode=ap_stable:ce=0
Port [ colorFormat_val]:  wired=1; compound=0; hidden=0; nouse=0; global=0; static=0; extern=0; dir=0; type=0; pingpong=0; private_global=0; IO mode=ap_stable:ce=0
Port [ mapComp]:  wired=0; compound=1; hidden=1; nouse=1; global=1; static=1; extern=0; dir=0; type=1; pingpong=0; private_global=0; MemPort=[1]; IO mode=ap_memory:ce=0
---------------- STG Properties END ------------------

---------------- Datapath Model BEGIN ----------------

<LifeTime>
<method=bitvector/>
i_1                     (alloca             ) [ 011111]
colorFormat_val_read    (read               ) [ 000000]
kMap_loc                (alloca             ) [ 011100]
kMap_1_loc              (alloca             ) [ 011100]
kMap_2_loc              (alloca             ) [ 011100]
trunc_ln369             (trunc              ) [ 000000]
tmp_5                   (bitconcatenate     ) [ 000000]
zext_ln369              (zext               ) [ 000000]
sub_ln367               (sub                ) [ 001000]
store_ln373             (store              ) [ 000000]
WidthOut_val_read       (read               ) [ 000100]
Height_val_read         (read               ) [ 000100]
call_ln367              (call               ) [ 000000]
specstablecontent_ln0   (specstablecontent  ) [ 000000]
specaxissidechannel_ln0 (specaxissidechannel) [ 000000]
specstablecontent_ln0   (specstablecontent  ) [ 000000]
specstablecontent_ln0   (specstablecontent  ) [ 000000]
specinterface_ln0       (specinterface      ) [ 000000]
specinterface_ln0       (specinterface      ) [ 000000]
rows                    (call               ) [ 000011]
cols                    (call               ) [ 000011]
kMap_2_loc_load         (load               ) [ 000011]
kMap_1_loc_load         (load               ) [ 000011]
kMap_loc_load           (load               ) [ 000011]
zext_ln392              (zext               ) [ 000000]
add_ln392               (add                ) [ 000011]
icmp_ln374              (icmp               ) [ 000011]
br_ln374                (br                 ) [ 000111]
sof                     (phi                ) [ 000011]
i                       (load               ) [ 000000]
icmp_ln374_1            (icmp               ) [ 000011]
speclooptripcount_ln0   (speclooptripcount  ) [ 000000]
i_2                     (add                ) [ 000000]
br_ln374                (br                 ) [ 000000]
and_ln374               (and                ) [ 000111]
store_ln373             (store              ) [ 000000]
ret_ln420               (ret                ) [ 000000]
specloopname_ln374      (specloopname       ) [ 000000]
call_ln374              (call               ) [ 000000]
br_ln374                (br                 ) [ 000111]
</LifeTime>

<model>

<comp_list>
<comp id="0" class="1000" name="img">
<pin_list>
<pin id="1" dir="1" index="0" bw="1" slack="0"/>
</pin_list>
<bind>
<StgValue><ssdm name="img"/></StgValue>
</bind>
</comp>

<comp id="2" class="1000" name="m_axis_video_V_data_V">
<pin_list>
<pin id="3" dir="1" index="0" bw="1" slack="0"/>
</pin_list>
<bind>
<StgValue><ssdm name="m_axis_video_V_data_V"/></StgValue>
</bind>
</comp>

<comp id="4" class="1000" name="m_axis_video_V_keep_V">
<pin_list>
<pin id="5" dir="1" index="0" bw="1" slack="0"/>
</pin_list>
<bind>
<StgValue><ssdm name="m_axis_video_V_keep_V"/></StgValue>
</bind>
</comp>

<comp id="6" class="1000" name="m_axis_video_V_strb_V">
<pin_list>
<pin id="7" dir="1" index="0" bw="1" slack="0"/>
</pin_list>
<bind>
<StgValue><ssdm name="m_axis_video_V_strb_V"/></StgValue>
</bind>
</comp>

<comp id="8" class="1000" name="m_axis_video_V_user_V">
<pin_list>
<pin id="9" dir="1" index="0" bw="1" slack="0"/>
</pin_list>
<bind>
<StgValue><ssdm name="m_axis_video_V_user_V"/></StgValue>
</bind>
</comp>

<comp id="10" class="1000" name="m_axis_video_V_last_V">
<pin_list>
<pin id="11" dir="1" index="0" bw="1" slack="0"/>
</pin_list>
<bind>
<StgValue><ssdm name="m_axis_video_V_last_V"/></StgValue>
</bind>
</comp>

<comp id="12" class="1000" name="m_axis_video_V_id_V">
<pin_list>
<pin id="13" dir="1" index="0" bw="1" slack="0"/>
</pin_list>
<bind>
<StgValue><ssdm name="m_axis_video_V_id_V"/></StgValue>
</bind>
</comp>

<comp id="14" class="1000" name="m_axis_video_V_dest_V">
<pin_list>
<pin id="15" dir="1" index="0" bw="1" slack="0"/>
</pin_list>
<bind>
<StgValue><ssdm name="m_axis_video_V_dest_V"/></StgValue>
</bind>
</comp>

<comp id="16" class="1000" name="Height_val">
<pin_list>
<pin id="17" dir="1" index="0" bw="1" slack="0"/>
</pin_list>
<bind>
<StgValue><ssdm name="Height_val"/></StgValue>
</bind>
</comp>

<comp id="18" class="1000" name="WidthOut_val">
<pin_list>
<pin id="19" dir="1" index="0" bw="1" slack="0"/>
</pin_list>
<bind>
<StgValue><ssdm name="WidthOut_val"/></StgValue>
</bind>
</comp>

<comp id="20" class="1000" name="colorFormat_val">
<pin_list>
<pin id="21" dir="1" index="0" bw="1" slack="0"/>
</pin_list>
<bind>
<StgValue><ssdm name="colorFormat_val"/></StgValue>
</bind>
</comp>

<comp id="22" class="1000" name="mapComp">
<pin_list>
<pin id="23" dir="1" index="0" bw="1" slack="0"/>
</pin_list>
<bind>
<StgValue><ssdm name="mapComp"/><MemPortTyVec>1 </MemPortTyVec>
</StgValue>
</bind>
</comp>

<comp id="24" class="1001" name="const_24">
<pin_list>
<pin id="25" dir="1" index="0" bw="1" slack="0"/>
</pin_list>
<bind>
<StgValue><ssdm name=""/></StgValue>
</bind>
</comp>

<comp id="26" class="1001" name="const_26">
<pin_list>
<pin id="27" dir="1" index="0" bw="1" slack="0"/>
</pin_list>
<bind>
<StgValue><ssdm name="_ssdm_op_Read.ap_auto.i3"/></StgValue>
</bind>
</comp>

<comp id="28" class="1001" name="const_28">
<pin_list>
<pin id="29" dir="1" index="0" bw="1" slack="0"/>
</pin_list>
<bind>
<StgValue><ssdm name="_ssdm_op_BitConcatenate.i4.i2.i2"/></StgValue>
</bind>
</comp>

<comp id="30" class="1001" name="const_30">
<pin_list>
<pin id="31" dir="1" index="0" bw="1" slack="0"/>
</pin_list>
<bind>
<StgValue><ssdm name=""/></StgValue>
</bind>
</comp>

<comp id="32" class="1001" name="const_32">
<pin_list>
<pin id="33" dir="1" index="0" bw="1" slack="0"/>
</pin_list>
<bind>
<StgValue><ssdm name="MultiPixStream2AXIvideo_Pipeline_VITIS_LOOP_367_1"/></StgValue>
</bind>
</comp>

<comp id="34" class="1001" name="const_34">
<pin_list>
<pin id="35" dir="1" index="0" bw="1" slack="0"/>
</pin_list>
<bind>
<StgValue><ssdm name=""/></StgValue>
</bind>
</comp>

<comp id="36" class="1001" name="const_36">
<pin_list>
<pin id="37" dir="1" index="0" bw="1" slack="0"/>
</pin_list>
<bind>
<StgValue><ssdm name="_ssdm_op_Read.ap_auto.i11"/></StgValue>
</bind>
</comp>

<comp id="38" class="1001" name="const_38">
<pin_list>
<pin id="39" dir="1" index="0" bw="1" slack="0"/>
</pin_list>
<bind>
<StgValue><ssdm name="reg<unsigned short>"/></StgValue>
</bind>
</comp>

<comp id="40" class="1001" name="const_40">
<pin_list>
<pin id="41" dir="1" index="0" bw="1" slack="2147483647"/>
</pin_list>
<bind>
<StgValue><ssdm name="_ssdm_op_SpecStableContent"/></StgValue>
</bind>
</comp>

<comp id="42" class="1001" name="const_42">
<pin_list>
<pin id="43" dir="1" index="0" bw="1" slack="1"/>
</pin_list>
<bind>
<StgValue><ssdm name=""/></StgValue>
</bind>
</comp>

<comp id="44" class="1001" name="const_44">
<pin_list>
<pin id="45" dir="1" index="0" bw="1" slack="2147483647"/>
</pin_list>
<bind>
<StgValue><ssdm name="p_str"/></StgValue>
</bind>
</comp>

<comp id="46" class="1001" name="const_46">
<pin_list>
<pin id="47" dir="1" index="0" bw="1" slack="2147483647"/>
</pin_list>
<bind>
<StgValue><ssdm name="_ssdm_op_SpecAXISSideChannel"/></StgValue>
</bind>
</comp>

<comp id="48" class="1001" name="const_48">
<pin_list>
<pin id="49" dir="1" index="0" bw="1" slack="2147483647"/>
</pin_list>
<bind>
<StgValue><ssdm name="empty_8"/></StgValue>
</bind>
</comp>

<comp id="50" class="1001" name="const_50">
<pin_list>
<pin id="51" dir="1" index="0" bw="1" slack="2147483647"/>
</pin_list>
<bind>
<StgValue><ssdm name=""/></StgValue>
</bind>
</comp>

<comp id="52" class="1001" name="const_52">
<pin_list>
<pin id="53" dir="1" index="0" bw="1" slack="2147483647"/>
</pin_list>
<bind>
<StgValue><ssdm name="_ssdm_op_SpecInterface"/></StgValue>
</bind>
</comp>

<comp id="54" class="1001" name="const_54">
<pin_list>
<pin id="55" dir="1" index="0" bw="1" slack="2147483647"/>
</pin_list>
<bind>
<StgValue><ssdm name="empty_17"/></StgValue>
</bind>
</comp>

<comp id="56" class="1001" name="const_56">
<pin_list>
<pin id="57" dir="1" index="0" bw="1" slack="2147483647"/>
</pin_list>
<bind>
<StgValue><ssdm name=""/></StgValue>
</bind>
</comp>

<comp id="58" class="1001" name="const_58">
<pin_list>
<pin id="59" dir="1" index="0" bw="1" slack="2147483647"/>
</pin_list>
<bind>
<StgValue><ssdm name="empty_11"/></StgValue>
</bind>
</comp>

<comp id="60" class="1001" name="const_60">
<pin_list>
<pin id="61" dir="1" index="0" bw="1" slack="2147483647"/>
</pin_list>
<bind>
<StgValue><ssdm name=""/></StgValue>
</bind>
</comp>

<comp id="62" class="1001" name="const_62">
<pin_list>
<pin id="63" dir="1" index="0" bw="1" slack="2147483647"/>
</pin_list>
<bind>
<StgValue><ssdm name="empty_18"/></StgValue>
</bind>
</comp>

<comp id="64" class="1001" name="const_64">
<pin_list>
<pin id="65" dir="1" index="0" bw="1" slack="2147483647"/>
</pin_list>
<bind>
<StgValue><ssdm name="empty_19"/></StgValue>
</bind>
</comp>

<comp id="66" class="1001" name="const_66">
<pin_list>
<pin id="67" dir="1" index="0" bw="1" slack="0"/>
</pin_list>
<bind>
<StgValue><ssdm name=""/></StgValue>
</bind>
</comp>

<comp id="68" class="1001" name="const_68">
<pin_list>
<pin id="69" dir="1" index="0" bw="1" slack="2147483647"/>
</pin_list>
<bind>
<StgValue><ssdm name="_ssdm_op_SpecLoopTripCount"/></StgValue>
</bind>
</comp>

<comp id="70" class="1001" name="const_70">
<pin_list>
<pin id="71" dir="1" index="0" bw="1" slack="2147483647"/>
</pin_list>
<bind>
<StgValue><ssdm name=""/></StgValue>
</bind>
</comp>

<comp id="72" class="1001" name="const_72">
<pin_list>
<pin id="73" dir="1" index="0" bw="1" slack="2147483647"/>
</pin_list>
<bind>
<StgValue><ssdm name=""/></StgValue>
</bind>
</comp>

<comp id="74" class="1001" name="const_74">
<pin_list>
<pin id="75" dir="1" index="0" bw="1" slack="0"/>
</pin_list>
<bind>
<StgValue><ssdm name=""/></StgValue>
</bind>
</comp>

<comp id="76" class="1001" name="const_76">
<pin_list>
<pin id="77" dir="1" index="0" bw="1" slack="0"/>
</pin_list>
<bind>
<StgValue><ssdm name="MultiPixStream2AXIvideo_Pipeline_VITIS_LOOP_376_3"/></StgValue>
</bind>
</comp>

<comp id="78" class="1001" name="const_78">
<pin_list>
<pin id="79" dir="1" index="0" bw="1" slack="2147483647"/>
</pin_list>
<bind>
<StgValue><ssdm name="_ssdm_op_SpecLoopName"/></StgValue>
</bind>
</comp>

<comp id="80" class="1001" name="const_80">
<pin_list>
<pin id="81" dir="1" index="0" bw="1" slack="2147483647"/>
</pin_list>
<bind>
<StgValue><ssdm name="empty_22"/></StgValue>
</bind>
</comp>

<comp id="82" class="1004" name="i_1_fu_82">
<pin_list>
<pin id="83" dir="0" index="0" bw="1" slack="0"/>
<pin id="84" dir="1" index="1" bw="11" slack="0"/>
</pin_list>
<bind>
<opcode="alloca(26) " fcode="alloca"/>
<opset="i_1/1 "/>
</bind>
</comp>

<comp id="86" class="1004" name="kMap_loc_fu_86">
<pin_list>
<pin id="87" dir="0" index="0" bw="1" slack="0"/>
<pin id="88" dir="1" index="1" bw="2" slack="0"/>
</pin_list>
<bind>
<opcode="alloca(26) " fcode="alloca"/>
<opset="kMap_loc/1 "/>
</bind>
</comp>

<comp id="90" class="1004" name="kMap_1_loc_fu_90">
<pin_list>
<pin id="91" dir="0" index="0" bw="1" slack="0"/>
<pin id="92" dir="1" index="1" bw="2" slack="0"/>
</pin_list>
<bind>
<opcode="alloca(26) " fcode="alloca"/>
<opset="kMap_1_loc/1 "/>
</bind>
</comp>

<comp id="94" class="1004" name="kMap_2_loc_fu_94">
<pin_list>
<pin id="95" dir="0" index="0" bw="1" slack="0"/>
<pin id="96" dir="1" index="1" bw="2" slack="0"/>
</pin_list>
<bind>
<opcode="alloca(26) " fcode="alloca"/>
<opset="kMap_2_loc/1 "/>
</bind>
</comp>

<comp id="98" class="1004" name="colorFormat_val_read_read_fu_98">
<pin_list>
<pin id="99" dir="0" index="0" bw="3" slack="0"/>
<pin id="100" dir="0" index="1" bw="3" slack="0"/>
<pin id="101" dir="1" index="2" bw="3" slack="0"/>
</pin_list>
<bind>
<opcode="read(1150) " fcode="read"/>
<opset="colorFormat_val_read/1 "/>
</bind>
</comp>

<comp id="104" class="1004" name="WidthOut_val_read_read_fu_104">
<pin_list>
<pin id="105" dir="0" index="0" bw="11" slack="0"/>
<pin id="106" dir="0" index="1" bw="11" slack="0"/>
<pin id="107" dir="1" index="2" bw="11" slack="0"/>
</pin_list>
<bind>
<opcode="read(1150) " fcode="read"/>
<opset="WidthOut_val_read/2 "/>
</bind>
</comp>

<comp id="110" class="1004" name="Height_val_read_read_fu_110">
<pin_list>
<pin id="111" dir="0" index="0" bw="11" slack="0"/>
<pin id="112" dir="0" index="1" bw="11" slack="0"/>
<pin id="113" dir="1" index="2" bw="11" slack="0"/>
</pin_list>
<bind>
<opcode="read(1150) " fcode="read"/>
<opset="Height_val_read/2 "/>
</bind>
</comp>

<comp id="116" class="1005" name="sof_reg_116">
<pin_list>
<pin id="117" dir="0" index="0" bw="1" slack="1"/>
<pin id="118" dir="1" index="1" bw="1" slack="1"/>
</pin_list>
<bind>
<opset="sof (phireg) "/>
</bind>
</comp>

<comp id="120" class="1004" name="sof_phi_fu_120">
<pin_list>
<pin id="121" dir="0" index="0" bw="1" slack="1"/>
<pin id="122" dir="0" index="1" bw="0" slack="2147483647"/>
<pin id="123" dir="0" index="2" bw="1" slack="0"/>
<pin id="124" dir="0" index="3" bw="0" slack="2147483647"/>
<pin id="125" dir="1" index="4" bw="1" slack="0"/>
</pin_list>
<bind>
<opcode="phi(47) " fcode="phi"/>
<opset="sof/4 "/>
</bind>
</comp>

<comp id="128" class="1004" name="grp_MultiPixStream2AXIvideo_Pipeline_VITIS_LOOP_367_1_fu_128">
<pin_list>
<pin id="129" dir="0" index="0" bw="0" slack="0"/>
<pin id="130" dir="0" index="1" bw="4" slack="0"/>
<pin id="131" dir="0" index="2" bw="2" slack="0"/>
<pin id="132" dir="0" index="3" bw="2" slack="0"/>
<pin id="133" dir="0" index="4" bw="2" slack="0"/>
<pin id="134" dir="0" index="5" bw="2" slack="0"/>
<pin id="135" dir="1" index="6" bw="0" slack="2147483647"/>
</pin_list>
<bind>
<opcode="call(48) " fcode="call"/>
<opset="call_ln367/1 "/>
</bind>
</comp>

<comp id="138" class="1004" name="grp_MultiPixStream2AXIvideo_Pipeline_VITIS_LOOP_376_3_fu_138">
<pin_list>
<pin id="139" dir="0" index="0" bw="0" slack="0"/>
<pin id="140" dir="0" index="1" bw="1" slack="0"/>
<pin id="141" dir="0" index="2" bw="11" slack="1"/>
<pin id="142" dir="0" index="3" bw="12" slack="1"/>
<pin id="143" dir="0" index="4" bw="24" slack="0"/>
<pin id="144" dir="0" index="5" bw="2" slack="2147483647"/>
<pin id="145" dir="0" index="6" bw="2" slack="2147483647"/>
<pin id="146" dir="0" index="7" bw="2" slack="2147483647"/>
<pin id="147" dir="0" index="8" bw="24" slack="0"/>
<pin id="148" dir="0" index="9" bw="3" slack="0"/>
<pin id="149" dir="0" index="10" bw="3" slack="0"/>
<pin id="150" dir="0" index="11" bw="1" slack="0"/>
<pin id="151" dir="0" index="12" bw="1" slack="0"/>
<pin id="152" dir="0" index="13" bw="1" slack="0"/>
<pin id="153" dir="0" index="14" bw="1" slack="0"/>
<pin id="154" dir="1" index="15" bw="0" slack="2147483647"/>
</pin_list>
<bind>
<opcode="call(48) " fcode="call"/>
<opset="call_ln374/4 "/>
</bind>
</comp>

<comp id="165" class="1004" name="trunc_ln369_fu_165">
<pin_list>
<pin id="166" dir="0" index="0" bw="3" slack="0"/>
<pin id="167" dir="1" index="1" bw="2" slack="0"/>
</pin_list>
<bind>
<opcode="trunc(33) " fcode="trunc"/>
<opset="trunc_ln369/1 "/>
</bind>
</comp>

<comp id="169" class="1004" name="tmp_5_fu_169">
<pin_list>
<pin id="170" dir="0" index="0" bw="4" slack="0"/>
<pin id="171" dir="0" index="1" bw="2" slack="0"/>
<pin id="172" dir="0" index="2" bw="1" slack="0"/>
<pin id="173" dir="1" index="3" bw="4" slack="0"/>
</pin_list>
<bind>
<opcode="bitconcatenate(1004) " fcode="bitconcatenate"/>
<opset="tmp_5/1 "/>
</bind>
</comp>

<comp id="177" class="1004" name="zext_ln369_fu_177">
<pin_list>
<pin id="178" dir="0" index="0" bw="3" slack="0"/>
<pin id="179" dir="1" index="1" bw="4" slack="0"/>
</pin_list>
<bind>
<opcode="zext(34) " fcode="zext"/>
<opset="zext_ln369/1 "/>
</bind>
</comp>

<comp id="181" class="1004" name="sub_ln367_fu_181">
<pin_list>
<pin id="182" dir="0" index="0" bw="4" slack="0"/>
<pin id="183" dir="0" index="1" bw="3" slack="0"/>
<pin id="184" dir="1" index="2" bw="4" slack="0"/>
</pin_list>
<bind>
<opcode="sub(10) " fcode="sub"/>
<opset="sub_ln367/1 "/>
</bind>
</comp>

<comp id="188" class="1004" name="store_ln373_store_fu_188">
<pin_list>
<pin id="189" dir="0" index="0" bw="1" slack="0"/>
<pin id="190" dir="0" index="1" bw="11" slack="0"/>
<pin id="191" dir="1" index="2" bw="0" slack="2147483647"/>
</pin_list>
<bind>
<opcode="store(28) " fcode="store"/>
<opset="store_ln373/1 "/>
</bind>
</comp>

<comp id="193" class="1004" name="grp_reg_unsigned_short_s_fu_193">
<pin_list>
<pin id="194" dir="0" index="0" bw="11" slack="0"/>
<pin id="195" dir="0" index="1" bw="11" slack="0"/>
<pin id="196" dir="1" index="2" bw="11" slack="1"/>
</pin_list>
<bind>
<opcode="call(48) " fcode="call"/>
<opset="rows/2 "/>
</bind>
</comp>

<comp id="199" class="1004" name="grp_reg_unsigned_short_s_fu_199">
<pin_list>
<pin id="200" dir="0" index="0" bw="11" slack="0"/>
<pin id="201" dir="0" index="1" bw="11" slack="0"/>
<pin id="202" dir="1" index="2" bw="11" slack="0"/>
</pin_list>
<bind>
<opcode="call(48) " fcode="call"/>
<opset="cols/2 "/>
</bind>
</comp>

<comp id="205" class="1004" name="kMap_2_loc_load_load_fu_205">
<pin_list>
<pin id="206" dir="0" index="0" bw="2" slack="2"/>
<pin id="207" dir="1" index="1" bw="2" slack="2147483647"/>
</pin_list>
<bind>
<opcode="load(27) " fcode="load"/>
<opset="kMap_2_loc_load/3 "/>
</bind>
</comp>

<comp id="208" class="1004" name="kMap_1_loc_load_load_fu_208">
<pin_list>
<pin id="209" dir="0" index="0" bw="2" slack="2"/>
<pin id="210" dir="1" index="1" bw="2" slack="2147483647"/>
</pin_list>
<bind>
<opcode="load(27) " fcode="load"/>
<opset="kMap_1_loc_load/3 "/>
</bind>
</comp>

<comp id="211" class="1004" name="kMap_loc_load_load_fu_211">
<pin_list>
<pin id="212" dir="0" index="0" bw="2" slack="2"/>
<pin id="213" dir="1" index="1" bw="2" slack="2147483647"/>
</pin_list>
<bind>
<opcode="load(27) " fcode="load"/>
<opset="kMap_loc_load/3 "/>
</bind>
</comp>

<comp id="214" class="1004" name="zext_ln392_fu_214">
<pin_list>
<pin id="215" dir="0" index="0" bw="11" slack="0"/>
<pin id="216" dir="1" index="1" bw="12" slack="0"/>
</pin_list>
<bind>
<opcode="zext(34) " fcode="zext"/>
<opset="zext_ln392/3 "/>
</bind>
</comp>

<comp id="218" class="1004" name="add_ln392_fu_218">
<pin_list>
<pin id="219" dir="0" index="0" bw="11" slack="0"/>
<pin id="220" dir="0" index="1" bw="1" slack="0"/>
<pin id="221" dir="1" index="2" bw="12" slack="1"/>
</pin_list>
<bind>
<opcode="add(8) " fcode="add"/>
<opset="add_ln392/3 "/>
</bind>
</comp>

<comp id="224" class="1004" name="icmp_ln374_fu_224">
<pin_list>
<pin id="225" dir="0" index="0" bw="11" slack="0"/>
<pin id="226" dir="0" index="1" bw="11" slack="0"/>
<pin id="227" dir="1" index="2" bw="1" slack="1"/>
</pin_list>
<bind>
<opcode="icmp(45) " fcode="icmp"/>
<opset="icmp_ln374/3 "/>
</bind>
</comp>

<comp id="230" class="1004" name="i_load_fu_230">
<pin_list>
<pin id="231" dir="0" index="0" bw="11" slack="3"/>
<pin id="232" dir="1" index="1" bw="11" slack="0"/>
</pin_list>
<bind>
<opcode="load(27) " fcode="load"/>
<opset="i/4 "/>
</bind>
</comp>

<comp id="233" class="1004" name="icmp_ln374_1_fu_233">
<pin_list>
<pin id="234" dir="0" index="0" bw="11" slack="0"/>
<pin id="235" dir="0" index="1" bw="11" slack="1"/>
<pin id="236" dir="1" index="2" bw="1" slack="2147483647"/>
</pin_list>
<bind>
<opcode="icmp(45) " fcode="icmp"/>
<opset="icmp_ln374_1/4 "/>
</bind>
</comp>

<comp id="238" class="1004" name="i_2_fu_238">
<pin_list>
<pin id="239" dir="0" index="0" bw="11" slack="0"/>
<pin id="240" dir="0" index="1" bw="1" slack="0"/>
<pin id="241" dir="1" index="2" bw="11" slack="0"/>
</pin_list>
<bind>
<opcode="add(8) " fcode="add"/>
<opset="i_2/4 "/>
</bind>
</comp>

<comp id="244" class="1004" name="and_ln374_fu_244">
<pin_list>
<pin id="245" dir="0" index="0" bw="1" slack="1"/>
<pin id="246" dir="0" index="1" bw="1" slack="0"/>
<pin id="247" dir="1" index="2" bw="1" slack="0"/>
</pin_list>
<bind>
<opcode="and(23) " fcode="and"/>
<opset="and_ln374/4 "/>
</bind>
</comp>

<comp id="249" class="1004" name="store_ln373_store_fu_249">
<pin_list>
<pin id="250" dir="0" index="0" bw="11" slack="0"/>
<pin id="251" dir="0" index="1" bw="11" slack="3"/>
<pin id="252" dir="1" index="2" bw="0" slack="2147483647"/>
</pin_list>
<bind>
<opcode="store(28) " fcode="store"/>
<opset="store_ln373/4 "/>
</bind>
</comp>

<comp id="254" class="1005" name="i_1_reg_254">
<pin_list>
<pin id="255" dir="0" index="0" bw="11" slack="0"/>
<pin id="256" dir="1" index="1" bw="11" slack="0"/>
</pin_list>
<bind>
<opset="i_1 "/>
</bind>
</comp>

<comp id="261" class="1005" name="kMap_loc_reg_261">
<pin_list>
<pin id="262" dir="0" index="0" bw="2" slack="0"/>
<pin id="263" dir="1" index="1" bw="2" slack="0"/>
</pin_list>
<bind>
<opset="kMap_loc "/>
</bind>
</comp>

<comp id="267" class="1005" name="kMap_1_loc_reg_267">
<pin_list>
<pin id="268" dir="0" index="0" bw="2" slack="0"/>
<pin id="269" dir="1" index="1" bw="2" slack="0"/>
</pin_list>
<bind>
<opset="kMap_1_loc "/>
</bind>
</comp>

<comp id="273" class="1005" name="kMap_2_loc_reg_273">
<pin_list>
<pin id="274" dir="0" index="0" bw="2" slack="0"/>
<pin id="275" dir="1" index="1" bw="2" slack="0"/>
</pin_list>
<bind>
<opset="kMap_2_loc "/>
</bind>
</comp>

<comp id="279" class="1005" name="sub_ln367_reg_279">
<pin_list>
<pin id="280" dir="0" index="0" bw="4" slack="1"/>
<pin id="281" dir="1" index="1" bw="4" slack="1"/>
</pin_list>
<bind>
<opset="sub_ln367 "/>
</bind>
</comp>

<comp id="284" class="1005" name="WidthOut_val_read_reg_284">
<pin_list>
<pin id="285" dir="0" index="0" bw="11" slack="1"/>
<pin id="286" dir="1" index="1" bw="11" slack="1"/>
</pin_list>
<bind>
<opset="WidthOut_val_read "/>
</bind>
</comp>

<comp id="289" class="1005" name="Height_val_read_reg_289">
<pin_list>
<pin id="290" dir="0" index="0" bw="11" slack="1"/>
<pin id="291" dir="1" index="1" bw="11" slack="1"/>
</pin_list>
<bind>
<opset="Height_val_read "/>
</bind>
</comp>

<comp id="294" class="1005" name="rows_reg_294">
<pin_list>
<pin id="295" dir="0" index="0" bw="11" slack="1"/>
<pin id="296" dir="1" index="1" bw="11" slack="1"/>
</pin_list>
<bind>
<opset="rows "/>
</bind>
</comp>

<comp id="299" class="1005" name="cols_reg_299">
<pin_list>
<pin id="300" dir="0" index="0" bw="11" slack="1"/>
<pin id="301" dir="1" index="1" bw="11" slack="1"/>
</pin_list>
<bind>
<opset="cols "/>
</bind>
</comp>

<comp id="313" class="1005" name="add_ln392_reg_313">
<pin_list>
<pin id="314" dir="0" index="0" bw="12" slack="1"/>
<pin id="315" dir="1" index="1" bw="12" slack="1"/>
</pin_list>
<bind>
<opset="add_ln392 "/>
</bind>
</comp>

<comp id="318" class="1005" name="icmp_ln374_reg_318">
<pin_list>
<pin id="319" dir="0" index="0" bw="1" slack="1"/>
<pin id="320" dir="1" index="1" bw="1" slack="1"/>
</pin_list>
<bind>
<opset="icmp_ln374 "/>
</bind>
</comp>

<comp id="326" class="1005" name="and_ln374_reg_326">
<pin_list>
<pin id="327" dir="0" index="0" bw="1" slack="0"/>
<pin id="328" dir="1" index="1" bw="1" slack="0"/>
</pin_list>
<bind>
<opset="and_ln374 "/>
</bind>
</comp>

</comp_list>

<net_list>
<net id="85"><net_src comp="24" pin="0"/><net_sink comp="82" pin=0"/></net>

<net id="89"><net_src comp="24" pin="0"/><net_sink comp="86" pin=0"/></net>

<net id="93"><net_src comp="24" pin="0"/><net_sink comp="90" pin=0"/></net>

<net id="97"><net_src comp="24" pin="0"/><net_sink comp="94" pin=0"/></net>

<net id="102"><net_src comp="26" pin="0"/><net_sink comp="98" pin=0"/></net>

<net id="103"><net_src comp="20" pin="0"/><net_sink comp="98" pin=1"/></net>

<net id="108"><net_src comp="36" pin="0"/><net_sink comp="104" pin=0"/></net>

<net id="109"><net_src comp="18" pin="0"/><net_sink comp="104" pin=1"/></net>

<net id="114"><net_src comp="36" pin="0"/><net_sink comp="110" pin=0"/></net>

<net id="115"><net_src comp="16" pin="0"/><net_sink comp="110" pin=1"/></net>

<net id="119"><net_src comp="42" pin="0"/><net_sink comp="116" pin=0"/></net>

<net id="126"><net_src comp="116" pin="1"/><net_sink comp="120" pin=0"/></net>

<net id="127"><net_src comp="120" pin="4"/><net_sink comp="116" pin=0"/></net>

<net id="136"><net_src comp="32" pin="0"/><net_sink comp="128" pin=0"/></net>

<net id="137"><net_src comp="22" pin="0"/><net_sink comp="128" pin=5"/></net>

<net id="155"><net_src comp="76" pin="0"/><net_sink comp="138" pin=0"/></net>

<net id="156"><net_src comp="120" pin="4"/><net_sink comp="138" pin=1"/></net>

<net id="157"><net_src comp="0" pin="0"/><net_sink comp="138" pin=4"/></net>

<net id="158"><net_src comp="2" pin="0"/><net_sink comp="138" pin=8"/></net>

<net id="159"><net_src comp="4" pin="0"/><net_sink comp="138" pin=9"/></net>

<net id="160"><net_src comp="6" pin="0"/><net_sink comp="138" pin=10"/></net>

<net id="161"><net_src comp="8" pin="0"/><net_sink comp="138" pin=11"/></net>

<net id="162"><net_src comp="10" pin="0"/><net_sink comp="138" pin=12"/></net>

<net id="163"><net_src comp="12" pin="0"/><net_sink comp="138" pin=13"/></net>

<net id="164"><net_src comp="14" pin="0"/><net_sink comp="138" pin=14"/></net>

<net id="168"><net_src comp="98" pin="2"/><net_sink comp="165" pin=0"/></net>

<net id="174"><net_src comp="28" pin="0"/><net_sink comp="169" pin=0"/></net>

<net id="175"><net_src comp="165" pin="1"/><net_sink comp="169" pin=1"/></net>

<net id="176"><net_src comp="30" pin="0"/><net_sink comp="169" pin=2"/></net>

<net id="180"><net_src comp="98" pin="2"/><net_sink comp="177" pin=0"/></net>

<net id="185"><net_src comp="169" pin="3"/><net_sink comp="181" pin=0"/></net>

<net id="186"><net_src comp="177" pin="1"/><net_sink comp="181" pin=1"/></net>

<net id="187"><net_src comp="181" pin="2"/><net_sink comp="128" pin=1"/></net>

<net id="192"><net_src comp="34" pin="0"/><net_sink comp="188" pin=0"/></net>

<net id="197"><net_src comp="38" pin="0"/><net_sink comp="193" pin=0"/></net>

<net id="198"><net_src comp="110" pin="2"/><net_sink comp="193" pin=1"/></net>

<net id="203"><net_src comp="38" pin="0"/><net_sink comp="199" pin=0"/></net>

<net id="204"><net_src comp="104" pin="2"/><net_sink comp="199" pin=1"/></net>

<net id="217"><net_src comp="199" pin="2"/><net_sink comp="214" pin=0"/></net>

<net id="222"><net_src comp="214" pin="1"/><net_sink comp="218" pin=0"/></net>

<net id="223"><net_src comp="66" pin="0"/><net_sink comp="218" pin=1"/></net>

<net id="228"><net_src comp="199" pin="2"/><net_sink comp="224" pin=0"/></net>

<net id="229"><net_src comp="34" pin="0"/><net_sink comp="224" pin=1"/></net>

<net id="237"><net_src comp="230" pin="1"/><net_sink comp="233" pin=0"/></net>

<net id="242"><net_src comp="230" pin="1"/><net_sink comp="238" pin=0"/></net>

<net id="243"><net_src comp="74" pin="0"/><net_sink comp="238" pin=1"/></net>

<net id="248"><net_src comp="120" pin="4"/><net_sink comp="244" pin=1"/></net>

<net id="253"><net_src comp="238" pin="2"/><net_sink comp="249" pin=0"/></net>

<net id="257"><net_src comp="82" pin="1"/><net_sink comp="254" pin=0"/></net>

<net id="258"><net_src comp="254" pin="1"/><net_sink comp="188" pin=1"/></net>

<net id="259"><net_src comp="254" pin="1"/><net_sink comp="230" pin=0"/></net>

<net id="260"><net_src comp="254" pin="1"/><net_sink comp="249" pin=1"/></net>

<net id="264"><net_src comp="86" pin="1"/><net_sink comp="261" pin=0"/></net>

<net id="265"><net_src comp="261" pin="1"/><net_sink comp="128" pin=4"/></net>

<net id="266"><net_src comp="261" pin="1"/><net_sink comp="211" pin=0"/></net>

<net id="270"><net_src comp="90" pin="1"/><net_sink comp="267" pin=0"/></net>

<net id="271"><net_src comp="267" pin="1"/><net_sink comp="128" pin=3"/></net>

<net id="272"><net_src comp="267" pin="1"/><net_sink comp="208" pin=0"/></net>

<net id="276"><net_src comp="94" pin="1"/><net_sink comp="273" pin=0"/></net>

<net id="277"><net_src comp="273" pin="1"/><net_sink comp="128" pin=2"/></net>

<net id="278"><net_src comp="273" pin="1"/><net_sink comp="205" pin=0"/></net>

<net id="282"><net_src comp="181" pin="2"/><net_sink comp="279" pin=0"/></net>

<net id="283"><net_src comp="279" pin="1"/><net_sink comp="128" pin=1"/></net>

<net id="287"><net_src comp="104" pin="2"/><net_sink comp="284" pin=0"/></net>

<net id="288"><net_src comp="284" pin="1"/><net_sink comp="199" pin=1"/></net>

<net id="292"><net_src comp="110" pin="2"/><net_sink comp="289" pin=0"/></net>

<net id="293"><net_src comp="289" pin="1"/><net_sink comp="193" pin=1"/></net>

<net id="297"><net_src comp="193" pin="2"/><net_sink comp="294" pin=0"/></net>

<net id="298"><net_src comp="294" pin="1"/><net_sink comp="233" pin=1"/></net>

<net id="302"><net_src comp="199" pin="2"/><net_sink comp="299" pin=0"/></net>

<net id="303"><net_src comp="299" pin="1"/><net_sink comp="138" pin=2"/></net>

<net id="316"><net_src comp="218" pin="2"/><net_sink comp="313" pin=0"/></net>

<net id="317"><net_src comp="313" pin="1"/><net_sink comp="138" pin=3"/></net>

<net id="321"><net_src comp="224" pin="2"/><net_sink comp="318" pin=0"/></net>

<net id="322"><net_src comp="318" pin="1"/><net_sink comp="244" pin=0"/></net>

<net id="329"><net_src comp="244" pin="2"/><net_sink comp="326" pin=0"/></net>

<net id="330"><net_src comp="326" pin="1"/><net_sink comp="120" pin=2"/></net>

</net_list>

</model> 
---------------- Datapath Model END ------------------

* FSMD analyzer results:
  - Output states:
	Port: m_axis_video_V_data_V | {4 5 }
	Port: m_axis_video_V_keep_V | {4 5 }
	Port: m_axis_video_V_strb_V | {4 5 }
	Port: m_axis_video_V_user_V | {4 5 }
	Port: m_axis_video_V_last_V | {4 5 }
	Port: m_axis_video_V_id_V | {4 5 }
	Port: m_axis_video_V_dest_V | {4 5 }
	Port: mapComp | {}
 - Input state : 
	Port: MultiPixStream2AXIvideo : img | {4 5 }
	Port: MultiPixStream2AXIvideo : m_axis_video_V_data_V | {}
	Port: MultiPixStream2AXIvideo : m_axis_video_V_keep_V | {}
	Port: MultiPixStream2AXIvideo : m_axis_video_V_strb_V | {}
	Port: MultiPixStream2AXIvideo : m_axis_video_V_user_V | {}
	Port: MultiPixStream2AXIvideo : m_axis_video_V_last_V | {}
	Port: MultiPixStream2AXIvideo : m_axis_video_V_id_V | {}
	Port: MultiPixStream2AXIvideo : m_axis_video_V_dest_V | {}
	Port: MultiPixStream2AXIvideo : Height_val | {2 }
	Port: MultiPixStream2AXIvideo : WidthOut_val | {2 }
	Port: MultiPixStream2AXIvideo : colorFormat_val | {1 }
	Port: MultiPixStream2AXIvideo : mapComp | {1 2 }
  - Chain level:
	State 1
		tmp_5 : 1
		sub_ln367 : 2
		call_ln367 : 3
		store_ln373 : 1
	State 2
	State 3
		zext_ln392 : 1
		add_ln392 : 2
		icmp_ln374 : 1
	State 4
		icmp_ln374_1 : 1
		i_2 : 1
		br_ln374 : 2
		call_ln374 : 1
		and_ln374 : 1
		store_ln373 : 2
	State 5


============================================================
+ Verbose Summary: Datapath Resource usage 
============================================================

* Functional unit list:
|----------|--------------------------------------------------------------|---------|---------|---------|
| Operation|                        Functional Unit                       |  Delay  |    FF   |   LUT   |
|----------|--------------------------------------------------------------|---------|---------|---------|
|          | grp_MultiPixStream2AXIvideo_Pipeline_VITIS_LOOP_367_1_fu_128 |  1.298  |    24   |    21   |
|   call   | grp_MultiPixStream2AXIvideo_Pipeline_VITIS_LOOP_376_3_fu_138 |    0    |    45   |    61   |
|          |                grp_reg_unsigned_short_s_fu_193               |    0    |    0    |    0    |
|          |                grp_reg_unsigned_short_s_fu_199               |    0    |    0    |    0    |
|----------|--------------------------------------------------------------|---------|---------|---------|
|    add   |                       add_ln392_fu_218                       |    0    |    0    |    11   |
|          |                          i_2_fu_238                          |    0    |    0    |    11   |
|----------|--------------------------------------------------------------|---------|---------|---------|
|   icmp   |                       icmp_ln374_fu_224                      |    0    |    0    |    11   |
|          |                      icmp_ln374_1_fu_233                     |    0    |    0    |    11   |
|----------|--------------------------------------------------------------|---------|---------|---------|
|    sub   |                       sub_ln367_fu_181                       |    0    |    0    |    6    |
|----------|--------------------------------------------------------------|---------|---------|---------|
|    and   |                       and_ln374_fu_244                       |    0    |    0    |    1    |
|----------|--------------------------------------------------------------|---------|---------|---------|
|          |                colorFormat_val_read_read_fu_98               |    0    |    0    |    0    |
|   read   |                 WidthOut_val_read_read_fu_104                |    0    |    0    |    0    |
|          |                  Height_val_read_read_fu_110                 |    0    |    0    |    0    |
|----------|--------------------------------------------------------------|---------|---------|---------|
|   trunc  |                      trunc_ln369_fu_165                      |    0    |    0    |    0    |
|----------|--------------------------------------------------------------|---------|---------|---------|
|bitconcatenate|                         tmp_5_fu_169                         |    0    |    0    |    0    |
|----------|--------------------------------------------------------------|---------|---------|---------|
|   zext   |                       zext_ln369_fu_177                      |    0    |    0    |    0    |
|          |                       zext_ln392_fu_214                      |    0    |    0    |    0    |
|----------|--------------------------------------------------------------|---------|---------|---------|
|   Total  |                                                              |  1.298  |    69   |   133   |
|----------|--------------------------------------------------------------|---------|---------|---------|

Memories:
N/A

* Register list:
+-------------------------+--------+
|                         |   FF   |
+-------------------------+--------+
| Height_val_read_reg_289 |   11   |
|WidthOut_val_read_reg_284|   11   |
|    add_ln392_reg_313    |   12   |
|    and_ln374_reg_326    |    1   |
|       cols_reg_299      |   11   |
|       i_1_reg_254       |   11   |
|    icmp_ln374_reg_318   |    1   |
|    kMap_1_loc_reg_267   |    2   |
|    kMap_2_loc_reg_273   |    2   |
|     kMap_loc_reg_261    |    2   |
|       rows_reg_294      |   11   |
|       sof_reg_116       |    1   |
|    sub_ln367_reg_279    |    4   |
+-------------------------+--------+
|          Total          |   80   |
+-------------------------+--------+

* Multiplexer (MUX) list: 
|--------------------------------------------------------------|------|------|------|--------||---------||---------||---------|
|                             Comp                             |  Pin | Size |  BW  | S x BW ||  Delay  ||    FF   ||   LUT   |
|--------------------------------------------------------------|------|------|------|--------||---------||---------||---------|
|                          sof_reg_116                         |  p0  |   2  |   1  |    2   ||    0    ||    9    |
| grp_MultiPixStream2AXIvideo_Pipeline_VITIS_LOOP_367_1_fu_128 |  p1  |   2  |   4  |    8   ||    0    ||    9    |
|                grp_reg_unsigned_short_s_fu_193               |  p1  |   2  |  11  |   22   ||    0    ||    9    |
|                grp_reg_unsigned_short_s_fu_199               |  p1  |   2  |  11  |   22   ||    0    ||    9    |
|--------------------------------------------------------------|------|------|------|--------||---------||---------||---------|
|                             Total                            |      |      |      |   54   ||  5.192  ||    0    ||    36   |
|--------------------------------------------------------------|------|------|------|--------||---------||---------||---------|



* Summary:
+-----------+--------+--------+--------+
|           |  Delay |   FF   |   LUT  |
+-----------+--------+--------+--------+
|  Function |    1   |   69   |   133  |
|   Memory  |    -   |    -   |    -   |
|Multiplexer|    5   |    0   |   36   |
|  Register |    -   |   80   |    -   |
+-----------+--------+--------+--------+
|   Total   |    6   |   149  |   169  |
+-----------+--------+--------+--------+
