

================================================================
== Vitis HLS Report for 'FrmbufWrHlsDataFlow'
================================================================
* Date:           Mon Mar 16 15:10:42 2026

* Version:        2025.2 (Build 6295257 on Nov 14 2025)
* Project:        prj
* Solution:       sol (Vivado IP Flow Target)
* Product family: zynq
* Target device:  xc7z020-clg400-2


================================================================
== Performance Estimates
================================================================
+ Timing: 
    * Summary: 
    +--------+---------+----------+------------+
    |  Clock |  Target | Estimated| Uncertainty|
    +--------+---------+----------+------------+
    |ap_clk  |  6.52 ns|  4.761 ns|     1.76 ns|
    +--------+---------+----------+------------+

+ Latency: 
    * Summary: 
    +---------+----------+----------+-----------+-----+----------+----------+
    |  Latency (cycles)  |  Latency (absolute)  |    Interval    | Pipeline |
    |   min   |    max   |    min   |    max    | min |    max   |   Type   |
    +---------+----------+----------+-----------+-----+----------+----------+
    |   530916|  12447009|  3.463 ms|  81.179 ms|  194|  12447006|  dataflow|
    +---------+----------+----------+-----------+-----+----------+----------+

    + Detail: 
        * Instance: 
        +------------------------------------+-------------------------+---------+----------+-----------+-----------+-----+----------+---------+
        |                                    |                         |  Latency (cycles)  |   Latency (absolute)  |    Interval    | Pipeline|
        |              Instance              |          Module         |   min   |    max   |    min    |    max    | min |    max   |   Type  |
        +------------------------------------+-------------------------+---------+----------+-----------+-----------+-----+----------+---------+
        |grp_AXIvideo2MultiPixStream_fu_192  |AXIvideo2MultiPixStream  |        5|   2084405|  32.610 ns|  13.594 ms|    5|   2084405|       no|
        |grp_MultiPixStream2Bytes_fu_217     |MultiPixStream2Bytes     |        1|  12447005|   6.522 ns|  81.179 ms|    1|  12447005|       no|
        |grp_Bytes2AXIMMvideo_fu_231         |Bytes2AXIMMvideo         |      193|   5020921|   1.259 us|  32.746 ms|  193|   5020921|       no|
        +------------------------------------+-------------------------+---------+----------+-----------+-----------+-----+----------+---------+

        * Loop: 
        N/A

============================================================
+ Verbose Summary: Synthesis Manager
============================================================
InlineROM: 1
ExposeGlobal: 0
============================================================
+ Verbose Summary: CDFG Model
============================================================
IsTopModel: 0
ResetActiveHigh: 1
IsCombinational: 2
IsDatapathOnly: 0
HasWiredReturn: 1
HasMFsm: 0
HasVarLatency: 1
IsPipeline: 0
IsRtlPipelined: 0
IsInstanceOverlapped: 0
IsDontTouch: 0
HasImplIP: 0
IsGatedGlobalClock: 0


============================================================
+ Verbose Summary: Schedule
============================================================
* Number of FSM states : 6
* Pipeline : 0
* Dataflow Pipeline: 1
  DF-Pipeline-0: Size = 6, States = { 1 2 3 4 5 6 }

* FSM state transitions: 
1 --> 2 
2 --> 3 
3 --> 4 
4 --> 5 
5 --> 6 
6 --> 

* FSM state operations: 

State 1 <SV = 0> <Delay = 0.00>
ST_1 : Operation 7 [1/1] (0.00ns)   --->   "%height_val8_read = read i11 @_ssdm_op_Read.ap_auto.i11, i11 %height_val8"   --->   Operation 7 'read' 'height_val8_read' <Predicate = true> <Delay = 0.00>
ST_1 : Operation 8 [1/1] (0.00ns)   --->   "%width_val5_read = read i11 @_ssdm_op_Read.ap_auto.i11, i11 %width_val5"   --->   Operation 8 'read' 'width_val5_read' <Predicate = true> <Delay = 0.00>
ST_1 : Operation 9 [1/1] (0.00ns)   --->   "%colorFormat_val3_read = read i3 @_ssdm_op_Read.ap_auto.i3, i3 %colorFormat_val3"   --->   Operation 9 'read' 'colorFormat_val3_read' <Predicate = true> <Delay = 0.00>
ST_1 : Operation 10 [1/1] (0.00ns)   --->   "%img = alloca i32 1" [prj/sol/.autopilot/db/v_frmbuf_wr.cpp:100]   --->   Operation 10 'alloca' 'img' <Predicate = true> <Delay = 0.00> <CoreInst = "FIFO_SRL">   --->   Core 80 'FIFO_SRL' <Latency = 0> <II = 1> <Delay = 3.40> <Storage> <Opcode : 'read' 'write' 'nbread' 'nbwrite'> <Ports = 0> <Width = 24> <Depth = 2> <FIFO>
ST_1 : Operation 11 [1/1] (0.00ns)   --->   "%bytePlanes_plane0 = alloca i32 1" [prj/sol/.autopilot/db/v_frmbuf_wr.cpp:104]   --->   Operation 11 'alloca' 'bytePlanes_plane0' <Predicate = true> <Delay = 0.00> <CoreInst = "FIFO_BRAM">   --->   Core 78 'FIFO_BRAM' <Latency = 0> <II = 1> <Delay = 3.41> <Storage> <Opcode : 'read' 'write' 'nbread' 'nbwrite'> <Ports = 0> <Width = 64> <Depth = 481> <FIFO>
ST_1 : Operation 12 [1/1] (0.00ns)   --->   "%bytePlanes_plane1 = alloca i32 1" [prj/sol/.autopilot/db/v_frmbuf_wr.cpp:104]   --->   Operation 12 'alloca' 'bytePlanes_plane1' <Predicate = true> <Delay = 0.00> <CoreInst = "FIFO_BRAM">   --->   Core 78 'FIFO_BRAM' <Latency = 0> <II = 1> <Delay = 3.41> <Storage> <Opcode : 'read' 'write' 'nbread' 'nbwrite'> <Ports = 0> <Width = 64> <Depth = 481> <FIFO>
ST_1 : Operation 13 [1/1] (0.00ns)   --->   "%bytePlanes_plane2 = alloca i32 1" [prj/sol/.autopilot/db/v_frmbuf_wr.cpp:104]   --->   Operation 13 'alloca' 'bytePlanes_plane2' <Predicate = true> <Delay = 0.00> <CoreInst = "FIFO_BRAM">   --->   Core 78 'FIFO_BRAM' <Latency = 0> <II = 1> <Delay = 3.41> <Storage> <Opcode : 'read' 'write' 'nbread' 'nbwrite'> <Ports = 0> <Width = 64> <Depth = 481> <FIFO>
ST_1 : Operation 14 [2/2] (0.00ns)   --->   "%call_ln126 = call void @AXIvideo2MultiPixStream, i24 %s_axis_video_V_data_V, i3 %s_axis_video_V_keep_V, i3 %s_axis_video_V_strb_V, i1 %s_axis_video_V_user_V, i1 %s_axis_video_V_last_V, i1 %s_axis_video_V_id_V, i1 %s_axis_video_V_dest_V, i24 %img, i11 %height_val8_read, i11 %width_val5_read, i3 %colorFormat_val3_read" [prj/sol/.autopilot/db/v_frmbuf_wr.cpp:126]   --->   Operation 14 'call' 'call_ln126' <Predicate = true> <Delay = 0.00> <CoreType = "Generic">   --->   Generic Core

State 2 <SV = 1> <Delay = 1.48>
ST_2 : Operation 15 [1/2] (1.48ns)   --->   "%call_ln126 = call void @AXIvideo2MultiPixStream, i24 %s_axis_video_V_data_V, i3 %s_axis_video_V_keep_V, i3 %s_axis_video_V_strb_V, i1 %s_axis_video_V_user_V, i1 %s_axis_video_V_last_V, i1 %s_axis_video_V_id_V, i1 %s_axis_video_V_dest_V, i24 %img, i11 %height_val8_read, i11 %width_val5_read, i3 %colorFormat_val3_read" [prj/sol/.autopilot/db/v_frmbuf_wr.cpp:126]   --->   Operation 15 'call' 'call_ln126' <Predicate = true> <Delay = 1.48> <CoreType = "Generic">   --->   Generic Core

State 3 <SV = 2> <Delay = 3.00>
ST_3 : Operation 16 [1/1] (0.00ns)   --->   "%video_format_val11_read = read i6 @_ssdm_op_Read.ap_auto.i6, i6 %video_format_val11"   --->   Operation 16 'read' 'video_format_val11_read' <Predicate = true> <Delay = 0.00>
ST_3 : Operation 17 [1/1] (0.00ns)   --->   "%WidthInBytes_val2_read = read i14 @_ssdm_op_Read.ap_auto.i14, i14 %WidthInBytes_val2"   --->   Operation 17 'read' 'WidthInBytes_val2_read' <Predicate = true> <Delay = 0.00>
ST_3 : Operation 18 [2/2] (3.00ns)   --->   "%call_ln139 = call void @MultiPixStream2Bytes, i24 %img, i64 %bytePlanes_plane0, i64 %bytePlanes_plane1, i64 %bytePlanes_plane2, i11 %height_val8_read, i11 %width_val5_read, i14 %WidthInBytes_val2_read, i6 %video_format_val11_read" [prj/sol/.autopilot/db/v_frmbuf_wr.cpp:139]   --->   Operation 18 'call' 'call_ln139' <Predicate = true> <Delay = 3.00> <CoreType = "Generic">   --->   Generic Core

State 4 <SV = 3> <Delay = 0.00>
ST_4 : Operation 19 [1/2] (0.00ns)   --->   "%call_ln139 = call void @MultiPixStream2Bytes, i24 %img, i64 %bytePlanes_plane0, i64 %bytePlanes_plane1, i64 %bytePlanes_plane2, i11 %height_val8_read, i11 %width_val5_read, i14 %WidthInBytes_val2_read, i6 %video_format_val11_read" [prj/sol/.autopilot/db/v_frmbuf_wr.cpp:139]   --->   Operation 19 'call' 'call_ln139' <Predicate = true> <Delay = 0.00> <CoreType = "Generic">   --->   Generic Core

State 5 <SV = 4> <Delay = 4.42>
ST_5 : Operation 20 [1/1] (0.00ns)   --->   "%stride_val9_read = read i16 @_ssdm_op_Read.ap_auto.i16, i16 %stride_val9"   --->   Operation 20 'read' 'stride_val9_read' <Predicate = true> <Delay = 0.00>
ST_5 : Operation 21 [1/1] (0.00ns)   --->   "%HwReg_frm_buffer3_read = read i32 @_ssdm_op_Read.ap_auto.i32, i32 %HwReg_frm_buffer3"   --->   Operation 21 'read' 'HwReg_frm_buffer3_read' <Predicate = true> <Delay = 0.00>
ST_5 : Operation 22 [1/1] (0.00ns)   --->   "%HwReg_frm_buffer2_read = read i32 @_ssdm_op_Read.ap_auto.i32, i32 %HwReg_frm_buffer2"   --->   Operation 22 'read' 'HwReg_frm_buffer2_read' <Predicate = true> <Delay = 0.00>
ST_5 : Operation 23 [1/1] (0.00ns)   --->   "%HwReg_frm_buffer_read = read i32 @_ssdm_op_Read.ap_auto.i32, i32 %HwReg_frm_buffer"   --->   Operation 23 'read' 'HwReg_frm_buffer_read' <Predicate = true> <Delay = 0.00>
ST_5 : Operation 24 [2/2] (4.42ns)   --->   "%call_ln141 = call void @Bytes2AXIMMvideo, i64 %bytePlanes_plane0, i64 %bytePlanes_plane1, i64 %bytePlanes_plane2, i64 %mm_video, i32 %HwReg_frm_buffer_read, i32 %HwReg_frm_buffer2_read, i32 %HwReg_frm_buffer3_read, i11 %height_val8_read, i14 %WidthInBytes_val2_read, i16 %stride_val9_read, i6 %video_format_val11_read" [prj/sol/.autopilot/db/v_frmbuf_wr.cpp:141]   --->   Operation 24 'call' 'call_ln141' <Predicate = true> <Delay = 4.42> <CoreType = "Generic">   --->   Generic Core

State 6 <SV = 5> <Delay = 0.00>
ST_6 : Operation 25 [1/1] (0.00ns)   --->   "%specstablecontent_ln0 = specstablecontent void @_ssdm_op_SpecStableContent, i3 %colorFormat_val3, i1 1, void @p_str"   --->   Operation 25 'specstablecontent' 'specstablecontent_ln0' <Predicate = true> <Delay = 0.00>
ST_6 : Operation 26 [1/1] (0.00ns)   --->   "%specstablecontent_ln0 = specstablecontent void @_ssdm_op_SpecStableContent, i14 %WidthInBytes_val2, i1 1, void @p_str"   --->   Operation 26 'specstablecontent' 'specstablecontent_ln0' <Predicate = true> <Delay = 0.00>
ST_6 : Operation 27 [1/1] (0.00ns)   --->   "%specstablecontent_ln0 = specstablecontent void @_ssdm_op_SpecStableContent, i32 %HwReg_frm_buffer3, i1 1, void @p_str"   --->   Operation 27 'specstablecontent' 'specstablecontent_ln0' <Predicate = true> <Delay = 0.00>
ST_6 : Operation 28 [1/1] (0.00ns)   --->   "%specstablecontent_ln0 = specstablecontent void @_ssdm_op_SpecStableContent, i32 %HwReg_frm_buffer2, i1 1, void @p_str"   --->   Operation 28 'specstablecontent' 'specstablecontent_ln0' <Predicate = true> <Delay = 0.00>
ST_6 : Operation 29 [1/1] (0.00ns)   --->   "%specstablecontent_ln0 = specstablecontent void @_ssdm_op_SpecStableContent, i32 %HwReg_frm_buffer, i1 1, void @p_str"   --->   Operation 29 'specstablecontent' 'specstablecontent_ln0' <Predicate = true> <Delay = 0.00>
ST_6 : Operation 30 [1/1] (0.00ns)   --->   "%specdataflowpipeline_ln0 = specdataflowpipeline void @_ssdm_op_SpecDataflowPipeline, i32 4294967295, i32 0, void @empty_53"   --->   Operation 30 'specdataflowpipeline' 'specdataflowpipeline_ln0' <Predicate = true> <Delay = 0.00>
ST_6 : Operation 31 [1/1] (0.00ns)   --->   "%specaxissidechannel_ln0 = specaxissidechannel void @_ssdm_op_SpecAXISSideChannel, i24 %s_axis_video_V_data_V, i3 %s_axis_video_V_keep_V, i3 %s_axis_video_V_strb_V, i1 %s_axis_video_V_user_V, i1 %s_axis_video_V_last_V, i1 %s_axis_video_V_id_V, i1 %s_axis_video_V_dest_V, void @empty_12"   --->   Operation 31 'specaxissidechannel' 'specaxissidechannel_ln0' <Predicate = true> <Delay = 0.00>
ST_6 : Operation 32 [1/1] (0.00ns)   --->   "%specstablecontent_ln0 = specstablecontent void @_ssdm_op_SpecStableContent, i6 %video_format_val11, i1 1, void "   --->   Operation 32 'specstablecontent' 'specstablecontent_ln0' <Predicate = true> <Delay = 0.00>
ST_6 : Operation 33 [1/1] (0.00ns)   --->   "%specstablecontent_ln0 = specstablecontent void @_ssdm_op_SpecStableContent, i16 %stride_val9, i1 1, void "   --->   Operation 33 'specstablecontent' 'specstablecontent_ln0' <Predicate = true> <Delay = 0.00>
ST_6 : Operation 34 [1/1] (0.00ns)   --->   "%specstablecontent_ln0 = specstablecontent void @_ssdm_op_SpecStableContent, i11 %height_val8, i1 1, void "   --->   Operation 34 'specstablecontent' 'specstablecontent_ln0' <Predicate = true> <Delay = 0.00>
ST_6 : Operation 35 [1/1] (0.00ns)   --->   "%specstablecontent_ln0 = specstablecontent void @_ssdm_op_SpecStableContent, i11 %width_val5, i1 1, void "   --->   Operation 35 'specstablecontent' 'specstablecontent_ln0' <Predicate = true> <Delay = 0.00>
ST_6 : Operation 36 [1/1] (0.00ns)   --->   "%specinterface_ln0 = specinterface void @_ssdm_op_SpecInterface, i1 %s_axis_video_V_dest_V, i1 %s_axis_video_V_id_V, i1 %s_axis_video_V_last_V, i1 %s_axis_video_V_user_V, i3 %s_axis_video_V_strb_V, i3 %s_axis_video_V_keep_V, i24 %s_axis_video_V_data_V, void @empty_10, i32 0, i32 0, void @empty_11, i32 0, i32 0, void @empty_53, void @empty_53, void @empty_53, i32 0, i32 0, i32 0, i32 0, void @empty_53, void @empty_53, i32 4294967295, i32 0, i32 0, i32 0"   --->   Operation 36 'specinterface' 'specinterface_ln0' <Predicate = true> <Delay = 0.00>
ST_6 : Operation 37 [1/1] (0.00ns)   --->   "%specinterface_ln0 = specinterface void @_ssdm_op_SpecInterface, i64 %mm_video, void @empty_52, i32 0, i32 0, void @empty_53, i32 100, i32 2073600, void @empty_21, void @empty_8, void @empty_53, i32 16, i32 4, i32 16, i32 16, void @empty_53, void @empty_53, i32 4294967295, i32 0, i32 0, i32 8"   --->   Operation 37 'specinterface' 'specinterface_ln0' <Predicate = true> <Delay = 0.00>
ST_6 : Operation 38 [1/1] (0.00ns)   --->   "%empty = specchannel i32 @_ssdm_op_SpecChannel, void @img_str, i32 1, void @p_str, void @p_str, i32 2, i32 2, i24 %img, i24 %img"   --->   Operation 38 'specchannel' 'empty' <Predicate = true> <Delay = 0.00>
ST_6 : Operation 39 [1/1] (0.00ns)   --->   "%specinterface_ln0 = specinterface void @_ssdm_op_SpecInterface, i24 %img, void @empty_20, i32 0, i32 0, void @empty_53, i32 0, i32 0, void @empty_53, void @empty_53, void @empty_53, i32 0, i32 0, i32 0, i32 0, void @empty_53, void @empty_53, i32 4294967295, i32 0, i32 0, i32 0"   --->   Operation 39 'specinterface' 'specinterface_ln0' <Predicate = true> <Delay = 0.00>
ST_6 : Operation 40 [1/1] (0.00ns)   --->   "%empty_228 = specchannel i32 @_ssdm_op_SpecChannel, void @bytePlanes_OC_plane0_str, i32 1, void @p_str, void @p_str, i32 481, i32 481, i64 %bytePlanes_plane0, i64 %bytePlanes_plane0"   --->   Operation 40 'specchannel' 'empty_228' <Predicate = true> <Delay = 0.00>
ST_6 : Operation 41 [1/1] (0.00ns)   --->   "%specinterface_ln0 = specinterface void @_ssdm_op_SpecInterface, i64 %bytePlanes_plane0, void @empty_20, i32 0, i32 0, void @empty_53, i32 0, i32 0, void @empty_53, void @empty_53, void @empty_53, i32 0, i32 0, i32 0, i32 0, void @empty_53, void @empty_53, i32 4294967295, i32 0, i32 0, i32 0"   --->   Operation 41 'specinterface' 'specinterface_ln0' <Predicate = true> <Delay = 0.00>
ST_6 : Operation 42 [1/1] (0.00ns)   --->   "%empty_229 = specchannel i32 @_ssdm_op_SpecChannel, void @bytePlanes_OC_plane1_str, i32 1, void @p_str, void @p_str, i32 481, i32 481, i64 %bytePlanes_plane1, i64 %bytePlanes_plane1"   --->   Operation 42 'specchannel' 'empty_229' <Predicate = true> <Delay = 0.00>
ST_6 : Operation 43 [1/1] (0.00ns)   --->   "%specinterface_ln0 = specinterface void @_ssdm_op_SpecInterface, i64 %bytePlanes_plane1, void @empty_20, i32 0, i32 0, void @empty_53, i32 0, i32 0, void @empty_53, void @empty_53, void @empty_53, i32 0, i32 0, i32 0, i32 0, void @empty_53, void @empty_53, i32 4294967295, i32 0, i32 0, i32 0"   --->   Operation 43 'specinterface' 'specinterface_ln0' <Predicate = true> <Delay = 0.00>
ST_6 : Operation 44 [1/1] (0.00ns)   --->   "%empty_230 = specchannel i32 @_ssdm_op_SpecChannel, void @bytePlanes_OC_plane2_str, i32 1, void @p_str, void @p_str, i32 481, i32 481, i64 %bytePlanes_plane2, i64 %bytePlanes_plane2"   --->   Operation 44 'specchannel' 'empty_230' <Predicate = true> <Delay = 0.00>
ST_6 : Operation 45 [1/1] (0.00ns)   --->   "%specinterface_ln0 = specinterface void @_ssdm_op_SpecInterface, i64 %bytePlanes_plane2, void @empty_20, i32 0, i32 0, void @empty_53, i32 0, i32 0, void @empty_53, void @empty_53, void @empty_53, i32 0, i32 0, i32 0, i32 0, void @empty_53, void @empty_53, i32 4294967295, i32 0, i32 0, i32 0"   --->   Operation 45 'specinterface' 'specinterface_ln0' <Predicate = true> <Delay = 0.00>
ST_6 : Operation 46 [1/1] (0.00ns)   --->   "%specmemcore_ln112 = specmemcore void @_ssdm_op_SpecMemCore, i64 %bytePlanes_plane2, i64 666, i64 8, i64 18446744073709551615, i1 0" [prj/sol/.autopilot/db/v_frmbuf_wr.cpp:112]   --->   Operation 46 'specmemcore' 'specmemcore_ln112' <Predicate = true> <Delay = 0.00>
ST_6 : Operation 47 [1/1] (0.00ns)   --->   "%specmemcore_ln116 = specmemcore void @_ssdm_op_SpecMemCore, i64 %bytePlanes_plane1, i64 666, i64 8, i64 18446744073709551615, i1 0" [prj/sol/.autopilot/db/v_frmbuf_wr.cpp:116]   --->   Operation 47 'specmemcore' 'specmemcore_ln116' <Predicate = true> <Delay = 0.00>
ST_6 : Operation 48 [1/1] (0.00ns)   --->   "%specmemcore_ln120 = specmemcore void @_ssdm_op_SpecMemCore, i64 %bytePlanes_plane0, i64 666, i64 8, i64 18446744073709551615, i1 0" [prj/sol/.autopilot/db/v_frmbuf_wr.cpp:120]   --->   Operation 48 'specmemcore' 'specmemcore_ln120' <Predicate = true> <Delay = 0.00>
ST_6 : Operation 49 [1/2] (0.00ns)   --->   "%call_ln141 = call void @Bytes2AXIMMvideo, i64 %bytePlanes_plane0, i64 %bytePlanes_plane1, i64 %bytePlanes_plane2, i64 %mm_video, i32 %HwReg_frm_buffer_read, i32 %HwReg_frm_buffer2_read, i32 %HwReg_frm_buffer3_read, i11 %height_val8_read, i14 %WidthInBytes_val2_read, i16 %stride_val9_read, i6 %video_format_val11_read" [prj/sol/.autopilot/db/v_frmbuf_wr.cpp:141]   --->   Operation 49 'call' 'call_ln141' <Predicate = true> <Delay = 0.00> <CoreType = "Generic">   --->   Generic Core
ST_6 : Operation 50 [1/1] (0.00ns)   --->   "%ret_ln149 = ret" [prj/sol/.autopilot/db/v_frmbuf_wr.cpp:149]   --->   Operation 50 'ret' 'ret_ln149' <Predicate = true> <Delay = 0.00>


============================================================
+ Verbose Summary: Binding
============================================================
STG Binding: 
---------------- STG Properties BEGIN ----------------
- Is combinational: 0
- Is one-state seq: 0
- Is datapath-only: 0
- Is pipelined: 0
- Is top level: 0
Port [ Return ] is wired: 1; IO mode=ap_ctrl_hs:ce=0
Port [ s_axis_video_V_data_V]:  wired=1; compound=1; hidden=0; nouse=0; global=0; static=0; extern=0; dir=0; type=0; pingpong=0; private_global=0; IO mode=axis:ce=0
Port [ s_axis_video_V_keep_V]:  wired=1; compound=1; hidden=0; nouse=0; global=0; static=0; extern=0; dir=0; type=0; pingpong=0; private_global=0; IO mode=axis:ce=0
Port [ s_axis_video_V_strb_V]:  wired=1; compound=1; hidden=0; nouse=0; global=0; static=0; extern=0; dir=0; type=0; pingpong=0; private_global=0; IO mode=axis:ce=0
Port [ s_axis_video_V_user_V]:  wired=1; compound=1; hidden=0; nouse=0; global=0; static=0; extern=0; dir=0; type=0; pingpong=0; private_global=0; IO mode=axis:ce=0
Port [ s_axis_video_V_last_V]:  wired=1; compound=1; hidden=0; nouse=0; global=0; static=0; extern=0; dir=0; type=0; pingpong=0; private_global=0; IO mode=axis:ce=0
Port [ s_axis_video_V_id_V]:  wired=1; compound=1; hidden=0; nouse=0; global=0; static=0; extern=0; dir=0; type=0; pingpong=0; private_global=0; IO mode=axis:ce=0
Port [ s_axis_video_V_dest_V]:  wired=1; compound=1; hidden=0; nouse=0; global=0; static=0; extern=0; dir=0; type=0; pingpong=0; private_global=0; IO mode=axis:ce=0
Port [ mm_video]:  wired=1; compound=1; hidden=0; nouse=0; global=0; static=0; extern=0; dir=1; type=4; pingpong=0; private_global=0; IO mode=m_axi:ce=0
Port [ HwReg_frm_buffer]:  wired=1; compound=0; hidden=0; nouse=0; global=0; static=0; extern=0; dir=0; type=0; pingpong=0; private_global=0; IO mode=ap_none:ce=0
Port [ HwReg_frm_buffer2]:  wired=1; compound=0; hidden=0; nouse=0; global=0; static=0; extern=0; dir=0; type=0; pingpong=0; private_global=0; IO mode=ap_none:ce=0
Port [ HwReg_frm_buffer3]:  wired=1; compound=0; hidden=0; nouse=0; global=0; static=0; extern=0; dir=0; type=0; pingpong=0; private_global=0; IO mode=ap_none:ce=0
Port [ WidthInBytes_val2]:  wired=1; compound=0; hidden=0; nouse=0; global=0; static=0; extern=0; dir=0; type=0; pingpong=0; private_global=0; IO mode=ap_none:ce=0
Port [ colorFormat_val3]:  wired=1; compound=0; hidden=0; nouse=0; global=0; static=0; extern=0; dir=0; type=0; pingpong=0; private_global=0; IO mode=ap_none:ce=0
Port [ width_val5]:  wired=1; compound=0; hidden=0; nouse=0; global=0; static=0; extern=0; dir=0; type=0; pingpong=0; private_global=0; IO mode=ap_none:ce=0
Port [ height_val8]:  wired=1; compound=0; hidden=0; nouse=0; global=0; static=0; extern=0; dir=0; type=0; pingpong=0; private_global=0; IO mode=ap_none:ce=0
Port [ stride_val9]:  wired=1; compound=0; hidden=0; nouse=0; global=0; static=0; extern=0; dir=0; type=0; pingpong=0; private_global=0; IO mode=ap_none:ce=0
Port [ video_format_val11]:  wired=1; compound=0; hidden=0; nouse=0; global=0; static=0; extern=0; dir=0; type=0; pingpong=0; private_global=0; IO mode=ap_none:ce=0
---------------- STG Properties END ------------------

---------------- Datapath Model BEGIN ----------------

<LifeTime>
<method=bitvector/>
height_val8_read         (read                ) [ 0011111]
width_val5_read          (read                ) [ 0011100]
colorFormat_val3_read    (read                ) [ 0010000]
img                      (alloca              ) [ 0111111]
bytePlanes_plane0        (alloca              ) [ 0011111]
bytePlanes_plane1        (alloca              ) [ 0011111]
bytePlanes_plane2        (alloca              ) [ 0011111]
call_ln126               (call                ) [ 0000000]
video_format_val11_read  (read                ) [ 0000111]
WidthInBytes_val2_read   (read                ) [ 0000111]
call_ln139               (call                ) [ 0000000]
stride_val9_read         (read                ) [ 0000001]
HwReg_frm_buffer3_read   (read                ) [ 0000001]
HwReg_frm_buffer2_read   (read                ) [ 0000001]
HwReg_frm_buffer_read    (read                ) [ 0000001]
specstablecontent_ln0    (specstablecontent   ) [ 0000000]
specstablecontent_ln0    (specstablecontent   ) [ 0000000]
specstablecontent_ln0    (specstablecontent   ) [ 0000000]
specstablecontent_ln0    (specstablecontent   ) [ 0000000]
specstablecontent_ln0    (specstablecontent   ) [ 0000000]
specdataflowpipeline_ln0 (specdataflowpipeline) [ 0000000]
specaxissidechannel_ln0  (specaxissidechannel ) [ 0000000]
specstablecontent_ln0    (specstablecontent   ) [ 0000000]
specstablecontent_ln0    (specstablecontent   ) [ 0000000]
specstablecontent_ln0    (specstablecontent   ) [ 0000000]
specstablecontent_ln0    (specstablecontent   ) [ 0000000]
specinterface_ln0        (specinterface       ) [ 0000000]
specinterface_ln0        (specinterface       ) [ 0000000]
empty                    (specchannel         ) [ 0000000]
specinterface_ln0        (specinterface       ) [ 0000000]
empty_228                (specchannel         ) [ 0000000]
specinterface_ln0        (specinterface       ) [ 0000000]
empty_229                (specchannel         ) [ 0000000]
specinterface_ln0        (specinterface       ) [ 0000000]
empty_230                (specchannel         ) [ 0000000]
specinterface_ln0        (specinterface       ) [ 0000000]
specmemcore_ln112        (specmemcore         ) [ 0000000]
specmemcore_ln116        (specmemcore         ) [ 0000000]
specmemcore_ln120        (specmemcore         ) [ 0000000]
call_ln141               (call                ) [ 0000000]
ret_ln149                (ret                 ) [ 0000000]
</LifeTime>

<model>

<comp_list>
<comp id="0" class="1000" name="s_axis_video_V_data_V">
<pin_list>
<pin id="1" dir="1" index="0" bw="1" slack="0"/>
</pin_list>
<bind>
<StgValue><ssdm name="s_axis_video_V_data_V"/></StgValue>
</bind>
</comp>

<comp id="2" class="1000" name="s_axis_video_V_keep_V">
<pin_list>
<pin id="3" dir="1" index="0" bw="1" slack="0"/>
</pin_list>
<bind>
<StgValue><ssdm name="s_axis_video_V_keep_V"/></StgValue>
</bind>
</comp>

<comp id="4" class="1000" name="s_axis_video_V_strb_V">
<pin_list>
<pin id="5" dir="1" index="0" bw="1" slack="0"/>
</pin_list>
<bind>
<StgValue><ssdm name="s_axis_video_V_strb_V"/></StgValue>
</bind>
</comp>

<comp id="6" class="1000" name="s_axis_video_V_user_V">
<pin_list>
<pin id="7" dir="1" index="0" bw="1" slack="0"/>
</pin_list>
<bind>
<StgValue><ssdm name="s_axis_video_V_user_V"/></StgValue>
</bind>
</comp>

<comp id="8" class="1000" name="s_axis_video_V_last_V">
<pin_list>
<pin id="9" dir="1" index="0" bw="1" slack="0"/>
</pin_list>
<bind>
<StgValue><ssdm name="s_axis_video_V_last_V"/></StgValue>
</bind>
</comp>

<comp id="10" class="1000" name="s_axis_video_V_id_V">
<pin_list>
<pin id="11" dir="1" index="0" bw="1" slack="0"/>
</pin_list>
<bind>
<StgValue><ssdm name="s_axis_video_V_id_V"/></StgValue>
</bind>
</comp>

<comp id="12" class="1000" name="s_axis_video_V_dest_V">
<pin_list>
<pin id="13" dir="1" index="0" bw="1" slack="0"/>
</pin_list>
<bind>
<StgValue><ssdm name="s_axis_video_V_dest_V"/></StgValue>
</bind>
</comp>

<comp id="14" class="1000" name="mm_video">
<pin_list>
<pin id="15" dir="1" index="0" bw="1" slack="0"/>
</pin_list>
<bind>
<StgValue><ssdm name="mm_video"/><MemPortTyVec>1 </MemPortTyVec>
</StgValue>
</bind>
</comp>

<comp id="16" class="1000" name="HwReg_frm_buffer">
<pin_list>
<pin id="17" dir="1" index="0" bw="1" slack="0"/>
</pin_list>
<bind>
<StgValue><ssdm name="HwReg_frm_buffer"/></StgValue>
</bind>
</comp>

<comp id="18" class="1000" name="HwReg_frm_buffer2">
<pin_list>
<pin id="19" dir="1" index="0" bw="1" slack="0"/>
</pin_list>
<bind>
<StgValue><ssdm name="HwReg_frm_buffer2"/></StgValue>
</bind>
</comp>

<comp id="20" class="1000" name="HwReg_frm_buffer3">
<pin_list>
<pin id="21" dir="1" index="0" bw="1" slack="0"/>
</pin_list>
<bind>
<StgValue><ssdm name="HwReg_frm_buffer3"/></StgValue>
</bind>
</comp>

<comp id="22" class="1000" name="WidthInBytes_val2">
<pin_list>
<pin id="23" dir="1" index="0" bw="1" slack="0"/>
</pin_list>
<bind>
<StgValue><ssdm name="WidthInBytes_val2"/></StgValue>
</bind>
</comp>

<comp id="24" class="1000" name="colorFormat_val3">
<pin_list>
<pin id="25" dir="1" index="0" bw="1" slack="0"/>
</pin_list>
<bind>
<StgValue><ssdm name="colorFormat_val3"/></StgValue>
</bind>
</comp>

<comp id="26" class="1000" name="width_val5">
<pin_list>
<pin id="27" dir="1" index="0" bw="1" slack="0"/>
</pin_list>
<bind>
<StgValue><ssdm name="width_val5"/></StgValue>
</bind>
</comp>

<comp id="28" class="1000" name="height_val8">
<pin_list>
<pin id="29" dir="1" index="0" bw="1" slack="0"/>
</pin_list>
<bind>
<StgValue><ssdm name="height_val8"/></StgValue>
</bind>
</comp>

<comp id="30" class="1000" name="stride_val9">
<pin_list>
<pin id="31" dir="1" index="0" bw="1" slack="0"/>
</pin_list>
<bind>
<StgValue><ssdm name="stride_val9"/></StgValue>
</bind>
</comp>

<comp id="32" class="1000" name="video_format_val11">
<pin_list>
<pin id="33" dir="1" index="0" bw="1" slack="0"/>
</pin_list>
<bind>
<StgValue><ssdm name="video_format_val11"/></StgValue>
</bind>
</comp>

<comp id="34" class="1001" name="const_34">
<pin_list>
<pin id="35" dir="1" index="0" bw="1" slack="0"/>
</pin_list>
<bind>
<StgValue><ssdm name="_ssdm_op_Read.ap_auto.i11"/></StgValue>
</bind>
</comp>

<comp id="36" class="1001" name="const_36">
<pin_list>
<pin id="37" dir="1" index="0" bw="1" slack="0"/>
</pin_list>
<bind>
<StgValue><ssdm name="_ssdm_op_Read.ap_auto.i3"/></StgValue>
</bind>
</comp>

<comp id="38" class="1001" name="const_38">
<pin_list>
<pin id="39" dir="1" index="0" bw="1" slack="0"/>
</pin_list>
<bind>
<StgValue><ssdm name=""/></StgValue>
</bind>
</comp>

<comp id="40" class="1001" name="const_40">
<pin_list>
<pin id="41" dir="1" index="0" bw="1" slack="0"/>
</pin_list>
<bind>
<StgValue><ssdm name="AXIvideo2MultiPixStream"/></StgValue>
</bind>
</comp>

<comp id="42" class="1001" name="const_42">
<pin_list>
<pin id="43" dir="1" index="0" bw="1" slack="0"/>
</pin_list>
<bind>
<StgValue><ssdm name="_ssdm_op_Read.ap_auto.i6"/></StgValue>
</bind>
</comp>

<comp id="44" class="1001" name="const_44">
<pin_list>
<pin id="45" dir="1" index="0" bw="1" slack="0"/>
</pin_list>
<bind>
<StgValue><ssdm name="_ssdm_op_Read.ap_auto.i14"/></StgValue>
</bind>
</comp>

<comp id="46" class="1001" name="const_46">
<pin_list>
<pin id="47" dir="1" index="0" bw="1" slack="0"/>
</pin_list>
<bind>
<StgValue><ssdm name="MultiPixStream2Bytes"/></StgValue>
</bind>
</comp>

<comp id="48" class="1001" name="const_48">
<pin_list>
<pin id="49" dir="1" index="0" bw="1" slack="0"/>
</pin_list>
<bind>
<StgValue><ssdm name="_ssdm_op_Read.ap_auto.i16"/></StgValue>
</bind>
</comp>

<comp id="50" class="1001" name="const_50">
<pin_list>
<pin id="51" dir="1" index="0" bw="1" slack="0"/>
</pin_list>
<bind>
<StgValue><ssdm name="_ssdm_op_Read.ap_auto.i32"/></StgValue>
</bind>
</comp>

<comp id="52" class="1001" name="const_52">
<pin_list>
<pin id="53" dir="1" index="0" bw="1" slack="0"/>
</pin_list>
<bind>
<StgValue><ssdm name="Bytes2AXIMMvideo"/></StgValue>
</bind>
</comp>

<comp id="54" class="1001" name="const_54">
<pin_list>
<pin id="55" dir="1" index="0" bw="1" slack="2147483647"/>
</pin_list>
<bind>
<StgValue><ssdm name="_ssdm_op_SpecStableContent"/></StgValue>
</bind>
</comp>

<comp id="56" class="1001" name="const_56">
<pin_list>
<pin id="57" dir="1" index="0" bw="1" slack="2147483647"/>
</pin_list>
<bind>
<StgValue><ssdm name=""/></StgValue>
</bind>
</comp>

<comp id="58" class="1001" name="const_58">
<pin_list>
<pin id="59" dir="1" index="0" bw="1" slack="2147483647"/>
</pin_list>
<bind>
<StgValue><ssdm name="p_str"/></StgValue>
</bind>
</comp>

<comp id="60" class="1001" name="const_60">
<pin_list>
<pin id="61" dir="1" index="0" bw="1" slack="2147483647"/>
</pin_list>
<bind>
<StgValue><ssdm name="_ssdm_op_SpecDataflowPipeline"/></StgValue>
</bind>
</comp>

<comp id="62" class="1001" name="const_62">
<pin_list>
<pin id="63" dir="1" index="0" bw="1" slack="2147483647"/>
</pin_list>
<bind>
<StgValue><ssdm name=""/></StgValue>
</bind>
</comp>

<comp id="64" class="1001" name="const_64">
<pin_list>
<pin id="65" dir="1" index="0" bw="1" slack="2147483647"/>
</pin_list>
<bind>
<StgValue><ssdm name=""/></StgValue>
</bind>
</comp>

<comp id="66" class="1001" name="const_66">
<pin_list>
<pin id="67" dir="1" index="0" bw="1" slack="2147483647"/>
</pin_list>
<bind>
<StgValue><ssdm name="empty_53"/></StgValue>
</bind>
</comp>

<comp id="68" class="1001" name="const_68">
<pin_list>
<pin id="69" dir="1" index="0" bw="1" slack="2147483647"/>
</pin_list>
<bind>
<StgValue><ssdm name="_ssdm_op_SpecAXISSideChannel"/></StgValue>
</bind>
</comp>

<comp id="70" class="1001" name="const_70">
<pin_list>
<pin id="71" dir="1" index="0" bw="1" slack="2147483647"/>
</pin_list>
<bind>
<StgValue><ssdm name="empty_12"/></StgValue>
</bind>
</comp>

<comp id="72" class="1001" name="const_72">
<pin_list>
<pin id="73" dir="1" index="0" bw="1" slack="2147483647"/>
</pin_list>
<bind>
<StgValue><ssdm name=""/></StgValue>
</bind>
</comp>

<comp id="74" class="1001" name="const_74">
<pin_list>
<pin id="75" dir="1" index="0" bw="1" slack="2147483647"/>
</pin_list>
<bind>
<StgValue><ssdm name="_ssdm_op_SpecInterface"/></StgValue>
</bind>
</comp>

<comp id="76" class="1001" name="const_76">
<pin_list>
<pin id="77" dir="1" index="0" bw="1" slack="2147483647"/>
</pin_list>
<bind>
<StgValue><ssdm name="empty_10"/></StgValue>
</bind>
</comp>

<comp id="78" class="1001" name="const_78">
<pin_list>
<pin id="79" dir="1" index="0" bw="1" slack="2147483647"/>
</pin_list>
<bind>
<StgValue><ssdm name="empty_11"/></StgValue>
</bind>
</comp>

<comp id="80" class="1001" name="const_80">
<pin_list>
<pin id="81" dir="1" index="0" bw="1" slack="2147483647"/>
</pin_list>
<bind>
<StgValue><ssdm name="empty_52"/></StgValue>
</bind>
</comp>

<comp id="82" class="1001" name="const_82">
<pin_list>
<pin id="83" dir="1" index="0" bw="1" slack="2147483647"/>
</pin_list>
<bind>
<StgValue><ssdm name=""/></StgValue>
</bind>
</comp>

<comp id="84" class="1001" name="const_84">
<pin_list>
<pin id="85" dir="1" index="0" bw="1" slack="2147483647"/>
</pin_list>
<bind>
<StgValue><ssdm name=""/></StgValue>
</bind>
</comp>

<comp id="86" class="1001" name="const_86">
<pin_list>
<pin id="87" dir="1" index="0" bw="1" slack="2147483647"/>
</pin_list>
<bind>
<StgValue><ssdm name="empty_21"/></StgValue>
</bind>
</comp>

<comp id="88" class="1001" name="const_88">
<pin_list>
<pin id="89" dir="1" index="0" bw="1" slack="2147483647"/>
</pin_list>
<bind>
<StgValue><ssdm name="empty_8"/></StgValue>
</bind>
</comp>

<comp id="90" class="1001" name="const_90">
<pin_list>
<pin id="91" dir="1" index="0" bw="1" slack="2147483647"/>
</pin_list>
<bind>
<StgValue><ssdm name=""/></StgValue>
</bind>
</comp>

<comp id="92" class="1001" name="const_92">
<pin_list>
<pin id="93" dir="1" index="0" bw="1" slack="2147483647"/>
</pin_list>
<bind>
<StgValue><ssdm name=""/></StgValue>
</bind>
</comp>

<comp id="94" class="1001" name="const_94">
<pin_list>
<pin id="95" dir="1" index="0" bw="1" slack="2147483647"/>
</pin_list>
<bind>
<StgValue><ssdm name=""/></StgValue>
</bind>
</comp>

<comp id="96" class="1001" name="const_96">
<pin_list>
<pin id="97" dir="1" index="0" bw="1" slack="2147483647"/>
</pin_list>
<bind>
<StgValue><ssdm name="_ssdm_op_SpecChannel"/></StgValue>
</bind>
</comp>

<comp id="98" class="1001" name="const_98">
<pin_list>
<pin id="99" dir="1" index="0" bw="1" slack="2147483647"/>
</pin_list>
<bind>
<StgValue><ssdm name="img_str"/></StgValue>
</bind>
</comp>

<comp id="100" class="1001" name="const_100">
<pin_list>
<pin id="101" dir="1" index="0" bw="1" slack="2147483647"/>
</pin_list>
<bind>
<StgValue><ssdm name=""/></StgValue>
</bind>
</comp>

<comp id="102" class="1001" name="const_102">
<pin_list>
<pin id="103" dir="1" index="0" bw="1" slack="2147483647"/>
</pin_list>
<bind>
<StgValue><ssdm name="empty_20"/></StgValue>
</bind>
</comp>

<comp id="104" class="1001" name="const_104">
<pin_list>
<pin id="105" dir="1" index="0" bw="1" slack="2147483647"/>
</pin_list>
<bind>
<StgValue><ssdm name="bytePlanes_OC_plane0_str"/></StgValue>
</bind>
</comp>

<comp id="106" class="1001" name="const_106">
<pin_list>
<pin id="107" dir="1" index="0" bw="1" slack="2147483647"/>
</pin_list>
<bind>
<StgValue><ssdm name=""/></StgValue>
</bind>
</comp>

<comp id="108" class="1001" name="const_108">
<pin_list>
<pin id="109" dir="1" index="0" bw="1" slack="2147483647"/>
</pin_list>
<bind>
<StgValue><ssdm name="bytePlanes_OC_plane1_str"/></StgValue>
</bind>
</comp>

<comp id="110" class="1001" name="const_110">
<pin_list>
<pin id="111" dir="1" index="0" bw="1" slack="2147483647"/>
</pin_list>
<bind>
<StgValue><ssdm name="bytePlanes_OC_plane2_str"/></StgValue>
</bind>
</comp>

<comp id="112" class="1001" name="const_112">
<pin_list>
<pin id="113" dir="1" index="0" bw="1" slack="2147483647"/>
</pin_list>
<bind>
<StgValue><ssdm name="_ssdm_op_SpecMemCore"/></StgValue>
</bind>
</comp>

<comp id="114" class="1001" name="const_114">
<pin_list>
<pin id="115" dir="1" index="0" bw="1" slack="2147483647"/>
</pin_list>
<bind>
<StgValue><ssdm name=""/></StgValue>
</bind>
</comp>

<comp id="116" class="1001" name="const_116">
<pin_list>
<pin id="117" dir="1" index="0" bw="1" slack="2147483647"/>
</pin_list>
<bind>
<StgValue><ssdm name=""/></StgValue>
</bind>
</comp>

<comp id="118" class="1001" name="const_118">
<pin_list>
<pin id="119" dir="1" index="0" bw="1" slack="2147483647"/>
</pin_list>
<bind>
<StgValue><ssdm name=""/></StgValue>
</bind>
</comp>

<comp id="120" class="1001" name="const_120">
<pin_list>
<pin id="121" dir="1" index="0" bw="1" slack="2147483647"/>
</pin_list>
<bind>
<StgValue><ssdm name=""/></StgValue>
</bind>
</comp>

<comp id="122" class="1004" name="img_fu_122">
<pin_list>
<pin id="123" dir="0" index="0" bw="1" slack="0"/>
<pin id="124" dir="1" index="1" bw="24" slack="0"/>
</pin_list>
<bind>
<opcode="alloca(26) " fcode="alloca"/>
<opset="img/1 "/>
</bind>
</comp>

<comp id="126" class="1004" name="bytePlanes_plane0_fu_126">
<pin_list>
<pin id="127" dir="0" index="0" bw="1" slack="0"/>
<pin id="128" dir="1" index="1" bw="64" slack="2"/>
</pin_list>
<bind>
<opcode="alloca(26) " fcode="alloca"/>
<opset="bytePlanes_plane0/1 "/>
</bind>
</comp>

<comp id="130" class="1004" name="bytePlanes_plane1_fu_130">
<pin_list>
<pin id="131" dir="0" index="0" bw="1" slack="0"/>
<pin id="132" dir="1" index="1" bw="64" slack="2"/>
</pin_list>
<bind>
<opcode="alloca(26) " fcode="alloca"/>
<opset="bytePlanes_plane1/1 "/>
</bind>
</comp>

<comp id="134" class="1004" name="bytePlanes_plane2_fu_134">
<pin_list>
<pin id="135" dir="0" index="0" bw="1" slack="0"/>
<pin id="136" dir="1" index="1" bw="64" slack="2"/>
</pin_list>
<bind>
<opcode="alloca(26) " fcode="alloca"/>
<opset="bytePlanes_plane2/1 "/>
</bind>
</comp>

<comp id="138" class="1004" name="height_val8_read_read_fu_138">
<pin_list>
<pin id="139" dir="0" index="0" bw="11" slack="0"/>
<pin id="140" dir="0" index="1" bw="11" slack="0"/>
<pin id="141" dir="1" index="2" bw="11" slack="0"/>
</pin_list>
<bind>
<opcode="read(1150) " fcode="read"/>
<opset="height_val8_read/1 "/>
</bind>
</comp>

<comp id="144" class="1004" name="width_val5_read_read_fu_144">
<pin_list>
<pin id="145" dir="0" index="0" bw="11" slack="0"/>
<pin id="146" dir="0" index="1" bw="11" slack="0"/>
<pin id="147" dir="1" index="2" bw="11" slack="0"/>
</pin_list>
<bind>
<opcode="read(1150) " fcode="read"/>
<opset="width_val5_read/1 "/>
</bind>
</comp>

<comp id="150" class="1004" name="colorFormat_val3_read_read_fu_150">
<pin_list>
<pin id="151" dir="0" index="0" bw="3" slack="0"/>
<pin id="152" dir="0" index="1" bw="3" slack="0"/>
<pin id="153" dir="1" index="2" bw="3" slack="0"/>
</pin_list>
<bind>
<opcode="read(1150) " fcode="read"/>
<opset="colorFormat_val3_read/1 "/>
</bind>
</comp>

<comp id="156" class="1004" name="video_format_val11_read_read_fu_156">
<pin_list>
<pin id="157" dir="0" index="0" bw="6" slack="0"/>
<pin id="158" dir="0" index="1" bw="6" slack="0"/>
<pin id="159" dir="1" index="2" bw="6" slack="0"/>
</pin_list>
<bind>
<opcode="read(1150) " fcode="read"/>
<opset="video_format_val11_read/3 "/>
</bind>
</comp>

<comp id="162" class="1004" name="WidthInBytes_val2_read_read_fu_162">
<pin_list>
<pin id="163" dir="0" index="0" bw="14" slack="0"/>
<pin id="164" dir="0" index="1" bw="14" slack="0"/>
<pin id="165" dir="1" index="2" bw="14" slack="0"/>
</pin_list>
<bind>
<opcode="read(1150) " fcode="read"/>
<opset="WidthInBytes_val2_read/3 "/>
</bind>
</comp>

<comp id="168" class="1004" name="stride_val9_read_read_fu_168">
<pin_list>
<pin id="169" dir="0" index="0" bw="16" slack="0"/>
<pin id="170" dir="0" index="1" bw="16" slack="0"/>
<pin id="171" dir="1" index="2" bw="16" slack="0"/>
</pin_list>
<bind>
<opcode="read(1150) " fcode="read"/>
<opset="stride_val9_read/5 "/>
</bind>
</comp>

<comp id="174" class="1004" name="HwReg_frm_buffer3_read_read_fu_174">
<pin_list>
<pin id="175" dir="0" index="0" bw="32" slack="0"/>
<pin id="176" dir="0" index="1" bw="32" slack="0"/>
<pin id="177" dir="1" index="2" bw="32" slack="0"/>
</pin_list>
<bind>
<opcode="read(1150) " fcode="read"/>
<opset="HwReg_frm_buffer3_read/5 "/>
</bind>
</comp>

<comp id="180" class="1004" name="HwReg_frm_buffer2_read_read_fu_180">
<pin_list>
<pin id="181" dir="0" index="0" bw="32" slack="0"/>
<pin id="182" dir="0" index="1" bw="32" slack="0"/>
<pin id="183" dir="1" index="2" bw="32" slack="0"/>
</pin_list>
<bind>
<opcode="read(1150) " fcode="read"/>
<opset="HwReg_frm_buffer2_read/5 "/>
</bind>
</comp>

<comp id="186" class="1004" name="HwReg_frm_buffer_read_read_fu_186">
<pin_list>
<pin id="187" dir="0" index="0" bw="32" slack="0"/>
<pin id="188" dir="0" index="1" bw="32" slack="0"/>
<pin id="189" dir="1" index="2" bw="32" slack="0"/>
</pin_list>
<bind>
<opcode="read(1150) " fcode="read"/>
<opset="HwReg_frm_buffer_read/5 "/>
</bind>
</comp>

<comp id="192" class="1004" name="grp_AXIvideo2MultiPixStream_fu_192">
<pin_list>
<pin id="193" dir="0" index="0" bw="0" slack="0"/>
<pin id="194" dir="0" index="1" bw="24" slack="0"/>
<pin id="195" dir="0" index="2" bw="3" slack="0"/>
<pin id="196" dir="0" index="3" bw="3" slack="0"/>
<pin id="197" dir="0" index="4" bw="1" slack="0"/>
<pin id="198" dir="0" index="5" bw="1" slack="0"/>
<pin id="199" dir="0" index="6" bw="1" slack="0"/>
<pin id="200" dir="0" index="7" bw="1" slack="0"/>
<pin id="201" dir="0" index="8" bw="24" slack="0"/>
<pin id="202" dir="0" index="9" bw="11" slack="0"/>
<pin id="203" dir="0" index="10" bw="11" slack="0"/>
<pin id="204" dir="0" index="11" bw="3" slack="0"/>
<pin id="205" dir="1" index="12" bw="0" slack="2147483647"/>
</pin_list>
<bind>
<opcode="call(48) " fcode="call"/>
<opset="call_ln126/1 "/>
</bind>
</comp>

<comp id="217" class="1004" name="grp_MultiPixStream2Bytes_fu_217">
<pin_list>
<pin id="218" dir="0" index="0" bw="0" slack="0"/>
<pin id="219" dir="0" index="1" bw="24" slack="2"/>
<pin id="220" dir="0" index="2" bw="64" slack="2"/>
<pin id="221" dir="0" index="3" bw="64" slack="2"/>
<pin id="222" dir="0" index="4" bw="64" slack="2"/>
<pin id="223" dir="0" index="5" bw="11" slack="2"/>
<pin id="224" dir="0" index="6" bw="11" slack="2"/>
<pin id="225" dir="0" index="7" bw="14" slack="0"/>
<pin id="226" dir="0" index="8" bw="6" slack="0"/>
<pin id="227" dir="1" index="9" bw="0" slack="2147483647"/>
</pin_list>
<bind>
<opcode="call(48) " fcode="call"/>
<opset="call_ln139/3 "/>
</bind>
</comp>

<comp id="231" class="1004" name="grp_Bytes2AXIMMvideo_fu_231">
<pin_list>
<pin id="232" dir="0" index="0" bw="0" slack="0"/>
<pin id="233" dir="0" index="1" bw="64" slack="4"/>
<pin id="234" dir="0" index="2" bw="64" slack="4"/>
<pin id="235" dir="0" index="3" bw="64" slack="4"/>
<pin id="236" dir="0" index="4" bw="64" slack="0"/>
<pin id="237" dir="0" index="5" bw="32" slack="0"/>
<pin id="238" dir="0" index="6" bw="32" slack="0"/>
<pin id="239" dir="0" index="7" bw="32" slack="0"/>
<pin id="240" dir="0" index="8" bw="11" slack="4"/>
<pin id="241" dir="0" index="9" bw="14" slack="2"/>
<pin id="242" dir="0" index="10" bw="16" slack="0"/>
<pin id="243" dir="0" index="11" bw="6" slack="2"/>
<pin id="244" dir="1" index="12" bw="0" slack="2147483647"/>
</pin_list>
<bind>
<opcode="call(48) " fcode="call"/>
<opset="call_ln141/5 "/>
</bind>
</comp>

<comp id="251" class="1005" name="height_val8_read_reg_251">
<pin_list>
<pin id="252" dir="0" index="0" bw="11" slack="1"/>
<pin id="253" dir="1" index="1" bw="11" slack="1"/>
</pin_list>
<bind>
<opset="height_val8_read "/>
</bind>
</comp>

<comp id="258" class="1005" name="width_val5_read_reg_258">
<pin_list>
<pin id="259" dir="0" index="0" bw="11" slack="1"/>
<pin id="260" dir="1" index="1" bw="11" slack="1"/>
</pin_list>
<bind>
<opset="width_val5_read "/>
</bind>
</comp>

<comp id="264" class="1005" name="colorFormat_val3_read_reg_264">
<pin_list>
<pin id="265" dir="0" index="0" bw="3" slack="1"/>
<pin id="266" dir="1" index="1" bw="3" slack="1"/>
</pin_list>
<bind>
<opset="colorFormat_val3_read "/>
</bind>
</comp>

<comp id="269" class="1005" name="img_reg_269">
<pin_list>
<pin id="270" dir="0" index="0" bw="24" slack="0"/>
<pin id="271" dir="1" index="1" bw="24" slack="0"/>
</pin_list>
<bind>
<opset="img "/>
</bind>
</comp>

<comp id="275" class="1005" name="bytePlanes_plane0_reg_275">
<pin_list>
<pin id="276" dir="0" index="0" bw="64" slack="2"/>
<pin id="277" dir="1" index="1" bw="64" slack="2"/>
</pin_list>
<bind>
<opset="bytePlanes_plane0 "/>
</bind>
</comp>

<comp id="281" class="1005" name="bytePlanes_plane1_reg_281">
<pin_list>
<pin id="282" dir="0" index="0" bw="64" slack="2"/>
<pin id="283" dir="1" index="1" bw="64" slack="2"/>
</pin_list>
<bind>
<opset="bytePlanes_plane1 "/>
</bind>
</comp>

<comp id="287" class="1005" name="bytePlanes_plane2_reg_287">
<pin_list>
<pin id="288" dir="0" index="0" bw="64" slack="2"/>
<pin id="289" dir="1" index="1" bw="64" slack="2"/>
</pin_list>
<bind>
<opset="bytePlanes_plane2 "/>
</bind>
</comp>

<comp id="293" class="1005" name="video_format_val11_read_reg_293">
<pin_list>
<pin id="294" dir="0" index="0" bw="6" slack="1"/>
<pin id="295" dir="1" index="1" bw="6" slack="1"/>
</pin_list>
<bind>
<opset="video_format_val11_read "/>
</bind>
</comp>

<comp id="299" class="1005" name="WidthInBytes_val2_read_reg_299">
<pin_list>
<pin id="300" dir="0" index="0" bw="14" slack="1"/>
<pin id="301" dir="1" index="1" bw="14" slack="1"/>
</pin_list>
<bind>
<opset="WidthInBytes_val2_read "/>
</bind>
</comp>

<comp id="305" class="1005" name="stride_val9_read_reg_305">
<pin_list>
<pin id="306" dir="0" index="0" bw="16" slack="1"/>
<pin id="307" dir="1" index="1" bw="16" slack="1"/>
</pin_list>
<bind>
<opset="stride_val9_read "/>
</bind>
</comp>

<comp id="310" class="1005" name="HwReg_frm_buffer3_read_reg_310">
<pin_list>
<pin id="311" dir="0" index="0" bw="32" slack="1"/>
<pin id="312" dir="1" index="1" bw="32" slack="1"/>
</pin_list>
<bind>
<opset="HwReg_frm_buffer3_read "/>
</bind>
</comp>

<comp id="315" class="1005" name="HwReg_frm_buffer2_read_reg_315">
<pin_list>
<pin id="316" dir="0" index="0" bw="32" slack="1"/>
<pin id="317" dir="1" index="1" bw="32" slack="1"/>
</pin_list>
<bind>
<opset="HwReg_frm_buffer2_read "/>
</bind>
</comp>

<comp id="320" class="1005" name="HwReg_frm_buffer_read_reg_320">
<pin_list>
<pin id="321" dir="0" index="0" bw="32" slack="1"/>
<pin id="322" dir="1" index="1" bw="32" slack="1"/>
</pin_list>
<bind>
<opset="HwReg_frm_buffer_read "/>
</bind>
</comp>

</comp_list>

<net_list>
<net id="125"><net_src comp="38" pin="0"/><net_sink comp="122" pin=0"/></net>

<net id="129"><net_src comp="38" pin="0"/><net_sink comp="126" pin=0"/></net>

<net id="133"><net_src comp="38" pin="0"/><net_sink comp="130" pin=0"/></net>

<net id="137"><net_src comp="38" pin="0"/><net_sink comp="134" pin=0"/></net>

<net id="142"><net_src comp="34" pin="0"/><net_sink comp="138" pin=0"/></net>

<net id="143"><net_src comp="28" pin="0"/><net_sink comp="138" pin=1"/></net>

<net id="148"><net_src comp="34" pin="0"/><net_sink comp="144" pin=0"/></net>

<net id="149"><net_src comp="26" pin="0"/><net_sink comp="144" pin=1"/></net>

<net id="154"><net_src comp="36" pin="0"/><net_sink comp="150" pin=0"/></net>

<net id="155"><net_src comp="24" pin="0"/><net_sink comp="150" pin=1"/></net>

<net id="160"><net_src comp="42" pin="0"/><net_sink comp="156" pin=0"/></net>

<net id="161"><net_src comp="32" pin="0"/><net_sink comp="156" pin=1"/></net>

<net id="166"><net_src comp="44" pin="0"/><net_sink comp="162" pin=0"/></net>

<net id="167"><net_src comp="22" pin="0"/><net_sink comp="162" pin=1"/></net>

<net id="172"><net_src comp="48" pin="0"/><net_sink comp="168" pin=0"/></net>

<net id="173"><net_src comp="30" pin="0"/><net_sink comp="168" pin=1"/></net>

<net id="178"><net_src comp="50" pin="0"/><net_sink comp="174" pin=0"/></net>

<net id="179"><net_src comp="20" pin="0"/><net_sink comp="174" pin=1"/></net>

<net id="184"><net_src comp="50" pin="0"/><net_sink comp="180" pin=0"/></net>

<net id="185"><net_src comp="18" pin="0"/><net_sink comp="180" pin=1"/></net>

<net id="190"><net_src comp="50" pin="0"/><net_sink comp="186" pin=0"/></net>

<net id="191"><net_src comp="16" pin="0"/><net_sink comp="186" pin=1"/></net>

<net id="206"><net_src comp="40" pin="0"/><net_sink comp="192" pin=0"/></net>

<net id="207"><net_src comp="0" pin="0"/><net_sink comp="192" pin=1"/></net>

<net id="208"><net_src comp="2" pin="0"/><net_sink comp="192" pin=2"/></net>

<net id="209"><net_src comp="4" pin="0"/><net_sink comp="192" pin=3"/></net>

<net id="210"><net_src comp="6" pin="0"/><net_sink comp="192" pin=4"/></net>

<net id="211"><net_src comp="8" pin="0"/><net_sink comp="192" pin=5"/></net>

<net id="212"><net_src comp="10" pin="0"/><net_sink comp="192" pin=6"/></net>

<net id="213"><net_src comp="12" pin="0"/><net_sink comp="192" pin=7"/></net>

<net id="214"><net_src comp="138" pin="2"/><net_sink comp="192" pin=9"/></net>

<net id="215"><net_src comp="144" pin="2"/><net_sink comp="192" pin=10"/></net>

<net id="216"><net_src comp="150" pin="2"/><net_sink comp="192" pin=11"/></net>

<net id="228"><net_src comp="46" pin="0"/><net_sink comp="217" pin=0"/></net>

<net id="229"><net_src comp="162" pin="2"/><net_sink comp="217" pin=7"/></net>

<net id="230"><net_src comp="156" pin="2"/><net_sink comp="217" pin=8"/></net>

<net id="245"><net_src comp="52" pin="0"/><net_sink comp="231" pin=0"/></net>

<net id="246"><net_src comp="14" pin="0"/><net_sink comp="231" pin=4"/></net>

<net id="247"><net_src comp="186" pin="2"/><net_sink comp="231" pin=5"/></net>

<net id="248"><net_src comp="180" pin="2"/><net_sink comp="231" pin=6"/></net>

<net id="249"><net_src comp="174" pin="2"/><net_sink comp="231" pin=7"/></net>

<net id="250"><net_src comp="168" pin="2"/><net_sink comp="231" pin=10"/></net>

<net id="254"><net_src comp="138" pin="2"/><net_sink comp="251" pin=0"/></net>

<net id="255"><net_src comp="251" pin="1"/><net_sink comp="192" pin=9"/></net>

<net id="256"><net_src comp="251" pin="1"/><net_sink comp="217" pin=5"/></net>

<net id="257"><net_src comp="251" pin="1"/><net_sink comp="231" pin=8"/></net>

<net id="261"><net_src comp="144" pin="2"/><net_sink comp="258" pin=0"/></net>

<net id="262"><net_src comp="258" pin="1"/><net_sink comp="192" pin=10"/></net>

<net id="263"><net_src comp="258" pin="1"/><net_sink comp="217" pin=6"/></net>

<net id="267"><net_src comp="150" pin="2"/><net_sink comp="264" pin=0"/></net>

<net id="268"><net_src comp="264" pin="1"/><net_sink comp="192" pin=11"/></net>

<net id="272"><net_src comp="122" pin="1"/><net_sink comp="269" pin=0"/></net>

<net id="273"><net_src comp="269" pin="1"/><net_sink comp="192" pin=8"/></net>

<net id="274"><net_src comp="269" pin="1"/><net_sink comp="217" pin=1"/></net>

<net id="278"><net_src comp="126" pin="1"/><net_sink comp="275" pin=0"/></net>

<net id="279"><net_src comp="275" pin="1"/><net_sink comp="217" pin=2"/></net>

<net id="280"><net_src comp="275" pin="1"/><net_sink comp="231" pin=1"/></net>

<net id="284"><net_src comp="130" pin="1"/><net_sink comp="281" pin=0"/></net>

<net id="285"><net_src comp="281" pin="1"/><net_sink comp="217" pin=3"/></net>

<net id="286"><net_src comp="281" pin="1"/><net_sink comp="231" pin=2"/></net>

<net id="290"><net_src comp="134" pin="1"/><net_sink comp="287" pin=0"/></net>

<net id="291"><net_src comp="287" pin="1"/><net_sink comp="217" pin=4"/></net>

<net id="292"><net_src comp="287" pin="1"/><net_sink comp="231" pin=3"/></net>

<net id="296"><net_src comp="156" pin="2"/><net_sink comp="293" pin=0"/></net>

<net id="297"><net_src comp="293" pin="1"/><net_sink comp="217" pin=8"/></net>

<net id="298"><net_src comp="293" pin="1"/><net_sink comp="231" pin=11"/></net>

<net id="302"><net_src comp="162" pin="2"/><net_sink comp="299" pin=0"/></net>

<net id="303"><net_src comp="299" pin="1"/><net_sink comp="217" pin=7"/></net>

<net id="304"><net_src comp="299" pin="1"/><net_sink comp="231" pin=9"/></net>

<net id="308"><net_src comp="168" pin="2"/><net_sink comp="305" pin=0"/></net>

<net id="309"><net_src comp="305" pin="1"/><net_sink comp="231" pin=10"/></net>

<net id="313"><net_src comp="174" pin="2"/><net_sink comp="310" pin=0"/></net>

<net id="314"><net_src comp="310" pin="1"/><net_sink comp="231" pin=7"/></net>

<net id="318"><net_src comp="180" pin="2"/><net_sink comp="315" pin=0"/></net>

<net id="319"><net_src comp="315" pin="1"/><net_sink comp="231" pin=6"/></net>

<net id="323"><net_src comp="186" pin="2"/><net_sink comp="320" pin=0"/></net>

<net id="324"><net_src comp="320" pin="1"/><net_sink comp="231" pin=5"/></net>

</net_list>

</model> 
---------------- Datapath Model END ------------------

* FSMD analyzer results:
  - Output states:
	Port: mm_video | {5 6 }
 - Input state : 
	Port: FrmbufWrHlsDataFlow : s_axis_video_V_data_V | {1 2 }
	Port: FrmbufWrHlsDataFlow : s_axis_video_V_keep_V | {1 2 }
	Port: FrmbufWrHlsDataFlow : s_axis_video_V_strb_V | {1 2 }
	Port: FrmbufWrHlsDataFlow : s_axis_video_V_user_V | {1 2 }
	Port: FrmbufWrHlsDataFlow : s_axis_video_V_last_V | {1 2 }
	Port: FrmbufWrHlsDataFlow : s_axis_video_V_id_V | {1 2 }
	Port: FrmbufWrHlsDataFlow : s_axis_video_V_dest_V | {1 2 }
	Port: FrmbufWrHlsDataFlow : HwReg_frm_buffer | {5 }
	Port: FrmbufWrHlsDataFlow : HwReg_frm_buffer2 | {5 }
	Port: FrmbufWrHlsDataFlow : HwReg_frm_buffer3 | {5 }
	Port: FrmbufWrHlsDataFlow : WidthInBytes_val2 | {3 }
	Port: FrmbufWrHlsDataFlow : colorFormat_val3 | {1 }
	Port: FrmbufWrHlsDataFlow : width_val5 | {1 }
	Port: FrmbufWrHlsDataFlow : height_val8 | {1 }
	Port: FrmbufWrHlsDataFlow : stride_val9 | {5 }
	Port: FrmbufWrHlsDataFlow : video_format_val11 | {3 }
  - Chain level:
	State 1
		call_ln126 : 1
	State 2
	State 3
	State 4
	State 5
	State 6


============================================================
+ Verbose Summary: Datapath Resource usage 
============================================================

* Functional unit list:
|----------|-------------------------------------|---------|---------|---------|---------|
| Operation|           Functional Unit           |   DSP   |  Delay  |    FF   |   LUT   |
|----------|-------------------------------------|---------|---------|---------|---------|
|          |  grp_AXIvideo2MultiPixStream_fu_192 |    0    |  5.192  |   164   |   123   |
|   call   |   grp_MultiPixStream2Bytes_fu_217   |    2    | 5.24614 |   2886  |   1688  |
|          |     grp_Bytes2AXIMMvideo_fu_231     |    0    |  4.273  |   2325  |   814   |
|----------|-------------------------------------|---------|---------|---------|---------|
|          |     height_val8_read_read_fu_138    |    0    |    0    |    0    |    0    |
|          |     width_val5_read_read_fu_144     |    0    |    0    |    0    |    0    |
|          |  colorFormat_val3_read_read_fu_150  |    0    |    0    |    0    |    0    |
|          | video_format_val11_read_read_fu_156 |    0    |    0    |    0    |    0    |
|   read   |  WidthInBytes_val2_read_read_fu_162 |    0    |    0    |    0    |    0    |
|          |     stride_val9_read_read_fu_168    |    0    |    0    |    0    |    0    |
|          |  HwReg_frm_buffer3_read_read_fu_174 |    0    |    0    |    0    |    0    |
|          |  HwReg_frm_buffer2_read_read_fu_180 |    0    |    0    |    0    |    0    |
|          |  HwReg_frm_buffer_read_read_fu_186  |    0    |    0    |    0    |    0    |
|----------|-------------------------------------|---------|---------|---------|---------|
|   Total  |                                     |    2    | 14.7111 |   5375  |   2625  |
|----------|-------------------------------------|---------|---------|---------|---------|

Memories:
N/A

* Register list:
+-------------------------------+--------+
|                               |   FF   |
+-------------------------------+--------+
| HwReg_frm_buffer2_read_reg_315|   32   |
| HwReg_frm_buffer3_read_reg_310|   32   |
| HwReg_frm_buffer_read_reg_320 |   32   |
| WidthInBytes_val2_read_reg_299|   14   |
|   bytePlanes_plane0_reg_275   |   64   |
|   bytePlanes_plane1_reg_281   |   64   |
|   bytePlanes_plane2_reg_287   |   64   |
| colorFormat_val3_read_reg_264 |    3   |
|    height_val8_read_reg_251   |   11   |
|          img_reg_269          |   24   |
|    stride_val9_read_reg_305   |   16   |
|video_format_val11_read_reg_293|    6   |
|    width_val5_read_reg_258    |   11   |
+-------------------------------+--------+
|             Total             |   373  |
+-------------------------------+--------+

* Multiplexer (MUX) list: 
|------------------------------------|------|------|------|--------||---------||---------||---------|
|                Comp                |  Pin | Size |  BW  | S x BW ||  Delay  ||    FF   ||   LUT   |
|------------------------------------|------|------|------|--------||---------||---------||---------|
| grp_AXIvideo2MultiPixStream_fu_192 |  p9  |   2  |  11  |   22   ||    0    ||    9    |
| grp_AXIvideo2MultiPixStream_fu_192 |  p10 |   2  |  11  |   22   ||    0    ||    9    |
| grp_AXIvideo2MultiPixStream_fu_192 |  p11 |   2  |   3  |    6   ||    0    ||    9    |
|   grp_MultiPixStream2Bytes_fu_217  |  p7  |   2  |  14  |   28   ||    0    ||    9    |
|   grp_MultiPixStream2Bytes_fu_217  |  p8  |   2  |   6  |   12   ||    0    ||    9    |
|     grp_Bytes2AXIMMvideo_fu_231    |  p5  |   2  |  32  |   64   ||    0    ||    9    |
|     grp_Bytes2AXIMMvideo_fu_231    |  p6  |   2  |  32  |   64   ||    0    ||    9    |
|     grp_Bytes2AXIMMvideo_fu_231    |  p7  |   2  |  32  |   64   ||    0    ||    9    |
|     grp_Bytes2AXIMMvideo_fu_231    |  p10 |   2  |  16  |   32   ||    0    ||    9    |
|------------------------------------|------|------|------|--------||---------||---------||---------|
|                Total               |      |      |      |   314  ||  11.682 ||    0    ||    81   |
|------------------------------------|------|------|------|--------||---------||---------||---------|



* Summary:
+-----------+--------+--------+--------+--------+
|           |   DSP  |  Delay |   FF   |   LUT  |
+-----------+--------+--------+--------+--------+
|  Function |    2   |   14   |  5375  |  2625  |
|   Memory  |    -   |    -   |    -   |    -   |
|Multiplexer|    -   |   11   |    0   |   81   |
|  Register |    -   |    -   |   373  |    -   |
+-----------+--------+--------+--------+--------+
|   Total   |    2   |   26   |  5748  |  2706  |
+-----------+--------+--------+--------+--------+
