

================================================================
== Vitis HLS Report for 'MultiPixStream2Bytes_Pipeline_VITIS_LOOP_1090_24'
================================================================
* Date:           Mon Mar 16 15:10:42 2026

* Version:        2025.2 (Build 6295257 on Nov 14 2025)
* Project:        prj
* Solution:       sol (Vivado IP Flow Target)
* Product family: zynq
* Target device:  xc7z020-clg400-2


================================================================
== Performance Estimates
================================================================
+ Timing: 
    * Summary: 
    +--------+---------+----------+------------+
    |  Clock |  Target | Estimated| Uncertainty|
    +--------+---------+----------+------------+
    |ap_clk  |  6.52 ns|  3.958 ns|     1.76 ns|
    +--------+---------+----------+------------+

+ Latency: 
    * Summary: 
    +---------+---------+-----------+-----------+-----+-----+-------------------+
    |  Latency (cycles) |   Latency (absolute)  |  Interval |      Pipeline     |
    |   min   |   max   |    min    |    max    | min | max |        Type       |
    +---------+---------+-----------+-----------+-----+-----+-------------------+
    |        2|     3843|  13.044 ns|  25.064 us|    0|    0|  loop pipeline stp|
    +---------+---------+-----------+-----------+-----+-----+-------------------+

    + Detail: 
        * Instance: 
        N/A

        * Loop: 
        +----------------------+---------+---------+----------+-----------+-----------+---------+----------+
        |                      |  Latency (cycles) | Iteration|  Initiation Interval  |   Trip  |          |
        |       Loop Name      |   min   |   max   |  Latency |  achieved |   target  |  Count  | Pipelined|
        +----------------------+---------+---------+----------+-----------+-----------+---------+----------+
        |- VITIS_LOOP_1090_24  |        0|     3841|        10|          8|          8|  0 ~ 480|       yes|
        +----------------------+---------+---------+----------+-----------+-----------+---------+----------+

============================================================
+ Verbose Summary: Synthesis Manager
============================================================
InlineROM: 1
ExposeGlobal: 0
============================================================
+ Verbose Summary: CDFG Model
============================================================
IsTopModel: 0
ResetActiveHigh: 1
IsCombinational: 0
IsDatapathOnly: 0
HasWiredReturn: 1
HasMFsm: 2
HasVarLatency: 1
IsPipeline: 0
IsRtlPipelined: 0
IsInstanceOverlapped: 0
IsDontTouch: 0
HasImplIP: 0
IsGatedGlobalClock: 0

+ Individual pipeline summary: 
  * Pipeline-0: initiation interval (II) = 8, depth = 10


============================================================
+ Verbose Summary: Schedule
============================================================
* Number of FSM states : 10
* Pipeline : 1
  Pipeline-0 : II = 8, D = 10, States = { 1 2 3 4 5 6 7 8 9 10 }
* Dataflow Pipeline: 0

* FSM state transitions: 
1 --> 2 
2 --> 3 
3 --> 4 
4 --> 5 
5 --> 6 
6 --> 7 
7 --> 8 
8 --> 9 
9 --> 10 
10 --> 

* FSM state operations: 

State 1 <SV = 0> <Delay = 3.95>
ST_1 : Operation 13 [1/1] (0.00ns)   --->   "%x_8 = alloca i32 1" [prj/sol/.autopilot/db/v_frmbuf_wr.cpp:1090]   --->   Operation 13 'alloca' 'x_8' <Predicate = true> <Delay = 0.00>
ST_1 : Operation 14 [1/1] (0.00ns)   --->   "%icmp36_read = read i1 @_ssdm_op_Read.ap_auto.i1, i1 %icmp36"   --->   Operation 14 'read' 'icmp36_read' <Predicate = true> <Delay = 0.00>
ST_1 : Operation 15 [1/1] (0.00ns)   --->   "%add_ln1095_read = read i10 @_ssdm_op_Read.ap_auto.i10, i10 %add_ln1095"   --->   Operation 15 'read' 'add_ln1095_read' <Predicate = true> <Delay = 0.00>
ST_1 : Operation 16 [1/1] (0.00ns)   --->   "%icmp_ln1095_1_read = read i1 @_ssdm_op_Read.ap_auto.i1, i1 %icmp_ln1095_1"   --->   Operation 16 'read' 'icmp_ln1095_1_read' <Predicate = true> <Delay = 0.00>
ST_1 : Operation 17 [1/1] (0.00ns)   --->   "%icmp39_read = read i1 @_ssdm_op_Read.ap_auto.i1, i1 %icmp39"   --->   Operation 17 'read' 'icmp39_read' <Predicate = true> <Delay = 0.00>
ST_1 : Operation 18 [1/1] (0.00ns)   --->   "%icmp_ln1095_3_read = read i1 @_ssdm_op_Read.ap_auto.i1, i1 %icmp_ln1095_3"   --->   Operation 18 'read' 'icmp_ln1095_3_read' <Predicate = true> <Delay = 0.00>
ST_1 : Operation 19 [1/1] (0.00ns)   --->   "%icmp_ln1095_4_read = read i1 @_ssdm_op_Read.ap_auto.i1, i1 %icmp_ln1095_4"   --->   Operation 19 'read' 'icmp_ln1095_4_read' <Predicate = true> <Delay = 0.00>
ST_1 : Operation 20 [1/1] (0.00ns)   --->   "%icmp_ln1095_5_read = read i1 @_ssdm_op_Read.ap_auto.i1, i1 %icmp_ln1095_5"   --->   Operation 20 'read' 'icmp_ln1095_5_read' <Predicate = true> <Delay = 0.00>
ST_1 : Operation 21 [1/1] (0.00ns)   --->   "%icmp_ln1077_read = read i1 @_ssdm_op_Read.ap_auto.i1, i1 %icmp_ln1077"   --->   Operation 21 'read' 'icmp_ln1077_read' <Predicate = true> <Delay = 0.00>
ST_1 : Operation 22 [1/1] (0.00ns)   --->   "%tmp = read i1 @_ssdm_op_Read.ap_auto.i1, i1 %empty"   --->   Operation 22 'read' 'tmp' <Predicate = true> <Delay = 0.00>
ST_1 : Operation 23 [1/1] (0.00ns)   --->   "%icmp_ln1110_1_read = read i1 @_ssdm_op_Read.ap_auto.i1, i1 %icmp_ln1110_1"   --->   Operation 23 'read' 'icmp_ln1110_1_read' <Predicate = true> <Delay = 0.00>
ST_1 : Operation 24 [1/1] (0.00ns)   --->   "%trunc_ln3_read = read i9 @_ssdm_op_Read.ap_auto.i9, i9 %trunc_ln3"   --->   Operation 24 'read' 'trunc_ln3_read' <Predicate = true> <Delay = 0.00>
ST_1 : Operation 25 [1/1] (0.00ns)   --->   "%specmemcore_ln0 = specmemcore void @_ssdm_op_SpecMemCore, i64 %bytePlanes_plane0, i64 666, i64 8, i64 18446744073709551615, i1 0"   --->   Operation 25 'specmemcore' 'specmemcore_ln0' <Predicate = true> <Delay = 0.00>
ST_1 : Operation 26 [1/1] (0.00ns)   --->   "%specinterface_ln0 = specinterface void @_ssdm_op_SpecInterface, i24 %img, void @empty_20, i32 0, i32 0, void @empty_53, i32 0, i32 0, void @empty_53, void @empty_53, void @empty_53, i32 0, i32 0, i32 0, i32 0, void @empty_53, void @empty_53, i32 4294967295, i32 0, i32 0, i32 0"   --->   Operation 26 'specinterface' 'specinterface_ln0' <Predicate = true> <Delay = 0.00>
ST_1 : Operation 27 [1/1] (0.00ns)   --->   "%specinterface_ln0 = specinterface void @_ssdm_op_SpecInterface, i64 %bytePlanes_plane0, void @empty_20, i32 0, i32 0, void @empty_53, i32 0, i32 0, void @empty_53, void @empty_53, void @empty_53, i32 0, i32 0, i32 0, i32 0, void @empty_53, void @empty_53, i32 4294967295, i32 0, i32 0, i32 0"   --->   Operation 27 'specinterface' 'specinterface_ln0' <Predicate = true> <Delay = 0.00>
ST_1 : Operation 28 [1/1] (1.29ns)   --->   "%store_ln1090 = store i9 0, i9 %x_8" [prj/sol/.autopilot/db/v_frmbuf_wr.cpp:1090]   --->   Operation 28 'store' 'store_ln1090' <Predicate = true> <Delay = 1.29>
ST_1 : Operation 29 [1/1] (0.00ns)   --->   "%br_ln1090 = br void %VITIS_LOOP_1093_25" [prj/sol/.autopilot/db/v_frmbuf_wr.cpp:1090]   --->   Operation 29 'br' 'br_ln1090' <Predicate = true> <Delay = 0.00>
ST_1 : Operation 30 [1/1] (0.00ns)   --->   "%x = load i9 %x_8" [prj/sol/.autopilot/db/v_frmbuf_wr.cpp:1090]   --->   Operation 30 'load' 'x' <Predicate = true> <Delay = 0.00>
ST_1 : Operation 31 [1/1] (0.00ns)   --->   "%zext_ln1090 = zext i9 %x" [prj/sol/.autopilot/db/v_frmbuf_wr.cpp:1090]   --->   Operation 31 'zext' 'zext_ln1090' <Predicate = true> <Delay = 0.00>
ST_1 : Operation 32 [1/1] (1.36ns)   --->   "%icmp_ln1090 = icmp_ult  i9 %x, i9 %trunc_ln3_read" [prj/sol/.autopilot/db/v_frmbuf_wr.cpp:1090]   --->   Operation 32 'icmp' 'icmp_ln1090' <Predicate = true> <Delay = 1.36> <CoreInst = "Cmp">   --->   Core 9 'Cmp' <Latency = 0> <II = 1> <Delay = 1.36> <FuncUnit> <Opcode : 'seteq' 'setne' 'setle' 'setge' 'setlt' 'setgt'> <InPorts = 2> <OutPorts = 1>
ST_1 : Operation 33 [1/1] (0.00ns)   --->   "%speclooptripcount_ln0 = speclooptripcount void @_ssdm_op_SpecLoopTripCount, i64 0, i64 480, i64 0"   --->   Operation 33 'speclooptripcount' 'speclooptripcount_ln0' <Predicate = true> <Delay = 0.00>
ST_1 : Operation 34 [1/1] (1.36ns)   --->   "%x_13 = add i9 %x, i9 1" [prj/sol/.autopilot/db/v_frmbuf_wr.cpp:1090]   --->   Operation 34 'add' 'x_13' <Predicate = true> <Delay = 1.36> <CoreInst = "Adder">   --->   Core 1 'Adder' <Latency = 0> <II = 1> <Delay = 1.36> <FuncUnit> <Opcode : 'add' 'sub'> <InPorts = 2> <OutPorts = 1>
ST_1 : Operation 35 [1/1] (0.00ns)   --->   "%br_ln1090 = br i1 %icmp_ln1090, void %for.inc853.exitStub, void %VITIS_LOOP_1093_25.split" [prj/sol/.autopilot/db/v_frmbuf_wr.cpp:1090]   --->   Operation 35 'br' 'br_ln1090' <Predicate = true> <Delay = 0.00>
ST_1 : Operation 36 [1/1] (1.41ns)   --->   "%icmp_ln1095 = icmp_slt  i10 %zext_ln1090, i10 %add_ln1095_read" [prj/sol/.autopilot/db/v_frmbuf_wr.cpp:1095]   --->   Operation 36 'icmp' 'icmp_ln1095' <Predicate = (icmp_ln1090)> <Delay = 1.41> <CoreInst = "Cmp">   --->   Core 9 'Cmp' <Latency = 0> <II = 1> <Delay = 1.41> <FuncUnit> <Opcode : 'seteq' 'setne' 'setle' 'setge' 'setlt' 'setgt'> <InPorts = 2> <OutPorts = 1>
ST_1 : Operation 37 [1/1] (0.80ns)   --->   "%or_ln1110 = or i1 %icmp_ln1095, i1 %tmp" [prj/sol/.autopilot/db/v_frmbuf_wr.cpp:1110]   --->   Operation 37 'or' 'or_ln1110' <Predicate = (icmp_ln1090)> <Delay = 0.80> <CoreInst = "LogicGate">   --->   Core 74 'LogicGate' <Latency = 0> <II = 1> <Delay = 0.80> <FuncUnit> <Opcode : 'and' 'or' 'xor'> <InPorts = 2> <OutPorts = 1>
ST_1 : Operation 38 [1/1] (0.00ns)   --->   "%br_ln1110 = br i1 %or_ln1110, void %for.inc847.1, void %if.then838.1" [prj/sol/.autopilot/db/v_frmbuf_wr.cpp:1110]   --->   Operation 38 'br' 'br_ln1110' <Predicate = (icmp_ln1090)> <Delay = 0.00>
ST_1 : Operation 39 [1/1] (0.80ns)   --->   "%or_ln1110_1 = or i1 %icmp_ln1095, i1 %icmp_ln1110_1_read" [prj/sol/.autopilot/db/v_frmbuf_wr.cpp:1110]   --->   Operation 39 'or' 'or_ln1110_1' <Predicate = (icmp_ln1090)> <Delay = 0.80> <CoreInst = "LogicGate">   --->   Core 74 'LogicGate' <Latency = 0> <II = 1> <Delay = 0.80> <FuncUnit> <Opcode : 'and' 'or' 'xor'> <InPorts = 2> <OutPorts = 1>
ST_1 : Operation 40 [1/1] (0.00ns)   --->   "%br_ln1110 = br i1 %or_ln1110_1, void %for.inc847.2, void %if.then838.2" [prj/sol/.autopilot/db/v_frmbuf_wr.cpp:1110]   --->   Operation 40 'br' 'br_ln1110' <Predicate = (icmp_ln1090)> <Delay = 0.00>
ST_1 : Operation 41 [1/1] (1.29ns)   --->   "%store_ln1090 = store i9 %x_13, i9 %x_8" [prj/sol/.autopilot/db/v_frmbuf_wr.cpp:1090]   --->   Operation 41 'store' 'store_ln1090' <Predicate = (icmp_ln1090)> <Delay = 1.29>
ST_1 : Operation 42 [1/1] (0.00ns)   --->   "%br_ln1090 = br void %VITIS_LOOP_1093_25" [prj/sol/.autopilot/db/v_frmbuf_wr.cpp:1090]   --->   Operation 42 'br' 'br_ln1090' <Predicate = (icmp_ln1090)> <Delay = 0.00>

State 2 <SV = 1> <Delay = 2.38>
ST_2 : Operation 43 [1/1] (0.00ns)   --->   "%specpipeline_ln1092 = specpipeline void @_ssdm_op_SpecPipeline, i32 8, i32 0, i32 0, i32 0, i32 4294967295, void @empty_53" [prj/sol/.autopilot/db/v_frmbuf_wr.cpp:1092]   --->   Operation 43 'specpipeline' 'specpipeline_ln1092' <Predicate = (icmp_ln1090)> <Delay = 0.00>
ST_2 : Operation 44 [1/1] (0.00ns)   --->   "%specloopname_ln1090 = specloopname void @_ssdm_op_SpecLoopName, void @empty_33" [prj/sol/.autopilot/db/v_frmbuf_wr.cpp:1090]   --->   Operation 44 'specloopname' 'specloopname_ln1090' <Predicate = (icmp_ln1090)> <Delay = 0.00>
ST_2 : Operation 45 [1/1] ( I:2.38ns O:2.38ns )   --->   "%img_read = read i24 @_ssdm_op_Read.ap_fifo.volatile.i24P0A, i24 %img" [prj/sol/.autopilot/db/v_frmbuf_wr.cpp:1096]   --->   Operation 45 'read' 'img_read' <Predicate = (icmp_ln1090)> <Delay = 2.38> <CoreInst = "FIFO_SRL">   --->   Core 80 'FIFO_SRL' <Latency = 0> <II = 1> <Delay = 3.40> <Storage> <Opcode : 'read' 'write' 'nbread' 'nbwrite'> <Ports = 0> <Width = 24> <Depth = 2> <FIFO>
ST_2 : Operation 46 [1/1] (0.00ns)   --->   "%pix_13 = partselect i8 @_ssdm_op_PartSelect.i8.i24.i32.i32, i24 %img_read, i32 8, i32 15" [prj/sol/.autopilot/db/v_frmbuf_wr.cpp:1096]   --->   Operation 46 'partselect' 'pix_13' <Predicate = (icmp_ln1090)> <Delay = 0.00>
ST_2 : Operation 47 [1/1] (0.00ns)   --->   "%pix_14 = partselect i8 @_ssdm_op_PartSelect.i8.i24.i32.i32, i24 %img_read, i32 16, i32 23" [prj/sol/.autopilot/db/v_frmbuf_wr.cpp:1096]   --->   Operation 47 'partselect' 'pix_14' <Predicate = (icmp_ln1090)> <Delay = 0.00>
ST_2 : Operation 48 [1/1] (0.80ns)   --->   "%or_ln1095 = or i1 %icmp_ln1095, i1 %icmp36_read" [prj/sol/.autopilot/db/v_frmbuf_wr.cpp:1095]   --->   Operation 48 'or' 'or_ln1095' <Predicate = (icmp_ln1090)> <Delay = 0.80> <CoreInst = "LogicGate">   --->   Core 74 'LogicGate' <Latency = 0> <II = 1> <Delay = 0.80> <FuncUnit> <Opcode : 'and' 'or' 'xor'> <InPorts = 2> <OutPorts = 1>
ST_2 : Operation 49 [1/1] (1.29ns)   --->   "%br_ln1095 = br i1 %or_ln1095, void %for.inc815.1, void %if.then787.1" [prj/sol/.autopilot/db/v_frmbuf_wr.cpp:1095]   --->   Operation 49 'br' 'br_ln1095' <Predicate = (icmp_ln1090)> <Delay = 1.29>
ST_2 : Operation 50 [1/1] (1.29ns)   --->   "%br_ln1096 = br void %for.inc815.1" [prj/sol/.autopilot/db/v_frmbuf_wr.cpp:1096]   --->   Operation 50 'br' 'br_ln1096' <Predicate = (icmp_ln1090 & or_ln1095)> <Delay = 1.29>
ST_2 : Operation 126 [1/1] (1.29ns)   --->   "%ret_ln0 = ret"   --->   Operation 126 'ret' 'ret_ln0' <Predicate = (!icmp_ln1090)> <Delay = 1.29>

State 3 <SV = 2> <Delay = 2.38>
ST_3 : Operation 51 [1/1] ( I:2.38ns O:2.38ns )   --->   "%img_read_43 = read i24 @_ssdm_op_Read.ap_fifo.volatile.i24P0A, i24 %img" [prj/sol/.autopilot/db/v_frmbuf_wr.cpp:1096]   --->   Operation 51 'read' 'img_read_43' <Predicate = (icmp_ln1090 & or_ln1095)> <Delay = 2.38> <CoreInst = "FIFO_SRL">   --->   Core 80 'FIFO_SRL' <Latency = 0> <II = 1> <Delay = 3.40> <Storage> <Opcode : 'read' 'write' 'nbread' 'nbwrite'> <Ports = 0> <Width = 24> <Depth = 2> <FIFO>
ST_3 : Operation 52 [1/1] (0.00ns)   --->   "%pix = partselect i8 @_ssdm_op_PartSelect.i8.i24.i32.i32, i24 %img_read_43, i32 8, i32 15" [prj/sol/.autopilot/db/v_frmbuf_wr.cpp:1096]   --->   Operation 52 'partselect' 'pix' <Predicate = (icmp_ln1090 & or_ln1095)> <Delay = 0.00>
ST_3 : Operation 53 [1/1] (0.00ns)   --->   "%pix_19 = partselect i8 @_ssdm_op_PartSelect.i8.i24.i32.i32, i24 %img_read_43, i32 16, i32 23" [prj/sol/.autopilot/db/v_frmbuf_wr.cpp:1096]   --->   Operation 53 'partselect' 'pix_19' <Predicate = (icmp_ln1090 & or_ln1095)> <Delay = 0.00>
ST_3 : Operation 54 [1/1] (0.00ns)   --->   "%pix_49 = phi i8 %pix_19, void %if.then787.1, i8 %pix_14, void %VITIS_LOOP_1093_25.split"   --->   Operation 54 'phi' 'pix_49' <Predicate = (icmp_ln1090)> <Delay = 0.00>
ST_3 : Operation 55 [1/1] (0.00ns)   --->   "%pix_48 = phi i8 %pix, void %if.then787.1, i8 %pix_13, void %VITIS_LOOP_1093_25.split"   --->   Operation 55 'phi' 'pix_48' <Predicate = (icmp_ln1090)> <Delay = 0.00>
ST_3 : Operation 56 [1/1] (0.80ns)   --->   "%or_ln1095_1 = or i1 %icmp_ln1095, i1 %icmp_ln1095_1_read" [prj/sol/.autopilot/db/v_frmbuf_wr.cpp:1095]   --->   Operation 56 'or' 'or_ln1095_1' <Predicate = (icmp_ln1090)> <Delay = 0.80> <CoreInst = "LogicGate">   --->   Core 74 'LogicGate' <Latency = 0> <II = 1> <Delay = 0.80> <FuncUnit> <Opcode : 'and' 'or' 'xor'> <InPorts = 2> <OutPorts = 1>

State 4 <SV = 3> <Delay = 2.38>
ST_4 : Operation 57 [1/1] (1.29ns)   --->   "%br_ln1095 = br i1 %or_ln1095_1, void %for.inc815.2, void %if.then787.2" [prj/sol/.autopilot/db/v_frmbuf_wr.cpp:1095]   --->   Operation 57 'br' 'br_ln1095' <Predicate = (icmp_ln1090)> <Delay = 1.29>
ST_4 : Operation 58 [1/1] ( I:2.38ns O:2.38ns )   --->   "%img_read_44 = read i24 @_ssdm_op_Read.ap_fifo.volatile.i24P0A, i24 %img" [prj/sol/.autopilot/db/v_frmbuf_wr.cpp:1096]   --->   Operation 58 'read' 'img_read_44' <Predicate = (icmp_ln1090 & or_ln1095_1)> <Delay = 2.38> <CoreInst = "FIFO_SRL">   --->   Core 80 'FIFO_SRL' <Latency = 0> <II = 1> <Delay = 3.40> <Storage> <Opcode : 'read' 'write' 'nbread' 'nbwrite'> <Ports = 0> <Width = 24> <Depth = 2> <FIFO>
ST_4 : Operation 59 [1/1] (0.00ns)   --->   "%pix_136 = trunc i24 %img_read_44" [prj/sol/.autopilot/db/v_frmbuf_wr.cpp:1096]   --->   Operation 59 'trunc' 'pix_136' <Predicate = (icmp_ln1090 & or_ln1095_1)> <Delay = 0.00>
ST_4 : Operation 60 [1/1] (0.00ns)   --->   "%pix_140 = partselect i8 @_ssdm_op_PartSelect.i8.i24.i32.i32, i24 %img_read_44, i32 8, i32 15" [prj/sol/.autopilot/db/v_frmbuf_wr.cpp:1096]   --->   Operation 60 'partselect' 'pix_140' <Predicate = (icmp_ln1090 & or_ln1095_1)> <Delay = 0.00>
ST_4 : Operation 61 [1/1] (0.00ns)   --->   "%pix_20 = partselect i8 @_ssdm_op_PartSelect.i8.i24.i32.i32, i24 %img_read_44, i32 16, i32 23" [prj/sol/.autopilot/db/v_frmbuf_wr.cpp:1096]   --->   Operation 61 'partselect' 'pix_20' <Predicate = (icmp_ln1090 & or_ln1095_1)> <Delay = 0.00>
ST_4 : Operation 62 [1/1] (1.29ns)   --->   "%br_ln1096 = br void %for.inc815.2" [prj/sol/.autopilot/db/v_frmbuf_wr.cpp:1096]   --->   Operation 62 'br' 'br_ln1096' <Predicate = (icmp_ln1090 & or_ln1095_1)> <Delay = 1.29>
ST_4 : Operation 63 [1/1] (0.80ns)   --->   "%or_ln1095_2 = or i1 %icmp_ln1095, i1 %icmp39_read" [prj/sol/.autopilot/db/v_frmbuf_wr.cpp:1095]   --->   Operation 63 'or' 'or_ln1095_2' <Predicate = (icmp_ln1090)> <Delay = 0.80> <CoreInst = "LogicGate">   --->   Core 74 'LogicGate' <Latency = 0> <II = 1> <Delay = 0.80> <FuncUnit> <Opcode : 'and' 'or' 'xor'> <InPorts = 2> <OutPorts = 1>

State 5 <SV = 4> <Delay = 2.38>
ST_5 : Operation 64 [1/1] (0.00ns)   --->   "%phi_ln431 = phi i24 %img_read_43, void %if.then787.1, i24 %img_read, void %VITIS_LOOP_1093_25.split" [prj/sol/.autopilot/db/v_frmbuf_wr.cpp:431]   --->   Operation 64 'phi' 'phi_ln431' <Predicate = (icmp_ln1090)> <Delay = 0.00>
ST_5 : Operation 65 [1/1] (0.00ns)   --->   "%pix_135 = trunc i24 %phi_ln431" [prj/sol/.autopilot/db/v_frmbuf_wr.cpp:1096]   --->   Operation 65 'trunc' 'pix_135' <Predicate = (icmp_ln1090)> <Delay = 0.00>
ST_5 : Operation 66 [1/1] (0.00ns)   --->   "%pix_75 = phi i8 %pix_20, void %if.then787.2, i8 %pix_49, void %for.inc815.1"   --->   Operation 66 'phi' 'pix_75' <Predicate = (icmp_ln1090)> <Delay = 0.00>
ST_5 : Operation 67 [1/1] (0.00ns)   --->   "%pix_74 = phi i8 %pix_140, void %if.then787.2, i8 %pix_48, void %for.inc815.1"   --->   Operation 67 'phi' 'pix_74' <Predicate = (icmp_ln1090)> <Delay = 0.00>
ST_5 : Operation 68 [1/1] (0.00ns)   --->   "%pix_73 = phi i8 %pix_136, void %if.then787.2, i8 %pix_135, void %for.inc815.1"   --->   Operation 68 'phi' 'pix_73' <Predicate = (icmp_ln1090)> <Delay = 0.00>
ST_5 : Operation 69 [1/1] (1.29ns)   --->   "%br_ln1095 = br i1 %or_ln1095_2, void %for.inc815.3, void %if.then787.3" [prj/sol/.autopilot/db/v_frmbuf_wr.cpp:1095]   --->   Operation 69 'br' 'br_ln1095' <Predicate = (icmp_ln1090)> <Delay = 1.29>
ST_5 : Operation 70 [1/1] ( I:2.38ns O:2.38ns )   --->   "%img_read_45 = read i24 @_ssdm_op_Read.ap_fifo.volatile.i24P0A, i24 %img" [prj/sol/.autopilot/db/v_frmbuf_wr.cpp:1096]   --->   Operation 70 'read' 'img_read_45' <Predicate = (icmp_ln1090 & or_ln1095_2)> <Delay = 2.38> <CoreInst = "FIFO_SRL">   --->   Core 80 'FIFO_SRL' <Latency = 0> <II = 1> <Delay = 3.40> <Storage> <Opcode : 'read' 'write' 'nbread' 'nbwrite'> <Ports = 0> <Width = 24> <Depth = 2> <FIFO>
ST_5 : Operation 71 [1/1] (0.00ns)   --->   "%pix_141 = trunc i24 %img_read_45" [prj/sol/.autopilot/db/v_frmbuf_wr.cpp:1096]   --->   Operation 71 'trunc' 'pix_141' <Predicate = (icmp_ln1090 & or_ln1095_2)> <Delay = 0.00>
ST_5 : Operation 72 [1/1] (0.00ns)   --->   "%pix_142 = partselect i8 @_ssdm_op_PartSelect.i8.i24.i32.i32, i24 %img_read_45, i32 8, i32 15" [prj/sol/.autopilot/db/v_frmbuf_wr.cpp:1096]   --->   Operation 72 'partselect' 'pix_142' <Predicate = (icmp_ln1090 & or_ln1095_2)> <Delay = 0.00>
ST_5 : Operation 73 [1/1] (0.00ns)   --->   "%pix_21 = partselect i8 @_ssdm_op_PartSelect.i8.i24.i32.i32, i24 %img_read_45, i32 16, i32 23" [prj/sol/.autopilot/db/v_frmbuf_wr.cpp:1096]   --->   Operation 73 'partselect' 'pix_21' <Predicate = (icmp_ln1090 & or_ln1095_2)> <Delay = 0.00>
ST_5 : Operation 74 [1/1] (1.29ns)   --->   "%br_ln1096 = br void %for.inc815.3" [prj/sol/.autopilot/db/v_frmbuf_wr.cpp:1096]   --->   Operation 74 'br' 'br_ln1096' <Predicate = (icmp_ln1090 & or_ln1095_2)> <Delay = 1.29>
ST_5 : Operation 75 [1/1] (0.80ns)   --->   "%or_ln1095_3 = or i1 %icmp_ln1095, i1 %icmp_ln1095_3_read" [prj/sol/.autopilot/db/v_frmbuf_wr.cpp:1095]   --->   Operation 75 'or' 'or_ln1095_3' <Predicate = (icmp_ln1090)> <Delay = 0.80> <CoreInst = "LogicGate">   --->   Core 74 'LogicGate' <Latency = 0> <II = 1> <Delay = 0.80> <FuncUnit> <Opcode : 'and' 'or' 'xor'> <InPorts = 2> <OutPorts = 1>
ST_5 : Operation 76 [1/1] (0.80ns)   --->   "%or_ln1095_4 = or i1 %icmp_ln1095, i1 %icmp_ln1095_4_read" [prj/sol/.autopilot/db/v_frmbuf_wr.cpp:1095]   --->   Operation 76 'or' 'or_ln1095_4' <Predicate = (icmp_ln1090)> <Delay = 0.80> <CoreInst = "LogicGate">   --->   Core 74 'LogicGate' <Latency = 0> <II = 1> <Delay = 0.80> <FuncUnit> <Opcode : 'and' 'or' 'xor'> <InPorts = 2> <OutPorts = 1>
ST_5 : Operation 77 [1/1] (0.80ns)   --->   "%or_ln1095_5 = or i1 %icmp_ln1095, i1 %icmp_ln1095_5_read" [prj/sol/.autopilot/db/v_frmbuf_wr.cpp:1095]   --->   Operation 77 'or' 'or_ln1095_5' <Predicate = (icmp_ln1090)> <Delay = 0.80> <CoreInst = "LogicGate">   --->   Core 74 'LogicGate' <Latency = 0> <II = 1> <Delay = 0.80> <FuncUnit> <Opcode : 'and' 'or' 'xor'> <InPorts = 2> <OutPorts = 1>
ST_5 : Operation 78 [1/1] (0.80ns)   --->   "%or_ln1095_6 = or i1 %icmp_ln1095, i1 %icmp_ln1077_read" [prj/sol/.autopilot/db/v_frmbuf_wr.cpp:1095]   --->   Operation 78 'or' 'or_ln1095_6' <Predicate = (icmp_ln1090)> <Delay = 0.80> <CoreInst = "LogicGate">   --->   Core 74 'LogicGate' <Latency = 0> <II = 1> <Delay = 0.80> <FuncUnit> <Opcode : 'and' 'or' 'xor'> <InPorts = 2> <OutPorts = 1>
ST_5 : Operation 79 [1/1] (0.00ns)   --->   "%tmp_7 = bitconcatenate i64 @_ssdm_op_BitConcatenate.i64.i8.i8.i8.i8.i8.i24, i8 %pix_74, i8 %pix_73, i8 %pix_49, i8 %pix_48, i8 %pix_135, i24 %img_read" [prj/sol/.autopilot/db/v_frmbuf_wr.cpp:1111]   --->   Operation 79 'bitconcatenate' 'tmp_7' <Predicate = (icmp_ln1090)> <Delay = 0.00>
ST_5 : Operation 80 [1/1] ( I:2.38ns O:2.38ns )   --->   "%write_ln1111 = write void @_ssdm_op_Write.ap_fifo.volatile.i64P0A, i64 %bytePlanes_plane0, i64 %tmp_7" [prj/sol/.autopilot/db/v_frmbuf_wr.cpp:1111]   --->   Operation 80 'write' 'write_ln1111' <Predicate = (icmp_ln1090)> <Delay = 2.38> <CoreInst = "FIFO_BRAM">   --->   Core 78 'FIFO_BRAM' <Latency = 0> <II = 1> <Delay = 3.41> <Storage> <Opcode : 'read' 'write' 'nbread' 'nbwrite'> <Ports = 0> <Width = 64> <Depth = 481> <FIFO>

State 6 <SV = 5> <Delay = 2.38>
ST_6 : Operation 81 [1/1] (0.00ns)   --->   "%pix_101 = phi i8 %pix_21, void %if.then787.3, i8 %pix_75, void %for.inc815.2"   --->   Operation 81 'phi' 'pix_101' <Predicate = (icmp_ln1090)> <Delay = 0.00>
ST_6 : Operation 82 [1/1] (0.00ns)   --->   "%pix_100 = phi i8 %pix_142, void %if.then787.3, i8 %pix_74, void %for.inc815.2"   --->   Operation 82 'phi' 'pix_100' <Predicate = (icmp_ln1090)> <Delay = 0.00>
ST_6 : Operation 83 [1/1] (0.00ns)   --->   "%pix_99 = phi i8 %pix_141, void %if.then787.3, i8 %pix_73, void %for.inc815.2"   --->   Operation 83 'phi' 'pix_99' <Predicate = (icmp_ln1090)> <Delay = 0.00>
ST_6 : Operation 84 [1/1] (1.29ns)   --->   "%br_ln1095 = br i1 %or_ln1095_3, void %for.inc815.4, void %if.then787.4" [prj/sol/.autopilot/db/v_frmbuf_wr.cpp:1095]   --->   Operation 84 'br' 'br_ln1095' <Predicate = (icmp_ln1090)> <Delay = 1.29>
ST_6 : Operation 85 [1/1] ( I:2.38ns O:2.38ns )   --->   "%img_read_46 = read i24 @_ssdm_op_Read.ap_fifo.volatile.i24P0A, i24 %img" [prj/sol/.autopilot/db/v_frmbuf_wr.cpp:1096]   --->   Operation 85 'read' 'img_read_46' <Predicate = (icmp_ln1090 & or_ln1095_3)> <Delay = 2.38> <CoreInst = "FIFO_SRL">   --->   Core 80 'FIFO_SRL' <Latency = 0> <II = 1> <Delay = 3.40> <Storage> <Opcode : 'read' 'write' 'nbread' 'nbwrite'> <Ports = 0> <Width = 24> <Depth = 2> <FIFO>
ST_6 : Operation 86 [1/1] (0.00ns)   --->   "%pix_143 = trunc i24 %img_read_46" [prj/sol/.autopilot/db/v_frmbuf_wr.cpp:1096]   --->   Operation 86 'trunc' 'pix_143' <Predicate = (icmp_ln1090 & or_ln1095_3)> <Delay = 0.00>
ST_6 : Operation 87 [1/1] (0.00ns)   --->   "%pix_144 = partselect i8 @_ssdm_op_PartSelect.i8.i24.i32.i32, i24 %img_read_46, i32 8, i32 15" [prj/sol/.autopilot/db/v_frmbuf_wr.cpp:1096]   --->   Operation 87 'partselect' 'pix_144' <Predicate = (icmp_ln1090 & or_ln1095_3)> <Delay = 0.00>
ST_6 : Operation 88 [1/1] (0.00ns)   --->   "%pix_22 = partselect i8 @_ssdm_op_PartSelect.i8.i24.i32.i32, i24 %img_read_46, i32 16, i32 23" [prj/sol/.autopilot/db/v_frmbuf_wr.cpp:1096]   --->   Operation 88 'partselect' 'pix_22' <Predicate = (icmp_ln1090 & or_ln1095_3)> <Delay = 0.00>
ST_6 : Operation 89 [1/1] (1.29ns)   --->   "%br_ln1096 = br void %for.inc815.4" [prj/sol/.autopilot/db/v_frmbuf_wr.cpp:1096]   --->   Operation 89 'br' 'br_ln1096' <Predicate = (icmp_ln1090 & or_ln1095_3)> <Delay = 1.29>

State 7 <SV = 6> <Delay = 2.38>
ST_7 : Operation 90 [1/1] (0.00ns)   --->   "%pix_121 = phi i8 %pix_22, void %if.then787.4, i8 %pix_101, void %for.inc815.3"   --->   Operation 90 'phi' 'pix_121' <Predicate = (icmp_ln1090)> <Delay = 0.00>
ST_7 : Operation 91 [1/1] (0.00ns)   --->   "%pix_120 = phi i8 %pix_144, void %if.then787.4, i8 %pix_100, void %for.inc815.3"   --->   Operation 91 'phi' 'pix_120' <Predicate = (icmp_ln1090)> <Delay = 0.00>
ST_7 : Operation 92 [1/1] (0.00ns)   --->   "%pix_119 = phi i8 %pix_143, void %if.then787.4, i8 %pix_99, void %for.inc815.3"   --->   Operation 92 'phi' 'pix_119' <Predicate = (icmp_ln1090)> <Delay = 0.00>
ST_7 : Operation 93 [1/1] (1.29ns)   --->   "%br_ln1095 = br i1 %or_ln1095_4, void %for.inc815.5, void %if.then787.5" [prj/sol/.autopilot/db/v_frmbuf_wr.cpp:1095]   --->   Operation 93 'br' 'br_ln1095' <Predicate = (icmp_ln1090)> <Delay = 1.29>
ST_7 : Operation 94 [1/1] ( I:2.38ns O:2.38ns )   --->   "%img_read_47 = read i24 @_ssdm_op_Read.ap_fifo.volatile.i24P0A, i24 %img" [prj/sol/.autopilot/db/v_frmbuf_wr.cpp:1096]   --->   Operation 94 'read' 'img_read_47' <Predicate = (icmp_ln1090 & or_ln1095_4)> <Delay = 2.38> <CoreInst = "FIFO_SRL">   --->   Core 80 'FIFO_SRL' <Latency = 0> <II = 1> <Delay = 3.40> <Storage> <Opcode : 'read' 'write' 'nbread' 'nbwrite'> <Ports = 0> <Width = 24> <Depth = 2> <FIFO>
ST_7 : Operation 95 [1/1] (0.00ns)   --->   "%pix_145 = trunc i24 %img_read_47" [prj/sol/.autopilot/db/v_frmbuf_wr.cpp:1096]   --->   Operation 95 'trunc' 'pix_145' <Predicate = (icmp_ln1090 & or_ln1095_4)> <Delay = 0.00>
ST_7 : Operation 96 [1/1] (0.00ns)   --->   "%pix_146 = partselect i8 @_ssdm_op_PartSelect.i8.i24.i32.i32, i24 %img_read_47, i32 8, i32 15" [prj/sol/.autopilot/db/v_frmbuf_wr.cpp:1096]   --->   Operation 96 'partselect' 'pix_146' <Predicate = (icmp_ln1090 & or_ln1095_4)> <Delay = 0.00>
ST_7 : Operation 97 [1/1] (0.00ns)   --->   "%pix_23 = partselect i8 @_ssdm_op_PartSelect.i8.i24.i32.i32, i24 %img_read_47, i32 16, i32 23" [prj/sol/.autopilot/db/v_frmbuf_wr.cpp:1096]   --->   Operation 97 'partselect' 'pix_23' <Predicate = (icmp_ln1090 & or_ln1095_4)> <Delay = 0.00>
ST_7 : Operation 98 [1/1] (1.29ns)   --->   "%br_ln1096 = br void %for.inc815.5" [prj/sol/.autopilot/db/v_frmbuf_wr.cpp:1096]   --->   Operation 98 'br' 'br_ln1096' <Predicate = (icmp_ln1090 & or_ln1095_4)> <Delay = 1.29>

State 8 <SV = 7> <Delay = 2.38>
ST_8 : Operation 99 [1/1] (0.00ns)   --->   "%pix_139 = phi i8 %pix_23, void %if.then787.5, i8 %pix_121, void %for.inc815.4"   --->   Operation 99 'phi' 'pix_139' <Predicate = (icmp_ln1090)> <Delay = 0.00>
ST_8 : Operation 100 [1/1] (0.00ns)   --->   "%pix_138 = phi i8 %pix_146, void %if.then787.5, i8 %pix_120, void %for.inc815.4"   --->   Operation 100 'phi' 'pix_138' <Predicate = (icmp_ln1090)> <Delay = 0.00>
ST_8 : Operation 101 [1/1] (0.00ns)   --->   "%pix_137 = phi i8 %pix_145, void %if.then787.5, i8 %pix_119, void %for.inc815.4"   --->   Operation 101 'phi' 'pix_137' <Predicate = (icmp_ln1090)> <Delay = 0.00>
ST_8 : Operation 102 [1/1] (1.29ns)   --->   "%br_ln1095 = br i1 %or_ln1095_5, void %for.inc815.6, void %if.then787.6" [prj/sol/.autopilot/db/v_frmbuf_wr.cpp:1095]   --->   Operation 102 'br' 'br_ln1095' <Predicate = (icmp_ln1090)> <Delay = 1.29>
ST_8 : Operation 103 [1/1] ( I:2.38ns O:2.38ns )   --->   "%img_read_48 = read i24 @_ssdm_op_Read.ap_fifo.volatile.i24P0A, i24 %img" [prj/sol/.autopilot/db/v_frmbuf_wr.cpp:1096]   --->   Operation 103 'read' 'img_read_48' <Predicate = (icmp_ln1090 & or_ln1095_5)> <Delay = 2.38> <CoreInst = "FIFO_SRL">   --->   Core 80 'FIFO_SRL' <Latency = 0> <II = 1> <Delay = 3.40> <Storage> <Opcode : 'read' 'write' 'nbread' 'nbwrite'> <Ports = 0> <Width = 24> <Depth = 2> <FIFO>
ST_8 : Operation 104 [1/1] (0.00ns)   --->   "%pix_147 = trunc i24 %img_read_48" [prj/sol/.autopilot/db/v_frmbuf_wr.cpp:1096]   --->   Operation 104 'trunc' 'pix_147' <Predicate = (icmp_ln1090 & or_ln1095_5)> <Delay = 0.00>
ST_8 : Operation 105 [1/1] (0.00ns)   --->   "%pix_148 = partselect i8 @_ssdm_op_PartSelect.i8.i24.i32.i32, i24 %img_read_48, i32 8, i32 15" [prj/sol/.autopilot/db/v_frmbuf_wr.cpp:1096]   --->   Operation 105 'partselect' 'pix_148' <Predicate = (icmp_ln1090 & or_ln1095_5)> <Delay = 0.00>
ST_8 : Operation 106 [1/1] (0.00ns)   --->   "%pix_24 = partselect i8 @_ssdm_op_PartSelect.i8.i24.i32.i32, i24 %img_read_48, i32 16, i32 23" [prj/sol/.autopilot/db/v_frmbuf_wr.cpp:1096]   --->   Operation 106 'partselect' 'pix_24' <Predicate = (icmp_ln1090 & or_ln1095_5)> <Delay = 0.00>
ST_8 : Operation 107 [1/1] (1.29ns)   --->   "%br_ln1096 = br void %for.inc815.6" [prj/sol/.autopilot/db/v_frmbuf_wr.cpp:1096]   --->   Operation 107 'br' 'br_ln1096' <Predicate = (icmp_ln1090 & or_ln1095_5)> <Delay = 1.29>
ST_8 : Operation 108 [1/1] (0.00ns)   --->   "%tmp_9 = bitconcatenate i64 @_ssdm_op_BitConcatenate.i64.i8.i8.i8.i8.i8.i8.i8.i8, i8 %pix_137, i8 %pix_121, i8 %pix_120, i8 %pix_119, i8 %pix_101, i8 %pix_100, i8 %pix_99, i8 %pix_75" [prj/sol/.autopilot/db/v_frmbuf_wr.cpp:1111]   --->   Operation 108 'bitconcatenate' 'tmp_9' <Predicate = (icmp_ln1090 & or_ln1110)> <Delay = 0.00>
ST_8 : Operation 109 [1/1] ( I:2.38ns O:2.38ns )   --->   "%write_ln1111 = write void @_ssdm_op_Write.ap_fifo.volatile.i64P0A, i64 %bytePlanes_plane0, i64 %tmp_9" [prj/sol/.autopilot/db/v_frmbuf_wr.cpp:1111]   --->   Operation 109 'write' 'write_ln1111' <Predicate = (icmp_ln1090 & or_ln1110)> <Delay = 2.38> <CoreInst = "FIFO_BRAM">   --->   Core 78 'FIFO_BRAM' <Latency = 0> <II = 1> <Delay = 3.41> <Storage> <Opcode : 'read' 'write' 'nbread' 'nbwrite'> <Ports = 0> <Width = 64> <Depth = 481> <FIFO>
ST_8 : Operation 110 [1/1] (0.00ns)   --->   "%br_ln1111 = br void %for.inc847.1" [prj/sol/.autopilot/db/v_frmbuf_wr.cpp:1111]   --->   Operation 110 'br' 'br_ln1111' <Predicate = (icmp_ln1090 & or_ln1110)> <Delay = 0.00>

State 9 <SV = 8> <Delay = 2.38>
ST_9 : Operation 111 [1/1] (0.00ns)   --->   "%pix_151 = phi i8 %pix_24, void %if.then787.6, i8 %pix_139, void %for.inc815.5"   --->   Operation 111 'phi' 'pix_151' <Predicate = (icmp_ln1090)> <Delay = 0.00>
ST_9 : Operation 112 [1/1] (0.00ns)   --->   "%pix_150 = phi i8 %pix_148, void %if.then787.6, i8 %pix_138, void %for.inc815.5"   --->   Operation 112 'phi' 'pix_150' <Predicate = (icmp_ln1090)> <Delay = 0.00>
ST_9 : Operation 113 [1/1] (0.00ns)   --->   "%pix_149 = phi i8 %pix_147, void %if.then787.6, i8 %pix_137, void %for.inc815.5"   --->   Operation 113 'phi' 'pix_149' <Predicate = (icmp_ln1090)> <Delay = 0.00>
ST_9 : Operation 114 [1/1] (1.29ns)   --->   "%br_ln1095 = br i1 %or_ln1095_6, void %for.inc815.7, void %if.then787.7" [prj/sol/.autopilot/db/v_frmbuf_wr.cpp:1095]   --->   Operation 114 'br' 'br_ln1095' <Predicate = (icmp_ln1090)> <Delay = 1.29>
ST_9 : Operation 115 [1/1] ( I:2.38ns O:2.38ns )   --->   "%img_read_49 = read i24 @_ssdm_op_Read.ap_fifo.volatile.i24P0A, i24 %img" [prj/sol/.autopilot/db/v_frmbuf_wr.cpp:1096]   --->   Operation 115 'read' 'img_read_49' <Predicate = (icmp_ln1090 & or_ln1095_6)> <Delay = 2.38> <CoreInst = "FIFO_SRL">   --->   Core 80 'FIFO_SRL' <Latency = 0> <II = 1> <Delay = 3.40> <Storage> <Opcode : 'read' 'write' 'nbread' 'nbwrite'> <Ports = 0> <Width = 24> <Depth = 2> <FIFO>
ST_9 : Operation 116 [1/1] (0.00ns)   --->   "%pix_152 = trunc i24 %img_read_49" [prj/sol/.autopilot/db/v_frmbuf_wr.cpp:1096]   --->   Operation 116 'trunc' 'pix_152' <Predicate = (icmp_ln1090 & or_ln1095_6)> <Delay = 0.00>
ST_9 : Operation 117 [1/1] (0.00ns)   --->   "%pix_153 = partselect i8 @_ssdm_op_PartSelect.i8.i24.i32.i32, i24 %img_read_49, i32 8, i32 15" [prj/sol/.autopilot/db/v_frmbuf_wr.cpp:1096]   --->   Operation 117 'partselect' 'pix_153' <Predicate = (icmp_ln1090 & or_ln1095_6)> <Delay = 0.00>
ST_9 : Operation 118 [1/1] (0.00ns)   --->   "%pix_25 = partselect i8 @_ssdm_op_PartSelect.i8.i24.i32.i32, i24 %img_read_49, i32 16, i32 23" [prj/sol/.autopilot/db/v_frmbuf_wr.cpp:1096]   --->   Operation 118 'partselect' 'pix_25' <Predicate = (icmp_ln1090 & or_ln1095_6)> <Delay = 0.00>
ST_9 : Operation 119 [1/1] (1.29ns)   --->   "%br_ln1096 = br void %for.inc815.7" [prj/sol/.autopilot/db/v_frmbuf_wr.cpp:1096]   --->   Operation 119 'br' 'br_ln1096' <Predicate = (icmp_ln1090 & or_ln1095_6)> <Delay = 1.29>

State 10 <SV = 9> <Delay = 2.38>
ST_10 : Operation 120 [1/1] (0.00ns)   --->   "%pix_156 = phi i8 %pix_25, void %if.then787.7, i8 %pix_151, void %for.inc815.6"   --->   Operation 120 'phi' 'pix_156' <Predicate = true> <Delay = 0.00>
ST_10 : Operation 121 [1/1] (0.00ns)   --->   "%pix_155 = phi i8 %pix_153, void %if.then787.7, i8 %pix_150, void %for.inc815.6"   --->   Operation 121 'phi' 'pix_155' <Predicate = true> <Delay = 0.00>
ST_10 : Operation 122 [1/1] (0.00ns)   --->   "%pix_154 = phi i8 %pix_152, void %if.then787.7, i8 %pix_149, void %for.inc815.6"   --->   Operation 122 'phi' 'pix_154' <Predicate = true> <Delay = 0.00>
ST_10 : Operation 123 [1/1] (0.00ns)   --->   "%tmp_1 = bitconcatenate i64 @_ssdm_op_BitConcatenate.i64.i8.i8.i8.i8.i8.i8.i8.i8, i8 %pix_156, i8 %pix_155, i8 %pix_154, i8 %pix_151, i8 %pix_150, i8 %pix_149, i8 %pix_139, i8 %pix_138" [prj/sol/.autopilot/db/v_frmbuf_wr.cpp:1111]   --->   Operation 123 'bitconcatenate' 'tmp_1' <Predicate = (or_ln1110_1)> <Delay = 0.00>
ST_10 : Operation 124 [1/1] ( I:2.38ns O:2.38ns )   --->   "%write_ln1111 = write void @_ssdm_op_Write.ap_fifo.volatile.i64P0A, i64 %bytePlanes_plane0, i64 %tmp_1" [prj/sol/.autopilot/db/v_frmbuf_wr.cpp:1111]   --->   Operation 124 'write' 'write_ln1111' <Predicate = (or_ln1110_1)> <Delay = 2.38> <CoreInst = "FIFO_BRAM">   --->   Core 78 'FIFO_BRAM' <Latency = 0> <II = 1> <Delay = 3.41> <Storage> <Opcode : 'read' 'write' 'nbread' 'nbwrite'> <Ports = 0> <Width = 64> <Depth = 481> <FIFO>
ST_10 : Operation 125 [1/1] (0.00ns)   --->   "%br_ln1111 = br void %for.inc847.2" [prj/sol/.autopilot/db/v_frmbuf_wr.cpp:1111]   --->   Operation 125 'br' 'br_ln1111' <Predicate = (or_ln1110_1)> <Delay = 0.00>


============================================================
+ Verbose Summary: Timing violations
============================================================
Target clock period: 6.522ns, clock uncertainty: 1.761ns.

 <State 1>: 3.958ns
The critical path consists of the following:
	'store' operation ('store_ln1090', prj/sol/.autopilot/db/v_frmbuf_wr.cpp:1090) of constant 0 9 bit on local variable 'x', prj/sol/.autopilot/db/v_frmbuf_wr.cpp:1090 [29]  (1.298 ns)
	'load' operation 9 bit ('x', prj/sol/.autopilot/db/v_frmbuf_wr.cpp:1090) on local variable 'x', prj/sol/.autopilot/db/v_frmbuf_wr.cpp:1090 [32]  (0.000 ns)
	'add' operation 9 bit ('x', prj/sol/.autopilot/db/v_frmbuf_wr.cpp:1090) [36]  (1.361 ns)
	'store' operation ('store_ln1090', prj/sol/.autopilot/db/v_frmbuf_wr.cpp:1090) of variable 'x', prj/sol/.autopilot/db/v_frmbuf_wr.cpp:1090 9 bit on local variable 'x', prj/sol/.autopilot/db/v_frmbuf_wr.cpp:1090 [145]  (1.298 ns)

 <State 2>: 2.381ns
The critical path consists of the following:
	fifo read operation ('img_read', prj/sol/.autopilot/db/v_frmbuf_wr.cpp:1096) on port 'img' (prj/sol/.autopilot/db/v_frmbuf_wr.cpp:1096) [42]  (2.381 ns)

 <State 3>: 2.381ns
The critical path consists of the following:
	fifo read operation ('img_read_43', prj/sol/.autopilot/db/v_frmbuf_wr.cpp:1096) on port 'img' (prj/sol/.autopilot/db/v_frmbuf_wr.cpp:1096) [48]  (2.381 ns)

 <State 4>: 2.381ns
The critical path consists of the following:
	fifo read operation ('img_read_44', prj/sol/.autopilot/db/v_frmbuf_wr.cpp:1096) on port 'img' (prj/sol/.autopilot/db/v_frmbuf_wr.cpp:1096) [60]  (2.381 ns)

 <State 5>: 2.381ns
The critical path consists of the following:
	fifo read operation ('img_read_45', prj/sol/.autopilot/db/v_frmbuf_wr.cpp:1096) on port 'img' (prj/sol/.autopilot/db/v_frmbuf_wr.cpp:1096) [72]  (2.381 ns)

 <State 6>: 2.381ns
The critical path consists of the following:
	fifo read operation ('img_read_46', prj/sol/.autopilot/db/v_frmbuf_wr.cpp:1096) on port 'img' (prj/sol/.autopilot/db/v_frmbuf_wr.cpp:1096) [84]  (2.381 ns)

 <State 7>: 2.381ns
The critical path consists of the following:
	fifo read operation ('img_read_47', prj/sol/.autopilot/db/v_frmbuf_wr.cpp:1096) on port 'img' (prj/sol/.autopilot/db/v_frmbuf_wr.cpp:1096) [96]  (2.381 ns)

 <State 8>: 2.381ns
The critical path consists of the following:
	fifo read operation ('img_read_48', prj/sol/.autopilot/db/v_frmbuf_wr.cpp:1096) on port 'img' (prj/sol/.autopilot/db/v_frmbuf_wr.cpp:1096) [108]  (2.381 ns)

 <State 9>: 2.381ns
The critical path consists of the following:
	fifo read operation ('img_read_49', prj/sol/.autopilot/db/v_frmbuf_wr.cpp:1096) on port 'img' (prj/sol/.autopilot/db/v_frmbuf_wr.cpp:1096) [120]  (2.381 ns)

 <State 10>: 2.381ns
The critical path consists of the following:
	'phi' operation 8 bit ('pix') with incoming values : ('pix', prj/sol/.autopilot/db/v_frmbuf_wr.cpp:1096) [126]  (0.000 ns)
	fifo write operation ('write_ln1111', prj/sol/.autopilot/db/v_frmbuf_wr.cpp:1111) on port 'bytePlanes_plane0' (prj/sol/.autopilot/db/v_frmbuf_wr.cpp:1111) [142]  (2.381 ns)


============================================================
+ Verbose Summary: Binding
============================================================
N/A
* FSMD analyzer results:
  - Output states:
 - Input state : 
  - Chain level:
	State 1
	State 2
	State 3
	State 4
	State 5
	State 6
	State 7
	State 8
	State 9
	State 10


============================================================
+ Verbose Summary: Datapath Resource usage 
============================================================
N/A
