

================================================================
== Vitis HLS Report for 'MultiPixStream2Bytes_Pipeline_VITIS_LOOP_821_14'
================================================================
* Date:           Mon Mar 16 15:10:42 2026

* Version:        2025.2 (Build 6295257 on Nov 14 2025)
* Project:        prj
* Solution:       sol (Vivado IP Flow Target)
* Product family: zynq
* Target device:  xc7z020-clg400-2


================================================================
== Performance Estimates
================================================================
+ Timing: 
    * Summary: 
    +--------+---------+----------+------------+
    |  Clock |  Target | Estimated| Uncertainty|
    +--------+---------+----------+------------+
    |ap_clk  |  6.52 ns|  4.078 ns|     1.76 ns|
    +--------+---------+----------+------------+

+ Latency: 
    * Summary: 
    +---------+---------+-----------+-----------+-----+-----+-------------------+
    |  Latency (cycles) |   Latency (absolute)  |  Interval |      Pipeline     |
    |   min   |   max   |    min    |    max    | min | max |        Type       |
    +---------+---------+-----------+-----------+-----+-----+-------------------+
    |        2|     5763|  13.044 ns|  37.586 us|    0|    0|  loop pipeline stp|
    +---------+---------+-----------+-----------+-----+-----+-------------------+

    + Detail: 
        * Instance: 
        N/A

        * Loop: 
        +---------------------+---------+---------+----------+-----------+-----------+----------+----------+
        |                     |  Latency (cycles) | Iteration|  Initiation Interval  |   Trip   |          |
        |      Loop Name      |   min   |   max   |  Latency |  achieved |   target  |   Count  | Pipelined|
        +---------------------+---------+---------+----------+-----------+-----------+----------+----------+
        |- VITIS_LOOP_821_14  |        0|     5761|         6|          4|          4|  0 ~ 1440|       yes|
        +---------------------+---------+---------+----------+-----------+-----------+----------+----------+

============================================================
+ Verbose Summary: Synthesis Manager
============================================================
InlineROM: 1
ExposeGlobal: 0
============================================================
+ Verbose Summary: CDFG Model
============================================================
IsTopModel: 0
ResetActiveHigh: 1
IsCombinational: 0
IsDatapathOnly: 0
HasWiredReturn: 1
HasMFsm: 2
HasVarLatency: 1
IsPipeline: 0
IsRtlPipelined: 0
IsInstanceOverlapped: 0
IsDontTouch: 0
HasImplIP: 0
IsGatedGlobalClock: 0

+ Individual pipeline summary: 
  * Pipeline-0: initiation interval (II) = 4, depth = 6


============================================================
+ Verbose Summary: Schedule
============================================================
* Number of FSM states : 6
* Pipeline : 1
  Pipeline-0 : II = 4, D = 6, States = { 1 2 3 4 5 6 }
* Dataflow Pipeline: 0

* FSM state transitions: 
1 --> 2 
2 --> 3 
3 --> 4 
4 --> 5 
5 --> 6 
6 --> 

* FSM state operations: 

State 1 <SV = 0> <Delay = 4.07>
ST_1 : Operation 9 [1/1] (0.00ns)   --->   "%x_4 = alloca i32 1" [prj/sol/.autopilot/db/v_frmbuf_wr.cpp:821]   --->   Operation 9 'alloca' 'x_4' <Predicate = true> <Delay = 0.00>
ST_1 : Operation 10 [1/1] (0.00ns)   --->   "%specmemcore_ln0 = specmemcore void @_ssdm_op_SpecMemCore, i64 %bytePlanes_plane0, i64 666, i64 8, i64 18446744073709551615, i1 0"   --->   Operation 10 'specmemcore' 'specmemcore_ln0' <Predicate = true> <Delay = 0.00>
ST_1 : Operation 11 [1/1] (0.00ns)   --->   "%specinterface_ln0 = specinterface void @_ssdm_op_SpecInterface, i24 %img, void @empty_20, i32 0, i32 0, void @empty_53, i32 0, i32 0, void @empty_53, void @empty_53, void @empty_53, i32 0, i32 0, i32 0, i32 0, void @empty_53, void @empty_53, i32 4294967295, i32 0, i32 0, i32 0"   --->   Operation 11 'specinterface' 'specinterface_ln0' <Predicate = true> <Delay = 0.00>
ST_1 : Operation 12 [1/1] (0.00ns)   --->   "%specinterface_ln0 = specinterface void @_ssdm_op_SpecInterface, i64 %bytePlanes_plane0, void @empty_20, i32 0, i32 0, void @empty_53, i32 0, i32 0, void @empty_53, void @empty_53, void @empty_53, i32 0, i32 0, i32 0, i32 0, void @empty_53, void @empty_53, i32 4294967295, i32 0, i32 0, i32 0"   --->   Operation 12 'specinterface' 'specinterface_ln0' <Predicate = true> <Delay = 0.00>
ST_1 : Operation 13 [1/1] (0.00ns)   --->   "%icmp24_read = read i1 @_ssdm_op_Read.ap_auto.i1, i1 %icmp24" [prj/sol/.autopilot/db/v_frmbuf_wr.cpp:428]   --->   Operation 13 'read' 'icmp24_read' <Predicate = true> <Delay = 0.00>
ST_1 : Operation 14 [1/1] (0.00ns)   --->   "%sext_ln826_read = read i12 @_ssdm_op_Read.ap_auto.i12, i12 %sext_ln826" [prj/sol/.autopilot/db/v_frmbuf_wr.cpp:428]   --->   Operation 14 'read' 'sext_ln826_read' <Predicate = true> <Delay = 0.00>
ST_1 : Operation 15 [1/1] (0.00ns)   --->   "%icmp_ln826_1_read = read i1 @_ssdm_op_Read.ap_auto.i1, i1 %icmp_ln826_1" [prj/sol/.autopilot/db/v_frmbuf_wr.cpp:428]   --->   Operation 15 'read' 'icmp_ln826_1_read' <Predicate = true> <Delay = 0.00>
ST_1 : Operation 16 [1/1] (0.00ns)   --->   "%icmp_ln809_read = read i1 @_ssdm_op_Read.ap_auto.i1, i1 %icmp_ln809" [prj/sol/.autopilot/db/v_frmbuf_wr.cpp:428]   --->   Operation 16 'read' 'icmp_ln809_read' <Predicate = true> <Delay = 0.00>
ST_1 : Operation 17 [1/1] (0.00ns)   --->   "%loopWidth_4_read = read i11 @_ssdm_op_Read.ap_auto.i11, i11 %loopWidth_4" [prj/sol/.autopilot/db/v_frmbuf_wr.cpp:428]   --->   Operation 17 'read' 'loopWidth_4_read' <Predicate = true> <Delay = 0.00>
ST_1 : Operation 18 [1/1] (1.29ns)   --->   "%store_ln821 = store i11 0, i11 %x_4" [prj/sol/.autopilot/db/v_frmbuf_wr.cpp:821]   --->   Operation 18 'store' 'store_ln821' <Predicate = true> <Delay = 1.29>
ST_1 : Operation 19 [1/1] (0.00ns)   --->   "%br_ln821 = br void %VITIS_LOOP_824_15" [prj/sol/.autopilot/db/v_frmbuf_wr.cpp:821]   --->   Operation 19 'br' 'br_ln821' <Predicate = true> <Delay = 0.00>
ST_1 : Operation 20 [1/1] (0.00ns)   --->   "%x = load i11 %x_4" [prj/sol/.autopilot/db/v_frmbuf_wr.cpp:821]   --->   Operation 20 'load' 'x' <Predicate = true> <Delay = 0.00>
ST_1 : Operation 21 [1/1] (1.48ns)   --->   "%icmp_ln821 = icmp_eq  i11 %x, i11 %loopWidth_4_read" [prj/sol/.autopilot/db/v_frmbuf_wr.cpp:821]   --->   Operation 21 'icmp' 'icmp_ln821' <Predicate = true> <Delay = 1.48> <CoreInst = "Cmp">   --->   Core 9 'Cmp' <Latency = 0> <II = 1> <Delay = 1.48> <FuncUnit> <Opcode : 'seteq' 'setne' 'setle' 'setge' 'setlt' 'setgt'> <InPorts = 2> <OutPorts = 1>
ST_1 : Operation 22 [1/1] (0.00ns)   --->   "%speclooptripcount_ln0 = speclooptripcount void @_ssdm_op_SpecLoopTripCount, i64 0, i64 1440, i64 0"   --->   Operation 22 'speclooptripcount' 'speclooptripcount_ln0' <Predicate = true> <Delay = 0.00>
ST_1 : Operation 23 [1/1] (1.48ns)   --->   "%x_5 = add i11 %x, i11 1" [prj/sol/.autopilot/db/v_frmbuf_wr.cpp:821]   --->   Operation 23 'add' 'x_5' <Predicate = true> <Delay = 1.48> <CoreInst = "Adder">   --->   Core 1 'Adder' <Latency = 0> <II = 1> <Delay = 1.48> <FuncUnit> <Opcode : 'add' 'sub'> <InPorts = 2> <OutPorts = 1>
ST_1 : Operation 24 [1/1] (0.00ns)   --->   "%br_ln821 = br i1 %icmp_ln821, void %VITIS_LOOP_824_15.split, void %for.inc496.exitStub" [prj/sol/.autopilot/db/v_frmbuf_wr.cpp:821]   --->   Operation 24 'br' 'br_ln821' <Predicate = true> <Delay = 0.00>
ST_1 : Operation 25 [1/1] (0.00ns)   --->   "%zext_ln823 = zext i11 %x" [prj/sol/.autopilot/db/v_frmbuf_wr.cpp:823]   --->   Operation 25 'zext' 'zext_ln823' <Predicate = (!icmp_ln821)> <Delay = 0.00>
ST_1 : Operation 26 [1/1] (1.54ns)   --->   "%icmp_ln826 = icmp_slt  i12 %zext_ln823, i12 %sext_ln826_read" [prj/sol/.autopilot/db/v_frmbuf_wr.cpp:826]   --->   Operation 26 'icmp' 'icmp_ln826' <Predicate = (!icmp_ln821)> <Delay = 1.54> <CoreInst = "Cmp">   --->   Core 9 'Cmp' <Latency = 0> <II = 1> <Delay = 1.54> <FuncUnit> <Opcode : 'seteq' 'setne' 'setle' 'setge' 'setlt' 'setgt'> <InPorts = 2> <OutPorts = 1>
ST_1 : Operation 27 [1/1] (1.29ns)   --->   "%store_ln821 = store i11 %x_5, i11 %x_4" [prj/sol/.autopilot/db/v_frmbuf_wr.cpp:821]   --->   Operation 27 'store' 'store_ln821' <Predicate = (!icmp_ln821)> <Delay = 1.29>

State 2 <SV = 1> <Delay = 2.38>
ST_2 : Operation 28 [1/1] (0.00ns)   --->   "%specpipeline_ln823 = specpipeline void @_ssdm_op_SpecPipeline, i32 4, i32 0, i32 0, i32 0, i32 4294967295, void @empty_53" [prj/sol/.autopilot/db/v_frmbuf_wr.cpp:823]   --->   Operation 28 'specpipeline' 'specpipeline_ln823' <Predicate = (!icmp_ln821)> <Delay = 0.00>
ST_2 : Operation 29 [1/1] (0.00ns)   --->   "%specloopname_ln821 = specloopname void @_ssdm_op_SpecLoopName, void @empty_27" [prj/sol/.autopilot/db/v_frmbuf_wr.cpp:821]   --->   Operation 29 'specloopname' 'specloopname_ln821' <Predicate = (!icmp_ln821)> <Delay = 0.00>
ST_2 : Operation 30 [1/1] ( I:2.38ns O:2.38ns )   --->   "%img_read = read i24 @_ssdm_op_Read.ap_fifo.volatile.i24P0A, i24 %img" [prj/sol/.autopilot/db/v_frmbuf_wr.cpp:827]   --->   Operation 30 'read' 'img_read' <Predicate = (!icmp_ln821)> <Delay = 2.38> <CoreInst = "FIFO_SRL">   --->   Core 80 'FIFO_SRL' <Latency = 0> <II = 1> <Delay = 3.40> <Storage> <Opcode : 'read' 'write' 'nbread' 'nbwrite'> <Ports = 0> <Width = 24> <Depth = 2> <FIFO>
ST_2 : Operation 31 [1/1] (0.00ns)   --->   "%pix = partselect i8 @_ssdm_op_PartSelect.i8.i24.i32.i32, i24 %img_read, i32 8, i32 15" [prj/sol/.autopilot/db/v_frmbuf_wr.cpp:827]   --->   Operation 31 'partselect' 'pix' <Predicate = (!icmp_ln821)> <Delay = 0.00>
ST_2 : Operation 32 [1/1] (0.80ns)   --->   "%or_ln826 = or i1 %icmp_ln826, i1 %icmp24_read" [prj/sol/.autopilot/db/v_frmbuf_wr.cpp:826]   --->   Operation 32 'or' 'or_ln826' <Predicate = (!icmp_ln821)> <Delay = 0.80> <CoreInst = "LogicGate">   --->   Core 74 'LogicGate' <Latency = 0> <II = 1> <Delay = 0.80> <FuncUnit> <Opcode : 'and' 'or' 'xor'> <InPorts = 2> <OutPorts = 1>
ST_2 : Operation 33 [1/1] (1.29ns)   --->   "%br_ln826 = br i1 %or_ln826, void %for.inc477.1, void %if.then449.1" [prj/sol/.autopilot/db/v_frmbuf_wr.cpp:826]   --->   Operation 33 'br' 'br_ln826' <Predicate = (!icmp_ln821)> <Delay = 1.29>
ST_2 : Operation 34 [1/1] (1.29ns)   --->   "%br_ln827 = br void %for.inc477.1" [prj/sol/.autopilot/db/v_frmbuf_wr.cpp:827]   --->   Operation 34 'br' 'br_ln827' <Predicate = (!icmp_ln821 & or_ln826)> <Delay = 1.29>
ST_2 : Operation 35 [1/1] (0.80ns)   --->   "%or_ln826_1 = or i1 %icmp_ln826, i1 %icmp_ln826_1_read" [prj/sol/.autopilot/db/v_frmbuf_wr.cpp:826]   --->   Operation 35 'or' 'or_ln826_1' <Predicate = (!icmp_ln821)> <Delay = 0.80> <CoreInst = "LogicGate">   --->   Core 74 'LogicGate' <Latency = 0> <II = 1> <Delay = 0.80> <FuncUnit> <Opcode : 'and' 'or' 'xor'> <InPorts = 2> <OutPorts = 1>
ST_2 : Operation 36 [1/1] (0.80ns)   --->   "%or_ln826_2 = or i1 %icmp_ln826, i1 %icmp_ln809_read" [prj/sol/.autopilot/db/v_frmbuf_wr.cpp:826]   --->   Operation 36 'or' 'or_ln826_2' <Predicate = (!icmp_ln821)> <Delay = 0.80> <CoreInst = "LogicGate">   --->   Core 74 'LogicGate' <Latency = 0> <II = 1> <Delay = 0.80> <FuncUnit> <Opcode : 'and' 'or' 'xor'> <InPorts = 2> <OutPorts = 1>
ST_2 : Operation 60 [1/1] (1.29ns)   --->   "%ret_ln0 = ret"   --->   Operation 60 'ret' 'ret_ln0' <Predicate = (icmp_ln821)> <Delay = 1.29>

State 3 <SV = 2> <Delay = 2.38>
ST_3 : Operation 37 [1/1] ( I:2.38ns O:2.38ns )   --->   "%img_read_11 = read i24 @_ssdm_op_Read.ap_fifo.volatile.i24P0A, i24 %img" [prj/sol/.autopilot/db/v_frmbuf_wr.cpp:827]   --->   Operation 37 'read' 'img_read_11' <Predicate = (!icmp_ln821 & or_ln826)> <Delay = 2.38> <CoreInst = "FIFO_SRL">   --->   Core 80 'FIFO_SRL' <Latency = 0> <II = 1> <Delay = 3.40> <Storage> <Opcode : 'read' 'write' 'nbread' 'nbwrite'> <Ports = 0> <Width = 24> <Depth = 2> <FIFO>
ST_3 : Operation 38 [1/1] (0.00ns)   --->   "%pix_41 = partselect i8 @_ssdm_op_PartSelect.i8.i24.i32.i32, i24 %img_read_11, i32 8, i32 15" [prj/sol/.autopilot/db/v_frmbuf_wr.cpp:827]   --->   Operation 38 'partselect' 'pix_41' <Predicate = (!icmp_ln821 & or_ln826)> <Delay = 0.00>
ST_3 : Operation 39 [1/1] (0.00ns)   --->   "%pix_36 = phi i8 %pix_41, void %if.then449.1, i8 %pix, void %VITIS_LOOP_824_15.split"   --->   Operation 39 'phi' 'pix_36' <Predicate = (!icmp_ln821)> <Delay = 0.00>

State 4 <SV = 3> <Delay = 2.38>
ST_4 : Operation 40 [1/1] (0.00ns)   --->   "%phi_ln431 = phi i24 %img_read_11, void %if.then449.1, i24 %img_read, void %VITIS_LOOP_824_15.split" [prj/sol/.autopilot/db/v_frmbuf_wr.cpp:431]   --->   Operation 40 'phi' 'phi_ln431' <Predicate = (!icmp_ln821)> <Delay = 0.00>
ST_4 : Operation 41 [1/1] (0.00ns)   --->   "%pix_42 = trunc i24 %phi_ln431" [prj/sol/.autopilot/db/v_frmbuf_wr.cpp:827]   --->   Operation 41 'trunc' 'pix_42' <Predicate = (!icmp_ln821)> <Delay = 0.00>
ST_4 : Operation 42 [1/1] (1.29ns)   --->   "%br_ln826 = br i1 %or_ln826_1, void %for.inc477.2, void %if.then449.2" [prj/sol/.autopilot/db/v_frmbuf_wr.cpp:826]   --->   Operation 42 'br' 'br_ln826' <Predicate = (!icmp_ln821)> <Delay = 1.29>
ST_4 : Operation 43 [1/1] ( I:2.38ns O:2.38ns )   --->   "%img_read_12 = read i24 @_ssdm_op_Read.ap_fifo.volatile.i24P0A, i24 %img" [prj/sol/.autopilot/db/v_frmbuf_wr.cpp:827]   --->   Operation 43 'read' 'img_read_12' <Predicate = (!icmp_ln821 & or_ln826_1)> <Delay = 2.38> <CoreInst = "FIFO_SRL">   --->   Core 80 'FIFO_SRL' <Latency = 0> <II = 1> <Delay = 3.40> <Storage> <Opcode : 'read' 'write' 'nbread' 'nbwrite'> <Ports = 0> <Width = 24> <Depth = 2> <FIFO>
ST_4 : Operation 44 [1/1] (0.00ns)   --->   "%pix_43 = trunc i24 %img_read_12" [prj/sol/.autopilot/db/v_frmbuf_wr.cpp:827]   --->   Operation 44 'trunc' 'pix_43' <Predicate = (!icmp_ln821 & or_ln826_1)> <Delay = 0.00>
ST_4 : Operation 45 [1/1] (0.00ns)   --->   "%pix_44 = partselect i8 @_ssdm_op_PartSelect.i8.i24.i32.i32, i24 %img_read_12, i32 8, i32 15" [prj/sol/.autopilot/db/v_frmbuf_wr.cpp:827]   --->   Operation 45 'partselect' 'pix_44' <Predicate = (!icmp_ln821 & or_ln826_1)> <Delay = 0.00>
ST_4 : Operation 46 [1/1] (1.29ns)   --->   "%br_ln827 = br void %for.inc477.2" [prj/sol/.autopilot/db/v_frmbuf_wr.cpp:827]   --->   Operation 46 'br' 'br_ln827' <Predicate = (!icmp_ln821 & or_ln826_1)> <Delay = 1.29>
ST_4 : Operation 47 [1/1] (0.00ns)   --->   "%trunc_ln836 = trunc i24 %img_read" [prj/sol/.autopilot/db/v_frmbuf_wr.cpp:836]   --->   Operation 47 'trunc' 'trunc_ln836' <Predicate = (!icmp_ln821)> <Delay = 0.00>

State 5 <SV = 4> <Delay = 2.38>
ST_5 : Operation 48 [1/1] (0.00ns)   --->   "%pix_46 = phi i8 %pix_44, void %if.then449.2, i8 %pix_36, void %for.inc477.1"   --->   Operation 48 'phi' 'pix_46' <Predicate = (!icmp_ln821)> <Delay = 0.00>
ST_5 : Operation 49 [1/1] (0.00ns)   --->   "%pix_45 = phi i8 %pix_43, void %if.then449.2, i8 %pix_42, void %for.inc477.1"   --->   Operation 49 'phi' 'pix_45' <Predicate = (!icmp_ln821)> <Delay = 0.00>
ST_5 : Operation 50 [1/1] (1.29ns)   --->   "%br_ln826 = br i1 %or_ln826_2, void %for.inc477.3, void %if.then449.3" [prj/sol/.autopilot/db/v_frmbuf_wr.cpp:826]   --->   Operation 50 'br' 'br_ln826' <Predicate = (!icmp_ln821)> <Delay = 1.29>
ST_5 : Operation 51 [1/1] ( I:2.38ns O:2.38ns )   --->   "%img_read_13 = read i24 @_ssdm_op_Read.ap_fifo.volatile.i24P0A, i24 %img" [prj/sol/.autopilot/db/v_frmbuf_wr.cpp:827]   --->   Operation 51 'read' 'img_read_13' <Predicate = (!icmp_ln821 & or_ln826_2)> <Delay = 2.38> <CoreInst = "FIFO_SRL">   --->   Core 80 'FIFO_SRL' <Latency = 0> <II = 1> <Delay = 3.40> <Storage> <Opcode : 'read' 'write' 'nbread' 'nbwrite'> <Ports = 0> <Width = 24> <Depth = 2> <FIFO>
ST_5 : Operation 52 [1/1] (0.00ns)   --->   "%pix_47 = trunc i24 %img_read_13" [prj/sol/.autopilot/db/v_frmbuf_wr.cpp:827]   --->   Operation 52 'trunc' 'pix_47' <Predicate = (!icmp_ln821 & or_ln826_2)> <Delay = 0.00>
ST_5 : Operation 53 [1/1] (0.00ns)   --->   "%pix_48 = partselect i8 @_ssdm_op_PartSelect.i8.i24.i32.i32, i24 %img_read_13, i32 8, i32 15" [prj/sol/.autopilot/db/v_frmbuf_wr.cpp:827]   --->   Operation 53 'partselect' 'pix_48' <Predicate = (!icmp_ln821 & or_ln826_2)> <Delay = 0.00>
ST_5 : Operation 54 [1/1] (1.29ns)   --->   "%br_ln827 = br void %for.inc477.3" [prj/sol/.autopilot/db/v_frmbuf_wr.cpp:827]   --->   Operation 54 'br' 'br_ln827' <Predicate = (!icmp_ln821 & or_ln826_2)> <Delay = 1.29>

State 6 <SV = 5> <Delay = 2.38>
ST_6 : Operation 55 [1/1] (0.00ns)   --->   "%pix_50 = phi i8 %pix_48, void %if.then449.3, i8 %pix_46, void %for.inc477.2"   --->   Operation 55 'phi' 'pix_50' <Predicate = true> <Delay = 0.00>
ST_6 : Operation 56 [1/1] (0.00ns)   --->   "%pix_49 = phi i8 %pix_47, void %if.then449.3, i8 %pix_45, void %for.inc477.2"   --->   Operation 56 'phi' 'pix_49' <Predicate = true> <Delay = 0.00>
ST_6 : Operation 57 [1/1] (0.00ns)   --->   "%out_pix = bitconcatenate i64 @_ssdm_op_BitConcatenate.i64.i8.i8.i8.i8.i8.i8.i16, i8 %pix_50, i8 %pix_49, i8 %pix_46, i8 %pix_45, i8 %pix_36, i8 %pix_42, i16 %trunc_ln836" [prj/sol/.autopilot/db/v_frmbuf_wr.cpp:836]   --->   Operation 57 'bitconcatenate' 'out_pix' <Predicate = true> <Delay = 0.00>
ST_6 : Operation 58 [1/1] ( I:2.38ns O:2.38ns )   --->   "%write_ln839 = write void @_ssdm_op_Write.ap_fifo.volatile.i64P0A, i64 %bytePlanes_plane0, i64 %out_pix" [prj/sol/.autopilot/db/v_frmbuf_wr.cpp:839]   --->   Operation 58 'write' 'write_ln839' <Predicate = true> <Delay = 2.38> <CoreInst = "FIFO_BRAM">   --->   Core 78 'FIFO_BRAM' <Latency = 0> <II = 1> <Delay = 3.41> <Storage> <Opcode : 'read' 'write' 'nbread' 'nbwrite'> <Ports = 0> <Width = 64> <Depth = 481> <FIFO>
ST_6 : Operation 59 [1/1] (0.00ns)   --->   "%br_ln821 = br void %VITIS_LOOP_824_15" [prj/sol/.autopilot/db/v_frmbuf_wr.cpp:821]   --->   Operation 59 'br' 'br_ln821' <Predicate = true> <Delay = 0.00>


============================================================
+ Verbose Summary: Timing violations
============================================================
Target clock period: 6.522ns, clock uncertainty: 1.761ns.

 <State 1>: 4.078ns
The critical path consists of the following:
	'store' operation ('store_ln821', prj/sol/.autopilot/db/v_frmbuf_wr.cpp:821) of constant 0 11 bit on local variable 'x', prj/sol/.autopilot/db/v_frmbuf_wr.cpp:821 [17]  (1.298 ns)
	'load' operation 11 bit ('x', prj/sol/.autopilot/db/v_frmbuf_wr.cpp:821) on local variable 'x', prj/sol/.autopilot/db/v_frmbuf_wr.cpp:821 [20]  (0.000 ns)
	'icmp' operation 1 bit ('icmp_ln821', prj/sol/.autopilot/db/v_frmbuf_wr.cpp:821) [21]  (1.482 ns)
	'store' operation ('store_ln821', prj/sol/.autopilot/db/v_frmbuf_wr.cpp:821) of variable 'x', prj/sol/.autopilot/db/v_frmbuf_wr.cpp:821 11 bit on local variable 'x', prj/sol/.autopilot/db/v_frmbuf_wr.cpp:821 [65]  (1.298 ns)

 <State 2>: 2.381ns
The critical path consists of the following:
	fifo read operation ('img_read', prj/sol/.autopilot/db/v_frmbuf_wr.cpp:827) on port 'img' (prj/sol/.autopilot/db/v_frmbuf_wr.cpp:827) [30]  (2.381 ns)

 <State 3>: 2.381ns
The critical path consists of the following:
	fifo read operation ('img_read_11', prj/sol/.autopilot/db/v_frmbuf_wr.cpp:827) on port 'img' (prj/sol/.autopilot/db/v_frmbuf_wr.cpp:827) [35]  (2.381 ns)

 <State 4>: 2.381ns
The critical path consists of the following:
	fifo read operation ('img_read_12', prj/sol/.autopilot/db/v_frmbuf_wr.cpp:827) on port 'img' (prj/sol/.autopilot/db/v_frmbuf_wr.cpp:827) [45]  (2.381 ns)

 <State 5>: 2.381ns
The critical path consists of the following:
	fifo read operation ('img_read_13', prj/sol/.autopilot/db/v_frmbuf_wr.cpp:827) on port 'img' (prj/sol/.autopilot/db/v_frmbuf_wr.cpp:827) [55]  (2.381 ns)

 <State 6>: 2.381ns
The critical path consists of the following:
	'phi' operation 8 bit ('pix') with incoming values : ('pix', prj/sol/.autopilot/db/v_frmbuf_wr.cpp:827) [60]  (0.000 ns)
	fifo write operation ('write_ln839', prj/sol/.autopilot/db/v_frmbuf_wr.cpp:839) on port 'bytePlanes_plane0' (prj/sol/.autopilot/db/v_frmbuf_wr.cpp:839) [64]  (2.381 ns)


============================================================
+ Verbose Summary: Binding
============================================================
N/A
* FSMD analyzer results:
  - Output states:
 - Input state : 
  - Chain level:
	State 1
	State 2
	State 3
	State 4
	State 5
	State 6


============================================================
+ Verbose Summary: Datapath Resource usage 
============================================================
N/A
