

================================================================
== Vitis HLS Report for 'MultiPixStream2Bytes_Pipeline_VITIS_LOOP_697_7'
================================================================
* Date:           Mon Mar 16 15:10:42 2026

* Version:        2025.2 (Build 6295257 on Nov 14 2025)
* Project:        prj
* Solution:       sol (Vivado IP Flow Target)
* Product family: zynq
* Target device:  xc7z020-clg400-2


================================================================
== Performance Estimates
================================================================
+ Timing: 
    * Summary: 
    +--------+---------+----------+------------+
    |  Clock |  Target | Estimated| Uncertainty|
    +--------+---------+----------+------------+
    |ap_clk  |  6.52 ns|  4.078 ns|     1.76 ns|
    +--------+---------+----------+------------+

+ Latency: 
    * Summary: 
    +---------+---------+-----------+-----------+-----+-----+-------------------+
    |  Latency (cycles) |   Latency (absolute)  |  Interval |      Pipeline     |
    |   min   |   max   |    min    |    max    | min | max |        Type       |
    +---------+---------+-----------+-----------+-----+-----+-------------------+
    |        2|     4322|  13.044 ns|  28.188 us|    0|    0|  loop pipeline stp|
    +---------+---------+-----------+-----------+-----+-----+-------------------+

    + Detail: 
        * Instance: 
        N/A

        * Loop: 
        +--------------------+---------+---------+----------+-----------+-----------+----------+----------+
        |                    |  Latency (cycles) | Iteration|  Initiation Interval  |   Trip   |          |
        |      Loop Name     |   min   |   max   |  Latency |  achieved |   target  |   Count  | Pipelined|
        +--------------------+---------+---------+----------+-----------+-----------+----------+----------+
        |- VITIS_LOOP_697_7  |        0|     4320|         4|          3|          3|  0 ~ 1440|       yes|
        +--------------------+---------+---------+----------+-----------+-----------+----------+----------+

============================================================
+ Verbose Summary: Synthesis Manager
============================================================
InlineROM: 1
ExposeGlobal: 0
============================================================
+ Verbose Summary: CDFG Model
============================================================
IsTopModel: 0
ResetActiveHigh: 1
IsCombinational: 0
IsDatapathOnly: 0
HasWiredReturn: 1
HasMFsm: 2
HasVarLatency: 1
IsPipeline: 0
IsRtlPipelined: 0
IsInstanceOverlapped: 0
IsDontTouch: 0
HasImplIP: 0
IsGatedGlobalClock: 0

+ Individual pipeline summary: 
  * Pipeline-0: initiation interval (II) = 3, depth = 4


============================================================
+ Verbose Summary: Schedule
============================================================
* Number of FSM states : 4
* Pipeline : 1
  Pipeline-0 : II = 3, D = 4, States = { 1 2 3 4 }
* Dataflow Pipeline: 0

* FSM state transitions: 
1 --> 2 
2 --> 3 
3 --> 4 
4 --> 

* FSM state operations: 

State 1 <SV = 0> <Delay = 4.07>
ST_1 : Operation 7 [1/1] (0.00ns)   --->   "%x_2 = alloca i32 1" [prj/sol/.autopilot/db/v_frmbuf_wr.cpp:697]   --->   Operation 7 'alloca' 'x_2' <Predicate = true> <Delay = 0.00>
ST_1 : Operation 8 [1/1] (0.00ns)   --->   "%specmemcore_ln0 = specmemcore void @_ssdm_op_SpecMemCore, i64 %bytePlanes_plane0, i64 666, i64 8, i64 18446744073709551615, i1 0"   --->   Operation 8 'specmemcore' 'specmemcore_ln0' <Predicate = true> <Delay = 0.00>
ST_1 : Operation 9 [1/1] (0.00ns)   --->   "%specinterface_ln0 = specinterface void @_ssdm_op_SpecInterface, i24 %img, void @empty_20, i32 0, i32 0, void @empty_53, i32 0, i32 0, void @empty_53, void @empty_53, void @empty_53, i32 0, i32 0, i32 0, i32 0, void @empty_53, void @empty_53, i32 4294967295, i32 0, i32 0, i32 0"   --->   Operation 9 'specinterface' 'specinterface_ln0' <Predicate = true> <Delay = 0.00>
ST_1 : Operation 10 [1/1] (0.00ns)   --->   "%specinterface_ln0 = specinterface void @_ssdm_op_SpecInterface, i64 %bytePlanes_plane0, void @empty_20, i32 0, i32 0, void @empty_53, i32 0, i32 0, void @empty_53, void @empty_53, void @empty_53, i32 0, i32 0, i32 0, i32 0, void @empty_53, void @empty_53, i32 4294967295, i32 0, i32 0, i32 0"   --->   Operation 10 'specinterface' 'specinterface_ln0' <Predicate = true> <Delay = 0.00>
ST_1 : Operation 11 [1/1] (0.00ns)   --->   "%rev_read = read i1 @_ssdm_op_Read.ap_auto.i1, i1 %rev" [prj/sol/.autopilot/db/v_frmbuf_wr.cpp:428]   --->   Operation 11 'read' 'rev_read' <Predicate = true> <Delay = 0.00>
ST_1 : Operation 12 [1/1] (0.00ns)   --->   "%sext_ln693_read = read i12 @_ssdm_op_Read.ap_auto.i12, i12 %sext_ln693" [prj/sol/.autopilot/db/v_frmbuf_wr.cpp:428]   --->   Operation 12 'read' 'sext_ln693_read' <Predicate = true> <Delay = 0.00>
ST_1 : Operation 13 [1/1] (0.00ns)   --->   "%loopWidth_2_read = read i11 @_ssdm_op_Read.ap_auto.i11, i11 %loopWidth_2" [prj/sol/.autopilot/db/v_frmbuf_wr.cpp:428]   --->   Operation 13 'read' 'loopWidth_2_read' <Predicate = true> <Delay = 0.00>
ST_1 : Operation 14 [1/1] (1.29ns)   --->   "%store_ln697 = store i11 0, i11 %x_2" [prj/sol/.autopilot/db/v_frmbuf_wr.cpp:697]   --->   Operation 14 'store' 'store_ln697' <Predicate = true> <Delay = 1.29>
ST_1 : Operation 15 [1/1] (0.00ns)   --->   "%br_ln697 = br void %VITIS_LOOP_700_8" [prj/sol/.autopilot/db/v_frmbuf_wr.cpp:697]   --->   Operation 15 'br' 'br_ln697' <Predicate = true> <Delay = 0.00>
ST_1 : Operation 16 [1/1] (0.00ns)   --->   "%x = load i11 %x_2" [prj/sol/.autopilot/db/v_frmbuf_wr.cpp:697]   --->   Operation 16 'load' 'x' <Predicate = true> <Delay = 0.00>
ST_1 : Operation 17 [1/1] (1.48ns)   --->   "%icmp_ln697 = icmp_eq  i11 %x, i11 %loopWidth_2_read" [prj/sol/.autopilot/db/v_frmbuf_wr.cpp:697]   --->   Operation 17 'icmp' 'icmp_ln697' <Predicate = true> <Delay = 1.48> <CoreInst = "Cmp">   --->   Core 9 'Cmp' <Latency = 0> <II = 1> <Delay = 1.48> <FuncUnit> <Opcode : 'seteq' 'setne' 'setle' 'setge' 'setlt' 'setgt'> <InPorts = 2> <OutPorts = 1>
ST_1 : Operation 18 [1/1] (0.00ns)   --->   "%speclooptripcount_ln0 = speclooptripcount void @_ssdm_op_SpecLoopTripCount, i64 0, i64 1440, i64 0"   --->   Operation 18 'speclooptripcount' 'speclooptripcount_ln0' <Predicate = true> <Delay = 0.00>
ST_1 : Operation 19 [1/1] (1.48ns)   --->   "%x_7 = add i11 %x, i11 1" [prj/sol/.autopilot/db/v_frmbuf_wr.cpp:697]   --->   Operation 19 'add' 'x_7' <Predicate = true> <Delay = 1.48> <CoreInst = "Adder">   --->   Core 1 'Adder' <Latency = 0> <II = 1> <Delay = 1.48> <FuncUnit> <Opcode : 'add' 'sub'> <InPorts = 2> <OutPorts = 1>
ST_1 : Operation 20 [1/1] (0.00ns)   --->   "%br_ln697 = br i1 %icmp_ln697, void %VITIS_LOOP_700_8.split, void %for.inc302.exitStub" [prj/sol/.autopilot/db/v_frmbuf_wr.cpp:697]   --->   Operation 20 'br' 'br_ln697' <Predicate = true> <Delay = 0.00>
ST_1 : Operation 21 [1/1] (0.00ns)   --->   "%zext_ln699 = zext i11 %x" [prj/sol/.autopilot/db/v_frmbuf_wr.cpp:699]   --->   Operation 21 'zext' 'zext_ln699' <Predicate = (!icmp_ln697)> <Delay = 0.00>
ST_1 : Operation 22 [1/1] (1.54ns)   --->   "%icmp_ln702 = icmp_slt  i12 %zext_ln699, i12 %sext_ln693_read" [prj/sol/.autopilot/db/v_frmbuf_wr.cpp:702]   --->   Operation 22 'icmp' 'icmp_ln702' <Predicate = (!icmp_ln697)> <Delay = 1.54> <CoreInst = "Cmp">   --->   Core 9 'Cmp' <Latency = 0> <II = 1> <Delay = 1.54> <FuncUnit> <Opcode : 'seteq' 'setne' 'setle' 'setge' 'setlt' 'setgt'> <InPorts = 2> <OutPorts = 1>
ST_1 : Operation 23 [1/1] (0.80ns)   --->   "%or_ln702 = or i1 %icmp_ln702, i1 %rev_read" [prj/sol/.autopilot/db/v_frmbuf_wr.cpp:702]   --->   Operation 23 'or' 'or_ln702' <Predicate = (!icmp_ln697)> <Delay = 0.80> <CoreInst = "LogicGate">   --->   Core 74 'LogicGate' <Latency = 0> <II = 1> <Delay = 0.80> <FuncUnit> <Opcode : 'and' 'or' 'xor'> <InPorts = 2> <OutPorts = 1>
ST_1 : Operation 24 [1/1] (1.29ns)   --->   "%store_ln697 = store i11 %x_7, i11 %x_2" [prj/sol/.autopilot/db/v_frmbuf_wr.cpp:697]   --->   Operation 24 'store' 'store_ln697' <Predicate = (!icmp_ln697)> <Delay = 1.29>
ST_1 : Operation 46 [1/1] (1.29ns)   --->   "%ret_ln0 = ret"   --->   Operation 46 'ret' 'ret_ln0' <Predicate = (icmp_ln697)> <Delay = 1.29>

State 2 <SV = 1> <Delay = 2.38>
ST_2 : Operation 25 [1/1] ( I:2.38ns O:2.38ns )   --->   "%in_pix = read i24 @_ssdm_op_Read.ap_fifo.volatile.i24P0A, i24 %img" [prj/sol/.autopilot/db/v_frmbuf_wr.cpp:703]   --->   Operation 25 'read' 'in_pix' <Predicate = (!icmp_ln697)> <Delay = 2.38> <CoreInst = "FIFO_SRL">   --->   Core 80 'FIFO_SRL' <Latency = 0> <II = 1> <Delay = 3.40> <Storage> <Opcode : 'read' 'write' 'nbread' 'nbwrite'> <Ports = 0> <Width = 24> <Depth = 2> <FIFO>
ST_2 : Operation 26 [1/1] (0.00ns)   --->   "%pix_4 = partselect i8 @_ssdm_op_PartSelect.i8.i24.i32.i32, i24 %in_pix, i32 8, i32 15" [prj/sol/.autopilot/db/v_frmbuf_wr.cpp:703]   --->   Operation 26 'partselect' 'pix_4' <Predicate = (!icmp_ln697)> <Delay = 0.00>
ST_2 : Operation 27 [1/1] (0.00ns)   --->   "%pix_5 = partselect i8 @_ssdm_op_PartSelect.i8.i24.i32.i32, i24 %in_pix, i32 16, i32 23" [prj/sol/.autopilot/db/v_frmbuf_wr.cpp:703]   --->   Operation 27 'partselect' 'pix_5' <Predicate = (!icmp_ln697)> <Delay = 0.00>
ST_2 : Operation 28 [1/1] (1.29ns)   --->   "%br_ln702 = br i1 %or_ln702, void %for.inc280.1, void %if.then257.1" [prj/sol/.autopilot/db/v_frmbuf_wr.cpp:702]   --->   Operation 28 'br' 'br_ln702' <Predicate = (!icmp_ln697)> <Delay = 1.29>
ST_2 : Operation 29 [1/1] (1.29ns)   --->   "%br_ln703 = br void %for.inc280.1" [prj/sol/.autopilot/db/v_frmbuf_wr.cpp:703]   --->   Operation 29 'br' 'br_ln703' <Predicate = (!icmp_ln697 & or_ln702)> <Delay = 1.29>

State 3 <SV = 2> <Delay = 2.38>
ST_3 : Operation 30 [1/1] ( I:2.38ns O:2.38ns )   --->   "%img_read = read i24 @_ssdm_op_Read.ap_fifo.volatile.i24P0A, i24 %img" [prj/sol/.autopilot/db/v_frmbuf_wr.cpp:703]   --->   Operation 30 'read' 'img_read' <Predicate = (!icmp_ln697 & or_ln702)> <Delay = 2.38> <CoreInst = "FIFO_SRL">   --->   Core 80 'FIFO_SRL' <Latency = 0> <II = 1> <Delay = 3.40> <Storage> <Opcode : 'read' 'write' 'nbread' 'nbwrite'> <Ports = 0> <Width = 24> <Depth = 2> <FIFO>
ST_3 : Operation 31 [1/1] (0.00ns)   --->   "%pix = partselect i8 @_ssdm_op_PartSelect.i8.i24.i32.i32, i24 %img_read, i32 8, i32 15" [prj/sol/.autopilot/db/v_frmbuf_wr.cpp:703]   --->   Operation 31 'partselect' 'pix' <Predicate = (!icmp_ln697 & or_ln702)> <Delay = 0.00>
ST_3 : Operation 32 [1/1] (0.00ns)   --->   "%pix_2 = partselect i8 @_ssdm_op_PartSelect.i8.i24.i32.i32, i24 %img_read, i32 16, i32 23" [prj/sol/.autopilot/db/v_frmbuf_wr.cpp:703]   --->   Operation 32 'partselect' 'pix_2' <Predicate = (!icmp_ln697 & or_ln702)> <Delay = 0.00>
ST_3 : Operation 33 [1/1] (0.00ns)   --->   "%pix_26 = phi i8 %pix_2, void %if.then257.1, i8 %pix_5, void %VITIS_LOOP_700_8.split"   --->   Operation 33 'phi' 'pix_26' <Predicate = (!icmp_ln697)> <Delay = 0.00>
ST_3 : Operation 34 [1/1] (0.00ns)   --->   "%pix_25 = phi i8 %pix, void %if.then257.1, i8 %pix_4, void %VITIS_LOOP_700_8.split"   --->   Operation 34 'phi' 'pix_25' <Predicate = (!icmp_ln697)> <Delay = 0.00>

State 4 <SV = 3> <Delay = 2.38>
ST_4 : Operation 35 [1/1] (0.00ns)   --->   "%out_pix_2_out_load = load i64 %out_pix_2_out" [prj/sol/.autopilot/db/v_frmbuf_wr.cpp:712]   --->   Operation 35 'load' 'out_pix_2_out_load' <Predicate = (!icmp_ln697)> <Delay = 0.00>
ST_4 : Operation 36 [1/1] (0.00ns)   --->   "%specpipeline_ln699 = specpipeline void @_ssdm_op_SpecPipeline, i32 3, i32 0, i32 0, i32 0, i32 4294967295, void @empty_53" [prj/sol/.autopilot/db/v_frmbuf_wr.cpp:699]   --->   Operation 36 'specpipeline' 'specpipeline_ln699' <Predicate = (!icmp_ln697)> <Delay = 0.00>
ST_4 : Operation 37 [1/1] (0.00ns)   --->   "%specloopname_ln697 = specloopname void @_ssdm_op_SpecLoopName, void @empty_39" [prj/sol/.autopilot/db/v_frmbuf_wr.cpp:697]   --->   Operation 37 'specloopname' 'specloopname_ln697' <Predicate = (!icmp_ln697)> <Delay = 0.00>
ST_4 : Operation 38 [1/1] (0.00ns)   --->   "%out_pix = partset i64 @_ssdm_op_PartSet.i64.i64.i24.i32, i64 %out_pix_2_out_load, i24 %in_pix, i32 0" [prj/sol/.autopilot/db/v_frmbuf_wr.cpp:712]   --->   Operation 38 'partset' 'out_pix' <Predicate = (!icmp_ln697)> <Delay = 0.00>
ST_4 : Operation 39 [1/1] (0.00ns)   --->   "%phi_ln431 = phi i24 %img_read, void %if.then257.1, i24 %in_pix, void %VITIS_LOOP_700_8.split"   --->   Operation 39 'phi' 'phi_ln431' <Predicate = true> <Delay = 0.00>
ST_4 : Operation 40 [1/1] (0.00ns)   --->   "%pix_53 = trunc i24 %phi_ln431" [prj/sol/.autopilot/db/v_frmbuf_wr.cpp:703]   --->   Operation 40 'trunc' 'pix_53' <Predicate = true> <Delay = 0.00>
ST_4 : Operation 41 [1/1] (0.00ns)   --->   "%in_pix_2 = bitconcatenate i24 @_ssdm_op_BitConcatenate.i24.i8.i8.i8, i8 %pix_26, i8 %pix_25, i8 %pix_53" [prj/sol/.autopilot/db/v_frmbuf_wr.cpp:708]   --->   Operation 41 'bitconcatenate' 'in_pix_2' <Predicate = true> <Delay = 0.00>
ST_4 : Operation 42 [1/1] (0.00ns)   --->   "%out_pix_2 = partset i64 @_ssdm_op_PartSet.i64.i64.i24.i32, i64 %out_pix, i24 %in_pix_2, i32 32" [prj/sol/.autopilot/db/v_frmbuf_wr.cpp:712]   --->   Operation 42 'partset' 'out_pix_2' <Predicate = true> <Delay = 0.00>
ST_4 : Operation 43 [1/1] ( I:2.38ns O:2.38ns )   --->   "%write_ln715 = write void @_ssdm_op_Write.ap_fifo.volatile.i64P0A, i64 %bytePlanes_plane0, i64 %out_pix_2" [prj/sol/.autopilot/db/v_frmbuf_wr.cpp:715]   --->   Operation 43 'write' 'write_ln715' <Predicate = true> <Delay = 2.38> <CoreInst = "FIFO_BRAM">   --->   Core 78 'FIFO_BRAM' <Latency = 0> <II = 1> <Delay = 3.41> <Storage> <Opcode : 'read' 'write' 'nbread' 'nbwrite'> <Ports = 0> <Width = 64> <Depth = 481> <FIFO>
ST_4 : Operation 44 [1/1] (0.00ns)   --->   "%store_ln690 = store i64 %out_pix_2, i64 %out_pix_2_out" [prj/sol/.autopilot/db/v_frmbuf_wr.cpp:690]   --->   Operation 44 'store' 'store_ln690' <Predicate = true> <Delay = 0.00>
ST_4 : Operation 45 [1/1] (0.00ns)   --->   "%br_ln697 = br void %VITIS_LOOP_700_8" [prj/sol/.autopilot/db/v_frmbuf_wr.cpp:697]   --->   Operation 45 'br' 'br_ln697' <Predicate = true> <Delay = 0.00>


============================================================
+ Verbose Summary: Timing violations
============================================================
Target clock period: 6.522ns, clock uncertainty: 1.761ns.

 <State 1>: 4.078ns
The critical path consists of the following:
	'store' operation ('store_ln697', prj/sol/.autopilot/db/v_frmbuf_wr.cpp:697) of constant 0 11 bit on local variable 'x', prj/sol/.autopilot/db/v_frmbuf_wr.cpp:697 [14]  (1.298 ns)
	'load' operation 11 bit ('x', prj/sol/.autopilot/db/v_frmbuf_wr.cpp:697) on local variable 'x', prj/sol/.autopilot/db/v_frmbuf_wr.cpp:697 [17]  (0.000 ns)
	'add' operation 11 bit ('x', prj/sol/.autopilot/db/v_frmbuf_wr.cpp:697) [20]  (1.482 ns)
	'store' operation ('store_ln697', prj/sol/.autopilot/db/v_frmbuf_wr.cpp:697) of variable 'x', prj/sol/.autopilot/db/v_frmbuf_wr.cpp:697 11 bit on local variable 'x', prj/sol/.autopilot/db/v_frmbuf_wr.cpp:697 [47]  (1.298 ns)

 <State 2>: 2.381ns
The critical path consists of the following:
	fifo read operation ('in_pix', prj/sol/.autopilot/db/v_frmbuf_wr.cpp:703) on port 'img' (prj/sol/.autopilot/db/v_frmbuf_wr.cpp:703) [28]  (2.381 ns)

 <State 3>: 2.381ns
The critical path consists of the following:
	fifo read operation ('img_read', prj/sol/.autopilot/db/v_frmbuf_wr.cpp:703) on port 'img' (prj/sol/.autopilot/db/v_frmbuf_wr.cpp:703) [35]  (2.381 ns)

 <State 4>: 2.381ns
The critical path consists of the following:
	'load' operation 64 bit ('out_pix_2_out_load', prj/sol/.autopilot/db/v_frmbuf_wr.cpp:712) on local variable 'out_pix_2_out' [23]  (0.000 ns)
	fifo write operation ('write_ln715', prj/sol/.autopilot/db/v_frmbuf_wr.cpp:715) on port 'bytePlanes_plane0' (prj/sol/.autopilot/db/v_frmbuf_wr.cpp:715) [46]  (2.381 ns)


============================================================
+ Verbose Summary: Binding
============================================================
N/A
* FSMD analyzer results:
  - Output states:
 - Input state : 
  - Chain level:
	State 1
	State 2
	State 3
	State 4


============================================================
+ Verbose Summary: Datapath Resource usage 
============================================================
N/A
