

================================================================
== Vitis HLS Report for 'MultiPixStream2Bytes_Pipeline_VITIS_LOOP_904_21'
================================================================
* Date:           Mon Mar 16 15:10:42 2026

* Version:        2025.2 (Build 6295257 on Nov 14 2025)
* Project:        prj
* Solution:       sol (Vivado IP Flow Target)
* Product family: zynq
* Target device:  xc7z020-clg400-2


================================================================
== Performance Estimates
================================================================
+ Timing: 
    * Summary: 
    +--------+---------+----------+------------+
    |  Clock |  Target | Estimated| Uncertainty|
    +--------+---------+----------+------------+
    |ap_clk  |  6.52 ns|  4.078 ns|     1.76 ns|
    +--------+---------+----------+------------+

+ Latency: 
    * Summary: 
    +---------+---------+-----------+-----------+-----+-----+-------------------+
    |  Latency (cycles) |   Latency (absolute)  |  Interval |      Pipeline     |
    |   min   |   max   |    min    |    max    | min | max |        Type       |
    +---------+---------+-----------+-----------+-----+-----+-------------------+
    |        2|    11523|  13.044 ns|  75.153 us|    0|    0|  loop pipeline stp|
    +---------+---------+-----------+-----------+-----+-----+-------------------+

    + Detail: 
        * Instance: 
        N/A

        * Loop: 
        +---------------------+---------+---------+----------+-----------+-----------+----------+----------+
        |                     |  Latency (cycles) | Iteration|  Initiation Interval  |   Trip   |          |
        |      Loop Name      |   min   |   max   |  Latency |  achieved |   target  |   Count  | Pipelined|
        +---------------------+---------+---------+----------+-----------+-----------+----------+----------+
        |- VITIS_LOOP_904_21  |        0|    11521|        10|          8|          8|  0 ~ 1440|       yes|
        +---------------------+---------+---------+----------+-----------+-----------+----------+----------+

============================================================
+ Verbose Summary: Synthesis Manager
============================================================
InlineROM: 1
ExposeGlobal: 0
============================================================
+ Verbose Summary: CDFG Model
============================================================
IsTopModel: 0
ResetActiveHigh: 1
IsCombinational: 0
IsDatapathOnly: 0
HasWiredReturn: 1
HasMFsm: 2
HasVarLatency: 1
IsPipeline: 0
IsRtlPipelined: 0
IsInstanceOverlapped: 0
IsDontTouch: 0
HasImplIP: 0
IsGatedGlobalClock: 0

+ Individual pipeline summary: 
  * Pipeline-0: initiation interval (II) = 8, depth = 10


============================================================
+ Verbose Summary: Schedule
============================================================
* Number of FSM states : 10
* Pipeline : 1
  Pipeline-0 : II = 8, D = 10, States = { 1 2 3 4 5 6 7 8 9 10 }
* Dataflow Pipeline: 0

* FSM state transitions: 
1 --> 2 
2 --> 3 
3 --> 4 
4 --> 5 
5 --> 6 
6 --> 7 
7 --> 8 
8 --> 9 
9 --> 10 
10 --> 

* FSM state operations: 

State 1 <SV = 0> <Delay = 4.07>
ST_1 : Operation 13 [1/1] (0.00ns)   --->   "%x = alloca i32 1" [prj/sol/.autopilot/db/v_frmbuf_wr.cpp:904]   --->   Operation 13 'alloca' 'x' <Predicate = true> <Delay = 0.00>
ST_1 : Operation 14 [1/1] (0.00ns)   --->   "%specstablecontent_ln0 = specstablecontent void @_ssdm_op_SpecStableContent, i5 %VideoFormat_val, i1 1, void "   --->   Operation 14 'specstablecontent' 'specstablecontent_ln0' <Predicate = true> <Delay = 0.00>
ST_1 : Operation 15 [1/1] (0.00ns)   --->   "%specmemcore_ln0 = specmemcore void @_ssdm_op_SpecMemCore, i64 %bytePlanes_plane1, i64 666, i64 8, i64 18446744073709551615, i1 0"   --->   Operation 15 'specmemcore' 'specmemcore_ln0' <Predicate = true> <Delay = 0.00>
ST_1 : Operation 16 [1/1] (0.00ns)   --->   "%specmemcore_ln0 = specmemcore void @_ssdm_op_SpecMemCore, i64 %bytePlanes_plane0, i64 666, i64 8, i64 18446744073709551615, i1 0"   --->   Operation 16 'specmemcore' 'specmemcore_ln0' <Predicate = true> <Delay = 0.00>
ST_1 : Operation 17 [1/1] (0.00ns)   --->   "%specinterface_ln0 = specinterface void @_ssdm_op_SpecInterface, i24 %img, void @empty_20, i32 0, i32 0, void @empty_53, i32 0, i32 0, void @empty_53, void @empty_53, void @empty_53, i32 0, i32 0, i32 0, i32 0, void @empty_53, void @empty_53, i32 4294967295, i32 0, i32 0, i32 0"   --->   Operation 17 'specinterface' 'specinterface_ln0' <Predicate = true> <Delay = 0.00>
ST_1 : Operation 18 [1/1] (0.00ns)   --->   "%specinterface_ln0 = specinterface void @_ssdm_op_SpecInterface, i64 %bytePlanes_plane0, void @empty_20, i32 0, i32 0, void @empty_53, i32 0, i32 0, void @empty_53, void @empty_53, void @empty_53, i32 0, i32 0, i32 0, i32 0, void @empty_53, void @empty_53, i32 4294967295, i32 0, i32 0, i32 0"   --->   Operation 18 'specinterface' 'specinterface_ln0' <Predicate = true> <Delay = 0.00>
ST_1 : Operation 19 [1/1] (0.00ns)   --->   "%specinterface_ln0 = specinterface void @_ssdm_op_SpecInterface, i64 %bytePlanes_plane1, void @empty_20, i32 0, i32 0, void @empty_53, i32 0, i32 0, void @empty_53, void @empty_53, void @empty_53, i32 0, i32 0, i32 0, i32 0, void @empty_53, void @empty_53, i32 4294967295, i32 0, i32 0, i32 0"   --->   Operation 19 'specinterface' 'specinterface_ln0' <Predicate = true> <Delay = 0.00>
ST_1 : Operation 20 [1/1] (0.00ns)   --->   "%icmp30_read = read i1 @_ssdm_op_Read.ap_auto.i1, i1 %icmp30" [prj/sol/.autopilot/db/v_frmbuf_wr.cpp:428]   --->   Operation 20 'read' 'icmp30_read' <Predicate = true> <Delay = 0.00>
ST_1 : Operation 21 [1/1] (0.00ns)   --->   "%sext_ln909_read = read i12 @_ssdm_op_Read.ap_auto.i12, i12 %sext_ln909" [prj/sol/.autopilot/db/v_frmbuf_wr.cpp:428]   --->   Operation 21 'read' 'sext_ln909_read' <Predicate = true> <Delay = 0.00>
ST_1 : Operation 22 [1/1] (0.00ns)   --->   "%icmp_ln909_1_read = read i1 @_ssdm_op_Read.ap_auto.i1, i1 %icmp_ln909_1" [prj/sol/.autopilot/db/v_frmbuf_wr.cpp:428]   --->   Operation 22 'read' 'icmp_ln909_1_read' <Predicate = true> <Delay = 0.00>
ST_1 : Operation 23 [1/1] (0.00ns)   --->   "%icmp33_read = read i1 @_ssdm_op_Read.ap_auto.i1, i1 %icmp33" [prj/sol/.autopilot/db/v_frmbuf_wr.cpp:428]   --->   Operation 23 'read' 'icmp33_read' <Predicate = true> <Delay = 0.00>
ST_1 : Operation 24 [1/1] (0.00ns)   --->   "%icmp_ln909_3_read = read i1 @_ssdm_op_Read.ap_auto.i1, i1 %icmp_ln909_3" [prj/sol/.autopilot/db/v_frmbuf_wr.cpp:428]   --->   Operation 24 'read' 'icmp_ln909_3_read' <Predicate = true> <Delay = 0.00>
ST_1 : Operation 25 [1/1] (0.00ns)   --->   "%icmp_ln909_4_read = read i1 @_ssdm_op_Read.ap_auto.i1, i1 %icmp_ln909_4" [prj/sol/.autopilot/db/v_frmbuf_wr.cpp:428]   --->   Operation 25 'read' 'icmp_ln909_4_read' <Predicate = true> <Delay = 0.00>
ST_1 : Operation 26 [1/1] (0.00ns)   --->   "%icmp_ln909_5_read = read i1 @_ssdm_op_Read.ap_auto.i1, i1 %icmp_ln909_5" [prj/sol/.autopilot/db/v_frmbuf_wr.cpp:428]   --->   Operation 26 'read' 'icmp_ln909_5_read' <Predicate = true> <Delay = 0.00>
ST_1 : Operation 27 [1/1] (0.00ns)   --->   "%icmp_ln892_read = read i1 @_ssdm_op_Read.ap_auto.i1, i1 %icmp_ln892" [prj/sol/.autopilot/db/v_frmbuf_wr.cpp:428]   --->   Operation 27 'read' 'icmp_ln892_read' <Predicate = true> <Delay = 0.00>
ST_1 : Operation 28 [1/1] (0.00ns)   --->   "%tmp = read i1 @_ssdm_op_Read.ap_auto.i1, i1 %empty" [prj/sol/.autopilot/db/v_frmbuf_wr.cpp:428]   --->   Operation 28 'read' 'tmp' <Predicate = true> <Delay = 0.00>
ST_1 : Operation 29 [1/1] (0.00ns)   --->   "%VideoFormat_val_read = read i5 @_ssdm_op_Read.ap_auto.i5, i5 %VideoFormat_val" [prj/sol/.autopilot/db/v_frmbuf_wr.cpp:428]   --->   Operation 29 'read' 'VideoFormat_val_read' <Predicate = true> <Delay = 0.00>
ST_1 : Operation 30 [1/1] (0.00ns)   --->   "%loopWidth_6_read = read i11 @_ssdm_op_Read.ap_auto.i11, i11 %loopWidth_6" [prj/sol/.autopilot/db/v_frmbuf_wr.cpp:428]   --->   Operation 30 'read' 'loopWidth_6_read' <Predicate = true> <Delay = 0.00>
ST_1 : Operation 31 [1/1] (1.29ns)   --->   "%store_ln904 = store i11 0, i11 %x" [prj/sol/.autopilot/db/v_frmbuf_wr.cpp:904]   --->   Operation 31 'store' 'store_ln904' <Predicate = true> <Delay = 1.29>
ST_1 : Operation 32 [1/1] (0.00ns)   --->   "%br_ln904 = br void %VITIS_LOOP_907_22" [prj/sol/.autopilot/db/v_frmbuf_wr.cpp:904]   --->   Operation 32 'br' 'br_ln904' <Predicate = true> <Delay = 0.00>
ST_1 : Operation 33 [1/1] (0.00ns)   --->   "%x_1 = load i11 %x" [prj/sol/.autopilot/db/v_frmbuf_wr.cpp:904]   --->   Operation 33 'load' 'x_1' <Predicate = true> <Delay = 0.00>
ST_1 : Operation 34 [1/1] (1.48ns)   --->   "%icmp_ln904 = icmp_eq  i11 %x_1, i11 %loopWidth_6_read" [prj/sol/.autopilot/db/v_frmbuf_wr.cpp:904]   --->   Operation 34 'icmp' 'icmp_ln904' <Predicate = true> <Delay = 1.48> <CoreInst = "Cmp">   --->   Core 9 'Cmp' <Latency = 0> <II = 1> <Delay = 1.48> <FuncUnit> <Opcode : 'seteq' 'setne' 'setle' 'setge' 'setlt' 'setgt'> <InPorts = 2> <OutPorts = 1>
ST_1 : Operation 35 [1/1] (0.00ns)   --->   "%speclooptripcount_ln0 = speclooptripcount void @_ssdm_op_SpecLoopTripCount, i64 0, i64 1440, i64 0"   --->   Operation 35 'speclooptripcount' 'speclooptripcount_ln0' <Predicate = true> <Delay = 0.00>
ST_1 : Operation 36 [1/1] (1.48ns)   --->   "%x_2 = add i11 %x_1, i11 1" [prj/sol/.autopilot/db/v_frmbuf_wr.cpp:904]   --->   Operation 36 'add' 'x_2' <Predicate = true> <Delay = 1.48> <CoreInst = "Adder">   --->   Core 1 'Adder' <Latency = 0> <II = 1> <Delay = 1.48> <FuncUnit> <Opcode : 'add' 'sub'> <InPorts = 2> <OutPorts = 1>
ST_1 : Operation 37 [1/1] (0.00ns)   --->   "%br_ln904 = br i1 %icmp_ln904, void %VITIS_LOOP_907_22.split, void %for.inc709.exitStub" [prj/sol/.autopilot/db/v_frmbuf_wr.cpp:904]   --->   Operation 37 'br' 'br_ln904' <Predicate = true> <Delay = 0.00>
ST_1 : Operation 38 [1/1] (0.00ns)   --->   "%zext_ln906 = zext i11 %x_1" [prj/sol/.autopilot/db/v_frmbuf_wr.cpp:906]   --->   Operation 38 'zext' 'zext_ln906' <Predicate = (!icmp_ln904)> <Delay = 0.00>
ST_1 : Operation 39 [1/1] (1.54ns)   --->   "%icmp_ln909 = icmp_slt  i12 %zext_ln906, i12 %sext_ln909_read" [prj/sol/.autopilot/db/v_frmbuf_wr.cpp:909]   --->   Operation 39 'icmp' 'icmp_ln909' <Predicate = (!icmp_ln904)> <Delay = 1.54> <CoreInst = "Cmp">   --->   Core 9 'Cmp' <Latency = 0> <II = 1> <Delay = 1.54> <FuncUnit> <Opcode : 'seteq' 'setne' 'setle' 'setge' 'setlt' 'setgt'> <InPorts = 2> <OutPorts = 1>
ST_1 : Operation 40 [1/1] (1.02ns)   --->   "%icmp_ln925 = icmp_eq  i5 %VideoFormat_val_read, i5 19" [prj/sol/.autopilot/db/v_frmbuf_wr.cpp:925]   --->   Operation 40 'icmp' 'icmp_ln925' <Predicate = (!icmp_ln904)> <Delay = 1.02> <CoreInst = "Cmp">   --->   Core 9 'Cmp' <Latency = 0> <II = 1> <Delay = 1.02> <FuncUnit> <Opcode : 'seteq' 'setne' 'setle' 'setge' 'setlt' 'setgt'> <InPorts = 2> <OutPorts = 1>
ST_1 : Operation 41 [1/1] (0.80ns)   --->   "%and_ln925 = and i1 %tmp, i1 %icmp_ln925" [prj/sol/.autopilot/db/v_frmbuf_wr.cpp:925]   --->   Operation 41 'and' 'and_ln925' <Predicate = (!icmp_ln904)> <Delay = 0.80> <CoreInst = "LogicGate">   --->   Core 74 'LogicGate' <Latency = 0> <II = 1> <Delay = 0.80> <FuncUnit> <Opcode : 'and' 'or' 'xor'> <InPorts = 2> <OutPorts = 1>
ST_1 : Operation 42 [1/1] (0.00ns)   --->   "%br_ln925 = br i1 %and_ln925, void %if.then703, void %for.inc706" [prj/sol/.autopilot/db/v_frmbuf_wr.cpp:925]   --->   Operation 42 'br' 'br_ln925' <Predicate = (!icmp_ln904)> <Delay = 0.00>
ST_1 : Operation 43 [1/1] (1.29ns)   --->   "%store_ln904 = store i11 %x_2, i11 %x" [prj/sol/.autopilot/db/v_frmbuf_wr.cpp:904]   --->   Operation 43 'store' 'store_ln904' <Predicate = (!icmp_ln904)> <Delay = 1.29>
ST_1 : Operation 44 [1/1] (0.00ns)   --->   "%br_ln904 = br void %VITIS_LOOP_907_22" [prj/sol/.autopilot/db/v_frmbuf_wr.cpp:904]   --->   Operation 44 'br' 'br_ln904' <Predicate = (!icmp_ln904)> <Delay = 0.00>

State 2 <SV = 1> <Delay = 2.38>
ST_2 : Operation 45 [1/1] (0.00ns)   --->   "%specpipeline_ln906 = specpipeline void @_ssdm_op_SpecPipeline, i32 8, i32 0, i32 0, i32 0, i32 4294967295, void @empty_53" [prj/sol/.autopilot/db/v_frmbuf_wr.cpp:906]   --->   Operation 45 'specpipeline' 'specpipeline_ln906' <Predicate = (!icmp_ln904)> <Delay = 0.00>
ST_2 : Operation 46 [1/1] (0.00ns)   --->   "%specloopname_ln904 = specloopname void @_ssdm_op_SpecLoopName, void @empty_31" [prj/sol/.autopilot/db/v_frmbuf_wr.cpp:904]   --->   Operation 46 'specloopname' 'specloopname_ln904' <Predicate = (!icmp_ln904)> <Delay = 0.00>
ST_2 : Operation 47 [1/1] ( I:2.38ns O:2.38ns )   --->   "%img_read = read i24 @_ssdm_op_Read.ap_fifo.volatile.i24P0A, i24 %img" [prj/sol/.autopilot/db/v_frmbuf_wr.cpp:910]   --->   Operation 47 'read' 'img_read' <Predicate = (!icmp_ln904)> <Delay = 2.38> <CoreInst = "FIFO_SRL">   --->   Core 80 'FIFO_SRL' <Latency = 0> <II = 1> <Delay = 3.40> <Storage> <Opcode : 'read' 'write' 'nbread' 'nbwrite'> <Ports = 0> <Width = 24> <Depth = 2> <FIFO>
ST_2 : Operation 48 [1/1] (0.00ns)   --->   "%in_pix_Y = trunc i24 %img_read" [prj/sol/.autopilot/db/v_frmbuf_wr.cpp:910]   --->   Operation 48 'trunc' 'in_pix_Y' <Predicate = (!icmp_ln904)> <Delay = 0.00>
ST_2 : Operation 49 [1/1] (0.00ns)   --->   "%in_pix_UV = partselect i8 @_ssdm_op_PartSelect.i8.i24.i32.i32, i24 %img_read, i32 8, i32 15" [prj/sol/.autopilot/db/v_frmbuf_wr.cpp:910]   --->   Operation 49 'partselect' 'in_pix_UV' <Predicate = (!icmp_ln904)> <Delay = 0.00>
ST_2 : Operation 50 [1/1] (0.80ns)   --->   "%or_ln909 = or i1 %icmp_ln909, i1 %icmp30_read" [prj/sol/.autopilot/db/v_frmbuf_wr.cpp:909]   --->   Operation 50 'or' 'or_ln909' <Predicate = (!icmp_ln904)> <Delay = 0.80> <CoreInst = "LogicGate">   --->   Core 74 'LogicGate' <Latency = 0> <II = 1> <Delay = 0.80> <FuncUnit> <Opcode : 'and' 'or' 'xor'> <InPorts = 2> <OutPorts = 1>
ST_2 : Operation 51 [1/1] (1.29ns)   --->   "%br_ln909 = br i1 %or_ln909, void %for.inc664.1, void %if.then633.1" [prj/sol/.autopilot/db/v_frmbuf_wr.cpp:909]   --->   Operation 51 'br' 'br_ln909' <Predicate = (!icmp_ln904)> <Delay = 1.29>
ST_2 : Operation 111 [1/1] (1.29ns)   --->   "%ret_ln0 = ret"   --->   Operation 111 'ret' 'ret_ln0' <Predicate = (icmp_ln904)> <Delay = 1.29>

State 3 <SV = 2> <Delay = 2.38>
ST_3 : Operation 52 [1/1] ( I:2.38ns O:2.38ns )   --->   "%img_read_1 = read i24 @_ssdm_op_Read.ap_fifo.volatile.i24P0A, i24 %img" [prj/sol/.autopilot/db/v_frmbuf_wr.cpp:910]   --->   Operation 52 'read' 'img_read_1' <Predicate = (!icmp_ln904 & or_ln909)> <Delay = 2.38> <CoreInst = "FIFO_SRL">   --->   Core 80 'FIFO_SRL' <Latency = 0> <II = 1> <Delay = 3.40> <Storage> <Opcode : 'read' 'write' 'nbread' 'nbwrite'> <Ports = 0> <Width = 24> <Depth = 2> <FIFO>
ST_3 : Operation 53 [1/1] (0.00ns)   --->   "%pix = trunc i24 %img_read_1" [prj/sol/.autopilot/db/v_frmbuf_wr.cpp:910]   --->   Operation 53 'trunc' 'pix' <Predicate = (!icmp_ln904 & or_ln909)> <Delay = 0.00>
ST_3 : Operation 54 [1/1] (0.00ns)   --->   "%pix_2 = partselect i8 @_ssdm_op_PartSelect.i8.i24.i32.i32, i24 %img_read_1, i32 8, i32 15" [prj/sol/.autopilot/db/v_frmbuf_wr.cpp:910]   --->   Operation 54 'partselect' 'pix_2' <Predicate = (!icmp_ln904 & or_ln909)> <Delay = 0.00>
ST_3 : Operation 55 [1/1] (1.29ns)   --->   "%br_ln910 = br void %for.inc664.1" [prj/sol/.autopilot/db/v_frmbuf_wr.cpp:910]   --->   Operation 55 'br' 'br_ln910' <Predicate = (!icmp_ln904 & or_ln909)> <Delay = 1.29>
ST_3 : Operation 56 [1/1] (0.80ns)   --->   "%or_ln909_1 = or i1 %icmp_ln909, i1 %icmp_ln909_1_read" [prj/sol/.autopilot/db/v_frmbuf_wr.cpp:909]   --->   Operation 56 'or' 'or_ln909_1' <Predicate = (!icmp_ln904)> <Delay = 0.80> <CoreInst = "LogicGate">   --->   Core 74 'LogicGate' <Latency = 0> <II = 1> <Delay = 0.80> <FuncUnit> <Opcode : 'and' 'or' 'xor'> <InPorts = 2> <OutPorts = 1>

State 4 <SV = 3> <Delay = 2.38>
ST_4 : Operation 57 [1/1] (0.00ns)   --->   "%in_pix_UV_1 = phi i8 %pix_2, void %if.then633.1, i8 %in_pix_UV, void %VITIS_LOOP_907_22.split"   --->   Operation 57 'phi' 'in_pix_UV_1' <Predicate = (!icmp_ln904)> <Delay = 0.00>
ST_4 : Operation 58 [1/1] (0.00ns)   --->   "%in_pix_Y_1 = phi i8 %pix, void %if.then633.1, i8 %in_pix_Y, void %VITIS_LOOP_907_22.split"   --->   Operation 58 'phi' 'in_pix_Y_1' <Predicate = (!icmp_ln904)> <Delay = 0.00>
ST_4 : Operation 59 [1/1] (1.29ns)   --->   "%br_ln909 = br i1 %or_ln909_1, void %for.inc664.2, void %if.then633.2" [prj/sol/.autopilot/db/v_frmbuf_wr.cpp:909]   --->   Operation 59 'br' 'br_ln909' <Predicate = (!icmp_ln904)> <Delay = 1.29>
ST_4 : Operation 60 [1/1] ( I:2.38ns O:2.38ns )   --->   "%img_read_2 = read i24 @_ssdm_op_Read.ap_fifo.volatile.i24P0A, i24 %img" [prj/sol/.autopilot/db/v_frmbuf_wr.cpp:910]   --->   Operation 60 'read' 'img_read_2' <Predicate = (!icmp_ln904 & or_ln909_1)> <Delay = 2.38> <CoreInst = "FIFO_SRL">   --->   Core 80 'FIFO_SRL' <Latency = 0> <II = 1> <Delay = 3.40> <Storage> <Opcode : 'read' 'write' 'nbread' 'nbwrite'> <Ports = 0> <Width = 24> <Depth = 2> <FIFO>
ST_4 : Operation 61 [1/1] (0.00ns)   --->   "%pix_5 = trunc i24 %img_read_2" [prj/sol/.autopilot/db/v_frmbuf_wr.cpp:910]   --->   Operation 61 'trunc' 'pix_5' <Predicate = (!icmp_ln904 & or_ln909_1)> <Delay = 0.00>
ST_4 : Operation 62 [1/1] (0.00ns)   --->   "%pix_6 = partselect i8 @_ssdm_op_PartSelect.i8.i24.i32.i32, i24 %img_read_2, i32 8, i32 15" [prj/sol/.autopilot/db/v_frmbuf_wr.cpp:910]   --->   Operation 62 'partselect' 'pix_6' <Predicate = (!icmp_ln904 & or_ln909_1)> <Delay = 0.00>
ST_4 : Operation 63 [1/1] (1.29ns)   --->   "%br_ln910 = br void %for.inc664.2" [prj/sol/.autopilot/db/v_frmbuf_wr.cpp:910]   --->   Operation 63 'br' 'br_ln910' <Predicate = (!icmp_ln904 & or_ln909_1)> <Delay = 1.29>
ST_4 : Operation 64 [1/1] (0.80ns)   --->   "%or_ln909_2 = or i1 %icmp_ln909, i1 %icmp33_read" [prj/sol/.autopilot/db/v_frmbuf_wr.cpp:909]   --->   Operation 64 'or' 'or_ln909_2' <Predicate = (!icmp_ln904)> <Delay = 0.80> <CoreInst = "LogicGate">   --->   Core 74 'LogicGate' <Latency = 0> <II = 1> <Delay = 0.80> <FuncUnit> <Opcode : 'and' 'or' 'xor'> <InPorts = 2> <OutPorts = 1>

State 5 <SV = 4> <Delay = 2.38>
ST_5 : Operation 65 [1/1] (0.00ns)   --->   "%in_pix_UV_2 = phi i8 %pix_6, void %if.then633.2, i8 %in_pix_UV_1, void %for.inc664.1"   --->   Operation 65 'phi' 'in_pix_UV_2' <Predicate = (!icmp_ln904)> <Delay = 0.00>
ST_5 : Operation 66 [1/1] (0.00ns)   --->   "%in_pix_Y_2 = phi i8 %pix_5, void %if.then633.2, i8 %in_pix_Y_1, void %for.inc664.1"   --->   Operation 66 'phi' 'in_pix_Y_2' <Predicate = (!icmp_ln904)> <Delay = 0.00>
ST_5 : Operation 67 [1/1] (1.29ns)   --->   "%br_ln909 = br i1 %or_ln909_2, void %for.inc664.3, void %if.then633.3" [prj/sol/.autopilot/db/v_frmbuf_wr.cpp:909]   --->   Operation 67 'br' 'br_ln909' <Predicate = (!icmp_ln904)> <Delay = 1.29>
ST_5 : Operation 68 [1/1] ( I:2.38ns O:2.38ns )   --->   "%img_read_3 = read i24 @_ssdm_op_Read.ap_fifo.volatile.i24P0A, i24 %img" [prj/sol/.autopilot/db/v_frmbuf_wr.cpp:910]   --->   Operation 68 'read' 'img_read_3' <Predicate = (!icmp_ln904 & or_ln909_2)> <Delay = 2.38> <CoreInst = "FIFO_SRL">   --->   Core 80 'FIFO_SRL' <Latency = 0> <II = 1> <Delay = 3.40> <Storage> <Opcode : 'read' 'write' 'nbread' 'nbwrite'> <Ports = 0> <Width = 24> <Depth = 2> <FIFO>
ST_5 : Operation 69 [1/1] (0.00ns)   --->   "%pix_9 = trunc i24 %img_read_3" [prj/sol/.autopilot/db/v_frmbuf_wr.cpp:910]   --->   Operation 69 'trunc' 'pix_9' <Predicate = (!icmp_ln904 & or_ln909_2)> <Delay = 0.00>
ST_5 : Operation 70 [1/1] (0.00ns)   --->   "%pix_10 = partselect i8 @_ssdm_op_PartSelect.i8.i24.i32.i32, i24 %img_read_3, i32 8, i32 15" [prj/sol/.autopilot/db/v_frmbuf_wr.cpp:910]   --->   Operation 70 'partselect' 'pix_10' <Predicate = (!icmp_ln904 & or_ln909_2)> <Delay = 0.00>
ST_5 : Operation 71 [1/1] (1.29ns)   --->   "%br_ln910 = br void %for.inc664.3" [prj/sol/.autopilot/db/v_frmbuf_wr.cpp:910]   --->   Operation 71 'br' 'br_ln910' <Predicate = (!icmp_ln904 & or_ln909_2)> <Delay = 1.29>
ST_5 : Operation 72 [1/1] (0.80ns)   --->   "%or_ln909_3 = or i1 %icmp_ln909, i1 %icmp_ln909_3_read" [prj/sol/.autopilot/db/v_frmbuf_wr.cpp:909]   --->   Operation 72 'or' 'or_ln909_3' <Predicate = (!icmp_ln904)> <Delay = 0.80> <CoreInst = "LogicGate">   --->   Core 74 'LogicGate' <Latency = 0> <II = 1> <Delay = 0.80> <FuncUnit> <Opcode : 'and' 'or' 'xor'> <InPorts = 2> <OutPorts = 1>
ST_5 : Operation 73 [1/1] (0.80ns)   --->   "%or_ln909_4 = or i1 %icmp_ln909, i1 %icmp_ln909_4_read" [prj/sol/.autopilot/db/v_frmbuf_wr.cpp:909]   --->   Operation 73 'or' 'or_ln909_4' <Predicate = (!icmp_ln904)> <Delay = 0.80> <CoreInst = "LogicGate">   --->   Core 74 'LogicGate' <Latency = 0> <II = 1> <Delay = 0.80> <FuncUnit> <Opcode : 'and' 'or' 'xor'> <InPorts = 2> <OutPorts = 1>
ST_5 : Operation 74 [1/1] (0.80ns)   --->   "%or_ln909_5 = or i1 %icmp_ln909, i1 %icmp_ln909_5_read" [prj/sol/.autopilot/db/v_frmbuf_wr.cpp:909]   --->   Operation 74 'or' 'or_ln909_5' <Predicate = (!icmp_ln904)> <Delay = 0.80> <CoreInst = "LogicGate">   --->   Core 74 'LogicGate' <Latency = 0> <II = 1> <Delay = 0.80> <FuncUnit> <Opcode : 'and' 'or' 'xor'> <InPorts = 2> <OutPorts = 1>
ST_5 : Operation 75 [1/1] (0.80ns)   --->   "%or_ln909_6 = or i1 %icmp_ln909, i1 %icmp_ln892_read" [prj/sol/.autopilot/db/v_frmbuf_wr.cpp:909]   --->   Operation 75 'or' 'or_ln909_6' <Predicate = (!icmp_ln904)> <Delay = 0.80> <CoreInst = "LogicGate">   --->   Core 74 'LogicGate' <Latency = 0> <II = 1> <Delay = 0.80> <FuncUnit> <Opcode : 'and' 'or' 'xor'> <InPorts = 2> <OutPorts = 1>

State 6 <SV = 5> <Delay = 2.38>
ST_6 : Operation 76 [1/1] (0.00ns)   --->   "%in_pix_UV_3 = phi i8 %pix_10, void %if.then633.3, i8 %in_pix_UV_2, void %for.inc664.2"   --->   Operation 76 'phi' 'in_pix_UV_3' <Predicate = (!icmp_ln904)> <Delay = 0.00>
ST_6 : Operation 77 [1/1] (0.00ns)   --->   "%in_pix_Y_3 = phi i8 %pix_9, void %if.then633.3, i8 %in_pix_Y_2, void %for.inc664.2"   --->   Operation 77 'phi' 'in_pix_Y_3' <Predicate = (!icmp_ln904)> <Delay = 0.00>
ST_6 : Operation 78 [1/1] (1.29ns)   --->   "%br_ln909 = br i1 %or_ln909_3, void %for.inc664.4, void %if.then633.4" [prj/sol/.autopilot/db/v_frmbuf_wr.cpp:909]   --->   Operation 78 'br' 'br_ln909' <Predicate = (!icmp_ln904)> <Delay = 1.29>
ST_6 : Operation 79 [1/1] ( I:2.38ns O:2.38ns )   --->   "%img_read_4 = read i24 @_ssdm_op_Read.ap_fifo.volatile.i24P0A, i24 %img" [prj/sol/.autopilot/db/v_frmbuf_wr.cpp:910]   --->   Operation 79 'read' 'img_read_4' <Predicate = (!icmp_ln904 & or_ln909_3)> <Delay = 2.38> <CoreInst = "FIFO_SRL">   --->   Core 80 'FIFO_SRL' <Latency = 0> <II = 1> <Delay = 3.40> <Storage> <Opcode : 'read' 'write' 'nbread' 'nbwrite'> <Ports = 0> <Width = 24> <Depth = 2> <FIFO>
ST_6 : Operation 80 [1/1] (0.00ns)   --->   "%pix_13 = trunc i24 %img_read_4" [prj/sol/.autopilot/db/v_frmbuf_wr.cpp:910]   --->   Operation 80 'trunc' 'pix_13' <Predicate = (!icmp_ln904 & or_ln909_3)> <Delay = 0.00>
ST_6 : Operation 81 [1/1] (0.00ns)   --->   "%pix_14 = partselect i8 @_ssdm_op_PartSelect.i8.i24.i32.i32, i24 %img_read_4, i32 8, i32 15" [prj/sol/.autopilot/db/v_frmbuf_wr.cpp:910]   --->   Operation 81 'partselect' 'pix_14' <Predicate = (!icmp_ln904 & or_ln909_3)> <Delay = 0.00>
ST_6 : Operation 82 [1/1] (1.29ns)   --->   "%br_ln910 = br void %for.inc664.4" [prj/sol/.autopilot/db/v_frmbuf_wr.cpp:910]   --->   Operation 82 'br' 'br_ln910' <Predicate = (!icmp_ln904 & or_ln909_3)> <Delay = 1.29>

State 7 <SV = 6> <Delay = 2.38>
ST_7 : Operation 83 [1/1] (0.00ns)   --->   "%in_pix_UV_4 = phi i8 %pix_14, void %if.then633.4, i8 %in_pix_UV_3, void %for.inc664.3"   --->   Operation 83 'phi' 'in_pix_UV_4' <Predicate = (!icmp_ln904)> <Delay = 0.00>
ST_7 : Operation 84 [1/1] (0.00ns)   --->   "%in_pix_Y_4 = phi i8 %pix_13, void %if.then633.4, i8 %in_pix_Y_3, void %for.inc664.3"   --->   Operation 84 'phi' 'in_pix_Y_4' <Predicate = (!icmp_ln904)> <Delay = 0.00>
ST_7 : Operation 85 [1/1] (1.29ns)   --->   "%br_ln909 = br i1 %or_ln909_4, void %for.inc664.5, void %if.then633.5" [prj/sol/.autopilot/db/v_frmbuf_wr.cpp:909]   --->   Operation 85 'br' 'br_ln909' <Predicate = (!icmp_ln904)> <Delay = 1.29>
ST_7 : Operation 86 [1/1] ( I:2.38ns O:2.38ns )   --->   "%img_read_5 = read i24 @_ssdm_op_Read.ap_fifo.volatile.i24P0A, i24 %img" [prj/sol/.autopilot/db/v_frmbuf_wr.cpp:910]   --->   Operation 86 'read' 'img_read_5' <Predicate = (!icmp_ln904 & or_ln909_4)> <Delay = 2.38> <CoreInst = "FIFO_SRL">   --->   Core 80 'FIFO_SRL' <Latency = 0> <II = 1> <Delay = 3.40> <Storage> <Opcode : 'read' 'write' 'nbread' 'nbwrite'> <Ports = 0> <Width = 24> <Depth = 2> <FIFO>
ST_7 : Operation 87 [1/1] (0.00ns)   --->   "%pix_17 = trunc i24 %img_read_5" [prj/sol/.autopilot/db/v_frmbuf_wr.cpp:910]   --->   Operation 87 'trunc' 'pix_17' <Predicate = (!icmp_ln904 & or_ln909_4)> <Delay = 0.00>
ST_7 : Operation 88 [1/1] (0.00ns)   --->   "%pix_18 = partselect i8 @_ssdm_op_PartSelect.i8.i24.i32.i32, i24 %img_read_5, i32 8, i32 15" [prj/sol/.autopilot/db/v_frmbuf_wr.cpp:910]   --->   Operation 88 'partselect' 'pix_18' <Predicate = (!icmp_ln904 & or_ln909_4)> <Delay = 0.00>
ST_7 : Operation 89 [1/1] (1.29ns)   --->   "%br_ln910 = br void %for.inc664.5" [prj/sol/.autopilot/db/v_frmbuf_wr.cpp:910]   --->   Operation 89 'br' 'br_ln910' <Predicate = (!icmp_ln904 & or_ln909_4)> <Delay = 1.29>

State 8 <SV = 7> <Delay = 2.38>
ST_8 : Operation 90 [1/1] (0.00ns)   --->   "%in_pix_UV_5 = phi i8 %pix_18, void %if.then633.5, i8 %in_pix_UV_4, void %for.inc664.4"   --->   Operation 90 'phi' 'in_pix_UV_5' <Predicate = (!icmp_ln904)> <Delay = 0.00>
ST_8 : Operation 91 [1/1] (0.00ns)   --->   "%in_pix_Y_5 = phi i8 %pix_17, void %if.then633.5, i8 %in_pix_Y_4, void %for.inc664.4"   --->   Operation 91 'phi' 'in_pix_Y_5' <Predicate = (!icmp_ln904)> <Delay = 0.00>
ST_8 : Operation 92 [1/1] (1.29ns)   --->   "%br_ln909 = br i1 %or_ln909_5, void %for.inc664.6, void %if.then633.6" [prj/sol/.autopilot/db/v_frmbuf_wr.cpp:909]   --->   Operation 92 'br' 'br_ln909' <Predicate = (!icmp_ln904)> <Delay = 1.29>
ST_8 : Operation 93 [1/1] ( I:2.38ns O:2.38ns )   --->   "%img_read_6 = read i24 @_ssdm_op_Read.ap_fifo.volatile.i24P0A, i24 %img" [prj/sol/.autopilot/db/v_frmbuf_wr.cpp:910]   --->   Operation 93 'read' 'img_read_6' <Predicate = (!icmp_ln904 & or_ln909_5)> <Delay = 2.38> <CoreInst = "FIFO_SRL">   --->   Core 80 'FIFO_SRL' <Latency = 0> <II = 1> <Delay = 3.40> <Storage> <Opcode : 'read' 'write' 'nbread' 'nbwrite'> <Ports = 0> <Width = 24> <Depth = 2> <FIFO>
ST_8 : Operation 94 [1/1] (0.00ns)   --->   "%pix_21 = trunc i24 %img_read_6" [prj/sol/.autopilot/db/v_frmbuf_wr.cpp:910]   --->   Operation 94 'trunc' 'pix_21' <Predicate = (!icmp_ln904 & or_ln909_5)> <Delay = 0.00>
ST_8 : Operation 95 [1/1] (0.00ns)   --->   "%pix_22 = partselect i8 @_ssdm_op_PartSelect.i8.i24.i32.i32, i24 %img_read_6, i32 8, i32 15" [prj/sol/.autopilot/db/v_frmbuf_wr.cpp:910]   --->   Operation 95 'partselect' 'pix_22' <Predicate = (!icmp_ln904 & or_ln909_5)> <Delay = 0.00>
ST_8 : Operation 96 [1/1] (1.29ns)   --->   "%br_ln910 = br void %for.inc664.6" [prj/sol/.autopilot/db/v_frmbuf_wr.cpp:910]   --->   Operation 96 'br' 'br_ln910' <Predicate = (!icmp_ln904 & or_ln909_5)> <Delay = 1.29>

State 9 <SV = 8> <Delay = 2.38>
ST_9 : Operation 97 [1/1] (0.00ns)   --->   "%in_pix_UV_6 = phi i8 %pix_22, void %if.then633.6, i8 %in_pix_UV_5, void %for.inc664.5"   --->   Operation 97 'phi' 'in_pix_UV_6' <Predicate = (!icmp_ln904)> <Delay = 0.00>
ST_9 : Operation 98 [1/1] (0.00ns)   --->   "%in_pix_Y_6 = phi i8 %pix_21, void %if.then633.6, i8 %in_pix_Y_5, void %for.inc664.5"   --->   Operation 98 'phi' 'in_pix_Y_6' <Predicate = (!icmp_ln904)> <Delay = 0.00>
ST_9 : Operation 99 [1/1] (1.29ns)   --->   "%br_ln909 = br i1 %or_ln909_6, void %for.inc664.7, void %if.then633.7" [prj/sol/.autopilot/db/v_frmbuf_wr.cpp:909]   --->   Operation 99 'br' 'br_ln909' <Predicate = (!icmp_ln904)> <Delay = 1.29>
ST_9 : Operation 100 [1/1] ( I:2.38ns O:2.38ns )   --->   "%img_read_7 = read i24 @_ssdm_op_Read.ap_fifo.volatile.i24P0A, i24 %img" [prj/sol/.autopilot/db/v_frmbuf_wr.cpp:910]   --->   Operation 100 'read' 'img_read_7' <Predicate = (!icmp_ln904 & or_ln909_6)> <Delay = 2.38> <CoreInst = "FIFO_SRL">   --->   Core 80 'FIFO_SRL' <Latency = 0> <II = 1> <Delay = 3.40> <Storage> <Opcode : 'read' 'write' 'nbread' 'nbwrite'> <Ports = 0> <Width = 24> <Depth = 2> <FIFO>
ST_9 : Operation 101 [1/1] (0.00ns)   --->   "%pix_25 = trunc i24 %img_read_7" [prj/sol/.autopilot/db/v_frmbuf_wr.cpp:910]   --->   Operation 101 'trunc' 'pix_25' <Predicate = (!icmp_ln904 & or_ln909_6)> <Delay = 0.00>
ST_9 : Operation 102 [1/1] (0.00ns)   --->   "%pix_26 = partselect i8 @_ssdm_op_PartSelect.i8.i24.i32.i32, i24 %img_read_7, i32 8, i32 15" [prj/sol/.autopilot/db/v_frmbuf_wr.cpp:910]   --->   Operation 102 'partselect' 'pix_26' <Predicate = (!icmp_ln904 & or_ln909_6)> <Delay = 0.00>
ST_9 : Operation 103 [1/1] (1.29ns)   --->   "%br_ln910 = br void %for.inc664.7" [prj/sol/.autopilot/db/v_frmbuf_wr.cpp:910]   --->   Operation 103 'br' 'br_ln910' <Predicate = (!icmp_ln904 & or_ln909_6)> <Delay = 1.29>

State 10 <SV = 9> <Delay = 2.38>
ST_10 : Operation 104 [1/1] (0.00ns)   --->   "%in_pix_UV_7 = phi i8 %pix_26, void %if.then633.7, i8 %in_pix_UV_6, void %for.inc664.6"   --->   Operation 104 'phi' 'in_pix_UV_7' <Predicate = true> <Delay = 0.00>
ST_10 : Operation 105 [1/1] (0.00ns)   --->   "%in_pix_Y_7 = phi i8 %pix_25, void %if.then633.7, i8 %in_pix_Y_6, void %for.inc664.6"   --->   Operation 105 'phi' 'in_pix_Y_7' <Predicate = true> <Delay = 0.00>
ST_10 : Operation 106 [1/1] (0.00ns)   --->   "%out_pix_Y = bitconcatenate i64 @_ssdm_op_BitConcatenate.i64.i8.i8.i8.i8.i8.i8.i8.i8, i8 %in_pix_Y_7, i8 %in_pix_Y_6, i8 %in_pix_Y_5, i8 %in_pix_Y_4, i8 %in_pix_Y_3, i8 %in_pix_Y_2, i8 %in_pix_Y_1, i8 %in_pix_Y" [prj/sol/.autopilot/db/v_frmbuf_wr.cpp:918]   --->   Operation 106 'bitconcatenate' 'out_pix_Y' <Predicate = true> <Delay = 0.00>
ST_10 : Operation 107 [1/1] (0.00ns)   --->   "%out_pix_UV = bitconcatenate i64 @_ssdm_op_BitConcatenate.i64.i8.i8.i8.i8.i8.i8.i8.i8, i8 %in_pix_UV_7, i8 %in_pix_UV_6, i8 %in_pix_UV_5, i8 %in_pix_UV_4, i8 %in_pix_UV_3, i8 %in_pix_UV_2, i8 %in_pix_UV_1, i8 %in_pix_UV" [prj/sol/.autopilot/db/v_frmbuf_wr.cpp:920]   --->   Operation 107 'bitconcatenate' 'out_pix_UV' <Predicate = true> <Delay = 0.00>
ST_10 : Operation 108 [1/1] ( I:2.38ns O:2.38ns )   --->   "%write_ln923 = write void @_ssdm_op_Write.ap_fifo.volatile.i64P0A, i64 %bytePlanes_plane0, i64 %out_pix_Y" [prj/sol/.autopilot/db/v_frmbuf_wr.cpp:923]   --->   Operation 108 'write' 'write_ln923' <Predicate = true> <Delay = 2.38> <CoreInst = "FIFO_BRAM">   --->   Core 78 'FIFO_BRAM' <Latency = 0> <II = 1> <Delay = 3.41> <Storage> <Opcode : 'read' 'write' 'nbread' 'nbwrite'> <Ports = 0> <Width = 64> <Depth = 481> <FIFO>
ST_10 : Operation 109 [1/1] ( I:2.38ns O:2.38ns )   --->   "%write_ln926 = write void @_ssdm_op_Write.ap_fifo.volatile.i64P0A, i64 %bytePlanes_plane1, i64 %out_pix_UV" [prj/sol/.autopilot/db/v_frmbuf_wr.cpp:926]   --->   Operation 109 'write' 'write_ln926' <Predicate = (!and_ln925)> <Delay = 2.38> <CoreInst = "FIFO_BRAM">   --->   Core 78 'FIFO_BRAM' <Latency = 0> <II = 1> <Delay = 3.41> <Storage> <Opcode : 'read' 'write' 'nbread' 'nbwrite'> <Ports = 0> <Width = 64> <Depth = 481> <FIFO>
ST_10 : Operation 110 [1/1] (0.00ns)   --->   "%br_ln926 = br void %for.inc706" [prj/sol/.autopilot/db/v_frmbuf_wr.cpp:926]   --->   Operation 110 'br' 'br_ln926' <Predicate = (!and_ln925)> <Delay = 0.00>


============================================================
+ Verbose Summary: Timing violations
============================================================
Target clock period: 6.522ns, clock uncertainty: 1.761ns.

 <State 1>: 4.078ns
The critical path consists of the following:
	'store' operation ('store_ln904', prj/sol/.autopilot/db/v_frmbuf_wr.cpp:904) of constant 0 11 bit on local variable 'x', prj/sol/.autopilot/db/v_frmbuf_wr.cpp:904 [33]  (1.298 ns)
	'load' operation 11 bit ('x', prj/sol/.autopilot/db/v_frmbuf_wr.cpp:904) on local variable 'x', prj/sol/.autopilot/db/v_frmbuf_wr.cpp:904 [36]  (0.000 ns)
	'icmp' operation 1 bit ('icmp_ln904', prj/sol/.autopilot/db/v_frmbuf_wr.cpp:904) [37]  (1.482 ns)
	'store' operation ('store_ln904', prj/sol/.autopilot/db/v_frmbuf_wr.cpp:904) of variable 'x', prj/sol/.autopilot/db/v_frmbuf_wr.cpp:904 11 bit on local variable 'x', prj/sol/.autopilot/db/v_frmbuf_wr.cpp:904 [129]  (1.298 ns)

 <State 2>: 2.381ns
The critical path consists of the following:
	fifo read operation ('img_read', prj/sol/.autopilot/db/v_frmbuf_wr.cpp:910) on port 'img' (prj/sol/.autopilot/db/v_frmbuf_wr.cpp:910) [46]  (2.381 ns)

 <State 3>: 2.381ns
The critical path consists of the following:
	fifo read operation ('img_read_1', prj/sol/.autopilot/db/v_frmbuf_wr.cpp:910) on port 'img' (prj/sol/.autopilot/db/v_frmbuf_wr.cpp:910) [52]  (2.381 ns)

 <State 4>: 2.381ns
The critical path consists of the following:
	fifo read operation ('img_read_2', prj/sol/.autopilot/db/v_frmbuf_wr.cpp:910) on port 'img' (prj/sol/.autopilot/db/v_frmbuf_wr.cpp:910) [62]  (2.381 ns)

 <State 5>: 2.381ns
The critical path consists of the following:
	fifo read operation ('img_read_3', prj/sol/.autopilot/db/v_frmbuf_wr.cpp:910) on port 'img' (prj/sol/.autopilot/db/v_frmbuf_wr.cpp:910) [72]  (2.381 ns)

 <State 6>: 2.381ns
The critical path consists of the following:
	fifo read operation ('img_read_4', prj/sol/.autopilot/db/v_frmbuf_wr.cpp:910) on port 'img' (prj/sol/.autopilot/db/v_frmbuf_wr.cpp:910) [82]  (2.381 ns)

 <State 7>: 2.381ns
The critical path consists of the following:
	fifo read operation ('img_read_5', prj/sol/.autopilot/db/v_frmbuf_wr.cpp:910) on port 'img' (prj/sol/.autopilot/db/v_frmbuf_wr.cpp:910) [92]  (2.381 ns)

 <State 8>: 2.381ns
The critical path consists of the following:
	fifo read operation ('img_read_6', prj/sol/.autopilot/db/v_frmbuf_wr.cpp:910) on port 'img' (prj/sol/.autopilot/db/v_frmbuf_wr.cpp:910) [102]  (2.381 ns)

 <State 9>: 2.381ns
The critical path consists of the following:
	fifo read operation ('img_read_7', prj/sol/.autopilot/db/v_frmbuf_wr.cpp:910) on port 'img' (prj/sol/.autopilot/db/v_frmbuf_wr.cpp:910) [112]  (2.381 ns)

 <State 10>: 2.381ns
The critical path consists of the following:
	'phi' operation 8 bit ('pix') with incoming values : ('pix', prj/sol/.autopilot/db/v_frmbuf_wr.cpp:910) [117]  (0.000 ns)
	fifo write operation ('write_ln926', prj/sol/.autopilot/db/v_frmbuf_wr.cpp:926) on port 'bytePlanes_plane1' (prj/sol/.autopilot/db/v_frmbuf_wr.cpp:926) [126]  (2.381 ns)


============================================================
+ Verbose Summary: Binding
============================================================
N/A
* FSMD analyzer results:
  - Output states:
 - Input state : 
  - Chain level:
	State 1
	State 2
	State 3
	State 4
	State 5
	State 6
	State 7
	State 8
	State 9
	State 10


============================================================
+ Verbose Summary: Datapath Resource usage 
============================================================
N/A
