

================================================================
== Vitis HLS Report for 'MultiPixStream2Bytes_Pipeline_VITIS_LOOP_739_11'
================================================================
* Date:           Mon Mar 16 15:10:42 2026

* Version:        2025.2 (Build 6295257 on Nov 14 2025)
* Project:        prj
* Solution:       sol (Vivado IP Flow Target)
* Product family: zynq
* Target device:  xc7z020-clg400-2


================================================================
== Performance Estimates
================================================================
+ Timing: 
    * Summary: 
    +--------+---------+----------+------------+
    |  Clock |  Target | Estimated| Uncertainty|
    +--------+---------+----------+------------+
    |ap_clk  |  6.52 ns|  4.078 ns|     1.76 ns|
    +--------+---------+----------+------------+

+ Latency: 
    * Summary: 
    +---------+---------+-----------+-----------+-----+-----+-------------------+
    |  Latency (cycles) |   Latency (absolute)  |  Interval |      Pipeline     |
    |   min   |   max   |    min    |    max    | min | max |        Type       |
    +---------+---------+-----------+-----------+-----+-----+-------------------+
    |        2|     4322|  13.044 ns|  28.188 us|    0|    0|  loop pipeline stp|
    +---------+---------+-----------+-----------+-----+-----+-------------------+

    + Detail: 
        * Instance: 
        N/A

        * Loop: 
        +---------------------+---------+---------+----------+-----------+-----------+----------+----------+
        |                     |  Latency (cycles) | Iteration|  Initiation Interval  |   Trip   |          |
        |      Loop Name      |   min   |   max   |  Latency |  achieved |   target  |   Count  | Pipelined|
        +---------------------+---------+---------+----------+-----------+-----------+----------+----------+
        |- VITIS_LOOP_739_11  |        0|     4320|         4|          3|          3|  0 ~ 1440|       yes|
        +---------------------+---------+---------+----------+-----------+-----------+----------+----------+

============================================================
+ Verbose Summary: Synthesis Manager
============================================================
InlineROM: 1
ExposeGlobal: 0
============================================================
+ Verbose Summary: CDFG Model
============================================================
IsTopModel: 0
ResetActiveHigh: 1
IsCombinational: 0
IsDatapathOnly: 0
HasWiredReturn: 1
HasMFsm: 2
HasVarLatency: 1
IsPipeline: 0
IsRtlPipelined: 0
IsInstanceOverlapped: 0
IsDontTouch: 0
HasImplIP: 0
IsGatedGlobalClock: 0

+ Individual pipeline summary: 
  * Pipeline-0: initiation interval (II) = 3, depth = 4


============================================================
+ Verbose Summary: Schedule
============================================================
* Number of FSM states : 4
* Pipeline : 1
  Pipeline-0 : II = 3, D = 4, States = { 1 2 3 4 }
* Dataflow Pipeline: 0

* FSM state transitions: 
1 --> 2 
2 --> 3 
3 --> 4 
4 --> 

* FSM state operations: 

State 1 <SV = 0> <Delay = 4.07>
ST_1 : Operation 7 [1/1] (0.00ns)   --->   "%x_3 = alloca i32 1" [prj/sol/.autopilot/db/v_frmbuf_wr.cpp:739]   --->   Operation 7 'alloca' 'x_3' <Predicate = true> <Delay = 0.00>
ST_1 : Operation 8 [1/1] (0.00ns)   --->   "%specmemcore_ln0 = specmemcore void @_ssdm_op_SpecMemCore, i64 %bytePlanes_plane0, i64 666, i64 8, i64 18446744073709551615, i1 0"   --->   Operation 8 'specmemcore' 'specmemcore_ln0' <Predicate = true> <Delay = 0.00>
ST_1 : Operation 9 [1/1] (0.00ns)   --->   "%specinterface_ln0 = specinterface void @_ssdm_op_SpecInterface, i24 %img, void @empty_20, i32 0, i32 0, void @empty_53, i32 0, i32 0, void @empty_53, void @empty_53, void @empty_53, i32 0, i32 0, i32 0, i32 0, void @empty_53, void @empty_53, i32 4294967295, i32 0, i32 0, i32 0"   --->   Operation 9 'specinterface' 'specinterface_ln0' <Predicate = true> <Delay = 0.00>
ST_1 : Operation 10 [1/1] (0.00ns)   --->   "%specinterface_ln0 = specinterface void @_ssdm_op_SpecInterface, i64 %bytePlanes_plane0, void @empty_20, i32 0, i32 0, void @empty_53, i32 0, i32 0, void @empty_53, void @empty_53, void @empty_53, i32 0, i32 0, i32 0, i32 0, void @empty_53, void @empty_53, i32 4294967295, i32 0, i32 0, i32 0"   --->   Operation 10 'specinterface' 'specinterface_ln0' <Predicate = true> <Delay = 0.00>
ST_1 : Operation 11 [1/1] (0.00ns)   --->   "%rev21_read = read i1 @_ssdm_op_Read.ap_auto.i1, i1 %rev21" [prj/sol/.autopilot/db/v_frmbuf_wr.cpp:428]   --->   Operation 11 'read' 'rev21_read' <Predicate = true> <Delay = 0.00>
ST_1 : Operation 12 [1/1] (0.00ns)   --->   "%sext_ln735_read = read i12 @_ssdm_op_Read.ap_auto.i12, i12 %sext_ln735" [prj/sol/.autopilot/db/v_frmbuf_wr.cpp:428]   --->   Operation 12 'read' 'sext_ln735_read' <Predicate = true> <Delay = 0.00>
ST_1 : Operation 13 [1/1] (0.00ns)   --->   "%loopWidth_3_read = read i11 @_ssdm_op_Read.ap_auto.i11, i11 %loopWidth_3" [prj/sol/.autopilot/db/v_frmbuf_wr.cpp:428]   --->   Operation 13 'read' 'loopWidth_3_read' <Predicate = true> <Delay = 0.00>
ST_1 : Operation 14 [1/1] (1.29ns)   --->   "%store_ln739 = store i11 0, i11 %x_3" [prj/sol/.autopilot/db/v_frmbuf_wr.cpp:739]   --->   Operation 14 'store' 'store_ln739' <Predicate = true> <Delay = 1.29>
ST_1 : Operation 15 [1/1] (0.00ns)   --->   "%br_ln739 = br void %VITIS_LOOP_742_12" [prj/sol/.autopilot/db/v_frmbuf_wr.cpp:739]   --->   Operation 15 'br' 'br_ln739' <Predicate = true> <Delay = 0.00>
ST_1 : Operation 16 [1/1] (0.00ns)   --->   "%x = load i11 %x_3" [prj/sol/.autopilot/db/v_frmbuf_wr.cpp:739]   --->   Operation 16 'load' 'x' <Predicate = true> <Delay = 0.00>
ST_1 : Operation 17 [1/1] (1.48ns)   --->   "%icmp_ln739 = icmp_eq  i11 %x, i11 %loopWidth_3_read" [prj/sol/.autopilot/db/v_frmbuf_wr.cpp:739]   --->   Operation 17 'icmp' 'icmp_ln739' <Predicate = true> <Delay = 1.48> <CoreInst = "Cmp">   --->   Core 9 'Cmp' <Latency = 0> <II = 1> <Delay = 1.48> <FuncUnit> <Opcode : 'seteq' 'setne' 'setle' 'setge' 'setlt' 'setgt'> <InPorts = 2> <OutPorts = 1>
ST_1 : Operation 18 [1/1] (0.00ns)   --->   "%speclooptripcount_ln0 = speclooptripcount void @_ssdm_op_SpecLoopTripCount, i64 0, i64 1440, i64 0"   --->   Operation 18 'speclooptripcount' 'speclooptripcount_ln0' <Predicate = true> <Delay = 0.00>
ST_1 : Operation 19 [1/1] (1.48ns)   --->   "%x_6 = add i11 %x, i11 1" [prj/sol/.autopilot/db/v_frmbuf_wr.cpp:739]   --->   Operation 19 'add' 'x_6' <Predicate = true> <Delay = 1.48> <CoreInst = "Adder">   --->   Core 1 'Adder' <Latency = 0> <II = 1> <Delay = 1.48> <FuncUnit> <Opcode : 'add' 'sub'> <InPorts = 2> <OutPorts = 1>
ST_1 : Operation 20 [1/1] (0.00ns)   --->   "%br_ln739 = br i1 %icmp_ln739, void %VITIS_LOOP_742_12.split, void %for.inc397.exitStub" [prj/sol/.autopilot/db/v_frmbuf_wr.cpp:739]   --->   Operation 20 'br' 'br_ln739' <Predicate = true> <Delay = 0.00>
ST_1 : Operation 21 [1/1] (0.00ns)   --->   "%zext_ln741 = zext i11 %x" [prj/sol/.autopilot/db/v_frmbuf_wr.cpp:741]   --->   Operation 21 'zext' 'zext_ln741' <Predicate = (!icmp_ln739)> <Delay = 0.00>
ST_1 : Operation 22 [1/1] (1.54ns)   --->   "%icmp_ln744 = icmp_slt  i12 %zext_ln741, i12 %sext_ln735_read" [prj/sol/.autopilot/db/v_frmbuf_wr.cpp:744]   --->   Operation 22 'icmp' 'icmp_ln744' <Predicate = (!icmp_ln739)> <Delay = 1.54> <CoreInst = "Cmp">   --->   Core 9 'Cmp' <Latency = 0> <II = 1> <Delay = 1.54> <FuncUnit> <Opcode : 'seteq' 'setne' 'setle' 'setge' 'setlt' 'setgt'> <InPorts = 2> <OutPorts = 1>
ST_1 : Operation 23 [1/1] (0.80ns)   --->   "%or_ln744 = or i1 %icmp_ln744, i1 %rev21_read" [prj/sol/.autopilot/db/v_frmbuf_wr.cpp:744]   --->   Operation 23 'or' 'or_ln744' <Predicate = (!icmp_ln739)> <Delay = 0.80> <CoreInst = "LogicGate">   --->   Core 74 'LogicGate' <Latency = 0> <II = 1> <Delay = 0.80> <FuncUnit> <Opcode : 'and' 'or' 'xor'> <InPorts = 2> <OutPorts = 1>
ST_1 : Operation 24 [1/1] (1.29ns)   --->   "%store_ln739 = store i11 %x_6, i11 %x_3" [prj/sol/.autopilot/db/v_frmbuf_wr.cpp:739]   --->   Operation 24 'store' 'store_ln739' <Predicate = (!icmp_ln739)> <Delay = 1.29>
ST_1 : Operation 48 [1/1] (1.29ns)   --->   "%ret_ln0 = ret"   --->   Operation 48 'ret' 'ret_ln0' <Predicate = (icmp_ln739)> <Delay = 1.29>

State 2 <SV = 1> <Delay = 2.38>
ST_2 : Operation 25 [1/1] ( I:2.38ns O:2.38ns )   --->   "%img_read = read i24 @_ssdm_op_Read.ap_fifo.volatile.i24P0A, i24 %img" [prj/sol/.autopilot/db/v_frmbuf_wr.cpp:745]   --->   Operation 25 'read' 'img_read' <Predicate = (!icmp_ln739)> <Delay = 2.38> <CoreInst = "FIFO_SRL">   --->   Core 80 'FIFO_SRL' <Latency = 0> <II = 1> <Delay = 3.40> <Storage> <Opcode : 'read' 'write' 'nbread' 'nbwrite'> <Ports = 0> <Width = 24> <Depth = 2> <FIFO>
ST_2 : Operation 26 [1/1] (0.00ns)   --->   "%pix = trunc i24 %img_read" [prj/sol/.autopilot/db/v_frmbuf_wr.cpp:745]   --->   Operation 26 'trunc' 'pix' <Predicate = (!icmp_ln739)> <Delay = 0.00>
ST_2 : Operation 27 [1/1] (0.00ns)   --->   "%pix_7 = partselect i8 @_ssdm_op_PartSelect.i8.i24.i32.i32, i24 %img_read, i32 8, i32 15" [prj/sol/.autopilot/db/v_frmbuf_wr.cpp:745]   --->   Operation 27 'partselect' 'pix_7' <Predicate = (!icmp_ln739)> <Delay = 0.00>
ST_2 : Operation 28 [1/1] (0.00ns)   --->   "%pix_8 = partselect i8 @_ssdm_op_PartSelect.i8.i24.i32.i32, i24 %img_read, i32 16, i32 23" [prj/sol/.autopilot/db/v_frmbuf_wr.cpp:745]   --->   Operation 28 'partselect' 'pix_8' <Predicate = (!icmp_ln739)> <Delay = 0.00>
ST_2 : Operation 29 [1/1] (1.29ns)   --->   "%br_ln744 = br i1 %or_ln744, void %for.inc387.1, void %if.then347.1" [prj/sol/.autopilot/db/v_frmbuf_wr.cpp:744]   --->   Operation 29 'br' 'br_ln744' <Predicate = (!icmp_ln739)> <Delay = 1.29>

State 3 <SV = 2> <Delay = 2.38>
ST_3 : Operation 30 [1/1] ( I:2.38ns O:2.38ns )   --->   "%img_read_14 = read i24 @_ssdm_op_Read.ap_fifo.volatile.i24P0A, i24 %img" [prj/sol/.autopilot/db/v_frmbuf_wr.cpp:745]   --->   Operation 30 'read' 'img_read_14' <Predicate = (!icmp_ln739 & or_ln744)> <Delay = 2.38> <CoreInst = "FIFO_SRL">   --->   Core 80 'FIFO_SRL' <Latency = 0> <II = 1> <Delay = 3.40> <Storage> <Opcode : 'read' 'write' 'nbread' 'nbwrite'> <Ports = 0> <Width = 24> <Depth = 2> <FIFO>
ST_3 : Operation 31 [1/1] (0.00ns)   --->   "%pix_51 = trunc i24 %img_read_14" [prj/sol/.autopilot/db/v_frmbuf_wr.cpp:745]   --->   Operation 31 'trunc' 'pix_51' <Predicate = (!icmp_ln739 & or_ln744)> <Delay = 0.00>
ST_3 : Operation 32 [1/1] (0.00ns)   --->   "%pix_52 = partselect i8 @_ssdm_op_PartSelect.i8.i24.i32.i32, i24 %img_read_14, i32 8, i32 15" [prj/sol/.autopilot/db/v_frmbuf_wr.cpp:745]   --->   Operation 32 'partselect' 'pix_52' <Predicate = (!icmp_ln739 & or_ln744)> <Delay = 0.00>
ST_3 : Operation 33 [1/1] (0.00ns)   --->   "%pix_1 = partselect i8 @_ssdm_op_PartSelect.i8.i24.i32.i32, i24 %img_read_14, i32 16, i32 23" [prj/sol/.autopilot/db/v_frmbuf_wr.cpp:745]   --->   Operation 33 'partselect' 'pix_1' <Predicate = (!icmp_ln739 & or_ln744)> <Delay = 0.00>
ST_3 : Operation 34 [1/1] (1.29ns)   --->   "%br_ln745 = br void %for.inc387.1" [prj/sol/.autopilot/db/v_frmbuf_wr.cpp:745]   --->   Operation 34 'br' 'br_ln745' <Predicate = (!icmp_ln739 & or_ln744)> <Delay = 1.29>

State 4 <SV = 3> <Delay = 2.38>
ST_4 : Operation 35 [1/1] (0.00ns)   --->   "%out_pix_4_out_load = load i64 %out_pix_4_out" [prj/sol/.autopilot/db/v_frmbuf_wr.cpp:752]   --->   Operation 35 'load' 'out_pix_4_out_load' <Predicate = (!icmp_ln739)> <Delay = 0.00>
ST_4 : Operation 36 [1/1] (0.00ns)   --->   "%specpipeline_ln741 = specpipeline void @_ssdm_op_SpecPipeline, i32 3, i32 0, i32 0, i32 0, i32 4294967295, void @empty_53" [prj/sol/.autopilot/db/v_frmbuf_wr.cpp:741]   --->   Operation 36 'specpipeline' 'specpipeline_ln741' <Predicate = (!icmp_ln739)> <Delay = 0.00>
ST_4 : Operation 37 [1/1] (0.00ns)   --->   "%specloopname_ln739 = specloopname void @_ssdm_op_SpecLoopName, void @empty_25" [prj/sol/.autopilot/db/v_frmbuf_wr.cpp:739]   --->   Operation 37 'specloopname' 'specloopname_ln739' <Predicate = (!icmp_ln739)> <Delay = 0.00>
ST_4 : Operation 38 [1/1] (0.00ns)   --->   "%in_pix = bitconcatenate i24 @_ssdm_op_BitConcatenate.i24.i8.i8.i8, i8 %pix, i8 %pix_7, i8 %pix_8" [prj/sol/.autopilot/db/v_frmbuf_wr.cpp:750]   --->   Operation 38 'bitconcatenate' 'in_pix' <Predicate = (!icmp_ln739)> <Delay = 0.00>
ST_4 : Operation 39 [1/1] (0.00ns)   --->   "%out_pix = partset i64 @_ssdm_op_PartSet.i64.i64.i24.i32, i64 %out_pix_4_out_load, i24 %in_pix, i32 0" [prj/sol/.autopilot/db/v_frmbuf_wr.cpp:752]   --->   Operation 39 'partset' 'out_pix' <Predicate = (!icmp_ln739)> <Delay = 0.00>
ST_4 : Operation 40 [1/1] (0.00ns)   --->   "%pix_32 = phi i8 %pix_1, void %if.then347.1, i8 %pix_8, void %VITIS_LOOP_742_12.split"   --->   Operation 40 'phi' 'pix_32' <Predicate = true> <Delay = 0.00>
ST_4 : Operation 41 [1/1] (0.00ns)   --->   "%pix_31 = phi i8 %pix_52, void %if.then347.1, i8 %pix_7, void %VITIS_LOOP_742_12.split"   --->   Operation 41 'phi' 'pix_31' <Predicate = true> <Delay = 0.00>
ST_4 : Operation 42 [1/1] (0.00ns)   --->   "%pix_30 = phi i8 %pix_51, void %if.then347.1, i8 %pix, void %VITIS_LOOP_742_12.split"   --->   Operation 42 'phi' 'pix_30' <Predicate = true> <Delay = 0.00>
ST_4 : Operation 43 [1/1] (0.00ns)   --->   "%in_pix_1 = bitconcatenate i24 @_ssdm_op_BitConcatenate.i24.i8.i8.i8, i8 %pix_30, i8 %pix_31, i8 %pix_32" [prj/sol/.autopilot/db/v_frmbuf_wr.cpp:750]   --->   Operation 43 'bitconcatenate' 'in_pix_1' <Predicate = true> <Delay = 0.00>
ST_4 : Operation 44 [1/1] (0.00ns)   --->   "%out_pix_1 = partset i64 @_ssdm_op_PartSet.i64.i64.i24.i32, i64 %out_pix, i24 %in_pix_1, i32 32" [prj/sol/.autopilot/db/v_frmbuf_wr.cpp:752]   --->   Operation 44 'partset' 'out_pix_1' <Predicate = true> <Delay = 0.00>
ST_4 : Operation 45 [1/1] ( I:2.38ns O:2.38ns )   --->   "%write_ln755 = write void @_ssdm_op_Write.ap_fifo.volatile.i64P0A, i64 %bytePlanes_plane0, i64 %out_pix_1" [prj/sol/.autopilot/db/v_frmbuf_wr.cpp:755]   --->   Operation 45 'write' 'write_ln755' <Predicate = true> <Delay = 2.38> <CoreInst = "FIFO_BRAM">   --->   Core 78 'FIFO_BRAM' <Latency = 0> <II = 1> <Delay = 3.41> <Storage> <Opcode : 'read' 'write' 'nbread' 'nbwrite'> <Ports = 0> <Width = 64> <Depth = 481> <FIFO>
ST_4 : Operation 46 [1/1] (0.00ns)   --->   "%store_ln732 = store i64 %out_pix_1, i64 %out_pix_4_out" [prj/sol/.autopilot/db/v_frmbuf_wr.cpp:732]   --->   Operation 46 'store' 'store_ln732' <Predicate = true> <Delay = 0.00>
ST_4 : Operation 47 [1/1] (0.00ns)   --->   "%br_ln739 = br void %VITIS_LOOP_742_12" [prj/sol/.autopilot/db/v_frmbuf_wr.cpp:739]   --->   Operation 47 'br' 'br_ln739' <Predicate = true> <Delay = 0.00>


============================================================
+ Verbose Summary: Binding
============================================================
STG Binding: 
---------------- STG Properties BEGIN ----------------
- Is combinational: 0
- Is one-state seq: 0
- Is datapath-only: 0
- Is pipelined: 0
- Is top level: 0
Port [ Return ] is wired: 1; IO mode=ap_ctrl_hs:ce=0
Port [ loopWidth_3]:  wired=1; compound=0; hidden=0; nouse=0; global=0; static=0; extern=0; dir=0; type=0; pingpong=0; private_global=0; IO mode=ap_stable:ce=0
Port [ bytePlanes_plane0]:  wired=1; compound=1; hidden=0; nouse=0; global=0; static=0; extern=0; dir=1; type=3; pingpong=0; private_global=0; IO mode=ap_fifo:ce=0
Port [ sext_ln735]:  wired=1; compound=0; hidden=0; nouse=0; global=0; static=0; extern=0; dir=0; type=0; pingpong=0; private_global=0; IO mode=ap_stable:ce=0
Port [ img]:  wired=1; compound=1; hidden=0; nouse=0; global=0; static=0; extern=0; dir=0; type=3; pingpong=0; private_global=0; IO mode=ap_fifo:ce=0
Port [ rev21]:  wired=1; compound=0; hidden=0; nouse=0; global=0; static=0; extern=0; dir=0; type=0; pingpong=0; private_global=0; IO mode=ap_stable:ce=0
Port [ out_pix_4_out]:  wired=1; compound=0; hidden=0; nouse=0; global=0; static=0; extern=0; dir=2; type=0; pingpong=0; private_global=0; IO mode=ap_ovld:ce=0
---------------- STG Properties END ------------------

---------------- Datapath Model BEGIN ----------------

<LifeTime>
<method=bitvector/>
x_3                   (alloca           ) [ 01000]
specmemcore_ln0       (specmemcore      ) [ 00000]
specinterface_ln0     (specinterface    ) [ 00000]
specinterface_ln0     (specinterface    ) [ 00000]
rev21_read            (read             ) [ 00000]
sext_ln735_read       (read             ) [ 00000]
loopWidth_3_read      (read             ) [ 00000]
store_ln739           (store            ) [ 00000]
br_ln739              (br               ) [ 00000]
x                     (load             ) [ 00000]
icmp_ln739            (icmp             ) [ 01111]
speclooptripcount_ln0 (speclooptripcount) [ 00000]
x_6                   (add              ) [ 00000]
br_ln739              (br               ) [ 00000]
zext_ln741            (zext             ) [ 00000]
icmp_ln744            (icmp             ) [ 00000]
or_ln744              (or               ) [ 01111]
store_ln739           (store            ) [ 00000]
img_read              (read             ) [ 00000]
pix                   (trunc            ) [ 01111]
pix_7                 (partselect       ) [ 01111]
pix_8                 (partselect       ) [ 01111]
br_ln744              (br               ) [ 01111]
img_read_14           (read             ) [ 00000]
pix_51                (trunc            ) [ 01111]
pix_52                (partselect       ) [ 01111]
pix_1                 (partselect       ) [ 01111]
br_ln745              (br               ) [ 01111]
out_pix_4_out_load    (load             ) [ 00000]
specpipeline_ln741    (specpipeline     ) [ 00000]
specloopname_ln739    (specloopname     ) [ 00000]
in_pix                (bitconcatenate   ) [ 00000]
out_pix               (partset          ) [ 00000]
pix_32                (phi              ) [ 01001]
pix_31                (phi              ) [ 01001]
pix_30                (phi              ) [ 01001]
in_pix_1              (bitconcatenate   ) [ 00000]
out_pix_1             (partset          ) [ 00000]
write_ln755           (write            ) [ 00000]
store_ln732           (store            ) [ 00000]
br_ln739              (br               ) [ 00000]
ret_ln0               (ret              ) [ 00000]
</LifeTime>

<model>

<comp_list>
<comp id="0" class="1000" name="loopWidth_3">
<pin_list>
<pin id="1" dir="1" index="0" bw="1" slack="0"/>
</pin_list>
<bind>
<StgValue><ssdm name="loopWidth_3"/></StgValue>
</bind>
</comp>

<comp id="2" class="1000" name="bytePlanes_plane0">
<pin_list>
<pin id="3" dir="1" index="0" bw="1" slack="0"/>
</pin_list>
<bind>
<StgValue><ssdm name="bytePlanes_plane0"/></StgValue>
</bind>
</comp>

<comp id="4" class="1000" name="sext_ln735">
<pin_list>
<pin id="5" dir="1" index="0" bw="1" slack="0"/>
</pin_list>
<bind>
<StgValue><ssdm name="sext_ln735"/></StgValue>
</bind>
</comp>

<comp id="6" class="1000" name="img">
<pin_list>
<pin id="7" dir="1" index="0" bw="1" slack="0"/>
</pin_list>
<bind>
<StgValue><ssdm name="img"/></StgValue>
</bind>
</comp>

<comp id="8" class="1000" name="rev21">
<pin_list>
<pin id="9" dir="1" index="0" bw="1" slack="0"/>
</pin_list>
<bind>
<StgValue><ssdm name="rev21"/></StgValue>
</bind>
</comp>

<comp id="10" class="1000" name="out_pix_4_out">
<pin_list>
<pin id="11" dir="1" index="0" bw="1" slack="0"/>
</pin_list>
<bind>
<StgValue><ssdm name="out_pix_4_out"/></StgValue>
</bind>
</comp>

<comp id="12" class="1001" name="const_12">
<pin_list>
<pin id="13" dir="1" index="0" bw="1" slack="0"/>
</pin_list>
<bind>
<StgValue><ssdm name=""/></StgValue>
</bind>
</comp>

<comp id="14" class="1001" name="const_14">
<pin_list>
<pin id="15" dir="1" index="0" bw="1" slack="2147483647"/>
</pin_list>
<bind>
<StgValue><ssdm name="_ssdm_op_SpecMemCore"/></StgValue>
</bind>
</comp>

<comp id="16" class="1001" name="const_16">
<pin_list>
<pin id="17" dir="1" index="0" bw="1" slack="2147483647"/>
</pin_list>
<bind>
<StgValue><ssdm name=""/></StgValue>
</bind>
</comp>

<comp id="18" class="1001" name="const_18">
<pin_list>
<pin id="19" dir="1" index="0" bw="1" slack="2147483647"/>
</pin_list>
<bind>
<StgValue><ssdm name=""/></StgValue>
</bind>
</comp>

<comp id="20" class="1001" name="const_20">
<pin_list>
<pin id="21" dir="1" index="0" bw="1" slack="2147483647"/>
</pin_list>
<bind>
<StgValue><ssdm name=""/></StgValue>
</bind>
</comp>

<comp id="22" class="1001" name="const_22">
<pin_list>
<pin id="23" dir="1" index="0" bw="1" slack="2147483647"/>
</pin_list>
<bind>
<StgValue><ssdm name=""/></StgValue>
</bind>
</comp>

<comp id="24" class="1001" name="const_24">
<pin_list>
<pin id="25" dir="1" index="0" bw="1" slack="2147483647"/>
</pin_list>
<bind>
<StgValue><ssdm name="_ssdm_op_SpecInterface"/></StgValue>
</bind>
</comp>

<comp id="26" class="1001" name="const_26">
<pin_list>
<pin id="27" dir="1" index="0" bw="1" slack="2147483647"/>
</pin_list>
<bind>
<StgValue><ssdm name="empty_20"/></StgValue>
</bind>
</comp>

<comp id="28" class="1001" name="const_28">
<pin_list>
<pin id="29" dir="1" index="0" bw="1" slack="0"/>
</pin_list>
<bind>
<StgValue><ssdm name=""/></StgValue>
</bind>
</comp>

<comp id="30" class="1001" name="const_30">
<pin_list>
<pin id="31" dir="1" index="0" bw="1" slack="2147483647"/>
</pin_list>
<bind>
<StgValue><ssdm name="empty_53"/></StgValue>
</bind>
</comp>

<comp id="32" class="1001" name="const_32">
<pin_list>
<pin id="33" dir="1" index="0" bw="1" slack="2147483647"/>
</pin_list>
<bind>
<StgValue><ssdm name=""/></StgValue>
</bind>
</comp>

<comp id="34" class="1001" name="const_34">
<pin_list>
<pin id="35" dir="1" index="0" bw="1" slack="0"/>
</pin_list>
<bind>
<StgValue><ssdm name="_ssdm_op_Read.ap_auto.i1"/></StgValue>
</bind>
</comp>

<comp id="36" class="1001" name="const_36">
<pin_list>
<pin id="37" dir="1" index="0" bw="1" slack="0"/>
</pin_list>
<bind>
<StgValue><ssdm name="_ssdm_op_Read.ap_auto.i12"/></StgValue>
</bind>
</comp>

<comp id="38" class="1001" name="const_38">
<pin_list>
<pin id="39" dir="1" index="0" bw="1" slack="0"/>
</pin_list>
<bind>
<StgValue><ssdm name="_ssdm_op_Read.ap_auto.i11"/></StgValue>
</bind>
</comp>

<comp id="40" class="1001" name="const_40">
<pin_list>
<pin id="41" dir="1" index="0" bw="1" slack="0"/>
</pin_list>
<bind>
<StgValue><ssdm name=""/></StgValue>
</bind>
</comp>

<comp id="42" class="1001" name="const_42">
<pin_list>
<pin id="43" dir="1" index="0" bw="1" slack="2147483647"/>
</pin_list>
<bind>
<StgValue><ssdm name="_ssdm_op_SpecLoopTripCount"/></StgValue>
</bind>
</comp>

<comp id="44" class="1001" name="const_44">
<pin_list>
<pin id="45" dir="1" index="0" bw="1" slack="2147483647"/>
</pin_list>
<bind>
<StgValue><ssdm name=""/></StgValue>
</bind>
</comp>

<comp id="46" class="1001" name="const_46">
<pin_list>
<pin id="47" dir="1" index="0" bw="1" slack="2147483647"/>
</pin_list>
<bind>
<StgValue><ssdm name=""/></StgValue>
</bind>
</comp>

<comp id="48" class="1001" name="const_48">
<pin_list>
<pin id="49" dir="1" index="0" bw="1" slack="0"/>
</pin_list>
<bind>
<StgValue><ssdm name=""/></StgValue>
</bind>
</comp>

<comp id="50" class="1001" name="const_50">
<pin_list>
<pin id="51" dir="1" index="0" bw="1" slack="0"/>
</pin_list>
<bind>
<StgValue><ssdm name="_ssdm_op_Read.ap_fifo.volatile.i24P0A"/></StgValue>
</bind>
</comp>

<comp id="52" class="1001" name="const_52">
<pin_list>
<pin id="53" dir="1" index="0" bw="1" slack="0"/>
</pin_list>
<bind>
<StgValue><ssdm name="_ssdm_op_PartSelect.i8.i24.i32.i32"/></StgValue>
</bind>
</comp>

<comp id="54" class="1001" name="const_54">
<pin_list>
<pin id="55" dir="1" index="0" bw="1" slack="0"/>
</pin_list>
<bind>
<StgValue><ssdm name=""/></StgValue>
</bind>
</comp>

<comp id="56" class="1001" name="const_56">
<pin_list>
<pin id="57" dir="1" index="0" bw="1" slack="0"/>
</pin_list>
<bind>
<StgValue><ssdm name=""/></StgValue>
</bind>
</comp>

<comp id="58" class="1001" name="const_58">
<pin_list>
<pin id="59" dir="1" index="0" bw="1" slack="0"/>
</pin_list>
<bind>
<StgValue><ssdm name=""/></StgValue>
</bind>
</comp>

<comp id="60" class="1001" name="const_60">
<pin_list>
<pin id="61" dir="1" index="0" bw="1" slack="0"/>
</pin_list>
<bind>
<StgValue><ssdm name=""/></StgValue>
</bind>
</comp>

<comp id="62" class="1001" name="const_62">
<pin_list>
<pin id="63" dir="1" index="0" bw="1" slack="2147483647"/>
</pin_list>
<bind>
<StgValue><ssdm name="_ssdm_op_SpecPipeline"/></StgValue>
</bind>
</comp>

<comp id="64" class="1001" name="const_64">
<pin_list>
<pin id="65" dir="1" index="0" bw="1" slack="2147483647"/>
</pin_list>
<bind>
<StgValue><ssdm name=""/></StgValue>
</bind>
</comp>

<comp id="66" class="1001" name="const_66">
<pin_list>
<pin id="67" dir="1" index="0" bw="1" slack="2147483647"/>
</pin_list>
<bind>
<StgValue><ssdm name="_ssdm_op_SpecLoopName"/></StgValue>
</bind>
</comp>

<comp id="68" class="1001" name="const_68">
<pin_list>
<pin id="69" dir="1" index="0" bw="1" slack="2147483647"/>
</pin_list>
<bind>
<StgValue><ssdm name="empty_25"/></StgValue>
</bind>
</comp>

<comp id="70" class="1001" name="const_70">
<pin_list>
<pin id="71" dir="1" index="0" bw="1" slack="0"/>
</pin_list>
<bind>
<StgValue><ssdm name="_ssdm_op_BitConcatenate.i24.i8.i8.i8"/></StgValue>
</bind>
</comp>

<comp id="72" class="1001" name="const_72">
<pin_list>
<pin id="73" dir="1" index="0" bw="1" slack="0"/>
</pin_list>
<bind>
<StgValue><ssdm name="_ssdm_op_PartSet.i64.i64.i24.i32"/></StgValue>
</bind>
</comp>

<comp id="74" class="1001" name="const_74">
<pin_list>
<pin id="75" dir="1" index="0" bw="1" slack="0"/>
</pin_list>
<bind>
<StgValue><ssdm name=""/></StgValue>
</bind>
</comp>

<comp id="76" class="1001" name="const_76">
<pin_list>
<pin id="77" dir="1" index="0" bw="1" slack="0"/>
</pin_list>
<bind>
<StgValue><ssdm name="_ssdm_op_Write.ap_fifo.volatile.i64P0A"/></StgValue>
</bind>
</comp>

<comp id="78" class="1004" name="x_3_fu_78">
<pin_list>
<pin id="79" dir="0" index="0" bw="1" slack="0"/>
<pin id="80" dir="1" index="1" bw="11" slack="0"/>
</pin_list>
<bind>
<opcode="alloca(26) " fcode="alloca"/>
<opset="x_3/1 "/>
</bind>
</comp>

<comp id="82" class="1004" name="rev21_read_read_fu_82">
<pin_list>
<pin id="83" dir="0" index="0" bw="1" slack="0"/>
<pin id="84" dir="0" index="1" bw="1" slack="0"/>
<pin id="85" dir="1" index="2" bw="1" slack="0"/>
</pin_list>
<bind>
<opcode="read(1150) " fcode="read"/>
<opset="rev21_read/1 "/>
</bind>
</comp>

<comp id="88" class="1004" name="sext_ln735_read_read_fu_88">
<pin_list>
<pin id="89" dir="0" index="0" bw="12" slack="0"/>
<pin id="90" dir="0" index="1" bw="12" slack="0"/>
<pin id="91" dir="1" index="2" bw="12" slack="0"/>
</pin_list>
<bind>
<opcode="read(1150) " fcode="read"/>
<opset="sext_ln735_read/1 "/>
</bind>
</comp>

<comp id="94" class="1004" name="loopWidth_3_read_read_fu_94">
<pin_list>
<pin id="95" dir="0" index="0" bw="11" slack="0"/>
<pin id="96" dir="0" index="1" bw="11" slack="0"/>
<pin id="97" dir="1" index="2" bw="11" slack="0"/>
</pin_list>
<bind>
<opcode="read(1150) " fcode="read"/>
<opset="loopWidth_3_read/1 "/>
</bind>
</comp>

<comp id="100" class="1004" name="grp_read_fu_100">
<pin_list>
<pin id="101" dir="0" index="0" bw="24" slack="0"/>
<pin id="102" dir="0" index="1" bw="24" slack="0"/>
<pin id="103" dir="1" index="2" bw="24" slack="0"/>
</pin_list>
<bind>
<opcode="read(1150) " fcode="read"/>
<opset="img_read/2 img_read_14/3 "/>
</bind>
</comp>

<comp id="106" class="1004" name="write_ln755_write_fu_106">
<pin_list>
<pin id="107" dir="0" index="0" bw="0" slack="0"/>
<pin id="108" dir="0" index="1" bw="64" slack="0"/>
<pin id="109" dir="0" index="2" bw="64" slack="0"/>
<pin id="110" dir="1" index="3" bw="0" slack="2147483647"/>
</pin_list>
<bind>
<opcode="write(1151) " fcode="write"/>
<opset="write_ln755/4 "/>
</bind>
</comp>

<comp id="113" class="1005" name="pix_32_reg_113">
<pin_list>
<pin id="114" dir="0" index="0" bw="8" slack="2147483647"/>
<pin id="115" dir="1" index="1" bw="8" slack="2147483647"/>
</pin_list>
<bind>
<opset="pix_32 (phireg) "/>
</bind>
</comp>

<comp id="116" class="1004" name="pix_32_phi_fu_116">
<pin_list>
<pin id="117" dir="0" index="0" bw="8" slack="1"/>
<pin id="118" dir="0" index="1" bw="0" slack="2147483647"/>
<pin id="119" dir="0" index="2" bw="8" slack="2"/>
<pin id="120" dir="0" index="3" bw="0" slack="2147483647"/>
<pin id="121" dir="1" index="4" bw="8" slack="0"/>
</pin_list>
<bind>
<opcode="phi(47) " fcode="phi"/>
<opset="pix_32/4 "/>
</bind>
</comp>

<comp id="122" class="1005" name="pix_31_reg_122">
<pin_list>
<pin id="123" dir="0" index="0" bw="8" slack="2147483647"/>
<pin id="124" dir="1" index="1" bw="8" slack="2147483647"/>
</pin_list>
<bind>
<opset="pix_31 (phireg) "/>
</bind>
</comp>

<comp id="125" class="1004" name="pix_31_phi_fu_125">
<pin_list>
<pin id="126" dir="0" index="0" bw="8" slack="1"/>
<pin id="127" dir="0" index="1" bw="0" slack="2147483647"/>
<pin id="128" dir="0" index="2" bw="8" slack="2"/>
<pin id="129" dir="0" index="3" bw="0" slack="2147483647"/>
<pin id="130" dir="1" index="4" bw="8" slack="0"/>
</pin_list>
<bind>
<opcode="phi(47) " fcode="phi"/>
<opset="pix_31/4 "/>
</bind>
</comp>

<comp id="131" class="1005" name="pix_30_reg_131">
<pin_list>
<pin id="132" dir="0" index="0" bw="8" slack="2147483647"/>
<pin id="133" dir="1" index="1" bw="8" slack="2147483647"/>
</pin_list>
<bind>
<opset="pix_30 (phireg) "/>
</bind>
</comp>

<comp id="134" class="1004" name="pix_30_phi_fu_134">
<pin_list>
<pin id="135" dir="0" index="0" bw="8" slack="1"/>
<pin id="136" dir="0" index="1" bw="0" slack="2147483647"/>
<pin id="137" dir="0" index="2" bw="8" slack="2"/>
<pin id="138" dir="0" index="3" bw="0" slack="2147483647"/>
<pin id="139" dir="1" index="4" bw="8" slack="0"/>
</pin_list>
<bind>
<opcode="phi(47) " fcode="phi"/>
<opset="pix_30/4 "/>
</bind>
</comp>

<comp id="140" class="1004" name="grp_fu_140">
<pin_list>
<pin id="141" dir="0" index="0" bw="8" slack="0"/>
<pin id="142" dir="0" index="1" bw="24" slack="0"/>
<pin id="143" dir="0" index="2" bw="5" slack="0"/>
<pin id="144" dir="0" index="3" bw="5" slack="0"/>
<pin id="145" dir="1" index="4" bw="8" slack="1"/>
</pin_list>
<bind>
<opcode="partselect(1002) " fcode="partselect"/>
<opset="pix_7/2 pix_52/3 "/>
</bind>
</comp>

<comp id="150" class="1004" name="grp_fu_150">
<pin_list>
<pin id="151" dir="0" index="0" bw="8" slack="0"/>
<pin id="152" dir="0" index="1" bw="24" slack="0"/>
<pin id="153" dir="0" index="2" bw="6" slack="0"/>
<pin id="154" dir="0" index="3" bw="6" slack="0"/>
<pin id="155" dir="1" index="4" bw="8" slack="1"/>
</pin_list>
<bind>
<opcode="partselect(1002) " fcode="partselect"/>
<opset="pix_8/2 pix_1/3 "/>
</bind>
</comp>

<comp id="160" class="1004" name="store_ln739_store_fu_160">
<pin_list>
<pin id="161" dir="0" index="0" bw="1" slack="0"/>
<pin id="162" dir="0" index="1" bw="11" slack="0"/>
<pin id="163" dir="1" index="2" bw="0" slack="2147483647"/>
</pin_list>
<bind>
<opcode="store(28) " fcode="store"/>
<opset="store_ln739/1 "/>
</bind>
</comp>

<comp id="165" class="1004" name="x_load_fu_165">
<pin_list>
<pin id="166" dir="0" index="0" bw="11" slack="0"/>
<pin id="167" dir="1" index="1" bw="11" slack="0"/>
</pin_list>
<bind>
<opcode="load(27) " fcode="load"/>
<opset="x/1 "/>
</bind>
</comp>

<comp id="168" class="1004" name="icmp_ln739_fu_168">
<pin_list>
<pin id="169" dir="0" index="0" bw="11" slack="0"/>
<pin id="170" dir="0" index="1" bw="11" slack="0"/>
<pin id="171" dir="1" index="2" bw="1" slack="1"/>
</pin_list>
<bind>
<opcode="icmp(45) " fcode="icmp"/>
<opset="icmp_ln739/1 "/>
</bind>
</comp>

<comp id="174" class="1004" name="x_6_fu_174">
<pin_list>
<pin id="175" dir="0" index="0" bw="11" slack="0"/>
<pin id="176" dir="0" index="1" bw="1" slack="0"/>
<pin id="177" dir="1" index="2" bw="11" slack="0"/>
</pin_list>
<bind>
<opcode="add(8) " fcode="add"/>
<opset="x_6/1 "/>
</bind>
</comp>

<comp id="180" class="1004" name="zext_ln741_fu_180">
<pin_list>
<pin id="181" dir="0" index="0" bw="11" slack="0"/>
<pin id="182" dir="1" index="1" bw="12" slack="0"/>
</pin_list>
<bind>
<opcode="zext(34) " fcode="zext"/>
<opset="zext_ln741/1 "/>
</bind>
</comp>

<comp id="184" class="1004" name="icmp_ln744_fu_184">
<pin_list>
<pin id="185" dir="0" index="0" bw="11" slack="0"/>
<pin id="186" dir="0" index="1" bw="12" slack="0"/>
<pin id="187" dir="1" index="2" bw="1" slack="0"/>
</pin_list>
<bind>
<opcode="icmp(45) " fcode="icmp"/>
<opset="icmp_ln744/1 "/>
</bind>
</comp>

<comp id="190" class="1004" name="or_ln744_fu_190">
<pin_list>
<pin id="191" dir="0" index="0" bw="1" slack="0"/>
<pin id="192" dir="0" index="1" bw="1" slack="0"/>
<pin id="193" dir="1" index="2" bw="1" slack="1"/>
</pin_list>
<bind>
<opcode="or(24) " fcode="or"/>
<opset="or_ln744/1 "/>
</bind>
</comp>

<comp id="196" class="1004" name="store_ln739_store_fu_196">
<pin_list>
<pin id="197" dir="0" index="0" bw="11" slack="0"/>
<pin id="198" dir="0" index="1" bw="11" slack="0"/>
<pin id="199" dir="1" index="2" bw="0" slack="2147483647"/>
</pin_list>
<bind>
<opcode="store(28) " fcode="store"/>
<opset="store_ln739/1 "/>
</bind>
</comp>

<comp id="201" class="1004" name="pix_fu_201">
<pin_list>
<pin id="202" dir="0" index="0" bw="24" slack="0"/>
<pin id="203" dir="1" index="1" bw="8" slack="2"/>
</pin_list>
<bind>
<opcode="trunc(33) " fcode="trunc"/>
<opset="pix/2 "/>
</bind>
</comp>

<comp id="205" class="1004" name="pix_51_fu_205">
<pin_list>
<pin id="206" dir="0" index="0" bw="24" slack="0"/>
<pin id="207" dir="1" index="1" bw="8" slack="1"/>
</pin_list>
<bind>
<opcode="trunc(33) " fcode="trunc"/>
<opset="pix_51/3 "/>
</bind>
</comp>

<comp id="209" class="1004" name="out_pix_4_out_load_load_fu_209">
<pin_list>
<pin id="210" dir="0" index="0" bw="64" slack="0"/>
<pin id="211" dir="1" index="1" bw="64" slack="0"/>
</pin_list>
<bind>
<opcode="load(27) " fcode="load"/>
<opset="out_pix_4_out_load/4 "/>
</bind>
</comp>

<comp id="213" class="1004" name="in_pix_fu_213">
<pin_list>
<pin id="214" dir="0" index="0" bw="24" slack="0"/>
<pin id="215" dir="0" index="1" bw="8" slack="2"/>
<pin id="216" dir="0" index="2" bw="8" slack="2"/>
<pin id="217" dir="0" index="3" bw="8" slack="2"/>
<pin id="218" dir="1" index="4" bw="24" slack="0"/>
</pin_list>
<bind>
<opcode="bitconcatenate(1004) " fcode="bitconcatenate"/>
<opset="in_pix/4 "/>
</bind>
</comp>

<comp id="220" class="1004" name="out_pix_fu_220">
<pin_list>
<pin id="221" dir="0" index="0" bw="64" slack="0"/>
<pin id="222" dir="0" index="1" bw="64" slack="0"/>
<pin id="223" dir="0" index="2" bw="24" slack="0"/>
<pin id="224" dir="0" index="3" bw="1" slack="0"/>
<pin id="225" dir="1" index="4" bw="64" slack="0"/>
</pin_list>
<bind>
<opcode="partset(1003) " fcode="partset"/>
<opset="out_pix/4 "/>
</bind>
</comp>

<comp id="230" class="1004" name="in_pix_1_fu_230">
<pin_list>
<pin id="231" dir="0" index="0" bw="24" slack="0"/>
<pin id="232" dir="0" index="1" bw="8" slack="0"/>
<pin id="233" dir="0" index="2" bw="8" slack="0"/>
<pin id="234" dir="0" index="3" bw="8" slack="0"/>
<pin id="235" dir="1" index="4" bw="24" slack="0"/>
</pin_list>
<bind>
<opcode="bitconcatenate(1004) " fcode="bitconcatenate"/>
<opset="in_pix_1/4 "/>
</bind>
</comp>

<comp id="240" class="1004" name="out_pix_1_fu_240">
<pin_list>
<pin id="241" dir="0" index="0" bw="64" slack="0"/>
<pin id="242" dir="0" index="1" bw="64" slack="0"/>
<pin id="243" dir="0" index="2" bw="24" slack="0"/>
<pin id="244" dir="0" index="3" bw="7" slack="0"/>
<pin id="245" dir="1" index="4" bw="64" slack="0"/>
</pin_list>
<bind>
<opcode="partset(1003) " fcode="partset"/>
<opset="out_pix_1/4 "/>
</bind>
</comp>

<comp id="251" class="1004" name="store_ln732_store_fu_251">
<pin_list>
<pin id="252" dir="0" index="0" bw="64" slack="0"/>
<pin id="253" dir="0" index="1" bw="64" slack="0"/>
<pin id="254" dir="1" index="2" bw="0" slack="2147483647"/>
</pin_list>
<bind>
<opcode="store(28) " fcode="store"/>
<opset="store_ln732/4 "/>
</bind>
</comp>

<comp id="257" class="1005" name="x_3_reg_257">
<pin_list>
<pin id="258" dir="0" index="0" bw="11" slack="0"/>
<pin id="259" dir="1" index="1" bw="11" slack="0"/>
</pin_list>
<bind>
<opset="x_3 "/>
</bind>
</comp>

<comp id="264" class="1005" name="icmp_ln739_reg_264">
<pin_list>
<pin id="265" dir="0" index="0" bw="1" slack="1"/>
<pin id="266" dir="1" index="1" bw="1" slack="2147483647"/>
</pin_list>
<bind>
<opset="icmp_ln739 "/>
</bind>
</comp>

<comp id="268" class="1005" name="or_ln744_reg_268">
<pin_list>
<pin id="269" dir="0" index="0" bw="1" slack="1"/>
<pin id="270" dir="1" index="1" bw="1" slack="2147483647"/>
</pin_list>
<bind>
<opset="or_ln744 "/>
</bind>
</comp>

<comp id="272" class="1005" name="pix_reg_272">
<pin_list>
<pin id="273" dir="0" index="0" bw="8" slack="2"/>
<pin id="274" dir="1" index="1" bw="8" slack="2"/>
</pin_list>
<bind>
<opset="pix "/>
</bind>
</comp>

<comp id="278" class="1005" name="pix_7_reg_278">
<pin_list>
<pin id="279" dir="0" index="0" bw="8" slack="2"/>
<pin id="280" dir="1" index="1" bw="8" slack="2"/>
</pin_list>
<bind>
<opset="pix_7 "/>
</bind>
</comp>

<comp id="284" class="1005" name="pix_8_reg_284">
<pin_list>
<pin id="285" dir="0" index="0" bw="8" slack="2"/>
<pin id="286" dir="1" index="1" bw="8" slack="2"/>
</pin_list>
<bind>
<opset="pix_8 "/>
</bind>
</comp>

<comp id="290" class="1005" name="pix_51_reg_290">
<pin_list>
<pin id="291" dir="0" index="0" bw="8" slack="1"/>
<pin id="292" dir="1" index="1" bw="8" slack="1"/>
</pin_list>
<bind>
<opset="pix_51 "/>
</bind>
</comp>

<comp id="295" class="1005" name="pix_52_reg_295">
<pin_list>
<pin id="296" dir="0" index="0" bw="8" slack="1"/>
<pin id="297" dir="1" index="1" bw="8" slack="1"/>
</pin_list>
<bind>
<opset="pix_52 "/>
</bind>
</comp>

<comp id="300" class="1005" name="pix_1_reg_300">
<pin_list>
<pin id="301" dir="0" index="0" bw="8" slack="1"/>
<pin id="302" dir="1" index="1" bw="8" slack="1"/>
</pin_list>
<bind>
<opset="pix_1 "/>
</bind>
</comp>

</comp_list>

<net_list>
<net id="81"><net_src comp="12" pin="0"/><net_sink comp="78" pin=0"/></net>

<net id="86"><net_src comp="34" pin="0"/><net_sink comp="82" pin=0"/></net>

<net id="87"><net_src comp="8" pin="0"/><net_sink comp="82" pin=1"/></net>

<net id="92"><net_src comp="36" pin="0"/><net_sink comp="88" pin=0"/></net>

<net id="93"><net_src comp="4" pin="0"/><net_sink comp="88" pin=1"/></net>

<net id="98"><net_src comp="38" pin="0"/><net_sink comp="94" pin=0"/></net>

<net id="99"><net_src comp="0" pin="0"/><net_sink comp="94" pin=1"/></net>

<net id="104"><net_src comp="50" pin="0"/><net_sink comp="100" pin=0"/></net>

<net id="105"><net_src comp="6" pin="0"/><net_sink comp="100" pin=1"/></net>

<net id="111"><net_src comp="76" pin="0"/><net_sink comp="106" pin=0"/></net>

<net id="112"><net_src comp="2" pin="0"/><net_sink comp="106" pin=1"/></net>

<net id="146"><net_src comp="52" pin="0"/><net_sink comp="140" pin=0"/></net>

<net id="147"><net_src comp="100" pin="2"/><net_sink comp="140" pin=1"/></net>

<net id="148"><net_src comp="54" pin="0"/><net_sink comp="140" pin=2"/></net>

<net id="149"><net_src comp="56" pin="0"/><net_sink comp="140" pin=3"/></net>

<net id="156"><net_src comp="52" pin="0"/><net_sink comp="150" pin=0"/></net>

<net id="157"><net_src comp="100" pin="2"/><net_sink comp="150" pin=1"/></net>

<net id="158"><net_src comp="58" pin="0"/><net_sink comp="150" pin=2"/></net>

<net id="159"><net_src comp="60" pin="0"/><net_sink comp="150" pin=3"/></net>

<net id="164"><net_src comp="40" pin="0"/><net_sink comp="160" pin=0"/></net>

<net id="172"><net_src comp="165" pin="1"/><net_sink comp="168" pin=0"/></net>

<net id="173"><net_src comp="94" pin="2"/><net_sink comp="168" pin=1"/></net>

<net id="178"><net_src comp="165" pin="1"/><net_sink comp="174" pin=0"/></net>

<net id="179"><net_src comp="48" pin="0"/><net_sink comp="174" pin=1"/></net>

<net id="183"><net_src comp="165" pin="1"/><net_sink comp="180" pin=0"/></net>

<net id="188"><net_src comp="180" pin="1"/><net_sink comp="184" pin=0"/></net>

<net id="189"><net_src comp="88" pin="2"/><net_sink comp="184" pin=1"/></net>

<net id="194"><net_src comp="184" pin="2"/><net_sink comp="190" pin=0"/></net>

<net id="195"><net_src comp="82" pin="2"/><net_sink comp="190" pin=1"/></net>

<net id="200"><net_src comp="174" pin="2"/><net_sink comp="196" pin=0"/></net>

<net id="204"><net_src comp="100" pin="2"/><net_sink comp="201" pin=0"/></net>

<net id="208"><net_src comp="100" pin="2"/><net_sink comp="205" pin=0"/></net>

<net id="212"><net_src comp="10" pin="0"/><net_sink comp="209" pin=0"/></net>

<net id="219"><net_src comp="70" pin="0"/><net_sink comp="213" pin=0"/></net>

<net id="226"><net_src comp="72" pin="0"/><net_sink comp="220" pin=0"/></net>

<net id="227"><net_src comp="209" pin="1"/><net_sink comp="220" pin=1"/></net>

<net id="228"><net_src comp="213" pin="4"/><net_sink comp="220" pin=2"/></net>

<net id="229"><net_src comp="28" pin="0"/><net_sink comp="220" pin=3"/></net>

<net id="236"><net_src comp="70" pin="0"/><net_sink comp="230" pin=0"/></net>

<net id="237"><net_src comp="134" pin="4"/><net_sink comp="230" pin=1"/></net>

<net id="238"><net_src comp="125" pin="4"/><net_sink comp="230" pin=2"/></net>

<net id="239"><net_src comp="116" pin="4"/><net_sink comp="230" pin=3"/></net>

<net id="246"><net_src comp="72" pin="0"/><net_sink comp="240" pin=0"/></net>

<net id="247"><net_src comp="220" pin="4"/><net_sink comp="240" pin=1"/></net>

<net id="248"><net_src comp="230" pin="4"/><net_sink comp="240" pin=2"/></net>

<net id="249"><net_src comp="74" pin="0"/><net_sink comp="240" pin=3"/></net>

<net id="250"><net_src comp="240" pin="4"/><net_sink comp="106" pin=2"/></net>

<net id="255"><net_src comp="240" pin="4"/><net_sink comp="251" pin=0"/></net>

<net id="256"><net_src comp="10" pin="0"/><net_sink comp="251" pin=1"/></net>

<net id="260"><net_src comp="78" pin="1"/><net_sink comp="257" pin=0"/></net>

<net id="261"><net_src comp="257" pin="1"/><net_sink comp="160" pin=1"/></net>

<net id="262"><net_src comp="257" pin="1"/><net_sink comp="165" pin=0"/></net>

<net id="263"><net_src comp="257" pin="1"/><net_sink comp="196" pin=1"/></net>

<net id="267"><net_src comp="168" pin="2"/><net_sink comp="264" pin=0"/></net>

<net id="271"><net_src comp="190" pin="2"/><net_sink comp="268" pin=0"/></net>

<net id="275"><net_src comp="201" pin="1"/><net_sink comp="272" pin=0"/></net>

<net id="276"><net_src comp="272" pin="1"/><net_sink comp="213" pin=1"/></net>

<net id="277"><net_src comp="272" pin="1"/><net_sink comp="134" pin=2"/></net>

<net id="281"><net_src comp="140" pin="4"/><net_sink comp="278" pin=0"/></net>

<net id="282"><net_src comp="278" pin="1"/><net_sink comp="213" pin=2"/></net>

<net id="283"><net_src comp="278" pin="1"/><net_sink comp="125" pin=2"/></net>

<net id="287"><net_src comp="150" pin="4"/><net_sink comp="284" pin=0"/></net>

<net id="288"><net_src comp="284" pin="1"/><net_sink comp="213" pin=3"/></net>

<net id="289"><net_src comp="284" pin="1"/><net_sink comp="116" pin=2"/></net>

<net id="293"><net_src comp="205" pin="1"/><net_sink comp="290" pin=0"/></net>

<net id="294"><net_src comp="290" pin="1"/><net_sink comp="134" pin=0"/></net>

<net id="298"><net_src comp="140" pin="4"/><net_sink comp="295" pin=0"/></net>

<net id="299"><net_src comp="295" pin="1"/><net_sink comp="125" pin=0"/></net>

<net id="303"><net_src comp="150" pin="4"/><net_sink comp="300" pin=0"/></net>

<net id="304"><net_src comp="300" pin="1"/><net_sink comp="116" pin=0"/></net>

</net_list>

</model> 
---------------- Datapath Model END ------------------

* FSMD analyzer results:
  - Output states:
	Port: bytePlanes_plane0 | {4 }
	Port: out_pix_4_out | {4 }
 - Input state : 
	Port: MultiPixStream2Bytes_Pipeline_VITIS_LOOP_739_11 : loopWidth_3 | {1 }
	Port: MultiPixStream2Bytes_Pipeline_VITIS_LOOP_739_11 : sext_ln735 | {1 }
	Port: MultiPixStream2Bytes_Pipeline_VITIS_LOOP_739_11 : img | {2 3 }
	Port: MultiPixStream2Bytes_Pipeline_VITIS_LOOP_739_11 : rev21 | {1 }
	Port: MultiPixStream2Bytes_Pipeline_VITIS_LOOP_739_11 : out_pix_4_out | {4 }
  - Chain level:
	State 1
		store_ln739 : 1
		x : 1
		icmp_ln739 : 2
		x_6 : 2
		br_ln739 : 3
		zext_ln741 : 2
		icmp_ln744 : 3
		or_ln744 : 4
		store_ln739 : 3
	State 2
	State 3
	State 4
		out_pix : 1
		in_pix_1 : 1
		out_pix_1 : 2
		write_ln755 : 3
		store_ln732 : 3


============================================================
+ Verbose Summary: Datapath Resource usage 
============================================================

* Functional unit list:
|----------|-----------------------------|---------|---------|
| Operation|       Functional Unit       |    FF   |   LUT   |
|----------|-----------------------------|---------|---------|
|   icmp   |      icmp_ln739_fu_168      |    0    |    11   |
|          |      icmp_ln744_fu_184      |    0    |    12   |
|----------|-----------------------------|---------|---------|
|    add   |          x_6_fu_174         |    0    |    11   |
|----------|-----------------------------|---------|---------|
|    or    |       or_ln744_fu_190       |    0    |    1    |
|----------|-----------------------------|---------|---------|
|          |    rev21_read_read_fu_82    |    0    |    0    |
|   read   |  sext_ln735_read_read_fu_88 |    0    |    0    |
|          | loopWidth_3_read_read_fu_94 |    0    |    0    |
|          |       grp_read_fu_100       |    0    |    0    |
|----------|-----------------------------|---------|---------|
|   write  |   write_ln755_write_fu_106  |    0    |    0    |
|----------|-----------------------------|---------|---------|
|partselect|          grp_fu_140         |    0    |    0    |
|          |          grp_fu_150         |    0    |    0    |
|----------|-----------------------------|---------|---------|
|   zext   |      zext_ln741_fu_180      |    0    |    0    |
|----------|-----------------------------|---------|---------|
|   trunc  |          pix_fu_201         |    0    |    0    |
|          |        pix_51_fu_205        |    0    |    0    |
|----------|-----------------------------|---------|---------|
|bitconcatenate|        in_pix_fu_213        |    0    |    0    |
|          |       in_pix_1_fu_230       |    0    |    0    |
|----------|-----------------------------|---------|---------|
|  partset |        out_pix_fu_220       |    0    |    0    |
|          |       out_pix_1_fu_240      |    0    |    0    |
|----------|-----------------------------|---------|---------|
|   Total  |                             |    0    |    35   |
|----------|-----------------------------|---------|---------|

Memories:
N/A

* Register list:
+------------------+--------+
|                  |   FF   |
+------------------+--------+
|icmp_ln739_reg_264|    1   |
| or_ln744_reg_268 |    1   |
|   pix_1_reg_300  |    8   |
|  pix_30_reg_131  |    8   |
|  pix_31_reg_122  |    8   |
|  pix_32_reg_113  |    8   |
|  pix_51_reg_290  |    8   |
|  pix_52_reg_295  |    8   |
|   pix_7_reg_278  |    8   |
|   pix_8_reg_284  |    8   |
|    pix_reg_272   |    8   |
|    x_3_reg_257   |   11   |
+------------------+--------+
|       Total      |   85   |
+------------------+--------+

* Multiplexer (MUX) list: 
|--------|------|------|------|--------|
|  Comp  |  Pin | Size |  BW  | S x BW |
|--------|------|------|------|--------|
|  Total |      |      |      |    0   |
|--------|------|------|------|--------|



* Summary:
+-----------+--------+--------+
|           |   FF   |   LUT  |
+-----------+--------+--------+
|  Function |    0   |   35   |
|   Memory  |    -   |    -   |
|Multiplexer|    -   |    -   |
|  Register |   85   |    -   |
+-----------+--------+--------+
|   Total   |   85   |   35   |
+-----------+--------+--------+
