

================================================================
== Vitis HLS Report for 'MultiPixStream2Bytes_Pipeline_VITIS_LOOP_605_4'
================================================================
* Date:           Mon Mar 16 15:10:42 2026

* Version:        2025.2 (Build 6295257 on Nov 14 2025)
* Project:        prj
* Solution:       sol (Vivado IP Flow Target)
* Product family: zynq
* Target device:  xc7z020-clg400-2


================================================================
== Performance Estimates
================================================================
+ Timing: 
    * Summary: 
    +--------+---------+----------+------------+
    |  Clock |  Target | Estimated| Uncertainty|
    +--------+---------+----------+------------+
    |ap_clk  |  6.52 ns|  4.078 ns|     1.76 ns|
    +--------+---------+----------+------------+

+ Latency: 
    * Summary: 
    +---------+---------+-----------+-----------+-----+-----+-------------------+
    |  Latency (cycles) |   Latency (absolute)  |  Interval |      Pipeline     |
    |   min   |   max   |    min    |    max    | min | max |        Type       |
    +---------+---------+-----------+-----------+-----+-----+-------------------+
    |        2|    11523|  13.044 ns|  75.153 us|    0|    0|  loop pipeline stp|
    +---------+---------+-----------+-----------+-----+-----+-------------------+

    + Detail: 
        * Instance: 
        N/A

        * Loop: 
        +--------------------+---------+---------+----------+-----------+-----------+----------+----------+
        |                    |  Latency (cycles) | Iteration|  Initiation Interval  |   Trip   |          |
        |      Loop Name     |   min   |   max   |  Latency |  achieved |   target  |   Count  | Pipelined|
        +--------------------+---------+---------+----------+-----------+-----------+----------+----------+
        |- VITIS_LOOP_605_4  |        0|    11521|        10|          8|          8|  0 ~ 1440|       yes|
        +--------------------+---------+---------+----------+-----------+-----------+----------+----------+

============================================================
+ Verbose Summary: Synthesis Manager
============================================================
InlineROM: 1
ExposeGlobal: 0
============================================================
+ Verbose Summary: CDFG Model
============================================================
IsTopModel: 0
ResetActiveHigh: 1
IsCombinational: 0
IsDatapathOnly: 0
HasWiredReturn: 1
HasMFsm: 2
HasVarLatency: 1
IsPipeline: 0
IsRtlPipelined: 0
IsInstanceOverlapped: 0
IsDontTouch: 0
HasImplIP: 0
IsGatedGlobalClock: 0

+ Individual pipeline summary: 
  * Pipeline-0: initiation interval (II) = 8, depth = 10


============================================================
+ Verbose Summary: Schedule
============================================================
* Number of FSM states : 10
* Pipeline : 1
  Pipeline-0 : II = 8, D = 10, States = { 1 2 3 4 5 6 7 8 9 10 }
* Dataflow Pipeline: 0

* FSM state transitions: 
1 --> 2 
2 --> 3 
3 --> 4 
4 --> 5 
5 --> 6 
6 --> 7 
7 --> 8 
8 --> 9 
9 --> 10 
10 --> 

* FSM state operations: 

State 1 <SV = 0> <Delay = 4.07>
ST_1 : Operation 13 [1/1] (0.00ns)   --->   "%x_1 = alloca i32 1" [prj/sol/.autopilot/db/v_frmbuf_wr.cpp:605]   --->   Operation 13 'alloca' 'x_1' <Predicate = true> <Delay = 0.00>
ST_1 : Operation 14 [1/1] (0.00ns)   --->   "%specmemcore_ln0 = specmemcore void @_ssdm_op_SpecMemCore, i64 %bytePlanes_plane2, i64 666, i64 8, i64 18446744073709551615, i1 0"   --->   Operation 14 'specmemcore' 'specmemcore_ln0' <Predicate = true> <Delay = 0.00>
ST_1 : Operation 15 [1/1] (0.00ns)   --->   "%specmemcore_ln0 = specmemcore void @_ssdm_op_SpecMemCore, i64 %bytePlanes_plane1, i64 666, i64 8, i64 18446744073709551615, i1 0"   --->   Operation 15 'specmemcore' 'specmemcore_ln0' <Predicate = true> <Delay = 0.00>
ST_1 : Operation 16 [1/1] (0.00ns)   --->   "%specmemcore_ln0 = specmemcore void @_ssdm_op_SpecMemCore, i64 %bytePlanes_plane0, i64 666, i64 8, i64 18446744073709551615, i1 0"   --->   Operation 16 'specmemcore' 'specmemcore_ln0' <Predicate = true> <Delay = 0.00>
ST_1 : Operation 17 [1/1] (0.00ns)   --->   "%specinterface_ln0 = specinterface void @_ssdm_op_SpecInterface, i24 %img, void @empty_20, i32 0, i32 0, void @empty_53, i32 0, i32 0, void @empty_53, void @empty_53, void @empty_53, i32 0, i32 0, i32 0, i32 0, void @empty_53, void @empty_53, i32 4294967295, i32 0, i32 0, i32 0"   --->   Operation 17 'specinterface' 'specinterface_ln0' <Predicate = true> <Delay = 0.00>
ST_1 : Operation 18 [1/1] (0.00ns)   --->   "%specinterface_ln0 = specinterface void @_ssdm_op_SpecInterface, i64 %bytePlanes_plane0, void @empty_20, i32 0, i32 0, void @empty_53, i32 0, i32 0, void @empty_53, void @empty_53, void @empty_53, i32 0, i32 0, i32 0, i32 0, void @empty_53, void @empty_53, i32 4294967295, i32 0, i32 0, i32 0"   --->   Operation 18 'specinterface' 'specinterface_ln0' <Predicate = true> <Delay = 0.00>
ST_1 : Operation 19 [1/1] (0.00ns)   --->   "%specinterface_ln0 = specinterface void @_ssdm_op_SpecInterface, i64 %bytePlanes_plane1, void @empty_20, i32 0, i32 0, void @empty_53, i32 0, i32 0, void @empty_53, void @empty_53, void @empty_53, i32 0, i32 0, i32 0, i32 0, void @empty_53, void @empty_53, i32 4294967295, i32 0, i32 0, i32 0"   --->   Operation 19 'specinterface' 'specinterface_ln0' <Predicate = true> <Delay = 0.00>
ST_1 : Operation 20 [1/1] (0.00ns)   --->   "%specinterface_ln0 = specinterface void @_ssdm_op_SpecInterface, i64 %bytePlanes_plane2, void @empty_20, i32 0, i32 0, void @empty_53, i32 0, i32 0, void @empty_53, void @empty_53, void @empty_53, i32 0, i32 0, i32 0, i32 0, void @empty_53, void @empty_53, i32 4294967295, i32 0, i32 0, i32 0"   --->   Operation 20 'specinterface' 'specinterface_ln0' <Predicate = true> <Delay = 0.00>
ST_1 : Operation 21 [1/1] (0.00ns)   --->   "%icmp14_read = read i1 @_ssdm_op_Read.ap_auto.i1, i1 %icmp14" [prj/sol/.autopilot/db/v_frmbuf_wr.cpp:428]   --->   Operation 21 'read' 'icmp14_read' <Predicate = true> <Delay = 0.00>
ST_1 : Operation 22 [1/1] (0.00ns)   --->   "%icmp_ln610_1_read = read i1 @_ssdm_op_Read.ap_auto.i1, i1 %icmp_ln610_1" [prj/sol/.autopilot/db/v_frmbuf_wr.cpp:428]   --->   Operation 22 'read' 'icmp_ln610_1_read' <Predicate = true> <Delay = 0.00>
ST_1 : Operation 23 [1/1] (0.00ns)   --->   "%icmp17_read = read i1 @_ssdm_op_Read.ap_auto.i1, i1 %icmp17" [prj/sol/.autopilot/db/v_frmbuf_wr.cpp:428]   --->   Operation 23 'read' 'icmp17_read' <Predicate = true> <Delay = 0.00>
ST_1 : Operation 24 [1/1] (0.00ns)   --->   "%icmp_ln610_3_read = read i1 @_ssdm_op_Read.ap_auto.i1, i1 %icmp_ln610_3" [prj/sol/.autopilot/db/v_frmbuf_wr.cpp:428]   --->   Operation 24 'read' 'icmp_ln610_3_read' <Predicate = true> <Delay = 0.00>
ST_1 : Operation 25 [1/1] (0.00ns)   --->   "%icmp_ln610_4_read = read i1 @_ssdm_op_Read.ap_auto.i1, i1 %icmp_ln610_4" [prj/sol/.autopilot/db/v_frmbuf_wr.cpp:428]   --->   Operation 25 'read' 'icmp_ln610_4_read' <Predicate = true> <Delay = 0.00>
ST_1 : Operation 26 [1/1] (0.00ns)   --->   "%icmp_ln610_5_read = read i1 @_ssdm_op_Read.ap_auto.i1, i1 %icmp_ln610_5" [prj/sol/.autopilot/db/v_frmbuf_wr.cpp:428]   --->   Operation 26 'read' 'icmp_ln610_5_read' <Predicate = true> <Delay = 0.00>
ST_1 : Operation 27 [1/1] (0.00ns)   --->   "%icmp_ln594_read = read i1 @_ssdm_op_Read.ap_auto.i1, i1 %icmp_ln594" [prj/sol/.autopilot/db/v_frmbuf_wr.cpp:428]   --->   Operation 27 'read' 'icmp_ln594_read' <Predicate = true> <Delay = 0.00>
ST_1 : Operation 28 [1/1] (0.00ns)   --->   "%tmp = read i1 @_ssdm_op_Read.ap_auto.i1, i1 %empty" [prj/sol/.autopilot/db/v_frmbuf_wr.cpp:428]   --->   Operation 28 'read' 'tmp' <Predicate = true> <Delay = 0.00>
ST_1 : Operation 29 [1/1] (0.00ns)   --->   "%sext_ln610_read = read i12 @_ssdm_op_Read.ap_auto.i12, i12 %sext_ln610" [prj/sol/.autopilot/db/v_frmbuf_wr.cpp:428]   --->   Operation 29 'read' 'sext_ln610_read' <Predicate = true> <Delay = 0.00>
ST_1 : Operation 30 [1/1] (0.00ns)   --->   "%loopWidth_1_read = read i11 @_ssdm_op_Read.ap_auto.i11, i11 %loopWidth_1" [prj/sol/.autopilot/db/v_frmbuf_wr.cpp:428]   --->   Operation 30 'read' 'loopWidth_1_read' <Predicate = true> <Delay = 0.00>
ST_1 : Operation 31 [1/1] (1.29ns)   --->   "%store_ln605 = store i11 0, i11 %x_1" [prj/sol/.autopilot/db/v_frmbuf_wr.cpp:605]   --->   Operation 31 'store' 'store_ln605' <Predicate = true> <Delay = 1.29>
ST_1 : Operation 32 [1/1] (0.00ns)   --->   "%br_ln605 = br void %VITIS_LOOP_608_5" [prj/sol/.autopilot/db/v_frmbuf_wr.cpp:605]   --->   Operation 32 'br' 'br_ln605' <Predicate = true> <Delay = 0.00>
ST_1 : Operation 33 [1/1] (0.00ns)   --->   "%x = load i11 %x_1" [prj/sol/.autopilot/db/v_frmbuf_wr.cpp:605]   --->   Operation 33 'load' 'x' <Predicate = true> <Delay = 0.00>
ST_1 : Operation 34 [1/1] (1.48ns)   --->   "%icmp_ln605 = icmp_eq  i11 %x, i11 %loopWidth_1_read" [prj/sol/.autopilot/db/v_frmbuf_wr.cpp:605]   --->   Operation 34 'icmp' 'icmp_ln605' <Predicate = true> <Delay = 1.48> <CoreInst = "Cmp">   --->   Core 9 'Cmp' <Latency = 0> <II = 1> <Delay = 1.48> <FuncUnit> <Opcode : 'seteq' 'setne' 'setle' 'setge' 'setlt' 'setgt'> <InPorts = 2> <OutPorts = 1>
ST_1 : Operation 35 [1/1] (0.00ns)   --->   "%speclooptripcount_ln0 = speclooptripcount void @_ssdm_op_SpecLoopTripCount, i64 0, i64 1440, i64 0"   --->   Operation 35 'speclooptripcount' 'speclooptripcount_ln0' <Predicate = true> <Delay = 0.00>
ST_1 : Operation 36 [1/1] (1.48ns)   --->   "%x_8 = add i11 %x, i11 1" [prj/sol/.autopilot/db/v_frmbuf_wr.cpp:605]   --->   Operation 36 'add' 'x_8' <Predicate = true> <Delay = 1.48> <CoreInst = "Adder">   --->   Core 1 'Adder' <Latency = 0> <II = 1> <Delay = 1.48> <FuncUnit> <Opcode : 'add' 'sub'> <InPorts = 2> <OutPorts = 1>
ST_1 : Operation 37 [1/1] (0.00ns)   --->   "%br_ln605 = br i1 %icmp_ln605, void %VITIS_LOOP_608_5.split, void %for.inc211.exitStub" [prj/sol/.autopilot/db/v_frmbuf_wr.cpp:605]   --->   Operation 37 'br' 'br_ln605' <Predicate = true> <Delay = 0.00>
ST_1 : Operation 38 [1/1] (0.00ns)   --->   "%zext_ln605 = zext i11 %x" [prj/sol/.autopilot/db/v_frmbuf_wr.cpp:605]   --->   Operation 38 'zext' 'zext_ln605' <Predicate = (!icmp_ln605)> <Delay = 0.00>
ST_1 : Operation 39 [1/1] (0.00ns)   --->   "%trunc_ln605 = trunc i11 %x" [prj/sol/.autopilot/db/v_frmbuf_wr.cpp:605]   --->   Operation 39 'trunc' 'trunc_ln605' <Predicate = (!icmp_ln605)> <Delay = 0.00>
ST_1 : Operation 40 [1/1] (1.54ns)   --->   "%icmp_ln610 = icmp_slt  i12 %zext_ln605, i12 %sext_ln610_read" [prj/sol/.autopilot/db/v_frmbuf_wr.cpp:610]   --->   Operation 40 'icmp' 'icmp_ln610' <Predicate = (!icmp_ln605)> <Delay = 1.54> <CoreInst = "Cmp">   --->   Core 9 'Cmp' <Latency = 0> <II = 1> <Delay = 1.54> <FuncUnit> <Opcode : 'seteq' 'setne' 'setle' 'setge' 'setlt' 'setgt'> <InPorts = 2> <OutPorts = 1>
ST_1 : Operation 41 [1/1] (0.00ns)   --->   "%br_ln669 = br i1 %tmp, void %land.lhs.true, void %for.inc208" [prj/sol/.autopilot/db/v_frmbuf_wr.cpp:669]   --->   Operation 41 'br' 'br_ln669' <Predicate = (!icmp_ln605)> <Delay = 0.00>
ST_1 : Operation 42 [1/1] (1.54ns)   --->   "%icmp_ln669 = icmp_eq  i12 %zext_ln605, i12 %sext_ln610_read" [prj/sol/.autopilot/db/v_frmbuf_wr.cpp:669]   --->   Operation 42 'icmp' 'icmp_ln669' <Predicate = (!icmp_ln605 & !tmp)> <Delay = 1.54> <CoreInst = "Cmp">   --->   Core 9 'Cmp' <Latency = 0> <II = 1> <Delay = 1.54> <FuncUnit> <Opcode : 'seteq' 'setne' 'setle' 'setge' 'setlt' 'setgt'> <InPorts = 2> <OutPorts = 1>
ST_1 : Operation 43 [1/1] (0.80ns)   --->   "%or_ln669 = or i1 %trunc_ln605, i1 %icmp_ln669" [prj/sol/.autopilot/db/v_frmbuf_wr.cpp:669]   --->   Operation 43 'or' 'or_ln669' <Predicate = (!icmp_ln605 & !tmp)> <Delay = 0.80> <CoreInst = "LogicGate">   --->   Core 74 'LogicGate' <Latency = 0> <II = 1> <Delay = 0.80> <FuncUnit> <Opcode : 'and' 'or' 'xor'> <InPorts = 2> <OutPorts = 1>
ST_1 : Operation 44 [1/1] (0.00ns)   --->   "%br_ln669 = br i1 %or_ln669, void %for.inc208, void %if.then204" [prj/sol/.autopilot/db/v_frmbuf_wr.cpp:669]   --->   Operation 44 'br' 'br_ln669' <Predicate = (!icmp_ln605 & !tmp)> <Delay = 0.00>
ST_1 : Operation 45 [1/1] (1.29ns)   --->   "%store_ln605 = store i11 %x_8, i11 %x_1" [prj/sol/.autopilot/db/v_frmbuf_wr.cpp:605]   --->   Operation 45 'store' 'store_ln605' <Predicate = (!icmp_ln605)> <Delay = 1.29>

State 2 <SV = 1> <Delay = 2.38>
ST_2 : Operation 46 [1/1] ( I:2.38ns O:2.38ns )   --->   "%img_read = read i24 @_ssdm_op_Read.ap_fifo.volatile.i24P0A, i24 %img" [prj/sol/.autopilot/db/v_frmbuf_wr.cpp:613]   --->   Operation 46 'read' 'img_read' <Predicate = (!icmp_ln605)> <Delay = 2.38> <CoreInst = "FIFO_SRL">   --->   Core 80 'FIFO_SRL' <Latency = 0> <II = 1> <Delay = 3.40> <Storage> <Opcode : 'read' 'write' 'nbread' 'nbwrite'> <Ports = 0> <Width = 24> <Depth = 2> <FIFO>
ST_2 : Operation 47 [1/1] (0.00ns)   --->   "%in_pix_Y = trunc i24 %img_read" [prj/sol/.autopilot/db/v_frmbuf_wr.cpp:613]   --->   Operation 47 'trunc' 'in_pix_Y' <Predicate = (!icmp_ln605)> <Delay = 0.00>
ST_2 : Operation 48 [1/1] (0.00ns)   --->   "%trunc_ln613_1 = partselect i8 @_ssdm_op_PartSelect.i8.i24.i32.i32, i24 %img_read, i32 8, i32 15" [prj/sol/.autopilot/db/v_frmbuf_wr.cpp:613]   --->   Operation 48 'partselect' 'trunc_ln613_1' <Predicate = (!icmp_ln605)> <Delay = 0.00>
ST_2 : Operation 49 [1/1] (0.80ns)   --->   "%or_ln610 = or i1 %icmp_ln610, i1 %icmp14_read" [prj/sol/.autopilot/db/v_frmbuf_wr.cpp:610]   --->   Operation 49 'or' 'or_ln610' <Predicate = (!icmp_ln605)> <Delay = 0.80> <CoreInst = "LogicGate">   --->   Core 74 'LogicGate' <Latency = 0> <II = 1> <Delay = 0.80> <FuncUnit> <Opcode : 'and' 'or' 'xor'> <InPorts = 2> <OutPorts = 1>
ST_2 : Operation 50 [1/1] (1.29ns)   --->   "%br_ln610 = br i1 %or_ln610, void %for.inc146.1, void %if.then127.1" [prj/sol/.autopilot/db/v_frmbuf_wr.cpp:610]   --->   Operation 50 'br' 'br_ln610' <Predicate = (!icmp_ln605)> <Delay = 1.29>
ST_2 : Operation 129 [1/1] (1.29ns)   --->   "%ret_ln0 = ret"   --->   Operation 129 'ret' 'ret_ln0' <Predicate = (icmp_ln605)> <Delay = 1.29>

State 3 <SV = 2> <Delay = 2.38>
ST_3 : Operation 51 [1/1] ( I:2.38ns O:2.38ns )   --->   "%img_read_15 = read i24 @_ssdm_op_Read.ap_fifo.volatile.i24P0A, i24 %img" [prj/sol/.autopilot/db/v_frmbuf_wr.cpp:613]   --->   Operation 51 'read' 'img_read_15' <Predicate = (!icmp_ln605 & or_ln610)> <Delay = 2.38> <CoreInst = "FIFO_SRL">   --->   Core 80 'FIFO_SRL' <Latency = 0> <II = 1> <Delay = 3.40> <Storage> <Opcode : 'read' 'write' 'nbread' 'nbwrite'> <Ports = 0> <Width = 24> <Depth = 2> <FIFO>
ST_3 : Operation 52 [1/1] (0.00ns)   --->   "%trunc_ln613 = trunc i24 %img_read_15" [prj/sol/.autopilot/db/v_frmbuf_wr.cpp:613]   --->   Operation 52 'trunc' 'trunc_ln613' <Predicate = (!icmp_ln605 & or_ln610)> <Delay = 0.00>
ST_3 : Operation 53 [1/1] (0.00ns)   --->   "%trunc_ln613_2 = partselect i8 @_ssdm_op_PartSelect.i8.i24.i32.i32, i24 %img_read_15, i32 8, i32 15" [prj/sol/.autopilot/db/v_frmbuf_wr.cpp:613]   --->   Operation 53 'partselect' 'trunc_ln613_2' <Predicate = (!icmp_ln605 & or_ln610)> <Delay = 0.00>
ST_3 : Operation 54 [1/1] (1.29ns)   --->   "%br_ln614 = br void %for.inc146.1" [prj/sol/.autopilot/db/v_frmbuf_wr.cpp:614]   --->   Operation 54 'br' 'br_ln614' <Predicate = (!icmp_ln605 & or_ln610)> <Delay = 1.29>
ST_3 : Operation 55 [1/1] (0.80ns)   --->   "%or_ln610_1 = or i1 %icmp_ln610, i1 %icmp_ln610_1_read" [prj/sol/.autopilot/db/v_frmbuf_wr.cpp:610]   --->   Operation 55 'or' 'or_ln610_1' <Predicate = (!icmp_ln605)> <Delay = 0.80> <CoreInst = "LogicGate">   --->   Core 74 'LogicGate' <Latency = 0> <II = 1> <Delay = 0.80> <FuncUnit> <Opcode : 'and' 'or' 'xor'> <InPorts = 2> <OutPorts = 1>

State 4 <SV = 3> <Delay = 2.38>
ST_4 : Operation 56 [1/1] (1.29ns)   --->   "%br_ln610 = br i1 %or_ln610_1, void %for.inc146.2, void %if.then127.2" [prj/sol/.autopilot/db/v_frmbuf_wr.cpp:610]   --->   Operation 56 'br' 'br_ln610' <Predicate = (!icmp_ln605)> <Delay = 1.29>
ST_4 : Operation 57 [1/1] ( I:2.38ns O:2.38ns )   --->   "%img_read_16 = read i24 @_ssdm_op_Read.ap_fifo.volatile.i24P0A, i24 %img" [prj/sol/.autopilot/db/v_frmbuf_wr.cpp:613]   --->   Operation 57 'read' 'img_read_16' <Predicate = (!icmp_ln605 & or_ln610_1)> <Delay = 2.38> <CoreInst = "FIFO_SRL">   --->   Core 80 'FIFO_SRL' <Latency = 0> <II = 1> <Delay = 3.40> <Storage> <Opcode : 'read' 'write' 'nbread' 'nbwrite'> <Ports = 0> <Width = 24> <Depth = 2> <FIFO>
ST_4 : Operation 58 [1/1] (0.00ns)   --->   "%trunc_ln613_3 = trunc i24 %img_read_16" [prj/sol/.autopilot/db/v_frmbuf_wr.cpp:613]   --->   Operation 58 'trunc' 'trunc_ln613_3' <Predicate = (!icmp_ln605 & or_ln610_1)> <Delay = 0.00>
ST_4 : Operation 59 [1/1] (0.00ns)   --->   "%trunc_ln613_4 = partselect i8 @_ssdm_op_PartSelect.i8.i24.i32.i32, i24 %img_read_16, i32 8, i32 15" [prj/sol/.autopilot/db/v_frmbuf_wr.cpp:613]   --->   Operation 59 'partselect' 'trunc_ln613_4' <Predicate = (!icmp_ln605 & or_ln610_1)> <Delay = 0.00>
ST_4 : Operation 60 [1/1] (1.29ns)   --->   "%br_ln614 = br void %for.inc146.2" [prj/sol/.autopilot/db/v_frmbuf_wr.cpp:614]   --->   Operation 60 'br' 'br_ln614' <Predicate = (!icmp_ln605 & or_ln610_1)> <Delay = 1.29>
ST_4 : Operation 61 [1/1] (0.80ns)   --->   "%or_ln610_2 = or i1 %icmp_ln610, i1 %icmp17_read" [prj/sol/.autopilot/db/v_frmbuf_wr.cpp:610]   --->   Operation 61 'or' 'or_ln610_2' <Predicate = (!icmp_ln605)> <Delay = 0.80> <CoreInst = "LogicGate">   --->   Core 74 'LogicGate' <Latency = 0> <II = 1> <Delay = 0.80> <FuncUnit> <Opcode : 'and' 'or' 'xor'> <InPorts = 2> <OutPorts = 1>

State 5 <SV = 4> <Delay = 2.38>
ST_5 : Operation 62 [1/1] (0.00ns)   --->   "%empty_227 = phi i8 %trunc_ln613_2, void %if.then127.1, i8 %trunc_ln613_1, void %VITIS_LOOP_608_5.split" [prj/sol/.autopilot/db/v_frmbuf_wr.cpp:613]   --->   Operation 62 'phi' 'empty_227' <Predicate = (!icmp_ln605)> <Delay = 0.00>
ST_5 : Operation 63 [1/1] (0.00ns)   --->   "%in_pix_Y_2 = phi i8 %trunc_ln613, void %if.then127.1, i8 %in_pix_Y, void %VITIS_LOOP_608_5.split"   --->   Operation 63 'phi' 'in_pix_Y_2' <Predicate = (!icmp_ln605)> <Delay = 0.00>
ST_5 : Operation 64 [1/1] (0.00ns)   --->   "%empty_226 = phi i8 %trunc_ln613_4, void %if.then127.2, i8 %empty_227, void %for.inc146.1" [prj/sol/.autopilot/db/v_frmbuf_wr.cpp:613]   --->   Operation 64 'phi' 'empty_226' <Predicate = (!icmp_ln605)> <Delay = 0.00>
ST_5 : Operation 65 [1/1] (0.00ns)   --->   "%in_pix_Y_4 = phi i8 %trunc_ln613_3, void %if.then127.2, i8 %in_pix_Y_2, void %for.inc146.1"   --->   Operation 65 'phi' 'in_pix_Y_4' <Predicate = (!icmp_ln605)> <Delay = 0.00>
ST_5 : Operation 66 [1/1] (1.29ns)   --->   "%br_ln610 = br i1 %or_ln610_2, void %for.inc146.3, void %if.then127.3" [prj/sol/.autopilot/db/v_frmbuf_wr.cpp:610]   --->   Operation 66 'br' 'br_ln610' <Predicate = (!icmp_ln605)> <Delay = 1.29>
ST_5 : Operation 67 [1/1] ( I:2.38ns O:2.38ns )   --->   "%img_read_17 = read i24 @_ssdm_op_Read.ap_fifo.volatile.i24P0A, i24 %img" [prj/sol/.autopilot/db/v_frmbuf_wr.cpp:613]   --->   Operation 67 'read' 'img_read_17' <Predicate = (!icmp_ln605 & or_ln610_2)> <Delay = 2.38> <CoreInst = "FIFO_SRL">   --->   Core 80 'FIFO_SRL' <Latency = 0> <II = 1> <Delay = 3.40> <Storage> <Opcode : 'read' 'write' 'nbread' 'nbwrite'> <Ports = 0> <Width = 24> <Depth = 2> <FIFO>
ST_5 : Operation 68 [1/1] (0.00ns)   --->   "%trunc_ln613_5 = trunc i24 %img_read_17" [prj/sol/.autopilot/db/v_frmbuf_wr.cpp:613]   --->   Operation 68 'trunc' 'trunc_ln613_5' <Predicate = (!icmp_ln605 & or_ln610_2)> <Delay = 0.00>
ST_5 : Operation 69 [1/1] (0.00ns)   --->   "%trunc_ln613_6 = partselect i8 @_ssdm_op_PartSelect.i8.i24.i32.i32, i24 %img_read_17, i32 8, i32 15" [prj/sol/.autopilot/db/v_frmbuf_wr.cpp:613]   --->   Operation 69 'partselect' 'trunc_ln613_6' <Predicate = (!icmp_ln605 & or_ln610_2)> <Delay = 0.00>
ST_5 : Operation 70 [1/1] (1.29ns)   --->   "%br_ln614 = br void %for.inc146.3" [prj/sol/.autopilot/db/v_frmbuf_wr.cpp:614]   --->   Operation 70 'br' 'br_ln614' <Predicate = (!icmp_ln605 & or_ln610_2)> <Delay = 1.29>
ST_5 : Operation 71 [1/1] (0.80ns)   --->   "%or_ln610_3 = or i1 %icmp_ln610, i1 %icmp_ln610_3_read" [prj/sol/.autopilot/db/v_frmbuf_wr.cpp:610]   --->   Operation 71 'or' 'or_ln610_3' <Predicate = (!icmp_ln605)> <Delay = 0.80> <CoreInst = "LogicGate">   --->   Core 74 'LogicGate' <Latency = 0> <II = 1> <Delay = 0.80> <FuncUnit> <Opcode : 'and' 'or' 'xor'> <InPorts = 2> <OutPorts = 1>
ST_5 : Operation 72 [1/1] (0.80ns)   --->   "%or_ln610_4 = or i1 %icmp_ln610, i1 %icmp_ln610_4_read" [prj/sol/.autopilot/db/v_frmbuf_wr.cpp:610]   --->   Operation 72 'or' 'or_ln610_4' <Predicate = (!icmp_ln605)> <Delay = 0.80> <CoreInst = "LogicGate">   --->   Core 74 'LogicGate' <Latency = 0> <II = 1> <Delay = 0.80> <FuncUnit> <Opcode : 'and' 'or' 'xor'> <InPorts = 2> <OutPorts = 1>
ST_5 : Operation 73 [1/1] (0.80ns)   --->   "%or_ln610_5 = or i1 %icmp_ln610, i1 %icmp_ln610_5_read" [prj/sol/.autopilot/db/v_frmbuf_wr.cpp:610]   --->   Operation 73 'or' 'or_ln610_5' <Predicate = (!icmp_ln605)> <Delay = 0.80> <CoreInst = "LogicGate">   --->   Core 74 'LogicGate' <Latency = 0> <II = 1> <Delay = 0.80> <FuncUnit> <Opcode : 'and' 'or' 'xor'> <InPorts = 2> <OutPorts = 1>
ST_5 : Operation 74 [1/1] (0.80ns)   --->   "%or_ln610_6 = or i1 %icmp_ln610, i1 %icmp_ln594_read" [prj/sol/.autopilot/db/v_frmbuf_wr.cpp:610]   --->   Operation 74 'or' 'or_ln610_6' <Predicate = (!icmp_ln605)> <Delay = 0.80> <CoreInst = "LogicGate">   --->   Core 74 'LogicGate' <Latency = 0> <II = 1> <Delay = 0.80> <FuncUnit> <Opcode : 'and' 'or' 'xor'> <InPorts = 2> <OutPorts = 1>

State 6 <SV = 5> <Delay = 2.38>
ST_6 : Operation 75 [1/1] (0.00ns)   --->   "%empty_225 = phi i8 %trunc_ln613_6, void %if.then127.3, i8 %empty_226, void %for.inc146.2" [prj/sol/.autopilot/db/v_frmbuf_wr.cpp:613]   --->   Operation 75 'phi' 'empty_225' <Predicate = (!icmp_ln605)> <Delay = 0.00>
ST_6 : Operation 76 [1/1] (0.00ns)   --->   "%in_pix_Y_6 = phi i8 %trunc_ln613_5, void %if.then127.3, i8 %in_pix_Y_4, void %for.inc146.2"   --->   Operation 76 'phi' 'in_pix_Y_6' <Predicate = (!icmp_ln605)> <Delay = 0.00>
ST_6 : Operation 77 [1/1] (1.29ns)   --->   "%br_ln610 = br i1 %or_ln610_3, void %for.inc146.4, void %if.then127.4" [prj/sol/.autopilot/db/v_frmbuf_wr.cpp:610]   --->   Operation 77 'br' 'br_ln610' <Predicate = (!icmp_ln605)> <Delay = 1.29>
ST_6 : Operation 78 [1/1] ( I:2.38ns O:2.38ns )   --->   "%img_read_18 = read i24 @_ssdm_op_Read.ap_fifo.volatile.i24P0A, i24 %img" [prj/sol/.autopilot/db/v_frmbuf_wr.cpp:613]   --->   Operation 78 'read' 'img_read_18' <Predicate = (!icmp_ln605 & or_ln610_3)> <Delay = 2.38> <CoreInst = "FIFO_SRL">   --->   Core 80 'FIFO_SRL' <Latency = 0> <II = 1> <Delay = 3.40> <Storage> <Opcode : 'read' 'write' 'nbread' 'nbwrite'> <Ports = 0> <Width = 24> <Depth = 2> <FIFO>
ST_6 : Operation 79 [1/1] (0.00ns)   --->   "%trunc_ln613_7 = trunc i24 %img_read_18" [prj/sol/.autopilot/db/v_frmbuf_wr.cpp:613]   --->   Operation 79 'trunc' 'trunc_ln613_7' <Predicate = (!icmp_ln605 & or_ln610_3)> <Delay = 0.00>
ST_6 : Operation 80 [1/1] (0.00ns)   --->   "%trunc_ln613_8 = partselect i8 @_ssdm_op_PartSelect.i8.i24.i32.i32, i24 %img_read_18, i32 8, i32 15" [prj/sol/.autopilot/db/v_frmbuf_wr.cpp:613]   --->   Operation 80 'partselect' 'trunc_ln613_8' <Predicate = (!icmp_ln605 & or_ln610_3)> <Delay = 0.00>
ST_6 : Operation 81 [1/1] (1.29ns)   --->   "%br_ln614 = br void %for.inc146.4" [prj/sol/.autopilot/db/v_frmbuf_wr.cpp:614]   --->   Operation 81 'br' 'br_ln614' <Predicate = (!icmp_ln605 & or_ln610_3)> <Delay = 1.29>

State 7 <SV = 6> <Delay = 2.38>
ST_7 : Operation 82 [1/1] (0.00ns)   --->   "%in_pix_Y_8 = phi i8 %trunc_ln613_7, void %if.then127.4, i8 %in_pix_Y_6, void %for.inc146.3"   --->   Operation 82 'phi' 'in_pix_Y_8' <Predicate = (!icmp_ln605)> <Delay = 0.00>
ST_7 : Operation 83 [1/1] (1.29ns)   --->   "%br_ln610 = br i1 %or_ln610_4, void %for.inc146.5, void %if.then127.5" [prj/sol/.autopilot/db/v_frmbuf_wr.cpp:610]   --->   Operation 83 'br' 'br_ln610' <Predicate = (!icmp_ln605)> <Delay = 1.29>
ST_7 : Operation 84 [1/1] ( I:2.38ns O:2.38ns )   --->   "%img_read_19 = read i24 @_ssdm_op_Read.ap_fifo.volatile.i24P0A, i24 %img" [prj/sol/.autopilot/db/v_frmbuf_wr.cpp:613]   --->   Operation 84 'read' 'img_read_19' <Predicate = (!icmp_ln605 & or_ln610_4)> <Delay = 2.38> <CoreInst = "FIFO_SRL">   --->   Core 80 'FIFO_SRL' <Latency = 0> <II = 1> <Delay = 3.40> <Storage> <Opcode : 'read' 'write' 'nbread' 'nbwrite'> <Ports = 0> <Width = 24> <Depth = 2> <FIFO>
ST_7 : Operation 85 [1/1] (0.00ns)   --->   "%trunc_ln613_9 = trunc i24 %img_read_19" [prj/sol/.autopilot/db/v_frmbuf_wr.cpp:613]   --->   Operation 85 'trunc' 'trunc_ln613_9' <Predicate = (!icmp_ln605 & or_ln610_4)> <Delay = 0.00>
ST_7 : Operation 86 [1/1] (0.00ns)   --->   "%trunc_ln613_s = partselect i8 @_ssdm_op_PartSelect.i8.i24.i32.i32, i24 %img_read_19, i32 8, i32 15" [prj/sol/.autopilot/db/v_frmbuf_wr.cpp:613]   --->   Operation 86 'partselect' 'trunc_ln613_s' <Predicate = (!icmp_ln605 & or_ln610_4)> <Delay = 0.00>
ST_7 : Operation 87 [1/1] (1.29ns)   --->   "%br_ln614 = br void %for.inc146.5" [prj/sol/.autopilot/db/v_frmbuf_wr.cpp:614]   --->   Operation 87 'br' 'br_ln614' <Predicate = (!icmp_ln605 & or_ln610_4)> <Delay = 1.29>

State 8 <SV = 7> <Delay = 2.38>
ST_8 : Operation 88 [1/1] (0.00ns)   --->   "%empty_224 = phi i8 %trunc_ln613_8, void %if.then127.4, i8 %empty_225, void %for.inc146.3" [prj/sol/.autopilot/db/v_frmbuf_wr.cpp:613]   --->   Operation 88 'phi' 'empty_224' <Predicate = (!icmp_ln605)> <Delay = 0.00>
ST_8 : Operation 89 [1/1] (0.00ns)   --->   "%empty_223 = phi i8 %trunc_ln613_s, void %if.then127.5, i8 %empty_224, void %for.inc146.4" [prj/sol/.autopilot/db/v_frmbuf_wr.cpp:613]   --->   Operation 89 'phi' 'empty_223' <Predicate = (!icmp_ln605)> <Delay = 0.00>
ST_8 : Operation 90 [1/1] (1.29ns)   --->   "%br_ln610 = br i1 %or_ln610_5, void %for.inc146.6, void %if.then127.6" [prj/sol/.autopilot/db/v_frmbuf_wr.cpp:610]   --->   Operation 90 'br' 'br_ln610' <Predicate = (!icmp_ln605)> <Delay = 1.29>
ST_8 : Operation 91 [1/1] ( I:2.38ns O:2.38ns )   --->   "%img_read_20 = read i24 @_ssdm_op_Read.ap_fifo.volatile.i24P0A, i24 %img" [prj/sol/.autopilot/db/v_frmbuf_wr.cpp:613]   --->   Operation 91 'read' 'img_read_20' <Predicate = (!icmp_ln605 & or_ln610_5)> <Delay = 2.38> <CoreInst = "FIFO_SRL">   --->   Core 80 'FIFO_SRL' <Latency = 0> <II = 1> <Delay = 3.40> <Storage> <Opcode : 'read' 'write' 'nbread' 'nbwrite'> <Ports = 0> <Width = 24> <Depth = 2> <FIFO>
ST_8 : Operation 92 [1/1] (0.00ns)   --->   "%trunc_ln613_10 = trunc i24 %img_read_20" [prj/sol/.autopilot/db/v_frmbuf_wr.cpp:613]   --->   Operation 92 'trunc' 'trunc_ln613_10' <Predicate = (!icmp_ln605 & or_ln610_5)> <Delay = 0.00>
ST_8 : Operation 93 [1/1] (0.00ns)   --->   "%trunc_ln613_11 = partselect i8 @_ssdm_op_PartSelect.i8.i24.i32.i32, i24 %img_read_20, i32 8, i32 15" [prj/sol/.autopilot/db/v_frmbuf_wr.cpp:613]   --->   Operation 93 'partselect' 'trunc_ln613_11' <Predicate = (!icmp_ln605 & or_ln610_5)> <Delay = 0.00>
ST_8 : Operation 94 [1/1] (1.29ns)   --->   "%br_ln614 = br void %for.inc146.6" [prj/sol/.autopilot/db/v_frmbuf_wr.cpp:614]   --->   Operation 94 'br' 'br_ln614' <Predicate = (!icmp_ln605 & or_ln610_5)> <Delay = 1.29>

State 9 <SV = 8> <Delay = 3.33>
ST_9 : Operation 95 [1/1] (0.00ns)   --->   "%pixU_1_out_load = load i64 %pixU_1_out" [prj/sol/.autopilot/db/v_frmbuf_wr.cpp:630]   --->   Operation 95 'load' 'pixU_1_out_load' <Predicate = (!icmp_ln605)> <Delay = 0.00>
ST_9 : Operation 96 [1/1] (0.00ns)   --->   "%specpipeline_ln607 = specpipeline void @_ssdm_op_SpecPipeline, i32 8, i32 0, i32 0, i32 0, i32 4294967295, void @empty_53" [prj/sol/.autopilot/db/v_frmbuf_wr.cpp:607]   --->   Operation 96 'specpipeline' 'specpipeline_ln607' <Predicate = (!icmp_ln605)> <Delay = 0.00>
ST_9 : Operation 97 [1/1] (0.00ns)   --->   "%specloopname_ln605 = specloopname void @_ssdm_op_SpecLoopName, void @empty_13" [prj/sol/.autopilot/db/v_frmbuf_wr.cpp:605]   --->   Operation 97 'specloopname' 'specloopname_ln605' <Predicate = (!icmp_ln605)> <Delay = 0.00>
ST_9 : Operation 98 [1/1] (0.00ns)   --->   "%shl_ln = bitconcatenate i6 @_ssdm_op_BitConcatenate.i6.i1.i5, i1 %trunc_ln605, i5 0" [prj/sol/.autopilot/db/v_frmbuf_wr.cpp:634]   --->   Operation 98 'bitconcatenate' 'shl_ln' <Predicate = (!icmp_ln605)> <Delay = 0.00>
ST_9 : Operation 99 [1/1] (1.11ns)   --->   "%pixU = partset i64 @_ssdm_op_PartSet.i64.i64.i8.i6, i64 %pixU_1_out_load, i8 %trunc_ln613_1, i6 %shl_ln" [prj/sol/.autopilot/db/v_frmbuf_wr.cpp:630]   --->   Operation 99 'partset' 'pixU' <Predicate = (!icmp_ln605)> <Delay = 1.11> <CoreInst = "PartSet">   --->   Core 144 'PartSet' <Latency = 0> <II = 1> <Delay = 1.11> <FuncUnit> <Opcode : 'partset'> <InPorts = 3> <OutPorts = 1>
ST_9 : Operation 100 [1/1] (0.00ns)   --->   "%pixV_1_out_load = load i64 %pixV_1_out" [prj/sol/.autopilot/db/v_frmbuf_wr.cpp:634]   --->   Operation 100 'load' 'pixV_1_out_load' <Predicate = (!icmp_ln605)> <Delay = 0.00>
ST_9 : Operation 101 [1/1] (1.11ns)   --->   "%pixV = partset i64 @_ssdm_op_PartSet.i64.i64.i8.i6, i64 %pixV_1_out_load, i8 %empty_227, i6 %shl_ln" [prj/sol/.autopilot/db/v_frmbuf_wr.cpp:634]   --->   Operation 101 'partset' 'pixV' <Predicate = (!icmp_ln605)> <Delay = 1.11> <CoreInst = "PartSet">   --->   Core 144 'PartSet' <Latency = 0> <II = 1> <Delay = 1.11> <FuncUnit> <Opcode : 'partset'> <InPorts = 3> <OutPorts = 1>
ST_9 : Operation 102 [1/1] (0.00ns)   --->   "%or_ln = bitconcatenate i6 @_ssdm_op_BitConcatenate.i6.i1.i5, i1 %trunc_ln605, i5 8" [prj/sol/.autopilot/db/v_frmbuf_wr.cpp:630]   --->   Operation 102 'bitconcatenate' 'or_ln' <Predicate = (!icmp_ln605)> <Delay = 0.00>
ST_9 : Operation 103 [1/1] (1.11ns)   --->   "%pixU_1 = partset i64 @_ssdm_op_PartSet.i64.i64.i8.i6, i64 %pixU, i8 %empty_226, i6 %or_ln" [prj/sol/.autopilot/db/v_frmbuf_wr.cpp:630]   --->   Operation 103 'partset' 'pixU_1' <Predicate = (!icmp_ln605)> <Delay = 1.11> <CoreInst = "PartSet">   --->   Core 144 'PartSet' <Latency = 0> <II = 1> <Delay = 1.11> <FuncUnit> <Opcode : 'partset'> <InPorts = 3> <OutPorts = 1>
ST_9 : Operation 104 [1/1] (1.11ns)   --->   "%pixV_1 = partset i64 @_ssdm_op_PartSet.i64.i64.i8.i6, i64 %pixV, i8 %empty_225, i6 %or_ln" [prj/sol/.autopilot/db/v_frmbuf_wr.cpp:634]   --->   Operation 104 'partset' 'pixV_1' <Predicate = (!icmp_ln605)> <Delay = 1.11> <CoreInst = "PartSet">   --->   Core 144 'PartSet' <Latency = 0> <II = 1> <Delay = 1.11> <FuncUnit> <Opcode : 'partset'> <InPorts = 3> <OutPorts = 1>
ST_9 : Operation 105 [1/1] (0.00ns)   --->   "%or_ln630_1 = bitconcatenate i6 @_ssdm_op_BitConcatenate.i6.i1.i5, i1 %trunc_ln605, i5 16" [prj/sol/.autopilot/db/v_frmbuf_wr.cpp:630]   --->   Operation 105 'bitconcatenate' 'or_ln630_1' <Predicate = (!icmp_ln605)> <Delay = 0.00>
ST_9 : Operation 106 [1/1] (1.11ns)   --->   "%pixU_2 = partset i64 @_ssdm_op_PartSet.i64.i64.i8.i6, i64 %pixU_1, i8 %empty_224, i6 %or_ln630_1" [prj/sol/.autopilot/db/v_frmbuf_wr.cpp:630]   --->   Operation 106 'partset' 'pixU_2' <Predicate = (!icmp_ln605)> <Delay = 1.11> <CoreInst = "PartSet">   --->   Core 144 'PartSet' <Latency = 0> <II = 1> <Delay = 1.11> <FuncUnit> <Opcode : 'partset'> <InPorts = 3> <OutPorts = 1>
ST_9 : Operation 107 [1/1] (0.00ns)   --->   "%in_pix_Y_9 = phi i8 %trunc_ln613_9, void %if.then127.5, i8 %in_pix_Y_8, void %for.inc146.4"   --->   Operation 107 'phi' 'in_pix_Y_9' <Predicate = (!icmp_ln605)> <Delay = 0.00>
ST_9 : Operation 108 [1/1] (1.11ns)   --->   "%pixV_2 = partset i64 @_ssdm_op_PartSet.i64.i64.i8.i6, i64 %pixV_1, i8 %empty_223, i6 %or_ln630_1" [prj/sol/.autopilot/db/v_frmbuf_wr.cpp:634]   --->   Operation 108 'partset' 'pixV_2' <Predicate = (!icmp_ln605)> <Delay = 1.11> <CoreInst = "PartSet">   --->   Core 144 'PartSet' <Latency = 0> <II = 1> <Delay = 1.11> <FuncUnit> <Opcode : 'partset'> <InPorts = 3> <OutPorts = 1>
ST_9 : Operation 109 [1/1] (0.00ns)   --->   "%empty_222 = phi i8 %trunc_ln613_11, void %if.then127.6, i8 %empty_223, void %for.inc146.5" [prj/sol/.autopilot/db/v_frmbuf_wr.cpp:613]   --->   Operation 109 'phi' 'empty_222' <Predicate = (!icmp_ln605)> <Delay = 0.00>
ST_9 : Operation 110 [1/1] (1.29ns)   --->   "%br_ln610 = br i1 %or_ln610_6, void %for.inc146.7, void %if.then127.7" [prj/sol/.autopilot/db/v_frmbuf_wr.cpp:610]   --->   Operation 110 'br' 'br_ln610' <Predicate = (!icmp_ln605)> <Delay = 1.29>
ST_9 : Operation 111 [1/1] ( I:2.38ns O:2.38ns )   --->   "%img_read_21 = read i24 @_ssdm_op_Read.ap_fifo.volatile.i24P0A, i24 %img" [prj/sol/.autopilot/db/v_frmbuf_wr.cpp:613]   --->   Operation 111 'read' 'img_read_21' <Predicate = (!icmp_ln605 & or_ln610_6)> <Delay = 2.38> <CoreInst = "FIFO_SRL">   --->   Core 80 'FIFO_SRL' <Latency = 0> <II = 1> <Delay = 3.40> <Storage> <Opcode : 'read' 'write' 'nbread' 'nbwrite'> <Ports = 0> <Width = 24> <Depth = 2> <FIFO>
ST_9 : Operation 112 [1/1] (0.00ns)   --->   "%trunc_ln613_12 = trunc i24 %img_read_21" [prj/sol/.autopilot/db/v_frmbuf_wr.cpp:613]   --->   Operation 112 'trunc' 'trunc_ln613_12' <Predicate = (!icmp_ln605 & or_ln610_6)> <Delay = 0.00>
ST_9 : Operation 113 [1/1] (0.00ns)   --->   "%trunc_ln613_13 = partselect i8 @_ssdm_op_PartSelect.i8.i24.i32.i32, i24 %img_read_21, i32 8, i32 15" [prj/sol/.autopilot/db/v_frmbuf_wr.cpp:613]   --->   Operation 113 'partselect' 'trunc_ln613_13' <Predicate = (!icmp_ln605 & or_ln610_6)> <Delay = 0.00>
ST_9 : Operation 114 [1/1] (1.29ns)   --->   "%br_ln614 = br void %for.inc146.7" [prj/sol/.autopilot/db/v_frmbuf_wr.cpp:614]   --->   Operation 114 'br' 'br_ln614' <Predicate = (!icmp_ln605 & or_ln610_6)> <Delay = 1.29>

State 10 <SV = 9> <Delay = 3.49>
ST_10 : Operation 115 [1/1] (0.00ns)   --->   "%in_pix_Y_10 = phi i8 %trunc_ln613_10, void %if.then127.6, i8 %in_pix_Y_9, void %for.inc146.5"   --->   Operation 115 'phi' 'in_pix_Y_10' <Predicate = (!icmp_ln605)> <Delay = 0.00>
ST_10 : Operation 116 [1/1] (0.00ns)   --->   "%or_ln630_2 = bitconcatenate i6 @_ssdm_op_BitConcatenate.i6.i1.i5, i1 %trunc_ln605, i5 24" [prj/sol/.autopilot/db/v_frmbuf_wr.cpp:630]   --->   Operation 116 'bitconcatenate' 'or_ln630_2' <Predicate = (!icmp_ln605)> <Delay = 0.00>
ST_10 : Operation 117 [1/1] (1.11ns)   --->   "%pixU_3 = partset i64 @_ssdm_op_PartSet.i64.i64.i8.i6, i64 %pixU_2, i8 %empty_222, i6 %or_ln630_2" [prj/sol/.autopilot/db/v_frmbuf_wr.cpp:630]   --->   Operation 117 'partset' 'pixU_3' <Predicate = (!icmp_ln605)> <Delay = 1.11> <CoreInst = "PartSet">   --->   Core 144 'PartSet' <Latency = 0> <II = 1> <Delay = 1.11> <FuncUnit> <Opcode : 'partset'> <InPorts = 3> <OutPorts = 1>
ST_10 : Operation 118 [1/1] (0.00ns)   --->   "%empty_221 = phi i8 %trunc_ln613_13, void %if.then127.7, i8 %empty_222, void %for.inc146.6" [prj/sol/.autopilot/db/v_frmbuf_wr.cpp:613]   --->   Operation 118 'phi' 'empty_221' <Predicate = true> <Delay = 0.00>
ST_10 : Operation 119 [1/1] (0.00ns)   --->   "%in_pix_Y_11 = phi i8 %trunc_ln613_12, void %if.then127.7, i8 %in_pix_Y_10, void %for.inc146.6"   --->   Operation 119 'phi' 'in_pix_Y_11' <Predicate = true> <Delay = 0.00>
ST_10 : Operation 120 [1/1] (1.11ns)   --->   "%pixV_3 = partset i64 @_ssdm_op_PartSet.i64.i64.i8.i6, i64 %pixV_2, i8 %empty_221, i6 %or_ln630_2" [prj/sol/.autopilot/db/v_frmbuf_wr.cpp:634]   --->   Operation 120 'partset' 'pixV_3' <Predicate = true> <Delay = 1.11> <CoreInst = "PartSet">   --->   Core 144 'PartSet' <Latency = 0> <II = 1> <Delay = 1.11> <FuncUnit> <Opcode : 'partset'> <InPorts = 3> <OutPorts = 1>
ST_10 : Operation 121 [1/1] (0.00ns)   --->   "%pixY = bitconcatenate i64 @_ssdm_op_BitConcatenate.i64.i8.i8.i8.i8.i8.i8.i8.i8, i8 %in_pix_Y_11, i8 %in_pix_Y_10, i8 %in_pix_Y_9, i8 %in_pix_Y_8, i8 %in_pix_Y_6, i8 %in_pix_Y_4, i8 %in_pix_Y_2, i8 %in_pix_Y" [prj/sol/.autopilot/db/v_frmbuf_wr.cpp:665]   --->   Operation 121 'bitconcatenate' 'pixY' <Predicate = true> <Delay = 0.00>
ST_10 : Operation 122 [1/1] ( I:2.38ns O:2.38ns )   --->   "%write_ln668 = write void @_ssdm_op_Write.ap_fifo.volatile.i64P0A, i64 %bytePlanes_plane0, i64 %pixY" [prj/sol/.autopilot/db/v_frmbuf_wr.cpp:668]   --->   Operation 122 'write' 'write_ln668' <Predicate = true> <Delay = 2.38> <CoreInst = "FIFO_BRAM">   --->   Core 78 'FIFO_BRAM' <Latency = 0> <II = 1> <Delay = 3.41> <Storage> <Opcode : 'read' 'write' 'nbread' 'nbwrite'> <Ports = 0> <Width = 64> <Depth = 481> <FIFO>
ST_10 : Operation 123 [1/1] ( I:2.38ns O:2.38ns )   --->   "%write_ln671 = write void @_ssdm_op_Write.ap_fifo.volatile.i64P0A, i64 %bytePlanes_plane1, i64 %pixU_3" [prj/sol/.autopilot/db/v_frmbuf_wr.cpp:671]   --->   Operation 123 'write' 'write_ln671' <Predicate = (!tmp & or_ln669)> <Delay = 2.38> <CoreInst = "FIFO_BRAM">   --->   Core 78 'FIFO_BRAM' <Latency = 0> <II = 1> <Delay = 3.41> <Storage> <Opcode : 'read' 'write' 'nbread' 'nbwrite'> <Ports = 0> <Width = 64> <Depth = 481> <FIFO>
ST_10 : Operation 124 [1/1] ( I:2.38ns O:2.38ns )   --->   "%write_ln672 = write void @_ssdm_op_Write.ap_fifo.volatile.i64P0A, i64 %bytePlanes_plane2, i64 %pixV_3" [prj/sol/.autopilot/db/v_frmbuf_wr.cpp:672]   --->   Operation 124 'write' 'write_ln672' <Predicate = (!tmp & or_ln669)> <Delay = 2.38> <CoreInst = "FIFO_BRAM">   --->   Core 78 'FIFO_BRAM' <Latency = 0> <II = 1> <Delay = 3.41> <Storage> <Opcode : 'read' 'write' 'nbread' 'nbwrite'> <Ports = 0> <Width = 64> <Depth = 481> <FIFO>
ST_10 : Operation 125 [1/1] (0.00ns)   --->   "%br_ln673 = br void %for.inc208" [prj/sol/.autopilot/db/v_frmbuf_wr.cpp:673]   --->   Operation 125 'br' 'br_ln673' <Predicate = (!tmp & or_ln669)> <Delay = 0.00>
ST_10 : Operation 126 [1/1] (0.00ns)   --->   "%store_ln598 = store i64 %pixV_3, i64 %pixV_1_out" [prj/sol/.autopilot/db/v_frmbuf_wr.cpp:598]   --->   Operation 126 'store' 'store_ln598' <Predicate = true> <Delay = 0.00>
ST_10 : Operation 127 [1/1] (0.00ns)   --->   "%store_ln598 = store i64 %pixU_3, i64 %pixU_1_out" [prj/sol/.autopilot/db/v_frmbuf_wr.cpp:598]   --->   Operation 127 'store' 'store_ln598' <Predicate = true> <Delay = 0.00>
ST_10 : Operation 128 [1/1] (0.00ns)   --->   "%br_ln605 = br void %VITIS_LOOP_608_5" [prj/sol/.autopilot/db/v_frmbuf_wr.cpp:605]   --->   Operation 128 'br' 'br_ln605' <Predicate = true> <Delay = 0.00>


============================================================
+ Verbose Summary: Timing violations
============================================================
Target clock period: 6.522ns, clock uncertainty: 1.761ns.

 <State 1>: 4.078ns
The critical path consists of the following:
	'store' operation ('store_ln605', prj/sol/.autopilot/db/v_frmbuf_wr.cpp:605) of constant 0 11 bit on local variable 'x', prj/sol/.autopilot/db/v_frmbuf_wr.cpp:605 [35]  (1.298 ns)
	'load' operation 11 bit ('x', prj/sol/.autopilot/db/v_frmbuf_wr.cpp:605) on local variable 'x', prj/sol/.autopilot/db/v_frmbuf_wr.cpp:605 [38]  (0.000 ns)
	'add' operation 11 bit ('x', prj/sol/.autopilot/db/v_frmbuf_wr.cpp:605) [41]  (1.482 ns)
	'store' operation ('store_ln605', prj/sol/.autopilot/db/v_frmbuf_wr.cpp:605) of variable 'x', prj/sol/.autopilot/db/v_frmbuf_wr.cpp:605 11 bit on local variable 'x', prj/sol/.autopilot/db/v_frmbuf_wr.cpp:605 [148]  (1.298 ns)

 <State 2>: 2.381ns
The critical path consists of the following:
	fifo read operation ('img_read', prj/sol/.autopilot/db/v_frmbuf_wr.cpp:613) on port 'img' (prj/sol/.autopilot/db/v_frmbuf_wr.cpp:613) [51]  (2.381 ns)

 <State 3>: 2.381ns
The critical path consists of the following:
	fifo read operation ('img_read_15', prj/sol/.autopilot/db/v_frmbuf_wr.cpp:613) on port 'img' (prj/sol/.autopilot/db/v_frmbuf_wr.cpp:613) [58]  (2.381 ns)

 <State 4>: 2.381ns
The critical path consists of the following:
	fifo read operation ('img_read_16', prj/sol/.autopilot/db/v_frmbuf_wr.cpp:613) on port 'img' (prj/sol/.autopilot/db/v_frmbuf_wr.cpp:613) [70]  (2.381 ns)

 <State 5>: 2.381ns
The critical path consists of the following:
	fifo read operation ('img_read_17', prj/sol/.autopilot/db/v_frmbuf_wr.cpp:613) on port 'img' (prj/sol/.autopilot/db/v_frmbuf_wr.cpp:613) [82]  (2.381 ns)

 <State 6>: 2.381ns
The critical path consists of the following:
	fifo read operation ('img_read_18', prj/sol/.autopilot/db/v_frmbuf_wr.cpp:613) on port 'img' (prj/sol/.autopilot/db/v_frmbuf_wr.cpp:613) [93]  (2.381 ns)

 <State 7>: 2.381ns
The critical path consists of the following:
	fifo read operation ('img_read_19', prj/sol/.autopilot/db/v_frmbuf_wr.cpp:613) on port 'img' (prj/sol/.autopilot/db/v_frmbuf_wr.cpp:613) [105]  (2.381 ns)

 <State 8>: 2.381ns
The critical path consists of the following:
	fifo read operation ('img_read_20', prj/sol/.autopilot/db/v_frmbuf_wr.cpp:613) on port 'img' (prj/sol/.autopilot/db/v_frmbuf_wr.cpp:613) [116]  (2.381 ns)

 <State 9>: 3.330ns
The critical path consists of the following:

 <State 10>: 3.491ns
The critical path consists of the following:
	fifo write operation ('write_ln671', prj/sol/.autopilot/db/v_frmbuf_wr.cpp:671) on port 'bytePlanes_plane1' (prj/sol/.autopilot/db/v_frmbuf_wr.cpp:671) [144]  (2.381 ns)
	blocking operation 1.11 ns on control path)


============================================================
+ Verbose Summary: Binding
============================================================
N/A
* FSMD analyzer results:
  - Output states:
 - Input state : 
  - Chain level:
	State 1
	State 2
	State 3
	State 4
	State 5
	State 6
	State 7
	State 8
	State 9
	State 10


============================================================
+ Verbose Summary: Datapath Resource usage 
============================================================
N/A
