

================================================================
== Vitis HLS Report for 'MultiPixStream2Bytes_Pipeline_VITIS_LOOP_1333_29'
================================================================
* Date:           Mon Mar 16 15:10:42 2026

* Version:        2025.2 (Build 6295257 on Nov 14 2025)
* Project:        prj
* Solution:       sol (Vivado IP Flow Target)
* Product family: zynq
* Target device:  xc7z020-clg400-2


================================================================
== Performance Estimates
================================================================
+ Timing: 
    * Summary: 
    +--------+---------+----------+------------+
    |  Clock |  Target | Estimated| Uncertainty|
    +--------+---------+----------+------------+
    |ap_clk  |  6.52 ns|  3.958 ns|     1.76 ns|
    +--------+---------+----------+------------+

+ Latency: 
    * Summary: 
    +---------+---------+-----------+-----------+-----+-----+-------------------+
    |  Latency (cycles) |   Latency (absolute)  |  Interval |      Pipeline     |
    |   min   |   max   |    min    |    max    | min | max |        Type       |
    +---------+---------+-----------+-----------+-----+-----+-------------------+
    |        2|     3843|  13.044 ns|  25.064 us|    0|    0|  loop pipeline stp|
    +---------+---------+-----------+-----------+-----+-----+-------------------+

    + Detail: 
        * Instance: 
        N/A

        * Loop: 
        +----------------------+---------+---------+----------+-----------+-----------+---------+----------+
        |                      |  Latency (cycles) | Iteration|  Initiation Interval  |   Trip  |          |
        |       Loop Name      |   min   |   max   |  Latency |  achieved |   target  |  Count  | Pipelined|
        +----------------------+---------+---------+----------+-----------+-----------+---------+----------+
        |- VITIS_LOOP_1333_29  |        0|     3841|        10|          8|          8|  0 ~ 480|       yes|
        +----------------------+---------+---------+----------+-----------+-----------+---------+----------+

============================================================
+ Verbose Summary: Synthesis Manager
============================================================
InlineROM: 1
ExposeGlobal: 0
============================================================
+ Verbose Summary: CDFG Model
============================================================
IsTopModel: 0
ResetActiveHigh: 1
IsCombinational: 0
IsDatapathOnly: 0
HasWiredReturn: 1
HasMFsm: 2
HasVarLatency: 1
IsPipeline: 0
IsRtlPipelined: 0
IsInstanceOverlapped: 0
IsDontTouch: 0
HasImplIP: 0
IsGatedGlobalClock: 0

+ Individual pipeline summary: 
  * Pipeline-0: initiation interval (II) = 8, depth = 10


============================================================
+ Verbose Summary: Schedule
============================================================
* Number of FSM states : 10
* Pipeline : 1
  Pipeline-0 : II = 8, D = 10, States = { 1 2 3 4 5 6 7 8 9 10 }
* Dataflow Pipeline: 0

* FSM state transitions: 
1 --> 2 
2 --> 3 
3 --> 4 
4 --> 5 
5 --> 6 
6 --> 7 
7 --> 8 
8 --> 9 
9 --> 10 
10 --> 

* FSM state operations: 

State 1 <SV = 0> <Delay = 3.95>
ST_1 : Operation 13 [1/1] (0.00ns)   --->   "%x_9 = alloca i32 1" [prj/sol/.autopilot/db/v_frmbuf_wr.cpp:1333]   --->   Operation 13 'alloca' 'x_9' <Predicate = true> <Delay = 0.00>
ST_1 : Operation 14 [1/1] (0.00ns)   --->   "%icmp44_read = read i1 @_ssdm_op_Read.ap_auto.i1, i1 %icmp44"   --->   Operation 14 'read' 'icmp44_read' <Predicate = true> <Delay = 0.00>
ST_1 : Operation 15 [1/1] (0.00ns)   --->   "%add_ln1338_read = read i10 @_ssdm_op_Read.ap_auto.i10, i10 %add_ln1338"   --->   Operation 15 'read' 'add_ln1338_read' <Predicate = true> <Delay = 0.00>
ST_1 : Operation 16 [1/1] (0.00ns)   --->   "%icmp_ln1338_1_read = read i1 @_ssdm_op_Read.ap_auto.i1, i1 %icmp_ln1338_1"   --->   Operation 16 'read' 'icmp_ln1338_1_read' <Predicate = true> <Delay = 0.00>
ST_1 : Operation 17 [1/1] (0.00ns)   --->   "%icmp47_read = read i1 @_ssdm_op_Read.ap_auto.i1, i1 %icmp47"   --->   Operation 17 'read' 'icmp47_read' <Predicate = true> <Delay = 0.00>
ST_1 : Operation 18 [1/1] (0.00ns)   --->   "%icmp_ln1338_3_read = read i1 @_ssdm_op_Read.ap_auto.i1, i1 %icmp_ln1338_3"   --->   Operation 18 'read' 'icmp_ln1338_3_read' <Predicate = true> <Delay = 0.00>
ST_1 : Operation 19 [1/1] (0.00ns)   --->   "%icmp_ln1338_4_read = read i1 @_ssdm_op_Read.ap_auto.i1, i1 %icmp_ln1338_4"   --->   Operation 19 'read' 'icmp_ln1338_4_read' <Predicate = true> <Delay = 0.00>
ST_1 : Operation 20 [1/1] (0.00ns)   --->   "%icmp_ln1338_5_read = read i1 @_ssdm_op_Read.ap_auto.i1, i1 %icmp_ln1338_5"   --->   Operation 20 'read' 'icmp_ln1338_5_read' <Predicate = true> <Delay = 0.00>
ST_1 : Operation 21 [1/1] (0.00ns)   --->   "%icmp_ln1319_read = read i1 @_ssdm_op_Read.ap_auto.i1, i1 %icmp_ln1319"   --->   Operation 21 'read' 'icmp_ln1319_read' <Predicate = true> <Delay = 0.00>
ST_1 : Operation 22 [1/1] (0.00ns)   --->   "%tmp = read i1 @_ssdm_op_Read.ap_auto.i1, i1 %empty"   --->   Operation 22 'read' 'tmp' <Predicate = true> <Delay = 0.00>
ST_1 : Operation 23 [1/1] (0.00ns)   --->   "%icmp_ln1353_1_read = read i1 @_ssdm_op_Read.ap_auto.i1, i1 %icmp_ln1353_1"   --->   Operation 23 'read' 'icmp_ln1353_1_read' <Predicate = true> <Delay = 0.00>
ST_1 : Operation 24 [1/1] (0.00ns)   --->   "%trunc_ln6_read = read i9 @_ssdm_op_Read.ap_auto.i9, i9 %trunc_ln6"   --->   Operation 24 'read' 'trunc_ln6_read' <Predicate = true> <Delay = 0.00>
ST_1 : Operation 25 [1/1] (0.00ns)   --->   "%specmemcore_ln0 = specmemcore void @_ssdm_op_SpecMemCore, i64 %bytePlanes_plane0, i64 666, i64 8, i64 18446744073709551615, i1 0"   --->   Operation 25 'specmemcore' 'specmemcore_ln0' <Predicate = true> <Delay = 0.00>
ST_1 : Operation 26 [1/1] (0.00ns)   --->   "%specinterface_ln0 = specinterface void @_ssdm_op_SpecInterface, i24 %img, void @empty_20, i32 0, i32 0, void @empty_53, i32 0, i32 0, void @empty_53, void @empty_53, void @empty_53, i32 0, i32 0, i32 0, i32 0, void @empty_53, void @empty_53, i32 4294967295, i32 0, i32 0, i32 0"   --->   Operation 26 'specinterface' 'specinterface_ln0' <Predicate = true> <Delay = 0.00>
ST_1 : Operation 27 [1/1] (0.00ns)   --->   "%specinterface_ln0 = specinterface void @_ssdm_op_SpecInterface, i64 %bytePlanes_plane0, void @empty_20, i32 0, i32 0, void @empty_53, i32 0, i32 0, void @empty_53, void @empty_53, void @empty_53, i32 0, i32 0, i32 0, i32 0, void @empty_53, void @empty_53, i32 4294967295, i32 0, i32 0, i32 0"   --->   Operation 27 'specinterface' 'specinterface_ln0' <Predicate = true> <Delay = 0.00>
ST_1 : Operation 28 [1/1] (1.29ns)   --->   "%store_ln1333 = store i9 0, i9 %x_9" [prj/sol/.autopilot/db/v_frmbuf_wr.cpp:1333]   --->   Operation 28 'store' 'store_ln1333' <Predicate = true> <Delay = 1.29>
ST_1 : Operation 29 [1/1] (0.00ns)   --->   "%br_ln1333 = br void %VITIS_LOOP_1336_30" [prj/sol/.autopilot/db/v_frmbuf_wr.cpp:1333]   --->   Operation 29 'br' 'br_ln1333' <Predicate = true> <Delay = 0.00>
ST_1 : Operation 30 [1/1] (0.00ns)   --->   "%x = load i9 %x_9" [prj/sol/.autopilot/db/v_frmbuf_wr.cpp:1333]   --->   Operation 30 'load' 'x' <Predicate = true> <Delay = 0.00>
ST_1 : Operation 31 [1/1] (0.00ns)   --->   "%zext_ln1333 = zext i9 %x" [prj/sol/.autopilot/db/v_frmbuf_wr.cpp:1333]   --->   Operation 31 'zext' 'zext_ln1333' <Predicate = true> <Delay = 0.00>
ST_1 : Operation 32 [1/1] (1.36ns)   --->   "%icmp_ln1333 = icmp_ult  i9 %x, i9 %trunc_ln6_read" [prj/sol/.autopilot/db/v_frmbuf_wr.cpp:1333]   --->   Operation 32 'icmp' 'icmp_ln1333' <Predicate = true> <Delay = 1.36> <CoreInst = "Cmp">   --->   Core 9 'Cmp' <Latency = 0> <II = 1> <Delay = 1.36> <FuncUnit> <Opcode : 'seteq' 'setne' 'setle' 'setge' 'setlt' 'setgt'> <InPorts = 2> <OutPorts = 1>
ST_1 : Operation 33 [1/1] (0.00ns)   --->   "%speclooptripcount_ln0 = speclooptripcount void @_ssdm_op_SpecLoopTripCount, i64 0, i64 480, i64 0"   --->   Operation 33 'speclooptripcount' 'speclooptripcount_ln0' <Predicate = true> <Delay = 0.00>
ST_1 : Operation 34 [1/1] (1.36ns)   --->   "%x_12 = add i9 %x, i9 1" [prj/sol/.autopilot/db/v_frmbuf_wr.cpp:1333]   --->   Operation 34 'add' 'x_12' <Predicate = true> <Delay = 1.36> <CoreInst = "Adder">   --->   Core 1 'Adder' <Latency = 0> <II = 1> <Delay = 1.36> <FuncUnit> <Opcode : 'add' 'sub'> <InPorts = 2> <OutPorts = 1>
ST_1 : Operation 35 [1/1] (0.00ns)   --->   "%br_ln1333 = br i1 %icmp_ln1333, void %for.inc1003.exitStub, void %VITIS_LOOP_1336_30.split" [prj/sol/.autopilot/db/v_frmbuf_wr.cpp:1333]   --->   Operation 35 'br' 'br_ln1333' <Predicate = true> <Delay = 0.00>
ST_1 : Operation 36 [1/1] (1.41ns)   --->   "%icmp_ln1338 = icmp_slt  i10 %zext_ln1333, i10 %add_ln1338_read" [prj/sol/.autopilot/db/v_frmbuf_wr.cpp:1338]   --->   Operation 36 'icmp' 'icmp_ln1338' <Predicate = (icmp_ln1333)> <Delay = 1.41> <CoreInst = "Cmp">   --->   Core 9 'Cmp' <Latency = 0> <II = 1> <Delay = 1.41> <FuncUnit> <Opcode : 'seteq' 'setne' 'setle' 'setge' 'setlt' 'setgt'> <InPorts = 2> <OutPorts = 1>
ST_1 : Operation 37 [1/1] (0.80ns)   --->   "%or_ln1353 = or i1 %icmp_ln1338, i1 %tmp" [prj/sol/.autopilot/db/v_frmbuf_wr.cpp:1353]   --->   Operation 37 'or' 'or_ln1353' <Predicate = (icmp_ln1333)> <Delay = 0.80> <CoreInst = "LogicGate">   --->   Core 74 'LogicGate' <Latency = 0> <II = 1> <Delay = 0.80> <FuncUnit> <Opcode : 'and' 'or' 'xor'> <InPorts = 2> <OutPorts = 1>
ST_1 : Operation 38 [1/1] (0.00ns)   --->   "%br_ln1353 = br i1 %or_ln1353, void %for.inc997.1, void %if.then988.1" [prj/sol/.autopilot/db/v_frmbuf_wr.cpp:1353]   --->   Operation 38 'br' 'br_ln1353' <Predicate = (icmp_ln1333)> <Delay = 0.00>
ST_1 : Operation 39 [1/1] (0.80ns)   --->   "%or_ln1353_1 = or i1 %icmp_ln1338, i1 %icmp_ln1353_1_read" [prj/sol/.autopilot/db/v_frmbuf_wr.cpp:1353]   --->   Operation 39 'or' 'or_ln1353_1' <Predicate = (icmp_ln1333)> <Delay = 0.80> <CoreInst = "LogicGate">   --->   Core 74 'LogicGate' <Latency = 0> <II = 1> <Delay = 0.80> <FuncUnit> <Opcode : 'and' 'or' 'xor'> <InPorts = 2> <OutPorts = 1>
ST_1 : Operation 40 [1/1] (0.00ns)   --->   "%br_ln1353 = br i1 %or_ln1353_1, void %for.inc997.2, void %if.then988.2" [prj/sol/.autopilot/db/v_frmbuf_wr.cpp:1353]   --->   Operation 40 'br' 'br_ln1353' <Predicate = (icmp_ln1333)> <Delay = 0.00>
ST_1 : Operation 41 [1/1] (1.29ns)   --->   "%store_ln1333 = store i9 %x_12, i9 %x_9" [prj/sol/.autopilot/db/v_frmbuf_wr.cpp:1333]   --->   Operation 41 'store' 'store_ln1333' <Predicate = (icmp_ln1333)> <Delay = 1.29>
ST_1 : Operation 42 [1/1] (0.00ns)   --->   "%br_ln1333 = br void %VITIS_LOOP_1336_30" [prj/sol/.autopilot/db/v_frmbuf_wr.cpp:1333]   --->   Operation 42 'br' 'br_ln1333' <Predicate = (icmp_ln1333)> <Delay = 0.00>

State 2 <SV = 1> <Delay = 2.38>
ST_2 : Operation 43 [1/1] (0.00ns)   --->   "%specpipeline_ln1335 = specpipeline void @_ssdm_op_SpecPipeline, i32 8, i32 0, i32 0, i32 0, i32 4294967295, void @empty_53" [prj/sol/.autopilot/db/v_frmbuf_wr.cpp:1335]   --->   Operation 43 'specpipeline' 'specpipeline_ln1335' <Predicate = (icmp_ln1333)> <Delay = 0.00>
ST_2 : Operation 44 [1/1] (0.00ns)   --->   "%specloopname_ln1333 = specloopname void @_ssdm_op_SpecLoopName, void @empty_51" [prj/sol/.autopilot/db/v_frmbuf_wr.cpp:1333]   --->   Operation 44 'specloopname' 'specloopname_ln1333' <Predicate = (icmp_ln1333)> <Delay = 0.00>
ST_2 : Operation 45 [1/1] ( I:2.38ns O:2.38ns )   --->   "%img_read = read i24 @_ssdm_op_Read.ap_fifo.volatile.i24P0A, i24 %img" [prj/sol/.autopilot/db/v_frmbuf_wr.cpp:1339]   --->   Operation 45 'read' 'img_read' <Predicate = (icmp_ln1333)> <Delay = 2.38> <CoreInst = "FIFO_SRL">   --->   Core 80 'FIFO_SRL' <Latency = 0> <II = 1> <Delay = 3.40> <Storage> <Opcode : 'read' 'write' 'nbread' 'nbwrite'> <Ports = 0> <Width = 24> <Depth = 2> <FIFO>
ST_2 : Operation 46 [1/1] (0.00ns)   --->   "%pix = trunc i24 %img_read" [prj/sol/.autopilot/db/v_frmbuf_wr.cpp:1339]   --->   Operation 46 'trunc' 'pix' <Predicate = (icmp_ln1333)> <Delay = 0.00>
ST_2 : Operation 47 [1/1] (0.00ns)   --->   "%pix_108 = partselect i8 @_ssdm_op_PartSelect.i8.i24.i32.i32, i24 %img_read, i32 8, i32 15" [prj/sol/.autopilot/db/v_frmbuf_wr.cpp:1339]   --->   Operation 47 'partselect' 'pix_108' <Predicate = (icmp_ln1333)> <Delay = 0.00>
ST_2 : Operation 48 [1/1] (0.00ns)   --->   "%pix_11 = partselect i8 @_ssdm_op_PartSelect.i8.i24.i32.i32, i24 %img_read, i32 16, i32 23" [prj/sol/.autopilot/db/v_frmbuf_wr.cpp:1339]   --->   Operation 48 'partselect' 'pix_11' <Predicate = (icmp_ln1333)> <Delay = 0.00>
ST_2 : Operation 49 [1/1] (0.80ns)   --->   "%or_ln1338 = or i1 %icmp_ln1338, i1 %icmp44_read" [prj/sol/.autopilot/db/v_frmbuf_wr.cpp:1338]   --->   Operation 49 'or' 'or_ln1338' <Predicate = (icmp_ln1333)> <Delay = 0.80> <CoreInst = "LogicGate">   --->   Core 74 'LogicGate' <Latency = 0> <II = 1> <Delay = 0.80> <FuncUnit> <Opcode : 'and' 'or' 'xor'> <InPorts = 2> <OutPorts = 1>
ST_2 : Operation 50 [1/1] (1.29ns)   --->   "%br_ln1338 = br i1 %or_ln1338, void %for.inc964.1, void %if.then935.1" [prj/sol/.autopilot/db/v_frmbuf_wr.cpp:1338]   --->   Operation 50 'br' 'br_ln1338' <Predicate = (icmp_ln1333)> <Delay = 1.29>
ST_2 : Operation 127 [1/1] (1.29ns)   --->   "%ret_ln0 = ret"   --->   Operation 127 'ret' 'ret_ln0' <Predicate = (!icmp_ln1333)> <Delay = 1.29>

State 3 <SV = 2> <Delay = 2.38>
ST_3 : Operation 51 [1/1] ( I:2.38ns O:2.38ns )   --->   "%img_read_36 = read i24 @_ssdm_op_Read.ap_fifo.volatile.i24P0A, i24 %img" [prj/sol/.autopilot/db/v_frmbuf_wr.cpp:1339]   --->   Operation 51 'read' 'img_read_36' <Predicate = (icmp_ln1333 & or_ln1338)> <Delay = 2.38> <CoreInst = "FIFO_SRL">   --->   Core 80 'FIFO_SRL' <Latency = 0> <II = 1> <Delay = 3.40> <Storage> <Opcode : 'read' 'write' 'nbread' 'nbwrite'> <Ports = 0> <Width = 24> <Depth = 2> <FIFO>
ST_3 : Operation 52 [1/1] (0.00ns)   --->   "%pix_109 = trunc i24 %img_read_36" [prj/sol/.autopilot/db/v_frmbuf_wr.cpp:1339]   --->   Operation 52 'trunc' 'pix_109' <Predicate = (icmp_ln1333 & or_ln1338)> <Delay = 0.00>
ST_3 : Operation 53 [1/1] (0.00ns)   --->   "%pix_110 = partselect i8 @_ssdm_op_PartSelect.i8.i24.i32.i32, i24 %img_read_36, i32 8, i32 15" [prj/sol/.autopilot/db/v_frmbuf_wr.cpp:1339]   --->   Operation 53 'partselect' 'pix_110' <Predicate = (icmp_ln1333 & or_ln1338)> <Delay = 0.00>
ST_3 : Operation 54 [1/1] (0.00ns)   --->   "%pix_12 = partselect i8 @_ssdm_op_PartSelect.i8.i24.i32.i32, i24 %img_read_36, i32 16, i32 23" [prj/sol/.autopilot/db/v_frmbuf_wr.cpp:1339]   --->   Operation 54 'partselect' 'pix_12' <Predicate = (icmp_ln1333 & or_ln1338)> <Delay = 0.00>
ST_3 : Operation 55 [1/1] (1.29ns)   --->   "%br_ln1339 = br void %for.inc964.1" [prj/sol/.autopilot/db/v_frmbuf_wr.cpp:1339]   --->   Operation 55 'br' 'br_ln1339' <Predicate = (icmp_ln1333 & or_ln1338)> <Delay = 1.29>
ST_3 : Operation 56 [1/1] (0.80ns)   --->   "%or_ln1338_1 = or i1 %icmp_ln1338, i1 %icmp_ln1338_1_read" [prj/sol/.autopilot/db/v_frmbuf_wr.cpp:1338]   --->   Operation 56 'or' 'or_ln1338_1' <Predicate = (icmp_ln1333)> <Delay = 0.80> <CoreInst = "LogicGate">   --->   Core 74 'LogicGate' <Latency = 0> <II = 1> <Delay = 0.80> <FuncUnit> <Opcode : 'and' 'or' 'xor'> <InPorts = 2> <OutPorts = 1>

State 4 <SV = 3> <Delay = 2.38>
ST_4 : Operation 57 [1/1] (0.00ns)   --->   "%pix_57 = phi i8 %pix_12, void %if.then935.1, i8 %pix_11, void %VITIS_LOOP_1336_30.split"   --->   Operation 57 'phi' 'pix_57' <Predicate = (icmp_ln1333)> <Delay = 0.00>
ST_4 : Operation 58 [1/1] (0.00ns)   --->   "%pix_54 = phi i8 %pix_110, void %if.then935.1, i8 %pix_108, void %VITIS_LOOP_1336_30.split"   --->   Operation 58 'phi' 'pix_54' <Predicate = (icmp_ln1333)> <Delay = 0.00>
ST_4 : Operation 59 [1/1] (0.00ns)   --->   "%pix_53 = phi i8 %pix_109, void %if.then935.1, i8 %pix, void %VITIS_LOOP_1336_30.split"   --->   Operation 59 'phi' 'pix_53' <Predicate = (icmp_ln1333)> <Delay = 0.00>
ST_4 : Operation 60 [1/1] (1.29ns)   --->   "%br_ln1338 = br i1 %or_ln1338_1, void %for.inc964.2, void %if.then935.2" [prj/sol/.autopilot/db/v_frmbuf_wr.cpp:1338]   --->   Operation 60 'br' 'br_ln1338' <Predicate = (icmp_ln1333)> <Delay = 1.29>
ST_4 : Operation 61 [1/1] ( I:2.38ns O:2.38ns )   --->   "%img_read_37 = read i24 @_ssdm_op_Read.ap_fifo.volatile.i24P0A, i24 %img" [prj/sol/.autopilot/db/v_frmbuf_wr.cpp:1339]   --->   Operation 61 'read' 'img_read_37' <Predicate = (icmp_ln1333 & or_ln1338_1)> <Delay = 2.38> <CoreInst = "FIFO_SRL">   --->   Core 80 'FIFO_SRL' <Latency = 0> <II = 1> <Delay = 3.40> <Storage> <Opcode : 'read' 'write' 'nbread' 'nbwrite'> <Ports = 0> <Width = 24> <Depth = 2> <FIFO>
ST_4 : Operation 62 [1/1] (0.00ns)   --->   "%pix_111 = trunc i24 %img_read_37" [prj/sol/.autopilot/db/v_frmbuf_wr.cpp:1339]   --->   Operation 62 'trunc' 'pix_111' <Predicate = (icmp_ln1333 & or_ln1338_1)> <Delay = 0.00>
ST_4 : Operation 63 [1/1] (0.00ns)   --->   "%pix_112 = partselect i8 @_ssdm_op_PartSelect.i8.i24.i32.i32, i24 %img_read_37, i32 8, i32 15" [prj/sol/.autopilot/db/v_frmbuf_wr.cpp:1339]   --->   Operation 63 'partselect' 'pix_112' <Predicate = (icmp_ln1333 & or_ln1338_1)> <Delay = 0.00>
ST_4 : Operation 64 [1/1] (0.00ns)   --->   "%pix_13 = partselect i8 @_ssdm_op_PartSelect.i8.i24.i32.i32, i24 %img_read_37, i32 16, i32 23" [prj/sol/.autopilot/db/v_frmbuf_wr.cpp:1339]   --->   Operation 64 'partselect' 'pix_13' <Predicate = (icmp_ln1333 & or_ln1338_1)> <Delay = 0.00>
ST_4 : Operation 65 [1/1] (1.29ns)   --->   "%br_ln1339 = br void %for.inc964.2" [prj/sol/.autopilot/db/v_frmbuf_wr.cpp:1339]   --->   Operation 65 'br' 'br_ln1339' <Predicate = (icmp_ln1333 & or_ln1338_1)> <Delay = 1.29>
ST_4 : Operation 66 [1/1] (0.80ns)   --->   "%or_ln1338_2 = or i1 %icmp_ln1338, i1 %icmp47_read" [prj/sol/.autopilot/db/v_frmbuf_wr.cpp:1338]   --->   Operation 66 'or' 'or_ln1338_2' <Predicate = (icmp_ln1333)> <Delay = 0.80> <CoreInst = "LogicGate">   --->   Core 74 'LogicGate' <Latency = 0> <II = 1> <Delay = 0.80> <FuncUnit> <Opcode : 'and' 'or' 'xor'> <InPorts = 2> <OutPorts = 1>

State 5 <SV = 4> <Delay = 2.38>
ST_5 : Operation 67 [1/1] (0.00ns)   --->   "%pix_83 = phi i8 %pix_13, void %if.then935.2, i8 %pix_57, void %for.inc964.1"   --->   Operation 67 'phi' 'pix_83' <Predicate = (icmp_ln1333)> <Delay = 0.00>
ST_5 : Operation 68 [1/1] (0.00ns)   --->   "%pix_80 = phi i8 %pix_112, void %if.then935.2, i8 %pix_54, void %for.inc964.1"   --->   Operation 68 'phi' 'pix_80' <Predicate = (icmp_ln1333)> <Delay = 0.00>
ST_5 : Operation 69 [1/1] (0.00ns)   --->   "%pix_79 = phi i8 %pix_111, void %if.then935.2, i8 %pix_53, void %for.inc964.1"   --->   Operation 69 'phi' 'pix_79' <Predicate = (icmp_ln1333)> <Delay = 0.00>
ST_5 : Operation 70 [1/1] (1.29ns)   --->   "%br_ln1338 = br i1 %or_ln1338_2, void %for.inc964.3, void %if.then935.3" [prj/sol/.autopilot/db/v_frmbuf_wr.cpp:1338]   --->   Operation 70 'br' 'br_ln1338' <Predicate = (icmp_ln1333)> <Delay = 1.29>
ST_5 : Operation 71 [1/1] ( I:2.38ns O:2.38ns )   --->   "%img_read_38 = read i24 @_ssdm_op_Read.ap_fifo.volatile.i24P0A, i24 %img" [prj/sol/.autopilot/db/v_frmbuf_wr.cpp:1339]   --->   Operation 71 'read' 'img_read_38' <Predicate = (icmp_ln1333 & or_ln1338_2)> <Delay = 2.38> <CoreInst = "FIFO_SRL">   --->   Core 80 'FIFO_SRL' <Latency = 0> <II = 1> <Delay = 3.40> <Storage> <Opcode : 'read' 'write' 'nbread' 'nbwrite'> <Ports = 0> <Width = 24> <Depth = 2> <FIFO>
ST_5 : Operation 72 [1/1] (0.00ns)   --->   "%pix_113 = trunc i24 %img_read_38" [prj/sol/.autopilot/db/v_frmbuf_wr.cpp:1339]   --->   Operation 72 'trunc' 'pix_113' <Predicate = (icmp_ln1333 & or_ln1338_2)> <Delay = 0.00>
ST_5 : Operation 73 [1/1] (0.00ns)   --->   "%pix_114 = partselect i8 @_ssdm_op_PartSelect.i8.i24.i32.i32, i24 %img_read_38, i32 8, i32 15" [prj/sol/.autopilot/db/v_frmbuf_wr.cpp:1339]   --->   Operation 73 'partselect' 'pix_114' <Predicate = (icmp_ln1333 & or_ln1338_2)> <Delay = 0.00>
ST_5 : Operation 74 [1/1] (0.00ns)   --->   "%pix_14 = partselect i8 @_ssdm_op_PartSelect.i8.i24.i32.i32, i24 %img_read_38, i32 16, i32 23" [prj/sol/.autopilot/db/v_frmbuf_wr.cpp:1339]   --->   Operation 74 'partselect' 'pix_14' <Predicate = (icmp_ln1333 & or_ln1338_2)> <Delay = 0.00>
ST_5 : Operation 75 [1/1] (1.29ns)   --->   "%br_ln1339 = br void %for.inc964.3" [prj/sol/.autopilot/db/v_frmbuf_wr.cpp:1339]   --->   Operation 75 'br' 'br_ln1339' <Predicate = (icmp_ln1333 & or_ln1338_2)> <Delay = 1.29>
ST_5 : Operation 76 [1/1] (0.80ns)   --->   "%or_ln1338_3 = or i1 %icmp_ln1338, i1 %icmp_ln1338_3_read" [prj/sol/.autopilot/db/v_frmbuf_wr.cpp:1338]   --->   Operation 76 'or' 'or_ln1338_3' <Predicate = (icmp_ln1333)> <Delay = 0.80> <CoreInst = "LogicGate">   --->   Core 74 'LogicGate' <Latency = 0> <II = 1> <Delay = 0.80> <FuncUnit> <Opcode : 'and' 'or' 'xor'> <InPorts = 2> <OutPorts = 1>
ST_5 : Operation 77 [1/1] (0.80ns)   --->   "%or_ln1338_4 = or i1 %icmp_ln1338, i1 %icmp_ln1338_4_read" [prj/sol/.autopilot/db/v_frmbuf_wr.cpp:1338]   --->   Operation 77 'or' 'or_ln1338_4' <Predicate = (icmp_ln1333)> <Delay = 0.80> <CoreInst = "LogicGate">   --->   Core 74 'LogicGate' <Latency = 0> <II = 1> <Delay = 0.80> <FuncUnit> <Opcode : 'and' 'or' 'xor'> <InPorts = 2> <OutPorts = 1>
ST_5 : Operation 78 [1/1] (0.80ns)   --->   "%or_ln1338_5 = or i1 %icmp_ln1338, i1 %icmp_ln1338_5_read" [prj/sol/.autopilot/db/v_frmbuf_wr.cpp:1338]   --->   Operation 78 'or' 'or_ln1338_5' <Predicate = (icmp_ln1333)> <Delay = 0.80> <CoreInst = "LogicGate">   --->   Core 74 'LogicGate' <Latency = 0> <II = 1> <Delay = 0.80> <FuncUnit> <Opcode : 'and' 'or' 'xor'> <InPorts = 2> <OutPorts = 1>
ST_5 : Operation 79 [1/1] (0.80ns)   --->   "%or_ln1338_6 = or i1 %icmp_ln1338, i1 %icmp_ln1319_read" [prj/sol/.autopilot/db/v_frmbuf_wr.cpp:1338]   --->   Operation 79 'or' 'or_ln1338_6' <Predicate = (icmp_ln1333)> <Delay = 0.80> <CoreInst = "LogicGate">   --->   Core 74 'LogicGate' <Latency = 0> <II = 1> <Delay = 0.80> <FuncUnit> <Opcode : 'and' 'or' 'xor'> <InPorts = 2> <OutPorts = 1>
ST_5 : Operation 80 [1/1] (0.00ns)   --->   "%tmp_8 = bitconcatenate i64 @_ssdm_op_BitConcatenate.i64.i8.i8.i8.i8.i8.i8.i8.i8, i8 %pix_80, i8 %pix_83, i8 %pix_53, i8 %pix_54, i8 %pix_57, i8 %pix, i8 %pix_108, i8 %pix_11" [prj/sol/.autopilot/db/v_frmbuf_wr.cpp:1354]   --->   Operation 80 'bitconcatenate' 'tmp_8' <Predicate = (icmp_ln1333)> <Delay = 0.00>
ST_5 : Operation 81 [1/1] ( I:2.38ns O:2.38ns )   --->   "%write_ln1354 = write void @_ssdm_op_Write.ap_fifo.volatile.i64P0A, i64 %bytePlanes_plane0, i64 %tmp_8" [prj/sol/.autopilot/db/v_frmbuf_wr.cpp:1354]   --->   Operation 81 'write' 'write_ln1354' <Predicate = (icmp_ln1333)> <Delay = 2.38> <CoreInst = "FIFO_BRAM">   --->   Core 78 'FIFO_BRAM' <Latency = 0> <II = 1> <Delay = 3.41> <Storage> <Opcode : 'read' 'write' 'nbread' 'nbwrite'> <Ports = 0> <Width = 64> <Depth = 481> <FIFO>

State 6 <SV = 5> <Delay = 2.38>
ST_6 : Operation 82 [1/1] (0.00ns)   --->   "%pix_107 = phi i8 %pix_14, void %if.then935.3, i8 %pix_83, void %for.inc964.2"   --->   Operation 82 'phi' 'pix_107' <Predicate = (icmp_ln1333)> <Delay = 0.00>
ST_6 : Operation 83 [1/1] (0.00ns)   --->   "%pix_106 = phi i8 %pix_114, void %if.then935.3, i8 %pix_80, void %for.inc964.2"   --->   Operation 83 'phi' 'pix_106' <Predicate = (icmp_ln1333)> <Delay = 0.00>
ST_6 : Operation 84 [1/1] (0.00ns)   --->   "%pix_105 = phi i8 %pix_113, void %if.then935.3, i8 %pix_79, void %for.inc964.2"   --->   Operation 84 'phi' 'pix_105' <Predicate = (icmp_ln1333)> <Delay = 0.00>
ST_6 : Operation 85 [1/1] (1.29ns)   --->   "%br_ln1338 = br i1 %or_ln1338_3, void %for.inc964.4, void %if.then935.4" [prj/sol/.autopilot/db/v_frmbuf_wr.cpp:1338]   --->   Operation 85 'br' 'br_ln1338' <Predicate = (icmp_ln1333)> <Delay = 1.29>
ST_6 : Operation 86 [1/1] ( I:2.38ns O:2.38ns )   --->   "%img_read_39 = read i24 @_ssdm_op_Read.ap_fifo.volatile.i24P0A, i24 %img" [prj/sol/.autopilot/db/v_frmbuf_wr.cpp:1339]   --->   Operation 86 'read' 'img_read_39' <Predicate = (icmp_ln1333 & or_ln1338_3)> <Delay = 2.38> <CoreInst = "FIFO_SRL">   --->   Core 80 'FIFO_SRL' <Latency = 0> <II = 1> <Delay = 3.40> <Storage> <Opcode : 'read' 'write' 'nbread' 'nbwrite'> <Ports = 0> <Width = 24> <Depth = 2> <FIFO>
ST_6 : Operation 87 [1/1] (0.00ns)   --->   "%pix_115 = trunc i24 %img_read_39" [prj/sol/.autopilot/db/v_frmbuf_wr.cpp:1339]   --->   Operation 87 'trunc' 'pix_115' <Predicate = (icmp_ln1333 & or_ln1338_3)> <Delay = 0.00>
ST_6 : Operation 88 [1/1] (0.00ns)   --->   "%pix_116 = partselect i8 @_ssdm_op_PartSelect.i8.i24.i32.i32, i24 %img_read_39, i32 8, i32 15" [prj/sol/.autopilot/db/v_frmbuf_wr.cpp:1339]   --->   Operation 88 'partselect' 'pix_116' <Predicate = (icmp_ln1333 & or_ln1338_3)> <Delay = 0.00>
ST_6 : Operation 89 [1/1] (0.00ns)   --->   "%pix_15 = partselect i8 @_ssdm_op_PartSelect.i8.i24.i32.i32, i24 %img_read_39, i32 16, i32 23" [prj/sol/.autopilot/db/v_frmbuf_wr.cpp:1339]   --->   Operation 89 'partselect' 'pix_15' <Predicate = (icmp_ln1333 & or_ln1338_3)> <Delay = 0.00>
ST_6 : Operation 90 [1/1] (1.29ns)   --->   "%br_ln1339 = br void %for.inc964.4" [prj/sol/.autopilot/db/v_frmbuf_wr.cpp:1339]   --->   Operation 90 'br' 'br_ln1339' <Predicate = (icmp_ln1333 & or_ln1338_3)> <Delay = 1.29>

State 7 <SV = 6> <Delay = 2.38>
ST_7 : Operation 91 [1/1] (0.00ns)   --->   "%pix_119 = phi i8 %pix_15, void %if.then935.4, i8 %pix_107, void %for.inc964.3"   --->   Operation 91 'phi' 'pix_119' <Predicate = (icmp_ln1333)> <Delay = 0.00>
ST_7 : Operation 92 [1/1] (0.00ns)   --->   "%pix_118 = phi i8 %pix_116, void %if.then935.4, i8 %pix_106, void %for.inc964.3"   --->   Operation 92 'phi' 'pix_118' <Predicate = (icmp_ln1333)> <Delay = 0.00>
ST_7 : Operation 93 [1/1] (0.00ns)   --->   "%pix_117 = phi i8 %pix_115, void %if.then935.4, i8 %pix_105, void %for.inc964.3"   --->   Operation 93 'phi' 'pix_117' <Predicate = (icmp_ln1333)> <Delay = 0.00>
ST_7 : Operation 94 [1/1] (1.29ns)   --->   "%br_ln1338 = br i1 %or_ln1338_4, void %for.inc964.5, void %if.then935.5" [prj/sol/.autopilot/db/v_frmbuf_wr.cpp:1338]   --->   Operation 94 'br' 'br_ln1338' <Predicate = (icmp_ln1333)> <Delay = 1.29>
ST_7 : Operation 95 [1/1] ( I:2.38ns O:2.38ns )   --->   "%img_read_40 = read i24 @_ssdm_op_Read.ap_fifo.volatile.i24P0A, i24 %img" [prj/sol/.autopilot/db/v_frmbuf_wr.cpp:1339]   --->   Operation 95 'read' 'img_read_40' <Predicate = (icmp_ln1333 & or_ln1338_4)> <Delay = 2.38> <CoreInst = "FIFO_SRL">   --->   Core 80 'FIFO_SRL' <Latency = 0> <II = 1> <Delay = 3.40> <Storage> <Opcode : 'read' 'write' 'nbread' 'nbwrite'> <Ports = 0> <Width = 24> <Depth = 2> <FIFO>
ST_7 : Operation 96 [1/1] (0.00ns)   --->   "%pix_120 = trunc i24 %img_read_40" [prj/sol/.autopilot/db/v_frmbuf_wr.cpp:1339]   --->   Operation 96 'trunc' 'pix_120' <Predicate = (icmp_ln1333 & or_ln1338_4)> <Delay = 0.00>
ST_7 : Operation 97 [1/1] (0.00ns)   --->   "%pix_121 = partselect i8 @_ssdm_op_PartSelect.i8.i24.i32.i32, i24 %img_read_40, i32 8, i32 15" [prj/sol/.autopilot/db/v_frmbuf_wr.cpp:1339]   --->   Operation 97 'partselect' 'pix_121' <Predicate = (icmp_ln1333 & or_ln1338_4)> <Delay = 0.00>
ST_7 : Operation 98 [1/1] (0.00ns)   --->   "%pix_16 = partselect i8 @_ssdm_op_PartSelect.i8.i24.i32.i32, i24 %img_read_40, i32 16, i32 23" [prj/sol/.autopilot/db/v_frmbuf_wr.cpp:1339]   --->   Operation 98 'partselect' 'pix_16' <Predicate = (icmp_ln1333 & or_ln1338_4)> <Delay = 0.00>
ST_7 : Operation 99 [1/1] (1.29ns)   --->   "%br_ln1339 = br void %for.inc964.5" [prj/sol/.autopilot/db/v_frmbuf_wr.cpp:1339]   --->   Operation 99 'br' 'br_ln1339' <Predicate = (icmp_ln1333 & or_ln1338_4)> <Delay = 1.29>

State 8 <SV = 7> <Delay = 2.38>
ST_8 : Operation 100 [1/1] (0.00ns)   --->   "%pix_124 = phi i8 %pix_16, void %if.then935.5, i8 %pix_119, void %for.inc964.4"   --->   Operation 100 'phi' 'pix_124' <Predicate = (icmp_ln1333)> <Delay = 0.00>
ST_8 : Operation 101 [1/1] (0.00ns)   --->   "%pix_123 = phi i8 %pix_121, void %if.then935.5, i8 %pix_118, void %for.inc964.4"   --->   Operation 101 'phi' 'pix_123' <Predicate = (icmp_ln1333)> <Delay = 0.00>
ST_8 : Operation 102 [1/1] (0.00ns)   --->   "%pix_122 = phi i8 %pix_120, void %if.then935.5, i8 %pix_117, void %for.inc964.4"   --->   Operation 102 'phi' 'pix_122' <Predicate = (icmp_ln1333)> <Delay = 0.00>
ST_8 : Operation 103 [1/1] (1.29ns)   --->   "%br_ln1338 = br i1 %or_ln1338_5, void %for.inc964.6, void %if.then935.6" [prj/sol/.autopilot/db/v_frmbuf_wr.cpp:1338]   --->   Operation 103 'br' 'br_ln1338' <Predicate = (icmp_ln1333)> <Delay = 1.29>
ST_8 : Operation 104 [1/1] ( I:2.38ns O:2.38ns )   --->   "%img_read_41 = read i24 @_ssdm_op_Read.ap_fifo.volatile.i24P0A, i24 %img" [prj/sol/.autopilot/db/v_frmbuf_wr.cpp:1339]   --->   Operation 104 'read' 'img_read_41' <Predicate = (icmp_ln1333 & or_ln1338_5)> <Delay = 2.38> <CoreInst = "FIFO_SRL">   --->   Core 80 'FIFO_SRL' <Latency = 0> <II = 1> <Delay = 3.40> <Storage> <Opcode : 'read' 'write' 'nbread' 'nbwrite'> <Ports = 0> <Width = 24> <Depth = 2> <FIFO>
ST_8 : Operation 105 [1/1] (0.00ns)   --->   "%pix_125 = trunc i24 %img_read_41" [prj/sol/.autopilot/db/v_frmbuf_wr.cpp:1339]   --->   Operation 105 'trunc' 'pix_125' <Predicate = (icmp_ln1333 & or_ln1338_5)> <Delay = 0.00>
ST_8 : Operation 106 [1/1] (0.00ns)   --->   "%pix_126 = partselect i8 @_ssdm_op_PartSelect.i8.i24.i32.i32, i24 %img_read_41, i32 8, i32 15" [prj/sol/.autopilot/db/v_frmbuf_wr.cpp:1339]   --->   Operation 106 'partselect' 'pix_126' <Predicate = (icmp_ln1333 & or_ln1338_5)> <Delay = 0.00>
ST_8 : Operation 107 [1/1] (0.00ns)   --->   "%pix_17 = partselect i8 @_ssdm_op_PartSelect.i8.i24.i32.i32, i24 %img_read_41, i32 16, i32 23" [prj/sol/.autopilot/db/v_frmbuf_wr.cpp:1339]   --->   Operation 107 'partselect' 'pix_17' <Predicate = (icmp_ln1333 & or_ln1338_5)> <Delay = 0.00>
ST_8 : Operation 108 [1/1] (1.29ns)   --->   "%br_ln1339 = br void %for.inc964.6" [prj/sol/.autopilot/db/v_frmbuf_wr.cpp:1339]   --->   Operation 108 'br' 'br_ln1339' <Predicate = (icmp_ln1333 & or_ln1338_5)> <Delay = 1.29>
ST_8 : Operation 109 [1/1] (0.00ns)   --->   "%tmp_s = bitconcatenate i64 @_ssdm_op_BitConcatenate.i64.i8.i8.i8.i8.i8.i8.i8.i8, i8 %pix_124, i8 %pix_117, i8 %pix_118, i8 %pix_119, i8 %pix_105, i8 %pix_106, i8 %pix_107, i8 %pix_79" [prj/sol/.autopilot/db/v_frmbuf_wr.cpp:1354]   --->   Operation 109 'bitconcatenate' 'tmp_s' <Predicate = (icmp_ln1333 & or_ln1353)> <Delay = 0.00>
ST_8 : Operation 110 [1/1] ( I:2.38ns O:2.38ns )   --->   "%write_ln1354 = write void @_ssdm_op_Write.ap_fifo.volatile.i64P0A, i64 %bytePlanes_plane0, i64 %tmp_s" [prj/sol/.autopilot/db/v_frmbuf_wr.cpp:1354]   --->   Operation 110 'write' 'write_ln1354' <Predicate = (icmp_ln1333 & or_ln1353)> <Delay = 2.38> <CoreInst = "FIFO_BRAM">   --->   Core 78 'FIFO_BRAM' <Latency = 0> <II = 1> <Delay = 3.41> <Storage> <Opcode : 'read' 'write' 'nbread' 'nbwrite'> <Ports = 0> <Width = 64> <Depth = 481> <FIFO>
ST_8 : Operation 111 [1/1] (0.00ns)   --->   "%br_ln1354 = br void %for.inc997.1" [prj/sol/.autopilot/db/v_frmbuf_wr.cpp:1354]   --->   Operation 111 'br' 'br_ln1354' <Predicate = (icmp_ln1333 & or_ln1353)> <Delay = 0.00>

State 9 <SV = 8> <Delay = 2.38>
ST_9 : Operation 112 [1/1] (0.00ns)   --->   "%pix_129 = phi i8 %pix_17, void %if.then935.6, i8 %pix_124, void %for.inc964.5"   --->   Operation 112 'phi' 'pix_129' <Predicate = (icmp_ln1333)> <Delay = 0.00>
ST_9 : Operation 113 [1/1] (0.00ns)   --->   "%pix_128 = phi i8 %pix_126, void %if.then935.6, i8 %pix_123, void %for.inc964.5"   --->   Operation 113 'phi' 'pix_128' <Predicate = (icmp_ln1333)> <Delay = 0.00>
ST_9 : Operation 114 [1/1] (0.00ns)   --->   "%pix_127 = phi i8 %pix_125, void %if.then935.6, i8 %pix_122, void %for.inc964.5"   --->   Operation 114 'phi' 'pix_127' <Predicate = (icmp_ln1333)> <Delay = 0.00>
ST_9 : Operation 115 [1/1] (1.29ns)   --->   "%br_ln1338 = br i1 %or_ln1338_6, void %for.inc964.7, void %if.then935.7" [prj/sol/.autopilot/db/v_frmbuf_wr.cpp:1338]   --->   Operation 115 'br' 'br_ln1338' <Predicate = (icmp_ln1333)> <Delay = 1.29>
ST_9 : Operation 116 [1/1] ( I:2.38ns O:2.38ns )   --->   "%img_read_42 = read i24 @_ssdm_op_Read.ap_fifo.volatile.i24P0A, i24 %img" [prj/sol/.autopilot/db/v_frmbuf_wr.cpp:1339]   --->   Operation 116 'read' 'img_read_42' <Predicate = (icmp_ln1333 & or_ln1338_6)> <Delay = 2.38> <CoreInst = "FIFO_SRL">   --->   Core 80 'FIFO_SRL' <Latency = 0> <II = 1> <Delay = 3.40> <Storage> <Opcode : 'read' 'write' 'nbread' 'nbwrite'> <Ports = 0> <Width = 24> <Depth = 2> <FIFO>
ST_9 : Operation 117 [1/1] (0.00ns)   --->   "%pix_130 = trunc i24 %img_read_42" [prj/sol/.autopilot/db/v_frmbuf_wr.cpp:1339]   --->   Operation 117 'trunc' 'pix_130' <Predicate = (icmp_ln1333 & or_ln1338_6)> <Delay = 0.00>
ST_9 : Operation 118 [1/1] (0.00ns)   --->   "%pix_131 = partselect i8 @_ssdm_op_PartSelect.i8.i24.i32.i32, i24 %img_read_42, i32 8, i32 15" [prj/sol/.autopilot/db/v_frmbuf_wr.cpp:1339]   --->   Operation 118 'partselect' 'pix_131' <Predicate = (icmp_ln1333 & or_ln1338_6)> <Delay = 0.00>
ST_9 : Operation 119 [1/1] (0.00ns)   --->   "%pix_18 = partselect i8 @_ssdm_op_PartSelect.i8.i24.i32.i32, i24 %img_read_42, i32 16, i32 23" [prj/sol/.autopilot/db/v_frmbuf_wr.cpp:1339]   --->   Operation 119 'partselect' 'pix_18' <Predicate = (icmp_ln1333 & or_ln1338_6)> <Delay = 0.00>
ST_9 : Operation 120 [1/1] (1.29ns)   --->   "%br_ln1339 = br void %for.inc964.7" [prj/sol/.autopilot/db/v_frmbuf_wr.cpp:1339]   --->   Operation 120 'br' 'br_ln1339' <Predicate = (icmp_ln1333 & or_ln1338_6)> <Delay = 1.29>

State 10 <SV = 9> <Delay = 2.38>
ST_10 : Operation 121 [1/1] (0.00ns)   --->   "%pix_134 = phi i8 %pix_18, void %if.then935.7, i8 %pix_129, void %for.inc964.6"   --->   Operation 121 'phi' 'pix_134' <Predicate = true> <Delay = 0.00>
ST_10 : Operation 122 [1/1] (0.00ns)   --->   "%pix_133 = phi i8 %pix_131, void %if.then935.7, i8 %pix_128, void %for.inc964.6"   --->   Operation 122 'phi' 'pix_133' <Predicate = true> <Delay = 0.00>
ST_10 : Operation 123 [1/1] (0.00ns)   --->   "%pix_132 = phi i8 %pix_130, void %if.then935.7, i8 %pix_127, void %for.inc964.6"   --->   Operation 123 'phi' 'pix_132' <Predicate = true> <Delay = 0.00>
ST_10 : Operation 124 [1/1] (0.00ns)   --->   "%tmp_2 = bitconcatenate i64 @_ssdm_op_BitConcatenate.i64.i8.i8.i8.i8.i8.i8.i8.i8, i8 %pix_132, i8 %pix_133, i8 %pix_134, i8 %pix_127, i8 %pix_128, i8 %pix_129, i8 %pix_122, i8 %pix_123" [prj/sol/.autopilot/db/v_frmbuf_wr.cpp:1354]   --->   Operation 124 'bitconcatenate' 'tmp_2' <Predicate = (or_ln1353_1)> <Delay = 0.00>
ST_10 : Operation 125 [1/1] ( I:2.38ns O:2.38ns )   --->   "%write_ln1354 = write void @_ssdm_op_Write.ap_fifo.volatile.i64P0A, i64 %bytePlanes_plane0, i64 %tmp_2" [prj/sol/.autopilot/db/v_frmbuf_wr.cpp:1354]   --->   Operation 125 'write' 'write_ln1354' <Predicate = (or_ln1353_1)> <Delay = 2.38> <CoreInst = "FIFO_BRAM">   --->   Core 78 'FIFO_BRAM' <Latency = 0> <II = 1> <Delay = 3.41> <Storage> <Opcode : 'read' 'write' 'nbread' 'nbwrite'> <Ports = 0> <Width = 64> <Depth = 481> <FIFO>
ST_10 : Operation 126 [1/1] (0.00ns)   --->   "%br_ln1354 = br void %for.inc997.2" [prj/sol/.autopilot/db/v_frmbuf_wr.cpp:1354]   --->   Operation 126 'br' 'br_ln1354' <Predicate = (or_ln1353_1)> <Delay = 0.00>


============================================================
+ Verbose Summary: Timing violations
============================================================
Target clock period: 6.522ns, clock uncertainty: 1.761ns.

 <State 1>: 3.958ns
The critical path consists of the following:
	'store' operation ('store_ln1333', prj/sol/.autopilot/db/v_frmbuf_wr.cpp:1333) of constant 0 9 bit on local variable 'x', prj/sol/.autopilot/db/v_frmbuf_wr.cpp:1333 [29]  (1.298 ns)
	'load' operation 9 bit ('x', prj/sol/.autopilot/db/v_frmbuf_wr.cpp:1333) on local variable 'x', prj/sol/.autopilot/db/v_frmbuf_wr.cpp:1333 [32]  (0.000 ns)
	'add' operation 9 bit ('x', prj/sol/.autopilot/db/v_frmbuf_wr.cpp:1333) [36]  (1.361 ns)
	'store' operation ('store_ln1333', prj/sol/.autopilot/db/v_frmbuf_wr.cpp:1333) of variable 'x', prj/sol/.autopilot/db/v_frmbuf_wr.cpp:1333 9 bit on local variable 'x', prj/sol/.autopilot/db/v_frmbuf_wr.cpp:1333 [146]  (1.298 ns)

 <State 2>: 2.381ns
The critical path consists of the following:
	fifo read operation ('img_read', prj/sol/.autopilot/db/v_frmbuf_wr.cpp:1339) on port 'img' (prj/sol/.autopilot/db/v_frmbuf_wr.cpp:1339) [42]  (2.381 ns)

 <State 3>: 2.381ns
The critical path consists of the following:
	fifo read operation ('img_read_36', prj/sol/.autopilot/db/v_frmbuf_wr.cpp:1339) on port 'img' (prj/sol/.autopilot/db/v_frmbuf_wr.cpp:1339) [49]  (2.381 ns)

 <State 4>: 2.381ns
The critical path consists of the following:
	fifo read operation ('img_read_37', prj/sol/.autopilot/db/v_frmbuf_wr.cpp:1339) on port 'img' (prj/sol/.autopilot/db/v_frmbuf_wr.cpp:1339) [61]  (2.381 ns)

 <State 5>: 2.381ns
The critical path consists of the following:
	fifo read operation ('img_read_38', prj/sol/.autopilot/db/v_frmbuf_wr.cpp:1339) on port 'img' (prj/sol/.autopilot/db/v_frmbuf_wr.cpp:1339) [73]  (2.381 ns)

 <State 6>: 2.381ns
The critical path consists of the following:
	fifo read operation ('img_read_39', prj/sol/.autopilot/db/v_frmbuf_wr.cpp:1339) on port 'img' (prj/sol/.autopilot/db/v_frmbuf_wr.cpp:1339) [85]  (2.381 ns)

 <State 7>: 2.381ns
The critical path consists of the following:
	fifo read operation ('img_read_40', prj/sol/.autopilot/db/v_frmbuf_wr.cpp:1339) on port 'img' (prj/sol/.autopilot/db/v_frmbuf_wr.cpp:1339) [97]  (2.381 ns)

 <State 8>: 2.381ns
The critical path consists of the following:
	fifo read operation ('img_read_41', prj/sol/.autopilot/db/v_frmbuf_wr.cpp:1339) on port 'img' (prj/sol/.autopilot/db/v_frmbuf_wr.cpp:1339) [109]  (2.381 ns)

 <State 9>: 2.381ns
The critical path consists of the following:
	fifo read operation ('img_read_42', prj/sol/.autopilot/db/v_frmbuf_wr.cpp:1339) on port 'img' (prj/sol/.autopilot/db/v_frmbuf_wr.cpp:1339) [121]  (2.381 ns)

 <State 10>: 2.381ns
The critical path consists of the following:
	'phi' operation 8 bit ('pix') with incoming values : ('pix', prj/sol/.autopilot/db/v_frmbuf_wr.cpp:1339) [127]  (0.000 ns)
	fifo write operation ('write_ln1354', prj/sol/.autopilot/db/v_frmbuf_wr.cpp:1354) on port 'bytePlanes_plane0' (prj/sol/.autopilot/db/v_frmbuf_wr.cpp:1354) [143]  (2.381 ns)


============================================================
+ Verbose Summary: Binding
============================================================
N/A
* FSMD analyzer results:
  - Output states:
 - Input state : 
  - Chain level:
	State 1
	State 2
	State 3
	State 4
	State 5
	State 6
	State 7
	State 8
	State 9
	State 10


============================================================
+ Verbose Summary: Datapath Resource usage 
============================================================
N/A
