

================================================================
== Vitis HLS Report for 'Bytes2MultiPixStream'
================================================================
* Date:           Sun Feb 15 10:42:43 2026

* Version:        2025.2 (Build 6295257 on Nov 14 2025)
* Project:        prj
* Solution:       sol (Vivado IP Flow Target)
* Product family: zynq
* Target device:  xc7z020-clg400-2


================================================================
== Performance Estimates
================================================================
+ Timing: 
    * Summary: 
    +--------+---------+----------+------------+
    |  Clock |  Target | Estimated| Uncertainty|
    +--------+---------+----------+------------+
    |ap_clk  |  6.75 ns|  4.927 ns|     1.82 ns|
    +--------+---------+----------+------------+

+ Latency: 
    * Summary: 
    +---------+---------+----------+-----------+-----+---------+---------+
    |  Latency (cycles) |  Latency (absolute)  |    Interval   | Pipeline|
    |   min   |   max   |    min   |    max    | min |   max   |   Type  |
    +---------+---------+----------+-----------+-----+---------+---------+
    |        1|  1846814|  6.750 ns|  12.466 ms|    1|  1846814|       no|
    +---------+---------+----------+-----------+-----+---------+---------+

    + Detail: 
        * Instance: 
        N/A

        * Loop: 
        +------------------+---------+---------+----------+-----------+-----------+----------+----------+
        |                  |  Latency (cycles) | Iteration|  Initiation Interval  |   Trip   |          |
        |     Loop Name    |   min   |   max   |  Latency |  achieved |   target  |   Count  | Pipelined|
        +------------------+---------+---------+----------+-----------+-----------+----------+----------+
        |- loop_RGB8_YUV8  |      320|  1846800|  5 ~ 2565|          -|          -|  64 ~ 720|        no|
        +------------------+---------+---------+----------+-----------+-----------+----------+----------+

============================================================
+ Verbose Summary: Synthesis Manager
============================================================
InlineROM: 1
ExposeGlobal: 0
============================================================
+ Verbose Summary: CDFG Model
============================================================
IsTopModel: 0
ResetActiveHigh: 1
IsCombinational: 2
IsDatapathOnly: 0
HasWiredReturn: 1
HasMFsm: 0
HasVarLatency: 1
IsPipeline: 0
IsRtlPipelined: 0
IsInstanceOverlapped: 0
IsDontTouch: 0
HasImplIP: 0
IsGatedGlobalClock: 0


============================================================
+ Verbose Summary: Schedule
============================================================
* Number of FSM states : 17
* Pipeline : 0
* Dataflow Pipeline: 0

* FSM state transitions: 
1 --> 2 15 
2 --> 3 
3 --> 4 
4 --> 5 
5 --> 6 
6 --> 7 
7 --> 8 
8 --> 9 
9 --> 10 
10 --> 11 
11 --> 12 
12 --> 13 
13 --> 14 
14 --> 15 
15 --> 16 
16 --> 17 
17 --> 15 

* FSM state operations: 

State 1 <SV = 0> <Delay = 4.37>
ST_1 : Operation 18 [1/1] (0.00ns)   --->   "%specstablecontent_ln0 = specstablecontent void @_ssdm_op_SpecStableContent, i13 %WidthInBytes_val, i1 1, void @p_str"   --->   Operation 18 'specstablecontent' 'specstablecontent_ln0' <Predicate = true> <Delay = 0.00>
ST_1 : Operation 19 [1/1] (0.00ns)   --->   "%VideoFormat_val_read = read i6 @_ssdm_op_Read.ap_auto.i6, i6 %VideoFormat_val"   --->   Operation 19 'read' 'VideoFormat_val_read' <Predicate = true> <Delay = 0.00>
ST_1 : Operation 20 [1/1] (0.00ns)   --->   "%WidthInBytes_val_read = read i13 @_ssdm_op_Read.ap_auto.i13, i13 %WidthInBytes_val"   --->   Operation 20 'read' 'WidthInBytes_val_read' <Predicate = true> <Delay = 0.00>
ST_1 : Operation 21 [1/1] (0.00ns)   --->   "%Width_val_read = read i11 @_ssdm_op_Read.ap_auto.i11, i11 %Width_val"   --->   Operation 21 'read' 'Width_val_read' <Predicate = true> <Delay = 0.00>
ST_1 : Operation 22 [1/1] (0.00ns)   --->   "%Height_val_read = read i10 @_ssdm_op_Read.ap_auto.i10, i10 %Height_val"   --->   Operation 22 'read' 'Height_val_read' <Predicate = true> <Delay = 0.00>
ST_1 : Operation 23 [1/1] (0.00ns)   --->   "%specstablecontent_ln0 = specstablecontent void @_ssdm_op_SpecStableContent, i6 %VideoFormat_val, i1 1, void "   --->   Operation 23 'specstablecontent' 'specstablecontent_ln0' <Predicate = true> <Delay = 0.00>
ST_1 : Operation 24 [1/1] (0.00ns)   --->   "%specstablecontent_ln0 = specstablecontent void @_ssdm_op_SpecStableContent, i10 %Height_val, i1 1, void "   --->   Operation 24 'specstablecontent' 'specstablecontent_ln0' <Predicate = true> <Delay = 0.00>
ST_1 : Operation 25 [1/1] (0.00ns)   --->   "%specstablecontent_ln0 = specstablecontent void @_ssdm_op_SpecStableContent, i11 %Width_val, i1 1, void "   --->   Operation 25 'specstablecontent' 'specstablecontent_ln0' <Predicate = true> <Delay = 0.00>
ST_1 : Operation 26 [1/1] (0.00ns)   --->   "%specmemcore_ln0 = specmemcore void @_ssdm_op_SpecMemCore, i64 %bytePlanes, i64 666, i64 8, i64 18446744073709551615, i1 0"   --->   Operation 26 'specmemcore' 'specmemcore_ln0' <Predicate = true> <Delay = 0.00>
ST_1 : Operation 27 [1/1] (0.00ns)   --->   "%specinterface_ln0 = specinterface void @_ssdm_op_SpecInterface, i64 %bytePlanes, void @empty_4, i32 0, i32 0, void @empty_13, i32 0, i32 0, void @empty_13, void @empty_13, void @empty_13, i32 0, i32 0, i32 0, i32 0, void @empty_13, void @empty_13, i32 4294967295, i32 0, i32 0, i32 0"   --->   Operation 27 'specinterface' 'specinterface_ln0' <Predicate = true> <Delay = 0.00>
ST_1 : Operation 28 [1/1] (0.00ns)   --->   "%specinterface_ln0 = specinterface void @_ssdm_op_SpecInterface, i24 %img, void @empty_4, i32 0, i32 0, void @empty_13, i32 0, i32 0, void @empty_13, void @empty_13, void @empty_13, i32 0, i32 0, i32 0, i32 0, void @empty_13, void @empty_13, i32 4294967295, i32 0, i32 0, i32 0"   --->   Operation 28 'specinterface' 'specinterface_ln0' <Predicate = true> <Delay = 0.00>
ST_1 : Operation 29 [1/1] (1.28ns)   --->   "%switch_ln689 = switch i6 %VideoFormat_val_read, void %if.end255, i6 43, void %if.end265, i6 42, void %if.end264, i6 44, void %if.end263, i6 41, void %if.end262, i6 19, void %if.end261, i6 18, void %if.end261, i6 23, void %if.end260, i6 22, void %if.end260, i6 33, void %if.end259, i6 32, void %if.end259, i6 38, void %if.end258, i6 37, void %if.end258, i6 12, void %if.end257, i6 28, void %if.end256, i6 21, void %if.then53, i6 20, void %if.then53" [C:/Users/Sergey/Documents/Xilinx/z7000_hdmi/HDMI_FBWRRD/HDMI_FBWRRD.runs/top_design_v_frmbuf_rd_0_0_synth_1/prj/sol/.autopilot/db/v_frmbuf_rd.cpp:689]   --->   Operation 29 'switch' 'switch_ln689' <Predicate = true> <Delay = 1.28>
ST_1 : Operation 30 [1/1] (0.00ns)   --->   "%y = alloca i32 1" [C:/Users/Sergey/Documents/Xilinx/z7000_hdmi/HDMI_FBWRRD/HDMI_FBWRRD.runs/top_design_v_frmbuf_rd_0_0_synth_1/prj/sol/.autopilot/db/v_frmbuf_rd.cpp:1232]   --->   Operation 30 'alloca' 'y' <Predicate = (VideoFormat_val_read == 20) | (VideoFormat_val_read == 21)> <Delay = 0.00>
ST_1 : Operation 31 [1/1] (1.53ns)   --->   "%add_ln1224 = add i13 %WidthInBytes_val_read, i13 7" [C:/Users/Sergey/Documents/Xilinx/z7000_hdmi/HDMI_FBWRRD/HDMI_FBWRRD.runs/top_design_v_frmbuf_rd_0_0_synth_1/prj/sol/.autopilot/db/v_frmbuf_rd.cpp:1224]   --->   Operation 31 'add' 'add_ln1224' <Predicate = (VideoFormat_val_read == 20) | (VideoFormat_val_read == 21)> <Delay = 1.53> <CoreInst = "Adder">   --->   Core 1 'Adder' <Latency = 0> <II = 1> <Delay = 1.53> <FuncUnit> <Opcode : 'add' 'sub'> <InPorts = 2> <OutPorts = 1>
ST_1 : Operation 32 [1/1] (0.00ns)   --->   "%trunc_ln = partselect i10 @_ssdm_op_PartSelect.i10.i13.i32.i32, i13 %add_ln1224, i32 3, i32 12" [C:/Users/Sergey/Documents/Xilinx/z7000_hdmi/HDMI_FBWRRD/HDMI_FBWRRD.runs/top_design_v_frmbuf_rd_0_0_synth_1/prj/sol/.autopilot/db/v_frmbuf_rd.cpp:1224]   --->   Operation 32 'partselect' 'trunc_ln' <Predicate = (VideoFormat_val_read == 20) | (VideoFormat_val_read == 21)> <Delay = 0.00>
ST_1 : Operation 33 [1/1] (1.41ns)   --->   "%add_ln1225 = add i10 %trunc_ln, i10 2" [C:/Users/Sergey/Documents/Xilinx/z7000_hdmi/HDMI_FBWRRD/HDMI_FBWRRD.runs/top_design_v_frmbuf_rd_0_0_synth_1/prj/sol/.autopilot/db/v_frmbuf_rd.cpp:1225]   --->   Operation 33 'add' 'add_ln1225' <Predicate = (VideoFormat_val_read == 20) | (VideoFormat_val_read == 21)> <Delay = 1.41> <CoreInst = "Adder">   --->   Core 1 'Adder' <Latency = 0> <II = 1> <Delay = 1.41> <FuncUnit> <Opcode : 'add' 'sub'> <InPorts = 2> <OutPorts = 1>
ST_1 : Operation 34 [14/14] (2.83ns)   --->   "%remainTrx = urem i10 %trunc_ln, i10 3" [C:/Users/Sergey/Documents/Xilinx/z7000_hdmi/HDMI_FBWRRD/HDMI_FBWRRD.runs/top_design_v_frmbuf_rd_0_0_synth_1/prj/sol/.autopilot/db/v_frmbuf_rd.cpp:1226]   --->   Operation 34 'urem' 'remainTrx' <Predicate = (VideoFormat_val_read == 20) | (VideoFormat_val_read == 21)> <Delay = 2.83> <CoreInst = "DivnS_SEQ">   --->   Core 7 'DivnS_SEQ' <Latency = 13> <II = 2> <Delay = 2.83> <FuncUnit> <Opcode : 'udiv' 'sdiv' 'urem' 'srem'> <InPorts = 2> <OutPorts = 1>
ST_1 : Operation 35 [1/1] (0.00ns)   --->   "%remainPix = trunc i11 %Width_val_read" [C:/Users/Sergey/Documents/Xilinx/z7000_hdmi/HDMI_FBWRRD/HDMI_FBWRRD.runs/top_design_v_frmbuf_rd_0_0_synth_1/prj/sol/.autopilot/db/v_frmbuf_rd.cpp:1227]   --->   Operation 35 'trunc' 'remainPix' <Predicate = (VideoFormat_val_read == 20) | (VideoFormat_val_read == 21)> <Delay = 0.00>
ST_1 : Operation 36 [1/1] (1.29ns)   --->   "%store_ln1232 = store i10 0, i10 %y" [C:/Users/Sergey/Documents/Xilinx/z7000_hdmi/HDMI_FBWRRD/HDMI_FBWRRD.runs/top_design_v_frmbuf_rd_0_0_synth_1/prj/sol/.autopilot/db/v_frmbuf_rd.cpp:1232]   --->   Operation 36 'store' 'store_ln1232' <Predicate = (VideoFormat_val_read == 20) | (VideoFormat_val_read == 21)> <Delay = 1.29>

State 2 <SV = 1> <Delay = 4.65>
ST_2 : Operation 37 [1/1] (0.00ns)   --->   "%zext_ln1225 = zext i10 %add_ln1225" [C:/Users/Sergey/Documents/Xilinx/z7000_hdmi/HDMI_FBWRRD/HDMI_FBWRRD.runs/top_design_v_frmbuf_rd_0_0_synth_1/prj/sol/.autopilot/db/v_frmbuf_rd.cpp:1225]   --->   Operation 37 'zext' 'zext_ln1225' <Predicate = true> <Delay = 0.00>
ST_2 : Operation 38 [1/1] (4.65ns)   --->   "%mul_ln1225 = mul i21 %zext_ln1225, i21 1366" [C:/Users/Sergey/Documents/Xilinx/z7000_hdmi/HDMI_FBWRRD/HDMI_FBWRRD.runs/top_design_v_frmbuf_rd_0_0_synth_1/prj/sol/.autopilot/db/v_frmbuf_rd.cpp:1225]   --->   Operation 38 'mul' 'mul_ln1225' <Predicate = true> <Delay = 4.65> <CoreInst = "Multiplier">   --->   Core 3 'Multiplier' <Latency = 0> <II = 1> <Delay = 4.65> <FuncUnit> <Opcode : 'mul'> <InPorts = 2> <OutPorts = 1>
ST_2 : Operation 39 [1/1] (0.00ns)   --->   "%tmp_8 = partselect i9 @_ssdm_op_PartSelect.i9.i21.i32.i32, i21 %mul_ln1225, i32 12, i32 20" [C:/Users/Sergey/Documents/Xilinx/z7000_hdmi/HDMI_FBWRRD/HDMI_FBWRRD.runs/top_design_v_frmbuf_rd_0_0_synth_1/prj/sol/.autopilot/db/v_frmbuf_rd.cpp:1225]   --->   Operation 39 'partselect' 'tmp_8' <Predicate = true> <Delay = 0.00>
ST_2 : Operation 40 [13/14] (2.83ns)   --->   "%remainTrx = urem i10 %trunc_ln, i10 3" [C:/Users/Sergey/Documents/Xilinx/z7000_hdmi/HDMI_FBWRRD/HDMI_FBWRRD.runs/top_design_v_frmbuf_rd_0_0_synth_1/prj/sol/.autopilot/db/v_frmbuf_rd.cpp:1226]   --->   Operation 40 'urem' 'remainTrx' <Predicate = true> <Delay = 2.83> <CoreInst = "DivnS_SEQ">   --->   Core 7 'DivnS_SEQ' <Latency = 13> <II = 2> <Delay = 2.83> <FuncUnit> <Opcode : 'udiv' 'sdiv' 'urem' 'srem'> <InPorts = 2> <OutPorts = 1>

State 3 <SV = 2> <Delay = 2.83>
ST_3 : Operation 41 [12/14] (2.83ns)   --->   "%remainTrx = urem i10 %trunc_ln, i10 3" [C:/Users/Sergey/Documents/Xilinx/z7000_hdmi/HDMI_FBWRRD/HDMI_FBWRRD.runs/top_design_v_frmbuf_rd_0_0_synth_1/prj/sol/.autopilot/db/v_frmbuf_rd.cpp:1226]   --->   Operation 41 'urem' 'remainTrx' <Predicate = true> <Delay = 2.83> <CoreInst = "DivnS_SEQ">   --->   Core 7 'DivnS_SEQ' <Latency = 13> <II = 2> <Delay = 2.83> <FuncUnit> <Opcode : 'udiv' 'sdiv' 'urem' 'srem'> <InPorts = 2> <OutPorts = 1>

State 4 <SV = 3> <Delay = 2.83>
ST_4 : Operation 42 [11/14] (2.83ns)   --->   "%remainTrx = urem i10 %trunc_ln, i10 3" [C:/Users/Sergey/Documents/Xilinx/z7000_hdmi/HDMI_FBWRRD/HDMI_FBWRRD.runs/top_design_v_frmbuf_rd_0_0_synth_1/prj/sol/.autopilot/db/v_frmbuf_rd.cpp:1226]   --->   Operation 42 'urem' 'remainTrx' <Predicate = true> <Delay = 2.83> <CoreInst = "DivnS_SEQ">   --->   Core 7 'DivnS_SEQ' <Latency = 13> <II = 2> <Delay = 2.83> <FuncUnit> <Opcode : 'udiv' 'sdiv' 'urem' 'srem'> <InPorts = 2> <OutPorts = 1>

State 5 <SV = 4> <Delay = 2.83>
ST_5 : Operation 43 [10/14] (2.83ns)   --->   "%remainTrx = urem i10 %trunc_ln, i10 3" [C:/Users/Sergey/Documents/Xilinx/z7000_hdmi/HDMI_FBWRRD/HDMI_FBWRRD.runs/top_design_v_frmbuf_rd_0_0_synth_1/prj/sol/.autopilot/db/v_frmbuf_rd.cpp:1226]   --->   Operation 43 'urem' 'remainTrx' <Predicate = true> <Delay = 2.83> <CoreInst = "DivnS_SEQ">   --->   Core 7 'DivnS_SEQ' <Latency = 13> <II = 2> <Delay = 2.83> <FuncUnit> <Opcode : 'udiv' 'sdiv' 'urem' 'srem'> <InPorts = 2> <OutPorts = 1>

State 6 <SV = 5> <Delay = 2.83>
ST_6 : Operation 44 [9/14] (2.83ns)   --->   "%remainTrx = urem i10 %trunc_ln, i10 3" [C:/Users/Sergey/Documents/Xilinx/z7000_hdmi/HDMI_FBWRRD/HDMI_FBWRRD.runs/top_design_v_frmbuf_rd_0_0_synth_1/prj/sol/.autopilot/db/v_frmbuf_rd.cpp:1226]   --->   Operation 44 'urem' 'remainTrx' <Predicate = true> <Delay = 2.83> <CoreInst = "DivnS_SEQ">   --->   Core 7 'DivnS_SEQ' <Latency = 13> <II = 2> <Delay = 2.83> <FuncUnit> <Opcode : 'udiv' 'sdiv' 'urem' 'srem'> <InPorts = 2> <OutPorts = 1>

State 7 <SV = 6> <Delay = 2.83>
ST_7 : Operation 45 [8/14] (2.83ns)   --->   "%remainTrx = urem i10 %trunc_ln, i10 3" [C:/Users/Sergey/Documents/Xilinx/z7000_hdmi/HDMI_FBWRRD/HDMI_FBWRRD.runs/top_design_v_frmbuf_rd_0_0_synth_1/prj/sol/.autopilot/db/v_frmbuf_rd.cpp:1226]   --->   Operation 45 'urem' 'remainTrx' <Predicate = true> <Delay = 2.83> <CoreInst = "DivnS_SEQ">   --->   Core 7 'DivnS_SEQ' <Latency = 13> <II = 2> <Delay = 2.83> <FuncUnit> <Opcode : 'udiv' 'sdiv' 'urem' 'srem'> <InPorts = 2> <OutPorts = 1>

State 8 <SV = 7> <Delay = 2.83>
ST_8 : Operation 46 [7/14] (2.83ns)   --->   "%remainTrx = urem i10 %trunc_ln, i10 3" [C:/Users/Sergey/Documents/Xilinx/z7000_hdmi/HDMI_FBWRRD/HDMI_FBWRRD.runs/top_design_v_frmbuf_rd_0_0_synth_1/prj/sol/.autopilot/db/v_frmbuf_rd.cpp:1226]   --->   Operation 46 'urem' 'remainTrx' <Predicate = true> <Delay = 2.83> <CoreInst = "DivnS_SEQ">   --->   Core 7 'DivnS_SEQ' <Latency = 13> <II = 2> <Delay = 2.83> <FuncUnit> <Opcode : 'udiv' 'sdiv' 'urem' 'srem'> <InPorts = 2> <OutPorts = 1>

State 9 <SV = 8> <Delay = 2.83>
ST_9 : Operation 47 [6/14] (2.83ns)   --->   "%remainTrx = urem i10 %trunc_ln, i10 3" [C:/Users/Sergey/Documents/Xilinx/z7000_hdmi/HDMI_FBWRRD/HDMI_FBWRRD.runs/top_design_v_frmbuf_rd_0_0_synth_1/prj/sol/.autopilot/db/v_frmbuf_rd.cpp:1226]   --->   Operation 47 'urem' 'remainTrx' <Predicate = true> <Delay = 2.83> <CoreInst = "DivnS_SEQ">   --->   Core 7 'DivnS_SEQ' <Latency = 13> <II = 2> <Delay = 2.83> <FuncUnit> <Opcode : 'udiv' 'sdiv' 'urem' 'srem'> <InPorts = 2> <OutPorts = 1>

State 10 <SV = 9> <Delay = 2.83>
ST_10 : Operation 48 [5/14] (2.83ns)   --->   "%remainTrx = urem i10 %trunc_ln, i10 3" [C:/Users/Sergey/Documents/Xilinx/z7000_hdmi/HDMI_FBWRRD/HDMI_FBWRRD.runs/top_design_v_frmbuf_rd_0_0_synth_1/prj/sol/.autopilot/db/v_frmbuf_rd.cpp:1226]   --->   Operation 48 'urem' 'remainTrx' <Predicate = true> <Delay = 2.83> <CoreInst = "DivnS_SEQ">   --->   Core 7 'DivnS_SEQ' <Latency = 13> <II = 2> <Delay = 2.83> <FuncUnit> <Opcode : 'udiv' 'sdiv' 'urem' 'srem'> <InPorts = 2> <OutPorts = 1>

State 11 <SV = 10> <Delay = 2.83>
ST_11 : Operation 49 [4/14] (2.83ns)   --->   "%remainTrx = urem i10 %trunc_ln, i10 3" [C:/Users/Sergey/Documents/Xilinx/z7000_hdmi/HDMI_FBWRRD/HDMI_FBWRRD.runs/top_design_v_frmbuf_rd_0_0_synth_1/prj/sol/.autopilot/db/v_frmbuf_rd.cpp:1226]   --->   Operation 49 'urem' 'remainTrx' <Predicate = true> <Delay = 2.83> <CoreInst = "DivnS_SEQ">   --->   Core 7 'DivnS_SEQ' <Latency = 13> <II = 2> <Delay = 2.83> <FuncUnit> <Opcode : 'udiv' 'sdiv' 'urem' 'srem'> <InPorts = 2> <OutPorts = 1>

State 12 <SV = 11> <Delay = 2.83>
ST_12 : Operation 50 [3/14] (2.83ns)   --->   "%remainTrx = urem i10 %trunc_ln, i10 3" [C:/Users/Sergey/Documents/Xilinx/z7000_hdmi/HDMI_FBWRRD/HDMI_FBWRRD.runs/top_design_v_frmbuf_rd_0_0_synth_1/prj/sol/.autopilot/db/v_frmbuf_rd.cpp:1226]   --->   Operation 50 'urem' 'remainTrx' <Predicate = true> <Delay = 2.83> <CoreInst = "DivnS_SEQ">   --->   Core 7 'DivnS_SEQ' <Latency = 13> <II = 2> <Delay = 2.83> <FuncUnit> <Opcode : 'udiv' 'sdiv' 'urem' 'srem'> <InPorts = 2> <OutPorts = 1>

State 13 <SV = 12> <Delay = 2.83>
ST_13 : Operation 51 [2/14] (2.83ns)   --->   "%remainTrx = urem i10 %trunc_ln, i10 3" [C:/Users/Sergey/Documents/Xilinx/z7000_hdmi/HDMI_FBWRRD/HDMI_FBWRRD.runs/top_design_v_frmbuf_rd_0_0_synth_1/prj/sol/.autopilot/db/v_frmbuf_rd.cpp:1226]   --->   Operation 51 'urem' 'remainTrx' <Predicate = true> <Delay = 2.83> <CoreInst = "DivnS_SEQ">   --->   Core 7 'DivnS_SEQ' <Latency = 13> <II = 2> <Delay = 2.83> <FuncUnit> <Opcode : 'udiv' 'sdiv' 'urem' 'srem'> <InPorts = 2> <OutPorts = 1>

State 14 <SV = 13> <Delay = 3.46>
ST_14 : Operation 52 [1/1] (0.00ns)   --->   "%loopWidth = zext i9 %tmp_8" [C:/Users/Sergey/Documents/Xilinx/z7000_hdmi/HDMI_FBWRRD/HDMI_FBWRRD.runs/top_design_v_frmbuf_rd_0_0_synth_1/prj/sol/.autopilot/db/v_frmbuf_rd.cpp:1225]   --->   Operation 52 'zext' 'loopWidth' <Predicate = true> <Delay = 0.00>
ST_14 : Operation 53 [1/14] (2.83ns)   --->   "%remainTrx = urem i10 %trunc_ln, i10 3" [C:/Users/Sergey/Documents/Xilinx/z7000_hdmi/HDMI_FBWRRD/HDMI_FBWRRD.runs/top_design_v_frmbuf_rd_0_0_synth_1/prj/sol/.autopilot/db/v_frmbuf_rd.cpp:1226]   --->   Operation 53 'urem' 'remainTrx' <Predicate = true> <Delay = 2.83> <CoreInst = "DivnS_SEQ">   --->   Core 7 'DivnS_SEQ' <Latency = 13> <II = 2> <Delay = 2.83> <FuncUnit> <Opcode : 'udiv' 'sdiv' 'urem' 'srem'> <InPorts = 2> <OutPorts = 1>
ST_14 : Operation 54 [1/1] (0.00ns)   --->   "%trunc_ln1226 = trunc i2 %remainTrx" [C:/Users/Sergey/Documents/Xilinx/z7000_hdmi/HDMI_FBWRRD/HDMI_FBWRRD.runs/top_design_v_frmbuf_rd_0_0_synth_1/prj/sol/.autopilot/db/v_frmbuf_rd.cpp:1226]   --->   Operation 54 'trunc' 'trunc_ln1226' <Predicate = true> <Delay = 0.00>
ST_14 : Operation 55 [1/1] (0.00ns)   --->   "%zext_ln1228 = zext i3 %remainPix" [C:/Users/Sergey/Documents/Xilinx/z7000_hdmi/HDMI_FBWRRD/HDMI_FBWRRD.runs/top_design_v_frmbuf_rd_0_0_synth_1/prj/sol/.autopilot/db/v_frmbuf_rd.cpp:1228]   --->   Operation 55 'zext' 'zext_ln1228' <Predicate = true> <Delay = 0.00>
ST_14 : Operation 56 [1/1] (0.76ns)   --->   "%icmp_ln1229 = icmp_eq  i3 %remainPix, i3 0" [C:/Users/Sergey/Documents/Xilinx/z7000_hdmi/HDMI_FBWRRD/HDMI_FBWRRD.runs/top_design_v_frmbuf_rd_0_0_synth_1/prj/sol/.autopilot/db/v_frmbuf_rd.cpp:1229]   --->   Operation 56 'icmp' 'icmp_ln1229' <Predicate = true> <Delay = 0.76> <CoreInst = "Cmp">   --->   Core 9 'Cmp' <Latency = 0> <II = 1> <Delay = 0.76> <FuncUnit> <Opcode : 'seteq' 'setne' 'setle' 'setge' 'setlt' 'setgt'> <InPorts = 2> <OutPorts = 1>
ST_14 : Operation 57 [1/1] (0.83ns)   --->   "%remainPix_1 = select i1 %icmp_ln1229, i4 8, i4 %zext_ln1228" [C:/Users/Sergey/Documents/Xilinx/z7000_hdmi/HDMI_FBWRRD/HDMI_FBWRRD.runs/top_design_v_frmbuf_rd_0_0_synth_1/prj/sol/.autopilot/db/v_frmbuf_rd.cpp:1229]   --->   Operation 57 'select' 'remainPix_1' <Predicate = true> <Delay = 0.83> <CoreInst = "Sel">   --->   Core 73 'Sel' <Latency = 0> <II = 1> <Delay = 0.83> <FuncUnit> <Opcode : 'select'> <InPorts = 3> <OutPorts = 1>
ST_14 : Operation 58 [1/1] (1.36ns)   --->   "%add_ln1247 = add i10 %loopWidth, i10 1023" [C:/Users/Sergey/Documents/Xilinx/z7000_hdmi/HDMI_FBWRRD/HDMI_FBWRRD.runs/top_design_v_frmbuf_rd_0_0_synth_1/prj/sol/.autopilot/db/v_frmbuf_rd.cpp:1247]   --->   Operation 58 'add' 'add_ln1247' <Predicate = true> <Delay = 1.36> <CoreInst = "Adder">   --->   Core 1 'Adder' <Latency = 0> <II = 1> <Delay = 1.36> <FuncUnit> <Opcode : 'add' 'sub'> <InPorts = 2> <OutPorts = 1>
ST_14 : Operation 59 [1/1] (0.63ns)   --->   "%icmp_ln1247 = icmp_ne  i2 %trunc_ln1226, i2 1" [C:/Users/Sergey/Documents/Xilinx/z7000_hdmi/HDMI_FBWRRD/HDMI_FBWRRD.runs/top_design_v_frmbuf_rd_0_0_synth_1/prj/sol/.autopilot/db/v_frmbuf_rd.cpp:1247]   --->   Operation 59 'icmp' 'icmp_ln1247' <Predicate = true> <Delay = 0.63> <CoreInst = "Cmp">   --->   Core 9 'Cmp' <Latency = 0> <II = 1> <Delay = 0.63> <FuncUnit> <Opcode : 'seteq' 'setne' 'setle' 'setge' 'setlt' 'setgt'> <InPorts = 2> <OutPorts = 1>
ST_14 : Operation 60 [1/1] (0.63ns)   --->   "%icmp_ln1250 = icmp_eq  i2 %trunc_ln1226, i2 0" [C:/Users/Sergey/Documents/Xilinx/z7000_hdmi/HDMI_FBWRRD/HDMI_FBWRRD.runs/top_design_v_frmbuf_rd_0_0_synth_1/prj/sol/.autopilot/db/v_frmbuf_rd.cpp:1250]   --->   Operation 60 'icmp' 'icmp_ln1250' <Predicate = true> <Delay = 0.63> <CoreInst = "Cmp">   --->   Core 9 'Cmp' <Latency = 0> <II = 1> <Delay = 0.63> <FuncUnit> <Opcode : 'seteq' 'setne' 'setle' 'setge' 'setlt' 'setgt'> <InPorts = 2> <OutPorts = 1>
ST_14 : Operation 61 [1/1] (0.00ns)   --->   "%tmp_9 = partselect i3 @_ssdm_op_PartSelect.i3.i4.i32.i32, i4 %remainPix_1, i32 1, i32 3" [C:/Users/Sergey/Documents/Xilinx/z7000_hdmi/HDMI_FBWRRD/HDMI_FBWRRD.runs/top_design_v_frmbuf_rd_0_0_synth_1/prj/sol/.autopilot/db/v_frmbuf_rd.cpp:1271]   --->   Operation 61 'partselect' 'tmp_9' <Predicate = true> <Delay = 0.00>
ST_14 : Operation 62 [1/1] (0.76ns)   --->   "%icmp_ln1271 = icmp_ne  i3 %tmp_9, i3 0" [C:/Users/Sergey/Documents/Xilinx/z7000_hdmi/HDMI_FBWRRD/HDMI_FBWRRD.runs/top_design_v_frmbuf_rd_0_0_synth_1/prj/sol/.autopilot/db/v_frmbuf_rd.cpp:1271]   --->   Operation 62 'icmp' 'icmp_ln1271' <Predicate = true> <Delay = 0.76> <CoreInst = "Cmp">   --->   Core 9 'Cmp' <Latency = 0> <II = 1> <Delay = 0.76> <FuncUnit> <Opcode : 'seteq' 'setne' 'setle' 'setge' 'setlt' 'setgt'> <InPorts = 2> <OutPorts = 1>
ST_14 : Operation 63 [1/1] (0.99ns)   --->   "%icmp_ln1271_1 = icmp_ugt  i4 %remainPix_1, i4 2" [C:/Users/Sergey/Documents/Xilinx/z7000_hdmi/HDMI_FBWRRD/HDMI_FBWRRD.runs/top_design_v_frmbuf_rd_0_0_synth_1/prj/sol/.autopilot/db/v_frmbuf_rd.cpp:1271]   --->   Operation 63 'icmp' 'icmp_ln1271_1' <Predicate = true> <Delay = 0.99> <CoreInst = "Cmp">   --->   Core 9 'Cmp' <Latency = 0> <II = 1> <Delay = 0.99> <FuncUnit> <Opcode : 'seteq' 'setne' 'setle' 'setge' 'setlt' 'setgt'> <InPorts = 2> <OutPorts = 1>
ST_14 : Operation 64 [1/1] (0.00ns)   --->   "%tmp_10 = partselect i2 @_ssdm_op_PartSelect.i2.i4.i32.i32, i4 %remainPix_1, i32 2, i32 3" [C:/Users/Sergey/Documents/Xilinx/z7000_hdmi/HDMI_FBWRRD/HDMI_FBWRRD.runs/top_design_v_frmbuf_rd_0_0_synth_1/prj/sol/.autopilot/db/v_frmbuf_rd.cpp:1271]   --->   Operation 64 'partselect' 'tmp_10' <Predicate = true> <Delay = 0.00>
ST_14 : Operation 65 [1/1] (0.63ns)   --->   "%icmp_ln1271_2 = icmp_ne  i2 %tmp_10, i2 0" [C:/Users/Sergey/Documents/Xilinx/z7000_hdmi/HDMI_FBWRRD/HDMI_FBWRRD.runs/top_design_v_frmbuf_rd_0_0_synth_1/prj/sol/.autopilot/db/v_frmbuf_rd.cpp:1271]   --->   Operation 65 'icmp' 'icmp_ln1271_2' <Predicate = true> <Delay = 0.63> <CoreInst = "Cmp">   --->   Core 9 'Cmp' <Latency = 0> <II = 1> <Delay = 0.63> <FuncUnit> <Opcode : 'seteq' 'setne' 'setle' 'setge' 'setlt' 'setgt'> <InPorts = 2> <OutPorts = 1>
ST_14 : Operation 66 [1/1] (0.99ns)   --->   "%icmp_ln1271_3 = icmp_ugt  i4 %remainPix_1, i4 4" [C:/Users/Sergey/Documents/Xilinx/z7000_hdmi/HDMI_FBWRRD/HDMI_FBWRRD.runs/top_design_v_frmbuf_rd_0_0_synth_1/prj/sol/.autopilot/db/v_frmbuf_rd.cpp:1271]   --->   Operation 66 'icmp' 'icmp_ln1271_3' <Predicate = true> <Delay = 0.99> <CoreInst = "Cmp">   --->   Core 9 'Cmp' <Latency = 0> <II = 1> <Delay = 0.99> <FuncUnit> <Opcode : 'seteq' 'setne' 'setle' 'setge' 'setlt' 'setgt'> <InPorts = 2> <OutPorts = 1>
ST_14 : Operation 67 [1/1] (0.99ns)   --->   "%icmp_ln1271_4 = icmp_ugt  i4 %remainPix_1, i4 5" [C:/Users/Sergey/Documents/Xilinx/z7000_hdmi/HDMI_FBWRRD/HDMI_FBWRRD.runs/top_design_v_frmbuf_rd_0_0_synth_1/prj/sol/.autopilot/db/v_frmbuf_rd.cpp:1271]   --->   Operation 67 'icmp' 'icmp_ln1271_4' <Predicate = true> <Delay = 0.99> <CoreInst = "Cmp">   --->   Core 9 'Cmp' <Latency = 0> <II = 1> <Delay = 0.99> <FuncUnit> <Opcode : 'seteq' 'setne' 'setle' 'setge' 'setlt' 'setgt'> <InPorts = 2> <OutPorts = 1>
ST_14 : Operation 68 [1/1] (0.99ns)   --->   "%icmp_ln1271_5 = icmp_ugt  i4 %remainPix_1, i4 6" [C:/Users/Sergey/Documents/Xilinx/z7000_hdmi/HDMI_FBWRRD/HDMI_FBWRRD.runs/top_design_v_frmbuf_rd_0_0_synth_1/prj/sol/.autopilot/db/v_frmbuf_rd.cpp:1271]   --->   Operation 68 'icmp' 'icmp_ln1271_5' <Predicate = true> <Delay = 0.99> <CoreInst = "Cmp">   --->   Core 9 'Cmp' <Latency = 0> <II = 1> <Delay = 0.99> <FuncUnit> <Opcode : 'seteq' 'setne' 'setle' 'setge' 'setlt' 'setgt'> <InPorts = 2> <OutPorts = 1>
ST_14 : Operation 69 [1/1] (0.00ns)   --->   "%br_ln1232 = br void %VITIS_LOOP_1240_1" [C:/Users/Sergey/Documents/Xilinx/z7000_hdmi/HDMI_FBWRRD/HDMI_FBWRRD.runs/top_design_v_frmbuf_rd_0_0_synth_1/prj/sol/.autopilot/db/v_frmbuf_rd.cpp:1232]   --->   Operation 69 'br' 'br_ln1232' <Predicate = true> <Delay = 0.00>

State 15 <SV = 14> <Delay = 4.07>
ST_15 : Operation 70 [1/1] (0.00ns)   --->   "%y_1 = load i10 %y" [C:/Users/Sergey/Documents/Xilinx/z7000_hdmi/HDMI_FBWRRD/HDMI_FBWRRD.runs/top_design_v_frmbuf_rd_0_0_synth_1/prj/sol/.autopilot/db/v_frmbuf_rd.cpp:1232]   --->   Operation 70 'load' 'y_1' <Predicate = (VideoFormat_val_read == 20) | (VideoFormat_val_read == 21)> <Delay = 0.00>
ST_15 : Operation 71 [1/1] (1.41ns)   --->   "%icmp_ln1232 = icmp_eq  i10 %y_1, i10 %Height_val_read" [C:/Users/Sergey/Documents/Xilinx/z7000_hdmi/HDMI_FBWRRD/HDMI_FBWRRD.runs/top_design_v_frmbuf_rd_0_0_synth_1/prj/sol/.autopilot/db/v_frmbuf_rd.cpp:1232]   --->   Operation 71 'icmp' 'icmp_ln1232' <Predicate = (VideoFormat_val_read == 20) | (VideoFormat_val_read == 21)> <Delay = 1.41> <CoreInst = "Cmp">   --->   Core 9 'Cmp' <Latency = 0> <II = 1> <Delay = 1.41> <FuncUnit> <Opcode : 'seteq' 'setne' 'setle' 'setge' 'setlt' 'setgt'> <InPorts = 2> <OutPorts = 1>
ST_15 : Operation 72 [1/1] (0.00ns)   --->   "%speclooptripcount_ln0 = speclooptripcount void @_ssdm_op_SpecLoopTripCount, i64 64, i64 720, i64 0"   --->   Operation 72 'speclooptripcount' 'speclooptripcount_ln0' <Predicate = (VideoFormat_val_read == 20) | (VideoFormat_val_read == 21)> <Delay = 0.00>
ST_15 : Operation 73 [1/1] (1.41ns)   --->   "%y_2 = add i10 %y_1, i10 1" [C:/Users/Sergey/Documents/Xilinx/z7000_hdmi/HDMI_FBWRRD/HDMI_FBWRRD.runs/top_design_v_frmbuf_rd_0_0_synth_1/prj/sol/.autopilot/db/v_frmbuf_rd.cpp:1232]   --->   Operation 73 'add' 'y_2' <Predicate = (VideoFormat_val_read == 20) | (VideoFormat_val_read == 21)> <Delay = 1.41> <CoreInst = "Adder">   --->   Core 1 'Adder' <Latency = 0> <II = 1> <Delay = 1.41> <FuncUnit> <Opcode : 'add' 'sub'> <InPorts = 2> <OutPorts = 1>
ST_15 : Operation 74 [1/1] (0.00ns)   --->   "%br_ln1232 = br i1 %icmp_ln1232, void %for.body65.lr.ph, void %if.end255.loopexit" [C:/Users/Sergey/Documents/Xilinx/z7000_hdmi/HDMI_FBWRRD/HDMI_FBWRRD.runs/top_design_v_frmbuf_rd_0_0_synth_1/prj/sol/.autopilot/db/v_frmbuf_rd.cpp:1232]   --->   Operation 74 'br' 'br_ln1232' <Predicate = (VideoFormat_val_read == 20) | (VideoFormat_val_read == 21)> <Delay = 0.00>
ST_15 : Operation 75 [2/2] (2.65ns)   --->   "%call_ln1225 = call void @Bytes2MultiPixStream_Pipeline_VITIS_LOOP_1240_1, i9 %tmp_8, i1 %icmp_ln1229, i1 %icmp_ln1271_5, i1 %icmp_ln1271_4, i1 %icmp_ln1271_3, i1 %icmp_ln1271_2, i1 %icmp_ln1271_1, i24 %img, i1 %icmp_ln1271, i1 %icmp_ln1250, i64 %bytePlanes, i10 %add_ln1247, i1 %icmp_ln1247" [C:/Users/Sergey/Documents/Xilinx/z7000_hdmi/HDMI_FBWRRD/HDMI_FBWRRD.runs/top_design_v_frmbuf_rd_0_0_synth_1/prj/sol/.autopilot/db/v_frmbuf_rd.cpp:1225]   --->   Operation 75 'call' 'call_ln1225' <Predicate = (VideoFormat_val_read == 20 & !icmp_ln1232) | (VideoFormat_val_read == 21 & !icmp_ln1232)> <Delay = 2.65> <CoreType = "Generic">   --->   Generic Core
ST_15 : Operation 76 [1/1] (0.00ns)   --->   "%br_ln0 = br void %if.end255"   --->   Operation 76 'br' 'br_ln0' <Predicate = (VideoFormat_val_read == 20 & icmp_ln1232) | (VideoFormat_val_read == 21 & icmp_ln1232)> <Delay = 0.00>
ST_15 : Operation 77 [1/1] (0.00ns)   --->   "%br_ln0 = br void %if.end256"   --->   Operation 77 'br' 'br_ln0' <Predicate = (VideoFormat_val_read != 43 & VideoFormat_val_read != 42 & VideoFormat_val_read != 44 & VideoFormat_val_read != 41 & VideoFormat_val_read != 19 & VideoFormat_val_read != 18 & VideoFormat_val_read != 23 & VideoFormat_val_read != 22 & VideoFormat_val_read != 33 & VideoFormat_val_read != 32 & VideoFormat_val_read != 38 & VideoFormat_val_read != 37 & VideoFormat_val_read != 12 & VideoFormat_val_read != 28 & icmp_ln1232) | (VideoFormat_val_read != 43 & VideoFormat_val_read != 42 & VideoFormat_val_read != 44 & VideoFormat_val_read != 41 & VideoFormat_val_read != 19 & VideoFormat_val_read != 18 & VideoFormat_val_read != 23 & VideoFormat_val_read != 22 & VideoFormat_val_read != 33 & VideoFormat_val_read != 32 & VideoFormat_val_read != 38 & VideoFormat_val_read != 37 & VideoFormat_val_read != 12 & VideoFormat_val_read != 28 & VideoFormat_val_read != 21 & VideoFormat_val_read != 20)> <Delay = 0.00>
ST_15 : Operation 78 [1/1] (0.00ns)   --->   "%br_ln0 = br void %if.end257"   --->   Operation 78 'br' 'br_ln0' <Predicate = (VideoFormat_val_read != 43 & VideoFormat_val_read != 42 & VideoFormat_val_read != 44 & VideoFormat_val_read != 41 & VideoFormat_val_read != 19 & VideoFormat_val_read != 18 & VideoFormat_val_read != 23 & VideoFormat_val_read != 22 & VideoFormat_val_read != 33 & VideoFormat_val_read != 32 & VideoFormat_val_read != 38 & VideoFormat_val_read != 37 & VideoFormat_val_read != 12 & icmp_ln1232) | (VideoFormat_val_read != 43 & VideoFormat_val_read != 42 & VideoFormat_val_read != 44 & VideoFormat_val_read != 41 & VideoFormat_val_read != 19 & VideoFormat_val_read != 18 & VideoFormat_val_read != 23 & VideoFormat_val_read != 22 & VideoFormat_val_read != 33 & VideoFormat_val_read != 32 & VideoFormat_val_read != 38 & VideoFormat_val_read != 37 & VideoFormat_val_read != 12 & VideoFormat_val_read != 21 & VideoFormat_val_read != 20) | (VideoFormat_val_read == 28)> <Delay = 0.00>
ST_15 : Operation 79 [1/1] (0.00ns)   --->   "%br_ln0 = br void %if.end258"   --->   Operation 79 'br' 'br_ln0' <Predicate = (VideoFormat_val_read != 43 & VideoFormat_val_read != 42 & VideoFormat_val_read != 44 & VideoFormat_val_read != 41 & VideoFormat_val_read != 19 & VideoFormat_val_read != 18 & VideoFormat_val_read != 23 & VideoFormat_val_read != 22 & VideoFormat_val_read != 33 & VideoFormat_val_read != 32 & VideoFormat_val_read != 38 & VideoFormat_val_read != 37 & icmp_ln1232) | (VideoFormat_val_read != 43 & VideoFormat_val_read != 42 & VideoFormat_val_read != 44 & VideoFormat_val_read != 41 & VideoFormat_val_read != 19 & VideoFormat_val_read != 18 & VideoFormat_val_read != 23 & VideoFormat_val_read != 22 & VideoFormat_val_read != 33 & VideoFormat_val_read != 32 & VideoFormat_val_read != 38 & VideoFormat_val_read != 37 & VideoFormat_val_read != 21 & VideoFormat_val_read != 20) | (VideoFormat_val_read == 28) | (VideoFormat_val_read == 12)> <Delay = 0.00>
ST_15 : Operation 80 [1/1] (0.00ns)   --->   "%br_ln0 = br void %if.end259"   --->   Operation 80 'br' 'br_ln0' <Predicate = (VideoFormat_val_read != 43 & VideoFormat_val_read != 42 & VideoFormat_val_read != 44 & VideoFormat_val_read != 41 & VideoFormat_val_read != 19 & VideoFormat_val_read != 18 & VideoFormat_val_read != 23 & VideoFormat_val_read != 22 & VideoFormat_val_read != 33 & VideoFormat_val_read != 32 & icmp_ln1232) | (VideoFormat_val_read != 43 & VideoFormat_val_read != 42 & VideoFormat_val_read != 44 & VideoFormat_val_read != 41 & VideoFormat_val_read != 19 & VideoFormat_val_read != 18 & VideoFormat_val_read != 23 & VideoFormat_val_read != 22 & VideoFormat_val_read != 33 & VideoFormat_val_read != 32 & VideoFormat_val_read != 21 & VideoFormat_val_read != 20) | (VideoFormat_val_read == 28) | (VideoFormat_val_read == 12) | (VideoFormat_val_read == 37) | (VideoFormat_val_read == 38)> <Delay = 0.00>
ST_15 : Operation 81 [1/1] (0.00ns)   --->   "%br_ln0 = br void %if.end260"   --->   Operation 81 'br' 'br_ln0' <Predicate = (VideoFormat_val_read != 43 & VideoFormat_val_read != 42 & VideoFormat_val_read != 44 & VideoFormat_val_read != 41 & VideoFormat_val_read != 19 & VideoFormat_val_read != 18 & VideoFormat_val_read != 23 & VideoFormat_val_read != 22 & icmp_ln1232) | (VideoFormat_val_read != 43 & VideoFormat_val_read != 42 & VideoFormat_val_read != 44 & VideoFormat_val_read != 41 & VideoFormat_val_read != 19 & VideoFormat_val_read != 18 & VideoFormat_val_read != 23 & VideoFormat_val_read != 22 & VideoFormat_val_read != 21 & VideoFormat_val_read != 20) | (VideoFormat_val_read == 28) | (VideoFormat_val_read == 12) | (VideoFormat_val_read == 37) | (VideoFormat_val_read == 38) | (VideoFormat_val_read == 32) | (VideoFormat_val_read == 33)> <Delay = 0.00>
ST_15 : Operation 82 [1/1] (0.00ns)   --->   "%br_ln0 = br void %if.end261"   --->   Operation 82 'br' 'br_ln0' <Predicate = (VideoFormat_val_read != 43 & VideoFormat_val_read != 42 & VideoFormat_val_read != 44 & VideoFormat_val_read != 41 & VideoFormat_val_read != 19 & VideoFormat_val_read != 18 & icmp_ln1232) | (VideoFormat_val_read != 43 & VideoFormat_val_read != 42 & VideoFormat_val_read != 44 & VideoFormat_val_read != 41 & VideoFormat_val_read != 19 & VideoFormat_val_read != 18 & VideoFormat_val_read != 21 & VideoFormat_val_read != 20) | (VideoFormat_val_read == 28) | (VideoFormat_val_read == 12) | (VideoFormat_val_read == 37) | (VideoFormat_val_read == 38) | (VideoFormat_val_read == 32) | (VideoFormat_val_read == 33) | (VideoFormat_val_read == 22) | (VideoFormat_val_read == 23)> <Delay = 0.00>
ST_15 : Operation 83 [1/1] (0.00ns)   --->   "%br_ln0 = br void %if.end262"   --->   Operation 83 'br' 'br_ln0' <Predicate = (VideoFormat_val_read != 43 & VideoFormat_val_read != 42 & VideoFormat_val_read != 44 & VideoFormat_val_read != 41 & icmp_ln1232) | (VideoFormat_val_read != 43 & VideoFormat_val_read != 42 & VideoFormat_val_read != 44 & VideoFormat_val_read != 41 & VideoFormat_val_read != 21 & VideoFormat_val_read != 20) | (VideoFormat_val_read == 28) | (VideoFormat_val_read == 12) | (VideoFormat_val_read == 37) | (VideoFormat_val_read == 38) | (VideoFormat_val_read == 32) | (VideoFormat_val_read == 33) | (VideoFormat_val_read == 22) | (VideoFormat_val_read == 23) | (VideoFormat_val_read == 18) | (VideoFormat_val_read == 19)> <Delay = 0.00>
ST_15 : Operation 84 [1/1] (0.00ns)   --->   "%br_ln0 = br void %if.end263"   --->   Operation 84 'br' 'br_ln0' <Predicate = (VideoFormat_val_read != 43 & VideoFormat_val_read != 42 & VideoFormat_val_read != 44 & icmp_ln1232) | (VideoFormat_val_read != 43 & VideoFormat_val_read != 42 & VideoFormat_val_read != 44 & VideoFormat_val_read != 21 & VideoFormat_val_read != 20) | (VideoFormat_val_read == 28) | (VideoFormat_val_read == 12) | (VideoFormat_val_read == 37) | (VideoFormat_val_read == 38) | (VideoFormat_val_read == 32) | (VideoFormat_val_read == 33) | (VideoFormat_val_read == 22) | (VideoFormat_val_read == 23) | (VideoFormat_val_read == 18) | (VideoFormat_val_read == 19) | (VideoFormat_val_read == 41)> <Delay = 0.00>
ST_15 : Operation 85 [1/1] (0.00ns)   --->   "%br_ln0 = br void %if.end264"   --->   Operation 85 'br' 'br_ln0' <Predicate = (VideoFormat_val_read != 43 & VideoFormat_val_read != 42 & icmp_ln1232) | (VideoFormat_val_read != 43 & VideoFormat_val_read != 42 & VideoFormat_val_read != 21 & VideoFormat_val_read != 20) | (VideoFormat_val_read == 28) | (VideoFormat_val_read == 12) | (VideoFormat_val_read == 37) | (VideoFormat_val_read == 38) | (VideoFormat_val_read == 32) | (VideoFormat_val_read == 33) | (VideoFormat_val_read == 22) | (VideoFormat_val_read == 23) | (VideoFormat_val_read == 18) | (VideoFormat_val_read == 19) | (VideoFormat_val_read == 41) | (VideoFormat_val_read == 44)> <Delay = 0.00>
ST_15 : Operation 86 [1/1] (0.00ns)   --->   "%br_ln0 = br void %if.end265"   --->   Operation 86 'br' 'br_ln0' <Predicate = (VideoFormat_val_read != 43 & icmp_ln1232) | (VideoFormat_val_read != 43 & VideoFormat_val_read != 21 & VideoFormat_val_read != 20) | (VideoFormat_val_read == 28) | (VideoFormat_val_read == 12) | (VideoFormat_val_read == 37) | (VideoFormat_val_read == 38) | (VideoFormat_val_read == 32) | (VideoFormat_val_read == 33) | (VideoFormat_val_read == 22) | (VideoFormat_val_read == 23) | (VideoFormat_val_read == 18) | (VideoFormat_val_read == 19) | (VideoFormat_val_read == 41) | (VideoFormat_val_read == 44) | (VideoFormat_val_read == 42)> <Delay = 0.00>
ST_15 : Operation 87 [1/1] (0.00ns)   --->   "%ret_ln1796 = ret" [C:/Users/Sergey/Documents/Xilinx/z7000_hdmi/HDMI_FBWRRD/HDMI_FBWRRD.runs/top_design_v_frmbuf_rd_0_0_synth_1/prj/sol/.autopilot/db/v_frmbuf_rd.cpp:1796]   --->   Operation 87 'ret' 'ret_ln1796' <Predicate = (icmp_ln1232) | (VideoFormat_val_read != 21 & VideoFormat_val_read != 20) | (VideoFormat_val_read == 28) | (VideoFormat_val_read == 12) | (VideoFormat_val_read == 37) | (VideoFormat_val_read == 38) | (VideoFormat_val_read == 32) | (VideoFormat_val_read == 33) | (VideoFormat_val_read == 22) | (VideoFormat_val_read == 23) | (VideoFormat_val_read == 18) | (VideoFormat_val_read == 19) | (VideoFormat_val_read == 41) | (VideoFormat_val_read == 44) | (VideoFormat_val_read == 42) | (VideoFormat_val_read == 43)> <Delay = 0.00>

State 16 <SV = 15> <Delay = 3.95>
ST_16 : Operation 88 [1/2] (3.95ns)   --->   "%call_ln1225 = call void @Bytes2MultiPixStream_Pipeline_VITIS_LOOP_1240_1, i9 %tmp_8, i1 %icmp_ln1229, i1 %icmp_ln1271_5, i1 %icmp_ln1271_4, i1 %icmp_ln1271_3, i1 %icmp_ln1271_2, i1 %icmp_ln1271_1, i24 %img, i1 %icmp_ln1271, i1 %icmp_ln1250, i64 %bytePlanes, i10 %add_ln1247, i1 %icmp_ln1247" [C:/Users/Sergey/Documents/Xilinx/z7000_hdmi/HDMI_FBWRRD/HDMI_FBWRRD.runs/top_design_v_frmbuf_rd_0_0_synth_1/prj/sol/.autopilot/db/v_frmbuf_rd.cpp:1225]   --->   Operation 88 'call' 'call_ln1225' <Predicate = true> <Delay = 3.95> <CoreType = "Generic">   --->   Generic Core

State 17 <SV = 16> <Delay = 1.29>
ST_17 : Operation 89 [1/1] (0.00ns)   --->   "%specloopname_ln1232 = specloopname void @_ssdm_op_SpecLoopName, void @empty_5" [C:/Users/Sergey/Documents/Xilinx/z7000_hdmi/HDMI_FBWRRD/HDMI_FBWRRD.runs/top_design_v_frmbuf_rd_0_0_synth_1/prj/sol/.autopilot/db/v_frmbuf_rd.cpp:1232]   --->   Operation 89 'specloopname' 'specloopname_ln1232' <Predicate = true> <Delay = 0.00>
ST_17 : Operation 90 [1/1] (1.29ns)   --->   "%store_ln1232 = store i10 %y_2, i10 %y" [C:/Users/Sergey/Documents/Xilinx/z7000_hdmi/HDMI_FBWRRD/HDMI_FBWRRD.runs/top_design_v_frmbuf_rd_0_0_synth_1/prj/sol/.autopilot/db/v_frmbuf_rd.cpp:1232]   --->   Operation 90 'store' 'store_ln1232' <Predicate = true> <Delay = 1.29>
ST_17 : Operation 91 [1/1] (0.00ns)   --->   "%br_ln1232 = br void %VITIS_LOOP_1240_1" [C:/Users/Sergey/Documents/Xilinx/z7000_hdmi/HDMI_FBWRRD/HDMI_FBWRRD.runs/top_design_v_frmbuf_rd_0_0_synth_1/prj/sol/.autopilot/db/v_frmbuf_rd.cpp:1232]   --->   Operation 91 'br' 'br_ln1232' <Predicate = true> <Delay = 0.00>


============================================================
+ Verbose Summary: Timing violations
============================================================
Target clock period: 6.750ns, clock uncertainty: 1.822ns.

 <State 1>: 4.372ns
The critical path consists of the following:
	wire read operation ('WidthInBytes_val_read') on port 'WidthInBytes_val' [9]  (0.000 ns)
	'add' operation 13 bit ('add_ln1224', C:/Users/Sergey/Documents/Xilinx/z7000_hdmi/HDMI_FBWRRD/HDMI_FBWRRD.runs/top_design_v_frmbuf_rd_0_0_synth_1/prj/sol/.autopilot/db/v_frmbuf_rd.cpp:1224) [21]  (1.537 ns)
	'urem' operation 2 bit ('remainTrx', C:/Users/Sergey/Documents/Xilinx/z7000_hdmi/HDMI_FBWRRD/HDMI_FBWRRD.runs/top_design_v_frmbuf_rd_0_0_synth_1/prj/sol/.autopilot/db/v_frmbuf_rd.cpp:1226) [28]  (2.835 ns)

 <State 2>: 4.656ns
The critical path consists of the following:
	'mul' operation 21 bit ('mul_ln1225', C:/Users/Sergey/Documents/Xilinx/z7000_hdmi/HDMI_FBWRRD/HDMI_FBWRRD.runs/top_design_v_frmbuf_rd_0_0_synth_1/prj/sol/.autopilot/db/v_frmbuf_rd.cpp:1225) [25]  (4.656 ns)

 <State 3>: 2.835ns
The critical path consists of the following:
	'urem' operation 2 bit ('remainTrx', C:/Users/Sergey/Documents/Xilinx/z7000_hdmi/HDMI_FBWRRD/HDMI_FBWRRD.runs/top_design_v_frmbuf_rd_0_0_synth_1/prj/sol/.autopilot/db/v_frmbuf_rd.cpp:1226) [28]  (2.835 ns)

 <State 4>: 2.835ns
The critical path consists of the following:
	'urem' operation 2 bit ('remainTrx', C:/Users/Sergey/Documents/Xilinx/z7000_hdmi/HDMI_FBWRRD/HDMI_FBWRRD.runs/top_design_v_frmbuf_rd_0_0_synth_1/prj/sol/.autopilot/db/v_frmbuf_rd.cpp:1226) [28]  (2.835 ns)

 <State 5>: 2.835ns
The critical path consists of the following:
	'urem' operation 2 bit ('remainTrx', C:/Users/Sergey/Documents/Xilinx/z7000_hdmi/HDMI_FBWRRD/HDMI_FBWRRD.runs/top_design_v_frmbuf_rd_0_0_synth_1/prj/sol/.autopilot/db/v_frmbuf_rd.cpp:1226) [28]  (2.835 ns)

 <State 6>: 2.835ns
The critical path consists of the following:
	'urem' operation 2 bit ('remainTrx', C:/Users/Sergey/Documents/Xilinx/z7000_hdmi/HDMI_FBWRRD/HDMI_FBWRRD.runs/top_design_v_frmbuf_rd_0_0_synth_1/prj/sol/.autopilot/db/v_frmbuf_rd.cpp:1226) [28]  (2.835 ns)

 <State 7>: 2.835ns
The critical path consists of the following:
	'urem' operation 2 bit ('remainTrx', C:/Users/Sergey/Documents/Xilinx/z7000_hdmi/HDMI_FBWRRD/HDMI_FBWRRD.runs/top_design_v_frmbuf_rd_0_0_synth_1/prj/sol/.autopilot/db/v_frmbuf_rd.cpp:1226) [28]  (2.835 ns)

 <State 8>: 2.835ns
The critical path consists of the following:
	'urem' operation 2 bit ('remainTrx', C:/Users/Sergey/Documents/Xilinx/z7000_hdmi/HDMI_FBWRRD/HDMI_FBWRRD.runs/top_design_v_frmbuf_rd_0_0_synth_1/prj/sol/.autopilot/db/v_frmbuf_rd.cpp:1226) [28]  (2.835 ns)

 <State 9>: 2.835ns
The critical path consists of the following:
	'urem' operation 2 bit ('remainTrx', C:/Users/Sergey/Documents/Xilinx/z7000_hdmi/HDMI_FBWRRD/HDMI_FBWRRD.runs/top_design_v_frmbuf_rd_0_0_synth_1/prj/sol/.autopilot/db/v_frmbuf_rd.cpp:1226) [28]  (2.835 ns)

 <State 10>: 2.835ns
The critical path consists of the following:
	'urem' operation 2 bit ('remainTrx', C:/Users/Sergey/Documents/Xilinx/z7000_hdmi/HDMI_FBWRRD/HDMI_FBWRRD.runs/top_design_v_frmbuf_rd_0_0_synth_1/prj/sol/.autopilot/db/v_frmbuf_rd.cpp:1226) [28]  (2.835 ns)

 <State 11>: 2.835ns
The critical path consists of the following:
	'urem' operation 2 bit ('remainTrx', C:/Users/Sergey/Documents/Xilinx/z7000_hdmi/HDMI_FBWRRD/HDMI_FBWRRD.runs/top_design_v_frmbuf_rd_0_0_synth_1/prj/sol/.autopilot/db/v_frmbuf_rd.cpp:1226) [28]  (2.835 ns)

 <State 12>: 2.835ns
The critical path consists of the following:
	'urem' operation 2 bit ('remainTrx', C:/Users/Sergey/Documents/Xilinx/z7000_hdmi/HDMI_FBWRRD/HDMI_FBWRRD.runs/top_design_v_frmbuf_rd_0_0_synth_1/prj/sol/.autopilot/db/v_frmbuf_rd.cpp:1226) [28]  (2.835 ns)

 <State 13>: 2.835ns
The critical path consists of the following:
	'urem' operation 2 bit ('remainTrx', C:/Users/Sergey/Documents/Xilinx/z7000_hdmi/HDMI_FBWRRD/HDMI_FBWRRD.runs/top_design_v_frmbuf_rd_0_0_synth_1/prj/sol/.autopilot/db/v_frmbuf_rd.cpp:1226) [28]  (2.835 ns)

 <State 14>: 3.467ns
The critical path consists of the following:
	'urem' operation 2 bit ('remainTrx', C:/Users/Sergey/Documents/Xilinx/z7000_hdmi/HDMI_FBWRRD/HDMI_FBWRRD.runs/top_design_v_frmbuf_rd_0_0_synth_1/prj/sol/.autopilot/db/v_frmbuf_rd.cpp:1226) [28]  (2.835 ns)
	'icmp' operation 1 bit ('icmp_ln1247', C:/Users/Sergey/Documents/Xilinx/z7000_hdmi/HDMI_FBWRRD/HDMI_FBWRRD.runs/top_design_v_frmbuf_rd_0_0_synth_1/prj/sol/.autopilot/db/v_frmbuf_rd.cpp:1247) [35]  (0.632 ns)

 <State 15>: 4.077ns
The critical path consists of the following:
	'load' operation 10 bit ('y', C:/Users/Sergey/Documents/Xilinx/z7000_hdmi/HDMI_FBWRRD/HDMI_FBWRRD.runs/top_design_v_frmbuf_rd_0_0_synth_1/prj/sol/.autopilot/db/v_frmbuf_rd.cpp:1232) on local variable 'y', C:/Users/Sergey/Documents/Xilinx/z7000_hdmi/HDMI_FBWRRD/HDMI_FBWRRD.runs/top_design_v_frmbuf_rd_0_0_synth_1/prj/sol/.autopilot/db/v_frmbuf_rd.cpp:1232 [48]  (0.000 ns)
	'icmp' operation 1 bit ('icmp_ln1232', C:/Users/Sergey/Documents/Xilinx/z7000_hdmi/HDMI_FBWRRD/HDMI_FBWRRD.runs/top_design_v_frmbuf_rd_0_0_synth_1/prj/sol/.autopilot/db/v_frmbuf_rd.cpp:1232) [49]  (1.417 ns)
	'call' operation ('call_ln1225', C:/Users/Sergey/Documents/Xilinx/z7000_hdmi/HDMI_FBWRRD/HDMI_FBWRRD.runs/top_design_v_frmbuf_rd_0_0_synth_1/prj/sol/.autopilot/db/v_frmbuf_rd.cpp:1225) to 'Bytes2MultiPixStream_Pipeline_VITIS_LOOP_1240_1' [55]  (2.659 ns)

 <State 16>: 3.958ns
The critical path consists of the following:
	'call' operation ('call_ln1225', C:/Users/Sergey/Documents/Xilinx/z7000_hdmi/HDMI_FBWRRD/HDMI_FBWRRD.runs/top_design_v_frmbuf_rd_0_0_synth_1/prj/sol/.autopilot/db/v_frmbuf_rd.cpp:1225) to 'Bytes2MultiPixStream_Pipeline_VITIS_LOOP_1240_1' [55]  (3.958 ns)

 <State 17>: 1.298ns
The critical path consists of the following:
	'store' operation ('store_ln1232', C:/Users/Sergey/Documents/Xilinx/z7000_hdmi/HDMI_FBWRRD/HDMI_FBWRRD.runs/top_design_v_frmbuf_rd_0_0_synth_1/prj/sol/.autopilot/db/v_frmbuf_rd.cpp:1232) of variable 'y', C:/Users/Sergey/Documents/Xilinx/z7000_hdmi/HDMI_FBWRRD/HDMI_FBWRRD.runs/top_design_v_frmbuf_rd_0_0_synth_1/prj/sol/.autopilot/db/v_frmbuf_rd.cpp:1232 10 bit on local variable 'y', C:/Users/Sergey/Documents/Xilinx/z7000_hdmi/HDMI_FBWRRD/HDMI_FBWRRD.runs/top_design_v_frmbuf_rd_0_0_synth_1/prj/sol/.autopilot/db/v_frmbuf_rd.cpp:1232 [56]  (1.298 ns)


============================================================
+ Verbose Summary: Binding
============================================================
N/A
* FSMD analyzer results:
  - Output states:
 - Input state : 
  - Chain level:
	State 1
	State 2
	State 3
	State 4
	State 5
	State 6
	State 7
	State 8
	State 9
	State 10
	State 11
	State 12
	State 13
	State 14
	State 15
	State 16
	State 17


============================================================
+ Verbose Summary: Datapath Resource usage 
============================================================
N/A
