

================================================================
== Vitis HLS Report for 'AXIMMvideo2Bytes_1_Pipeline_VITIS_LOOP_203_2'
================================================================
* Date:           Mon Mar 16 15:11:27 2026

* Version:        2025.2 (Build 6295257 on Nov 14 2025)
* Project:        prj
* Solution:       sol (Vivado IP Flow Target)
* Product family: zynq
* Target device:  xc7z020-clg400-2


================================================================
== Performance Estimates
================================================================
+ Timing: 
    * Summary: 
    +--------+---------+----------+------------+
    |  Clock |  Target | Estimated| Uncertainty|
    +--------+---------+----------+------------+
    |ap_clk  |  6.52 ns|  4.761 ns|     1.76 ns|
    +--------+---------+----------+------------+

+ Latency: 
    * Summary: 
    +---------+---------+-----------+-----------+-----+-----+-------------------+
    |  Latency (cycles) |   Latency (absolute)  |  Interval |      Pipeline     |
    |   min   |   max   |    min    |    max    | min | max |        Type       |
    +---------+---------+-----------+-----------+-----+-----+-------------------+
    |        2|     8195|  13.044 ns|  53.448 us|    0|    0|  loop pipeline stp|
    +---------+---------+-----------+-----------+-----+-----+-------------------+

    + Detail: 
        * Instance: 
        N/A

        * Loop: 
        +--------------------+---------+---------+----------+-----------+-----------+----------+----------+
        |                    |  Latency (cycles) | Iteration|  Initiation Interval  |   Trip   |          |
        |      Loop Name     |   min   |   max   |  Latency |  achieved |   target  |   Count  | Pipelined|
        +--------------------+---------+---------+----------+-----------+-----------+----------+----------+
        |- VITIS_LOOP_203_2  |        0|     8193|         3|          1|          1|  0 ~ 8192|       yes|
        +--------------------+---------+---------+----------+-----------+-----------+----------+----------+



================================================================
== Utilization Estimates
================================================================
* Summary: 
+-----------------+---------+-----+--------+-------+-----+
|       Name      | BRAM_18K| DSP |   FF   |  LUT  | URAM|
+-----------------+---------+-----+--------+-------+-----+
|DSP              |        -|    -|       -|      -|    -|
|Expression       |        -|    -|       0|     31|    -|
|FIFO             |        -|    -|       -|      -|    -|
|Instance         |        -|    -|       -|      -|    -|
|Memory           |        -|    -|       -|      -|    -|
|Multiplexer      |        -|    -|       0|     54|    -|
|Register         |        -|    -|      83|      -|    -|
+-----------------+---------+-----+--------+-------+-----+
|Total            |        0|    0|      83|     85|    0|
+-----------------+---------+-----+--------+-------+-----+
|Available        |      280|  220|  106400|  53200|    0|
+-----------------+---------+-----+--------+-------+-----+
|Utilization (%)  |        0|    0|      ~0|     ~0|    0|
+-----------------+---------+-----+--------+-------+-----+

+ Detail: 
    * Instance: 
    N/A

    * DSP: 
    N/A

    * Memory: 
    N/A

    * FIFO: 
    N/A

    * Expression: 
    +--------------------------------+----------+----+---+----+------------+------------+
    |          Variable Name         | Operation| DSP| FF| LUT| Bitwidth P0| Bitwidth P1|
    +--------------------------------+----------+----+---+----+------------+------------+
    |add_ln203_fu_114_p2             |         +|   0|  0|  14|          14|           1|
    |icmp_ln203_fu_108_p2            |      icmp|   0|  0|  14|          14|          14|
    |ap_block_pp0_stage0_01001_grp1  |        or|   0|  0|   1|           1|           1|
    |ap_enable_pp0                   |       xor|   0|  0|   2|           1|           2|
    +--------------------------------+----------+----+---+----+------------+------------+
    |Total                           |          |   0|  0|  31|          30|          18|
    +--------------------------------+----------+----+---+----+------------+------------+

    * Multiplexer: 
    +--------------------------+----+-----------+-----+-----------+
    |           Name           | LUT| Input Size| Bits| Total Bits|
    +--------------------------+----+-----------+-----+-----------+
    |ap_done_int               |   9|          2|    1|          2|
    |ap_enable_reg_pp0_iter1   |   9|          2|    1|          2|
    |ap_sig_allocacmp_x_21     |   9|          2|   14|         28|
    |bytesLayer1_plane0_blk_n  |   9|          2|    1|          2|
    |mm_video1_blk_n_R         |   9|          2|    1|          2|
    |x_fu_68                   |   9|          2|   14|         28|
    +--------------------------+----+-----------+-----+-----------+
    |Total                     |  54|         12|   32|         64|
    +--------------------------+----+-----------+-----+-----------+

    * Register: 
    +----------------------------------+----+----+-----+-----------+
    |               Name               | FF | LUT| Bits| Const Bits|
    +----------------------------------+----+----+-----+-----------+
    |ap_CS_fsm                         |   1|   0|    1|          0|
    |ap_done_reg                       |   1|   0|    1|          0|
    |ap_enable_reg_pp0_iter1           |   1|   0|    1|          0|
    |ap_enable_reg_pp0_iter2           |   1|   0|    1|          0|
    |ap_loop_exit_ready_pp0_iter1_reg  |   1|   0|    1|          0|
    |mm_video1_addr_read_reg_147       |  64|   0|   64|          0|
    |x_fu_68                           |  14|   0|   14|          0|
    +----------------------------------+----+----+-----+-----------+
    |Total                             |  83|   0|   83|          0|
    +----------------------------------+----+----+-----+-----------+



================================================================
== Interface
================================================================
* Summary: 
+-----------------------------------+-----+-----+------------+-----------------------------------------------+--------------+
|             RTL Ports             | Dir | Bits|  Protocol  |                 Source Object                 |    C Type    |
+-----------------------------------+-----+-----+------------+-----------------------------------------------+--------------+
|ap_clk                             |   in|    1|  ap_ctrl_hs|  AXIMMvideo2Bytes<1>_Pipeline_VITIS_LOOP_203_2|  return value|
|ap_rst                             |   in|    1|  ap_ctrl_hs|  AXIMMvideo2Bytes<1>_Pipeline_VITIS_LOOP_203_2|  return value|
|ap_start                           |   in|    1|  ap_ctrl_hs|  AXIMMvideo2Bytes<1>_Pipeline_VITIS_LOOP_203_2|  return value|
|ap_done                            |  out|    1|  ap_ctrl_hs|  AXIMMvideo2Bytes<1>_Pipeline_VITIS_LOOP_203_2|  return value|
|ap_idle                            |  out|    1|  ap_ctrl_hs|  AXIMMvideo2Bytes<1>_Pipeline_VITIS_LOOP_203_2|  return value|
|ap_ready                           |  out|    1|  ap_ctrl_hs|  AXIMMvideo2Bytes<1>_Pipeline_VITIS_LOOP_203_2|  return value|
|m_axi_mm_video1_0_AWVALID          |  out|    1|       m_axi|                                      mm_video1|       pointer|
|m_axi_mm_video1_0_AWREADY          |   in|    1|       m_axi|                                      mm_video1|       pointer|
|m_axi_mm_video1_0_AWADDR           |  out|   32|       m_axi|                                      mm_video1|       pointer|
|m_axi_mm_video1_0_AWID             |  out|    1|       m_axi|                                      mm_video1|       pointer|
|m_axi_mm_video1_0_AWLEN            |  out|   32|       m_axi|                                      mm_video1|       pointer|
|m_axi_mm_video1_0_AWSIZE           |  out|    3|       m_axi|                                      mm_video1|       pointer|
|m_axi_mm_video1_0_AWBURST          |  out|    2|       m_axi|                                      mm_video1|       pointer|
|m_axi_mm_video1_0_AWLOCK           |  out|    2|       m_axi|                                      mm_video1|       pointer|
|m_axi_mm_video1_0_AWCACHE          |  out|    4|       m_axi|                                      mm_video1|       pointer|
|m_axi_mm_video1_0_AWPROT           |  out|    3|       m_axi|                                      mm_video1|       pointer|
|m_axi_mm_video1_0_AWQOS            |  out|    4|       m_axi|                                      mm_video1|       pointer|
|m_axi_mm_video1_0_AWREGION         |  out|    4|       m_axi|                                      mm_video1|       pointer|
|m_axi_mm_video1_0_AWUSER           |  out|    1|       m_axi|                                      mm_video1|       pointer|
|m_axi_mm_video1_0_WVALID           |  out|    1|       m_axi|                                      mm_video1|       pointer|
|m_axi_mm_video1_0_WREADY           |   in|    1|       m_axi|                                      mm_video1|       pointer|
|m_axi_mm_video1_0_WDATA            |  out|   64|       m_axi|                                      mm_video1|       pointer|
|m_axi_mm_video1_0_WSTRB            |  out|    8|       m_axi|                                      mm_video1|       pointer|
|m_axi_mm_video1_0_WLAST            |  out|    1|       m_axi|                                      mm_video1|       pointer|
|m_axi_mm_video1_0_WID              |  out|    1|       m_axi|                                      mm_video1|       pointer|
|m_axi_mm_video1_0_WUSER            |  out|    1|       m_axi|                                      mm_video1|       pointer|
|m_axi_mm_video1_0_ARVALID          |  out|    1|       m_axi|                                      mm_video1|       pointer|
|m_axi_mm_video1_0_ARREADY          |   in|    1|       m_axi|                                      mm_video1|       pointer|
|m_axi_mm_video1_0_ARADDR           |  out|   32|       m_axi|                                      mm_video1|       pointer|
|m_axi_mm_video1_0_ARID             |  out|    1|       m_axi|                                      mm_video1|       pointer|
|m_axi_mm_video1_0_ARLEN            |  out|   32|       m_axi|                                      mm_video1|       pointer|
|m_axi_mm_video1_0_ARSIZE           |  out|    3|       m_axi|                                      mm_video1|       pointer|
|m_axi_mm_video1_0_ARBURST          |  out|    2|       m_axi|                                      mm_video1|       pointer|
|m_axi_mm_video1_0_ARLOCK           |  out|    2|       m_axi|                                      mm_video1|       pointer|
|m_axi_mm_video1_0_ARCACHE          |  out|    4|       m_axi|                                      mm_video1|       pointer|
|m_axi_mm_video1_0_ARPROT           |  out|    3|       m_axi|                                      mm_video1|       pointer|
|m_axi_mm_video1_0_ARQOS            |  out|    4|       m_axi|                                      mm_video1|       pointer|
|m_axi_mm_video1_0_ARREGION         |  out|    4|       m_axi|                                      mm_video1|       pointer|
|m_axi_mm_video1_0_ARUSER           |  out|    1|       m_axi|                                      mm_video1|       pointer|
|m_axi_mm_video1_0_RVALID           |   in|    1|       m_axi|                                      mm_video1|       pointer|
|m_axi_mm_video1_0_RREADY           |  out|    1|       m_axi|                                      mm_video1|       pointer|
|m_axi_mm_video1_0_RDATA            |   in|   64|       m_axi|                                      mm_video1|       pointer|
|m_axi_mm_video1_0_RLAST            |   in|    1|       m_axi|                                      mm_video1|       pointer|
|m_axi_mm_video1_0_RID              |   in|    1|       m_axi|                                      mm_video1|       pointer|
|m_axi_mm_video1_0_RFIFONUM         |   in|    7|       m_axi|                                      mm_video1|       pointer|
|m_axi_mm_video1_0_RUSER            |   in|    1|       m_axi|                                      mm_video1|       pointer|
|m_axi_mm_video1_0_RRESP            |   in|    2|       m_axi|                                      mm_video1|       pointer|
|m_axi_mm_video1_0_BVALID           |   in|    1|       m_axi|                                      mm_video1|       pointer|
|m_axi_mm_video1_0_BREADY           |  out|    1|       m_axi|                                      mm_video1|       pointer|
|m_axi_mm_video1_0_BRESP            |   in|    2|       m_axi|                                      mm_video1|       pointer|
|m_axi_mm_video1_0_BID              |   in|    1|       m_axi|                                      mm_video1|       pointer|
|m_axi_mm_video1_0_BUSER            |   in|    1|       m_axi|                                      mm_video1|       pointer|
|bytesLayer1_plane0_din             |  out|   64|     ap_fifo|                             bytesLayer1_plane0|       pointer|
|bytesLayer1_plane0_full_n          |   in|    1|     ap_fifo|                             bytesLayer1_plane0|       pointer|
|bytesLayer1_plane0_write           |  out|    1|     ap_fifo|                             bytesLayer1_plane0|       pointer|
|bytesLayer1_plane0_num_data_valid  |   in|    3|     ap_fifo|                             bytesLayer1_plane0|       pointer|
|bytesLayer1_plane0_fifo_cap        |   in|    3|     ap_fifo|                             bytesLayer1_plane0|       pointer|
|loopWidth_i                        |   in|   14|   ap_stable|                                    loopWidth_i|        scalar|
|sext_ln203_i                       |   in|   29|     ap_none|                                   sext_ln203_i|        scalar|
+-----------------------------------+-----+-----+------------+-----------------------------------------------+--------------+

============================================================
+ Verbose Summary: Synthesis Manager
============================================================
InlineROM: 1
ExposeGlobal: 0
============================================================
+ Verbose Summary: CDFG Model
============================================================
IsTopModel: 0
ResetActiveHigh: 1
IsCombinational: 2
IsDatapathOnly: 2
HasWiredReturn: 1
HasMFsm: 2
HasVarLatency: 1
IsPipeline: 0
IsRtlPipelined: 0
IsInstanceOverlapped: 0
IsDontTouch: 0
HasImplIP: 0
IsGatedGlobalClock: 0

+ Individual pipeline summary: 
  * Pipeline-0: initiation interval (II) = 1, depth = 3


============================================================
+ Verbose Summary: Schedule
============================================================
* Number of FSM states : 3
* Pipeline : 1
  Pipeline-0 : II = 1, D = 3, States = { 1 2 3 }
* Dataflow Pipeline: 0

* FSM state transitions: 
1 --> 2 
2 --> 3 
3 --> 

* FSM state operations: 

State 1 <SV = 0> <Delay = 4.12>
ST_1 : Operation 6 [1/1] (0.00ns)   --->   "%x = alloca i32 1" [prj/sol/.autopilot/db/v_dma.cpp:203->prj/sol/.autopilot/db/v_mix.cpp:714->prj/sol/.autopilot/db/v_mix.cpp:697->prj/sol/.autopilot/db/v_mix.cpp:697]   --->   Operation 6 'alloca' 'x' <Predicate = true> <Delay = 0.00>
ST_1 : Operation 7 [1/1] (0.00ns)   --->   "%sext_ln203_i_read = read i29 @_ssdm_op_Read.ap_auto.i29, i29 %sext_ln203_i"   --->   Operation 7 'read' 'sext_ln203_i_read' <Predicate = true> <Delay = 0.00>
ST_1 : Operation 8 [1/1] (0.00ns)   --->   "%loopWidth_i_read = read i14 @_ssdm_op_Read.ap_auto.i14, i14 %loopWidth_i"   --->   Operation 8 'read' 'loopWidth_i_read' <Predicate = true> <Delay = 0.00>
ST_1 : Operation 9 [1/1] (0.00ns)   --->   "%sext_ln203_i_cast = sext i29 %sext_ln203_i_read"   --->   Operation 9 'sext' 'sext_ln203_i_cast' <Predicate = true> <Delay = 0.00>
ST_1 : Operation 10 [1/1] (0.00ns)   --->   "%specstablecontent_ln0 = specstablecontent void @_ssdm_op_SpecStableContent, i64 %mm_video1, i1 1, void @p_str"   --->   Operation 10 'specstablecontent' 'specstablecontent_ln0' <Predicate = true> <Delay = 0.00>
ST_1 : Operation 11 [1/1] (0.00ns)   --->   "%specinterface_ln0 = specinterface void @_ssdm_op_SpecInterface, i64 %mm_video1, void @empty, i32 0, i32 0, void @empty_46, i32 100, i32 4096, void @empty_30, void @empty_29, void @empty_46, i32 4, i32 16, i32 16, i32 16, void @empty_46, void @empty_46, i32 4294967295, i32 0, i32 0, i32 8"   --->   Operation 11 'specinterface' 'specinterface_ln0' <Predicate = true> <Delay = 0.00>
ST_1 : Operation 12 [1/1] (0.00ns)   --->   "%specinterface_ln0 = specinterface void @_ssdm_op_SpecInterface, i64 %bytesLayer1_plane0, void @empty_31, i32 0, i32 0, void @empty_46, i32 0, i32 0, void @empty_46, void @empty_46, void @empty_46, i32 0, i32 0, i32 0, i32 0, void @empty_46, void @empty_46, i32 4294967295, i32 0, i32 0, i32 0"   --->   Operation 12 'specinterface' 'specinterface_ln0' <Predicate = true> <Delay = 0.00>
ST_1 : Operation 13 [1/1] (1.29ns)   --->   "%store_ln203 = store i14 0, i14 %x" [prj/sol/.autopilot/db/v_dma.cpp:203->prj/sol/.autopilot/db/v_mix.cpp:714->prj/sol/.autopilot/db/v_mix.cpp:697->prj/sol/.autopilot/db/v_mix.cpp:697]   --->   Operation 13 'store' 'store_ln203' <Predicate = true> <Delay = 1.29>
ST_1 : Operation 14 [1/1] (0.00ns)   --->   "%br_ln0 = br void %for.inc.i.i.i"   --->   Operation 14 'br' 'br_ln0' <Predicate = true> <Delay = 0.00>
ST_1 : Operation 15 [1/1] (0.00ns)   --->   "%x_21 = load i14 %x" [prj/sol/.autopilot/db/v_dma.cpp:203->prj/sol/.autopilot/db/v_mix.cpp:714->prj/sol/.autopilot/db/v_mix.cpp:697->prj/sol/.autopilot/db/v_mix.cpp:697]   --->   Operation 15 'load' 'x_21' <Predicate = true> <Delay = 0.00>
ST_1 : Operation 16 [1/1] (1.52ns)   --->   "%icmp_ln203 = icmp_eq  i14 %x_21, i14 %loopWidth_i_read" [prj/sol/.autopilot/db/v_dma.cpp:203->prj/sol/.autopilot/db/v_mix.cpp:714->prj/sol/.autopilot/db/v_mix.cpp:697->prj/sol/.autopilot/db/v_mix.cpp:697]   --->   Operation 16 'icmp' 'icmp_ln203' <Predicate = true> <Delay = 1.52> <CoreInst = "Cmp">   --->   Core 9 'Cmp' <Latency = 0> <II = 1> <Delay = 1.52> <FuncUnit> <Opcode : 'seteq' 'setne' 'setle' 'setge' 'setlt' 'setgt'> <InPorts = 2> <OutPorts = 1>
ST_1 : Operation 17 [1/1] (1.52ns)   --->   "%add_ln203 = add i14 %x_21, i14 1" [prj/sol/.autopilot/db/v_dma.cpp:203->prj/sol/.autopilot/db/v_mix.cpp:714->prj/sol/.autopilot/db/v_mix.cpp:697->prj/sol/.autopilot/db/v_mix.cpp:697]   --->   Operation 17 'add' 'add_ln203' <Predicate = true> <Delay = 1.52> <CoreInst = "Adder">   --->   Core 1 'Adder' <Latency = 0> <II = 1> <Delay = 1.52> <FuncUnit> <Opcode : 'add' 'sub'> <InPorts = 2> <OutPorts = 1>
ST_1 : Operation 18 [1/1] (0.00ns)   --->   "%br_ln203 = br i1 %icmp_ln203, void %for.inc.split.i.i.i, void %for.inc9.loopexit.i.i.i.exitStub" [prj/sol/.autopilot/db/v_dma.cpp:203->prj/sol/.autopilot/db/v_mix.cpp:714->prj/sol/.autopilot/db/v_mix.cpp:697->prj/sol/.autopilot/db/v_mix.cpp:697]   --->   Operation 18 'br' 'br_ln203' <Predicate = true> <Delay = 0.00>
ST_1 : Operation 19 [1/1] (1.29ns)   --->   "%store_ln203 = store i14 %add_ln203, i14 %x" [prj/sol/.autopilot/db/v_dma.cpp:203->prj/sol/.autopilot/db/v_mix.cpp:714->prj/sol/.autopilot/db/v_mix.cpp:697->prj/sol/.autopilot/db/v_mix.cpp:697]   --->   Operation 19 'store' 'store_ln203' <Predicate = (!icmp_ln203)> <Delay = 1.29>

State 2 <SV = 1> <Delay = 4.76>
ST_2 : Operation 20 [1/1] (0.00ns)   --->   "%mm_video1_addr = getelementptr i64 %mm_video1, i32 %sext_ln203_i_cast" [prj/sol/.autopilot/db/v_dma.cpp:203->prj/sol/.autopilot/db/v_mix.cpp:714->prj/sol/.autopilot/db/v_mix.cpp:697->prj/sol/.autopilot/db/v_mix.cpp:697]   --->   Operation 20 'getelementptr' 'mm_video1_addr' <Predicate = true> <Delay = 0.00>
ST_2 : Operation 21 [1/1] ( I:4.76ns O:4.76ns )   --->   "%mm_video1_addr_read = read i64 @_ssdm_op_Read.m_axi.i64.p1i64, i32 %mm_video1_addr" [prj/sol/.autopilot/db/v_dma.cpp:206->prj/sol/.autopilot/db/v_mix.cpp:714->prj/sol/.autopilot/db/v_mix.cpp:697->prj/sol/.autopilot/db/v_mix.cpp:697]   --->   Operation 21 'read' 'mm_video1_addr_read' <Predicate = true> <Delay = 4.76> <CoreInst = "m_axi">   --->   Core 111 'm_axi' <Latency = 3> <II = 1> <Delay = 1.00> <Adapter> <Opcode : 'readrequnaligned' 'writerequnaligned' 'read' 'write' 'readreq' 'writereq' 'writeresp'>
ST_2 : Operation 27 [1/1] (1.29ns)   --->   "%ret_ln0 = ret"   --->   Operation 27 'ret' 'ret_ln0' <Predicate = (icmp_ln203)> <Delay = 1.29>

State 3 <SV = 2> <Delay = 2.38>
ST_3 : Operation 22 [1/1] (0.00ns)   --->   "%specpipeline_ln205 = specpipeline void @_ssdm_op_SpecPipeline, i32 1, i32 0, i32 0, i32 0, i32 4294967295, void @empty_46" [prj/sol/.autopilot/db/v_dma.cpp:205->prj/sol/.autopilot/db/v_mix.cpp:714->prj/sol/.autopilot/db/v_mix.cpp:697->prj/sol/.autopilot/db/v_mix.cpp:697]   --->   Operation 22 'specpipeline' 'specpipeline_ln205' <Predicate = true> <Delay = 0.00>
ST_3 : Operation 23 [1/1] (0.00ns)   --->   "%speclooptripcount_ln203 = speclooptripcount void @_ssdm_op_SpecLoopTripCount, i64 0, i64 8192, i64 4096" [prj/sol/.autopilot/db/v_dma.cpp:203->prj/sol/.autopilot/db/v_mix.cpp:714->prj/sol/.autopilot/db/v_mix.cpp:697->prj/sol/.autopilot/db/v_mix.cpp:697]   --->   Operation 23 'speclooptripcount' 'speclooptripcount_ln203' <Predicate = true> <Delay = 0.00>
ST_3 : Operation 24 [1/1] (0.00ns)   --->   "%specloopname_ln203 = specloopname void @_ssdm_op_SpecLoopName, void @empty_20" [prj/sol/.autopilot/db/v_dma.cpp:203->prj/sol/.autopilot/db/v_mix.cpp:714->prj/sol/.autopilot/db/v_mix.cpp:697->prj/sol/.autopilot/db/v_mix.cpp:697]   --->   Operation 24 'specloopname' 'specloopname_ln203' <Predicate = true> <Delay = 0.00>
ST_3 : Operation 25 [1/1] ( I:2.38ns O:2.38ns )   --->   "%write_ln207 = write void @_ssdm_op_Write.ap_fifo.volatile.i64P0A, i64 %bytesLayer1_plane0, i64 %mm_video1_addr_read" [prj/sol/.autopilot/db/v_dma.cpp:207->prj/sol/.autopilot/db/v_mix.cpp:714->prj/sol/.autopilot/db/v_mix.cpp:697->prj/sol/.autopilot/db/v_mix.cpp:697]   --->   Operation 25 'write' 'write_ln207' <Predicate = true> <Delay = 2.38> <CoreInst = "FIFO_SRL">   --->   Core 80 'FIFO_SRL' <Latency = 0> <II = 1> <Delay = 3.40> <Storage> <Opcode : 'read' 'write' 'nbread' 'nbwrite'> <Ports = 0> <Width = 64> <Depth = 2> <FIFO>
ST_3 : Operation 26 [1/1] (0.00ns)   --->   "%br_ln203 = br void %for.inc.i.i.i" [prj/sol/.autopilot/db/v_dma.cpp:203->prj/sol/.autopilot/db/v_mix.cpp:714->prj/sol/.autopilot/db/v_mix.cpp:697->prj/sol/.autopilot/db/v_mix.cpp:697]   --->   Operation 26 'br' 'br_ln203' <Predicate = true> <Delay = 0.00>


============================================================
+ Verbose Summary: Binding
============================================================
STG Binding: 
---------------- STG Properties BEGIN ----------------
- Is combinational: 0
- Is one-state seq: 0
- Is datapath-only: 0
- Is pipelined: 0
- Is top level: 0
Port [ Return ] is wired: 1; IO mode=ap_ctrl_hs:ce=0
Port [ loopWidth_i]:  wired=1; compound=0; hidden=0; nouse=0; global=0; static=0; extern=0; dir=0; type=0; pingpong=0; private_global=0; IO mode=ap_stable:ce=0
Port [ mm_video1]:  wired=1; compound=1; hidden=0; nouse=0; global=0; static=0; extern=0; dir=0; type=4; pingpong=0; private_global=0; IO mode=m_axi:ce=0
Port [ sext_ln203_i]:  wired=1; compound=0; hidden=0; nouse=0; global=0; static=0; extern=0; dir=0; type=0; pingpong=0; private_global=0; IO mode=ap_none:ce=0
Port [ bytesLayer1_plane0]:  wired=1; compound=1; hidden=0; nouse=0; global=0; static=0; extern=0; dir=1; type=3; pingpong=0; private_global=0; IO mode=ap_fifo:ce=0
---------------- STG Properties END ------------------

---------------- Datapath Model BEGIN ----------------

<LifeTime>
<method=bitvector/>
x                       (alloca           ) [ 0100]
sext_ln203_i_read       (read             ) [ 0000]
loopWidth_i_read        (read             ) [ 0000]
sext_ln203_i_cast       (sext             ) [ 0110]
specstablecontent_ln0   (specstablecontent) [ 0000]
specinterface_ln0       (specinterface    ) [ 0000]
specinterface_ln0       (specinterface    ) [ 0000]
store_ln203             (store            ) [ 0000]
br_ln0                  (br               ) [ 0000]
x_21                    (load             ) [ 0000]
icmp_ln203              (icmp             ) [ 0110]
add_ln203               (add              ) [ 0000]
br_ln203                (br               ) [ 0000]
store_ln203             (store            ) [ 0000]
mm_video1_addr          (getelementptr    ) [ 0000]
mm_video1_addr_read     (read             ) [ 0101]
specpipeline_ln205      (specpipeline     ) [ 0000]
speclooptripcount_ln203 (speclooptripcount) [ 0000]
specloopname_ln203      (specloopname     ) [ 0000]
write_ln207             (write            ) [ 0000]
br_ln203                (br               ) [ 0000]
ret_ln0                 (ret              ) [ 0000]
</LifeTime>

<model>

<comp_list>
<comp id="0" class="1000" name="loopWidth_i">
<pin_list>
<pin id="1" dir="1" index="0" bw="1" slack="0"/>
</pin_list>
<bind>
<StgValue><ssdm name="loopWidth_i"/></StgValue>
</bind>
</comp>

<comp id="2" class="1000" name="mm_video1">
<pin_list>
<pin id="3" dir="1" index="0" bw="1" slack="0"/>
</pin_list>
<bind>
<StgValue><ssdm name="mm_video1"/><MemPortTyVec>0 </MemPortTyVec>
</StgValue>
</bind>
</comp>

<comp id="4" class="1000" name="sext_ln203_i">
<pin_list>
<pin id="5" dir="1" index="0" bw="1" slack="0"/>
</pin_list>
<bind>
<StgValue><ssdm name="sext_ln203_i"/></StgValue>
</bind>
</comp>

<comp id="6" class="1000" name="bytesLayer1_plane0">
<pin_list>
<pin id="7" dir="1" index="0" bw="1" slack="0"/>
</pin_list>
<bind>
<StgValue><ssdm name="bytesLayer1_plane0"/></StgValue>
</bind>
</comp>

<comp id="8" class="1001" name="const_8">
<pin_list>
<pin id="9" dir="1" index="0" bw="1" slack="0"/>
</pin_list>
<bind>
<StgValue><ssdm name=""/></StgValue>
</bind>
</comp>

<comp id="10" class="1001" name="const_10">
<pin_list>
<pin id="11" dir="1" index="0" bw="1" slack="0"/>
</pin_list>
<bind>
<StgValue><ssdm name="_ssdm_op_Read.ap_auto.i29"/></StgValue>
</bind>
</comp>

<comp id="12" class="1001" name="const_12">
<pin_list>
<pin id="13" dir="1" index="0" bw="1" slack="0"/>
</pin_list>
<bind>
<StgValue><ssdm name="_ssdm_op_Read.ap_auto.i14"/></StgValue>
</bind>
</comp>

<comp id="14" class="1001" name="const_14">
<pin_list>
<pin id="15" dir="1" index="0" bw="1" slack="2147483647"/>
</pin_list>
<bind>
<StgValue><ssdm name="_ssdm_op_SpecStableContent"/></StgValue>
</bind>
</comp>

<comp id="16" class="1001" name="const_16">
<pin_list>
<pin id="17" dir="1" index="0" bw="1" slack="2147483647"/>
</pin_list>
<bind>
<StgValue><ssdm name=""/></StgValue>
</bind>
</comp>

<comp id="18" class="1001" name="const_18">
<pin_list>
<pin id="19" dir="1" index="0" bw="1" slack="2147483647"/>
</pin_list>
<bind>
<StgValue><ssdm name="p_str"/></StgValue>
</bind>
</comp>

<comp id="20" class="1001" name="const_20">
<pin_list>
<pin id="21" dir="1" index="0" bw="1" slack="2147483647"/>
</pin_list>
<bind>
<StgValue><ssdm name="_ssdm_op_SpecInterface"/></StgValue>
</bind>
</comp>

<comp id="22" class="1001" name="const_22">
<pin_list>
<pin id="23" dir="1" index="0" bw="1" slack="2147483647"/>
</pin_list>
<bind>
<StgValue><ssdm name="empty"/></StgValue>
</bind>
</comp>

<comp id="24" class="1001" name="const_24">
<pin_list>
<pin id="25" dir="1" index="0" bw="1" slack="2147483647"/>
</pin_list>
<bind>
<StgValue><ssdm name=""/></StgValue>
</bind>
</comp>

<comp id="26" class="1001" name="const_26">
<pin_list>
<pin id="27" dir="1" index="0" bw="1" slack="2147483647"/>
</pin_list>
<bind>
<StgValue><ssdm name="empty_46"/></StgValue>
</bind>
</comp>

<comp id="28" class="1001" name="const_28">
<pin_list>
<pin id="29" dir="1" index="0" bw="1" slack="2147483647"/>
</pin_list>
<bind>
<StgValue><ssdm name=""/></StgValue>
</bind>
</comp>

<comp id="30" class="1001" name="const_30">
<pin_list>
<pin id="31" dir="1" index="0" bw="1" slack="2147483647"/>
</pin_list>
<bind>
<StgValue><ssdm name=""/></StgValue>
</bind>
</comp>

<comp id="32" class="1001" name="const_32">
<pin_list>
<pin id="33" dir="1" index="0" bw="1" slack="2147483647"/>
</pin_list>
<bind>
<StgValue><ssdm name="empty_30"/></StgValue>
</bind>
</comp>

<comp id="34" class="1001" name="const_34">
<pin_list>
<pin id="35" dir="1" index="0" bw="1" slack="2147483647"/>
</pin_list>
<bind>
<StgValue><ssdm name="empty_29"/></StgValue>
</bind>
</comp>

<comp id="36" class="1001" name="const_36">
<pin_list>
<pin id="37" dir="1" index="0" bw="1" slack="2147483647"/>
</pin_list>
<bind>
<StgValue><ssdm name=""/></StgValue>
</bind>
</comp>

<comp id="38" class="1001" name="const_38">
<pin_list>
<pin id="39" dir="1" index="0" bw="1" slack="2147483647"/>
</pin_list>
<bind>
<StgValue><ssdm name=""/></StgValue>
</bind>
</comp>

<comp id="40" class="1001" name="const_40">
<pin_list>
<pin id="41" dir="1" index="0" bw="1" slack="2147483647"/>
</pin_list>
<bind>
<StgValue><ssdm name=""/></StgValue>
</bind>
</comp>

<comp id="42" class="1001" name="const_42">
<pin_list>
<pin id="43" dir="1" index="0" bw="1" slack="2147483647"/>
</pin_list>
<bind>
<StgValue><ssdm name=""/></StgValue>
</bind>
</comp>

<comp id="44" class="1001" name="const_44">
<pin_list>
<pin id="45" dir="1" index="0" bw="1" slack="2147483647"/>
</pin_list>
<bind>
<StgValue><ssdm name="empty_31"/></StgValue>
</bind>
</comp>

<comp id="46" class="1001" name="const_46">
<pin_list>
<pin id="47" dir="1" index="0" bw="1" slack="0"/>
</pin_list>
<bind>
<StgValue><ssdm name=""/></StgValue>
</bind>
</comp>

<comp id="48" class="1001" name="const_48">
<pin_list>
<pin id="49" dir="1" index="0" bw="1" slack="0"/>
</pin_list>
<bind>
<StgValue><ssdm name=""/></StgValue>
</bind>
</comp>

<comp id="50" class="1001" name="const_50">
<pin_list>
<pin id="51" dir="1" index="0" bw="1" slack="0"/>
</pin_list>
<bind>
<StgValue><ssdm name="_ssdm_op_Read.m_axi.i64.p1i64"/></StgValue>
</bind>
</comp>

<comp id="52" class="1001" name="const_52">
<pin_list>
<pin id="53" dir="1" index="0" bw="1" slack="2147483647"/>
</pin_list>
<bind>
<StgValue><ssdm name="_ssdm_op_SpecPipeline"/></StgValue>
</bind>
</comp>

<comp id="54" class="1001" name="const_54">
<pin_list>
<pin id="55" dir="1" index="0" bw="1" slack="2147483647"/>
</pin_list>
<bind>
<StgValue><ssdm name="_ssdm_op_SpecLoopTripCount"/></StgValue>
</bind>
</comp>

<comp id="56" class="1001" name="const_56">
<pin_list>
<pin id="57" dir="1" index="0" bw="1" slack="2147483647"/>
</pin_list>
<bind>
<StgValue><ssdm name=""/></StgValue>
</bind>
</comp>

<comp id="58" class="1001" name="const_58">
<pin_list>
<pin id="59" dir="1" index="0" bw="1" slack="2147483647"/>
</pin_list>
<bind>
<StgValue><ssdm name=""/></StgValue>
</bind>
</comp>

<comp id="60" class="1001" name="const_60">
<pin_list>
<pin id="61" dir="1" index="0" bw="1" slack="2147483647"/>
</pin_list>
<bind>
<StgValue><ssdm name=""/></StgValue>
</bind>
</comp>

<comp id="62" class="1001" name="const_62">
<pin_list>
<pin id="63" dir="1" index="0" bw="1" slack="2147483647"/>
</pin_list>
<bind>
<StgValue><ssdm name="_ssdm_op_SpecLoopName"/></StgValue>
</bind>
</comp>

<comp id="64" class="1001" name="const_64">
<pin_list>
<pin id="65" dir="1" index="0" bw="1" slack="2147483647"/>
</pin_list>
<bind>
<StgValue><ssdm name="empty_20"/></StgValue>
</bind>
</comp>

<comp id="66" class="1001" name="const_66">
<pin_list>
<pin id="67" dir="1" index="0" bw="1" slack="0"/>
</pin_list>
<bind>
<StgValue><ssdm name="_ssdm_op_Write.ap_fifo.volatile.i64P0A"/></StgValue>
</bind>
</comp>

<comp id="68" class="1004" name="x_fu_68">
<pin_list>
<pin id="69" dir="0" index="0" bw="1" slack="0"/>
<pin id="70" dir="1" index="1" bw="14" slack="0"/>
</pin_list>
<bind>
<opcode="alloca(26) " fcode="alloca"/>
<opset="x/1 "/>
</bind>
</comp>

<comp id="72" class="1004" name="sext_ln203_i_read_read_fu_72">
<pin_list>
<pin id="73" dir="0" index="0" bw="29" slack="0"/>
<pin id="74" dir="0" index="1" bw="29" slack="0"/>
<pin id="75" dir="1" index="2" bw="29" slack="0"/>
</pin_list>
<bind>
<opcode="read(1150) " fcode="read"/>
<opset="sext_ln203_i_read/1 "/>
</bind>
</comp>

<comp id="78" class="1004" name="loopWidth_i_read_read_fu_78">
<pin_list>
<pin id="79" dir="0" index="0" bw="14" slack="0"/>
<pin id="80" dir="0" index="1" bw="14" slack="0"/>
<pin id="81" dir="1" index="2" bw="14" slack="0"/>
</pin_list>
<bind>
<opcode="read(1150) " fcode="read"/>
<opset="loopWidth_i_read/1 "/>
</bind>
</comp>

<comp id="84" class="1004" name="write_ln207_write_fu_84">
<pin_list>
<pin id="85" dir="0" index="0" bw="0" slack="0"/>
<pin id="86" dir="0" index="1" bw="64" slack="0"/>
<pin id="87" dir="0" index="2" bw="64" slack="1"/>
<pin id="88" dir="1" index="3" bw="0" slack="2147483647"/>
</pin_list>
<bind>
<opcode="write(1151) " fcode="write"/>
<opset="write_ln207/3 "/>
</bind>
</comp>

<comp id="91" class="1004" name="mm_video1_addr_read_read_fu_91">
<pin_list>
<pin id="92" dir="0" index="0" bw="64" slack="0"/>
<pin id="93" dir="0" index="1" bw="64" slack="0"/>
<pin id="94" dir="1" index="2" bw="64" slack="1"/>
</pin_list>
<bind>
<opcode="read(1150) " fcode="read"/>
<opset="mm_video1_addr_read/2 "/>
</bind>
</comp>

<comp id="96" class="1004" name="sext_ln203_i_cast_fu_96">
<pin_list>
<pin id="97" dir="0" index="0" bw="29" slack="0"/>
<pin id="98" dir="1" index="1" bw="32" slack="1"/>
</pin_list>
<bind>
<opcode="sext(35) " fcode="sext"/>
<opset="sext_ln203_i_cast/1 "/>
</bind>
</comp>

<comp id="100" class="1004" name="store_ln203_store_fu_100">
<pin_list>
<pin id="101" dir="0" index="0" bw="1" slack="0"/>
<pin id="102" dir="0" index="1" bw="14" slack="0"/>
<pin id="103" dir="1" index="2" bw="0" slack="2147483647"/>
</pin_list>
<bind>
<opcode="store(28) " fcode="store"/>
<opset="store_ln203/1 "/>
</bind>
</comp>

<comp id="105" class="1004" name="x_21_load_fu_105">
<pin_list>
<pin id="106" dir="0" index="0" bw="14" slack="0"/>
<pin id="107" dir="1" index="1" bw="14" slack="0"/>
</pin_list>
<bind>
<opcode="load(27) " fcode="load"/>
<opset="x_21/1 "/>
</bind>
</comp>

<comp id="108" class="1004" name="icmp_ln203_fu_108">
<pin_list>
<pin id="109" dir="0" index="0" bw="14" slack="0"/>
<pin id="110" dir="0" index="1" bw="14" slack="0"/>
<pin id="111" dir="1" index="2" bw="1" slack="1"/>
</pin_list>
<bind>
<opcode="icmp(45) " fcode="icmp"/>
<opset="icmp_ln203/1 "/>
</bind>
</comp>

<comp id="114" class="1004" name="add_ln203_fu_114">
<pin_list>
<pin id="115" dir="0" index="0" bw="14" slack="0"/>
<pin id="116" dir="0" index="1" bw="1" slack="0"/>
<pin id="117" dir="1" index="2" bw="14" slack="0"/>
</pin_list>
<bind>
<opcode="add(8) " fcode="add"/>
<opset="add_ln203/1 "/>
</bind>
</comp>

<comp id="120" class="1004" name="store_ln203_store_fu_120">
<pin_list>
<pin id="121" dir="0" index="0" bw="14" slack="0"/>
<pin id="122" dir="0" index="1" bw="14" slack="0"/>
<pin id="123" dir="1" index="2" bw="0" slack="2147483647"/>
</pin_list>
<bind>
<opcode="store(28) " fcode="store"/>
<opset="store_ln203/1 "/>
</bind>
</comp>

<comp id="125" class="1004" name="mm_video1_addr_fu_125">
<pin_list>
<pin id="126" dir="0" index="0" bw="32" slack="0"/>
<pin id="127" dir="0" index="1" bw="32" slack="1"/>
<pin id="128" dir="1" index="2" bw="32" slack="0"/>
</pin_list>
<bind>
<opcode="getelementptr(29) " fcode="getelementptr"/>
<opset="mm_video1_addr/2 "/>
</bind>
</comp>

<comp id="131" class="1005" name="x_reg_131">
<pin_list>
<pin id="132" dir="0" index="0" bw="14" slack="0"/>
<pin id="133" dir="1" index="1" bw="14" slack="0"/>
</pin_list>
<bind>
<opset="x "/>
</bind>
</comp>

<comp id="138" class="1005" name="sext_ln203_i_cast_reg_138">
<pin_list>
<pin id="139" dir="0" index="0" bw="32" slack="1"/>
<pin id="140" dir="1" index="1" bw="32" slack="1"/>
</pin_list>
<bind>
<opset="sext_ln203_i_cast "/>
</bind>
</comp>

<comp id="143" class="1005" name="icmp_ln203_reg_143">
<pin_list>
<pin id="144" dir="0" index="0" bw="1" slack="1"/>
<pin id="145" dir="1" index="1" bw="1" slack="2147483647"/>
</pin_list>
<bind>
<opset="icmp_ln203 "/>
</bind>
</comp>

<comp id="147" class="1005" name="mm_video1_addr_read_reg_147">
<pin_list>
<pin id="148" dir="0" index="0" bw="64" slack="1"/>
<pin id="149" dir="1" index="1" bw="64" slack="1"/>
</pin_list>
<bind>
<opset="mm_video1_addr_read "/>
</bind>
</comp>

</comp_list>

<net_list>
<net id="71"><net_src comp="8" pin="0"/><net_sink comp="68" pin=0"/></net>

<net id="76"><net_src comp="10" pin="0"/><net_sink comp="72" pin=0"/></net>

<net id="77"><net_src comp="4" pin="0"/><net_sink comp="72" pin=1"/></net>

<net id="82"><net_src comp="12" pin="0"/><net_sink comp="78" pin=0"/></net>

<net id="83"><net_src comp="0" pin="0"/><net_sink comp="78" pin=1"/></net>

<net id="89"><net_src comp="66" pin="0"/><net_sink comp="84" pin=0"/></net>

<net id="90"><net_src comp="6" pin="0"/><net_sink comp="84" pin=1"/></net>

<net id="95"><net_src comp="50" pin="0"/><net_sink comp="91" pin=0"/></net>

<net id="99"><net_src comp="72" pin="2"/><net_sink comp="96" pin=0"/></net>

<net id="104"><net_src comp="46" pin="0"/><net_sink comp="100" pin=0"/></net>

<net id="112"><net_src comp="105" pin="1"/><net_sink comp="108" pin=0"/></net>

<net id="113"><net_src comp="78" pin="2"/><net_sink comp="108" pin=1"/></net>

<net id="118"><net_src comp="105" pin="1"/><net_sink comp="114" pin=0"/></net>

<net id="119"><net_src comp="48" pin="0"/><net_sink comp="114" pin=1"/></net>

<net id="124"><net_src comp="114" pin="2"/><net_sink comp="120" pin=0"/></net>

<net id="129"><net_src comp="2" pin="0"/><net_sink comp="125" pin=0"/></net>

<net id="130"><net_src comp="125" pin="2"/><net_sink comp="91" pin=1"/></net>

<net id="134"><net_src comp="68" pin="1"/><net_sink comp="131" pin=0"/></net>

<net id="135"><net_src comp="131" pin="1"/><net_sink comp="100" pin=1"/></net>

<net id="136"><net_src comp="131" pin="1"/><net_sink comp="105" pin=0"/></net>

<net id="137"><net_src comp="131" pin="1"/><net_sink comp="120" pin=1"/></net>

<net id="141"><net_src comp="96" pin="1"/><net_sink comp="138" pin=0"/></net>

<net id="142"><net_src comp="138" pin="1"/><net_sink comp="125" pin=1"/></net>

<net id="146"><net_src comp="108" pin="2"/><net_sink comp="143" pin=0"/></net>

<net id="150"><net_src comp="91" pin="2"/><net_sink comp="147" pin=0"/></net>

<net id="151"><net_src comp="147" pin="1"/><net_sink comp="84" pin=2"/></net>

</net_list>

</model> 
---------------- Datapath Model END ------------------

* FSMD analyzer results:
  - Output states:
	Port: mm_video1 | {}
	Port: bytesLayer1_plane0 | {3 }
 - Input state : 
	Port: AXIMMvideo2Bytes<1>_Pipeline_VITIS_LOOP_203_2 : loopWidth_i | {1 }
	Port: AXIMMvideo2Bytes<1>_Pipeline_VITIS_LOOP_203_2 : mm_video1 | {2 }
	Port: AXIMMvideo2Bytes<1>_Pipeline_VITIS_LOOP_203_2 : sext_ln203_i | {1 }
	Port: AXIMMvideo2Bytes<1>_Pipeline_VITIS_LOOP_203_2 : bytesLayer1_plane0 | {}
  - Chain level:
	State 1
		store_ln203 : 1
		x_21 : 1
		icmp_ln203 : 2
		add_ln203 : 2
		br_ln203 : 3
		store_ln203 : 3
	State 2
		mm_video1_addr_read : 1
	State 3


============================================================
+ Verbose Summary: Datapath Resource usage 
============================================================

* Functional unit list:
|----------|--------------------------------|---------|---------|
| Operation|         Functional Unit        |    FF   |   LUT   |
|----------|--------------------------------|---------|---------|
|   icmp   |        icmp_ln203_fu_108       |    0    |    14   |
|----------|--------------------------------|---------|---------|
|    add   |        add_ln203_fu_114        |    0    |    14   |
|----------|--------------------------------|---------|---------|
|          |  sext_ln203_i_read_read_fu_72  |    0    |    0    |
|   read   |   loopWidth_i_read_read_fu_78  |    0    |    0    |
|          | mm_video1_addr_read_read_fu_91 |    0    |    0    |
|----------|--------------------------------|---------|---------|
|   write  |     write_ln207_write_fu_84    |    0    |    0    |
|----------|--------------------------------|---------|---------|
|   sext   |     sext_ln203_i_cast_fu_96    |    0    |    0    |
|----------|--------------------------------|---------|---------|
|   Total  |                                |    0    |    28   |
|----------|--------------------------------|---------|---------|

Memories:
N/A

* Register list:
+---------------------------+--------+
|                           |   FF   |
+---------------------------+--------+
|     icmp_ln203_reg_143    |    1   |
|mm_video1_addr_read_reg_147|   64   |
| sext_ln203_i_cast_reg_138 |   32   |
|         x_reg_131         |   14   |
+---------------------------+--------+
|           Total           |   111  |
+---------------------------+--------+

* Multiplexer (MUX) list: 
|--------|------|------|------|--------|
|  Comp  |  Pin | Size |  BW  | S x BW |
|--------|------|------|------|--------|
|  Total |      |      |      |    0   |
|--------|------|------|------|--------|



* Summary:
+-----------+--------+--------+
|           |   FF   |   LUT  |
+-----------+--------+--------+
|  Function |    0   |   28   |
|   Memory  |    -   |    -   |
|Multiplexer|    -   |    -   |
|  Register |   111  |    -   |
+-----------+--------+--------+
|   Total   |   111  |   28   |
+-----------+--------+--------+
