

================================================================
== Vitis HLS Report for 'Bytes2MultiPixStream_13_Pipeline_VITIS_LOOP_1383_2'
================================================================
* Date:           Mon Mar 16 15:11:27 2026

* Version:        2025.2 (Build 6295257 on Nov 14 2025)
* Project:        prj
* Solution:       sol (Vivado IP Flow Target)
* Product family: zynq
* Target device:  xc7z020-clg400-2


================================================================
== Performance Estimates
================================================================
+ Timing: 
    * Summary: 
    +--------+---------+----------+------------+
    |  Clock |  Target | Estimated| Uncertainty|
    +--------+---------+----------+------------+
    |ap_clk  |  6.52 ns|  4.141 ns|     1.76 ns|
    +--------+---------+----------+------------+

+ Latency: 
    * Summary: 
    +---------+---------+-----------+----------+-----+-----+-------------------+
    |  Latency (cycles) |  Latency (absolute)  |  Interval |      Pipeline     |
    |   min   |   max   |    min    |    max   | min | max |        Type       |
    +---------+---------+-----------+----------+-----+-----+-------------------+
    |        2|    65538|  13.044 ns|  0.427 ms|    0|    0|  loop pipeline stp|
    +---------+---------+-----------+----------+-----+-----+-------------------+

    + Detail: 
        * Instance: 
        N/A

        * Loop: 
        +---------------------+---------+---------+----------+-----------+-----------+-----------+----------+
        |                     |  Latency (cycles) | Iteration|  Initiation Interval  |    Trip   |          |
        |      Loop Name      |   min   |   max   |  Latency |  achieved |   target  |   Count   | Pipelined|
        +---------------------+---------+---------+----------+-----------+-----------+-----------+----------+
        |- VITIS_LOOP_1383_2  |        0|    65536|         3|          1|          1|  0 ~ 65535|       yes|
        +---------------------+---------+---------+----------+-----------+-----------+-----------+----------+

============================================================
+ Verbose Summary: Synthesis Manager
============================================================
InlineROM: 1
ExposeGlobal: 0
============================================================
+ Verbose Summary: CDFG Model
============================================================
IsTopModel: 0
ResetActiveHigh: 1
IsCombinational: 0
IsDatapathOnly: 0
HasWiredReturn: 1
HasMFsm: 2
HasVarLatency: 1
IsPipeline: 0
IsRtlPipelined: 0
IsInstanceOverlapped: 0
IsDontTouch: 0
HasImplIP: 0
IsGatedGlobalClock: 0

+ Individual pipeline summary: 
  * Pipeline-0: initiation interval (II) = 1, depth = 3


============================================================
+ Verbose Summary: Schedule
============================================================
* Number of FSM states : 3
* Pipeline : 1
  Pipeline-0 : II = 1, D = 3, States = { 1 2 3 }
* Dataflow Pipeline: 0

* FSM state transitions: 
1 --> 2 
2 --> 3 
3 --> 

* FSM state operations: 

State 1 <SV = 0> <Delay = 4.14>
ST_1 : Operation 6 [1/1] (0.00ns)   --->   "%fb_pix = alloca i32 1" [prj/sol/.autopilot/db/v_dma.cpp:1381]   --->   Operation 6 'alloca' 'fb_pix' <Predicate = true> <Delay = 0.00>
ST_1 : Operation 7 [1/1] (0.00ns)   --->   "%x_04 = alloca i32 1" [prj/sol/.autopilot/db/v_dma.cpp:1383]   --->   Operation 7 'alloca' 'x_04' <Predicate = true> <Delay = 0.00>
ST_1 : Operation 8 [1/1] (0.00ns)   --->   "%specstablecontent_ln0 = specstablecontent void @_ssdm_op_SpecStableContent, i16 %Width, i1 1, void @p_str"   --->   Operation 8 'specstablecontent' 'specstablecontent_ln0' <Predicate = true> <Delay = 0.00>
ST_1 : Operation 9 [1/1] (0.00ns)   --->   "%specinterface_ln0 = specinterface void @_ssdm_op_SpecInterface, i24 %srcLayer1, void @empty_31, i32 0, i32 0, void @empty_46, i32 0, i32 0, void @empty_46, void @empty_46, void @empty_46, i32 0, i32 0, i32 0, i32 0, void @empty_46, void @empty_46, i32 4294967295, i32 0, i32 0, i32 0"   --->   Operation 9 'specinterface' 'specinterface_ln0' <Predicate = true> <Delay = 0.00>
ST_1 : Operation 10 [1/1] (0.00ns)   --->   "%specinterface_ln0 = specinterface void @_ssdm_op_SpecInterface, i8 %srcLayer1Alpha, void @empty_31, i32 0, i32 0, void @empty_46, i32 0, i32 0, void @empty_46, void @empty_46, void @empty_46, i32 0, i32 0, i32 0, i32 0, void @empty_46, void @empty_46, i32 4294967295, i32 0, i32 0, i32 0"   --->   Operation 10 'specinterface' 'specinterface_ln0' <Predicate = true> <Delay = 0.00>
ST_1 : Operation 11 [1/1] (0.00ns)   --->   "%specinterface_ln0 = specinterface void @_ssdm_op_SpecInterface, i64 %bytesLayer1_plane0, void @empty_31, i32 0, i32 0, void @empty_46, i32 0, i32 0, void @empty_46, void @empty_46, void @empty_46, i32 0, i32 0, i32 0, i32 0, void @empty_46, void @empty_46, i32 4294967295, i32 0, i32 0, i32 0"   --->   Operation 11 'specinterface' 'specinterface_ln0' <Predicate = true> <Delay = 0.00>
ST_1 : Operation 12 [1/1] (0.00ns)   --->   "%Width_read = read i16 @_ssdm_op_Read.ap_auto.i16, i16 %Width" [prj/sol/.autopilot/db/v_dma.cpp:1359]   --->   Operation 12 'read' 'Width_read' <Predicate = true> <Delay = 0.00>
ST_1 : Operation 13 [1/1] (1.29ns)   --->   "%store_ln1383 = store i16 0, i16 %x_04" [prj/sol/.autopilot/db/v_dma.cpp:1383]   --->   Operation 13 'store' 'store_ln1383' <Predicate = true> <Delay = 1.29>
ST_1 : Operation 14 [1/1] (1.32ns)   --->   "%store_ln1381 = store i64 0, i64 %fb_pix" [prj/sol/.autopilot/db/v_dma.cpp:1381]   --->   Operation 14 'store' 'store_ln1381' <Predicate = true> <Delay = 1.32>
ST_1 : Operation 15 [1/1] (0.00ns)   --->   "%br_ln1383 = br void %for.body5" [prj/sol/.autopilot/db/v_dma.cpp:1383]   --->   Operation 15 'br' 'br_ln1383' <Predicate = true> <Delay = 0.00>
ST_1 : Operation 16 [1/1] (0.00ns)   --->   "%x = load i16 %x_04" [prj/sol/.autopilot/db/v_dma.cpp:1383]   --->   Operation 16 'load' 'x' <Predicate = true> <Delay = 0.00>
ST_1 : Operation 17 [1/1] (1.54ns)   --->   "%icmp_ln1383 = icmp_eq  i16 %x, i16 %Width_read" [prj/sol/.autopilot/db/v_dma.cpp:1383]   --->   Operation 17 'icmp' 'icmp_ln1383' <Predicate = true> <Delay = 1.54> <CoreInst = "Cmp">   --->   Core 9 'Cmp' <Latency = 0> <II = 1> <Delay = 1.54> <FuncUnit> <Opcode : 'seteq' 'setne' 'setle' 'setge' 'setlt' 'setgt'> <InPorts = 2> <OutPorts = 1>
ST_1 : Operation 18 [1/1] (1.54ns)   --->   "%x_20 = add i16 %x, i16 1" [prj/sol/.autopilot/db/v_dma.cpp:1383]   --->   Operation 18 'add' 'x_20' <Predicate = true> <Delay = 1.54> <CoreInst = "Adder">   --->   Core 1 'Adder' <Latency = 0> <II = 1> <Delay = 1.54> <FuncUnit> <Opcode : 'add' 'sub'> <InPorts = 2> <OutPorts = 1>
ST_1 : Operation 19 [1/1] (0.00ns)   --->   "%br_ln1383 = br i1 %icmp_ln1383, void %for.body5.split, void %for.inc71.exitStub" [prj/sol/.autopilot/db/v_dma.cpp:1383]   --->   Operation 19 'br' 'br_ln1383' <Predicate = true> <Delay = 0.00>
ST_1 : Operation 20 [1/1] (0.00ns)   --->   "%specpipeline_ln1385 = specpipeline void @_ssdm_op_SpecPipeline, i32 1, i32 0, i32 0, i32 0, i32 4294967295, void @empty_46" [prj/sol/.autopilot/db/v_dma.cpp:1385]   --->   Operation 20 'specpipeline' 'specpipeline_ln1385' <Predicate = (!icmp_ln1383)> <Delay = 0.00>
ST_1 : Operation 21 [1/1] (0.00ns)   --->   "%speclooptripcount_ln1381 = speclooptripcount void @_ssdm_op_SpecLoopTripCount, i64 0, i64 65535, i64 32767" [prj/sol/.autopilot/db/v_dma.cpp:1381]   --->   Operation 21 'speclooptripcount' 'speclooptripcount_ln1381' <Predicate = (!icmp_ln1383)> <Delay = 0.00>
ST_1 : Operation 22 [1/1] (0.00ns)   --->   "%specloopname_ln1383 = specloopname void @_ssdm_op_SpecLoopName, void @empty_54" [prj/sol/.autopilot/db/v_dma.cpp:1383]   --->   Operation 22 'specloopname' 'specloopname_ln1383' <Predicate = (!icmp_ln1383)> <Delay = 0.00>
ST_1 : Operation 23 [1/1] (0.00ns)   --->   "%xmodratio = trunc i16 %x" [prj/sol/.autopilot/db/v_dma.cpp:1386]   --->   Operation 23 'trunc' 'xmodratio' <Predicate = (!icmp_ln1383)> <Delay = 0.00>
ST_1 : Operation 24 [1/1] (0.00ns)   --->   "%br_ln1387 = br i1 %xmodratio, void %if.then9, void %_ZrSILi64ELb0EER11ap_int_baseIXT_EXT0_EES2_i.exit" [prj/sol/.autopilot/db/v_dma.cpp:1387]   --->   Operation 24 'br' 'br_ln1387' <Predicate = (!icmp_ln1383)> <Delay = 0.00>
ST_1 : Operation 25 [1/1] (1.29ns)   --->   "%store_ln1383 = store i16 %x_20, i16 %x_04" [prj/sol/.autopilot/db/v_dma.cpp:1383]   --->   Operation 25 'store' 'store_ln1383' <Predicate = (!icmp_ln1383)> <Delay = 1.29>

State 2 <SV = 1> <Delay = 3.70>
ST_2 : Operation 26 [1/1] ( I:2.38ns O:2.38ns )   --->   "%fb_pix_2 = read i64 @_ssdm_op_Read.ap_fifo.volatile.i64P0A, i64 %bytesLayer1_plane0" [prj/sol/.autopilot/db/v_dma.cpp:1389]   --->   Operation 26 'read' 'fb_pix_2' <Predicate = (!xmodratio)> <Delay = 2.38> <CoreInst = "FIFO_SRL">   --->   Core 80 'FIFO_SRL' <Latency = 0> <II = 1> <Delay = 3.40> <Storage> <Opcode : 'read' 'write' 'nbread' 'nbwrite'> <Ports = 0> <Width = 64> <Depth = 2> <FIFO>
ST_2 : Operation 27 [1/1] (1.32ns)   --->   "%store_ln1381 = store i64 %fb_pix_2, i64 %fb_pix" [prj/sol/.autopilot/db/v_dma.cpp:1381]   --->   Operation 27 'store' 'store_ln1381' <Predicate = (!xmodratio)> <Delay = 1.32>
ST_2 : Operation 28 [1/1] (0.00ns)   --->   "%br_ln1390 = br void %for.inc" [prj/sol/.autopilot/db/v_dma.cpp:1390]   --->   Operation 28 'br' 'br_ln1390' <Predicate = (!xmodratio)> <Delay = 0.00>
ST_2 : Operation 29 [1/1] (0.00ns)   --->   "%fb_pix_load = load i64 %fb_pix" [prj/sol/.autopilot/db/v_dma.cpp:1393]   --->   Operation 29 'load' 'fb_pix_load' <Predicate = (xmodratio)> <Delay = 0.00>
ST_2 : Operation 30 [1/1] (0.00ns)   --->   "%fb_pix_1 = partselect i32 @_ssdm_op_PartSelect.i32.i64.i32.i32, i64 %fb_pix_load, i32 32, i32 63" [prj/sol/.autopilot/db/v_dma.cpp:1393]   --->   Operation 30 'partselect' 'fb_pix_1' <Predicate = (xmodratio)> <Delay = 0.00>
ST_2 : Operation 31 [1/1] (0.00ns)   --->   "%zext_ln1393 = zext i32 %fb_pix_1" [prj/sol/.autopilot/db/v_dma.cpp:1393]   --->   Operation 31 'zext' 'zext_ln1393' <Predicate = (xmodratio)> <Delay = 0.00>
ST_2 : Operation 32 [1/1] (1.32ns)   --->   "%store_ln1381 = store i64 %zext_ln1393, i64 %fb_pix" [prj/sol/.autopilot/db/v_dma.cpp:1381]   --->   Operation 32 'store' 'store_ln1381' <Predicate = (xmodratio)> <Delay = 1.32>
ST_2 : Operation 33 [1/1] (0.00ns)   --->   "%br_ln0 = br void %for.inc"   --->   Operation 33 'br' 'br_ln0' <Predicate = (xmodratio)> <Delay = 0.00>
ST_2 : Operation 40 [1/1] (1.29ns)   --->   "%ret_ln0 = ret"   --->   Operation 40 'ret' 'ret_ln0' <Predicate = (icmp_ln1383)> <Delay = 1.29>

State 3 <SV = 2> <Delay = 2.38>
ST_3 : Operation 34 [1/1] (0.00ns)   --->   "%fb_pix_3 = load i64 %fb_pix" [prj/sol/.autopilot/db/v_dma.cpp:1407]   --->   Operation 34 'load' 'fb_pix_3' <Predicate = true> <Delay = 0.00>
ST_3 : Operation 35 [1/1] (0.00ns)   --->   "%tmp_8 = partselect i8 @_ssdm_op_PartSelect.i8.i64.i32, i64 %fb_pix_3, i32 24" [prj/sol/.autopilot/db/v_dma.cpp:1401]   --->   Operation 35 'partselect' 'tmp_8' <Predicate = true> <Delay = 0.00>
ST_3 : Operation 36 [1/1] (0.00ns)   --->   "%trunc_ln1407 = trunc i64 %fb_pix_3" [prj/sol/.autopilot/db/v_dma.cpp:1407]   --->   Operation 36 'trunc' 'trunc_ln1407' <Predicate = true> <Delay = 0.00>
ST_3 : Operation 37 [1/1] ( I:2.38ns O:2.38ns )   --->   "%write_ln1407 = write void @_ssdm_op_Write.ap_fifo.volatile.i24P0A, i24 %srcLayer1, i24 %trunc_ln1407" [prj/sol/.autopilot/db/v_dma.cpp:1407]   --->   Operation 37 'write' 'write_ln1407' <Predicate = true> <Delay = 2.38> <CoreInst = "FIFO_SRL">   --->   Core 80 'FIFO_SRL' <Latency = 0> <II = 1> <Delay = 3.40> <Storage> <Opcode : 'read' 'write' 'nbread' 'nbwrite'> <Ports = 0> <Width = 24> <Depth = 2> <FIFO>
ST_3 : Operation 38 [1/1] ( I:2.38ns O:2.38ns )   --->   "%write_ln1408 = write void @_ssdm_op_Write.ap_fifo.volatile.i8P0A, i8 %srcLayer1Alpha, i8 %tmp_8" [prj/sol/.autopilot/db/v_dma.cpp:1408]   --->   Operation 38 'write' 'write_ln1408' <Predicate = true> <Delay = 2.38> <CoreInst = "FIFO_SRL">   --->   Core 80 'FIFO_SRL' <Latency = 0> <II = 1> <Delay = 3.40> <Storage> <Opcode : 'read' 'write' 'nbread' 'nbwrite'> <Ports = 0> <Width = 8> <Depth = 16> <FIFO>
ST_3 : Operation 39 [1/1] (0.00ns)   --->   "%br_ln1383 = br void %for.body5" [prj/sol/.autopilot/db/v_dma.cpp:1383]   --->   Operation 39 'br' 'br_ln1383' <Predicate = true> <Delay = 0.00>


============================================================
+ Verbose Summary: Binding
============================================================
STG Binding: 
---------------- STG Properties BEGIN ----------------
- Is combinational: 0
- Is one-state seq: 0
- Is datapath-only: 0
- Is pipelined: 0
- Is top level: 0
Port [ Return ] is wired: 1; IO mode=ap_ctrl_hs:ce=0
Port [ Width]:  wired=1; compound=0; hidden=0; nouse=0; global=0; static=0; extern=0; dir=0; type=0; pingpong=0; private_global=0; IO mode=ap_stable:ce=0
Port [ srcLayer1]:  wired=1; compound=1; hidden=0; nouse=0; global=0; static=0; extern=0; dir=1; type=3; pingpong=0; private_global=0; IO mode=ap_fifo:ce=0
Port [ srcLayer1Alpha]:  wired=1; compound=1; hidden=0; nouse=0; global=0; static=0; extern=0; dir=1; type=3; pingpong=0; private_global=0; IO mode=ap_fifo:ce=0
Port [ bytesLayer1_plane0]:  wired=1; compound=1; hidden=0; nouse=0; global=0; static=0; extern=0; dir=0; type=3; pingpong=0; private_global=0; IO mode=ap_fifo:ce=0
---------------- STG Properties END ------------------

---------------- Datapath Model BEGIN ----------------

<LifeTime>
<method=bitvector/>
fb_pix                   (alloca           ) [ 0111]
x_04                     (alloca           ) [ 0100]
specstablecontent_ln0    (specstablecontent) [ 0000]
specinterface_ln0        (specinterface    ) [ 0000]
specinterface_ln0        (specinterface    ) [ 0000]
specinterface_ln0        (specinterface    ) [ 0000]
Width_read               (read             ) [ 0000]
store_ln1383             (store            ) [ 0000]
store_ln1381             (store            ) [ 0000]
br_ln1383                (br               ) [ 0000]
x                        (load             ) [ 0000]
icmp_ln1383              (icmp             ) [ 0110]
x_20                     (add              ) [ 0000]
br_ln1383                (br               ) [ 0000]
specpipeline_ln1385      (specpipeline     ) [ 0000]
speclooptripcount_ln1381 (speclooptripcount) [ 0000]
specloopname_ln1383      (specloopname     ) [ 0000]
xmodratio                (trunc            ) [ 0110]
br_ln1387                (br               ) [ 0000]
store_ln1383             (store            ) [ 0000]
fb_pix_2                 (read             ) [ 0000]
store_ln1381             (store            ) [ 0000]
br_ln1390                (br               ) [ 0000]
fb_pix_load              (load             ) [ 0000]
fb_pix_1                 (partselect       ) [ 0000]
zext_ln1393              (zext             ) [ 0000]
store_ln1381             (store            ) [ 0000]
br_ln0                   (br               ) [ 0000]
fb_pix_3                 (load             ) [ 0000]
tmp_8                    (partselect       ) [ 0000]
trunc_ln1407             (trunc            ) [ 0000]
write_ln1407             (write            ) [ 0000]
write_ln1408             (write            ) [ 0000]
br_ln1383                (br               ) [ 0000]
ret_ln0                  (ret              ) [ 0000]
</LifeTime>

<model>

<comp_list>
<comp id="0" class="1000" name="Width">
<pin_list>
<pin id="1" dir="1" index="0" bw="1" slack="0"/>
</pin_list>
<bind>
<StgValue><ssdm name="Width"/></StgValue>
</bind>
</comp>

<comp id="2" class="1000" name="srcLayer1">
<pin_list>
<pin id="3" dir="1" index="0" bw="1" slack="0"/>
</pin_list>
<bind>
<StgValue><ssdm name="srcLayer1"/></StgValue>
</bind>
</comp>

<comp id="4" class="1000" name="srcLayer1Alpha">
<pin_list>
<pin id="5" dir="1" index="0" bw="1" slack="0"/>
</pin_list>
<bind>
<StgValue><ssdm name="srcLayer1Alpha"/></StgValue>
</bind>
</comp>

<comp id="6" class="1000" name="bytesLayer1_plane0">
<pin_list>
<pin id="7" dir="1" index="0" bw="1" slack="0"/>
</pin_list>
<bind>
<StgValue><ssdm name="bytesLayer1_plane0"/></StgValue>
</bind>
</comp>

<comp id="8" class="1001" name="const_8">
<pin_list>
<pin id="9" dir="1" index="0" bw="1" slack="0"/>
</pin_list>
<bind>
<StgValue><ssdm name=""/></StgValue>
</bind>
</comp>

<comp id="10" class="1001" name="const_10">
<pin_list>
<pin id="11" dir="1" index="0" bw="1" slack="2147483647"/>
</pin_list>
<bind>
<StgValue><ssdm name="_ssdm_op_SpecStableContent"/></StgValue>
</bind>
</comp>

<comp id="12" class="1001" name="const_12">
<pin_list>
<pin id="13" dir="1" index="0" bw="1" slack="2147483647"/>
</pin_list>
<bind>
<StgValue><ssdm name=""/></StgValue>
</bind>
</comp>

<comp id="14" class="1001" name="const_14">
<pin_list>
<pin id="15" dir="1" index="0" bw="1" slack="2147483647"/>
</pin_list>
<bind>
<StgValue><ssdm name="p_str"/></StgValue>
</bind>
</comp>

<comp id="16" class="1001" name="const_16">
<pin_list>
<pin id="17" dir="1" index="0" bw="1" slack="2147483647"/>
</pin_list>
<bind>
<StgValue><ssdm name="_ssdm_op_SpecInterface"/></StgValue>
</bind>
</comp>

<comp id="18" class="1001" name="const_18">
<pin_list>
<pin id="19" dir="1" index="0" bw="1" slack="2147483647"/>
</pin_list>
<bind>
<StgValue><ssdm name="empty_31"/></StgValue>
</bind>
</comp>

<comp id="20" class="1001" name="const_20">
<pin_list>
<pin id="21" dir="1" index="0" bw="1" slack="2147483647"/>
</pin_list>
<bind>
<StgValue><ssdm name=""/></StgValue>
</bind>
</comp>

<comp id="22" class="1001" name="const_22">
<pin_list>
<pin id="23" dir="1" index="0" bw="1" slack="2147483647"/>
</pin_list>
<bind>
<StgValue><ssdm name="empty_46"/></StgValue>
</bind>
</comp>

<comp id="24" class="1001" name="const_24">
<pin_list>
<pin id="25" dir="1" index="0" bw="1" slack="2147483647"/>
</pin_list>
<bind>
<StgValue><ssdm name=""/></StgValue>
</bind>
</comp>

<comp id="26" class="1001" name="const_26">
<pin_list>
<pin id="27" dir="1" index="0" bw="1" slack="0"/>
</pin_list>
<bind>
<StgValue><ssdm name="_ssdm_op_Read.ap_auto.i16"/></StgValue>
</bind>
</comp>

<comp id="28" class="1001" name="const_28">
<pin_list>
<pin id="29" dir="1" index="0" bw="1" slack="0"/>
</pin_list>
<bind>
<StgValue><ssdm name=""/></StgValue>
</bind>
</comp>

<comp id="30" class="1001" name="const_30">
<pin_list>
<pin id="31" dir="1" index="0" bw="1" slack="0"/>
</pin_list>
<bind>
<StgValue><ssdm name=""/></StgValue>
</bind>
</comp>

<comp id="32" class="1001" name="const_32">
<pin_list>
<pin id="33" dir="1" index="0" bw="1" slack="0"/>
</pin_list>
<bind>
<StgValue><ssdm name=""/></StgValue>
</bind>
</comp>

<comp id="34" class="1001" name="const_34">
<pin_list>
<pin id="35" dir="1" index="0" bw="1" slack="2147483647"/>
</pin_list>
<bind>
<StgValue><ssdm name="_ssdm_op_SpecPipeline"/></StgValue>
</bind>
</comp>

<comp id="36" class="1001" name="const_36">
<pin_list>
<pin id="37" dir="1" index="0" bw="1" slack="2147483647"/>
</pin_list>
<bind>
<StgValue><ssdm name="_ssdm_op_SpecLoopTripCount"/></StgValue>
</bind>
</comp>

<comp id="38" class="1001" name="const_38">
<pin_list>
<pin id="39" dir="1" index="0" bw="1" slack="2147483647"/>
</pin_list>
<bind>
<StgValue><ssdm name=""/></StgValue>
</bind>
</comp>

<comp id="40" class="1001" name="const_40">
<pin_list>
<pin id="41" dir="1" index="0" bw="1" slack="2147483647"/>
</pin_list>
<bind>
<StgValue><ssdm name=""/></StgValue>
</bind>
</comp>

<comp id="42" class="1001" name="const_42">
<pin_list>
<pin id="43" dir="1" index="0" bw="1" slack="2147483647"/>
</pin_list>
<bind>
<StgValue><ssdm name="_ssdm_op_SpecLoopName"/></StgValue>
</bind>
</comp>

<comp id="44" class="1001" name="const_44">
<pin_list>
<pin id="45" dir="1" index="0" bw="1" slack="2147483647"/>
</pin_list>
<bind>
<StgValue><ssdm name="empty_54"/></StgValue>
</bind>
</comp>

<comp id="46" class="1001" name="const_46">
<pin_list>
<pin id="47" dir="1" index="0" bw="1" slack="0"/>
</pin_list>
<bind>
<StgValue><ssdm name="_ssdm_op_Read.ap_fifo.volatile.i64P0A"/></StgValue>
</bind>
</comp>

<comp id="48" class="1001" name="const_48">
<pin_list>
<pin id="49" dir="1" index="0" bw="1" slack="0"/>
</pin_list>
<bind>
<StgValue><ssdm name="_ssdm_op_PartSelect.i32.i64.i32.i32"/></StgValue>
</bind>
</comp>

<comp id="50" class="1001" name="const_50">
<pin_list>
<pin id="51" dir="1" index="0" bw="1" slack="0"/>
</pin_list>
<bind>
<StgValue><ssdm name=""/></StgValue>
</bind>
</comp>

<comp id="52" class="1001" name="const_52">
<pin_list>
<pin id="53" dir="1" index="0" bw="1" slack="0"/>
</pin_list>
<bind>
<StgValue><ssdm name=""/></StgValue>
</bind>
</comp>

<comp id="54" class="1001" name="const_54">
<pin_list>
<pin id="55" dir="1" index="0" bw="1" slack="0"/>
</pin_list>
<bind>
<StgValue><ssdm name="_ssdm_op_PartSelect.i8.i64.i32"/></StgValue>
</bind>
</comp>

<comp id="56" class="1001" name="const_56">
<pin_list>
<pin id="57" dir="1" index="0" bw="1" slack="0"/>
</pin_list>
<bind>
<StgValue><ssdm name=""/></StgValue>
</bind>
</comp>

<comp id="58" class="1001" name="const_58">
<pin_list>
<pin id="59" dir="1" index="0" bw="1" slack="0"/>
</pin_list>
<bind>
<StgValue><ssdm name="_ssdm_op_Write.ap_fifo.volatile.i24P0A"/></StgValue>
</bind>
</comp>

<comp id="60" class="1001" name="const_60">
<pin_list>
<pin id="61" dir="1" index="0" bw="1" slack="0"/>
</pin_list>
<bind>
<StgValue><ssdm name="_ssdm_op_Write.ap_fifo.volatile.i8P0A"/></StgValue>
</bind>
</comp>

<comp id="62" class="1004" name="fb_pix_fu_62">
<pin_list>
<pin id="63" dir="0" index="0" bw="1" slack="0"/>
<pin id="64" dir="1" index="1" bw="64" slack="0"/>
</pin_list>
<bind>
<opcode="alloca(26) " fcode="alloca"/>
<opset="fb_pix/1 "/>
</bind>
</comp>

<comp id="66" class="1004" name="x_04_fu_66">
<pin_list>
<pin id="67" dir="0" index="0" bw="1" slack="0"/>
<pin id="68" dir="1" index="1" bw="16" slack="0"/>
</pin_list>
<bind>
<opcode="alloca(26) " fcode="alloca"/>
<opset="x_04/1 "/>
</bind>
</comp>

<comp id="70" class="1004" name="Width_read_read_fu_70">
<pin_list>
<pin id="71" dir="0" index="0" bw="16" slack="0"/>
<pin id="72" dir="0" index="1" bw="16" slack="0"/>
<pin id="73" dir="1" index="2" bw="16" slack="0"/>
</pin_list>
<bind>
<opcode="read(1150) " fcode="read"/>
<opset="Width_read/1 "/>
</bind>
</comp>

<comp id="76" class="1004" name="fb_pix_2_read_fu_76">
<pin_list>
<pin id="77" dir="0" index="0" bw="64" slack="0"/>
<pin id="78" dir="0" index="1" bw="64" slack="0"/>
<pin id="79" dir="1" index="2" bw="64" slack="0"/>
</pin_list>
<bind>
<opcode="read(1150) " fcode="read"/>
<opset="fb_pix_2/2 "/>
</bind>
</comp>

<comp id="82" class="1004" name="write_ln1407_write_fu_82">
<pin_list>
<pin id="83" dir="0" index="0" bw="0" slack="0"/>
<pin id="84" dir="0" index="1" bw="24" slack="0"/>
<pin id="85" dir="0" index="2" bw="24" slack="0"/>
<pin id="86" dir="1" index="3" bw="0" slack="2147483647"/>
</pin_list>
<bind>
<opcode="write(1151) " fcode="write"/>
<opset="write_ln1407/3 "/>
</bind>
</comp>

<comp id="89" class="1004" name="write_ln1408_write_fu_89">
<pin_list>
<pin id="90" dir="0" index="0" bw="0" slack="0"/>
<pin id="91" dir="0" index="1" bw="8" slack="0"/>
<pin id="92" dir="0" index="2" bw="8" slack="0"/>
<pin id="93" dir="1" index="3" bw="0" slack="2147483647"/>
</pin_list>
<bind>
<opcode="write(1151) " fcode="write"/>
<opset="write_ln1408/3 "/>
</bind>
</comp>

<comp id="96" class="1004" name="store_ln1383_store_fu_96">
<pin_list>
<pin id="97" dir="0" index="0" bw="1" slack="0"/>
<pin id="98" dir="0" index="1" bw="16" slack="0"/>
<pin id="99" dir="1" index="2" bw="0" slack="2147483647"/>
</pin_list>
<bind>
<opcode="store(28) " fcode="store"/>
<opset="store_ln1383/1 "/>
</bind>
</comp>

<comp id="101" class="1004" name="store_ln1381_store_fu_101">
<pin_list>
<pin id="102" dir="0" index="0" bw="1" slack="0"/>
<pin id="103" dir="0" index="1" bw="64" slack="0"/>
<pin id="104" dir="1" index="2" bw="0" slack="2147483647"/>
</pin_list>
<bind>
<opcode="store(28) " fcode="store"/>
<opset="store_ln1381/1 "/>
</bind>
</comp>

<comp id="106" class="1004" name="x_load_fu_106">
<pin_list>
<pin id="107" dir="0" index="0" bw="16" slack="0"/>
<pin id="108" dir="1" index="1" bw="16" slack="0"/>
</pin_list>
<bind>
<opcode="load(27) " fcode="load"/>
<opset="x/1 "/>
</bind>
</comp>

<comp id="109" class="1004" name="icmp_ln1383_fu_109">
<pin_list>
<pin id="110" dir="0" index="0" bw="16" slack="0"/>
<pin id="111" dir="0" index="1" bw="16" slack="0"/>
<pin id="112" dir="1" index="2" bw="1" slack="1"/>
</pin_list>
<bind>
<opcode="icmp(45) " fcode="icmp"/>
<opset="icmp_ln1383/1 "/>
</bind>
</comp>

<comp id="115" class="1004" name="x_20_fu_115">
<pin_list>
<pin id="116" dir="0" index="0" bw="16" slack="0"/>
<pin id="117" dir="0" index="1" bw="1" slack="0"/>
<pin id="118" dir="1" index="2" bw="16" slack="0"/>
</pin_list>
<bind>
<opcode="add(8) " fcode="add"/>
<opset="x_20/1 "/>
</bind>
</comp>

<comp id="121" class="1004" name="xmodratio_fu_121">
<pin_list>
<pin id="122" dir="0" index="0" bw="16" slack="0"/>
<pin id="123" dir="1" index="1" bw="1" slack="1"/>
</pin_list>
<bind>
<opcode="trunc(33) " fcode="trunc"/>
<opset="xmodratio/1 "/>
</bind>
</comp>

<comp id="125" class="1004" name="store_ln1383_store_fu_125">
<pin_list>
<pin id="126" dir="0" index="0" bw="16" slack="0"/>
<pin id="127" dir="0" index="1" bw="16" slack="0"/>
<pin id="128" dir="1" index="2" bw="0" slack="2147483647"/>
</pin_list>
<bind>
<opcode="store(28) " fcode="store"/>
<opset="store_ln1383/1 "/>
</bind>
</comp>

<comp id="130" class="1004" name="store_ln1381_store_fu_130">
<pin_list>
<pin id="131" dir="0" index="0" bw="64" slack="0"/>
<pin id="132" dir="0" index="1" bw="64" slack="1"/>
<pin id="133" dir="1" index="2" bw="0" slack="2147483647"/>
</pin_list>
<bind>
<opcode="store(28) " fcode="store"/>
<opset="store_ln1381/2 "/>
</bind>
</comp>

<comp id="135" class="1004" name="fb_pix_load_load_fu_135">
<pin_list>
<pin id="136" dir="0" index="0" bw="64" slack="1"/>
<pin id="137" dir="1" index="1" bw="64" slack="0"/>
</pin_list>
<bind>
<opcode="load(27) " fcode="load"/>
<opset="fb_pix_load/2 "/>
</bind>
</comp>

<comp id="138" class="1004" name="fb_pix_1_fu_138">
<pin_list>
<pin id="139" dir="0" index="0" bw="32" slack="0"/>
<pin id="140" dir="0" index="1" bw="64" slack="0"/>
<pin id="141" dir="0" index="2" bw="7" slack="0"/>
<pin id="142" dir="0" index="3" bw="7" slack="0"/>
<pin id="143" dir="1" index="4" bw="32" slack="0"/>
</pin_list>
<bind>
<opcode="partselect(1002) " fcode="partselect"/>
<opset="fb_pix_1/2 "/>
</bind>
</comp>

<comp id="148" class="1004" name="zext_ln1393_fu_148">
<pin_list>
<pin id="149" dir="0" index="0" bw="32" slack="0"/>
<pin id="150" dir="1" index="1" bw="64" slack="0"/>
</pin_list>
<bind>
<opcode="zext(34) " fcode="zext"/>
<opset="zext_ln1393/2 "/>
</bind>
</comp>

<comp id="152" class="1004" name="store_ln1381_store_fu_152">
<pin_list>
<pin id="153" dir="0" index="0" bw="32" slack="0"/>
<pin id="154" dir="0" index="1" bw="64" slack="1"/>
<pin id="155" dir="1" index="2" bw="0" slack="2147483647"/>
</pin_list>
<bind>
<opcode="store(28) " fcode="store"/>
<opset="store_ln1381/2 "/>
</bind>
</comp>

<comp id="157" class="1004" name="fb_pix_3_load_fu_157">
<pin_list>
<pin id="158" dir="0" index="0" bw="64" slack="2"/>
<pin id="159" dir="1" index="1" bw="64" slack="0"/>
</pin_list>
<bind>
<opcode="load(27) " fcode="load"/>
<opset="fb_pix_3/3 "/>
</bind>
</comp>

<comp id="160" class="1004" name="tmp_8_fu_160">
<pin_list>
<pin id="161" dir="0" index="0" bw="8" slack="0"/>
<pin id="162" dir="0" index="1" bw="64" slack="0"/>
<pin id="163" dir="0" index="2" bw="6" slack="0"/>
<pin id="164" dir="1" index="3" bw="8" slack="0"/>
</pin_list>
<bind>
<opcode="partselect(1002) " fcode="partselect"/>
<opset="tmp_8/3 "/>
</bind>
</comp>

<comp id="169" class="1004" name="trunc_ln1407_fu_169">
<pin_list>
<pin id="170" dir="0" index="0" bw="64" slack="0"/>
<pin id="171" dir="1" index="1" bw="24" slack="0"/>
</pin_list>
<bind>
<opcode="trunc(33) " fcode="trunc"/>
<opset="trunc_ln1407/3 "/>
</bind>
</comp>

<comp id="174" class="1005" name="fb_pix_reg_174">
<pin_list>
<pin id="175" dir="0" index="0" bw="64" slack="0"/>
<pin id="176" dir="1" index="1" bw="64" slack="0"/>
</pin_list>
<bind>
<opset="fb_pix "/>
</bind>
</comp>

<comp id="183" class="1005" name="x_04_reg_183">
<pin_list>
<pin id="184" dir="0" index="0" bw="16" slack="0"/>
<pin id="185" dir="1" index="1" bw="16" slack="0"/>
</pin_list>
<bind>
<opset="x_04 "/>
</bind>
</comp>

<comp id="190" class="1005" name="icmp_ln1383_reg_190">
<pin_list>
<pin id="191" dir="0" index="0" bw="1" slack="1"/>
<pin id="192" dir="1" index="1" bw="1" slack="2147483647"/>
</pin_list>
<bind>
<opset="icmp_ln1383 "/>
</bind>
</comp>

<comp id="194" class="1005" name="xmodratio_reg_194">
<pin_list>
<pin id="195" dir="0" index="0" bw="1" slack="1"/>
<pin id="196" dir="1" index="1" bw="1" slack="2147483647"/>
</pin_list>
<bind>
<opset="xmodratio "/>
</bind>
</comp>

</comp_list>

<net_list>
<net id="65"><net_src comp="8" pin="0"/><net_sink comp="62" pin=0"/></net>

<net id="69"><net_src comp="8" pin="0"/><net_sink comp="66" pin=0"/></net>

<net id="74"><net_src comp="26" pin="0"/><net_sink comp="70" pin=0"/></net>

<net id="75"><net_src comp="0" pin="0"/><net_sink comp="70" pin=1"/></net>

<net id="80"><net_src comp="46" pin="0"/><net_sink comp="76" pin=0"/></net>

<net id="81"><net_src comp="6" pin="0"/><net_sink comp="76" pin=1"/></net>

<net id="87"><net_src comp="58" pin="0"/><net_sink comp="82" pin=0"/></net>

<net id="88"><net_src comp="2" pin="0"/><net_sink comp="82" pin=1"/></net>

<net id="94"><net_src comp="60" pin="0"/><net_sink comp="89" pin=0"/></net>

<net id="95"><net_src comp="4" pin="0"/><net_sink comp="89" pin=1"/></net>

<net id="100"><net_src comp="28" pin="0"/><net_sink comp="96" pin=0"/></net>

<net id="105"><net_src comp="30" pin="0"/><net_sink comp="101" pin=0"/></net>

<net id="113"><net_src comp="106" pin="1"/><net_sink comp="109" pin=0"/></net>

<net id="114"><net_src comp="70" pin="2"/><net_sink comp="109" pin=1"/></net>

<net id="119"><net_src comp="106" pin="1"/><net_sink comp="115" pin=0"/></net>

<net id="120"><net_src comp="32" pin="0"/><net_sink comp="115" pin=1"/></net>

<net id="124"><net_src comp="106" pin="1"/><net_sink comp="121" pin=0"/></net>

<net id="129"><net_src comp="115" pin="2"/><net_sink comp="125" pin=0"/></net>

<net id="134"><net_src comp="76" pin="2"/><net_sink comp="130" pin=0"/></net>

<net id="144"><net_src comp="48" pin="0"/><net_sink comp="138" pin=0"/></net>

<net id="145"><net_src comp="135" pin="1"/><net_sink comp="138" pin=1"/></net>

<net id="146"><net_src comp="50" pin="0"/><net_sink comp="138" pin=2"/></net>

<net id="147"><net_src comp="52" pin="0"/><net_sink comp="138" pin=3"/></net>

<net id="151"><net_src comp="138" pin="4"/><net_sink comp="148" pin=0"/></net>

<net id="156"><net_src comp="148" pin="1"/><net_sink comp="152" pin=0"/></net>

<net id="165"><net_src comp="54" pin="0"/><net_sink comp="160" pin=0"/></net>

<net id="166"><net_src comp="157" pin="1"/><net_sink comp="160" pin=1"/></net>

<net id="167"><net_src comp="56" pin="0"/><net_sink comp="160" pin=2"/></net>

<net id="168"><net_src comp="160" pin="3"/><net_sink comp="89" pin=2"/></net>

<net id="172"><net_src comp="157" pin="1"/><net_sink comp="169" pin=0"/></net>

<net id="173"><net_src comp="169" pin="1"/><net_sink comp="82" pin=2"/></net>

<net id="177"><net_src comp="62" pin="1"/><net_sink comp="174" pin=0"/></net>

<net id="178"><net_src comp="174" pin="1"/><net_sink comp="101" pin=1"/></net>

<net id="179"><net_src comp="174" pin="1"/><net_sink comp="130" pin=1"/></net>

<net id="180"><net_src comp="174" pin="1"/><net_sink comp="135" pin=0"/></net>

<net id="181"><net_src comp="174" pin="1"/><net_sink comp="152" pin=1"/></net>

<net id="182"><net_src comp="174" pin="1"/><net_sink comp="157" pin=0"/></net>

<net id="186"><net_src comp="66" pin="1"/><net_sink comp="183" pin=0"/></net>

<net id="187"><net_src comp="183" pin="1"/><net_sink comp="96" pin=1"/></net>

<net id="188"><net_src comp="183" pin="1"/><net_sink comp="106" pin=0"/></net>

<net id="189"><net_src comp="183" pin="1"/><net_sink comp="125" pin=1"/></net>

<net id="193"><net_src comp="109" pin="2"/><net_sink comp="190" pin=0"/></net>

<net id="197"><net_src comp="121" pin="1"/><net_sink comp="194" pin=0"/></net>

</net_list>

</model> 
---------------- Datapath Model END ------------------

* FSMD analyzer results:
  - Output states:
	Port: srcLayer1 | {3 }
	Port: srcLayer1Alpha | {3 }
 - Input state : 
	Port: Bytes2MultiPixStream<13>_Pipeline_VITIS_LOOP_1383_2 : Width | {1 }
	Port: Bytes2MultiPixStream<13>_Pipeline_VITIS_LOOP_1383_2 : bytesLayer1_plane0 | {2 }
  - Chain level:
	State 1
		store_ln1383 : 1
		store_ln1381 : 1
		x : 1
		icmp_ln1383 : 2
		x_20 : 2
		br_ln1383 : 3
		xmodratio : 2
		br_ln1387 : 3
		store_ln1383 : 3
	State 2
		fb_pix_1 : 1
		zext_ln1393 : 2
		store_ln1381 : 3
	State 3
		tmp_8 : 1
		trunc_ln1407 : 1
		write_ln1407 : 2
		write_ln1408 : 2


============================================================
+ Verbose Summary: Datapath Resource usage 
============================================================

* Functional unit list:
|----------|--------------------------|---------|---------|
| Operation|      Functional Unit     |    FF   |   LUT   |
|----------|--------------------------|---------|---------|
|   icmp   |    icmp_ln1383_fu_109    |    0    |    16   |
|----------|--------------------------|---------|---------|
|    add   |        x_20_fu_115       |    0    |    16   |
|----------|--------------------------|---------|---------|
|   read   |   Width_read_read_fu_70  |    0    |    0    |
|          |    fb_pix_2_read_fu_76   |    0    |    0    |
|----------|--------------------------|---------|---------|
|   write  | write_ln1407_write_fu_82 |    0    |    0    |
|          | write_ln1408_write_fu_89 |    0    |    0    |
|----------|--------------------------|---------|---------|
|   trunc  |     xmodratio_fu_121     |    0    |    0    |
|          |    trunc_ln1407_fu_169   |    0    |    0    |
|----------|--------------------------|---------|---------|
|partselect|      fb_pix_1_fu_138     |    0    |    0    |
|          |       tmp_8_fu_160       |    0    |    0    |
|----------|--------------------------|---------|---------|
|   zext   |    zext_ln1393_fu_148    |    0    |    0    |
|----------|--------------------------|---------|---------|
|   Total  |                          |    0    |    32   |
|----------|--------------------------|---------|---------|

Memories:
N/A

* Register list:
+-------------------+--------+
|                   |   FF   |
+-------------------+--------+
|   fb_pix_reg_174  |   64   |
|icmp_ln1383_reg_190|    1   |
|    x_04_reg_183   |   16   |
| xmodratio_reg_194 |    1   |
+-------------------+--------+
|       Total       |   82   |
+-------------------+--------+

* Multiplexer (MUX) list: 
|--------|------|------|------|--------|
|  Comp  |  Pin | Size |  BW  | S x BW |
|--------|------|------|------|--------|
|  Total |      |      |      |    0   |
|--------|------|------|------|--------|



* Summary:
+-----------+--------+--------+
|           |   FF   |   LUT  |
+-----------+--------+--------+
|  Function |    0   |   32   |
|   Memory  |    -   |    -   |
|Multiplexer|    -   |    -   |
|  Register |   82   |    -   |
+-----------+--------+--------+
|   Total   |   82   |   32   |
+-----------+--------+--------+
