

================================================================
== Vitis HLS Report for 'MultiPixStream2AXIvideo'
================================================================
* Date:           Mon Mar 16 15:11:27 2026

* Version:        2025.2 (Build 6295257 on Nov 14 2025)
* Project:        prj
* Solution:       sol (Vivado IP Flow Target)
* Product family: zynq
* Target device:  xc7z020-clg400-2


================================================================
== Performance Estimates
================================================================
+ Timing: 
    * Summary: 
    +--------+---------+----------+------------+
    |  Clock |  Target | Estimated| Uncertainty|
    +--------+---------+----------+------------+
    |ap_clk  |  6.52 ns|  4.261 ns|     1.76 ns|
    +--------+---------+----------+------------+

+ Latency: 
    * Summary: 
    +---------+---------+-----------+-----------+-----+---------+---------+
    |  Latency (cycles) |   Latency (absolute)  |    Interval   | Pipeline|
    |   min   |   max   |    min    |    max    | min |   max   |   Type  |
    +---------+---------+-----------+-----------+-----+---------+---------+
    |        2|  2080082|  13.044 ns|  13.566 ms|    2|  2080082|       no|
    +---------+---------+-----------+-----------+-----+---------+---------+

    + Detail: 
        * Instance: 
        N/A

        * Loop: 
        +---------------------+---------+---------+----------+-----------+-----------+----------+----------+
        |                     |  Latency (cycles) | Iteration|  Initiation Interval  |   Trip   |          |
        |      Loop Name      |   min   |   max   |  Latency |  achieved |   target  |   Count  | Pipelined|
        +---------------------+---------+---------+----------+-----------+-----------+----------+----------+
        |- VITIS_LOOP_3901_2  |        0|  2080080|  6 ~ 1926|          -|          -|  0 ~ 1080|        no|
        +---------------------+---------+---------+----------+-----------+-----------+----------+----------+

============================================================
+ Verbose Summary: Synthesis Manager
============================================================
InlineROM: 1
ExposeGlobal: 0
============================================================
+ Verbose Summary: CDFG Model
============================================================
IsTopModel: 0
ResetActiveHigh: 1
IsCombinational: 2
IsDatapathOnly: 0
HasWiredReturn: 1
HasMFsm: 0
HasVarLatency: 1
IsPipeline: 0
IsRtlPipelined: 0
IsInstanceOverlapped: 0
IsDontTouch: 0
HasImplIP: 0
IsGatedGlobalClock: 0


============================================================
+ Verbose Summary: Schedule
============================================================
* Number of FSM states : 5
* Pipeline : 0
* Dataflow Pipeline: 0

* FSM state transitions: 
1 --> 2 
2 --> 3 
3 --> 4 
4 --> 5 
5 --> 3 

* FSM state operations: 

State 1 <SV = 0> <Delay = 1.29>
ST_1 : Operation 6 [1/1] (0.00ns)   --->   "%i = alloca i32 1" [prj/sol/.autopilot/db/v_mix.cpp:3901]   --->   Operation 6 'alloca' 'i' <Predicate = true> <Delay = 0.00>
ST_1 : Operation 7 [1/1] (0.00ns)   --->   "%WidthOut_read = read i11 @_ssdm_op_Read.ap_auto.i11, i11 %WidthOut"   --->   Operation 7 'read' 'WidthOut_read' <Predicate = true> <Delay = 0.00>
ST_1 : Operation 8 [1/1] (0.00ns)   --->   "%Height_read = read i11 @_ssdm_op_Read.ap_auto.i11, i11 %Height"   --->   Operation 8 'read' 'Height_read' <Predicate = true> <Delay = 0.00>
ST_1 : Operation 9 [2/2] (0.00ns)   --->   "%rows = call i11 @reg<unsigned short>1, i11 %Height_read" [prj/sol/.autopilot/db/v_mix.cpp:3852]   --->   Operation 9 'call' 'rows' <Predicate = true> <Delay = 0.00> <CoreType = "Generic">   --->   Generic Core
ST_1 : Operation 10 [2/2] (0.00ns)   --->   "%cols = call i11 @reg<unsigned short>1, i11 %WidthOut_read" [prj/sol/.autopilot/db/v_mix.cpp:3853]   --->   Operation 10 'call' 'cols' <Predicate = true> <Delay = 0.00> <CoreType = "Generic">   --->   Generic Core
ST_1 : Operation 11 [1/1] (1.29ns)   --->   "%store_ln3901 = store i11 0, i11 %i" [prj/sol/.autopilot/db/v_mix.cpp:3901]   --->   Operation 11 'store' 'store_ln3901' <Predicate = true> <Delay = 1.29>

State 2 <SV = 1> <Delay = 1.48>
ST_2 : Operation 12 [1/1] (0.00ns)   --->   "%specaxissidechannel_ln0 = specaxissidechannel void @_ssdm_op_SpecAXISSideChannel, i24 %m_axis_video_V_data_V, i3 %m_axis_video_V_keep_V, i3 %m_axis_video_V_strb_V, i1 %m_axis_video_V_user_V, i1 %m_axis_video_V_last_V, i1 %m_axis_video_V_id_V, i1 %m_axis_video_V_dest_V, void @empty_6"   --->   Operation 12 'specaxissidechannel' 'specaxissidechannel_ln0' <Predicate = true> <Delay = 0.00>
ST_2 : Operation 13 [1/1] (0.00ns)   --->   "%specstablecontent_ln0 = specstablecontent void @_ssdm_op_SpecStableContent, i11 %Height, i1 1, void "   --->   Operation 13 'specstablecontent' 'specstablecontent_ln0' <Predicate = true> <Delay = 0.00>
ST_2 : Operation 14 [1/1] (0.00ns)   --->   "%specstablecontent_ln0 = specstablecontent void @_ssdm_op_SpecStableContent, i11 %WidthOut, i1 1, void "   --->   Operation 14 'specstablecontent' 'specstablecontent_ln0' <Predicate = true> <Delay = 0.00>
ST_2 : Operation 15 [1/1] (0.00ns)   --->   "%specinterface_ln0 = specinterface void @_ssdm_op_SpecInterface, i24 %out420, void @empty_31, i32 0, i32 0, void @empty_46, i32 0, i32 0, void @empty_46, void @empty_46, void @empty_46, i32 0, i32 0, i32 0, i32 0, void @empty_46, void @empty_46, i32 4294967295, i32 0, i32 0, i32 0"   --->   Operation 15 'specinterface' 'specinterface_ln0' <Predicate = true> <Delay = 0.00>
ST_2 : Operation 16 [1/1] (0.00ns)   --->   "%specinterface_ln0 = specinterface void @_ssdm_op_SpecInterface, i24 %m_axis_video_V_data_V, i3 %m_axis_video_V_keep_V, i3 %m_axis_video_V_strb_V, i1 %m_axis_video_V_user_V, i1 %m_axis_video_V_last_V, i1 %m_axis_video_V_id_V, i1 %m_axis_video_V_dest_V, void @empty_28, i32 0, i32 0, void @empty_27, i32 0, i32 0, void @empty_46, void @empty_46, void @empty_46, i32 0, i32 0, i32 0, i32 0, void @empty_46, void @empty_46, i32 4294967295, i32 0, i32 0, i32 0"   --->   Operation 16 'specinterface' 'specinterface_ln0' <Predicate = true> <Delay = 0.00>
ST_2 : Operation 17 [1/2] (0.00ns)   --->   "%rows = call i11 @reg<unsigned short>1, i11 %Height_read" [prj/sol/.autopilot/db/v_mix.cpp:3852]   --->   Operation 17 'call' 'rows' <Predicate = true> <Delay = 0.00> <CoreType = "Generic">   --->   Generic Core
ST_2 : Operation 18 [1/2] (0.00ns)   --->   "%cols = call i11 @reg<unsigned short>1, i11 %WidthOut_read" [prj/sol/.autopilot/db/v_mix.cpp:3853]   --->   Operation 18 'call' 'cols' <Predicate = true> <Delay = 0.00> <CoreType = "Generic">   --->   Generic Core
ST_2 : Operation 19 [1/1] (0.00ns)   --->   "%zext_ln3853 = zext i11 %cols" [prj/sol/.autopilot/db/v_mix.cpp:3853]   --->   Operation 19 'zext' 'zext_ln3853' <Predicate = true> <Delay = 0.00>
ST_2 : Operation 20 [1/1] (1.48ns)   --->   "%add_ln3916 = add i12 %zext_ln3853, i12 4095" [prj/sol/.autopilot/db/v_mix.cpp:3916]   --->   Operation 20 'add' 'add_ln3916' <Predicate = true> <Delay = 1.48> <CoreInst = "Adder">   --->   Core 1 'Adder' <Latency = 0> <II = 1> <Delay = 1.48> <FuncUnit> <Opcode : 'add' 'sub'> <InPorts = 2> <OutPorts = 1>
ST_2 : Operation 21 [1/1] (1.48ns)   --->   "%icmp_ln3901 = icmp_eq  i11 %cols, i11 0" [prj/sol/.autopilot/db/v_mix.cpp:3901]   --->   Operation 21 'icmp' 'icmp_ln3901' <Predicate = true> <Delay = 1.48> <CoreInst = "Cmp">   --->   Core 9 'Cmp' <Latency = 0> <II = 1> <Delay = 1.48> <FuncUnit> <Opcode : 'seteq' 'setne' 'setle' 'setge' 'setlt' 'setgt'> <InPorts = 2> <OutPorts = 1>
ST_2 : Operation 22 [1/1] (1.29ns)   --->   "%br_ln3901 = br void %VITIS_LOOP_3903_3" [prj/sol/.autopilot/db/v_mix.cpp:3901]   --->   Operation 22 'br' 'br_ln3901' <Predicate = true> <Delay = 1.29>

State 3 <SV = 2> <Delay = 4.26>
ST_3 : Operation 23 [1/1] (0.00ns)   --->   "%sof = phi i1 1, void %entry, i1 %and_ln3901, void %for.body34.lr.ph" [prj/sol/.autopilot/db/v_mix.cpp:3901]   --->   Operation 23 'phi' 'sof' <Predicate = true> <Delay = 0.00>
ST_3 : Operation 24 [1/1] (0.00ns)   --->   "%i_3 = load i11 %i" [prj/sol/.autopilot/db/v_mix.cpp:3901]   --->   Operation 24 'load' 'i_3' <Predicate = true> <Delay = 0.00>
ST_3 : Operation 25 [1/1] (1.48ns)   --->   "%icmp_ln3901_1 = icmp_eq  i11 %i_3, i11 %rows" [prj/sol/.autopilot/db/v_mix.cpp:3901]   --->   Operation 25 'icmp' 'icmp_ln3901_1' <Predicate = true> <Delay = 1.48> <CoreInst = "Cmp">   --->   Core 9 'Cmp' <Latency = 0> <II = 1> <Delay = 1.48> <FuncUnit> <Opcode : 'seteq' 'setne' 'setle' 'setge' 'setlt' 'setgt'> <InPorts = 2> <OutPorts = 1>
ST_3 : Operation 26 [1/1] (0.00ns)   --->   "%speclooptripcount_ln0 = speclooptripcount void @_ssdm_op_SpecLoopTripCount, i64 0, i64 1080, i64 0"   --->   Operation 26 'speclooptripcount' 'speclooptripcount_ln0' <Predicate = true> <Delay = 0.00>
ST_3 : Operation 27 [1/1] (1.48ns)   --->   "%i_4 = add i11 %i_3, i11 1" [prj/sol/.autopilot/db/v_mix.cpp:3901]   --->   Operation 27 'add' 'i_4' <Predicate = true> <Delay = 1.48> <CoreInst = "Adder">   --->   Core 1 'Adder' <Latency = 0> <II = 1> <Delay = 1.48> <FuncUnit> <Opcode : 'add' 'sub'> <InPorts = 2> <OutPorts = 1>
ST_3 : Operation 28 [1/1] (0.00ns)   --->   "%br_ln3901 = br i1 %icmp_ln3901_1, void %for.body34.lr.ph, void %for.end81" [prj/sol/.autopilot/db/v_mix.cpp:3901]   --->   Operation 28 'br' 'br_ln3901' <Predicate = true> <Delay = 0.00>
ST_3 : Operation 29 [2/2] (2.77ns)   --->   "%call_ln3901 = call void @MultiPixStream2AXIvideo_Pipeline_VITIS_LOOP_3903_3, i1 %sof, i11 %cols, i12 %add_ln3916, i24 %out420, i24 %m_axis_video_V_data_V, i3 %m_axis_video_V_keep_V, i3 %m_axis_video_V_strb_V, i1 %m_axis_video_V_user_V, i1 %m_axis_video_V_last_V, i1 %m_axis_video_V_id_V, i1 %m_axis_video_V_dest_V" [prj/sol/.autopilot/db/v_mix.cpp:3901]   --->   Operation 29 'call' 'call_ln3901' <Predicate = (!icmp_ln3901_1)> <Delay = 2.77> <CoreType = "Generic">   --->   Generic Core
ST_3 : Operation 30 [1/1] (0.80ns)   --->   "%and_ln3901 = and i1 %icmp_ln3901, i1 %sof" [prj/sol/.autopilot/db/v_mix.cpp:3901]   --->   Operation 30 'and' 'and_ln3901' <Predicate = (!icmp_ln3901_1)> <Delay = 0.80> <CoreInst = "LogicGate">   --->   Core 74 'LogicGate' <Latency = 0> <II = 1> <Delay = 0.80> <FuncUnit> <Opcode : 'and' 'or' 'xor'> <InPorts = 2> <OutPorts = 1>
ST_3 : Operation 31 [1/1] (0.00ns)   --->   "%ret_ln0 = ret"   --->   Operation 31 'ret' 'ret_ln0' <Predicate = (icmp_ln3901_1)> <Delay = 0.00>

State 4 <SV = 3> <Delay = 3.62>
ST_4 : Operation 32 [1/2] (3.62ns)   --->   "%call_ln3901 = call void @MultiPixStream2AXIvideo_Pipeline_VITIS_LOOP_3903_3, i1 %sof, i11 %cols, i12 %add_ln3916, i24 %out420, i24 %m_axis_video_V_data_V, i3 %m_axis_video_V_keep_V, i3 %m_axis_video_V_strb_V, i1 %m_axis_video_V_user_V, i1 %m_axis_video_V_last_V, i1 %m_axis_video_V_id_V, i1 %m_axis_video_V_dest_V" [prj/sol/.autopilot/db/v_mix.cpp:3901]   --->   Operation 32 'call' 'call_ln3901' <Predicate = true> <Delay = 3.62> <CoreType = "Generic">   --->   Generic Core

State 5 <SV = 4> <Delay = 1.29>
ST_5 : Operation 33 [1/1] (0.00ns)   --->   "%specloopname_ln3901 = specloopname void @_ssdm_op_SpecLoopName, void @empty_58" [prj/sol/.autopilot/db/v_mix.cpp:3901]   --->   Operation 33 'specloopname' 'specloopname_ln3901' <Predicate = true> <Delay = 0.00>
ST_5 : Operation 34 [1/1] (1.29ns)   --->   "%store_ln3901 = store i11 %i_4, i11 %i" [prj/sol/.autopilot/db/v_mix.cpp:3901]   --->   Operation 34 'store' 'store_ln3901' <Predicate = true> <Delay = 1.29>
ST_5 : Operation 35 [1/1] (0.00ns)   --->   "%br_ln3901 = br void %VITIS_LOOP_3903_3" [prj/sol/.autopilot/db/v_mix.cpp:3901]   --->   Operation 35 'br' 'br_ln3901' <Predicate = true> <Delay = 0.00>


============================================================
+ Verbose Summary: Timing violations
============================================================
Target clock period: 6.522ns, clock uncertainty: 1.761ns.

 <State 1>: 1.298ns
The critical path consists of the following:
	'alloca' operation 11 bit ('i', prj/sol/.autopilot/db/v_mix.cpp:3901) [11]  (0.000 ns)
	'store' operation ('store_ln3901', prj/sol/.autopilot/db/v_mix.cpp:3901) of constant 0 11 bit on local variable 'i', prj/sol/.autopilot/db/v_mix.cpp:3901 [24]  (1.298 ns)

 <State 2>: 1.482ns
The critical path consists of the following:
	'call' operation 11 bit ('cols', prj/sol/.autopilot/db/v_mix.cpp:3853) to 'reg<unsigned short>1' [20]  (0.000 ns)
	'add' operation 12 bit ('add_ln3916', prj/sol/.autopilot/db/v_mix.cpp:3916) [22]  (1.482 ns)

 <State 3>: 4.261ns
The critical path consists of the following:
	'load' operation 11 bit ('i', prj/sol/.autopilot/db/v_mix.cpp:3901) on local variable 'i', prj/sol/.autopilot/db/v_mix.cpp:3901 [28]  (0.000 ns)
	'icmp' operation 1 bit ('icmp_ln3901_1', prj/sol/.autopilot/db/v_mix.cpp:3901) [29]  (1.482 ns)
	'call' operation ('call_ln3901', prj/sol/.autopilot/db/v_mix.cpp:3901) to 'MultiPixStream2AXIvideo_Pipeline_VITIS_LOOP_3903_3' [35]  (2.780 ns)

 <State 4>: 3.625ns
The critical path consists of the following:
	'call' operation ('call_ln3901', prj/sol/.autopilot/db/v_mix.cpp:3901) to 'MultiPixStream2AXIvideo_Pipeline_VITIS_LOOP_3903_3' [35]  (3.625 ns)

 <State 5>: 1.298ns
The critical path consists of the following:
	'store' operation ('store_ln3901', prj/sol/.autopilot/db/v_mix.cpp:3901) of variable 'i', prj/sol/.autopilot/db/v_mix.cpp:3901 11 bit on local variable 'i', prj/sol/.autopilot/db/v_mix.cpp:3901 [37]  (1.298 ns)


============================================================
+ Verbose Summary: Binding
============================================================
N/A
* FSMD analyzer results:
  - Output states:
 - Input state : 
  - Chain level:
	State 1
	State 2
	State 3
	State 4
	State 5


============================================================
+ Verbose Summary: Datapath Resource usage 
============================================================
N/A
