

================================================================
== Vitis HLS Report for 'MultiPixStream2AXIvideo'
================================================================
* Date:           Mon Mar 16 15:11:27 2026

* Version:        2025.2 (Build 6295257 on Nov 14 2025)
* Project:        prj
* Solution:       sol (Vivado IP Flow Target)
* Product family: zynq
* Target device:  xc7z020-clg400-2


================================================================
== Performance Estimates
================================================================
+ Timing: 
    * Summary: 
    +--------+---------+----------+------------+
    |  Clock |  Target | Estimated| Uncertainty|
    +--------+---------+----------+------------+
    |ap_clk  |  6.52 ns|  4.261 ns|     1.76 ns|
    +--------+---------+----------+------------+

+ Latency: 
    * Summary: 
    +---------+---------+-----------+-----------+-----+---------+---------+
    |  Latency (cycles) |   Latency (absolute)  |    Interval   | Pipeline|
    |   min   |   max   |    min    |    max    | min |   max   |   Type  |
    +---------+---------+-----------+-----------+-----+---------+---------+
    |        2|  2080082|  13.044 ns|  13.566 ms|    2|  2080082|       no|
    +---------+---------+-----------+-----------+-----+---------+---------+

    + Detail: 
        * Instance: 
        +--------------------------------------------------------------+----------------------------------------------------+---------+---------+-----------+-----------+-----+-----+-------------------+
        |                                                              |                                                    |  Latency (cycles) |   Latency (absolute)  |  Interval |      Pipeline     |
        |                           Instance                           |                       Module                       |   min   |   max   |    min    |    max    | min | max |        Type       |
        +--------------------------------------------------------------+----------------------------------------------------+---------+---------+-----------+-----------+-----+-----+-------------------+
        |grp_MultiPixStream2AXIvideo_Pipeline_VITIS_LOOP_3903_3_fu_96  |MultiPixStream2AXIvideo_Pipeline_VITIS_LOOP_3903_3  |        3|     1923|  19.566 ns|  12.542 us|    0|    0|  loop pipeline stp|
        |grp_reg_unsigned_short_1_fu_120                               |reg_unsigned_short_1                                |        1|        1|   6.522 ns|   6.522 ns|    1|    1|                yes|
        |grp_reg_unsigned_short_1_fu_126                               |reg_unsigned_short_1                                |        1|        1|   6.522 ns|   6.522 ns|    1|    1|                yes|
        +--------------------------------------------------------------+----------------------------------------------------+---------+---------+-----------+-----------+-----+-----+-------------------+

        * Loop: 
        +---------------------+---------+---------+----------+-----------+-----------+----------+----------+
        |                     |  Latency (cycles) | Iteration|  Initiation Interval  |   Trip   |          |
        |      Loop Name      |   min   |   max   |  Latency |  achieved |   target  |   Count  | Pipelined|
        +---------------------+---------+---------+----------+-----------+-----------+----------+----------+
        |- VITIS_LOOP_3901_2  |        0|  2080080|  6 ~ 1926|          -|          -|  0 ~ 1080|        no|
        +---------------------+---------+---------+----------+-----------+-----------+----------+----------+

============================================================
+ Verbose Summary: Synthesis Manager
============================================================
InlineROM: 1
ExposeGlobal: 0
============================================================
+ Verbose Summary: CDFG Model
============================================================
IsTopModel: 0
ResetActiveHigh: 1
IsCombinational: 2
IsDatapathOnly: 0
HasWiredReturn: 1
HasMFsm: 0
HasVarLatency: 1
IsPipeline: 0
IsRtlPipelined: 0
IsInstanceOverlapped: 0
IsDontTouch: 0
HasImplIP: 0
IsGatedGlobalClock: 0


============================================================
+ Verbose Summary: Schedule
============================================================
* Number of FSM states : 5
* Pipeline : 0
* Dataflow Pipeline: 0

* FSM state transitions: 
1 --> 2 
2 --> 3 
3 --> 4 
4 --> 5 
5 --> 3 

* FSM state operations: 

State 1 <SV = 0> <Delay = 1.29>
ST_1 : Operation 6 [1/1] (0.00ns)   --->   "%i = alloca i32 1" [prj/sol/.autopilot/db/v_mix.cpp:3901]   --->   Operation 6 'alloca' 'i' <Predicate = true> <Delay = 0.00>
ST_1 : Operation 7 [1/1] (0.00ns)   --->   "%WidthOut_read = read i11 @_ssdm_op_Read.ap_auto.i11, i11 %WidthOut"   --->   Operation 7 'read' 'WidthOut_read' <Predicate = true> <Delay = 0.00>
ST_1 : Operation 8 [1/1] (0.00ns)   --->   "%Height_read = read i11 @_ssdm_op_Read.ap_auto.i11, i11 %Height"   --->   Operation 8 'read' 'Height_read' <Predicate = true> <Delay = 0.00>
ST_1 : Operation 9 [2/2] (0.00ns)   --->   "%rows = call i11 @reg<unsigned short>1, i11 %Height_read" [prj/sol/.autopilot/db/v_mix.cpp:3852]   --->   Operation 9 'call' 'rows' <Predicate = true> <Delay = 0.00> <CoreType = "Generic">   --->   Generic Core
ST_1 : Operation 10 [2/2] (0.00ns)   --->   "%cols = call i11 @reg<unsigned short>1, i11 %WidthOut_read" [prj/sol/.autopilot/db/v_mix.cpp:3853]   --->   Operation 10 'call' 'cols' <Predicate = true> <Delay = 0.00> <CoreType = "Generic">   --->   Generic Core
ST_1 : Operation 11 [1/1] (1.29ns)   --->   "%store_ln3901 = store i11 0, i11 %i" [prj/sol/.autopilot/db/v_mix.cpp:3901]   --->   Operation 11 'store' 'store_ln3901' <Predicate = true> <Delay = 1.29>

State 2 <SV = 1> <Delay = 1.48>
ST_2 : Operation 12 [1/1] (0.00ns)   --->   "%specaxissidechannel_ln0 = specaxissidechannel void @_ssdm_op_SpecAXISSideChannel, i24 %m_axis_video_V_data_V, i3 %m_axis_video_V_keep_V, i3 %m_axis_video_V_strb_V, i1 %m_axis_video_V_user_V, i1 %m_axis_video_V_last_V, i1 %m_axis_video_V_id_V, i1 %m_axis_video_V_dest_V, void @empty_6"   --->   Operation 12 'specaxissidechannel' 'specaxissidechannel_ln0' <Predicate = true> <Delay = 0.00>
ST_2 : Operation 13 [1/1] (0.00ns)   --->   "%specstablecontent_ln0 = specstablecontent void @_ssdm_op_SpecStableContent, i11 %Height, i1 1, void "   --->   Operation 13 'specstablecontent' 'specstablecontent_ln0' <Predicate = true> <Delay = 0.00>
ST_2 : Operation 14 [1/1] (0.00ns)   --->   "%specstablecontent_ln0 = specstablecontent void @_ssdm_op_SpecStableContent, i11 %WidthOut, i1 1, void "   --->   Operation 14 'specstablecontent' 'specstablecontent_ln0' <Predicate = true> <Delay = 0.00>
ST_2 : Operation 15 [1/1] (0.00ns)   --->   "%specinterface_ln0 = specinterface void @_ssdm_op_SpecInterface, i24 %out420, void @empty_31, i32 0, i32 0, void @empty_46, i32 0, i32 0, void @empty_46, void @empty_46, void @empty_46, i32 0, i32 0, i32 0, i32 0, void @empty_46, void @empty_46, i32 4294967295, i32 0, i32 0, i32 0"   --->   Operation 15 'specinterface' 'specinterface_ln0' <Predicate = true> <Delay = 0.00>
ST_2 : Operation 16 [1/1] (0.00ns)   --->   "%specinterface_ln0 = specinterface void @_ssdm_op_SpecInterface, i24 %m_axis_video_V_data_V, i3 %m_axis_video_V_keep_V, i3 %m_axis_video_V_strb_V, i1 %m_axis_video_V_user_V, i1 %m_axis_video_V_last_V, i1 %m_axis_video_V_id_V, i1 %m_axis_video_V_dest_V, void @empty_28, i32 0, i32 0, void @empty_27, i32 0, i32 0, void @empty_46, void @empty_46, void @empty_46, i32 0, i32 0, i32 0, i32 0, void @empty_46, void @empty_46, i32 4294967295, i32 0, i32 0, i32 0"   --->   Operation 16 'specinterface' 'specinterface_ln0' <Predicate = true> <Delay = 0.00>
ST_2 : Operation 17 [1/2] (0.00ns)   --->   "%rows = call i11 @reg<unsigned short>1, i11 %Height_read" [prj/sol/.autopilot/db/v_mix.cpp:3852]   --->   Operation 17 'call' 'rows' <Predicate = true> <Delay = 0.00> <CoreType = "Generic">   --->   Generic Core
ST_2 : Operation 18 [1/2] (0.00ns)   --->   "%cols = call i11 @reg<unsigned short>1, i11 %WidthOut_read" [prj/sol/.autopilot/db/v_mix.cpp:3853]   --->   Operation 18 'call' 'cols' <Predicate = true> <Delay = 0.00> <CoreType = "Generic">   --->   Generic Core
ST_2 : Operation 19 [1/1] (0.00ns)   --->   "%zext_ln3853 = zext i11 %cols" [prj/sol/.autopilot/db/v_mix.cpp:3853]   --->   Operation 19 'zext' 'zext_ln3853' <Predicate = true> <Delay = 0.00>
ST_2 : Operation 20 [1/1] (1.48ns)   --->   "%add_ln3916 = add i12 %zext_ln3853, i12 4095" [prj/sol/.autopilot/db/v_mix.cpp:3916]   --->   Operation 20 'add' 'add_ln3916' <Predicate = true> <Delay = 1.48> <CoreInst = "Adder">   --->   Core 1 'Adder' <Latency = 0> <II = 1> <Delay = 1.48> <FuncUnit> <Opcode : 'add' 'sub'> <InPorts = 2> <OutPorts = 1>
ST_2 : Operation 21 [1/1] (1.48ns)   --->   "%icmp_ln3901 = icmp_eq  i11 %cols, i11 0" [prj/sol/.autopilot/db/v_mix.cpp:3901]   --->   Operation 21 'icmp' 'icmp_ln3901' <Predicate = true> <Delay = 1.48> <CoreInst = "Cmp">   --->   Core 9 'Cmp' <Latency = 0> <II = 1> <Delay = 1.48> <FuncUnit> <Opcode : 'seteq' 'setne' 'setle' 'setge' 'setlt' 'setgt'> <InPorts = 2> <OutPorts = 1>
ST_2 : Operation 22 [1/1] (1.29ns)   --->   "%br_ln3901 = br void %VITIS_LOOP_3903_3" [prj/sol/.autopilot/db/v_mix.cpp:3901]   --->   Operation 22 'br' 'br_ln3901' <Predicate = true> <Delay = 1.29>

State 3 <SV = 2> <Delay = 4.26>
ST_3 : Operation 23 [1/1] (0.00ns)   --->   "%sof = phi i1 1, void %entry, i1 %and_ln3901, void %for.body34.lr.ph" [prj/sol/.autopilot/db/v_mix.cpp:3901]   --->   Operation 23 'phi' 'sof' <Predicate = true> <Delay = 0.00>
ST_3 : Operation 24 [1/1] (0.00ns)   --->   "%i_3 = load i11 %i" [prj/sol/.autopilot/db/v_mix.cpp:3901]   --->   Operation 24 'load' 'i_3' <Predicate = true> <Delay = 0.00>
ST_3 : Operation 25 [1/1] (1.48ns)   --->   "%icmp_ln3901_1 = icmp_eq  i11 %i_3, i11 %rows" [prj/sol/.autopilot/db/v_mix.cpp:3901]   --->   Operation 25 'icmp' 'icmp_ln3901_1' <Predicate = true> <Delay = 1.48> <CoreInst = "Cmp">   --->   Core 9 'Cmp' <Latency = 0> <II = 1> <Delay = 1.48> <FuncUnit> <Opcode : 'seteq' 'setne' 'setle' 'setge' 'setlt' 'setgt'> <InPorts = 2> <OutPorts = 1>
ST_3 : Operation 26 [1/1] (0.00ns)   --->   "%speclooptripcount_ln0 = speclooptripcount void @_ssdm_op_SpecLoopTripCount, i64 0, i64 1080, i64 0"   --->   Operation 26 'speclooptripcount' 'speclooptripcount_ln0' <Predicate = true> <Delay = 0.00>
ST_3 : Operation 27 [1/1] (1.48ns)   --->   "%i_4 = add i11 %i_3, i11 1" [prj/sol/.autopilot/db/v_mix.cpp:3901]   --->   Operation 27 'add' 'i_4' <Predicate = true> <Delay = 1.48> <CoreInst = "Adder">   --->   Core 1 'Adder' <Latency = 0> <II = 1> <Delay = 1.48> <FuncUnit> <Opcode : 'add' 'sub'> <InPorts = 2> <OutPorts = 1>
ST_3 : Operation 28 [1/1] (0.00ns)   --->   "%br_ln3901 = br i1 %icmp_ln3901_1, void %for.body34.lr.ph, void %for.end81" [prj/sol/.autopilot/db/v_mix.cpp:3901]   --->   Operation 28 'br' 'br_ln3901' <Predicate = true> <Delay = 0.00>
ST_3 : Operation 29 [2/2] (2.77ns)   --->   "%call_ln3901 = call void @MultiPixStream2AXIvideo_Pipeline_VITIS_LOOP_3903_3, i1 %sof, i11 %cols, i12 %add_ln3916, i24 %out420, i24 %m_axis_video_V_data_V, i3 %m_axis_video_V_keep_V, i3 %m_axis_video_V_strb_V, i1 %m_axis_video_V_user_V, i1 %m_axis_video_V_last_V, i1 %m_axis_video_V_id_V, i1 %m_axis_video_V_dest_V" [prj/sol/.autopilot/db/v_mix.cpp:3901]   --->   Operation 29 'call' 'call_ln3901' <Predicate = (!icmp_ln3901_1)> <Delay = 2.77> <CoreType = "Generic">   --->   Generic Core
ST_3 : Operation 30 [1/1] (0.80ns)   --->   "%and_ln3901 = and i1 %icmp_ln3901, i1 %sof" [prj/sol/.autopilot/db/v_mix.cpp:3901]   --->   Operation 30 'and' 'and_ln3901' <Predicate = (!icmp_ln3901_1)> <Delay = 0.80> <CoreInst = "LogicGate">   --->   Core 74 'LogicGate' <Latency = 0> <II = 1> <Delay = 0.80> <FuncUnit> <Opcode : 'and' 'or' 'xor'> <InPorts = 2> <OutPorts = 1>
ST_3 : Operation 31 [1/1] (0.00ns)   --->   "%ret_ln0 = ret"   --->   Operation 31 'ret' 'ret_ln0' <Predicate = (icmp_ln3901_1)> <Delay = 0.00>

State 4 <SV = 3> <Delay = 3.62>
ST_4 : Operation 32 [1/2] (3.62ns)   --->   "%call_ln3901 = call void @MultiPixStream2AXIvideo_Pipeline_VITIS_LOOP_3903_3, i1 %sof, i11 %cols, i12 %add_ln3916, i24 %out420, i24 %m_axis_video_V_data_V, i3 %m_axis_video_V_keep_V, i3 %m_axis_video_V_strb_V, i1 %m_axis_video_V_user_V, i1 %m_axis_video_V_last_V, i1 %m_axis_video_V_id_V, i1 %m_axis_video_V_dest_V" [prj/sol/.autopilot/db/v_mix.cpp:3901]   --->   Operation 32 'call' 'call_ln3901' <Predicate = true> <Delay = 3.62> <CoreType = "Generic">   --->   Generic Core

State 5 <SV = 4> <Delay = 1.29>
ST_5 : Operation 33 [1/1] (0.00ns)   --->   "%specloopname_ln3901 = specloopname void @_ssdm_op_SpecLoopName, void @empty_58" [prj/sol/.autopilot/db/v_mix.cpp:3901]   --->   Operation 33 'specloopname' 'specloopname_ln3901' <Predicate = true> <Delay = 0.00>
ST_5 : Operation 34 [1/1] (1.29ns)   --->   "%store_ln3901 = store i11 %i_4, i11 %i" [prj/sol/.autopilot/db/v_mix.cpp:3901]   --->   Operation 34 'store' 'store_ln3901' <Predicate = true> <Delay = 1.29>
ST_5 : Operation 35 [1/1] (0.00ns)   --->   "%br_ln3901 = br void %VITIS_LOOP_3903_3" [prj/sol/.autopilot/db/v_mix.cpp:3901]   --->   Operation 35 'br' 'br_ln3901' <Predicate = true> <Delay = 0.00>


============================================================
+ Verbose Summary: Binding
============================================================
STG Binding: 
---------------- STG Properties BEGIN ----------------
- Is combinational: 0
- Is one-state seq: 0
- Is datapath-only: 0
- Is pipelined: 0
- Is top level: 0
Port [ Return ] is wired: 1; IO mode=ap_ctrl_hs:ce=0
Port [ out420]:  wired=1; compound=1; hidden=0; nouse=0; global=0; static=0; extern=0; dir=0; type=3; pingpong=0; private_global=0; IO mode=ap_fifo:ce=0
Port [ m_axis_video_V_data_V]:  wired=1; compound=1; hidden=0; nouse=0; global=0; static=0; extern=0; dir=1; type=0; pingpong=0; private_global=0; IO mode=axis:ce=0
Port [ m_axis_video_V_keep_V]:  wired=1; compound=1; hidden=0; nouse=0; global=0; static=0; extern=0; dir=1; type=0; pingpong=0; private_global=0; IO mode=axis:ce=0
Port [ m_axis_video_V_strb_V]:  wired=1; compound=1; hidden=0; nouse=0; global=0; static=0; extern=0; dir=1; type=0; pingpong=0; private_global=0; IO mode=axis:ce=0
Port [ m_axis_video_V_user_V]:  wired=1; compound=1; hidden=0; nouse=0; global=0; static=0; extern=0; dir=1; type=0; pingpong=0; private_global=0; IO mode=axis:ce=0
Port [ m_axis_video_V_last_V]:  wired=1; compound=1; hidden=0; nouse=0; global=0; static=0; extern=0; dir=1; type=0; pingpong=0; private_global=0; IO mode=axis:ce=0
Port [ m_axis_video_V_id_V]:  wired=1; compound=1; hidden=0; nouse=0; global=0; static=0; extern=0; dir=1; type=0; pingpong=0; private_global=0; IO mode=axis:ce=0
Port [ m_axis_video_V_dest_V]:  wired=1; compound=1; hidden=0; nouse=0; global=0; static=0; extern=0; dir=1; type=0; pingpong=0; private_global=0; IO mode=axis:ce=0
Port [ Height]:  wired=1; compound=0; hidden=0; nouse=0; global=0; static=0; extern=0; dir=0; type=0; pingpong=0; private_global=0; IO mode=ap_stable:ce=0
Port [ WidthOut]:  wired=1; compound=0; hidden=0; nouse=0; global=0; static=0; extern=0; dir=0; type=0; pingpong=0; private_global=0; IO mode=ap_stable:ce=0
---------------- STG Properties END ------------------

---------------- Datapath Model BEGIN ----------------

<LifeTime>
<method=bitvector/>
i                       (alloca             ) [ 011111]
WidthOut_read           (read               ) [ 001000]
Height_read             (read               ) [ 001000]
store_ln3901            (store              ) [ 000000]
specaxissidechannel_ln0 (specaxissidechannel) [ 000000]
specstablecontent_ln0   (specstablecontent  ) [ 000000]
specstablecontent_ln0   (specstablecontent  ) [ 000000]
specinterface_ln0       (specinterface      ) [ 000000]
specinterface_ln0       (specinterface      ) [ 000000]
rows                    (call               ) [ 000111]
cols                    (call               ) [ 000111]
zext_ln3853             (zext               ) [ 000000]
add_ln3916              (add                ) [ 000111]
icmp_ln3901             (icmp               ) [ 000111]
br_ln3901               (br                 ) [ 001111]
sof                     (phi                ) [ 000110]
i_3                     (load               ) [ 000000]
icmp_ln3901_1           (icmp               ) [ 000111]
speclooptripcount_ln0   (speclooptripcount  ) [ 000000]
i_4                     (add                ) [ 000011]
br_ln3901               (br                 ) [ 000000]
and_ln3901              (and                ) [ 001111]
ret_ln0                 (ret                ) [ 000000]
call_ln3901             (call               ) [ 000000]
specloopname_ln3901     (specloopname       ) [ 000000]
store_ln3901            (store              ) [ 000000]
br_ln3901               (br                 ) [ 001111]
</LifeTime>

<model>

<comp_list>
<comp id="0" class="1000" name="out420">
<pin_list>
<pin id="1" dir="1" index="0" bw="1" slack="0"/>
</pin_list>
<bind>
<StgValue><ssdm name="out420"/></StgValue>
</bind>
</comp>

<comp id="2" class="1000" name="m_axis_video_V_data_V">
<pin_list>
<pin id="3" dir="1" index="0" bw="1" slack="0"/>
</pin_list>
<bind>
<StgValue><ssdm name="m_axis_video_V_data_V"/></StgValue>
</bind>
</comp>

<comp id="4" class="1000" name="m_axis_video_V_keep_V">
<pin_list>
<pin id="5" dir="1" index="0" bw="1" slack="0"/>
</pin_list>
<bind>
<StgValue><ssdm name="m_axis_video_V_keep_V"/></StgValue>
</bind>
</comp>

<comp id="6" class="1000" name="m_axis_video_V_strb_V">
<pin_list>
<pin id="7" dir="1" index="0" bw="1" slack="0"/>
</pin_list>
<bind>
<StgValue><ssdm name="m_axis_video_V_strb_V"/></StgValue>
</bind>
</comp>

<comp id="8" class="1000" name="m_axis_video_V_user_V">
<pin_list>
<pin id="9" dir="1" index="0" bw="1" slack="0"/>
</pin_list>
<bind>
<StgValue><ssdm name="m_axis_video_V_user_V"/></StgValue>
</bind>
</comp>

<comp id="10" class="1000" name="m_axis_video_V_last_V">
<pin_list>
<pin id="11" dir="1" index="0" bw="1" slack="0"/>
</pin_list>
<bind>
<StgValue><ssdm name="m_axis_video_V_last_V"/></StgValue>
</bind>
</comp>

<comp id="12" class="1000" name="m_axis_video_V_id_V">
<pin_list>
<pin id="13" dir="1" index="0" bw="1" slack="0"/>
</pin_list>
<bind>
<StgValue><ssdm name="m_axis_video_V_id_V"/></StgValue>
</bind>
</comp>

<comp id="14" class="1000" name="m_axis_video_V_dest_V">
<pin_list>
<pin id="15" dir="1" index="0" bw="1" slack="0"/>
</pin_list>
<bind>
<StgValue><ssdm name="m_axis_video_V_dest_V"/></StgValue>
</bind>
</comp>

<comp id="16" class="1000" name="Height">
<pin_list>
<pin id="17" dir="1" index="0" bw="1" slack="0"/>
</pin_list>
<bind>
<StgValue><ssdm name="Height"/></StgValue>
</bind>
</comp>

<comp id="18" class="1000" name="WidthOut">
<pin_list>
<pin id="19" dir="1" index="0" bw="1" slack="0"/>
</pin_list>
<bind>
<StgValue><ssdm name="WidthOut"/></StgValue>
</bind>
</comp>

<comp id="20" class="1001" name="const_20">
<pin_list>
<pin id="21" dir="1" index="0" bw="1" slack="0"/>
</pin_list>
<bind>
<StgValue><ssdm name=""/></StgValue>
</bind>
</comp>

<comp id="22" class="1001" name="const_22">
<pin_list>
<pin id="23" dir="1" index="0" bw="1" slack="0"/>
</pin_list>
<bind>
<StgValue><ssdm name="_ssdm_op_Read.ap_auto.i11"/></StgValue>
</bind>
</comp>

<comp id="24" class="1001" name="const_24">
<pin_list>
<pin id="25" dir="1" index="0" bw="1" slack="0"/>
</pin_list>
<bind>
<StgValue><ssdm name="reg<unsigned short>1"/></StgValue>
</bind>
</comp>

<comp id="26" class="1001" name="const_26">
<pin_list>
<pin id="27" dir="1" index="0" bw="1" slack="0"/>
</pin_list>
<bind>
<StgValue><ssdm name=""/></StgValue>
</bind>
</comp>

<comp id="28" class="1001" name="const_28">
<pin_list>
<pin id="29" dir="1" index="0" bw="1" slack="2147483647"/>
</pin_list>
<bind>
<StgValue><ssdm name="_ssdm_op_SpecAXISSideChannel"/></StgValue>
</bind>
</comp>

<comp id="30" class="1001" name="const_30">
<pin_list>
<pin id="31" dir="1" index="0" bw="1" slack="2147483647"/>
</pin_list>
<bind>
<StgValue><ssdm name="empty_6"/></StgValue>
</bind>
</comp>

<comp id="32" class="1001" name="const_32">
<pin_list>
<pin id="33" dir="1" index="0" bw="1" slack="2147483647"/>
</pin_list>
<bind>
<StgValue><ssdm name="_ssdm_op_SpecStableContent"/></StgValue>
</bind>
</comp>

<comp id="34" class="1001" name="const_34">
<pin_list>
<pin id="35" dir="1" index="0" bw="1" slack="1"/>
</pin_list>
<bind>
<StgValue><ssdm name=""/></StgValue>
</bind>
</comp>

<comp id="36" class="1001" name="const_36">
<pin_list>
<pin id="37" dir="1" index="0" bw="1" slack="2147483647"/>
</pin_list>
<bind>
<StgValue><ssdm name=""/></StgValue>
</bind>
</comp>

<comp id="38" class="1001" name="const_38">
<pin_list>
<pin id="39" dir="1" index="0" bw="1" slack="2147483647"/>
</pin_list>
<bind>
<StgValue><ssdm name="_ssdm_op_SpecInterface"/></StgValue>
</bind>
</comp>

<comp id="40" class="1001" name="const_40">
<pin_list>
<pin id="41" dir="1" index="0" bw="1" slack="2147483647"/>
</pin_list>
<bind>
<StgValue><ssdm name="empty_31"/></StgValue>
</bind>
</comp>

<comp id="42" class="1001" name="const_42">
<pin_list>
<pin id="43" dir="1" index="0" bw="1" slack="2147483647"/>
</pin_list>
<bind>
<StgValue><ssdm name=""/></StgValue>
</bind>
</comp>

<comp id="44" class="1001" name="const_44">
<pin_list>
<pin id="45" dir="1" index="0" bw="1" slack="2147483647"/>
</pin_list>
<bind>
<StgValue><ssdm name="empty_46"/></StgValue>
</bind>
</comp>

<comp id="46" class="1001" name="const_46">
<pin_list>
<pin id="47" dir="1" index="0" bw="1" slack="2147483647"/>
</pin_list>
<bind>
<StgValue><ssdm name=""/></StgValue>
</bind>
</comp>

<comp id="48" class="1001" name="const_48">
<pin_list>
<pin id="49" dir="1" index="0" bw="1" slack="2147483647"/>
</pin_list>
<bind>
<StgValue><ssdm name="empty_28"/></StgValue>
</bind>
</comp>

<comp id="50" class="1001" name="const_50">
<pin_list>
<pin id="51" dir="1" index="0" bw="1" slack="2147483647"/>
</pin_list>
<bind>
<StgValue><ssdm name="empty_27"/></StgValue>
</bind>
</comp>

<comp id="52" class="1001" name="const_52">
<pin_list>
<pin id="53" dir="1" index="0" bw="1" slack="0"/>
</pin_list>
<bind>
<StgValue><ssdm name=""/></StgValue>
</bind>
</comp>

<comp id="54" class="1001" name="const_54">
<pin_list>
<pin id="55" dir="1" index="0" bw="1" slack="2147483647"/>
</pin_list>
<bind>
<StgValue><ssdm name="_ssdm_op_SpecLoopTripCount"/></StgValue>
</bind>
</comp>

<comp id="56" class="1001" name="const_56">
<pin_list>
<pin id="57" dir="1" index="0" bw="1" slack="2147483647"/>
</pin_list>
<bind>
<StgValue><ssdm name=""/></StgValue>
</bind>
</comp>

<comp id="58" class="1001" name="const_58">
<pin_list>
<pin id="59" dir="1" index="0" bw="1" slack="2147483647"/>
</pin_list>
<bind>
<StgValue><ssdm name=""/></StgValue>
</bind>
</comp>

<comp id="60" class="1001" name="const_60">
<pin_list>
<pin id="61" dir="1" index="0" bw="1" slack="0"/>
</pin_list>
<bind>
<StgValue><ssdm name=""/></StgValue>
</bind>
</comp>

<comp id="62" class="1001" name="const_62">
<pin_list>
<pin id="63" dir="1" index="0" bw="1" slack="0"/>
</pin_list>
<bind>
<StgValue><ssdm name="MultiPixStream2AXIvideo_Pipeline_VITIS_LOOP_3903_3"/></StgValue>
</bind>
</comp>

<comp id="64" class="1001" name="const_64">
<pin_list>
<pin id="65" dir="1" index="0" bw="1" slack="2147483647"/>
</pin_list>
<bind>
<StgValue><ssdm name="_ssdm_op_SpecLoopName"/></StgValue>
</bind>
</comp>

<comp id="66" class="1001" name="const_66">
<pin_list>
<pin id="67" dir="1" index="0" bw="1" slack="2147483647"/>
</pin_list>
<bind>
<StgValue><ssdm name="empty_58"/></StgValue>
</bind>
</comp>

<comp id="68" class="1004" name="i_fu_68">
<pin_list>
<pin id="69" dir="0" index="0" bw="1" slack="0"/>
<pin id="70" dir="1" index="1" bw="11" slack="0"/>
</pin_list>
<bind>
<opcode="alloca(26) " fcode="alloca"/>
<opset="i/1 "/>
</bind>
</comp>

<comp id="72" class="1004" name="WidthOut_read_read_fu_72">
<pin_list>
<pin id="73" dir="0" index="0" bw="11" slack="0"/>
<pin id="74" dir="0" index="1" bw="11" slack="0"/>
<pin id="75" dir="1" index="2" bw="11" slack="0"/>
</pin_list>
<bind>
<opcode="read(1150) " fcode="read"/>
<opset="WidthOut_read/1 "/>
</bind>
</comp>

<comp id="78" class="1004" name="Height_read_read_fu_78">
<pin_list>
<pin id="79" dir="0" index="0" bw="11" slack="0"/>
<pin id="80" dir="0" index="1" bw="11" slack="0"/>
<pin id="81" dir="1" index="2" bw="11" slack="0"/>
</pin_list>
<bind>
<opcode="read(1150) " fcode="read"/>
<opset="Height_read/1 "/>
</bind>
</comp>

<comp id="84" class="1005" name="sof_reg_84">
<pin_list>
<pin id="85" dir="0" index="0" bw="1" slack="1"/>
<pin id="86" dir="1" index="1" bw="1" slack="1"/>
</pin_list>
<bind>
<opset="sof (phireg) "/>
</bind>
</comp>

<comp id="88" class="1004" name="sof_phi_fu_88">
<pin_list>
<pin id="89" dir="0" index="0" bw="1" slack="1"/>
<pin id="90" dir="0" index="1" bw="0" slack="2147483647"/>
<pin id="91" dir="0" index="2" bw="1" slack="0"/>
<pin id="92" dir="0" index="3" bw="0" slack="2147483647"/>
<pin id="93" dir="1" index="4" bw="1" slack="0"/>
</pin_list>
<bind>
<opcode="phi(47) " fcode="phi"/>
<opset="sof/3 "/>
</bind>
</comp>

<comp id="96" class="1004" name="grp_MultiPixStream2AXIvideo_Pipeline_VITIS_LOOP_3903_3_fu_96">
<pin_list>
<pin id="97" dir="0" index="0" bw="0" slack="0"/>
<pin id="98" dir="0" index="1" bw="1" slack="0"/>
<pin id="99" dir="0" index="2" bw="11" slack="1"/>
<pin id="100" dir="0" index="3" bw="12" slack="1"/>
<pin id="101" dir="0" index="4" bw="24" slack="0"/>
<pin id="102" dir="0" index="5" bw="24" slack="0"/>
<pin id="103" dir="0" index="6" bw="3" slack="0"/>
<pin id="104" dir="0" index="7" bw="3" slack="0"/>
<pin id="105" dir="0" index="8" bw="1" slack="0"/>
<pin id="106" dir="0" index="9" bw="1" slack="0"/>
<pin id="107" dir="0" index="10" bw="1" slack="0"/>
<pin id="108" dir="0" index="11" bw="1" slack="0"/>
<pin id="109" dir="1" index="12" bw="0" slack="2147483647"/>
</pin_list>
<bind>
<opcode="call(48) " fcode="call"/>
<opset="call_ln3901/3 "/>
</bind>
</comp>

<comp id="120" class="1004" name="grp_reg_unsigned_short_1_fu_120">
<pin_list>
<pin id="121" dir="0" index="0" bw="11" slack="0"/>
<pin id="122" dir="0" index="1" bw="11" slack="0"/>
<pin id="123" dir="1" index="2" bw="11" slack="1"/>
</pin_list>
<bind>
<opcode="call(48) " fcode="call"/>
<opset="rows/1 "/>
</bind>
</comp>

<comp id="126" class="1004" name="grp_reg_unsigned_short_1_fu_126">
<pin_list>
<pin id="127" dir="0" index="0" bw="11" slack="0"/>
<pin id="128" dir="0" index="1" bw="11" slack="0"/>
<pin id="129" dir="1" index="2" bw="11" slack="0"/>
</pin_list>
<bind>
<opcode="call(48) " fcode="call"/>
<opset="cols/1 "/>
</bind>
</comp>

<comp id="132" class="1004" name="store_ln3901_store_fu_132">
<pin_list>
<pin id="133" dir="0" index="0" bw="1" slack="0"/>
<pin id="134" dir="0" index="1" bw="11" slack="0"/>
<pin id="135" dir="1" index="2" bw="0" slack="2147483647"/>
</pin_list>
<bind>
<opcode="store(28) " fcode="store"/>
<opset="store_ln3901/1 "/>
</bind>
</comp>

<comp id="137" class="1004" name="zext_ln3853_fu_137">
<pin_list>
<pin id="138" dir="0" index="0" bw="11" slack="0"/>
<pin id="139" dir="1" index="1" bw="12" slack="0"/>
</pin_list>
<bind>
<opcode="zext(34) " fcode="zext"/>
<opset="zext_ln3853/2 "/>
</bind>
</comp>

<comp id="141" class="1004" name="add_ln3916_fu_141">
<pin_list>
<pin id="142" dir="0" index="0" bw="11" slack="0"/>
<pin id="143" dir="0" index="1" bw="1" slack="0"/>
<pin id="144" dir="1" index="2" bw="12" slack="1"/>
</pin_list>
<bind>
<opcode="add(8) " fcode="add"/>
<opset="add_ln3916/2 "/>
</bind>
</comp>

<comp id="147" class="1004" name="icmp_ln3901_fu_147">
<pin_list>
<pin id="148" dir="0" index="0" bw="11" slack="0"/>
<pin id="149" dir="0" index="1" bw="1" slack="0"/>
<pin id="150" dir="1" index="2" bw="1" slack="1"/>
</pin_list>
<bind>
<opcode="icmp(45) " fcode="icmp"/>
<opset="icmp_ln3901/2 "/>
</bind>
</comp>

<comp id="153" class="1004" name="i_3_load_fu_153">
<pin_list>
<pin id="154" dir="0" index="0" bw="11" slack="2"/>
<pin id="155" dir="1" index="1" bw="11" slack="0"/>
</pin_list>
<bind>
<opcode="load(27) " fcode="load"/>
<opset="i_3/3 "/>
</bind>
</comp>

<comp id="156" class="1004" name="icmp_ln3901_1_fu_156">
<pin_list>
<pin id="157" dir="0" index="0" bw="11" slack="0"/>
<pin id="158" dir="0" index="1" bw="11" slack="1"/>
<pin id="159" dir="1" index="2" bw="1" slack="2147483647"/>
</pin_list>
<bind>
<opcode="icmp(45) " fcode="icmp"/>
<opset="icmp_ln3901_1/3 "/>
</bind>
</comp>

<comp id="161" class="1004" name="i_4_fu_161">
<pin_list>
<pin id="162" dir="0" index="0" bw="11" slack="0"/>
<pin id="163" dir="0" index="1" bw="1" slack="0"/>
<pin id="164" dir="1" index="2" bw="11" slack="2"/>
</pin_list>
<bind>
<opcode="add(8) " fcode="add"/>
<opset="i_4/3 "/>
</bind>
</comp>

<comp id="167" class="1004" name="and_ln3901_fu_167">
<pin_list>
<pin id="168" dir="0" index="0" bw="1" slack="1"/>
<pin id="169" dir="0" index="1" bw="1" slack="0"/>
<pin id="170" dir="1" index="2" bw="1" slack="0"/>
</pin_list>
<bind>
<opcode="and(23) " fcode="and"/>
<opset="and_ln3901/3 "/>
</bind>
</comp>

<comp id="172" class="1004" name="store_ln3901_store_fu_172">
<pin_list>
<pin id="173" dir="0" index="0" bw="11" slack="2"/>
<pin id="174" dir="0" index="1" bw="11" slack="4"/>
<pin id="175" dir="1" index="2" bw="0" slack="2147483647"/>
</pin_list>
<bind>
<opcode="store(28) " fcode="store"/>
<opset="store_ln3901/5 "/>
</bind>
</comp>

<comp id="176" class="1005" name="i_reg_176">
<pin_list>
<pin id="177" dir="0" index="0" bw="11" slack="0"/>
<pin id="178" dir="1" index="1" bw="11" slack="0"/>
</pin_list>
<bind>
<opset="i "/>
</bind>
</comp>

<comp id="183" class="1005" name="WidthOut_read_reg_183">
<pin_list>
<pin id="184" dir="0" index="0" bw="11" slack="1"/>
<pin id="185" dir="1" index="1" bw="11" slack="1"/>
</pin_list>
<bind>
<opset="WidthOut_read "/>
</bind>
</comp>

<comp id="188" class="1005" name="Height_read_reg_188">
<pin_list>
<pin id="189" dir="0" index="0" bw="11" slack="1"/>
<pin id="190" dir="1" index="1" bw="11" slack="1"/>
</pin_list>
<bind>
<opset="Height_read "/>
</bind>
</comp>

<comp id="193" class="1005" name="rows_reg_193">
<pin_list>
<pin id="194" dir="0" index="0" bw="11" slack="1"/>
<pin id="195" dir="1" index="1" bw="11" slack="1"/>
</pin_list>
<bind>
<opset="rows "/>
</bind>
</comp>

<comp id="198" class="1005" name="cols_reg_198">
<pin_list>
<pin id="199" dir="0" index="0" bw="11" slack="1"/>
<pin id="200" dir="1" index="1" bw="11" slack="1"/>
</pin_list>
<bind>
<opset="cols "/>
</bind>
</comp>

<comp id="203" class="1005" name="add_ln3916_reg_203">
<pin_list>
<pin id="204" dir="0" index="0" bw="12" slack="1"/>
<pin id="205" dir="1" index="1" bw="12" slack="1"/>
</pin_list>
<bind>
<opset="add_ln3916 "/>
</bind>
</comp>

<comp id="208" class="1005" name="icmp_ln3901_reg_208">
<pin_list>
<pin id="209" dir="0" index="0" bw="1" slack="1"/>
<pin id="210" dir="1" index="1" bw="1" slack="1"/>
</pin_list>
<bind>
<opset="icmp_ln3901 "/>
</bind>
</comp>

<comp id="216" class="1005" name="i_4_reg_216">
<pin_list>
<pin id="217" dir="0" index="0" bw="11" slack="2"/>
<pin id="218" dir="1" index="1" bw="11" slack="2"/>
</pin_list>
<bind>
<opset="i_4 "/>
</bind>
</comp>

<comp id="221" class="1005" name="and_ln3901_reg_221">
<pin_list>
<pin id="222" dir="0" index="0" bw="1" slack="0"/>
<pin id="223" dir="1" index="1" bw="1" slack="0"/>
</pin_list>
<bind>
<opset="and_ln3901 "/>
</bind>
</comp>

</comp_list>

<net_list>
<net id="71"><net_src comp="20" pin="0"/><net_sink comp="68" pin=0"/></net>

<net id="76"><net_src comp="22" pin="0"/><net_sink comp="72" pin=0"/></net>

<net id="77"><net_src comp="18" pin="0"/><net_sink comp="72" pin=1"/></net>

<net id="82"><net_src comp="22" pin="0"/><net_sink comp="78" pin=0"/></net>

<net id="83"><net_src comp="16" pin="0"/><net_sink comp="78" pin=1"/></net>

<net id="87"><net_src comp="34" pin="0"/><net_sink comp="84" pin=0"/></net>

<net id="94"><net_src comp="84" pin="1"/><net_sink comp="88" pin=0"/></net>

<net id="95"><net_src comp="88" pin="4"/><net_sink comp="84" pin=0"/></net>

<net id="110"><net_src comp="62" pin="0"/><net_sink comp="96" pin=0"/></net>

<net id="111"><net_src comp="88" pin="4"/><net_sink comp="96" pin=1"/></net>

<net id="112"><net_src comp="0" pin="0"/><net_sink comp="96" pin=4"/></net>

<net id="113"><net_src comp="2" pin="0"/><net_sink comp="96" pin=5"/></net>

<net id="114"><net_src comp="4" pin="0"/><net_sink comp="96" pin=6"/></net>

<net id="115"><net_src comp="6" pin="0"/><net_sink comp="96" pin=7"/></net>

<net id="116"><net_src comp="8" pin="0"/><net_sink comp="96" pin=8"/></net>

<net id="117"><net_src comp="10" pin="0"/><net_sink comp="96" pin=9"/></net>

<net id="118"><net_src comp="12" pin="0"/><net_sink comp="96" pin=10"/></net>

<net id="119"><net_src comp="14" pin="0"/><net_sink comp="96" pin=11"/></net>

<net id="124"><net_src comp="24" pin="0"/><net_sink comp="120" pin=0"/></net>

<net id="125"><net_src comp="78" pin="2"/><net_sink comp="120" pin=1"/></net>

<net id="130"><net_src comp="24" pin="0"/><net_sink comp="126" pin=0"/></net>

<net id="131"><net_src comp="72" pin="2"/><net_sink comp="126" pin=1"/></net>

<net id="136"><net_src comp="26" pin="0"/><net_sink comp="132" pin=0"/></net>

<net id="140"><net_src comp="126" pin="2"/><net_sink comp="137" pin=0"/></net>

<net id="145"><net_src comp="137" pin="1"/><net_sink comp="141" pin=0"/></net>

<net id="146"><net_src comp="52" pin="0"/><net_sink comp="141" pin=1"/></net>

<net id="151"><net_src comp="126" pin="2"/><net_sink comp="147" pin=0"/></net>

<net id="152"><net_src comp="26" pin="0"/><net_sink comp="147" pin=1"/></net>

<net id="160"><net_src comp="153" pin="1"/><net_sink comp="156" pin=0"/></net>

<net id="165"><net_src comp="153" pin="1"/><net_sink comp="161" pin=0"/></net>

<net id="166"><net_src comp="60" pin="0"/><net_sink comp="161" pin=1"/></net>

<net id="171"><net_src comp="88" pin="4"/><net_sink comp="167" pin=1"/></net>

<net id="179"><net_src comp="68" pin="1"/><net_sink comp="176" pin=0"/></net>

<net id="180"><net_src comp="176" pin="1"/><net_sink comp="132" pin=1"/></net>

<net id="181"><net_src comp="176" pin="1"/><net_sink comp="153" pin=0"/></net>

<net id="182"><net_src comp="176" pin="1"/><net_sink comp="172" pin=1"/></net>

<net id="186"><net_src comp="72" pin="2"/><net_sink comp="183" pin=0"/></net>

<net id="187"><net_src comp="183" pin="1"/><net_sink comp="126" pin=1"/></net>

<net id="191"><net_src comp="78" pin="2"/><net_sink comp="188" pin=0"/></net>

<net id="192"><net_src comp="188" pin="1"/><net_sink comp="120" pin=1"/></net>

<net id="196"><net_src comp="120" pin="2"/><net_sink comp="193" pin=0"/></net>

<net id="197"><net_src comp="193" pin="1"/><net_sink comp="156" pin=1"/></net>

<net id="201"><net_src comp="126" pin="2"/><net_sink comp="198" pin=0"/></net>

<net id="202"><net_src comp="198" pin="1"/><net_sink comp="96" pin=2"/></net>

<net id="206"><net_src comp="141" pin="2"/><net_sink comp="203" pin=0"/></net>

<net id="207"><net_src comp="203" pin="1"/><net_sink comp="96" pin=3"/></net>

<net id="211"><net_src comp="147" pin="2"/><net_sink comp="208" pin=0"/></net>

<net id="212"><net_src comp="208" pin="1"/><net_sink comp="167" pin=0"/></net>

<net id="219"><net_src comp="161" pin="2"/><net_sink comp="216" pin=0"/></net>

<net id="220"><net_src comp="216" pin="1"/><net_sink comp="172" pin=0"/></net>

<net id="224"><net_src comp="167" pin="2"/><net_sink comp="221" pin=0"/></net>

<net id="225"><net_src comp="221" pin="1"/><net_sink comp="88" pin=2"/></net>

</net_list>

</model> 
---------------- Datapath Model END ------------------

* FSMD analyzer results:
  - Output states:
	Port: m_axis_video_V_data_V | {3 4 }
	Port: m_axis_video_V_keep_V | {3 4 }
	Port: m_axis_video_V_strb_V | {3 4 }
	Port: m_axis_video_V_user_V | {3 4 }
	Port: m_axis_video_V_last_V | {3 4 }
	Port: m_axis_video_V_id_V | {3 4 }
	Port: m_axis_video_V_dest_V | {3 4 }
 - Input state : 
	Port: MultiPixStream2AXIvideo : out420 | {3 4 }
	Port: MultiPixStream2AXIvideo : Height | {1 }
	Port: MultiPixStream2AXIvideo : WidthOut | {1 }
  - Chain level:
	State 1
		store_ln3901 : 1
	State 2
		zext_ln3853 : 1
		add_ln3916 : 2
		icmp_ln3901 : 1
	State 3
		icmp_ln3901_1 : 1
		i_4 : 1
		br_ln3901 : 2
		call_ln3901 : 1
		and_ln3901 : 1
	State 4
	State 5


============================================================
+ Verbose Summary: Datapath Resource usage 
============================================================

* Functional unit list:
|----------|--------------------------------------------------------------|---------|---------|
| Operation|                        Functional Unit                       |    FF   |   LUT   |
|----------|--------------------------------------------------------------|---------|---------|
|          | grp_MultiPixStream2AXIvideo_Pipeline_VITIS_LOOP_3903_3_fu_96 |    15   |    34   |
|   call   |                grp_reg_unsigned_short_1_fu_120               |    0    |    0    |
|          |                grp_reg_unsigned_short_1_fu_126               |    0    |    0    |
|----------|--------------------------------------------------------------|---------|---------|
|    add   |                       add_ln3916_fu_141                      |    0    |    11   |
|          |                          i_4_fu_161                          |    0    |    11   |
|----------|--------------------------------------------------------------|---------|---------|
|   icmp   |                      icmp_ln3901_fu_147                      |    0    |    11   |
|          |                     icmp_ln3901_1_fu_156                     |    0    |    11   |
|----------|--------------------------------------------------------------|---------|---------|
|    and   |                       and_ln3901_fu_167                      |    0    |    1    |
|----------|--------------------------------------------------------------|---------|---------|
|   read   |                   WidthOut_read_read_fu_72                   |    0    |    0    |
|          |                    Height_read_read_fu_78                    |    0    |    0    |
|----------|--------------------------------------------------------------|---------|---------|
|   zext   |                      zext_ln3853_fu_137                      |    0    |    0    |
|----------|--------------------------------------------------------------|---------|---------|
|   Total  |                                                              |    15   |    79   |
|----------|--------------------------------------------------------------|---------|---------|

Memories:
N/A

* Register list:
+---------------------+--------+
|                     |   FF   |
+---------------------+--------+
| Height_read_reg_188 |   11   |
|WidthOut_read_reg_183|   11   |
|  add_ln3916_reg_203 |   12   |
|  and_ln3901_reg_221 |    1   |
|     cols_reg_198    |   11   |
|     i_4_reg_216     |   11   |
|      i_reg_176      |   11   |
| icmp_ln3901_reg_208 |    1   |
|     rows_reg_193    |   11   |
|      sof_reg_84     |    1   |
+---------------------+--------+
|        Total        |   81   |
+---------------------+--------+

* Multiplexer (MUX) list: 
|---------------------------------|------|------|------|--------||---------||---------||---------|
|               Comp              |  Pin | Size |  BW  | S x BW ||  Delay  ||    FF   ||   LUT   |
|---------------------------------|------|------|------|--------||---------||---------||---------|
|            sof_reg_84           |  p0  |   2  |   1  |    2   ||    0    ||    9    |
| grp_reg_unsigned_short_1_fu_120 |  p1  |   2  |  11  |   22   ||    0    ||    9    |
| grp_reg_unsigned_short_1_fu_126 |  p1  |   2  |  11  |   22   ||    0    ||    9    |
|---------------------------------|------|------|------|--------||---------||---------||---------|
|              Total              |      |      |      |   46   ||  3.894  ||    0    ||    27   |
|---------------------------------|------|------|------|--------||---------||---------||---------|



* Summary:
+-----------+--------+--------+--------+
|           |  Delay |   FF   |   LUT  |
+-----------+--------+--------+--------+
|  Function |    -   |   15   |   79   |
|   Memory  |    -   |    -   |    -   |
|Multiplexer|    3   |    0   |   27   |
|  Register |    -   |   81   |    -   |
+-----------+--------+--------+--------+
|   Total   |    3   |   96   |   106  |
+-----------+--------+--------+--------+
