

================================================================
== Vitis HLS Report for 'VMixHlsDataFlowFunction'
================================================================
* Date:           Mon Mar 16 15:11:27 2026

* Version:        2025.2 (Build 6295257 on Nov 14 2025)
* Project:        prj
* Solution:       sol (Vivado IP Flow Target)
* Product family: zynq
* Target device:  xc7z020-clg400-2


================================================================
== Performance Estimates
================================================================
+ Timing: 
    * Summary: 
    +--------+---------+----------+------------+
    |  Clock |  Target | Estimated| Uncertainty|
    +--------+---------+----------+------------+
    |ap_clk  |  6.52 ns|  4.761 ns|     1.76 ns|
    +--------+---------+----------+------------+

+ Latency: 
    * Summary: 
    +---------+-----------+-----------+-----------+------+-----------+----------+
    |   Latency (cycles)  |   Latency (absolute)  |     Interval     | Pipeline |
    |   min   |    max    |    min    |    max    |  min |    max    |   Type   |
    +---------+-----------+-----------+-----------+------+-----------+----------+
    |     4856|  141566511|  31.671 us|  0.923 sec|  4739|  141566402|  dataflow|
    +---------+-----------+-----------+-----------+------+-----------+----------+

    + Detail: 
        * Instance: 
        N/A

        * Loop: 
        N/A

============================================================
+ Verbose Summary: Synthesis Manager
============================================================
InlineROM: 1
ExposeGlobal: 0
============================================================
+ Verbose Summary: CDFG Model
============================================================
IsTopModel: 0
ResetActiveHigh: 1
IsCombinational: 2
IsDatapathOnly: 0
HasWiredReturn: 1
HasMFsm: 0
HasVarLatency: 1
IsPipeline: 0
IsRtlPipelined: 0
IsInstanceOverlapped: 0
IsDontTouch: 0
HasImplIP: 0
IsGatedGlobalClock: 0


============================================================
+ Verbose Summary: Schedule
============================================================
* Number of FSM states : 22
* Pipeline : 0
* Dataflow Pipeline: 1
  DF-Pipeline-0: Size = 22, States = { 1 2 3 4 5 6 7 8 9 10 11 12 13 14 15 16 17 18 19 20 21 22 }

* FSM state transitions: 
1 --> 2 
2 --> 3 
3 --> 4 
4 --> 5 
5 --> 6 
6 --> 7 
7 --> 8 
8 --> 9 
9 --> 10 
10 --> 11 
11 --> 12 
12 --> 13 
13 --> 14 
14 --> 15 
15 --> 16 
16 --> 17 
17 --> 18 
18 --> 19 
19 --> 20 
20 --> 21 
21 --> 22 
22 --> 

* FSM state operations: 

State 1 <SV = 0> <Delay = 3.92>
ST_1 : Operation 23 [1/1] (0.00ns)   --->   "%HwReg_layerStride_1_val_read = read i16 @_ssdm_op_Read.ap_auto.i16, i16 %HwReg_layerStride_1_val"   --->   Operation 23 'read' 'HwReg_layerStride_1_val_read' <Predicate = true> <Delay = 0.00>
ST_1 : Operation 24 [1/1] (0.00ns)   --->   "%HwReg_layerHeight_1_val_read = read i16 @_ssdm_op_Read.ap_auto.i16, i16 %HwReg_layerHeight_1_val"   --->   Operation 24 'read' 'HwReg_layerHeight_1_val_read' <Predicate = true> <Delay = 0.00>
ST_1 : Operation 25 [1/1] (0.00ns)   --->   "%HwReg_layerWidth_1_val_read = read i16 @_ssdm_op_Read.ap_auto.i16, i16 %HwReg_layerWidth_1_val"   --->   Operation 25 'read' 'HwReg_layerWidth_1_val_read' <Predicate = true> <Delay = 0.00>
ST_1 : Operation 26 [1/1] (0.00ns)   --->   "%HwReg_layerEnableFlag_1_val_read = read i1 @_ssdm_op_Read.ap_auto.i1, i1 %HwReg_layerEnableFlag_1_val"   --->   Operation 26 'read' 'HwReg_layerEnableFlag_1_val_read' <Predicate = true> <Delay = 0.00>
ST_1 : Operation 27 [1/1] (0.00ns)   --->   "%HwReg_layerEnableFlag_0_val_read = read i1 @_ssdm_op_Read.ap_auto.i1, i1 %HwReg_layerEnableFlag_0_val"   --->   Operation 27 'read' 'HwReg_layerEnableFlag_0_val_read' <Predicate = true> <Delay = 0.00>
ST_1 : Operation 28 [1/1] (0.00ns)   --->   "%HwReg_layer1_buf1_read = read i32 @_ssdm_op_Read.ap_auto.i32, i32 %HwReg_layer1_buf1"   --->   Operation 28 'read' 'HwReg_layer1_buf1_read' <Predicate = true> <Delay = 0.00>
ST_1 : Operation 29 [1/1] (0.00ns)   --->   "%HwReg_height_val_read = read i11 @_ssdm_op_Read.ap_auto.i11, i11 %HwReg_height_val"   --->   Operation 29 'read' 'HwReg_height_val_read' <Predicate = true> <Delay = 0.00>
ST_1 : Operation 30 [1/1] (0.00ns)   --->   "%HwReg_width_val_read = read i11 @_ssdm_op_Read.ap_auto.i11, i11 %HwReg_width_val"   --->   Operation 30 'read' 'HwReg_width_val_read' <Predicate = true> <Delay = 0.00>
ST_1 : Operation 31 [1/1] (0.00ns)   --->   "%empty = trunc i16 %HwReg_layerWidth_1_val_read"   --->   Operation 31 'trunc' 'empty' <Predicate = true> <Delay = 0.00>
ST_1 : Operation 32 [1/1] (0.00ns)   --->   "%empty_132 = trunc i16 %HwReg_layerHeight_1_val_read"   --->   Operation 32 'trunc' 'empty_132' <Predicate = true> <Delay = 0.00>
ST_1 : Operation 33 [1/1] (0.00ns)   --->   "%empty_133 = trunc i16 %HwReg_layerWidth_1_val_read"   --->   Operation 33 'trunc' 'empty_133' <Predicate = true> <Delay = 0.00>
ST_1 : Operation 34 [1/1] (0.00ns)   --->   "%srcLayer0 = alloca i32 1" [prj/sol/.autopilot/db/v_mix.cpp:619]   --->   Operation 34 'alloca' 'srcLayer0' <Predicate = true> <Delay = 0.00> <CoreInst = "FIFO_SRL">   --->   Core 80 'FIFO_SRL' <Latency = 0> <II = 1> <Delay = 3.40> <Storage> <Opcode : 'read' 'write' 'nbread' 'nbwrite'> <Ports = 0> <Width = 24> <Depth = 2> <FIFO>
ST_1 : Operation 35 [1/1] (0.00ns)   --->   "%srcLayer0Yuv422 = alloca i32 1" [prj/sol/.autopilot/db/v_mix.cpp:620]   --->   Operation 35 'alloca' 'srcLayer0Yuv422' <Predicate = true> <Delay = 0.00> <CoreInst = "FIFO_SRL">   --->   Core 80 'FIFO_SRL' <Latency = 0> <II = 1> <Delay = 3.40> <Storage> <Opcode : 'read' 'write' 'nbread' 'nbwrite'> <Ports = 0> <Width = 24> <Depth = 2> <FIFO>
ST_1 : Operation 36 [1/1] (0.00ns)   --->   "%srcLayer0Yuv = alloca i32 1" [prj/sol/.autopilot/db/v_mix.cpp:621]   --->   Operation 36 'alloca' 'srcLayer0Yuv' <Predicate = true> <Delay = 0.00> <CoreInst = "FIFO_SRL">   --->   Core 80 'FIFO_SRL' <Latency = 0> <II = 1> <Delay = 3.40> <Storage> <Opcode : 'read' 'write' 'nbread' 'nbwrite'> <Ports = 0> <Width = 24> <Depth = 2> <FIFO>
ST_1 : Operation 37 [1/1] (0.00ns)   --->   "%outLayer0 = alloca i32 1" [prj/sol/.autopilot/db/v_mix.cpp:622]   --->   Operation 37 'alloca' 'outLayer0' <Predicate = true> <Delay = 0.00> <CoreInst = "FIFO_SRL">   --->   Core 80 'FIFO_SRL' <Latency = 0> <II = 1> <Delay = 3.40> <Storage> <Opcode : 'read' 'write' 'nbread' 'nbwrite'> <Ports = 0> <Width = 24> <Depth = 2> <FIFO>
ST_1 : Operation 38 [1/1] (0.00ns)   --->   "%outYuv = alloca i32 1" [prj/sol/.autopilot/db/v_mix.cpp:623]   --->   Operation 38 'alloca' 'outYuv' <Predicate = true> <Delay = 0.00> <CoreInst = "FIFO_SRL">   --->   Core 80 'FIFO_SRL' <Latency = 0> <II = 1> <Delay = 3.40> <Storage> <Opcode : 'read' 'write' 'nbread' 'nbwrite'> <Ports = 0> <Width = 24> <Depth = 2> <FIFO>
ST_1 : Operation 39 [1/1] (0.00ns)   --->   "%out422 = alloca i32 1" [prj/sol/.autopilot/db/v_mix.cpp:624]   --->   Operation 39 'alloca' 'out422' <Predicate = true> <Delay = 0.00> <CoreInst = "FIFO_SRL">   --->   Core 80 'FIFO_SRL' <Latency = 0> <II = 1> <Delay = 3.40> <Storage> <Opcode : 'read' 'write' 'nbread' 'nbwrite'> <Ports = 0> <Width = 24> <Depth = 2> <FIFO>
ST_1 : Operation 40 [1/1] (0.00ns)   --->   "%out420 = alloca i32 1" [prj/sol/.autopilot/db/v_mix.cpp:625]   --->   Operation 40 'alloca' 'out420' <Predicate = true> <Delay = 0.00> <CoreInst = "FIFO_SRL">   --->   Core 80 'FIFO_SRL' <Latency = 0> <II = 1> <Delay = 3.40> <Storage> <Opcode : 'read' 'write' 'nbread' 'nbwrite'> <Ports = 0> <Width = 24> <Depth = 2> <FIFO>
ST_1 : Operation 41 [1/1] (0.00ns)   --->   "%srcLayer1 = alloca i32 1" [prj/sol/.autopilot/db/v_mix.cpp:651]   --->   Operation 41 'alloca' 'srcLayer1' <Predicate = true> <Delay = 0.00> <CoreInst = "FIFO_SRL">   --->   Core 80 'FIFO_SRL' <Latency = 0> <II = 1> <Delay = 3.40> <Storage> <Opcode : 'read' 'write' 'nbread' 'nbwrite'> <Ports = 0> <Width = 24> <Depth = 2> <FIFO>
ST_1 : Operation 42 [1/1] (0.00ns)   --->   "%srcLayer1x = alloca i32 1" [prj/sol/.autopilot/db/v_mix.cpp:653]   --->   Operation 42 'alloca' 'srcLayer1x' <Predicate = true> <Delay = 0.00> <CoreInst = "FIFO_SRL">   --->   Core 80 'FIFO_SRL' <Latency = 0> <II = 1> <Delay = 3.40> <Storage> <Opcode : 'read' 'write' 'nbread' 'nbwrite'> <Ports = 0> <Width = 24> <Depth = 2> <FIFO>
ST_1 : Operation 43 [1/1] (0.00ns)   --->   "%srcLayer1Alpha = alloca i32 1" [prj/sol/.autopilot/db/v_mix.cpp:654]   --->   Operation 43 'alloca' 'srcLayer1Alpha' <Predicate = true> <Delay = 0.00> <CoreInst = "FIFO_SRL">   --->   Core 80 'FIFO_SRL' <Latency = 0> <II = 1> <Delay = 3.40> <Storage> <Opcode : 'read' 'write' 'nbread' 'nbwrite'> <Ports = 0> <Width = 8> <Depth = 16> <FIFO>
ST_1 : Operation 44 [1/1] (0.00ns)   --->   "%srcLayer1Alphax = alloca i32 1" [prj/sol/.autopilot/db/v_mix.cpp:655]   --->   Operation 44 'alloca' 'srcLayer1Alphax' <Predicate = true> <Delay = 0.00> <CoreInst = "FIFO_SRL">   --->   Core 80 'FIFO_SRL' <Latency = 0> <II = 1> <Delay = 3.40> <Storage> <Opcode : 'read' 'write' 'nbread' 'nbwrite'> <Ports = 0> <Width = 8> <Depth = 16> <FIFO>
ST_1 : Operation 45 [1/1] (0.00ns)   --->   "%outLayer1 = alloca i32 1" [prj/sol/.autopilot/db/v_mix.cpp:656]   --->   Operation 45 'alloca' 'outLayer1' <Predicate = true> <Delay = 0.00> <CoreInst = "FIFO_SRL">   --->   Core 80 'FIFO_SRL' <Latency = 0> <II = 1> <Delay = 3.40> <Storage> <Opcode : 'read' 'write' 'nbread' 'nbwrite'> <Ports = 0> <Width = 24> <Depth = 2> <FIFO>
ST_1 : Operation 46 [1/1] (0.00ns)   --->   "%srcLayer1Yuv = alloca i32 1" [prj/sol/.autopilot/db/v_mix.cpp:657]   --->   Operation 46 'alloca' 'srcLayer1Yuv' <Predicate = true> <Delay = 0.00> <CoreInst = "FIFO_SRL">   --->   Core 80 'FIFO_SRL' <Latency = 0> <II = 1> <Delay = 3.40> <Storage> <Opcode : 'read' 'write' 'nbread' 'nbwrite'> <Ports = 0> <Width = 24> <Depth = 2> <FIFO>
ST_1 : Operation 47 [1/1] (0.00ns)   --->   "%srcLayer1Yuv422 = alloca i32 1" [prj/sol/.autopilot/db/v_mix.cpp:658]   --->   Operation 47 'alloca' 'srcLayer1Yuv422' <Predicate = true> <Delay = 0.00> <CoreInst = "FIFO_SRL">   --->   Core 80 'FIFO_SRL' <Latency = 0> <II = 1> <Delay = 3.40> <Storage> <Opcode : 'read' 'write' 'nbread' 'nbwrite'> <Ports = 0> <Width = 24> <Depth = 2> <FIFO>
ST_1 : Operation 48 [1/1] (0.00ns)   --->   "%srcLayer1Rgb = alloca i32 1" [prj/sol/.autopilot/db/v_mix.cpp:659]   --->   Operation 48 'alloca' 'srcLayer1Rgb' <Predicate = true> <Delay = 0.00> <CoreInst = "FIFO_SRL">   --->   Core 80 'FIFO_SRL' <Latency = 0> <II = 1> <Delay = 3.40> <Storage> <Opcode : 'read' 'write' 'nbread' 'nbwrite'> <Ports = 0> <Width = 24> <Depth = 2> <FIFO>
ST_1 : Operation 49 [1/1] (0.00ns)   --->   "%bytesLayer1_plane0 = alloca i32 1" [prj/sol/.autopilot/db/v_mix.cpp:665]   --->   Operation 49 'alloca' 'bytesLayer1_plane0' <Predicate = true> <Delay = 0.00> <CoreInst = "FIFO_SRL">   --->   Core 80 'FIFO_SRL' <Latency = 0> <II = 1> <Delay = 3.40> <Storage> <Opcode : 'read' 'write' 'nbread' 'nbwrite'> <Ports = 0> <Width = 64> <Depth = 2> <FIFO>
ST_1 : Operation 50 [2/2] (1.71ns)   --->   "%call_ln630 = call void @AXIvideo2MultiPixStream, i24 %s_axis_video_V_data_V, i3 %s_axis_video_V_keep_V, i3 %s_axis_video_V_strb_V, i1 %s_axis_video_V_user_V, i1 %s_axis_video_V_last_V, i1 %s_axis_video_V_id_V, i1 %s_axis_video_V_dest_V, i24 %srcLayer0, i11 %HwReg_height_val_read, i11 %HwReg_width_val_read, i1 %HwReg_layerEnableFlag_0_val_read" [prj/sol/.autopilot/db/v_mix.cpp:630]   --->   Operation 50 'call' 'call_ln630' <Predicate = true> <Delay = 1.71> <CoreType = "Generic">   --->   Generic Core
ST_1 : Operation 51 [2/2] (3.92ns)   --->   "%call_ln697 = call void @AXIMMvideo2Bytes<1>, i14 %empty_133, i64 %mm_video1, i32 %HwReg_layer1_buf1_read, i64 %bytesLayer1_plane0, i16 %HwReg_layerHeight_1_val_read, i16 %HwReg_layerStride_1_val_read, i1 %HwReg_layerEnableFlag_1_val_read" [prj/sol/.autopilot/db/v_mix.cpp:697]   --->   Operation 51 'call' 'call_ln697' <Predicate = true> <Delay = 3.92> <CoreType = "Generic">   --->   Generic Core

State 2 <SV = 1> <Delay = 0.00>
ST_2 : Operation 52 [1/2] (0.00ns)   --->   "%call_ln630 = call void @AXIvideo2MultiPixStream, i24 %s_axis_video_V_data_V, i3 %s_axis_video_V_keep_V, i3 %s_axis_video_V_strb_V, i1 %s_axis_video_V_user_V, i1 %s_axis_video_V_last_V, i1 %s_axis_video_V_id_V, i1 %s_axis_video_V_dest_V, i24 %srcLayer0, i11 %HwReg_height_val_read, i11 %HwReg_width_val_read, i1 %HwReg_layerEnableFlag_0_val_read" [prj/sol/.autopilot/db/v_mix.cpp:630]   --->   Operation 52 'call' 'call_ln630' <Predicate = true> <Delay = 0.00> <CoreType = "Generic">   --->   Generic Core
ST_2 : Operation 53 [1/2] (0.00ns)   --->   "%call_ln697 = call void @AXIMMvideo2Bytes<1>, i14 %empty_133, i64 %mm_video1, i32 %HwReg_layer1_buf1_read, i64 %bytesLayer1_plane0, i16 %HwReg_layerHeight_1_val_read, i16 %HwReg_layerStride_1_val_read, i1 %HwReg_layerEnableFlag_1_val_read" [prj/sol/.autopilot/db/v_mix.cpp:697]   --->   Operation 53 'call' 'call_ln697' <Predicate = true> <Delay = 0.00> <CoreType = "Generic">   --->   Generic Core

State 3 <SV = 2> <Delay = 1.29>
ST_3 : Operation 54 [2/2] (1.29ns)   --->   "%call_ln634 = call void @v_mix_420_to_422<false>.1, i24 %srcLayer0, i11 %HwReg_height_val_read, i11 %HwReg_width_val_read, i1 %HwReg_layerEnableFlag_0_val_read, i24 %srcLayer0Yuv422" [prj/sol/.autopilot/db/v_mix.cpp:634]   --->   Operation 54 'call' 'call_ln634' <Predicate = true> <Delay = 1.29> <CoreType = "Generic">   --->   Generic Core
ST_3 : Operation 55 [2/2] (1.29ns)   --->   "%call_ln720 = call void @Bytes2MultiPixStream<13>, i64 %bytesLayer1_plane0, i24 %srcLayer1, i8 %srcLayer1Alpha, i16 %HwReg_layerHeight_1_val_read, i16 %HwReg_layerWidth_1_val_read, i1 %HwReg_layerEnableFlag_1_val_read" [prj/sol/.autopilot/db/v_mix.cpp:720]   --->   Operation 55 'call' 'call_ln720' <Predicate = true> <Delay = 1.29> <CoreType = "Generic">   --->   Generic Core

State 4 <SV = 3> <Delay = 0.00>
ST_4 : Operation 56 [1/2] (0.00ns)   --->   "%call_ln634 = call void @v_mix_420_to_422<false>.1, i24 %srcLayer0, i11 %HwReg_height_val_read, i11 %HwReg_width_val_read, i1 %HwReg_layerEnableFlag_0_val_read, i24 %srcLayer0Yuv422" [prj/sol/.autopilot/db/v_mix.cpp:634]   --->   Operation 56 'call' 'call_ln634' <Predicate = true> <Delay = 0.00> <CoreType = "Generic">   --->   Generic Core
ST_4 : Operation 57 [1/2] (0.00ns)   --->   "%call_ln720 = call void @Bytes2MultiPixStream<13>, i64 %bytesLayer1_plane0, i24 %srcLayer1, i8 %srcLayer1Alpha, i16 %HwReg_layerHeight_1_val_read, i16 %HwReg_layerWidth_1_val_read, i1 %HwReg_layerEnableFlag_1_val_read" [prj/sol/.autopilot/db/v_mix.cpp:720]   --->   Operation 57 'call' 'call_ln720' <Predicate = true> <Delay = 0.00> <CoreType = "Generic">   --->   Generic Core

State 5 <SV = 4> <Delay = 2.38>
ST_5 : Operation 58 [2/2] (1.29ns)   --->   "%call_ln638 = call void @v_mix_422_to_444<false>.2, i24 %srcLayer0Yuv422, i11 %HwReg_height_val_read, i11 %HwReg_width_val_read, i1 %HwReg_layerEnableFlag_0_val_read, i24 %srcLayer0Yuv" [prj/sol/.autopilot/db/v_mix.cpp:638]   --->   Operation 58 'call' 'call_ln638' <Predicate = true> <Delay = 1.29> <CoreType = "Generic">   --->   Generic Core
ST_5 : Operation 59 [2/2] (2.38ns)   --->   "%call_ln735 = call void @v_mix_420_to_422<false>, i24 %srcLayer1, i11 %empty_132, i11 %empty, i1 %HwReg_layerEnableFlag_1_val_read, i24 %srcLayer1Yuv422" [prj/sol/.autopilot/db/v_mix.cpp:735]   --->   Operation 59 'call' 'call_ln735' <Predicate = true> <Delay = 2.38> <CoreType = "Generic">   --->   Generic Core
ST_5 : Operation 60 [2/2] (2.38ns)   --->   "%call_ln752 = call void @v_mix_upsample_alpha<false>, i8 %srcLayer1Alpha, i11 %empty_132, i11 %empty, i1 %HwReg_layerEnableFlag_1_val_read, i8 %srcLayer1Alphax" [prj/sol/.autopilot/db/v_mix.cpp:752]   --->   Operation 60 'call' 'call_ln752' <Predicate = true> <Delay = 2.38> <CoreType = "Generic">   --->   Generic Core

State 6 <SV = 5> <Delay = 0.00>
ST_6 : Operation 61 [1/2] (0.00ns)   --->   "%call_ln638 = call void @v_mix_422_to_444<false>.2, i24 %srcLayer0Yuv422, i11 %HwReg_height_val_read, i11 %HwReg_width_val_read, i1 %HwReg_layerEnableFlag_0_val_read, i24 %srcLayer0Yuv" [prj/sol/.autopilot/db/v_mix.cpp:638]   --->   Operation 61 'call' 'call_ln638' <Predicate = true> <Delay = 0.00> <CoreType = "Generic">   --->   Generic Core
ST_6 : Operation 62 [1/2] (0.00ns)   --->   "%call_ln735 = call void @v_mix_420_to_422<false>, i24 %srcLayer1, i11 %empty_132, i11 %empty, i1 %HwReg_layerEnableFlag_1_val_read, i24 %srcLayer1Yuv422" [prj/sol/.autopilot/db/v_mix.cpp:735]   --->   Operation 62 'call' 'call_ln735' <Predicate = true> <Delay = 0.00> <CoreType = "Generic">   --->   Generic Core
ST_6 : Operation 63 [1/2] (0.00ns)   --->   "%call_ln752 = call void @v_mix_upsample_alpha<false>, i8 %srcLayer1Alpha, i11 %empty_132, i11 %empty, i1 %HwReg_layerEnableFlag_1_val_read, i8 %srcLayer1Alphax" [prj/sol/.autopilot/db/v_mix.cpp:752]   --->   Operation 63 'call' 'call_ln752' <Predicate = true> <Delay = 0.00> <CoreType = "Generic">   --->   Generic Core

State 7 <SV = 6> <Delay = 2.38>
ST_7 : Operation 64 [2/2] (1.29ns)   --->   "%call_ln642 = call void @v_mix_yuv2rgb<false>.3, i24 %srcLayer0Yuv, i11 %HwReg_height_val_read, i11 %HwReg_width_val_read, i1 %HwReg_layerEnableFlag_0_val_read, i24 %outLayer0" [prj/sol/.autopilot/db/v_mix.cpp:642]   --->   Operation 64 'call' 'call_ln642' <Predicate = true> <Delay = 1.29> <CoreType = "Generic">   --->   Generic Core
ST_7 : Operation 65 [2/2] (2.38ns)   --->   "%call_ln738 = call void @v_mix_422_to_444<false>, i24 %srcLayer1Yuv422, i11 %empty_132, i11 %empty, i1 %HwReg_layerEnableFlag_1_val_read, i24 %srcLayer1Yuv" [prj/sol/.autopilot/db/v_mix.cpp:738]   --->   Operation 65 'call' 'call_ln738' <Predicate = true> <Delay = 2.38> <CoreType = "Generic">   --->   Generic Core

State 8 <SV = 7> <Delay = 0.00>
ST_8 : Operation 66 [1/2] (0.00ns)   --->   "%call_ln642 = call void @v_mix_yuv2rgb<false>.3, i24 %srcLayer0Yuv, i11 %HwReg_height_val_read, i11 %HwReg_width_val_read, i1 %HwReg_layerEnableFlag_0_val_read, i24 %outLayer0" [prj/sol/.autopilot/db/v_mix.cpp:642]   --->   Operation 66 'call' 'call_ln642' <Predicate = true> <Delay = 0.00> <CoreType = "Generic">   --->   Generic Core
ST_8 : Operation 67 [1/2] (0.00ns)   --->   "%call_ln738 = call void @v_mix_422_to_444<false>, i24 %srcLayer1Yuv422, i11 %empty_132, i11 %empty, i1 %HwReg_layerEnableFlag_1_val_read, i24 %srcLayer1Yuv" [prj/sol/.autopilot/db/v_mix.cpp:738]   --->   Operation 67 'call' 'call_ln738' <Predicate = true> <Delay = 0.00> <CoreType = "Generic">   --->   Generic Core

State 9 <SV = 8> <Delay = 2.38>
ST_9 : Operation 68 [2/2] (2.38ns)   --->   "%call_ln741 = call void @v_mix_yuv2rgb<false>, i24 %srcLayer1Yuv, i11 %empty_132, i11 %empty, i1 %HwReg_layerEnableFlag_1_val_read, i24 %srcLayer1Rgb" [prj/sol/.autopilot/db/v_mix.cpp:741]   --->   Operation 68 'call' 'call_ln741' <Predicate = true> <Delay = 2.38> <CoreType = "Generic">   --->   Generic Core

State 10 <SV = 9> <Delay = 0.00>
ST_10 : Operation 69 [1/2] (0.00ns)   --->   "%call_ln741 = call void @v_mix_yuv2rgb<false>, i24 %srcLayer1Yuv, i11 %empty_132, i11 %empty, i1 %HwReg_layerEnableFlag_1_val_read, i24 %srcLayer1Rgb" [prj/sol/.autopilot/db/v_mix.cpp:741]   --->   Operation 69 'call' 'call_ln741' <Predicate = true> <Delay = 0.00> <CoreType = "Generic">   --->   Generic Core

State 11 <SV = 10> <Delay = 2.38>
ST_11 : Operation 70 [2/2] (2.38ns)   --->   "%call_ln748 = call void @v_mix_upsample<false>, i24 %srcLayer1Rgb, i11 %empty_132, i11 %empty, i1 %HwReg_layerEnableFlag_1_val_read, i24 %srcLayer1x" [prj/sol/.autopilot/db/v_mix.cpp:748]   --->   Operation 70 'call' 'call_ln748' <Predicate = true> <Delay = 2.38> <CoreType = "Generic">   --->   Generic Core

State 12 <SV = 11> <Delay = 0.00>
ST_12 : Operation 71 [1/2] (0.00ns)   --->   "%call_ln748 = call void @v_mix_upsample<false>, i24 %srcLayer1Rgb, i11 %empty_132, i11 %empty, i1 %HwReg_layerEnableFlag_1_val_read, i24 %srcLayer1x" [prj/sol/.autopilot/db/v_mix.cpp:748]   --->   Operation 71 'call' 'call_ln748' <Predicate = true> <Delay = 0.00> <CoreType = "Generic">   --->   Generic Core

State 13 <SV = 12> <Delay = 4.66>
ST_13 : Operation 72 [1/1] (0.00ns)   --->   "%HwReg_layerScaleFactor_1_val19_read = read i8 @_ssdm_op_Read.ap_auto.i8, i8 %HwReg_layerScaleFactor_1_val19"   --->   Operation 72 'read' 'HwReg_layerScaleFactor_1_val19_read' <Predicate = true> <Delay = 0.00>
ST_13 : Operation 73 [1/1] (0.00ns)   --->   "%HwReg_layerStartY_1_val16_read = read i16 @_ssdm_op_Read.ap_auto.i16, i16 %HwReg_layerStartY_1_val16"   --->   Operation 73 'read' 'HwReg_layerStartY_1_val16_read' <Predicate = true> <Delay = 0.00>
ST_13 : Operation 74 [1/1] (0.00ns)   --->   "%HwReg_layerStartX_1_val15_read = read i16 @_ssdm_op_Read.ap_auto.i16, i16 %HwReg_layerStartX_1_val15"   --->   Operation 74 'read' 'HwReg_layerStartX_1_val15_read' <Predicate = true> <Delay = 0.00>
ST_13 : Operation 75 [1/1] (0.00ns)   --->   "%HwReg_layerAlpha_1_val14_read = read i9 @_ssdm_op_Read.ap_auto.i9, i9 %HwReg_layerAlpha_1_val14"   --->   Operation 75 'read' 'HwReg_layerAlpha_1_val14_read' <Predicate = true> <Delay = 0.00>
ST_13 : Operation 76 [1/1] (0.00ns)   --->   "%HwReg_layerEnable_val13_read = read i2 @_ssdm_op_Read.ap_auto.i2, i2 %HwReg_layerEnable_val13"   --->   Operation 76 'read' 'HwReg_layerEnable_val13_read' <Predicate = true> <Delay = 0.00>
ST_13 : Operation 77 [1/1] (0.00ns)   --->   "%HwReg_background_V_B_val12_read = read i8 @_ssdm_op_Read.ap_auto.i8, i8 %HwReg_background_V_B_val12"   --->   Operation 77 'read' 'HwReg_background_V_B_val12_read' <Predicate = true> <Delay = 0.00>
ST_13 : Operation 78 [1/1] (0.00ns)   --->   "%HwReg_background_U_G_val11_read = read i8 @_ssdm_op_Read.ap_auto.i8, i8 %HwReg_background_U_G_val11"   --->   Operation 78 'read' 'HwReg_background_U_G_val11_read' <Predicate = true> <Delay = 0.00>
ST_13 : Operation 79 [1/1] (0.00ns)   --->   "%HwReg_background_Y_R_val10_read = read i8 @_ssdm_op_Read.ap_auto.i8, i8 %HwReg_background_Y_R_val10"   --->   Operation 79 'read' 'HwReg_background_Y_R_val10_read' <Predicate = true> <Delay = 0.00>
ST_13 : Operation 80 [2/2] (4.66ns)   --->   "%call_ln756 = call void @v_mix_core_alpha<true, true>, i24 %outLayer0, i24 %srcLayer1x, i8 %srcLayer1Alphax, i11 %HwReg_width_val_read, i11 %HwReg_height_val_read, i8 %HwReg_background_Y_R_val10_read, i8 %HwReg_background_U_G_val11_read, i8 %HwReg_background_V_B_val12_read, i2 %HwReg_layerEnable_val13_read, i9 %HwReg_layerAlpha_1_val14_read, i16 %HwReg_layerStartX_1_val15_read, i16 %HwReg_layerStartY_1_val16_read, i16 %HwReg_layerWidth_1_val_read, i16 %HwReg_layerHeight_1_val_read, i8 %HwReg_layerScaleFactor_1_val19_read, i24 %outLayer1" [prj/sol/.autopilot/db/v_mix.cpp:756]   --->   Operation 80 'call' 'call_ln756' <Predicate = true> <Delay = 4.66> <CoreType = "Generic">   --->   Generic Core

State 14 <SV = 13> <Delay = 1.48>
ST_14 : Operation 81 [1/2] (1.48ns)   --->   "%call_ln756 = call void @v_mix_core_alpha<true, true>, i24 %outLayer0, i24 %srcLayer1x, i8 %srcLayer1Alphax, i11 %HwReg_width_val_read, i11 %HwReg_height_val_read, i8 %HwReg_background_Y_R_val10_read, i8 %HwReg_background_U_G_val11_read, i8 %HwReg_background_V_B_val12_read, i2 %HwReg_layerEnable_val13_read, i9 %HwReg_layerAlpha_1_val14_read, i16 %HwReg_layerStartX_1_val15_read, i16 %HwReg_layerStartY_1_val16_read, i16 %HwReg_layerWidth_1_val_read, i16 %HwReg_layerHeight_1_val_read, i8 %HwReg_layerScaleFactor_1_val19_read, i24 %outLayer1" [prj/sol/.autopilot/db/v_mix.cpp:756]   --->   Operation 81 'call' 'call_ln756' <Predicate = true> <Delay = 1.48> <CoreType = "Generic">   --->   Generic Core

State 15 <SV = 14> <Delay = 0.00>
ST_15 : Operation 82 [2/2] (0.00ns)   --->   "%call_ln2392 = call void @v_mix_rgb2yuv<false>, i24 %outLayer1, i11 %HwReg_height_val_read, i11 %HwReg_width_val_read, i24 %outYuv" [prj/sol/.autopilot/db/v_mix.cpp:2392]   --->   Operation 82 'call' 'call_ln2392' <Predicate = true> <Delay = 0.00> <CoreType = "Generic">   --->   Generic Core

State 16 <SV = 15> <Delay = 1.48>
ST_16 : Operation 83 [1/2] (1.48ns)   --->   "%call_ln2392 = call void @v_mix_rgb2yuv<false>, i24 %outLayer1, i11 %HwReg_height_val_read, i11 %HwReg_width_val_read, i24 %outYuv" [prj/sol/.autopilot/db/v_mix.cpp:2392]   --->   Operation 83 'call' 'call_ln2392' <Predicate = true> <Delay = 1.48> <CoreType = "Generic">   --->   Generic Core

State 17 <SV = 16> <Delay = 0.00>
ST_17 : Operation 84 [2/2] (0.00ns)   --->   "%call_ln2401 = call void @v_mix_444_to_422<false>, i24 %outYuv, i11 %HwReg_height_val_read, i11 %HwReg_width_val_read, i24 %out422" [prj/sol/.autopilot/db/v_mix.cpp:2401]   --->   Operation 84 'call' 'call_ln2401' <Predicate = true> <Delay = 0.00> <CoreType = "Generic">   --->   Generic Core

State 18 <SV = 17> <Delay = 1.48>
ST_18 : Operation 85 [1/2] (1.48ns)   --->   "%call_ln2401 = call void @v_mix_444_to_422<false>, i24 %outYuv, i11 %HwReg_height_val_read, i11 %HwReg_width_val_read, i24 %out422" [prj/sol/.autopilot/db/v_mix.cpp:2401]   --->   Operation 85 'call' 'call_ln2401' <Predicate = true> <Delay = 1.48> <CoreType = "Generic">   --->   Generic Core

State 19 <SV = 18> <Delay = 0.00>
ST_19 : Operation 86 [2/2] (0.00ns)   --->   "%call_ln2405 = call void @v_mix_422_to_420<false>, i24 %out422, i11 %HwReg_height_val_read, i11 %HwReg_width_val_read, i24 %out420" [prj/sol/.autopilot/db/v_mix.cpp:2405]   --->   Operation 86 'call' 'call_ln2405' <Predicate = true> <Delay = 0.00> <CoreType = "Generic">   --->   Generic Core

State 20 <SV = 19> <Delay = 1.48>
ST_20 : Operation 87 [1/2] (1.48ns)   --->   "%call_ln2405 = call void @v_mix_422_to_420<false>, i24 %out422, i11 %HwReg_height_val_read, i11 %HwReg_width_val_read, i24 %out420" [prj/sol/.autopilot/db/v_mix.cpp:2405]   --->   Operation 87 'call' 'call_ln2405' <Predicate = true> <Delay = 1.48> <CoreType = "Generic">   --->   Generic Core

State 21 <SV = 20> <Delay = 0.00>
ST_21 : Operation 88 [2/2] (0.00ns)   --->   "%call_ln2408 = call void @MultiPixStream2AXIvideo, i24 %out420, i24 %m_axis_video_V_data_V, i3 %m_axis_video_V_keep_V, i3 %m_axis_video_V_strb_V, i1 %m_axis_video_V_user_V, i1 %m_axis_video_V_last_V, i1 %m_axis_video_V_id_V, i1 %m_axis_video_V_dest_V, i11 %HwReg_height_val_read, i11 %HwReg_width_val_read" [prj/sol/.autopilot/db/v_mix.cpp:2408]   --->   Operation 88 'call' 'call_ln2408' <Predicate = true> <Delay = 0.00> <CoreType = "Generic">   --->   Generic Core

State 22 <SV = 21> <Delay = 1.48>
ST_22 : Operation 89 [1/1] (0.00ns)   --->   "%specstablecontent_ln0 = specstablecontent void @_ssdm_op_SpecStableContent, i16 %HwReg_layerStride_1_val, i1 1, void @p_str"   --->   Operation 89 'specstablecontent' 'specstablecontent_ln0' <Predicate = true> <Delay = 0.00>
ST_22 : Operation 90 [1/1] (0.00ns)   --->   "%specstablecontent_ln0 = specstablecontent void @_ssdm_op_SpecStableContent, i8 %HwReg_layerScaleFactor_1_val19, i1 1, void @p_str"   --->   Operation 90 'specstablecontent' 'specstablecontent_ln0' <Predicate = true> <Delay = 0.00>
ST_22 : Operation 91 [1/1] (0.00ns)   --->   "%specstablecontent_ln0 = specstablecontent void @_ssdm_op_SpecStableContent, i16 %HwReg_layerHeight_1_val, i1 1, void @p_str"   --->   Operation 91 'specstablecontent' 'specstablecontent_ln0' <Predicate = true> <Delay = 0.00>
ST_22 : Operation 92 [1/1] (0.00ns)   --->   "%specstablecontent_ln0 = specstablecontent void @_ssdm_op_SpecStableContent, i16 %HwReg_layerWidth_1_val, i1 1, void @p_str"   --->   Operation 92 'specstablecontent' 'specstablecontent_ln0' <Predicate = true> <Delay = 0.00>
ST_22 : Operation 93 [1/1] (0.00ns)   --->   "%specstablecontent_ln0 = specstablecontent void @_ssdm_op_SpecStableContent, i16 %HwReg_layerStartY_1_val16, i1 1, void @p_str"   --->   Operation 93 'specstablecontent' 'specstablecontent_ln0' <Predicate = true> <Delay = 0.00>
ST_22 : Operation 94 [1/1] (0.00ns)   --->   "%specstablecontent_ln0 = specstablecontent void @_ssdm_op_SpecStableContent, i16 %HwReg_layerStartX_1_val15, i1 1, void @p_str"   --->   Operation 94 'specstablecontent' 'specstablecontent_ln0' <Predicate = true> <Delay = 0.00>
ST_22 : Operation 95 [1/1] (0.00ns)   --->   "%specstablecontent_ln0 = specstablecontent void @_ssdm_op_SpecStableContent, i9 %HwReg_layerAlpha_1_val14, i1 1, void @p_str"   --->   Operation 95 'specstablecontent' 'specstablecontent_ln0' <Predicate = true> <Delay = 0.00>
ST_22 : Operation 96 [1/1] (0.00ns)   --->   "%specstablecontent_ln0 = specstablecontent void @_ssdm_op_SpecStableContent, i1 %HwReg_layerEnableFlag_1_val, i1 1, void @p_str"   --->   Operation 96 'specstablecontent' 'specstablecontent_ln0' <Predicate = true> <Delay = 0.00>
ST_22 : Operation 97 [1/1] (0.00ns)   --->   "%specstablecontent_ln0 = specstablecontent void @_ssdm_op_SpecStableContent, i1 %HwReg_layerEnableFlag_0_val, i1 1, void @p_str"   --->   Operation 97 'specstablecontent' 'specstablecontent_ln0' <Predicate = true> <Delay = 0.00>
ST_22 : Operation 98 [1/1] (0.00ns)   --->   "%specstablecontent_ln0 = specstablecontent void @_ssdm_op_SpecStableContent, i32 %HwReg_layer1_buf1, i1 1, void @p_str"   --->   Operation 98 'specstablecontent' 'specstablecontent_ln0' <Predicate = true> <Delay = 0.00>
ST_22 : Operation 99 [1/1] (0.00ns)   --->   "%specstablecontent_ln0 = specstablecontent void @_ssdm_op_SpecStableContent, i64 %mm_video1, i1 1, void @p_str"   --->   Operation 99 'specstablecontent' 'specstablecontent_ln0' <Predicate = true> <Delay = 0.00>
ST_22 : Operation 100 [1/1] (0.00ns)   --->   "%specstablecontent_ln0 = specstablecontent void @_ssdm_op_SpecStableContent, i2 %HwReg_layerEnable_val13, i1 1, void @p_str"   --->   Operation 100 'specstablecontent' 'specstablecontent_ln0' <Predicate = true> <Delay = 0.00>
ST_22 : Operation 101 [1/1] (0.00ns)   --->   "%specdataflowpipeline_ln0 = specdataflowpipeline void @_ssdm_op_SpecDataflowPipeline, i32 4294967295, i32 0, void @empty_46"   --->   Operation 101 'specdataflowpipeline' 'specdataflowpipeline_ln0' <Predicate = true> <Delay = 0.00>
ST_22 : Operation 102 [1/1] (0.00ns)   --->   "%specaxissidechannel_ln0 = specaxissidechannel void @_ssdm_op_SpecAXISSideChannel, i24 %m_axis_video_V_data_V, i3 %m_axis_video_V_keep_V, i3 %m_axis_video_V_strb_V, i1 %m_axis_video_V_user_V, i1 %m_axis_video_V_last_V, i1 %m_axis_video_V_id_V, i1 %m_axis_video_V_dest_V, void @empty_6"   --->   Operation 102 'specaxissidechannel' 'specaxissidechannel_ln0' <Predicate = true> <Delay = 0.00>
ST_22 : Operation 103 [1/1] (0.00ns)   --->   "%specaxissidechannel_ln0 = specaxissidechannel void @_ssdm_op_SpecAXISSideChannel, i24 %s_axis_video_V_data_V, i3 %s_axis_video_V_keep_V, i3 %s_axis_video_V_strb_V, i1 %s_axis_video_V_user_V, i1 %s_axis_video_V_last_V, i1 %s_axis_video_V_id_V, i1 %s_axis_video_V_dest_V, void @empty_32"   --->   Operation 103 'specaxissidechannel' 'specaxissidechannel_ln0' <Predicate = true> <Delay = 0.00>
ST_22 : Operation 104 [1/1] (0.00ns)   --->   "%specstablecontent_ln0 = specstablecontent void @_ssdm_op_SpecStableContent, i8 %HwReg_background_V_B_val12, i1 1, void "   --->   Operation 104 'specstablecontent' 'specstablecontent_ln0' <Predicate = true> <Delay = 0.00>
ST_22 : Operation 105 [1/1] (0.00ns)   --->   "%specstablecontent_ln0 = specstablecontent void @_ssdm_op_SpecStableContent, i8 %HwReg_background_U_G_val11, i1 1, void "   --->   Operation 105 'specstablecontent' 'specstablecontent_ln0' <Predicate = true> <Delay = 0.00>
ST_22 : Operation 106 [1/1] (0.00ns)   --->   "%specstablecontent_ln0 = specstablecontent void @_ssdm_op_SpecStableContent, i8 %HwReg_background_Y_R_val10, i1 1, void "   --->   Operation 106 'specstablecontent' 'specstablecontent_ln0' <Predicate = true> <Delay = 0.00>
ST_22 : Operation 107 [1/1] (0.00ns)   --->   "%specstablecontent_ln0 = specstablecontent void @_ssdm_op_SpecStableContent, i11 %HwReg_height_val, i1 1, void "   --->   Operation 107 'specstablecontent' 'specstablecontent_ln0' <Predicate = true> <Delay = 0.00>
ST_22 : Operation 108 [1/1] (0.00ns)   --->   "%specstablecontent_ln0 = specstablecontent void @_ssdm_op_SpecStableContent, i11 %HwReg_height_val, i1 1, void "   --->   Operation 108 'specstablecontent' 'specstablecontent_ln0' <Predicate = true> <Delay = 0.00>
ST_22 : Operation 109 [1/1] (0.00ns)   --->   "%specstablecontent_ln0 = specstablecontent void @_ssdm_op_SpecStableContent, i11 %HwReg_width_val, i1 1, void "   --->   Operation 109 'specstablecontent' 'specstablecontent_ln0' <Predicate = true> <Delay = 0.00>
ST_22 : Operation 110 [1/1] (0.00ns)   --->   "%specstablecontent_ln0 = specstablecontent void @_ssdm_op_SpecStableContent, i11 %HwReg_width_val, i1 1, void "   --->   Operation 110 'specstablecontent' 'specstablecontent_ln0' <Predicate = true> <Delay = 0.00>
ST_22 : Operation 111 [1/1] (0.00ns)   --->   "%specinterface_ln0 = specinterface void @_ssdm_op_SpecInterface, i1 %m_axis_video_V_dest_V, i1 %m_axis_video_V_id_V, i1 %m_axis_video_V_last_V, i1 %m_axis_video_V_user_V, i3 %m_axis_video_V_strb_V, i3 %m_axis_video_V_keep_V, i24 %m_axis_video_V_data_V, void @empty_28, i32 0, i32 0, void @empty_27, i32 0, i32 0, void @empty_46, void @empty_46, void @empty_46, i32 0, i32 0, i32 0, i32 0, void @empty_46, void @empty_46, i32 4294967295, i32 0, i32 0, i32 0"   --->   Operation 111 'specinterface' 'specinterface_ln0' <Predicate = true> <Delay = 0.00>
ST_22 : Operation 112 [1/1] (0.00ns)   --->   "%specinterface_ln0 = specinterface void @_ssdm_op_SpecInterface, i1 %s_axis_video_V_dest_V, i1 %s_axis_video_V_id_V, i1 %s_axis_video_V_last_V, i1 %s_axis_video_V_user_V, i3 %s_axis_video_V_strb_V, i3 %s_axis_video_V_keep_V, i24 %s_axis_video_V_data_V, void @empty_28, i32 0, i32 0, void @empty_27, i32 0, i32 0, void @empty_46, void @empty_46, void @empty_46, i32 0, i32 0, i32 0, i32 0, void @empty_46, void @empty_46, i32 4294967295, i32 0, i32 0, i32 0"   --->   Operation 112 'specinterface' 'specinterface_ln0' <Predicate = true> <Delay = 0.00>
ST_22 : Operation 113 [1/1] (0.00ns)   --->   "%specinterface_ln0 = specinterface void @_ssdm_op_SpecInterface, i64 %mm_video1, void @empty, i32 0, i32 0, void @empty_46, i32 100, i32 4096, void @empty_30, void @empty_29, void @empty_46, i32 4, i32 16, i32 16, i32 16, void @empty_46, void @empty_46, i32 4294967295, i32 0, i32 0, i32 8"   --->   Operation 113 'specinterface' 'specinterface_ln0' <Predicate = true> <Delay = 0.00>
ST_22 : Operation 114 [1/1] (0.00ns)   --->   "%empty_134 = specchannel i32 @_ssdm_op_SpecChannel, void @srcLayer0_str, i32 1, void @p_str, void @p_str, i32 2, i32 2, i24 %srcLayer0, i24 %srcLayer0"   --->   Operation 114 'specchannel' 'empty_134' <Predicate = true> <Delay = 0.00>
ST_22 : Operation 115 [1/1] (0.00ns)   --->   "%specinterface_ln0 = specinterface void @_ssdm_op_SpecInterface, i24 %srcLayer0, void @empty_31, i32 0, i32 0, void @empty_46, i32 0, i32 0, void @empty_46, void @empty_46, void @empty_46, i32 0, i32 0, i32 0, i32 0, void @empty_46, void @empty_46, i32 4294967295, i32 0, i32 0, i32 0"   --->   Operation 115 'specinterface' 'specinterface_ln0' <Predicate = true> <Delay = 0.00>
ST_22 : Operation 116 [1/1] (0.00ns)   --->   "%empty_135 = specchannel i32 @_ssdm_op_SpecChannel, void @srcLayer0Yuv422_str, i32 1, void @p_str, void @p_str, i32 2, i32 2, i24 %srcLayer0Yuv422, i24 %srcLayer0Yuv422"   --->   Operation 116 'specchannel' 'empty_135' <Predicate = true> <Delay = 0.00>
ST_22 : Operation 117 [1/1] (0.00ns)   --->   "%specinterface_ln0 = specinterface void @_ssdm_op_SpecInterface, i24 %srcLayer0Yuv422, void @empty_31, i32 0, i32 0, void @empty_46, i32 0, i32 0, void @empty_46, void @empty_46, void @empty_46, i32 0, i32 0, i32 0, i32 0, void @empty_46, void @empty_46, i32 4294967295, i32 0, i32 0, i32 0"   --->   Operation 117 'specinterface' 'specinterface_ln0' <Predicate = true> <Delay = 0.00>
ST_22 : Operation 118 [1/1] (0.00ns)   --->   "%empty_136 = specchannel i32 @_ssdm_op_SpecChannel, void @srcLayer0Yuv_str, i32 1, void @p_str, void @p_str, i32 2, i32 2, i24 %srcLayer0Yuv, i24 %srcLayer0Yuv"   --->   Operation 118 'specchannel' 'empty_136' <Predicate = true> <Delay = 0.00>
ST_22 : Operation 119 [1/1] (0.00ns)   --->   "%specinterface_ln0 = specinterface void @_ssdm_op_SpecInterface, i24 %srcLayer0Yuv, void @empty_31, i32 0, i32 0, void @empty_46, i32 0, i32 0, void @empty_46, void @empty_46, void @empty_46, i32 0, i32 0, i32 0, i32 0, void @empty_46, void @empty_46, i32 4294967295, i32 0, i32 0, i32 0"   --->   Operation 119 'specinterface' 'specinterface_ln0' <Predicate = true> <Delay = 0.00>
ST_22 : Operation 120 [1/1] (0.00ns)   --->   "%empty_137 = specchannel i32 @_ssdm_op_SpecChannel, void @outLayer0_str, i32 1, void @p_str, void @p_str, i32 2, i32 2, i24 %outLayer0, i24 %outLayer0"   --->   Operation 120 'specchannel' 'empty_137' <Predicate = true> <Delay = 0.00>
ST_22 : Operation 121 [1/1] (0.00ns)   --->   "%specinterface_ln0 = specinterface void @_ssdm_op_SpecInterface, i24 %outLayer0, void @empty_31, i32 0, i32 0, void @empty_46, i32 0, i32 0, void @empty_46, void @empty_46, void @empty_46, i32 0, i32 0, i32 0, i32 0, void @empty_46, void @empty_46, i32 4294967295, i32 0, i32 0, i32 0"   --->   Operation 121 'specinterface' 'specinterface_ln0' <Predicate = true> <Delay = 0.00>
ST_22 : Operation 122 [1/1] (0.00ns)   --->   "%empty_138 = specchannel i32 @_ssdm_op_SpecChannel, void @outYuv_str, i32 1, void @p_str, void @p_str, i32 2, i32 2, i24 %outYuv, i24 %outYuv"   --->   Operation 122 'specchannel' 'empty_138' <Predicate = true> <Delay = 0.00>
ST_22 : Operation 123 [1/1] (0.00ns)   --->   "%specinterface_ln0 = specinterface void @_ssdm_op_SpecInterface, i24 %outYuv, void @empty_31, i32 0, i32 0, void @empty_46, i32 0, i32 0, void @empty_46, void @empty_46, void @empty_46, i32 0, i32 0, i32 0, i32 0, void @empty_46, void @empty_46, i32 4294967295, i32 0, i32 0, i32 0"   --->   Operation 123 'specinterface' 'specinterface_ln0' <Predicate = true> <Delay = 0.00>
ST_22 : Operation 124 [1/1] (0.00ns)   --->   "%empty_139 = specchannel i32 @_ssdm_op_SpecChannel, void @out422_str, i32 1, void @p_str, void @p_str, i32 2, i32 2, i24 %out422, i24 %out422"   --->   Operation 124 'specchannel' 'empty_139' <Predicate = true> <Delay = 0.00>
ST_22 : Operation 125 [1/1] (0.00ns)   --->   "%specinterface_ln0 = specinterface void @_ssdm_op_SpecInterface, i24 %out422, void @empty_31, i32 0, i32 0, void @empty_46, i32 0, i32 0, void @empty_46, void @empty_46, void @empty_46, i32 0, i32 0, i32 0, i32 0, void @empty_46, void @empty_46, i32 4294967295, i32 0, i32 0, i32 0"   --->   Operation 125 'specinterface' 'specinterface_ln0' <Predicate = true> <Delay = 0.00>
ST_22 : Operation 126 [1/1] (0.00ns)   --->   "%empty_140 = specchannel i32 @_ssdm_op_SpecChannel, void @out420_str, i32 1, void @p_str, void @p_str, i32 2, i32 2, i24 %out420, i24 %out420"   --->   Operation 126 'specchannel' 'empty_140' <Predicate = true> <Delay = 0.00>
ST_22 : Operation 127 [1/1] (0.00ns)   --->   "%specinterface_ln0 = specinterface void @_ssdm_op_SpecInterface, i24 %out420, void @empty_31, i32 0, i32 0, void @empty_46, i32 0, i32 0, void @empty_46, void @empty_46, void @empty_46, i32 0, i32 0, i32 0, i32 0, void @empty_46, void @empty_46, i32 4294967295, i32 0, i32 0, i32 0"   --->   Operation 127 'specinterface' 'specinterface_ln0' <Predicate = true> <Delay = 0.00>
ST_22 : Operation 128 [1/1] (0.00ns)   --->   "%empty_141 = specchannel i32 @_ssdm_op_SpecChannel, void @srcLayer1_str, i32 1, void @p_str, void @p_str, i32 2, i32 2, i24 %srcLayer1, i24 %srcLayer1"   --->   Operation 128 'specchannel' 'empty_141' <Predicate = true> <Delay = 0.00>
ST_22 : Operation 129 [1/1] (0.00ns)   --->   "%specinterface_ln0 = specinterface void @_ssdm_op_SpecInterface, i24 %srcLayer1, void @empty_31, i32 0, i32 0, void @empty_46, i32 0, i32 0, void @empty_46, void @empty_46, void @empty_46, i32 0, i32 0, i32 0, i32 0, void @empty_46, void @empty_46, i32 4294967295, i32 0, i32 0, i32 0"   --->   Operation 129 'specinterface' 'specinterface_ln0' <Predicate = true> <Delay = 0.00>
ST_22 : Operation 130 [1/1] (0.00ns)   --->   "%empty_142 = specchannel i32 @_ssdm_op_SpecChannel, void @srcLayer1x_str, i32 1, void @p_str, void @p_str, i32 2, i32 2, i24 %srcLayer1x, i24 %srcLayer1x"   --->   Operation 130 'specchannel' 'empty_142' <Predicate = true> <Delay = 0.00>
ST_22 : Operation 131 [1/1] (0.00ns)   --->   "%specinterface_ln0 = specinterface void @_ssdm_op_SpecInterface, i24 %srcLayer1x, void @empty_31, i32 0, i32 0, void @empty_46, i32 0, i32 0, void @empty_46, void @empty_46, void @empty_46, i32 0, i32 0, i32 0, i32 0, void @empty_46, void @empty_46, i32 4294967295, i32 0, i32 0, i32 0"   --->   Operation 131 'specinterface' 'specinterface_ln0' <Predicate = true> <Delay = 0.00>
ST_22 : Operation 132 [1/1] (0.00ns)   --->   "%empty_143 = specchannel i32 @_ssdm_op_SpecChannel, void @srcLayer1Alpha_str, i32 1, void @p_str, void @p_str, i32 16, i32 16, i8 %srcLayer1Alpha, i8 %srcLayer1Alpha"   --->   Operation 132 'specchannel' 'empty_143' <Predicate = true> <Delay = 0.00>
ST_22 : Operation 133 [1/1] (0.00ns)   --->   "%specinterface_ln0 = specinterface void @_ssdm_op_SpecInterface, i8 %srcLayer1Alpha, void @empty_31, i32 0, i32 0, void @empty_46, i32 0, i32 0, void @empty_46, void @empty_46, void @empty_46, i32 0, i32 0, i32 0, i32 0, void @empty_46, void @empty_46, i32 4294967295, i32 0, i32 0, i32 0"   --->   Operation 133 'specinterface' 'specinterface_ln0' <Predicate = true> <Delay = 0.00>
ST_22 : Operation 134 [1/1] (0.00ns)   --->   "%empty_144 = specchannel i32 @_ssdm_op_SpecChannel, void @srcLayer1Alphax_str, i32 1, void @p_str, void @p_str, i32 16, i32 16, i8 %srcLayer1Alphax, i8 %srcLayer1Alphax"   --->   Operation 134 'specchannel' 'empty_144' <Predicate = true> <Delay = 0.00>
ST_22 : Operation 135 [1/1] (0.00ns)   --->   "%specinterface_ln0 = specinterface void @_ssdm_op_SpecInterface, i8 %srcLayer1Alphax, void @empty_31, i32 0, i32 0, void @empty_46, i32 0, i32 0, void @empty_46, void @empty_46, void @empty_46, i32 0, i32 0, i32 0, i32 0, void @empty_46, void @empty_46, i32 4294967295, i32 0, i32 0, i32 0"   --->   Operation 135 'specinterface' 'specinterface_ln0' <Predicate = true> <Delay = 0.00>
ST_22 : Operation 136 [1/1] (0.00ns)   --->   "%empty_145 = specchannel i32 @_ssdm_op_SpecChannel, void @outLayer1_str, i32 1, void @p_str, void @p_str, i32 2, i32 2, i24 %outLayer1, i24 %outLayer1"   --->   Operation 136 'specchannel' 'empty_145' <Predicate = true> <Delay = 0.00>
ST_22 : Operation 137 [1/1] (0.00ns)   --->   "%specinterface_ln0 = specinterface void @_ssdm_op_SpecInterface, i24 %outLayer1, void @empty_31, i32 0, i32 0, void @empty_46, i32 0, i32 0, void @empty_46, void @empty_46, void @empty_46, i32 0, i32 0, i32 0, i32 0, void @empty_46, void @empty_46, i32 4294967295, i32 0, i32 0, i32 0"   --->   Operation 137 'specinterface' 'specinterface_ln0' <Predicate = true> <Delay = 0.00>
ST_22 : Operation 138 [1/1] (0.00ns)   --->   "%empty_146 = specchannel i32 @_ssdm_op_SpecChannel, void @srcLayer1Yuv_str, i32 1, void @p_str, void @p_str, i32 2, i32 2, i24 %srcLayer1Yuv, i24 %srcLayer1Yuv"   --->   Operation 138 'specchannel' 'empty_146' <Predicate = true> <Delay = 0.00>
ST_22 : Operation 139 [1/1] (0.00ns)   --->   "%specinterface_ln0 = specinterface void @_ssdm_op_SpecInterface, i24 %srcLayer1Yuv, void @empty_31, i32 0, i32 0, void @empty_46, i32 0, i32 0, void @empty_46, void @empty_46, void @empty_46, i32 0, i32 0, i32 0, i32 0, void @empty_46, void @empty_46, i32 4294967295, i32 0, i32 0, i32 0"   --->   Operation 139 'specinterface' 'specinterface_ln0' <Predicate = true> <Delay = 0.00>
ST_22 : Operation 140 [1/1] (0.00ns)   --->   "%empty_147 = specchannel i32 @_ssdm_op_SpecChannel, void @srcLayer1Yuv422_str, i32 1, void @p_str, void @p_str, i32 2, i32 2, i24 %srcLayer1Yuv422, i24 %srcLayer1Yuv422"   --->   Operation 140 'specchannel' 'empty_147' <Predicate = true> <Delay = 0.00>
ST_22 : Operation 141 [1/1] (0.00ns)   --->   "%specinterface_ln0 = specinterface void @_ssdm_op_SpecInterface, i24 %srcLayer1Yuv422, void @empty_31, i32 0, i32 0, void @empty_46, i32 0, i32 0, void @empty_46, void @empty_46, void @empty_46, i32 0, i32 0, i32 0, i32 0, void @empty_46, void @empty_46, i32 4294967295, i32 0, i32 0, i32 0"   --->   Operation 141 'specinterface' 'specinterface_ln0' <Predicate = true> <Delay = 0.00>
ST_22 : Operation 142 [1/1] (0.00ns)   --->   "%empty_148 = specchannel i32 @_ssdm_op_SpecChannel, void @srcLayer1Rgb_str, i32 1, void @p_str, void @p_str, i32 2, i32 2, i24 %srcLayer1Rgb, i24 %srcLayer1Rgb"   --->   Operation 142 'specchannel' 'empty_148' <Predicate = true> <Delay = 0.00>
ST_22 : Operation 143 [1/1] (0.00ns)   --->   "%specinterface_ln0 = specinterface void @_ssdm_op_SpecInterface, i24 %srcLayer1Rgb, void @empty_31, i32 0, i32 0, void @empty_46, i32 0, i32 0, void @empty_46, void @empty_46, void @empty_46, i32 0, i32 0, i32 0, i32 0, void @empty_46, void @empty_46, i32 4294967295, i32 0, i32 0, i32 0"   --->   Operation 143 'specinterface' 'specinterface_ln0' <Predicate = true> <Delay = 0.00>
ST_22 : Operation 144 [1/1] (0.00ns)   --->   "%empty_149 = specchannel i32 @_ssdm_op_SpecChannel, void @bytesLayer1_OC_plane0_str, i32 1, void @p_str, void @p_str, i32 2, i32 2, i64 %bytesLayer1_plane0, i64 %bytesLayer1_plane0"   --->   Operation 144 'specchannel' 'empty_149' <Predicate = true> <Delay = 0.00>
ST_22 : Operation 145 [1/1] (0.00ns)   --->   "%specinterface_ln0 = specinterface void @_ssdm_op_SpecInterface, i64 %bytesLayer1_plane0, void @empty_31, i32 0, i32 0, void @empty_46, i32 0, i32 0, void @empty_46, void @empty_46, void @empty_46, i32 0, i32 0, i32 0, i32 0, void @empty_46, void @empty_46, i32 4294967295, i32 0, i32 0, i32 0"   --->   Operation 145 'specinterface' 'specinterface_ln0' <Predicate = true> <Delay = 0.00>
ST_22 : Operation 146 [1/2] (1.48ns)   --->   "%call_ln2408 = call void @MultiPixStream2AXIvideo, i24 %out420, i24 %m_axis_video_V_data_V, i3 %m_axis_video_V_keep_V, i3 %m_axis_video_V_strb_V, i1 %m_axis_video_V_user_V, i1 %m_axis_video_V_last_V, i1 %m_axis_video_V_id_V, i1 %m_axis_video_V_dest_V, i11 %HwReg_height_val_read, i11 %HwReg_width_val_read" [prj/sol/.autopilot/db/v_mix.cpp:2408]   --->   Operation 146 'call' 'call_ln2408' <Predicate = true> <Delay = 1.48> <CoreType = "Generic">   --->   Generic Core
ST_22 : Operation 147 [1/1] (0.00ns)   --->   "%ret_ln2409 = ret" [prj/sol/.autopilot/db/v_mix.cpp:2409]   --->   Operation 147 'ret' 'ret_ln2409' <Predicate = true> <Delay = 0.00>


============================================================
+ Verbose Summary: Timing violations
============================================================
Target clock period: 6.522ns, clock uncertainty: 1.761ns.

 <State 1>: 3.926ns
The critical path consists of the following:
	wire read operation ('HwReg_layerStride_1_val_read') on port 'HwReg_layerStride_1_val' [32]  (0.000 ns)
	'call' operation ('call_ln697', prj/sol/.autopilot/db/v_mix.cpp:697) to 'AXIMMvideo2Bytes<1>' [128]  (3.926 ns)

 <State 2>: 0.000ns
The critical path consists of the following:

 <State 3>: 1.298ns
The critical path consists of the following:
	'call' operation ('call_ln634', prj/sol/.autopilot/db/v_mix.cpp:634) to 'v_mix_420_to_422<false>.1' [125]  (1.298 ns)

 <State 4>: 0.000ns
The critical path consists of the following:

 <State 5>: 2.381ns
The critical path consists of the following:
	'call' operation ('call_ln735', prj/sol/.autopilot/db/v_mix.cpp:735) to 'v_mix_420_to_422<false>' [130]  (2.381 ns)

 <State 6>: 0.000ns
The critical path consists of the following:

 <State 7>: 2.381ns
The critical path consists of the following:
	'call' operation ('call_ln738', prj/sol/.autopilot/db/v_mix.cpp:738) to 'v_mix_422_to_444<false>' [131]  (2.381 ns)

 <State 8>: 0.000ns
The critical path consists of the following:

 <State 9>: 2.381ns
The critical path consists of the following:
	'call' operation ('call_ln741', prj/sol/.autopilot/db/v_mix.cpp:741) to 'v_mix_yuv2rgb<false>' [132]  (2.381 ns)

 <State 10>: 0.000ns
The critical path consists of the following:

 <State 11>: 2.381ns
The critical path consists of the following:
	'call' operation ('call_ln748', prj/sol/.autopilot/db/v_mix.cpp:748) to 'v_mix_upsample<false>' [133]  (2.381 ns)

 <State 12>: 0.000ns
The critical path consists of the following:

 <State 13>: 4.666ns
The critical path consists of the following:
	wire read operation ('HwReg_layerScaleFactor_1_val19_read') on port 'HwReg_layerScaleFactor_1_val19' [33]  (0.000 ns)
	'call' operation ('call_ln756', prj/sol/.autopilot/db/v_mix.cpp:756) to 'v_mix_core_alpha<true, true>' [135]  (4.666 ns)

 <State 14>: 1.482ns
The critical path consists of the following:
	'call' operation ('call_ln756', prj/sol/.autopilot/db/v_mix.cpp:756) to 'v_mix_core_alpha<true, true>' [135]  (1.482 ns)

 <State 15>: 0.000ns
The critical path consists of the following:

 <State 16>: 1.482ns
The critical path consists of the following:
	'call' operation ('call_ln2392', prj/sol/.autopilot/db/v_mix.cpp:2392) to 'v_mix_rgb2yuv<false>' [136]  (1.482 ns)

 <State 17>: 0.000ns
The critical path consists of the following:

 <State 18>: 1.482ns
The critical path consists of the following:
	'call' operation ('call_ln2401', prj/sol/.autopilot/db/v_mix.cpp:2401) to 'v_mix_444_to_422<false>' [137]  (1.482 ns)

 <State 19>: 0.000ns
The critical path consists of the following:

 <State 20>: 1.482ns
The critical path consists of the following:
	'call' operation ('call_ln2405', prj/sol/.autopilot/db/v_mix.cpp:2405) to 'v_mix_422_to_420<false>' [138]  (1.482 ns)

 <State 21>: 0.000ns
The critical path consists of the following:

 <State 22>: 1.482ns
The critical path consists of the following:
	'call' operation ('call_ln2408', prj/sol/.autopilot/db/v_mix.cpp:2408) to 'MultiPixStream2AXIvideo' [139]  (1.482 ns)


============================================================
+ Verbose Summary: Binding
============================================================
N/A
* FSMD analyzer results:
  - Output states:
 - Input state : 
  - Chain level:
	State 1
	State 2
	State 3
	State 4
	State 5
	State 6
	State 7
	State 8
	State 9
	State 10
	State 11
	State 12
	State 13
	State 14
	State 15
	State 16
	State 17
	State 18
	State 19
	State 20
	State 21
	State 22


============================================================
+ Verbose Summary: Datapath Resource usage 
============================================================
N/A
