

================================================================
== Vitis HLS Report for 'Bytes2AXIMMvideo_Pipeline_VITIS_LOOP_1552_1'
================================================================
* Date:           Thu Mar  5 14:47:30 2026

* Version:        2025.2 (Build 6295257 on Nov 14 2025)
* Project:        prj
* Solution:       sol (Vivado IP Flow Target)
* Product family: zynq
* Target device:  xc7z020-clg400-2


================================================================
== Performance Estimates
================================================================
+ Timing: 
    * Summary: 
    +--------+---------+----------+------------+
    |  Clock |  Target | Estimated| Uncertainty|
    +--------+---------+----------+------------+
    |ap_clk  |  6.67 ns|  4.867 ns|     1.80 ns|
    +--------+---------+----------+------------+

+ Latency: 
    * Summary: 
    +---------+---------+-----------+----------+-----+-----+-------------------+
    |  Latency (cycles) |  Latency (absolute)  |  Interval |      Pipeline     |
    |   min   |   max   |    min    |    max   | min | max |        Type       |
    +---------+---------+-----------+----------+-----+-----+-------------------+
    |        2|     1443|  13.334 ns|  9.620 us|    0|    0|  loop pipeline stp|
    +---------+---------+-----------+----------+-----+-----+-------------------+

    + Detail: 
        * Instance: 
        N/A

        * Loop: 
        +---------------------+---------+---------+----------+-----------+-----------+----------+----------+
        |                     |  Latency (cycles) | Iteration|  Initiation Interval  |   Trip   |          |
        |      Loop Name      |   min   |   max   |  Latency |  achieved |   target  |   Count  | Pipelined|
        +---------------------+---------+---------+----------+-----------+-----------+----------+----------+
        |- VITIS_LOOP_1552_1  |        0|     1441|         3|          1|          1|  0 ~ 1440|       yes|
        +---------------------+---------+---------+----------+-----------+-----------+----------+----------+



================================================================
== Utilization Estimates
================================================================
* Summary: 
+-----------------+---------+-----+--------+-------+-----+
|       Name      | BRAM_18K| DSP |   FF   |  LUT  | URAM|
+-----------------+---------+-----+--------+-------+-----+
|DSP              |        -|    -|       -|      -|    -|
|Expression       |        -|    -|       0|     26|    -|
|FIFO             |        -|    -|       -|      -|    -|
|Instance         |        -|    -|       -|      -|    -|
|Memory           |        -|    -|       -|      -|    -|
|Multiplexer      |        -|    -|       0|     54|    -|
|Register         |        -|    -|      80|      -|    -|
+-----------------+---------+-----+--------+-------+-----+
|Total            |        0|    0|      80|     80|    0|
+-----------------+---------+-----+--------+-------+-----+
|Available        |      280|  220|  106400|  53200|    0|
+-----------------+---------+-----+--------+-------+-----+
|Utilization (%)  |        0|    0|      ~0|     ~0|    0|
+-----------------+---------+-----+--------+-------+-----+

+ Detail: 
    * Instance: 
    N/A

    * DSP: 
    N/A

    * Memory: 
    N/A

    * FIFO: 
    N/A

    * Expression: 
    +--------------------------------+----------+----+---+----+------------+------------+
    |          Variable Name         | Operation| DSP| FF| LUT| Bitwidth P0| Bitwidth P1|
    +--------------------------------+----------+----+---+----+------------+------------+
    |add_ln1552_fu_120_p2            |         +|   0|  0|  11|          11|           1|
    |ap_block_pp0_stage0_01001_grp1  |       and|   0|  0|   1|           1|           1|
    |icmp_ln1552_fu_114_p2           |      icmp|   0|  0|  11|          11|          11|
    |ap_block_pp0_stage0_11001       |        or|   0|  0|   1|           1|           1|
    |ap_enable_pp0                   |       xor|   0|  0|   2|           1|           2|
    +--------------------------------+----------+----+---+----+------------+------------+
    |Total                           |          |   0|  0|  26|          25|          16|
    +--------------------------------+----------+----+---+----+------------+------------+

    * Multiplexer: 
    +-------------------------+----+-----------+-----+-----------+
    |           Name          | LUT| Input Size| Bits| Total Bits|
    +-------------------------+----+-----------+-----+-----------+
    |ap_done_int              |   9|          2|    1|          2|
    |ap_enable_reg_pp0_iter1  |   9|          2|    1|          2|
    |ap_sig_allocacmp_x_3     |   9|          2|   11|         22|
    |bytePlanes_blk_n         |   9|          2|    1|          2|
    |mm_video_blk_n_W         |   9|          2|    1|          2|
    |x_fu_72                  |   9|          2|   11|         22|
    +-------------------------+----+-----------+-----+-----------+
    |Total                    |  54|         12|   26|         52|
    +-------------------------+----+-----------+-----+-----------+

    * Register: 
    +----------------------------------+----+----+-----+-----------+
    |               Name               | FF | LUT| Bits| Const Bits|
    +----------------------------------+----+----+-----+-----------+
    |ap_CS_fsm                         |   1|   0|    1|          0|
    |ap_done_reg                       |   1|   0|    1|          0|
    |ap_enable_reg_pp0_iter1           |   1|   0|    1|          0|
    |ap_enable_reg_pp0_iter2           |   1|   0|    1|          0|
    |ap_loop_exit_ready_pp0_iter1_reg  |   1|   0|    1|          0|
    |bytePlanes_read_reg_153           |  64|   0|   64|          0|
    |x_fu_72                           |  11|   0|   11|          0|
    +----------------------------------+----+----+-----+-----------+
    |Total                             |  80|   0|   80|          0|
    +----------------------------------+----+----+-----+-----------+



================================================================
== Interface
================================================================
* Summary: 
+---------------------------+-----+-----+------------+---------------------------------------------+--------------+
|         RTL Ports         | Dir | Bits|  Protocol  |                Source Object                |    C Type    |
+---------------------------+-----+-----+------------+---------------------------------------------+--------------+
|ap_clk                     |   in|    1|  ap_ctrl_hs|  Bytes2AXIMMvideo_Pipeline_VITIS_LOOP_1552_1|  return value|
|ap_rst                     |   in|    1|  ap_ctrl_hs|  Bytes2AXIMMvideo_Pipeline_VITIS_LOOP_1552_1|  return value|
|ap_start                   |   in|    1|  ap_ctrl_hs|  Bytes2AXIMMvideo_Pipeline_VITIS_LOOP_1552_1|  return value|
|ap_done                    |  out|    1|  ap_ctrl_hs|  Bytes2AXIMMvideo_Pipeline_VITIS_LOOP_1552_1|  return value|
|ap_idle                    |  out|    1|  ap_ctrl_hs|  Bytes2AXIMMvideo_Pipeline_VITIS_LOOP_1552_1|  return value|
|ap_ready                   |  out|    1|  ap_ctrl_hs|  Bytes2AXIMMvideo_Pipeline_VITIS_LOOP_1552_1|  return value|
|bytePlanes_dout            |   in|   64|     ap_fifo|                                   bytePlanes|       pointer|
|bytePlanes_empty_n         |   in|    1|     ap_fifo|                                   bytePlanes|       pointer|
|bytePlanes_read            |  out|    1|     ap_fifo|                                   bytePlanes|       pointer|
|bytePlanes_num_data_valid  |   in|   10|     ap_fifo|                                   bytePlanes|       pointer|
|bytePlanes_fifo_cap        |   in|   10|     ap_fifo|                                   bytePlanes|       pointer|
|m_axi_mm_video_0_AWVALID   |  out|    1|       m_axi|                                     mm_video|       pointer|
|m_axi_mm_video_0_AWREADY   |   in|    1|       m_axi|                                     mm_video|       pointer|
|m_axi_mm_video_0_AWADDR    |  out|   32|       m_axi|                                     mm_video|       pointer|
|m_axi_mm_video_0_AWID      |  out|    1|       m_axi|                                     mm_video|       pointer|
|m_axi_mm_video_0_AWLEN     |  out|   32|       m_axi|                                     mm_video|       pointer|
|m_axi_mm_video_0_AWSIZE    |  out|    3|       m_axi|                                     mm_video|       pointer|
|m_axi_mm_video_0_AWBURST   |  out|    2|       m_axi|                                     mm_video|       pointer|
|m_axi_mm_video_0_AWLOCK    |  out|    2|       m_axi|                                     mm_video|       pointer|
|m_axi_mm_video_0_AWCACHE   |  out|    4|       m_axi|                                     mm_video|       pointer|
|m_axi_mm_video_0_AWPROT    |  out|    3|       m_axi|                                     mm_video|       pointer|
|m_axi_mm_video_0_AWQOS     |  out|    4|       m_axi|                                     mm_video|       pointer|
|m_axi_mm_video_0_AWREGION  |  out|    4|       m_axi|                                     mm_video|       pointer|
|m_axi_mm_video_0_AWUSER    |  out|    1|       m_axi|                                     mm_video|       pointer|
|m_axi_mm_video_0_WVALID    |  out|    1|       m_axi|                                     mm_video|       pointer|
|m_axi_mm_video_0_WREADY    |   in|    1|       m_axi|                                     mm_video|       pointer|
|m_axi_mm_video_0_WDATA     |  out|   64|       m_axi|                                     mm_video|       pointer|
|m_axi_mm_video_0_WSTRB     |  out|    8|       m_axi|                                     mm_video|       pointer|
|m_axi_mm_video_0_WLAST     |  out|    1|       m_axi|                                     mm_video|       pointer|
|m_axi_mm_video_0_WID       |  out|    1|       m_axi|                                     mm_video|       pointer|
|m_axi_mm_video_0_WUSER     |  out|    1|       m_axi|                                     mm_video|       pointer|
|m_axi_mm_video_0_ARVALID   |  out|    1|       m_axi|                                     mm_video|       pointer|
|m_axi_mm_video_0_ARREADY   |   in|    1|       m_axi|                                     mm_video|       pointer|
|m_axi_mm_video_0_ARADDR    |  out|   32|       m_axi|                                     mm_video|       pointer|
|m_axi_mm_video_0_ARID      |  out|    1|       m_axi|                                     mm_video|       pointer|
|m_axi_mm_video_0_ARLEN     |  out|   32|       m_axi|                                     mm_video|       pointer|
|m_axi_mm_video_0_ARSIZE    |  out|    3|       m_axi|                                     mm_video|       pointer|
|m_axi_mm_video_0_ARBURST   |  out|    2|       m_axi|                                     mm_video|       pointer|
|m_axi_mm_video_0_ARLOCK    |  out|    2|       m_axi|                                     mm_video|       pointer|
|m_axi_mm_video_0_ARCACHE   |  out|    4|       m_axi|                                     mm_video|       pointer|
|m_axi_mm_video_0_ARPROT    |  out|    3|       m_axi|                                     mm_video|       pointer|
|m_axi_mm_video_0_ARQOS     |  out|    4|       m_axi|                                     mm_video|       pointer|
|m_axi_mm_video_0_ARREGION  |  out|    4|       m_axi|                                     mm_video|       pointer|
|m_axi_mm_video_0_ARUSER    |  out|    1|       m_axi|                                     mm_video|       pointer|
|m_axi_mm_video_0_RVALID    |   in|    1|       m_axi|                                     mm_video|       pointer|
|m_axi_mm_video_0_RREADY    |  out|    1|       m_axi|                                     mm_video|       pointer|
|m_axi_mm_video_0_RDATA     |   in|   64|       m_axi|                                     mm_video|       pointer|
|m_axi_mm_video_0_RLAST     |   in|    1|       m_axi|                                     mm_video|       pointer|
|m_axi_mm_video_0_RID       |   in|    1|       m_axi|                                     mm_video|       pointer|
|m_axi_mm_video_0_RFIFONUM  |   in|    9|       m_axi|                                     mm_video|       pointer|
|m_axi_mm_video_0_RUSER     |   in|    1|       m_axi|                                     mm_video|       pointer|
|m_axi_mm_video_0_RRESP     |   in|    2|       m_axi|                                     mm_video|       pointer|
|m_axi_mm_video_0_BVALID    |   in|    1|       m_axi|                                     mm_video|       pointer|
|m_axi_mm_video_0_BREADY    |  out|    1|       m_axi|                                     mm_video|       pointer|
|m_axi_mm_video_0_BRESP     |   in|    2|       m_axi|                                     mm_video|       pointer|
|m_axi_mm_video_0_BID       |   in|    1|       m_axi|                                     mm_video|       pointer|
|m_axi_mm_video_0_BUSER     |   in|    1|       m_axi|                                     mm_video|       pointer|
|loopWidth                  |   in|   11|   ap_stable|                                    loopWidth|        scalar|
|sext_ln1552                |   in|   29|     ap_none|                                  sext_ln1552|        scalar|
+---------------------------+-----+-----+------------+---------------------------------------------+--------------+

============================================================
+ Verbose Summary: Synthesis Manager
============================================================
InlineROM: 1
ExposeGlobal: 0
============================================================
+ Verbose Summary: CDFG Model
============================================================
IsTopModel: 0
ResetActiveHigh: 1
IsCombinational: 2
IsDatapathOnly: 2
HasWiredReturn: 1
HasMFsm: 2
HasVarLatency: 1
IsPipeline: 0
IsRtlPipelined: 0
IsInstanceOverlapped: 0
IsDontTouch: 0
HasImplIP: 0
IsGatedGlobalClock: 0

+ Individual pipeline summary: 
  * Pipeline-0: initiation interval (II) = 1, depth = 3


============================================================
+ Verbose Summary: Schedule
============================================================
* Number of FSM states : 3
* Pipeline : 1
  Pipeline-0 : II = 1, D = 3, States = { 1 2 3 }
* Dataflow Pipeline: 0

* FSM state transitions: 
1 --> 2 
2 --> 3 
3 --> 

* FSM state operations: 

State 1 <SV = 0> <Delay = 4.07>
ST_1 : Operation 6 [1/1] (0.00ns)   --->   "%x = alloca i32 1" [prj/sol/.autopilot/db/v_frmbuf_wr.cpp:1552]   --->   Operation 6 'alloca' 'x' <Predicate = true> <Delay = 0.00>
ST_1 : Operation 7 [1/1] (0.00ns)   --->   "%sext_ln1552_read = read i29 @_ssdm_op_Read.ap_auto.i29, i29 %sext_ln1552"   --->   Operation 7 'read' 'sext_ln1552_read' <Predicate = true> <Delay = 0.00>
ST_1 : Operation 8 [1/1] (0.00ns)   --->   "%loopWidth_read = read i11 @_ssdm_op_Read.ap_auto.i11, i11 %loopWidth"   --->   Operation 8 'read' 'loopWidth_read' <Predicate = true> <Delay = 0.00>
ST_1 : Operation 9 [1/1] (0.00ns)   --->   "%sext_ln1552_cast = sext i29 %sext_ln1552_read"   --->   Operation 9 'sext' 'sext_ln1552_cast' <Predicate = true> <Delay = 0.00>
ST_1 : Operation 10 [1/1] (0.00ns)   --->   "%specmemcore_ln0 = specmemcore void @_ssdm_op_SpecMemCore, i64 %bytePlanes, i64 666, i64 8, i64 18446744073709551615, i1 0"   --->   Operation 10 'specmemcore' 'specmemcore_ln0' <Predicate = true> <Delay = 0.00>
ST_1 : Operation 11 [1/1] (0.00ns)   --->   "%specinterface_ln0 = specinterface void @_ssdm_op_SpecInterface, i64 %mm_video, void @empty_6, i32 0, i32 0, void @empty_5, i32 100, i32 2073600, void @empty_4, void @empty_3, void @empty_5, i32 16, i32 4, i32 16, i32 16, void @empty_5, void @empty_5, i32 4294967295, i32 0, i32 0, i32 8"   --->   Operation 11 'specinterface' 'specinterface_ln0' <Predicate = true> <Delay = 0.00>
ST_1 : Operation 12 [1/1] (0.00ns)   --->   "%specinterface_ln0 = specinterface void @_ssdm_op_SpecInterface, i64 %bytePlanes, void @empty_7, i32 0, i32 0, void @empty_5, i32 0, i32 0, void @empty_5, void @empty_5, void @empty_5, i32 0, i32 0, i32 0, i32 0, void @empty_5, void @empty_5, i32 4294967295, i32 0, i32 0, i32 0"   --->   Operation 12 'specinterface' 'specinterface_ln0' <Predicate = true> <Delay = 0.00>
ST_1 : Operation 13 [1/1] (1.29ns)   --->   "%store_ln1552 = store i11 0, i11 %x" [prj/sol/.autopilot/db/v_frmbuf_wr.cpp:1552]   --->   Operation 13 'store' 'store_ln1552' <Predicate = true> <Delay = 1.29>
ST_1 : Operation 14 [1/1] (0.00ns)   --->   "%br_ln1552 = br void %for.inc" [prj/sol/.autopilot/db/v_frmbuf_wr.cpp:1552]   --->   Operation 14 'br' 'br_ln1552' <Predicate = true> <Delay = 0.00>
ST_1 : Operation 15 [1/1] (0.00ns)   --->   "%x_3 = load i11 %x" [prj/sol/.autopilot/db/v_frmbuf_wr.cpp:1552]   --->   Operation 15 'load' 'x_3' <Predicate = true> <Delay = 0.00>
ST_1 : Operation 16 [1/1] (1.48ns)   --->   "%icmp_ln1552 = icmp_eq  i11 %x_3, i11 %loopWidth_read" [prj/sol/.autopilot/db/v_frmbuf_wr.cpp:1552]   --->   Operation 16 'icmp' 'icmp_ln1552' <Predicate = true> <Delay = 1.48> <CoreInst = "Cmp">   --->   Core 9 'Cmp' <Latency = 0> <II = 1> <Delay = 1.48> <FuncUnit> <Opcode : 'seteq' 'setne' 'setle' 'setge' 'setlt' 'setgt'> <InPorts = 2> <OutPorts = 1>
ST_1 : Operation 17 [1/1] (0.00ns)   --->   "%speclooptripcount_ln0 = speclooptripcount void @_ssdm_op_SpecLoopTripCount, i64 0, i64 1440, i64 0"   --->   Operation 17 'speclooptripcount' 'speclooptripcount_ln0' <Predicate = true> <Delay = 0.00>
ST_1 : Operation 18 [1/1] (1.48ns)   --->   "%add_ln1552 = add i11 %x_3, i11 1" [prj/sol/.autopilot/db/v_frmbuf_wr.cpp:1552]   --->   Operation 18 'add' 'add_ln1552' <Predicate = true> <Delay = 1.48> <CoreInst = "Adder">   --->   Core 1 'Adder' <Latency = 0> <II = 1> <Delay = 1.48> <FuncUnit> <Opcode : 'add' 'sub'> <InPorts = 2> <OutPorts = 1>
ST_1 : Operation 19 [1/1] (0.00ns)   --->   "%br_ln1552 = br i1 %icmp_ln1552, void %for.inc.split, void %for.inc10.loopexit.exitStub" [prj/sol/.autopilot/db/v_frmbuf_wr.cpp:1552]   --->   Operation 19 'br' 'br_ln1552' <Predicate = true> <Delay = 0.00>
ST_1 : Operation 20 [1/1] (1.29ns)   --->   "%store_ln1552 = store i11 %add_ln1552, i11 %x" [prj/sol/.autopilot/db/v_frmbuf_wr.cpp:1552]   --->   Operation 20 'store' 'store_ln1552' <Predicate = (!icmp_ln1552)> <Delay = 1.29>

State 2 <SV = 1> <Delay = 2.43>
ST_2 : Operation 21 [1/1] ( I:2.43ns O:2.43ns )   --->   "%bytePlanes_read = read i64 @_ssdm_op_Read.ap_fifo.volatile.i64P0A, i64 %bytePlanes" [prj/sol/.autopilot/db/v_frmbuf_wr.cpp:1555]   --->   Operation 21 'read' 'bytePlanes_read' <Predicate = true> <Delay = 2.43> <CoreInst = "FIFO_BRAM">   --->   Core 78 'FIFO_BRAM' <Latency = 0> <II = 1> <Delay = 3.41> <Storage> <Opcode : 'read' 'write' 'nbread' 'nbwrite'> <Ports = 0> <Width = 64> <Depth = 481> <FIFO>
ST_2 : Operation 27 [1/1] (1.29ns)   --->   "%ret_ln0 = ret"   --->   Operation 27 'ret' 'ret_ln0' <Predicate = (icmp_ln1552)> <Delay = 1.29>

State 3 <SV = 2> <Delay = 4.86>
ST_3 : Operation 22 [1/1] (0.00ns)   --->   "%mm_video_addr = getelementptr i64 %mm_video, i32 %sext_ln1552_cast" [prj/sol/.autopilot/db/v_frmbuf_wr.cpp:1552]   --->   Operation 22 'getelementptr' 'mm_video_addr' <Predicate = true> <Delay = 0.00>
ST_3 : Operation 23 [1/1] (0.00ns)   --->   "%specpipeline_ln1554 = specpipeline void @_ssdm_op_SpecPipeline, i32 1, i32 0, i32 0, i32 0, i32 4294967295, void @empty_5" [prj/sol/.autopilot/db/v_frmbuf_wr.cpp:1554]   --->   Operation 23 'specpipeline' 'specpipeline_ln1554' <Predicate = true> <Delay = 0.00>
ST_3 : Operation 24 [1/1] (0.00ns)   --->   "%specloopname_ln1552 = specloopname void @_ssdm_op_SpecLoopName, void @empty_16" [prj/sol/.autopilot/db/v_frmbuf_wr.cpp:1552]   --->   Operation 24 'specloopname' 'specloopname_ln1552' <Predicate = true> <Delay = 0.00>
ST_3 : Operation 25 [1/1] ( I:4.86ns O:4.86ns )   --->   "%write_ln1556 = write void @_ssdm_op_Write.m_axi.p1i64.i64, i32 %mm_video_addr, i64 %bytePlanes_read, i8 255" [prj/sol/.autopilot/db/v_frmbuf_wr.cpp:1556]   --->   Operation 25 'write' 'write_ln1556' <Predicate = true> <Delay = 4.86> <CoreInst = "m_axi">   --->   Core 111 'm_axi' <Latency = 5> <II = 1> <Delay = 1.00> <Adapter> <Opcode : 'readrequnaligned' 'writerequnaligned' 'read' 'write' 'readreq' 'writereq' 'writeresp'>
ST_3 : Operation 26 [1/1] (0.00ns)   --->   "%br_ln1552 = br void %for.inc" [prj/sol/.autopilot/db/v_frmbuf_wr.cpp:1552]   --->   Operation 26 'br' 'br_ln1552' <Predicate = true> <Delay = 0.00>


============================================================
+ Verbose Summary: Binding
============================================================
STG Binding: 
---------------- STG Properties BEGIN ----------------
- Is combinational: 0
- Is one-state seq: 0
- Is datapath-only: 0
- Is pipelined: 0
- Is top level: 0
Port [ Return ] is wired: 1; IO mode=ap_ctrl_hs:ce=0
Port [ loopWidth]:  wired=1; compound=0; hidden=0; nouse=0; global=0; static=0; extern=0; dir=0; type=0; pingpong=0; private_global=0; IO mode=ap_stable:ce=0
Port [ mm_video]:  wired=1; compound=1; hidden=0; nouse=0; global=0; static=0; extern=0; dir=1; type=4; pingpong=0; private_global=0; IO mode=m_axi:ce=0
Port [ sext_ln1552]:  wired=1; compound=0; hidden=0; nouse=0; global=0; static=0; extern=0; dir=0; type=0; pingpong=0; private_global=0; IO mode=ap_none:ce=0
Port [ bytePlanes]:  wired=1; compound=1; hidden=0; nouse=0; global=0; static=0; extern=0; dir=0; type=3; pingpong=0; private_global=0; IO mode=ap_fifo:ce=0
---------------- STG Properties END ------------------

---------------- Datapath Model BEGIN ----------------

<LifeTime>
<method=bitvector/>
x                     (alloca           ) [ 0100]
sext_ln1552_read      (read             ) [ 0000]
loopWidth_read        (read             ) [ 0000]
sext_ln1552_cast      (sext             ) [ 0111]
specmemcore_ln0       (specmemcore      ) [ 0000]
specinterface_ln0     (specinterface    ) [ 0000]
specinterface_ln0     (specinterface    ) [ 0000]
store_ln1552          (store            ) [ 0000]
br_ln1552             (br               ) [ 0000]
x_3                   (load             ) [ 0000]
icmp_ln1552           (icmp             ) [ 0110]
speclooptripcount_ln0 (speclooptripcount) [ 0000]
add_ln1552            (add              ) [ 0000]
br_ln1552             (br               ) [ 0000]
store_ln1552          (store            ) [ 0000]
bytePlanes_read       (read             ) [ 0101]
mm_video_addr         (getelementptr    ) [ 0000]
specpipeline_ln1554   (specpipeline     ) [ 0000]
specloopname_ln1552   (specloopname     ) [ 0000]
write_ln1556          (write            ) [ 0000]
br_ln1552             (br               ) [ 0000]
ret_ln0               (ret              ) [ 0000]
</LifeTime>

<model>

<comp_list>
<comp id="0" class="1000" name="loopWidth">
<pin_list>
<pin id="1" dir="1" index="0" bw="1" slack="0"/>
</pin_list>
<bind>
<StgValue><ssdm name="loopWidth"/></StgValue>
</bind>
</comp>

<comp id="2" class="1000" name="mm_video">
<pin_list>
<pin id="3" dir="1" index="0" bw="1" slack="0"/>
</pin_list>
<bind>
<StgValue><ssdm name="mm_video"/><MemPortTyVec>1 </MemPortTyVec>
</StgValue>
</bind>
</comp>

<comp id="4" class="1000" name="sext_ln1552">
<pin_list>
<pin id="5" dir="1" index="0" bw="1" slack="0"/>
</pin_list>
<bind>
<StgValue><ssdm name="sext_ln1552"/></StgValue>
</bind>
</comp>

<comp id="6" class="1000" name="bytePlanes">
<pin_list>
<pin id="7" dir="1" index="0" bw="1" slack="0"/>
</pin_list>
<bind>
<StgValue><ssdm name="bytePlanes"/></StgValue>
</bind>
</comp>

<comp id="8" class="1001" name="const_8">
<pin_list>
<pin id="9" dir="1" index="0" bw="1" slack="0"/>
</pin_list>
<bind>
<StgValue><ssdm name=""/></StgValue>
</bind>
</comp>

<comp id="10" class="1001" name="const_10">
<pin_list>
<pin id="11" dir="1" index="0" bw="1" slack="0"/>
</pin_list>
<bind>
<StgValue><ssdm name="_ssdm_op_Read.ap_auto.i29"/></StgValue>
</bind>
</comp>

<comp id="12" class="1001" name="const_12">
<pin_list>
<pin id="13" dir="1" index="0" bw="1" slack="0"/>
</pin_list>
<bind>
<StgValue><ssdm name="_ssdm_op_Read.ap_auto.i11"/></StgValue>
</bind>
</comp>

<comp id="14" class="1001" name="const_14">
<pin_list>
<pin id="15" dir="1" index="0" bw="1" slack="2147483647"/>
</pin_list>
<bind>
<StgValue><ssdm name="_ssdm_op_SpecMemCore"/></StgValue>
</bind>
</comp>

<comp id="16" class="1001" name="const_16">
<pin_list>
<pin id="17" dir="1" index="0" bw="1" slack="2147483647"/>
</pin_list>
<bind>
<StgValue><ssdm name=""/></StgValue>
</bind>
</comp>

<comp id="18" class="1001" name="const_18">
<pin_list>
<pin id="19" dir="1" index="0" bw="1" slack="2147483647"/>
</pin_list>
<bind>
<StgValue><ssdm name=""/></StgValue>
</bind>
</comp>

<comp id="20" class="1001" name="const_20">
<pin_list>
<pin id="21" dir="1" index="0" bw="1" slack="2147483647"/>
</pin_list>
<bind>
<StgValue><ssdm name=""/></StgValue>
</bind>
</comp>

<comp id="22" class="1001" name="const_22">
<pin_list>
<pin id="23" dir="1" index="0" bw="1" slack="2147483647"/>
</pin_list>
<bind>
<StgValue><ssdm name=""/></StgValue>
</bind>
</comp>

<comp id="24" class="1001" name="const_24">
<pin_list>
<pin id="25" dir="1" index="0" bw="1" slack="2147483647"/>
</pin_list>
<bind>
<StgValue><ssdm name="_ssdm_op_SpecInterface"/></StgValue>
</bind>
</comp>

<comp id="26" class="1001" name="const_26">
<pin_list>
<pin id="27" dir="1" index="0" bw="1" slack="2147483647"/>
</pin_list>
<bind>
<StgValue><ssdm name="empty_6"/></StgValue>
</bind>
</comp>

<comp id="28" class="1001" name="const_28">
<pin_list>
<pin id="29" dir="1" index="0" bw="1" slack="2147483647"/>
</pin_list>
<bind>
<StgValue><ssdm name=""/></StgValue>
</bind>
</comp>

<comp id="30" class="1001" name="const_30">
<pin_list>
<pin id="31" dir="1" index="0" bw="1" slack="2147483647"/>
</pin_list>
<bind>
<StgValue><ssdm name="empty_5"/></StgValue>
</bind>
</comp>

<comp id="32" class="1001" name="const_32">
<pin_list>
<pin id="33" dir="1" index="0" bw="1" slack="2147483647"/>
</pin_list>
<bind>
<StgValue><ssdm name=""/></StgValue>
</bind>
</comp>

<comp id="34" class="1001" name="const_34">
<pin_list>
<pin id="35" dir="1" index="0" bw="1" slack="2147483647"/>
</pin_list>
<bind>
<StgValue><ssdm name=""/></StgValue>
</bind>
</comp>

<comp id="36" class="1001" name="const_36">
<pin_list>
<pin id="37" dir="1" index="0" bw="1" slack="2147483647"/>
</pin_list>
<bind>
<StgValue><ssdm name="empty_4"/></StgValue>
</bind>
</comp>

<comp id="38" class="1001" name="const_38">
<pin_list>
<pin id="39" dir="1" index="0" bw="1" slack="2147483647"/>
</pin_list>
<bind>
<StgValue><ssdm name="empty_3"/></StgValue>
</bind>
</comp>

<comp id="40" class="1001" name="const_40">
<pin_list>
<pin id="41" dir="1" index="0" bw="1" slack="2147483647"/>
</pin_list>
<bind>
<StgValue><ssdm name=""/></StgValue>
</bind>
</comp>

<comp id="42" class="1001" name="const_42">
<pin_list>
<pin id="43" dir="1" index="0" bw="1" slack="2147483647"/>
</pin_list>
<bind>
<StgValue><ssdm name=""/></StgValue>
</bind>
</comp>

<comp id="44" class="1001" name="const_44">
<pin_list>
<pin id="45" dir="1" index="0" bw="1" slack="2147483647"/>
</pin_list>
<bind>
<StgValue><ssdm name=""/></StgValue>
</bind>
</comp>

<comp id="46" class="1001" name="const_46">
<pin_list>
<pin id="47" dir="1" index="0" bw="1" slack="2147483647"/>
</pin_list>
<bind>
<StgValue><ssdm name=""/></StgValue>
</bind>
</comp>

<comp id="48" class="1001" name="const_48">
<pin_list>
<pin id="49" dir="1" index="0" bw="1" slack="2147483647"/>
</pin_list>
<bind>
<StgValue><ssdm name="empty_7"/></StgValue>
</bind>
</comp>

<comp id="50" class="1001" name="const_50">
<pin_list>
<pin id="51" dir="1" index="0" bw="1" slack="0"/>
</pin_list>
<bind>
<StgValue><ssdm name=""/></StgValue>
</bind>
</comp>

<comp id="52" class="1001" name="const_52">
<pin_list>
<pin id="53" dir="1" index="0" bw="1" slack="2147483647"/>
</pin_list>
<bind>
<StgValue><ssdm name="_ssdm_op_SpecLoopTripCount"/></StgValue>
</bind>
</comp>

<comp id="54" class="1001" name="const_54">
<pin_list>
<pin id="55" dir="1" index="0" bw="1" slack="2147483647"/>
</pin_list>
<bind>
<StgValue><ssdm name=""/></StgValue>
</bind>
</comp>

<comp id="56" class="1001" name="const_56">
<pin_list>
<pin id="57" dir="1" index="0" bw="1" slack="2147483647"/>
</pin_list>
<bind>
<StgValue><ssdm name=""/></StgValue>
</bind>
</comp>

<comp id="58" class="1001" name="const_58">
<pin_list>
<pin id="59" dir="1" index="0" bw="1" slack="0"/>
</pin_list>
<bind>
<StgValue><ssdm name=""/></StgValue>
</bind>
</comp>

<comp id="60" class="1001" name="const_60">
<pin_list>
<pin id="61" dir="1" index="0" bw="1" slack="0"/>
</pin_list>
<bind>
<StgValue><ssdm name="_ssdm_op_Read.ap_fifo.volatile.i64P0A"/></StgValue>
</bind>
</comp>

<comp id="62" class="1001" name="const_62">
<pin_list>
<pin id="63" dir="1" index="0" bw="1" slack="2147483647"/>
</pin_list>
<bind>
<StgValue><ssdm name="_ssdm_op_SpecPipeline"/></StgValue>
</bind>
</comp>

<comp id="64" class="1001" name="const_64">
<pin_list>
<pin id="65" dir="1" index="0" bw="1" slack="2147483647"/>
</pin_list>
<bind>
<StgValue><ssdm name="_ssdm_op_SpecLoopName"/></StgValue>
</bind>
</comp>

<comp id="66" class="1001" name="const_66">
<pin_list>
<pin id="67" dir="1" index="0" bw="1" slack="2147483647"/>
</pin_list>
<bind>
<StgValue><ssdm name="empty_16"/></StgValue>
</bind>
</comp>

<comp id="68" class="1001" name="const_68">
<pin_list>
<pin id="69" dir="1" index="0" bw="1" slack="0"/>
</pin_list>
<bind>
<StgValue><ssdm name="_ssdm_op_Write.m_axi.p1i64.i64"/></StgValue>
</bind>
</comp>

<comp id="70" class="1001" name="const_70">
<pin_list>
<pin id="71" dir="1" index="0" bw="1" slack="0"/>
</pin_list>
<bind>
<StgValue><ssdm name=""/></StgValue>
</bind>
</comp>

<comp id="72" class="1004" name="x_fu_72">
<pin_list>
<pin id="73" dir="0" index="0" bw="1" slack="0"/>
<pin id="74" dir="1" index="1" bw="11" slack="0"/>
</pin_list>
<bind>
<opcode="alloca(26) " fcode="alloca"/>
<opset="x/1 "/>
</bind>
</comp>

<comp id="76" class="1004" name="sext_ln1552_read_read_fu_76">
<pin_list>
<pin id="77" dir="0" index="0" bw="29" slack="0"/>
<pin id="78" dir="0" index="1" bw="29" slack="0"/>
<pin id="79" dir="1" index="2" bw="29" slack="0"/>
</pin_list>
<bind>
<opcode="read(1150) " fcode="read"/>
<opset="sext_ln1552_read/1 "/>
</bind>
</comp>

<comp id="82" class="1004" name="loopWidth_read_read_fu_82">
<pin_list>
<pin id="83" dir="0" index="0" bw="11" slack="0"/>
<pin id="84" dir="0" index="1" bw="11" slack="0"/>
<pin id="85" dir="1" index="2" bw="11" slack="0"/>
</pin_list>
<bind>
<opcode="read(1150) " fcode="read"/>
<opset="loopWidth_read/1 "/>
</bind>
</comp>

<comp id="88" class="1004" name="bytePlanes_read_read_fu_88">
<pin_list>
<pin id="89" dir="0" index="0" bw="64" slack="0"/>
<pin id="90" dir="0" index="1" bw="64" slack="0"/>
<pin id="91" dir="1" index="2" bw="64" slack="1"/>
</pin_list>
<bind>
<opcode="read(1150) " fcode="read"/>
<opset="bytePlanes_read/2 "/>
</bind>
</comp>

<comp id="94" class="1004" name="write_ln1556_write_fu_94">
<pin_list>
<pin id="95" dir="0" index="0" bw="0" slack="0"/>
<pin id="96" dir="0" index="1" bw="64" slack="0"/>
<pin id="97" dir="0" index="2" bw="64" slack="1"/>
<pin id="98" dir="0" index="3" bw="1" slack="0"/>
<pin id="99" dir="1" index="4" bw="0" slack="2147483647"/>
</pin_list>
<bind>
<opcode="write(1151) " fcode="write"/>
<opset="write_ln1556/3 "/>
</bind>
</comp>

<comp id="102" class="1004" name="sext_ln1552_cast_fu_102">
<pin_list>
<pin id="103" dir="0" index="0" bw="29" slack="0"/>
<pin id="104" dir="1" index="1" bw="32" slack="2"/>
</pin_list>
<bind>
<opcode="sext(35) " fcode="sext"/>
<opset="sext_ln1552_cast/1 "/>
</bind>
</comp>

<comp id="106" class="1004" name="store_ln1552_store_fu_106">
<pin_list>
<pin id="107" dir="0" index="0" bw="1" slack="0"/>
<pin id="108" dir="0" index="1" bw="11" slack="0"/>
<pin id="109" dir="1" index="2" bw="0" slack="2147483647"/>
</pin_list>
<bind>
<opcode="store(28) " fcode="store"/>
<opset="store_ln1552/1 "/>
</bind>
</comp>

<comp id="111" class="1004" name="x_3_load_fu_111">
<pin_list>
<pin id="112" dir="0" index="0" bw="11" slack="0"/>
<pin id="113" dir="1" index="1" bw="11" slack="0"/>
</pin_list>
<bind>
<opcode="load(27) " fcode="load"/>
<opset="x_3/1 "/>
</bind>
</comp>

<comp id="114" class="1004" name="icmp_ln1552_fu_114">
<pin_list>
<pin id="115" dir="0" index="0" bw="11" slack="0"/>
<pin id="116" dir="0" index="1" bw="11" slack="0"/>
<pin id="117" dir="1" index="2" bw="1" slack="1"/>
</pin_list>
<bind>
<opcode="icmp(45) " fcode="icmp"/>
<opset="icmp_ln1552/1 "/>
</bind>
</comp>

<comp id="120" class="1004" name="add_ln1552_fu_120">
<pin_list>
<pin id="121" dir="0" index="0" bw="11" slack="0"/>
<pin id="122" dir="0" index="1" bw="1" slack="0"/>
<pin id="123" dir="1" index="2" bw="11" slack="0"/>
</pin_list>
<bind>
<opcode="add(8) " fcode="add"/>
<opset="add_ln1552/1 "/>
</bind>
</comp>

<comp id="126" class="1004" name="store_ln1552_store_fu_126">
<pin_list>
<pin id="127" dir="0" index="0" bw="11" slack="0"/>
<pin id="128" dir="0" index="1" bw="11" slack="0"/>
<pin id="129" dir="1" index="2" bw="0" slack="2147483647"/>
</pin_list>
<bind>
<opcode="store(28) " fcode="store"/>
<opset="store_ln1552/1 "/>
</bind>
</comp>

<comp id="131" class="1004" name="mm_video_addr_fu_131">
<pin_list>
<pin id="132" dir="0" index="0" bw="32" slack="0"/>
<pin id="133" dir="0" index="1" bw="32" slack="2"/>
<pin id="134" dir="1" index="2" bw="32" slack="0"/>
</pin_list>
<bind>
<opcode="getelementptr(29) " fcode="getelementptr"/>
<opset="mm_video_addr/3 "/>
</bind>
</comp>

<comp id="137" class="1005" name="x_reg_137">
<pin_list>
<pin id="138" dir="0" index="0" bw="11" slack="0"/>
<pin id="139" dir="1" index="1" bw="11" slack="0"/>
</pin_list>
<bind>
<opset="x "/>
</bind>
</comp>

<comp id="144" class="1005" name="sext_ln1552_cast_reg_144">
<pin_list>
<pin id="145" dir="0" index="0" bw="32" slack="2"/>
<pin id="146" dir="1" index="1" bw="32" slack="2"/>
</pin_list>
<bind>
<opset="sext_ln1552_cast "/>
</bind>
</comp>

<comp id="149" class="1005" name="icmp_ln1552_reg_149">
<pin_list>
<pin id="150" dir="0" index="0" bw="1" slack="1"/>
<pin id="151" dir="1" index="1" bw="1" slack="2147483647"/>
</pin_list>
<bind>
<opset="icmp_ln1552 "/>
</bind>
</comp>

<comp id="153" class="1005" name="bytePlanes_read_reg_153">
<pin_list>
<pin id="154" dir="0" index="0" bw="64" slack="1"/>
<pin id="155" dir="1" index="1" bw="64" slack="1"/>
</pin_list>
<bind>
<opset="bytePlanes_read "/>
</bind>
</comp>

</comp_list>

<net_list>
<net id="75"><net_src comp="8" pin="0"/><net_sink comp="72" pin=0"/></net>

<net id="80"><net_src comp="10" pin="0"/><net_sink comp="76" pin=0"/></net>

<net id="81"><net_src comp="4" pin="0"/><net_sink comp="76" pin=1"/></net>

<net id="86"><net_src comp="12" pin="0"/><net_sink comp="82" pin=0"/></net>

<net id="87"><net_src comp="0" pin="0"/><net_sink comp="82" pin=1"/></net>

<net id="92"><net_src comp="60" pin="0"/><net_sink comp="88" pin=0"/></net>

<net id="93"><net_src comp="6" pin="0"/><net_sink comp="88" pin=1"/></net>

<net id="100"><net_src comp="68" pin="0"/><net_sink comp="94" pin=0"/></net>

<net id="101"><net_src comp="70" pin="0"/><net_sink comp="94" pin=3"/></net>

<net id="105"><net_src comp="76" pin="2"/><net_sink comp="102" pin=0"/></net>

<net id="110"><net_src comp="50" pin="0"/><net_sink comp="106" pin=0"/></net>

<net id="118"><net_src comp="111" pin="1"/><net_sink comp="114" pin=0"/></net>

<net id="119"><net_src comp="82" pin="2"/><net_sink comp="114" pin=1"/></net>

<net id="124"><net_src comp="111" pin="1"/><net_sink comp="120" pin=0"/></net>

<net id="125"><net_src comp="58" pin="0"/><net_sink comp="120" pin=1"/></net>

<net id="130"><net_src comp="120" pin="2"/><net_sink comp="126" pin=0"/></net>

<net id="135"><net_src comp="2" pin="0"/><net_sink comp="131" pin=0"/></net>

<net id="136"><net_src comp="131" pin="2"/><net_sink comp="94" pin=1"/></net>

<net id="140"><net_src comp="72" pin="1"/><net_sink comp="137" pin=0"/></net>

<net id="141"><net_src comp="137" pin="1"/><net_sink comp="106" pin=1"/></net>

<net id="142"><net_src comp="137" pin="1"/><net_sink comp="111" pin=0"/></net>

<net id="143"><net_src comp="137" pin="1"/><net_sink comp="126" pin=1"/></net>

<net id="147"><net_src comp="102" pin="1"/><net_sink comp="144" pin=0"/></net>

<net id="148"><net_src comp="144" pin="1"/><net_sink comp="131" pin=1"/></net>

<net id="152"><net_src comp="114" pin="2"/><net_sink comp="149" pin=0"/></net>

<net id="156"><net_src comp="88" pin="2"/><net_sink comp="153" pin=0"/></net>

<net id="157"><net_src comp="153" pin="1"/><net_sink comp="94" pin=2"/></net>

</net_list>

</model> 
---------------- Datapath Model END ------------------

* FSMD analyzer results:
  - Output states:
	Port: mm_video | {3 }
	Port: bytePlanes | {}
 - Input state : 
	Port: Bytes2AXIMMvideo_Pipeline_VITIS_LOOP_1552_1 : loopWidth | {1 }
	Port: Bytes2AXIMMvideo_Pipeline_VITIS_LOOP_1552_1 : mm_video | {}
	Port: Bytes2AXIMMvideo_Pipeline_VITIS_LOOP_1552_1 : sext_ln1552 | {1 }
	Port: Bytes2AXIMMvideo_Pipeline_VITIS_LOOP_1552_1 : bytePlanes | {2 }
  - Chain level:
	State 1
		store_ln1552 : 1
		x_3 : 1
		icmp_ln1552 : 2
		add_ln1552 : 2
		br_ln1552 : 3
		store_ln1552 : 3
	State 2
	State 3
		write_ln1556 : 1


============================================================
+ Verbose Summary: Datapath Resource usage 
============================================================

* Functional unit list:
|----------|-----------------------------|---------|---------|
| Operation|       Functional Unit       |    FF   |   LUT   |
|----------|-----------------------------|---------|---------|
|   icmp   |      icmp_ln1552_fu_114     |    0    |    11   |
|----------|-----------------------------|---------|---------|
|    add   |      add_ln1552_fu_120      |    0    |    11   |
|----------|-----------------------------|---------|---------|
|          | sext_ln1552_read_read_fu_76 |    0    |    0    |
|   read   |  loopWidth_read_read_fu_82  |    0    |    0    |
|          |  bytePlanes_read_read_fu_88 |    0    |    0    |
|----------|-----------------------------|---------|---------|
|   write  |   write_ln1556_write_fu_94  |    0    |    0    |
|----------|-----------------------------|---------|---------|
|   sext   |   sext_ln1552_cast_fu_102   |    0    |    0    |
|----------|-----------------------------|---------|---------|
|   Total  |                             |    0    |    22   |
|----------|-----------------------------|---------|---------|

Memories:
N/A

* Register list:
+------------------------+--------+
|                        |   FF   |
+------------------------+--------+
| bytePlanes_read_reg_153|   64   |
|   icmp_ln1552_reg_149  |    1   |
|sext_ln1552_cast_reg_144|   32   |
|        x_reg_137       |   11   |
+------------------------+--------+
|          Total         |   108  |
+------------------------+--------+

* Multiplexer (MUX) list: 
|--------|------|------|------|--------|
|  Comp  |  Pin | Size |  BW  | S x BW |
|--------|------|------|------|--------|
|  Total |      |      |      |    0   |
|--------|------|------|------|--------|



* Summary:
+-----------+--------+--------+
|           |   FF   |   LUT  |
+-----------+--------+--------+
|  Function |    0   |   22   |
|   Memory  |    -   |    -   |
|Multiplexer|    -   |    -   |
|  Register |   108  |    -   |
+-----------+--------+--------+
|   Total   |   108  |   22   |
+-----------+--------+--------+
