

================================================================
== Vitis HLS Report for 'MultiPixStream2Bytes'
================================================================
* Date:           Thu Mar  5 14:47:30 2026

* Version:        2025.2 (Build 6295257 on Nov 14 2025)
* Project:        prj
* Solution:       sol (Vivado IP Flow Target)
* Product family: zynq
* Target device:  xc7z020-clg400-2


================================================================
== Performance Estimates
================================================================
+ Timing: 
    * Summary: 
    +--------+---------+----------+------------+
    |  Clock |  Target | Estimated| Uncertainty|
    +--------+---------+----------+------------+
    |ap_clk  |  6.67 ns|  4.261 ns|     1.80 ns|
    +--------+---------+----------+------------+

+ Latency: 
    * Summary: 
    +---------+---------+----------+-----------+-----+---------+---------+
    |  Latency (cycles) |  Latency (absolute)  |    Interval   | Pipeline|
    |   min   |   max   |    min   |    max    | min |   max   |   Type  |
    +---------+---------+----------+-----------+-----+---------+---------+
    |        1|  4671001|  6.667 ns|  31.142 ms|    1|  4671001|       no|
    +---------+---------+----------+-----------+-----+---------+---------+

    + Detail: 
        * Instance: 
        N/A

        * Loop: 
        +--------------------+---------+---------+----------+-----------+-----------+-----------+----------+
        |                    |  Latency (cycles) | Iteration|  Initiation Interval  |    Trip   |          |
        |      Loop Name     |   min   |   max   |  Latency |  achieved |   target  |   Count   | Pipelined|
        +--------------------+---------+---------+----------+-----------+-----------+-----------+----------+
        |- loop_RGBX8_YUVX8  |      320|  4671000|  5 ~ 4325|          -|          -|  64 ~ 1080|        no|
        +--------------------+---------+---------+----------+-----------+-----------+-----------+----------+

============================================================
+ Verbose Summary: Synthesis Manager
============================================================
InlineROM: 1
ExposeGlobal: 0
============================================================
+ Verbose Summary: CDFG Model
============================================================
IsTopModel: 0
ResetActiveHigh: 1
IsCombinational: 2
IsDatapathOnly: 0
HasWiredReturn: 1
HasMFsm: 0
HasVarLatency: 1
IsPipeline: 0
IsRtlPipelined: 0
IsInstanceOverlapped: 0
IsDontTouch: 0
HasImplIP: 0
IsGatedGlobalClock: 0


============================================================
+ Verbose Summary: Schedule
============================================================
* Number of FSM states : 4
* Pipeline : 0
* Dataflow Pipeline: 0

* FSM state transitions: 
1 --> 2 
2 --> 3 
3 --> 4 
4 --> 2 

* FSM state operations: 

State 1 <SV = 0> <Delay = 3.00>
ST_1 : Operation 5 [1/1] (0.00ns)   --->   "%VideoFormat_val_read = read i6 @_ssdm_op_Read.ap_auto.i6, i6 %VideoFormat_val"   --->   Operation 5 'read' 'VideoFormat_val_read' <Predicate = true> <Delay = 0.00>
ST_1 : Operation 6 [1/1] (0.00ns)   --->   "%WidthInBytes_val_read = read i14 @_ssdm_op_Read.ap_auto.i14, i14 %WidthInBytes_val"   --->   Operation 6 'read' 'WidthInBytes_val_read' <Predicate = true> <Delay = 0.00>
ST_1 : Operation 7 [1/1] (0.00ns)   --->   "%Height_val_read = read i11 @_ssdm_op_Read.ap_auto.i11, i11 %Height_val"   --->   Operation 7 'read' 'Height_val_read' <Predicate = true> <Delay = 0.00>
ST_1 : Operation 8 [1/1] (0.00ns)   --->   "%specstablecontent_ln0 = specstablecontent void @_ssdm_op_SpecStableContent, i14 %WidthInBytes_val, i1 1, void @p_str"   --->   Operation 8 'specstablecontent' 'specstablecontent_ln0' <Predicate = true> <Delay = 0.00>
ST_1 : Operation 9 [1/1] (0.00ns)   --->   "%specstablecontent_ln0 = specstablecontent void @_ssdm_op_SpecStableContent, i6 %VideoFormat_val, i1 1, void "   --->   Operation 9 'specstablecontent' 'specstablecontent_ln0' <Predicate = true> <Delay = 0.00>
ST_1 : Operation 10 [1/1] (0.00ns)   --->   "%specstablecontent_ln0 = specstablecontent void @_ssdm_op_SpecStableContent, i11 %Height_val, i1 1, void "   --->   Operation 10 'specstablecontent' 'specstablecontent_ln0' <Predicate = true> <Delay = 0.00>
ST_1 : Operation 11 [1/1] (0.00ns)   --->   "%specmemcore_ln0 = specmemcore void @_ssdm_op_SpecMemCore, i64 %bytePlanes, i64 666, i64 8, i64 18446744073709551615, i1 0"   --->   Operation 11 'specmemcore' 'specmemcore_ln0' <Predicate = true> <Delay = 0.00>
ST_1 : Operation 12 [1/1] (0.00ns)   --->   "%specinterface_ln0 = specinterface void @_ssdm_op_SpecInterface, i64 %bytePlanes, void @empty_7, i32 0, i32 0, void @empty_5, i32 0, i32 0, void @empty_5, void @empty_5, void @empty_5, i32 0, i32 0, i32 0, i32 0, void @empty_5, void @empty_5, i32 4294967295, i32 0, i32 0, i32 0"   --->   Operation 12 'specinterface' 'specinterface_ln0' <Predicate = true> <Delay = 0.00>
ST_1 : Operation 13 [1/1] (0.00ns)   --->   "%specinterface_ln0 = specinterface void @_ssdm_op_SpecInterface, i24 %img, void @empty_7, i32 0, i32 0, void @empty_5, i32 0, i32 0, void @empty_5, void @empty_5, void @empty_5, i32 0, i32 0, i32 0, i32 0, void @empty_5, void @empty_5, i32 4294967295, i32 0, i32 0, i32 0"   --->   Operation 13 'specinterface' 'specinterface_ln0' <Predicate = true> <Delay = 0.00>
ST_1 : Operation 14 [1/1] (1.28ns)   --->   "%switch_ln432 = switch i6 %VideoFormat_val_read, void %if.end190, i6 43, void %if.end194, i6 42, void %if.end193, i6 44, void %if.end192, i6 41, void %if.end191, i6 11, void %if.then17, i6 10, void %if.then17" [prj/sol/.autopilot/db/v_frmbuf_wr.cpp:432]   --->   Operation 14 'switch' 'switch_ln432' <Predicate = true> <Delay = 1.28>
ST_1 : Operation 15 [1/1] (0.00ns)   --->   "%out_pix = alloca i32 1" [prj/sol/.autopilot/db/v_frmbuf_wr.cpp:690]   --->   Operation 15 'alloca' 'out_pix' <Predicate = (VideoFormat_val_read == 10) | (VideoFormat_val_read == 11)> <Delay = 0.00>
ST_1 : Operation 16 [1/1] (0.00ns)   --->   "%y = alloca i32 1" [prj/sol/.autopilot/db/v_frmbuf_wr.cpp:693]   --->   Operation 16 'alloca' 'y' <Predicate = (VideoFormat_val_read == 10) | (VideoFormat_val_read == 11)> <Delay = 0.00>
ST_1 : Operation 17 [1/1] (1.52ns)   --->   "%add_ln681 = add i14 %WidthInBytes_val_read, i14 7" [prj/sol/.autopilot/db/v_frmbuf_wr.cpp:681]   --->   Operation 17 'add' 'add_ln681' <Predicate = (VideoFormat_val_read == 10) | (VideoFormat_val_read == 11)> <Delay = 1.52> <CoreInst = "Adder">   --->   Core 1 'Adder' <Latency = 0> <II = 1> <Delay = 1.52> <FuncUnit> <Opcode : 'add' 'sub'> <InPorts = 2> <OutPorts = 1>
ST_1 : Operation 18 [1/1] (0.00ns)   --->   "%trunc_ln681_1 = partselect i11 @_ssdm_op_PartSelect.i11.i14.i32.i32, i14 %add_ln681, i32 3, i32 13" [prj/sol/.autopilot/db/v_frmbuf_wr.cpp:681]   --->   Operation 18 'partselect' 'trunc_ln681_1' <Predicate = (VideoFormat_val_read == 10) | (VideoFormat_val_read == 11)> <Delay = 0.00>
ST_1 : Operation 19 [1/1] (0.00ns)   --->   "%zext_ln681 = zext i11 %trunc_ln681_1" [prj/sol/.autopilot/db/v_frmbuf_wr.cpp:681]   --->   Operation 19 'zext' 'zext_ln681' <Predicate = (VideoFormat_val_read == 10) | (VideoFormat_val_read == 11)> <Delay = 0.00>
ST_1 : Operation 20 [1/1] (0.00ns)   --->   "%tmp_2 = bitselect i1 @_ssdm_op_BitSelect.i1.i14.i32, i14 %WidthInBytes_val_read, i32 2" [prj/sol/.autopilot/db/v_frmbuf_wr.cpp:685]   --->   Operation 20 'bitselect' 'tmp_2' <Predicate = (VideoFormat_val_read == 10) | (VideoFormat_val_read == 11)> <Delay = 0.00>
ST_1 : Operation 21 [1/1] (0.80ns)   --->   "%xor_ln685 = xor i1 %tmp_2, i1 1" [prj/sol/.autopilot/db/v_frmbuf_wr.cpp:685]   --->   Operation 21 'xor' 'xor_ln685' <Predicate = (VideoFormat_val_read == 10) | (VideoFormat_val_read == 11)> <Delay = 0.80> <CoreInst = "LogicGate">   --->   Core 74 'LogicGate' <Latency = 0> <II = 1> <Delay = 0.80> <FuncUnit> <Opcode : 'and' 'or' 'xor'> <InPorts = 2> <OutPorts = 1>
ST_1 : Operation 22 [1/1] (1.48ns)   --->   "%add_ln702 = add i12 %zext_ln681, i12 4095" [prj/sol/.autopilot/db/v_frmbuf_wr.cpp:702]   --->   Operation 22 'add' 'add_ln702' <Predicate = (VideoFormat_val_read == 10) | (VideoFormat_val_read == 11)> <Delay = 1.48> <CoreInst = "Adder">   --->   Core 1 'Adder' <Latency = 0> <II = 1> <Delay = 1.48> <FuncUnit> <Opcode : 'add' 'sub'> <InPorts = 2> <OutPorts = 1>
ST_1 : Operation 23 [1/1] (1.29ns)   --->   "%store_ln693 = store i11 0, i11 %y" [prj/sol/.autopilot/db/v_frmbuf_wr.cpp:693]   --->   Operation 23 'store' 'store_ln693' <Predicate = (VideoFormat_val_read == 10) | (VideoFormat_val_read == 11)> <Delay = 1.29>
ST_1 : Operation 24 [1/1] (0.00ns)   --->   "%store_ln690 = store i64 0, i64 %out_pix" [prj/sol/.autopilot/db/v_frmbuf_wr.cpp:690]   --->   Operation 24 'store' 'store_ln690' <Predicate = (VideoFormat_val_read == 10) | (VideoFormat_val_read == 11)> <Delay = 0.00>
ST_1 : Operation 25 [1/1] (0.00ns)   --->   "%br_ln693 = br void %VITIS_LOOP_697_1" [prj/sol/.autopilot/db/v_frmbuf_wr.cpp:693]   --->   Operation 25 'br' 'br_ln693' <Predicate = (VideoFormat_val_read == 10) | (VideoFormat_val_read == 11)> <Delay = 0.00>

State 2 <SV = 1> <Delay = 4.26>
ST_2 : Operation 26 [1/1] (0.00ns)   --->   "%y_1 = load i11 %y" [prj/sol/.autopilot/db/v_frmbuf_wr.cpp:693]   --->   Operation 26 'load' 'y_1' <Predicate = (VideoFormat_val_read == 10) | (VideoFormat_val_read == 11)> <Delay = 0.00>
ST_2 : Operation 27 [1/1] (1.48ns)   --->   "%icmp_ln693 = icmp_eq  i11 %y_1, i11 %Height_val_read" [prj/sol/.autopilot/db/v_frmbuf_wr.cpp:693]   --->   Operation 27 'icmp' 'icmp_ln693' <Predicate = (VideoFormat_val_read == 10) | (VideoFormat_val_read == 11)> <Delay = 1.48> <CoreInst = "Cmp">   --->   Core 9 'Cmp' <Latency = 0> <II = 1> <Delay = 1.48> <FuncUnit> <Opcode : 'seteq' 'setne' 'setle' 'setge' 'setlt' 'setgt'> <InPorts = 2> <OutPorts = 1>
ST_2 : Operation 28 [1/1] (0.00ns)   --->   "%speclooptripcount_ln0 = speclooptripcount void @_ssdm_op_SpecLoopTripCount, i64 64, i64 1080, i64 0"   --->   Operation 28 'speclooptripcount' 'speclooptripcount_ln0' <Predicate = (VideoFormat_val_read == 10) | (VideoFormat_val_read == 11)> <Delay = 0.00>
ST_2 : Operation 29 [1/1] (1.48ns)   --->   "%y_2 = add i11 %y_1, i11 1" [prj/sol/.autopilot/db/v_frmbuf_wr.cpp:693]   --->   Operation 29 'add' 'y_2' <Predicate = (VideoFormat_val_read == 10) | (VideoFormat_val_read == 11)> <Delay = 1.48> <CoreInst = "Adder">   --->   Core 1 'Adder' <Latency = 0> <II = 1> <Delay = 1.48> <FuncUnit> <Opcode : 'add' 'sub'> <InPorts = 2> <OutPorts = 1>
ST_2 : Operation 30 [1/1] (0.00ns)   --->   "%br_ln693 = br i1 %icmp_ln693, void %VITIS_LOOP_700_2.lr.ph, void %if.end190.loopexit" [prj/sol/.autopilot/db/v_frmbuf_wr.cpp:693]   --->   Operation 30 'br' 'br_ln693' <Predicate = (VideoFormat_val_read == 10) | (VideoFormat_val_read == 11)> <Delay = 0.00>
ST_2 : Operation 31 [2/2] (2.77ns)   --->   "%call_ln681 = call void @MultiPixStream2Bytes_Pipeline_VITIS_LOOP_697_1, i11 %trunc_ln681_1, i64 %bytePlanes, i12 %add_ln702, i24 %img, i1 %xor_ln685, i64 %out_pix" [prj/sol/.autopilot/db/v_frmbuf_wr.cpp:681]   --->   Operation 31 'call' 'call_ln681' <Predicate = (VideoFormat_val_read == 10 & !icmp_ln693) | (VideoFormat_val_read == 11 & !icmp_ln693)> <Delay = 2.77> <CoreType = "Generic">   --->   Generic Core
ST_2 : Operation 32 [1/1] (0.00ns)   --->   "%br_ln0 = br void %if.end190"   --->   Operation 32 'br' 'br_ln0' <Predicate = (VideoFormat_val_read == 10 & icmp_ln693) | (VideoFormat_val_read == 11 & icmp_ln693)> <Delay = 0.00>
ST_2 : Operation 33 [1/1] (0.00ns)   --->   "%br_ln0 = br void %if.end191"   --->   Operation 33 'br' 'br_ln0' <Predicate = (VideoFormat_val_read != 43 & VideoFormat_val_read != 42 & VideoFormat_val_read != 44 & VideoFormat_val_read != 41 & icmp_ln693) | (VideoFormat_val_read != 43 & VideoFormat_val_read != 42 & VideoFormat_val_read != 44 & VideoFormat_val_read != 41 & VideoFormat_val_read != 11 & VideoFormat_val_read != 10)> <Delay = 0.00>
ST_2 : Operation 34 [1/1] (0.00ns)   --->   "%br_ln0 = br void %if.end192"   --->   Operation 34 'br' 'br_ln0' <Predicate = (VideoFormat_val_read != 43 & VideoFormat_val_read != 42 & VideoFormat_val_read != 44 & icmp_ln693) | (VideoFormat_val_read != 43 & VideoFormat_val_read != 42 & VideoFormat_val_read != 44 & VideoFormat_val_read != 11 & VideoFormat_val_read != 10) | (VideoFormat_val_read == 41)> <Delay = 0.00>
ST_2 : Operation 35 [1/1] (0.00ns)   --->   "%br_ln0 = br void %if.end193"   --->   Operation 35 'br' 'br_ln0' <Predicate = (VideoFormat_val_read != 43 & VideoFormat_val_read != 42 & icmp_ln693) | (VideoFormat_val_read != 43 & VideoFormat_val_read != 42 & VideoFormat_val_read != 11 & VideoFormat_val_read != 10) | (VideoFormat_val_read == 41) | (VideoFormat_val_read == 44)> <Delay = 0.00>
ST_2 : Operation 36 [1/1] (0.00ns)   --->   "%br_ln0 = br void %if.end194"   --->   Operation 36 'br' 'br_ln0' <Predicate = (VideoFormat_val_read != 43 & icmp_ln693) | (VideoFormat_val_read != 43 & VideoFormat_val_read != 11 & VideoFormat_val_read != 10) | (VideoFormat_val_read == 41) | (VideoFormat_val_read == 44) | (VideoFormat_val_read == 42)> <Delay = 0.00>
ST_2 : Operation 37 [1/1] (0.00ns)   --->   "%ret_ln1516 = ret" [prj/sol/.autopilot/db/v_frmbuf_wr.cpp:1516]   --->   Operation 37 'ret' 'ret_ln1516' <Predicate = (icmp_ln693) | (VideoFormat_val_read != 11 & VideoFormat_val_read != 10) | (VideoFormat_val_read == 41) | (VideoFormat_val_read == 44) | (VideoFormat_val_read == 42) | (VideoFormat_val_read == 43)> <Delay = 0.00>

State 3 <SV = 2> <Delay = 4.07>
ST_3 : Operation 38 [1/2] (4.07ns)   --->   "%call_ln681 = call void @MultiPixStream2Bytes_Pipeline_VITIS_LOOP_697_1, i11 %trunc_ln681_1, i64 %bytePlanes, i12 %add_ln702, i24 %img, i1 %xor_ln685, i64 %out_pix" [prj/sol/.autopilot/db/v_frmbuf_wr.cpp:681]   --->   Operation 38 'call' 'call_ln681' <Predicate = true> <Delay = 4.07> <CoreType = "Generic">   --->   Generic Core

State 4 <SV = 3> <Delay = 1.29>
ST_4 : Operation 39 [1/1] (0.00ns)   --->   "%specloopname_ln693 = specloopname void @_ssdm_op_SpecLoopName, void @empty_18" [prj/sol/.autopilot/db/v_frmbuf_wr.cpp:693]   --->   Operation 39 'specloopname' 'specloopname_ln693' <Predicate = true> <Delay = 0.00>
ST_4 : Operation 40 [1/1] (1.29ns)   --->   "%store_ln693 = store i11 %y_2, i11 %y" [prj/sol/.autopilot/db/v_frmbuf_wr.cpp:693]   --->   Operation 40 'store' 'store_ln693' <Predicate = true> <Delay = 1.29>
ST_4 : Operation 41 [1/1] (0.00ns)   --->   "%br_ln693 = br void %VITIS_LOOP_697_1" [prj/sol/.autopilot/db/v_frmbuf_wr.cpp:693]   --->   Operation 41 'br' 'br_ln693' <Predicate = true> <Delay = 0.00>


============================================================
+ Verbose Summary: Timing violations
============================================================
Target clock period: 6.667ns, clock uncertainty: 1.800ns.

 <State 1>: 3.010ns
The critical path consists of the following:
	wire read operation ('WidthInBytes_val_read') on port 'WidthInBytes_val' [7]  (0.000 ns)
	'add' operation 14 bit ('add_ln681', prj/sol/.autopilot/db/v_frmbuf_wr.cpp:681) [19]  (1.528 ns)
	'add' operation 12 bit ('add_ln702', prj/sol/.autopilot/db/v_frmbuf_wr.cpp:702) [24]  (1.482 ns)

 <State 2>: 4.261ns
The critical path consists of the following:
	'load' operation 11 bit ('y', prj/sol/.autopilot/db/v_frmbuf_wr.cpp:693) on local variable 'y', prj/sol/.autopilot/db/v_frmbuf_wr.cpp:693 [29]  (0.000 ns)
	'icmp' operation 1 bit ('icmp_ln693', prj/sol/.autopilot/db/v_frmbuf_wr.cpp:693) [30]  (1.482 ns)
	'call' operation ('call_ln681', prj/sol/.autopilot/db/v_frmbuf_wr.cpp:681) to 'MultiPixStream2Bytes_Pipeline_VITIS_LOOP_697_1' [36]  (2.780 ns)

 <State 3>: 4.078ns
The critical path consists of the following:
	'call' operation ('call_ln681', prj/sol/.autopilot/db/v_frmbuf_wr.cpp:681) to 'MultiPixStream2Bytes_Pipeline_VITIS_LOOP_697_1' [36]  (4.078 ns)

 <State 4>: 1.298ns
The critical path consists of the following:
	'store' operation ('store_ln693', prj/sol/.autopilot/db/v_frmbuf_wr.cpp:693) of variable 'y', prj/sol/.autopilot/db/v_frmbuf_wr.cpp:693 11 bit on local variable 'y', prj/sol/.autopilot/db/v_frmbuf_wr.cpp:693 [37]  (1.298 ns)


============================================================
+ Verbose Summary: Binding
============================================================
N/A
* FSMD analyzer results:
  - Output states:
 - Input state : 
  - Chain level:
	State 1
	State 2
	State 3
	State 4


============================================================
+ Verbose Summary: Datapath Resource usage 
============================================================
N/A
