

================================================================
== Vitis HLS Report for 'MultiPixStream2Bytes_Pipeline_VITIS_LOOP_697_1'
================================================================
* Date:           Thu Mar  5 14:47:30 2026

* Version:        2025.2 (Build 6295257 on Nov 14 2025)
* Project:        prj
* Solution:       sol (Vivado IP Flow Target)
* Product family: zynq
* Target device:  xc7z020-clg400-2


================================================================
== Performance Estimates
================================================================
+ Timing: 
    * Summary: 
    +--------+---------+----------+------------+
    |  Clock |  Target | Estimated| Uncertainty|
    +--------+---------+----------+------------+
    |ap_clk  |  6.67 ns|  4.078 ns|     1.80 ns|
    +--------+---------+----------+------------+

+ Latency: 
    * Summary: 
    +---------+---------+-----------+-----------+-----+-----+-------------------+
    |  Latency (cycles) |   Latency (absolute)  |  Interval |      Pipeline     |
    |   min   |   max   |    min    |    max    | min | max |        Type       |
    +---------+---------+-----------+-----------+-----+-----+-------------------+
    |        2|     4322|  13.334 ns|  28.815 us|    0|    0|  loop pipeline stp|
    +---------+---------+-----------+-----------+-----+-----+-------------------+

    + Detail: 
        * Instance: 
        N/A

        * Loop: 
        +--------------------+---------+---------+----------+-----------+-----------+----------+----------+
        |                    |  Latency (cycles) | Iteration|  Initiation Interval  |   Trip   |          |
        |      Loop Name     |   min   |   max   |  Latency |  achieved |   target  |   Count  | Pipelined|
        +--------------------+---------+---------+----------+-----------+-----------+----------+----------+
        |- VITIS_LOOP_697_1  |        0|     4320|         4|          3|          3|  0 ~ 1440|       yes|
        +--------------------+---------+---------+----------+-----------+-----------+----------+----------+



================================================================
== Utilization Estimates
================================================================
* Summary: 
+-----------------+---------+-----+--------+-------+-----+
|       Name      | BRAM_18K| DSP |   FF   |  LUT  | URAM|
+-----------------+---------+-----+--------+-------+-----+
|DSP              |        -|    -|       -|      -|    -|
|Expression       |        -|    -|       0|     49|    -|
|FIFO             |        -|    -|       -|      -|    -|
|Instance         |        -|    -|       -|      -|    -|
|Memory           |        -|    -|       -|      -|    -|
|Multiplexer      |        -|    -|       0|    125|    -|
|Register         |        -|    -|     124|      -|    -|
+-----------------+---------+-----+--------+-------+-----+
|Total            |        0|    0|     124|    174|    0|
+-----------------+---------+-----+--------+-------+-----+
|Available        |      280|  220|  106400|  53200|    0|
+-----------------+---------+-----+--------+-------+-----+
|Utilization (%)  |        0|    0|      ~0|     ~0|    0|
+-----------------+---------+-----+--------+-------+-----+

+ Detail: 
    * Instance: 
    N/A

    * DSP: 
    N/A

    * Memory: 
    N/A

    * FIFO: 
    N/A

    * Expression: 
    +---------------------------------------+----------+----+---+----+------------+------------+
    |             Variable Name             | Operation| DSP| FF| LUT| Bitwidth P0| Bitwidth P1|
    +---------------------------------------+----------+----+---+----+------------+------------+
    |x_2_fu_178_p2                          |         +|   0|  0|  11|          11|           1|
    |bytePlanes_din                         |      1003|   0|  0|   2|          64|          24|
    |out_pix_fu_209_p4                      |      1003|   0|  0|   2|          64|          24|
    |ap_block_pp0_stage0_01001_grp3         |       and|   0|  0|   1|           1|           1|
    |ap_block_pp0_stage1_11001_grp1         |       and|   0|  0|   1|           1|           1|
    |ap_block_pp0_stage2_11001_grp2         |       and|   0|  0|   1|           1|           1|
    |ap_block_state2_pp0_stage1_iter0_grp1  |       and|   0|  0|   1|           1|           1|
    |ap_block_state3_pp0_stage2_iter0_grp2  |       and|   0|  0|   1|           1|           1|
    |ap_condition_148                       |       and|   0|  0|   1|           1|           1|
    |ap_condition_304                       |       and|   0|  0|   1|           1|           1|
    |ap_predicate_op30_read_state3          |       and|   0|  0|   1|           1|           1|
    |icmp_ln697_fu_172_p2                   |      icmp|   0|  0|  11|          11|          11|
    |icmp_ln702_fu_188_p2                   |      icmp|   0|  0|  12|          12|          12|
    |or_ln702_fu_194_p2                     |        or|   0|  0|   1|           1|           1|
    |ap_enable_pp0                          |       xor|   0|  0|   2|           1|           2|
    +---------------------------------------+----------+----+---+----+------------+------------+
    |Total                                  |          |   0|  0|  49|         172|          83|
    +---------------------------------------+----------+----+---+----+------------+------------+

    * Multiplexer: 
    +----------------------------------------+----+-----------+-----+-----------+
    |                  Name                  | LUT| Input Size| Bits| Total Bits|
    +----------------------------------------+----+-----------+-----+-----------+
    |ap_NS_fsm                               |  17|          4|    1|          4|
    |ap_done_int                             |   9|          2|    1|          2|
    |ap_enable_reg_pp0_iter0                 |   9|          2|    1|          2|
    |ap_enable_reg_pp0_iter0_reg             |   9|          2|    1|          2|
    |ap_enable_reg_pp0_iter1                 |   9|          2|    1|          2|
    |ap_phi_reg_pp0_iter1_phi_ln703_reg_133  |   9|          2|   24|         48|
    |ap_sig_allocacmp_x_1                    |   9|          2|   11|         22|
    |bytePlanes_blk_n                        |   9|          2|    1|          2|
    |empty_71_reg_123                        |   9|          2|    8|         16|
    |empty_reg_113                           |   9|          2|    8|         16|
    |img_blk_n                               |   9|          2|    1|          2|
    |out_pix_1_out_o                         |   9|          2|   64|        128|
    |x_fu_78                                 |   9|          2|   11|         22|
    +----------------------------------------+----+-----------+-----+-----------+
    |Total                                   | 125|         28|  133|        268|
    +----------------------------------------+----+-----------+-----+-----------+

    * Register: 
    +-------------------------------------------+----+----+-----+-----------+
    |                    Name                   | FF | LUT| Bits| Const Bits|
    +-------------------------------------------+----+----+-----+-----------+
    |ap_CS_fsm                                  |   3|   0|    3|          0|
    |ap_block_pp0_stage2_subdone_grp0_done_reg  |   1|   0|    1|          0|
    |ap_done_reg                                |   1|   0|    1|          0|
    |ap_enable_reg_pp0_iter0_reg                |   1|   0|    1|          0|
    |ap_enable_reg_pp0_iter1                    |   1|   0|    1|          0|
    |ap_phi_reg_pp0_iter0_empty_71_reg_123      |   8|   0|    8|          0|
    |ap_phi_reg_pp0_iter0_empty_reg_113         |   8|   0|    8|          0|
    |ap_phi_reg_pp0_iter0_phi_ln703_reg_133     |  24|   0|   24|          0|
    |ap_phi_reg_pp0_iter1_phi_ln703_reg_133     |  24|   0|   24|          0|
    |empty_71_reg_123                           |   8|   0|    8|          0|
    |empty_reg_113                              |   8|   0|    8|          0|
    |icmp_ln697_reg_256                         |   1|   0|    1|          0|
    |in_pix_reg_264                             |  24|   0|   24|          0|
    |or_ln702_reg_260                           |   1|   0|    1|          0|
    |x_fu_78                                    |  11|   0|   11|          0|
    +-------------------------------------------+----+----+-----+-----------+
    |Total                                      | 124|   0|  124|          0|
    +-------------------------------------------+----+----+-----+-----------+



================================================================
== Interface
================================================================
* Summary: 
+---------------------------+-----+-----+------------+------------------------------------------------+--------------+
|         RTL Ports         | Dir | Bits|  Protocol  |                  Source Object                 |    C Type    |
+---------------------------+-----+-----+------------+------------------------------------------------+--------------+
|ap_clk                     |   in|    1|  ap_ctrl_hs|  MultiPixStream2Bytes_Pipeline_VITIS_LOOP_697_1|  return value|
|ap_rst                     |   in|    1|  ap_ctrl_hs|  MultiPixStream2Bytes_Pipeline_VITIS_LOOP_697_1|  return value|
|ap_start                   |   in|    1|  ap_ctrl_hs|  MultiPixStream2Bytes_Pipeline_VITIS_LOOP_697_1|  return value|
|ap_done                    |  out|    1|  ap_ctrl_hs|  MultiPixStream2Bytes_Pipeline_VITIS_LOOP_697_1|  return value|
|ap_idle                    |  out|    1|  ap_ctrl_hs|  MultiPixStream2Bytes_Pipeline_VITIS_LOOP_697_1|  return value|
|ap_ready                   |  out|    1|  ap_ctrl_hs|  MultiPixStream2Bytes_Pipeline_VITIS_LOOP_697_1|  return value|
|bytePlanes_din             |  out|   64|     ap_fifo|                                      bytePlanes|       pointer|
|bytePlanes_full_n          |   in|    1|     ap_fifo|                                      bytePlanes|       pointer|
|bytePlanes_write           |  out|    1|     ap_fifo|                                      bytePlanes|       pointer|
|bytePlanes_num_data_valid  |   in|   32|     ap_fifo|                                      bytePlanes|       pointer|
|bytePlanes_fifo_cap        |   in|   32|     ap_fifo|                                      bytePlanes|       pointer|
|img_dout                   |   in|   24|     ap_fifo|                                             img|       pointer|
|img_empty_n                |   in|    1|     ap_fifo|                                             img|       pointer|
|img_read                   |  out|    1|     ap_fifo|                                             img|       pointer|
|img_num_data_valid         |   in|    3|     ap_fifo|                                             img|       pointer|
|img_fifo_cap               |   in|    3|     ap_fifo|                                             img|       pointer|
|trunc_ln681_1              |   in|   11|   ap_stable|                                   trunc_ln681_1|        scalar|
|add_ln702                  |   in|   12|   ap_stable|                                       add_ln702|        scalar|
|rev                        |   in|    1|   ap_stable|                                             rev|        scalar|
|out_pix_1_out_i            |   in|   64|     ap_ovld|                                   out_pix_1_out|       pointer|
|out_pix_1_out_o            |  out|   64|     ap_ovld|                                   out_pix_1_out|       pointer|
|out_pix_1_out_o_ap_vld     |  out|    1|     ap_ovld|                                   out_pix_1_out|       pointer|
+---------------------------+-----+-----+------------+------------------------------------------------+--------------+

============================================================
+ Verbose Summary: Synthesis Manager
============================================================
InlineROM: 1
ExposeGlobal: 0
============================================================
+ Verbose Summary: CDFG Model
============================================================
IsTopModel: 0
ResetActiveHigh: 1
IsCombinational: 2
IsDatapathOnly: 2
HasWiredReturn: 1
HasMFsm: 2
HasVarLatency: 1
IsPipeline: 0
IsRtlPipelined: 0
IsInstanceOverlapped: 0
IsDontTouch: 0
HasImplIP: 0
IsGatedGlobalClock: 0

+ Individual pipeline summary: 
  * Pipeline-0: initiation interval (II) = 3, depth = 4


============================================================
+ Verbose Summary: Schedule
============================================================
* Number of FSM states : 4
* Pipeline : 1
  Pipeline-0 : II = 3, D = 4, States = { 1 2 3 4 }
* Dataflow Pipeline: 0

* FSM state transitions: 
1 --> 2 
2 --> 3 
3 --> 4 
4 --> 

* FSM state operations: 

State 1 <SV = 0> <Delay = 4.07>
ST_1 : Operation 7 [1/1] (0.00ns)   --->   "%x = alloca i32 1" [prj/sol/.autopilot/db/v_frmbuf_wr.cpp:697]   --->   Operation 7 'alloca' 'x' <Predicate = true> <Delay = 0.00>
ST_1 : Operation 8 [1/1] (0.00ns)   --->   "%specmemcore_ln0 = specmemcore void @_ssdm_op_SpecMemCore, i64 %bytePlanes, i64 666, i64 8, i64 18446744073709551615, i1 0"   --->   Operation 8 'specmemcore' 'specmemcore_ln0' <Predicate = true> <Delay = 0.00>
ST_1 : Operation 9 [1/1] (0.00ns)   --->   "%specinterface_ln0 = specinterface void @_ssdm_op_SpecInterface, i24 %img, void @empty_7, i32 0, i32 0, void @empty_5, i32 0, i32 0, void @empty_5, void @empty_5, void @empty_5, i32 0, i32 0, i32 0, i32 0, void @empty_5, void @empty_5, i32 4294967295, i32 0, i32 0, i32 0"   --->   Operation 9 'specinterface' 'specinterface_ln0' <Predicate = true> <Delay = 0.00>
ST_1 : Operation 10 [1/1] (0.00ns)   --->   "%specinterface_ln0 = specinterface void @_ssdm_op_SpecInterface, i64 %bytePlanes, void @empty_7, i32 0, i32 0, void @empty_5, i32 0, i32 0, void @empty_5, void @empty_5, void @empty_5, i32 0, i32 0, i32 0, i32 0, void @empty_5, void @empty_5, i32 4294967295, i32 0, i32 0, i32 0"   --->   Operation 10 'specinterface' 'specinterface_ln0' <Predicate = true> <Delay = 0.00>
ST_1 : Operation 11 [1/1] (0.00ns)   --->   "%rev_read = read i1 @_ssdm_op_Read.ap_auto.i1, i1 %rev" [prj/sol/.autopilot/db/v_frmbuf_wr.cpp:428]   --->   Operation 11 'read' 'rev_read' <Predicate = true> <Delay = 0.00>
ST_1 : Operation 12 [1/1] (0.00ns)   --->   "%add_ln702_read = read i12 @_ssdm_op_Read.ap_auto.i12, i12 %add_ln702" [prj/sol/.autopilot/db/v_frmbuf_wr.cpp:428]   --->   Operation 12 'read' 'add_ln702_read' <Predicate = true> <Delay = 0.00>
ST_1 : Operation 13 [1/1] (0.00ns)   --->   "%trunc_ln681_1_read = read i11 @_ssdm_op_Read.ap_auto.i11, i11 %trunc_ln681_1" [prj/sol/.autopilot/db/v_frmbuf_wr.cpp:428]   --->   Operation 13 'read' 'trunc_ln681_1_read' <Predicate = true> <Delay = 0.00>
ST_1 : Operation 14 [1/1] (1.29ns)   --->   "%store_ln697 = store i11 0, i11 %x" [prj/sol/.autopilot/db/v_frmbuf_wr.cpp:697]   --->   Operation 14 'store' 'store_ln697' <Predicate = true> <Delay = 1.29>
ST_1 : Operation 15 [1/1] (0.00ns)   --->   "%br_ln697 = br void %VITIS_LOOP_700_2" [prj/sol/.autopilot/db/v_frmbuf_wr.cpp:697]   --->   Operation 15 'br' 'br_ln697' <Predicate = true> <Delay = 0.00>
ST_1 : Operation 16 [1/1] (0.00ns)   --->   "%x_1 = load i11 %x" [prj/sol/.autopilot/db/v_frmbuf_wr.cpp:697]   --->   Operation 16 'load' 'x_1' <Predicate = true> <Delay = 0.00>
ST_1 : Operation 17 [1/1] (1.48ns)   --->   "%icmp_ln697 = icmp_eq  i11 %x_1, i11 %trunc_ln681_1_read" [prj/sol/.autopilot/db/v_frmbuf_wr.cpp:697]   --->   Operation 17 'icmp' 'icmp_ln697' <Predicate = true> <Delay = 1.48> <CoreInst = "Cmp">   --->   Core 9 'Cmp' <Latency = 0> <II = 1> <Delay = 1.48> <FuncUnit> <Opcode : 'seteq' 'setne' 'setle' 'setge' 'setlt' 'setgt'> <InPorts = 2> <OutPorts = 1>
ST_1 : Operation 18 [1/1] (0.00ns)   --->   "%speclooptripcount_ln0 = speclooptripcount void @_ssdm_op_SpecLoopTripCount, i64 0, i64 1440, i64 0"   --->   Operation 18 'speclooptripcount' 'speclooptripcount_ln0' <Predicate = true> <Delay = 0.00>
ST_1 : Operation 19 [1/1] (1.48ns)   --->   "%x_2 = add i11 %x_1, i11 1" [prj/sol/.autopilot/db/v_frmbuf_wr.cpp:697]   --->   Operation 19 'add' 'x_2' <Predicate = true> <Delay = 1.48> <CoreInst = "Adder">   --->   Core 1 'Adder' <Latency = 0> <II = 1> <Delay = 1.48> <FuncUnit> <Opcode : 'add' 'sub'> <InPorts = 2> <OutPorts = 1>
ST_1 : Operation 20 [1/1] (0.00ns)   --->   "%br_ln697 = br i1 %icmp_ln697, void %VITIS_LOOP_700_2.split, void %for.inc70.exitStub" [prj/sol/.autopilot/db/v_frmbuf_wr.cpp:697]   --->   Operation 20 'br' 'br_ln697' <Predicate = true> <Delay = 0.00>
ST_1 : Operation 21 [1/1] (0.00ns)   --->   "%zext_ln697 = zext i11 %x_1" [prj/sol/.autopilot/db/v_frmbuf_wr.cpp:697]   --->   Operation 21 'zext' 'zext_ln697' <Predicate = (!icmp_ln697)> <Delay = 0.00>
ST_1 : Operation 22 [1/1] (1.54ns)   --->   "%icmp_ln702 = icmp_slt  i12 %zext_ln697, i12 %add_ln702_read" [prj/sol/.autopilot/db/v_frmbuf_wr.cpp:702]   --->   Operation 22 'icmp' 'icmp_ln702' <Predicate = (!icmp_ln697)> <Delay = 1.54> <CoreInst = "Cmp">   --->   Core 9 'Cmp' <Latency = 0> <II = 1> <Delay = 1.54> <FuncUnit> <Opcode : 'seteq' 'setne' 'setle' 'setge' 'setlt' 'setgt'> <InPorts = 2> <OutPorts = 1>
ST_1 : Operation 23 [1/1] (0.80ns)   --->   "%or_ln702 = or i1 %icmp_ln702, i1 %rev_read" [prj/sol/.autopilot/db/v_frmbuf_wr.cpp:702]   --->   Operation 23 'or' 'or_ln702' <Predicate = (!icmp_ln697)> <Delay = 0.80> <CoreInst = "LogicGate">   --->   Core 74 'LogicGate' <Latency = 0> <II = 1> <Delay = 0.80> <FuncUnit> <Opcode : 'and' 'or' 'xor'> <InPorts = 2> <OutPorts = 1>
ST_1 : Operation 24 [1/1] (1.29ns)   --->   "%store_ln697 = store i11 %x_2, i11 %x" [prj/sol/.autopilot/db/v_frmbuf_wr.cpp:697]   --->   Operation 24 'store' 'store_ln697' <Predicate = (!icmp_ln697)> <Delay = 1.29>
ST_1 : Operation 46 [1/1] (1.29ns)   --->   "%ret_ln0 = ret"   --->   Operation 46 'ret' 'ret_ln0' <Predicate = (icmp_ln697)> <Delay = 1.29>

State 2 <SV = 1> <Delay = 2.43>
ST_2 : Operation 25 [1/1] ( I:2.43ns O:2.43ns )   --->   "%in_pix = read i24 @_ssdm_op_Read.ap_fifo.volatile.i24P0A, i24 %img" [prj/sol/.autopilot/db/v_frmbuf_wr.cpp:703]   --->   Operation 25 'read' 'in_pix' <Predicate = (!icmp_ln697)> <Delay = 2.43> <CoreInst = "FIFO_SRL">   --->   Core 80 'FIFO_SRL' <Latency = 0> <II = 1> <Delay = 3.40> <Storage> <Opcode : 'read' 'write' 'nbread' 'nbwrite'> <Ports = 0> <Width = 24> <Depth = 2> <FIFO>
ST_2 : Operation 26 [1/1] (0.00ns)   --->   "%trunc_ln703_1 = partselect i8 @_ssdm_op_PartSelect.i8.i24.i32.i32, i24 %in_pix, i32 8, i32 15" [prj/sol/.autopilot/db/v_frmbuf_wr.cpp:703]   --->   Operation 26 'partselect' 'trunc_ln703_1' <Predicate = (!icmp_ln697)> <Delay = 0.00>
ST_2 : Operation 27 [1/1] (0.00ns)   --->   "%trunc_ln703_2 = partselect i8 @_ssdm_op_PartSelect.i8.i24.i32.i32, i24 %in_pix, i32 16, i32 23" [prj/sol/.autopilot/db/v_frmbuf_wr.cpp:703]   --->   Operation 27 'partselect' 'trunc_ln703_2' <Predicate = (!icmp_ln697)> <Delay = 0.00>
ST_2 : Operation 28 [1/1] (1.29ns)   --->   "%br_ln702 = br i1 %or_ln702, void %for.inc.1, void %if.then37.1" [prj/sol/.autopilot/db/v_frmbuf_wr.cpp:702]   --->   Operation 28 'br' 'br_ln702' <Predicate = (!icmp_ln697)> <Delay = 1.29>
ST_2 : Operation 29 [1/1] (1.29ns)   --->   "%br_ln703 = br void %for.inc.1" [prj/sol/.autopilot/db/v_frmbuf_wr.cpp:703]   --->   Operation 29 'br' 'br_ln703' <Predicate = (!icmp_ln697 & or_ln702)> <Delay = 1.29>

State 3 <SV = 2> <Delay = 2.43>
ST_3 : Operation 30 [1/1] ( I:2.43ns O:2.43ns )   --->   "%img_read = read i24 @_ssdm_op_Read.ap_fifo.volatile.i24P0A, i24 %img" [prj/sol/.autopilot/db/v_frmbuf_wr.cpp:703]   --->   Operation 30 'read' 'img_read' <Predicate = (!icmp_ln697 & or_ln702)> <Delay = 2.43> <CoreInst = "FIFO_SRL">   --->   Core 80 'FIFO_SRL' <Latency = 0> <II = 1> <Delay = 3.40> <Storage> <Opcode : 'read' 'write' 'nbread' 'nbwrite'> <Ports = 0> <Width = 24> <Depth = 2> <FIFO>
ST_3 : Operation 31 [1/1] (0.00ns)   --->   "%trunc_ln703_4 = partselect i8 @_ssdm_op_PartSelect.i8.i24.i32.i32, i24 %img_read, i32 8, i32 15" [prj/sol/.autopilot/db/v_frmbuf_wr.cpp:703]   --->   Operation 31 'partselect' 'trunc_ln703_4' <Predicate = (!icmp_ln697 & or_ln702)> <Delay = 0.00>
ST_3 : Operation 32 [1/1] (0.00ns)   --->   "%trunc_ln703_5 = partselect i8 @_ssdm_op_PartSelect.i8.i24.i32.i32, i24 %img_read, i32 16, i32 23" [prj/sol/.autopilot/db/v_frmbuf_wr.cpp:703]   --->   Operation 32 'partselect' 'trunc_ln703_5' <Predicate = (!icmp_ln697 & or_ln702)> <Delay = 0.00>
ST_3 : Operation 33 [1/1] (0.00ns)   --->   "%empty = phi i8 %trunc_ln703_5, void %if.then37.1, i8 %trunc_ln703_2, void %VITIS_LOOP_700_2.split" [prj/sol/.autopilot/db/v_frmbuf_wr.cpp:703]   --->   Operation 33 'phi' 'empty' <Predicate = (!icmp_ln697)> <Delay = 0.00>
ST_3 : Operation 34 [1/1] (0.00ns)   --->   "%empty_71 = phi i8 %trunc_ln703_4, void %if.then37.1, i8 %trunc_ln703_1, void %VITIS_LOOP_700_2.split" [prj/sol/.autopilot/db/v_frmbuf_wr.cpp:703]   --->   Operation 34 'phi' 'empty_71' <Predicate = (!icmp_ln697)> <Delay = 0.00>

State 4 <SV = 3> <Delay = 2.43>
ST_4 : Operation 35 [1/1] (0.00ns)   --->   "%out_pix_1_out_load = load i64 %out_pix_1_out" [prj/sol/.autopilot/db/v_frmbuf_wr.cpp:712]   --->   Operation 35 'load' 'out_pix_1_out_load' <Predicate = (!icmp_ln697)> <Delay = 0.00>
ST_4 : Operation 36 [1/1] (0.00ns)   --->   "%specpipeline_ln699 = specpipeline void @_ssdm_op_SpecPipeline, i32 3, i32 0, i32 0, i32 0, i32 4294967295, void @empty_5" [prj/sol/.autopilot/db/v_frmbuf_wr.cpp:699]   --->   Operation 36 'specpipeline' 'specpipeline_ln699' <Predicate = (!icmp_ln697)> <Delay = 0.00>
ST_4 : Operation 37 [1/1] (0.00ns)   --->   "%specloopname_ln697 = specloopname void @_ssdm_op_SpecLoopName, void @empty_10" [prj/sol/.autopilot/db/v_frmbuf_wr.cpp:697]   --->   Operation 37 'specloopname' 'specloopname_ln697' <Predicate = (!icmp_ln697)> <Delay = 0.00>
ST_4 : Operation 38 [1/1] (0.00ns)   --->   "%out_pix = partset i64 @_ssdm_op_PartSet.i64.i64.i24.i32, i64 %out_pix_1_out_load, i24 %in_pix, i32 0" [prj/sol/.autopilot/db/v_frmbuf_wr.cpp:712]   --->   Operation 38 'partset' 'out_pix' <Predicate = (!icmp_ln697)> <Delay = 0.00>
ST_4 : Operation 39 [1/1] (0.00ns)   --->   "%phi_ln703 = phi i24 %img_read, void %if.then37.1, i24 %in_pix, void %VITIS_LOOP_700_2.split"   --->   Operation 39 'phi' 'phi_ln703' <Predicate = true> <Delay = 0.00>
ST_4 : Operation 40 [1/1] (0.00ns)   --->   "%trunc_ln703 = trunc i24 %phi_ln703" [prj/sol/.autopilot/db/v_frmbuf_wr.cpp:703]   --->   Operation 40 'trunc' 'trunc_ln703' <Predicate = true> <Delay = 0.00>
ST_4 : Operation 41 [1/1] (0.00ns)   --->   "%in_pix_1 = bitconcatenate i24 @_ssdm_op_BitConcatenate.i24.i8.i8.i8, i8 %empty, i8 %empty_71, i8 %trunc_ln703" [prj/sol/.autopilot/db/v_frmbuf_wr.cpp:708]   --->   Operation 41 'bitconcatenate' 'in_pix_1' <Predicate = true> <Delay = 0.00>
ST_4 : Operation 42 [1/1] (0.00ns)   --->   "%out_pix_1 = partset i64 @_ssdm_op_PartSet.i64.i64.i24.i32, i64 %out_pix, i24 %in_pix_1, i32 32" [prj/sol/.autopilot/db/v_frmbuf_wr.cpp:712]   --->   Operation 42 'partset' 'out_pix_1' <Predicate = true> <Delay = 0.00>
ST_4 : Operation 43 [1/1] ( I:2.43ns O:2.43ns )   --->   "%write_ln715 = write void @_ssdm_op_Write.ap_fifo.volatile.i64P0A, i64 %bytePlanes, i64 %out_pix_1" [prj/sol/.autopilot/db/v_frmbuf_wr.cpp:715]   --->   Operation 43 'write' 'write_ln715' <Predicate = true> <Delay = 2.43> <CoreInst = "FIFO_BRAM">   --->   Core 78 'FIFO_BRAM' <Latency = 0> <II = 1> <Delay = 3.41> <Storage> <Opcode : 'read' 'write' 'nbread' 'nbwrite'> <Ports = 0> <Width = 64> <Depth = 481> <FIFO>
ST_4 : Operation 44 [1/1] (0.00ns)   --->   "%store_ln690 = store i64 %out_pix_1, i64 %out_pix_1_out" [prj/sol/.autopilot/db/v_frmbuf_wr.cpp:690]   --->   Operation 44 'store' 'store_ln690' <Predicate = true> <Delay = 0.00>
ST_4 : Operation 45 [1/1] (0.00ns)   --->   "%br_ln697 = br void %VITIS_LOOP_700_2" [prj/sol/.autopilot/db/v_frmbuf_wr.cpp:697]   --->   Operation 45 'br' 'br_ln697' <Predicate = true> <Delay = 0.00>


============================================================
+ Verbose Summary: Binding
============================================================
STG Binding: 
---------------- STG Properties BEGIN ----------------
- Is combinational: 0
- Is one-state seq: 0
- Is datapath-only: 0
- Is pipelined: 0
- Is top level: 0
Port [ Return ] is wired: 1; IO mode=ap_ctrl_hs:ce=0
Port [ trunc_ln681_1]:  wired=1; compound=0; hidden=0; nouse=0; global=0; static=0; extern=0; dir=0; type=0; pingpong=0; private_global=0; IO mode=ap_stable:ce=0
Port [ bytePlanes]:  wired=1; compound=1; hidden=0; nouse=0; global=0; static=0; extern=0; dir=1; type=3; pingpong=0; private_global=0; IO mode=ap_fifo:ce=0
Port [ add_ln702]:  wired=1; compound=0; hidden=0; nouse=0; global=0; static=0; extern=0; dir=0; type=0; pingpong=0; private_global=0; IO mode=ap_stable:ce=0
Port [ img]:  wired=1; compound=1; hidden=0; nouse=0; global=0; static=0; extern=0; dir=0; type=3; pingpong=0; private_global=0; IO mode=ap_fifo:ce=0
Port [ rev]:  wired=1; compound=0; hidden=0; nouse=0; global=0; static=0; extern=0; dir=0; type=0; pingpong=0; private_global=0; IO mode=ap_stable:ce=0
Port [ out_pix_1_out]:  wired=1; compound=0; hidden=0; nouse=0; global=0; static=0; extern=0; dir=2; type=0; pingpong=0; private_global=0; IO mode=ap_ovld:ce=0
---------------- STG Properties END ------------------

---------------- Datapath Model BEGIN ----------------

<LifeTime>
<method=bitvector/>
x                     (alloca           ) [ 01000]
specmemcore_ln0       (specmemcore      ) [ 00000]
specinterface_ln0     (specinterface    ) [ 00000]
specinterface_ln0     (specinterface    ) [ 00000]
rev_read              (read             ) [ 00000]
add_ln702_read        (read             ) [ 00000]
trunc_ln681_1_read    (read             ) [ 00000]
store_ln697           (store            ) [ 00000]
br_ln697              (br               ) [ 00000]
x_1                   (load             ) [ 00000]
icmp_ln697            (icmp             ) [ 01111]
speclooptripcount_ln0 (speclooptripcount) [ 00000]
x_2                   (add              ) [ 00000]
br_ln697              (br               ) [ 00000]
zext_ln697            (zext             ) [ 00000]
icmp_ln702            (icmp             ) [ 00000]
or_ln702              (or               ) [ 01111]
store_ln697           (store            ) [ 00000]
in_pix                (read             ) [ 01111]
trunc_ln703_1         (partselect       ) [ 00110]
trunc_ln703_2         (partselect       ) [ 00110]
br_ln702              (br               ) [ 01111]
br_ln703              (br               ) [ 01111]
img_read              (read             ) [ 01101]
trunc_ln703_4         (partselect       ) [ 00000]
trunc_ln703_5         (partselect       ) [ 00000]
empty                 (phi              ) [ 01011]
empty_71              (phi              ) [ 01011]
out_pix_1_out_load    (load             ) [ 00000]
specpipeline_ln699    (specpipeline     ) [ 00000]
specloopname_ln697    (specloopname     ) [ 00000]
out_pix               (partset          ) [ 00000]
phi_ln703             (phi              ) [ 01001]
trunc_ln703           (trunc            ) [ 00000]
in_pix_1              (bitconcatenate   ) [ 00000]
out_pix_1             (partset          ) [ 00000]
write_ln715           (write            ) [ 00000]
store_ln690           (store            ) [ 00000]
br_ln697              (br               ) [ 00000]
ret_ln0               (ret              ) [ 00000]
</LifeTime>

<model>

<comp_list>
<comp id="0" class="1000" name="trunc_ln681_1">
<pin_list>
<pin id="1" dir="1" index="0" bw="1" slack="0"/>
</pin_list>
<bind>
<StgValue><ssdm name="trunc_ln681_1"/></StgValue>
</bind>
</comp>

<comp id="2" class="1000" name="bytePlanes">
<pin_list>
<pin id="3" dir="1" index="0" bw="1" slack="0"/>
</pin_list>
<bind>
<StgValue><ssdm name="bytePlanes"/></StgValue>
</bind>
</comp>

<comp id="4" class="1000" name="add_ln702">
<pin_list>
<pin id="5" dir="1" index="0" bw="1" slack="0"/>
</pin_list>
<bind>
<StgValue><ssdm name="add_ln702"/></StgValue>
</bind>
</comp>

<comp id="6" class="1000" name="img">
<pin_list>
<pin id="7" dir="1" index="0" bw="1" slack="0"/>
</pin_list>
<bind>
<StgValue><ssdm name="img"/></StgValue>
</bind>
</comp>

<comp id="8" class="1000" name="rev">
<pin_list>
<pin id="9" dir="1" index="0" bw="1" slack="0"/>
</pin_list>
<bind>
<StgValue><ssdm name="rev"/></StgValue>
</bind>
</comp>

<comp id="10" class="1000" name="out_pix_1_out">
<pin_list>
<pin id="11" dir="1" index="0" bw="1" slack="0"/>
</pin_list>
<bind>
<StgValue><ssdm name="out_pix_1_out"/></StgValue>
</bind>
</comp>

<comp id="12" class="1001" name="const_12">
<pin_list>
<pin id="13" dir="1" index="0" bw="1" slack="0"/>
</pin_list>
<bind>
<StgValue><ssdm name=""/></StgValue>
</bind>
</comp>

<comp id="14" class="1001" name="const_14">
<pin_list>
<pin id="15" dir="1" index="0" bw="1" slack="2147483647"/>
</pin_list>
<bind>
<StgValue><ssdm name="_ssdm_op_SpecMemCore"/></StgValue>
</bind>
</comp>

<comp id="16" class="1001" name="const_16">
<pin_list>
<pin id="17" dir="1" index="0" bw="1" slack="2147483647"/>
</pin_list>
<bind>
<StgValue><ssdm name=""/></StgValue>
</bind>
</comp>

<comp id="18" class="1001" name="const_18">
<pin_list>
<pin id="19" dir="1" index="0" bw="1" slack="2147483647"/>
</pin_list>
<bind>
<StgValue><ssdm name=""/></StgValue>
</bind>
</comp>

<comp id="20" class="1001" name="const_20">
<pin_list>
<pin id="21" dir="1" index="0" bw="1" slack="2147483647"/>
</pin_list>
<bind>
<StgValue><ssdm name=""/></StgValue>
</bind>
</comp>

<comp id="22" class="1001" name="const_22">
<pin_list>
<pin id="23" dir="1" index="0" bw="1" slack="2147483647"/>
</pin_list>
<bind>
<StgValue><ssdm name=""/></StgValue>
</bind>
</comp>

<comp id="24" class="1001" name="const_24">
<pin_list>
<pin id="25" dir="1" index="0" bw="1" slack="2147483647"/>
</pin_list>
<bind>
<StgValue><ssdm name="_ssdm_op_SpecInterface"/></StgValue>
</bind>
</comp>

<comp id="26" class="1001" name="const_26">
<pin_list>
<pin id="27" dir="1" index="0" bw="1" slack="2147483647"/>
</pin_list>
<bind>
<StgValue><ssdm name="empty_7"/></StgValue>
</bind>
</comp>

<comp id="28" class="1001" name="const_28">
<pin_list>
<pin id="29" dir="1" index="0" bw="1" slack="0"/>
</pin_list>
<bind>
<StgValue><ssdm name=""/></StgValue>
</bind>
</comp>

<comp id="30" class="1001" name="const_30">
<pin_list>
<pin id="31" dir="1" index="0" bw="1" slack="2147483647"/>
</pin_list>
<bind>
<StgValue><ssdm name="empty_5"/></StgValue>
</bind>
</comp>

<comp id="32" class="1001" name="const_32">
<pin_list>
<pin id="33" dir="1" index="0" bw="1" slack="2147483647"/>
</pin_list>
<bind>
<StgValue><ssdm name=""/></StgValue>
</bind>
</comp>

<comp id="34" class="1001" name="const_34">
<pin_list>
<pin id="35" dir="1" index="0" bw="1" slack="0"/>
</pin_list>
<bind>
<StgValue><ssdm name="_ssdm_op_Read.ap_auto.i1"/></StgValue>
</bind>
</comp>

<comp id="36" class="1001" name="const_36">
<pin_list>
<pin id="37" dir="1" index="0" bw="1" slack="0"/>
</pin_list>
<bind>
<StgValue><ssdm name="_ssdm_op_Read.ap_auto.i12"/></StgValue>
</bind>
</comp>

<comp id="38" class="1001" name="const_38">
<pin_list>
<pin id="39" dir="1" index="0" bw="1" slack="0"/>
</pin_list>
<bind>
<StgValue><ssdm name="_ssdm_op_Read.ap_auto.i11"/></StgValue>
</bind>
</comp>

<comp id="40" class="1001" name="const_40">
<pin_list>
<pin id="41" dir="1" index="0" bw="1" slack="0"/>
</pin_list>
<bind>
<StgValue><ssdm name=""/></StgValue>
</bind>
</comp>

<comp id="42" class="1001" name="const_42">
<pin_list>
<pin id="43" dir="1" index="0" bw="1" slack="2147483647"/>
</pin_list>
<bind>
<StgValue><ssdm name="_ssdm_op_SpecLoopTripCount"/></StgValue>
</bind>
</comp>

<comp id="44" class="1001" name="const_44">
<pin_list>
<pin id="45" dir="1" index="0" bw="1" slack="2147483647"/>
</pin_list>
<bind>
<StgValue><ssdm name=""/></StgValue>
</bind>
</comp>

<comp id="46" class="1001" name="const_46">
<pin_list>
<pin id="47" dir="1" index="0" bw="1" slack="2147483647"/>
</pin_list>
<bind>
<StgValue><ssdm name=""/></StgValue>
</bind>
</comp>

<comp id="48" class="1001" name="const_48">
<pin_list>
<pin id="49" dir="1" index="0" bw="1" slack="0"/>
</pin_list>
<bind>
<StgValue><ssdm name=""/></StgValue>
</bind>
</comp>

<comp id="50" class="1001" name="const_50">
<pin_list>
<pin id="51" dir="1" index="0" bw="1" slack="0"/>
</pin_list>
<bind>
<StgValue><ssdm name="_ssdm_op_Read.ap_fifo.volatile.i24P0A"/></StgValue>
</bind>
</comp>

<comp id="52" class="1001" name="const_52">
<pin_list>
<pin id="53" dir="1" index="0" bw="1" slack="0"/>
</pin_list>
<bind>
<StgValue><ssdm name="_ssdm_op_PartSelect.i8.i24.i32.i32"/></StgValue>
</bind>
</comp>

<comp id="54" class="1001" name="const_54">
<pin_list>
<pin id="55" dir="1" index="0" bw="1" slack="0"/>
</pin_list>
<bind>
<StgValue><ssdm name=""/></StgValue>
</bind>
</comp>

<comp id="56" class="1001" name="const_56">
<pin_list>
<pin id="57" dir="1" index="0" bw="1" slack="0"/>
</pin_list>
<bind>
<StgValue><ssdm name=""/></StgValue>
</bind>
</comp>

<comp id="58" class="1001" name="const_58">
<pin_list>
<pin id="59" dir="1" index="0" bw="1" slack="0"/>
</pin_list>
<bind>
<StgValue><ssdm name=""/></StgValue>
</bind>
</comp>

<comp id="60" class="1001" name="const_60">
<pin_list>
<pin id="61" dir="1" index="0" bw="1" slack="0"/>
</pin_list>
<bind>
<StgValue><ssdm name=""/></StgValue>
</bind>
</comp>

<comp id="62" class="1001" name="const_62">
<pin_list>
<pin id="63" dir="1" index="0" bw="1" slack="2147483647"/>
</pin_list>
<bind>
<StgValue><ssdm name="_ssdm_op_SpecPipeline"/></StgValue>
</bind>
</comp>

<comp id="64" class="1001" name="const_64">
<pin_list>
<pin id="65" dir="1" index="0" bw="1" slack="2147483647"/>
</pin_list>
<bind>
<StgValue><ssdm name=""/></StgValue>
</bind>
</comp>

<comp id="66" class="1001" name="const_66">
<pin_list>
<pin id="67" dir="1" index="0" bw="1" slack="2147483647"/>
</pin_list>
<bind>
<StgValue><ssdm name="_ssdm_op_SpecLoopName"/></StgValue>
</bind>
</comp>

<comp id="68" class="1001" name="const_68">
<pin_list>
<pin id="69" dir="1" index="0" bw="1" slack="2147483647"/>
</pin_list>
<bind>
<StgValue><ssdm name="empty_10"/></StgValue>
</bind>
</comp>

<comp id="70" class="1001" name="const_70">
<pin_list>
<pin id="71" dir="1" index="0" bw="1" slack="0"/>
</pin_list>
<bind>
<StgValue><ssdm name="_ssdm_op_PartSet.i64.i64.i24.i32"/></StgValue>
</bind>
</comp>

<comp id="72" class="1001" name="const_72">
<pin_list>
<pin id="73" dir="1" index="0" bw="1" slack="0"/>
</pin_list>
<bind>
<StgValue><ssdm name="_ssdm_op_BitConcatenate.i24.i8.i8.i8"/></StgValue>
</bind>
</comp>

<comp id="74" class="1001" name="const_74">
<pin_list>
<pin id="75" dir="1" index="0" bw="1" slack="0"/>
</pin_list>
<bind>
<StgValue><ssdm name=""/></StgValue>
</bind>
</comp>

<comp id="76" class="1001" name="const_76">
<pin_list>
<pin id="77" dir="1" index="0" bw="1" slack="0"/>
</pin_list>
<bind>
<StgValue><ssdm name="_ssdm_op_Write.ap_fifo.volatile.i64P0A"/></StgValue>
</bind>
</comp>

<comp id="78" class="1004" name="x_fu_78">
<pin_list>
<pin id="79" dir="0" index="0" bw="1" slack="0"/>
<pin id="80" dir="1" index="1" bw="11" slack="0"/>
</pin_list>
<bind>
<opcode="alloca(26) " fcode="alloca"/>
<opset="x/1 "/>
</bind>
</comp>

<comp id="82" class="1004" name="rev_read_read_fu_82">
<pin_list>
<pin id="83" dir="0" index="0" bw="1" slack="0"/>
<pin id="84" dir="0" index="1" bw="1" slack="0"/>
<pin id="85" dir="1" index="2" bw="1" slack="0"/>
</pin_list>
<bind>
<opcode="read(1150) " fcode="read"/>
<opset="rev_read/1 "/>
</bind>
</comp>

<comp id="88" class="1004" name="add_ln702_read_read_fu_88">
<pin_list>
<pin id="89" dir="0" index="0" bw="12" slack="0"/>
<pin id="90" dir="0" index="1" bw="12" slack="0"/>
<pin id="91" dir="1" index="2" bw="12" slack="0"/>
</pin_list>
<bind>
<opcode="read(1150) " fcode="read"/>
<opset="add_ln702_read/1 "/>
</bind>
</comp>

<comp id="94" class="1004" name="trunc_ln681_1_read_read_fu_94">
<pin_list>
<pin id="95" dir="0" index="0" bw="11" slack="0"/>
<pin id="96" dir="0" index="1" bw="11" slack="0"/>
<pin id="97" dir="1" index="2" bw="11" slack="0"/>
</pin_list>
<bind>
<opcode="read(1150) " fcode="read"/>
<opset="trunc_ln681_1_read/1 "/>
</bind>
</comp>

<comp id="100" class="1004" name="grp_read_fu_100">
<pin_list>
<pin id="101" dir="0" index="0" bw="24" slack="0"/>
<pin id="102" dir="0" index="1" bw="24" slack="0"/>
<pin id="103" dir="1" index="2" bw="24" slack="0"/>
</pin_list>
<bind>
<opcode="read(1150) " fcode="read"/>
<opset="in_pix/2 img_read/3 "/>
</bind>
</comp>

<comp id="106" class="1004" name="write_ln715_write_fu_106">
<pin_list>
<pin id="107" dir="0" index="0" bw="0" slack="0"/>
<pin id="108" dir="0" index="1" bw="64" slack="0"/>
<pin id="109" dir="0" index="2" bw="64" slack="0"/>
<pin id="110" dir="1" index="3" bw="0" slack="2147483647"/>
</pin_list>
<bind>
<opcode="write(1151) " fcode="write"/>
<opset="write_ln715/4 "/>
</bind>
</comp>

<comp id="113" class="1005" name="empty_reg_113">
<pin_list>
<pin id="114" dir="0" index="0" bw="8" slack="1"/>
<pin id="115" dir="1" index="1" bw="8" slack="1"/>
</pin_list>
<bind>
<opset="empty (phireg) "/>
</bind>
</comp>

<comp id="116" class="1004" name="empty_phi_fu_116">
<pin_list>
<pin id="117" dir="0" index="0" bw="8" slack="0"/>
<pin id="118" dir="0" index="1" bw="0" slack="2147483647"/>
<pin id="119" dir="0" index="2" bw="8" slack="1"/>
<pin id="120" dir="0" index="3" bw="0" slack="2147483647"/>
<pin id="121" dir="1" index="4" bw="8" slack="1"/>
</pin_list>
<bind>
<opcode="phi(47) " fcode="phi"/>
<opset="empty/3 "/>
</bind>
</comp>

<comp id="123" class="1005" name="empty_71_reg_123">
<pin_list>
<pin id="124" dir="0" index="0" bw="8" slack="1"/>
<pin id="125" dir="1" index="1" bw="8" slack="1"/>
</pin_list>
<bind>
<opset="empty_71 (phireg) "/>
</bind>
</comp>

<comp id="126" class="1004" name="empty_71_phi_fu_126">
<pin_list>
<pin id="127" dir="0" index="0" bw="8" slack="0"/>
<pin id="128" dir="0" index="1" bw="0" slack="2147483647"/>
<pin id="129" dir="0" index="2" bw="8" slack="1"/>
<pin id="130" dir="0" index="3" bw="0" slack="2147483647"/>
<pin id="131" dir="1" index="4" bw="8" slack="1"/>
</pin_list>
<bind>
<opcode="phi(47) " fcode="phi"/>
<opset="empty_71/3 "/>
</bind>
</comp>

<comp id="133" class="1005" name="phi_ln703_reg_133">
<pin_list>
<pin id="134" dir="0" index="0" bw="24" slack="2147483647"/>
<pin id="135" dir="1" index="1" bw="24" slack="2147483647"/>
</pin_list>
<bind>
<opset="phi_ln703 (phireg) "/>
</bind>
</comp>

<comp id="136" class="1004" name="phi_ln703_phi_fu_136">
<pin_list>
<pin id="137" dir="0" index="0" bw="24" slack="1"/>
<pin id="138" dir="0" index="1" bw="0" slack="2147483647"/>
<pin id="139" dir="0" index="2" bw="24" slack="2"/>
<pin id="140" dir="0" index="3" bw="0" slack="2147483647"/>
<pin id="141" dir="1" index="4" bw="24" slack="0"/>
</pin_list>
<bind>
<opcode="phi(47) " fcode="phi"/>
<opset="phi_ln703/4 "/>
</bind>
</comp>

<comp id="142" class="1004" name="grp_fu_142">
<pin_list>
<pin id="143" dir="0" index="0" bw="8" slack="0"/>
<pin id="144" dir="0" index="1" bw="24" slack="0"/>
<pin id="145" dir="0" index="2" bw="5" slack="0"/>
<pin id="146" dir="0" index="3" bw="5" slack="0"/>
<pin id="147" dir="1" index="4" bw="8" slack="0"/>
</pin_list>
<bind>
<opcode="partselect(1002) " fcode="partselect"/>
<opset="trunc_ln703_1/2 trunc_ln703_4/3 "/>
</bind>
</comp>

<comp id="153" class="1004" name="grp_fu_153">
<pin_list>
<pin id="154" dir="0" index="0" bw="8" slack="0"/>
<pin id="155" dir="0" index="1" bw="24" slack="0"/>
<pin id="156" dir="0" index="2" bw="6" slack="0"/>
<pin id="157" dir="0" index="3" bw="6" slack="0"/>
<pin id="158" dir="1" index="4" bw="8" slack="0"/>
</pin_list>
<bind>
<opcode="partselect(1002) " fcode="partselect"/>
<opset="trunc_ln703_2/2 trunc_ln703_5/3 "/>
</bind>
</comp>

<comp id="164" class="1004" name="store_ln697_store_fu_164">
<pin_list>
<pin id="165" dir="0" index="0" bw="1" slack="0"/>
<pin id="166" dir="0" index="1" bw="11" slack="0"/>
<pin id="167" dir="1" index="2" bw="0" slack="2147483647"/>
</pin_list>
<bind>
<opcode="store(28) " fcode="store"/>
<opset="store_ln697/1 "/>
</bind>
</comp>

<comp id="169" class="1004" name="x_1_load_fu_169">
<pin_list>
<pin id="170" dir="0" index="0" bw="11" slack="0"/>
<pin id="171" dir="1" index="1" bw="11" slack="0"/>
</pin_list>
<bind>
<opcode="load(27) " fcode="load"/>
<opset="x_1/1 "/>
</bind>
</comp>

<comp id="172" class="1004" name="icmp_ln697_fu_172">
<pin_list>
<pin id="173" dir="0" index="0" bw="11" slack="0"/>
<pin id="174" dir="0" index="1" bw="11" slack="0"/>
<pin id="175" dir="1" index="2" bw="1" slack="1"/>
</pin_list>
<bind>
<opcode="icmp(45) " fcode="icmp"/>
<opset="icmp_ln697/1 "/>
</bind>
</comp>

<comp id="178" class="1004" name="x_2_fu_178">
<pin_list>
<pin id="179" dir="0" index="0" bw="11" slack="0"/>
<pin id="180" dir="0" index="1" bw="1" slack="0"/>
<pin id="181" dir="1" index="2" bw="11" slack="0"/>
</pin_list>
<bind>
<opcode="add(8) " fcode="add"/>
<opset="x_2/1 "/>
</bind>
</comp>

<comp id="184" class="1004" name="zext_ln697_fu_184">
<pin_list>
<pin id="185" dir="0" index="0" bw="11" slack="0"/>
<pin id="186" dir="1" index="1" bw="12" slack="0"/>
</pin_list>
<bind>
<opcode="zext(34) " fcode="zext"/>
<opset="zext_ln697/1 "/>
</bind>
</comp>

<comp id="188" class="1004" name="icmp_ln702_fu_188">
<pin_list>
<pin id="189" dir="0" index="0" bw="12" slack="0"/>
<pin id="190" dir="0" index="1" bw="12" slack="0"/>
<pin id="191" dir="1" index="2" bw="1" slack="0"/>
</pin_list>
<bind>
<opcode="icmp(45) " fcode="icmp"/>
<opset="icmp_ln702/1 "/>
</bind>
</comp>

<comp id="194" class="1004" name="or_ln702_fu_194">
<pin_list>
<pin id="195" dir="0" index="0" bw="1" slack="0"/>
<pin id="196" dir="0" index="1" bw="1" slack="0"/>
<pin id="197" dir="1" index="2" bw="1" slack="1"/>
</pin_list>
<bind>
<opcode="or(24) " fcode="or"/>
<opset="or_ln702/1 "/>
</bind>
</comp>

<comp id="200" class="1004" name="store_ln697_store_fu_200">
<pin_list>
<pin id="201" dir="0" index="0" bw="11" slack="0"/>
<pin id="202" dir="0" index="1" bw="11" slack="0"/>
<pin id="203" dir="1" index="2" bw="0" slack="2147483647"/>
</pin_list>
<bind>
<opcode="store(28) " fcode="store"/>
<opset="store_ln697/1 "/>
</bind>
</comp>

<comp id="205" class="1004" name="out_pix_1_out_load_load_fu_205">
<pin_list>
<pin id="206" dir="0" index="0" bw="64" slack="0"/>
<pin id="207" dir="1" index="1" bw="64" slack="0"/>
</pin_list>
<bind>
<opcode="load(27) " fcode="load"/>
<opset="out_pix_1_out_load/4 "/>
</bind>
</comp>

<comp id="209" class="1004" name="out_pix_fu_209">
<pin_list>
<pin id="210" dir="0" index="0" bw="64" slack="0"/>
<pin id="211" dir="0" index="1" bw="64" slack="0"/>
<pin id="212" dir="0" index="2" bw="24" slack="2"/>
<pin id="213" dir="0" index="3" bw="1" slack="0"/>
<pin id="214" dir="1" index="4" bw="64" slack="0"/>
</pin_list>
<bind>
<opcode="partset(1003) " fcode="partset"/>
<opset="out_pix/4 "/>
</bind>
</comp>

<comp id="218" class="1004" name="trunc_ln703_fu_218">
<pin_list>
<pin id="219" dir="0" index="0" bw="24" slack="0"/>
<pin id="220" dir="1" index="1" bw="8" slack="0"/>
</pin_list>
<bind>
<opcode="trunc(33) " fcode="trunc"/>
<opset="trunc_ln703/4 "/>
</bind>
</comp>

<comp id="222" class="1004" name="in_pix_1_fu_222">
<pin_list>
<pin id="223" dir="0" index="0" bw="24" slack="0"/>
<pin id="224" dir="0" index="1" bw="8" slack="1"/>
<pin id="225" dir="0" index="2" bw="8" slack="1"/>
<pin id="226" dir="0" index="3" bw="8" slack="0"/>
<pin id="227" dir="1" index="4" bw="24" slack="0"/>
</pin_list>
<bind>
<opcode="bitconcatenate(1004) " fcode="bitconcatenate"/>
<opset="in_pix_1/4 "/>
</bind>
</comp>

<comp id="232" class="1004" name="out_pix_1_fu_232">
<pin_list>
<pin id="233" dir="0" index="0" bw="64" slack="0"/>
<pin id="234" dir="0" index="1" bw="64" slack="0"/>
<pin id="235" dir="0" index="2" bw="24" slack="0"/>
<pin id="236" dir="0" index="3" bw="7" slack="0"/>
<pin id="237" dir="1" index="4" bw="64" slack="0"/>
</pin_list>
<bind>
<opcode="partset(1003) " fcode="partset"/>
<opset="out_pix_1/4 "/>
</bind>
</comp>

<comp id="243" class="1004" name="store_ln690_store_fu_243">
<pin_list>
<pin id="244" dir="0" index="0" bw="64" slack="0"/>
<pin id="245" dir="0" index="1" bw="64" slack="0"/>
<pin id="246" dir="1" index="2" bw="0" slack="2147483647"/>
</pin_list>
<bind>
<opcode="store(28) " fcode="store"/>
<opset="store_ln690/4 "/>
</bind>
</comp>

<comp id="249" class="1005" name="x_reg_249">
<pin_list>
<pin id="250" dir="0" index="0" bw="11" slack="0"/>
<pin id="251" dir="1" index="1" bw="11" slack="0"/>
</pin_list>
<bind>
<opset="x "/>
</bind>
</comp>

<comp id="256" class="1005" name="icmp_ln697_reg_256">
<pin_list>
<pin id="257" dir="0" index="0" bw="1" slack="1"/>
<pin id="258" dir="1" index="1" bw="1" slack="2147483647"/>
</pin_list>
<bind>
<opset="icmp_ln697 "/>
</bind>
</comp>

<comp id="260" class="1005" name="or_ln702_reg_260">
<pin_list>
<pin id="261" dir="0" index="0" bw="1" slack="1"/>
<pin id="262" dir="1" index="1" bw="1" slack="2147483647"/>
</pin_list>
<bind>
<opset="or_ln702 "/>
</bind>
</comp>

<comp id="264" class="1005" name="in_pix_reg_264">
<pin_list>
<pin id="265" dir="0" index="0" bw="24" slack="2"/>
<pin id="266" dir="1" index="1" bw="24" slack="2"/>
</pin_list>
<bind>
<opset="in_pix "/>
</bind>
</comp>

<comp id="270" class="1005" name="trunc_ln703_1_reg_270">
<pin_list>
<pin id="271" dir="0" index="0" bw="8" slack="1"/>
<pin id="272" dir="1" index="1" bw="8" slack="1"/>
</pin_list>
<bind>
<opset="trunc_ln703_1 "/>
</bind>
</comp>

<comp id="275" class="1005" name="trunc_ln703_2_reg_275">
<pin_list>
<pin id="276" dir="0" index="0" bw="8" slack="1"/>
<pin id="277" dir="1" index="1" bw="8" slack="1"/>
</pin_list>
<bind>
<opset="trunc_ln703_2 "/>
</bind>
</comp>

<comp id="280" class="1005" name="img_read_reg_280">
<pin_list>
<pin id="281" dir="0" index="0" bw="24" slack="1"/>
<pin id="282" dir="1" index="1" bw="24" slack="1"/>
</pin_list>
<bind>
<opset="img_read "/>
</bind>
</comp>

</comp_list>

<net_list>
<net id="81"><net_src comp="12" pin="0"/><net_sink comp="78" pin=0"/></net>

<net id="86"><net_src comp="34" pin="0"/><net_sink comp="82" pin=0"/></net>

<net id="87"><net_src comp="8" pin="0"/><net_sink comp="82" pin=1"/></net>

<net id="92"><net_src comp="36" pin="0"/><net_sink comp="88" pin=0"/></net>

<net id="93"><net_src comp="4" pin="0"/><net_sink comp="88" pin=1"/></net>

<net id="98"><net_src comp="38" pin="0"/><net_sink comp="94" pin=0"/></net>

<net id="99"><net_src comp="0" pin="0"/><net_sink comp="94" pin=1"/></net>

<net id="104"><net_src comp="50" pin="0"/><net_sink comp="100" pin=0"/></net>

<net id="105"><net_src comp="6" pin="0"/><net_sink comp="100" pin=1"/></net>

<net id="111"><net_src comp="76" pin="0"/><net_sink comp="106" pin=0"/></net>

<net id="112"><net_src comp="2" pin="0"/><net_sink comp="106" pin=1"/></net>

<net id="122"><net_src comp="116" pin="4"/><net_sink comp="113" pin=0"/></net>

<net id="132"><net_src comp="126" pin="4"/><net_sink comp="123" pin=0"/></net>

<net id="148"><net_src comp="52" pin="0"/><net_sink comp="142" pin=0"/></net>

<net id="149"><net_src comp="100" pin="2"/><net_sink comp="142" pin=1"/></net>

<net id="150"><net_src comp="54" pin="0"/><net_sink comp="142" pin=2"/></net>

<net id="151"><net_src comp="56" pin="0"/><net_sink comp="142" pin=3"/></net>

<net id="152"><net_src comp="142" pin="4"/><net_sink comp="126" pin=0"/></net>

<net id="159"><net_src comp="52" pin="0"/><net_sink comp="153" pin=0"/></net>

<net id="160"><net_src comp="100" pin="2"/><net_sink comp="153" pin=1"/></net>

<net id="161"><net_src comp="58" pin="0"/><net_sink comp="153" pin=2"/></net>

<net id="162"><net_src comp="60" pin="0"/><net_sink comp="153" pin=3"/></net>

<net id="163"><net_src comp="153" pin="4"/><net_sink comp="116" pin=0"/></net>

<net id="168"><net_src comp="40" pin="0"/><net_sink comp="164" pin=0"/></net>

<net id="176"><net_src comp="169" pin="1"/><net_sink comp="172" pin=0"/></net>

<net id="177"><net_src comp="94" pin="2"/><net_sink comp="172" pin=1"/></net>

<net id="182"><net_src comp="169" pin="1"/><net_sink comp="178" pin=0"/></net>

<net id="183"><net_src comp="48" pin="0"/><net_sink comp="178" pin=1"/></net>

<net id="187"><net_src comp="169" pin="1"/><net_sink comp="184" pin=0"/></net>

<net id="192"><net_src comp="184" pin="1"/><net_sink comp="188" pin=0"/></net>

<net id="193"><net_src comp="88" pin="2"/><net_sink comp="188" pin=1"/></net>

<net id="198"><net_src comp="188" pin="2"/><net_sink comp="194" pin=0"/></net>

<net id="199"><net_src comp="82" pin="2"/><net_sink comp="194" pin=1"/></net>

<net id="204"><net_src comp="178" pin="2"/><net_sink comp="200" pin=0"/></net>

<net id="208"><net_src comp="10" pin="0"/><net_sink comp="205" pin=0"/></net>

<net id="215"><net_src comp="70" pin="0"/><net_sink comp="209" pin=0"/></net>

<net id="216"><net_src comp="205" pin="1"/><net_sink comp="209" pin=1"/></net>

<net id="217"><net_src comp="28" pin="0"/><net_sink comp="209" pin=3"/></net>

<net id="221"><net_src comp="136" pin="4"/><net_sink comp="218" pin=0"/></net>

<net id="228"><net_src comp="72" pin="0"/><net_sink comp="222" pin=0"/></net>

<net id="229"><net_src comp="113" pin="1"/><net_sink comp="222" pin=1"/></net>

<net id="230"><net_src comp="123" pin="1"/><net_sink comp="222" pin=2"/></net>

<net id="231"><net_src comp="218" pin="1"/><net_sink comp="222" pin=3"/></net>

<net id="238"><net_src comp="70" pin="0"/><net_sink comp="232" pin=0"/></net>

<net id="239"><net_src comp="209" pin="4"/><net_sink comp="232" pin=1"/></net>

<net id="240"><net_src comp="222" pin="4"/><net_sink comp="232" pin=2"/></net>

<net id="241"><net_src comp="74" pin="0"/><net_sink comp="232" pin=3"/></net>

<net id="242"><net_src comp="232" pin="4"/><net_sink comp="106" pin=2"/></net>

<net id="247"><net_src comp="232" pin="4"/><net_sink comp="243" pin=0"/></net>

<net id="248"><net_src comp="10" pin="0"/><net_sink comp="243" pin=1"/></net>

<net id="252"><net_src comp="78" pin="1"/><net_sink comp="249" pin=0"/></net>

<net id="253"><net_src comp="249" pin="1"/><net_sink comp="164" pin=1"/></net>

<net id="254"><net_src comp="249" pin="1"/><net_sink comp="169" pin=0"/></net>

<net id="255"><net_src comp="249" pin="1"/><net_sink comp="200" pin=1"/></net>

<net id="259"><net_src comp="172" pin="2"/><net_sink comp="256" pin=0"/></net>

<net id="263"><net_src comp="194" pin="2"/><net_sink comp="260" pin=0"/></net>

<net id="267"><net_src comp="100" pin="2"/><net_sink comp="264" pin=0"/></net>

<net id="268"><net_src comp="264" pin="1"/><net_sink comp="209" pin=2"/></net>

<net id="269"><net_src comp="264" pin="1"/><net_sink comp="136" pin=2"/></net>

<net id="273"><net_src comp="142" pin="4"/><net_sink comp="270" pin=0"/></net>

<net id="274"><net_src comp="270" pin="1"/><net_sink comp="126" pin=2"/></net>

<net id="278"><net_src comp="153" pin="4"/><net_sink comp="275" pin=0"/></net>

<net id="279"><net_src comp="275" pin="1"/><net_sink comp="116" pin=2"/></net>

<net id="283"><net_src comp="100" pin="2"/><net_sink comp="280" pin=0"/></net>

<net id="284"><net_src comp="280" pin="1"/><net_sink comp="136" pin=0"/></net>

</net_list>

</model> 
---------------- Datapath Model END ------------------

* FSMD analyzer results:
  - Output states:
	Port: bytePlanes | {4 }
	Port: img | {}
	Port: out_pix_1_out | {4 }
 - Input state : 
	Port: MultiPixStream2Bytes_Pipeline_VITIS_LOOP_697_1 : trunc_ln681_1 | {1 }
	Port: MultiPixStream2Bytes_Pipeline_VITIS_LOOP_697_1 : bytePlanes | {}
	Port: MultiPixStream2Bytes_Pipeline_VITIS_LOOP_697_1 : add_ln702 | {1 }
	Port: MultiPixStream2Bytes_Pipeline_VITIS_LOOP_697_1 : img | {2 3 }
	Port: MultiPixStream2Bytes_Pipeline_VITIS_LOOP_697_1 : rev | {1 }
	Port: MultiPixStream2Bytes_Pipeline_VITIS_LOOP_697_1 : out_pix_1_out | {4 }
  - Chain level:
	State 1
		store_ln697 : 1
		x_1 : 1
		icmp_ln697 : 2
		x_2 : 2
		br_ln697 : 3
		zext_ln697 : 2
		icmp_ln702 : 3
		or_ln702 : 4
		store_ln697 : 3
	State 2
	State 3
		empty : 1
		empty_71 : 1
	State 4
		out_pix : 1
		trunc_ln703 : 1
		in_pix_1 : 2
		out_pix_1 : 3
		write_ln715 : 4
		store_ln690 : 4


============================================================
+ Verbose Summary: Datapath Resource usage 
============================================================

* Functional unit list:
|----------|-------------------------------|---------|---------|
| Operation|        Functional Unit        |    FF   |   LUT   |
|----------|-------------------------------|---------|---------|
|   icmp   |       icmp_ln697_fu_172       |    0    |    11   |
|          |       icmp_ln702_fu_188       |    0    |    12   |
|----------|-------------------------------|---------|---------|
|    add   |           x_2_fu_178          |    0    |    11   |
|----------|-------------------------------|---------|---------|
|    or    |        or_ln702_fu_194        |    0    |    1    |
|----------|-------------------------------|---------|---------|
|          |      rev_read_read_fu_82      |    0    |    0    |
|   read   |   add_ln702_read_read_fu_88   |    0    |    0    |
|          | trunc_ln681_1_read_read_fu_94 |    0    |    0    |
|          |        grp_read_fu_100        |    0    |    0    |
|----------|-------------------------------|---------|---------|
|   write  |    write_ln715_write_fu_106   |    0    |    0    |
|----------|-------------------------------|---------|---------|
|partselect|           grp_fu_142          |    0    |    0    |
|          |           grp_fu_153          |    0    |    0    |
|----------|-------------------------------|---------|---------|
|   zext   |       zext_ln697_fu_184       |    0    |    0    |
|----------|-------------------------------|---------|---------|
|  partset |         out_pix_fu_209        |    0    |    0    |
|          |        out_pix_1_fu_232       |    0    |    0    |
|----------|-------------------------------|---------|---------|
|   trunc  |       trunc_ln703_fu_218      |    0    |    0    |
|----------|-------------------------------|---------|---------|
|bitconcatenate|        in_pix_1_fu_222        |    0    |    0    |
|----------|-------------------------------|---------|---------|
|   Total  |                               |    0    |    35   |
|----------|-------------------------------|---------|---------|

Memories:
N/A

* Register list:
+---------------------+--------+
|                     |   FF   |
+---------------------+--------+
|   empty_71_reg_123  |    8   |
|    empty_reg_113    |    8   |
|  icmp_ln697_reg_256 |    1   |
|   img_read_reg_280  |   24   |
|    in_pix_reg_264   |   24   |
|   or_ln702_reg_260  |    1   |
|  phi_ln703_reg_133  |   24   |
|trunc_ln703_1_reg_270|    8   |
|trunc_ln703_2_reg_275|    8   |
|      x_reg_249      |   11   |
+---------------------+--------+
|        Total        |   117  |
+---------------------+--------+

* Multiplexer (MUX) list: 
|--------|------|------|------|--------|
|  Comp  |  Pin | Size |  BW  | S x BW |
|--------|------|------|------|--------|
|  Total |      |      |      |    0   |
|--------|------|------|------|--------|



* Summary:
+-----------+--------+--------+
|           |   FF   |   LUT  |
+-----------+--------+--------+
|  Function |    0   |   35   |
|   Memory  |    -   |    -   |
|Multiplexer|    -   |    -   |
|  Register |   117  |    -   |
+-----------+--------+--------+
|   Total   |   117  |   35   |
+-----------+--------+--------+
