

================================================================
== Vitis HLS Report for 'MultiPixStream2Bytes'
================================================================
* Date:           Thu Mar  5 14:47:30 2026

* Version:        2025.2 (Build 6295257 on Nov 14 2025)
* Project:        prj
* Solution:       sol (Vivado IP Flow Target)
* Product family: zynq
* Target device:  xc7z020-clg400-2


================================================================
== Performance Estimates
================================================================
+ Timing: 
    * Summary: 
    +--------+---------+----------+------------+
    |  Clock |  Target | Estimated| Uncertainty|
    +--------+---------+----------+------------+
    |ap_clk  |  6.67 ns|  4.261 ns|     1.80 ns|
    +--------+---------+----------+------------+

+ Latency: 
    * Summary: 
    +---------+---------+----------+-----------+-----+---------+---------+
    |  Latency (cycles) |  Latency (absolute)  |    Interval   | Pipeline|
    |   min   |   max   |    min   |    max    | min |   max   |   Type  |
    +---------+---------+----------+-----------+-----+---------+---------+
    |        1|  4671001|  6.667 ns|  31.142 ms|    1|  4671001|       no|
    +---------+---------+----------+-----------+-----+---------+---------+

    + Detail: 
        * Instance: 
        +-----------------------------------------------------------+------------------------------------------------+---------+---------+-----------+-----------+-----+-----+-------------------+
        |                                                           |                                                |  Latency (cycles) |   Latency (absolute)  |  Interval |      Pipeline     |
        |                          Instance                         |                     Module                     |   min   |   max   |    min    |    max    | min | max |        Type       |
        +-----------------------------------------------------------+------------------------------------------------+---------+---------+-----------+-----------+-----+-----+-------------------+
        |grp_MultiPixStream2Bytes_Pipeline_VITIS_LOOP_697_1_fu_116  |MultiPixStream2Bytes_Pipeline_VITIS_LOOP_697_1  |        2|     4322|  13.334 ns|  28.815 us|    0|    0|  loop pipeline stp|
        +-----------------------------------------------------------+------------------------------------------------+---------+---------+-----------+-----------+-----+-----+-------------------+

        * Loop: 
        +--------------------+---------+---------+----------+-----------+-----------+-----------+----------+
        |                    |  Latency (cycles) | Iteration|  Initiation Interval  |    Trip   |          |
        |      Loop Name     |   min   |   max   |  Latency |  achieved |   target  |   Count   | Pipelined|
        +--------------------+---------+---------+----------+-----------+-----------+-----------+----------+
        |- loop_RGBX8_YUVX8  |      320|  4671000|  5 ~ 4325|          -|          -|  64 ~ 1080|        no|
        +--------------------+---------+---------+----------+-----------+-----------+-----------+----------+

============================================================
+ Verbose Summary: Synthesis Manager
============================================================
InlineROM: 1
ExposeGlobal: 0
============================================================
+ Verbose Summary: CDFG Model
============================================================
IsTopModel: 0
ResetActiveHigh: 1
IsCombinational: 2
IsDatapathOnly: 0
HasWiredReturn: 1
HasMFsm: 0
HasVarLatency: 1
IsPipeline: 0
IsRtlPipelined: 0
IsInstanceOverlapped: 0
IsDontTouch: 0
HasImplIP: 0
IsGatedGlobalClock: 0


============================================================
+ Verbose Summary: Schedule
============================================================
* Number of FSM states : 4
* Pipeline : 0
* Dataflow Pipeline: 0

* FSM state transitions: 
1 --> 2 
2 --> 3 
3 --> 4 
4 --> 2 

* FSM state operations: 

State 1 <SV = 0> <Delay = 3.00>
ST_1 : Operation 5 [1/1] (0.00ns)   --->   "%VideoFormat_val_read = read i6 @_ssdm_op_Read.ap_auto.i6, i6 %VideoFormat_val"   --->   Operation 5 'read' 'VideoFormat_val_read' <Predicate = true> <Delay = 0.00>
ST_1 : Operation 6 [1/1] (0.00ns)   --->   "%WidthInBytes_val_read = read i14 @_ssdm_op_Read.ap_auto.i14, i14 %WidthInBytes_val"   --->   Operation 6 'read' 'WidthInBytes_val_read' <Predicate = true> <Delay = 0.00>
ST_1 : Operation 7 [1/1] (0.00ns)   --->   "%Height_val_read = read i11 @_ssdm_op_Read.ap_auto.i11, i11 %Height_val"   --->   Operation 7 'read' 'Height_val_read' <Predicate = true> <Delay = 0.00>
ST_1 : Operation 8 [1/1] (0.00ns)   --->   "%specstablecontent_ln0 = specstablecontent void @_ssdm_op_SpecStableContent, i14 %WidthInBytes_val, i1 1, void @p_str"   --->   Operation 8 'specstablecontent' 'specstablecontent_ln0' <Predicate = true> <Delay = 0.00>
ST_1 : Operation 9 [1/1] (0.00ns)   --->   "%specstablecontent_ln0 = specstablecontent void @_ssdm_op_SpecStableContent, i6 %VideoFormat_val, i1 1, void "   --->   Operation 9 'specstablecontent' 'specstablecontent_ln0' <Predicate = true> <Delay = 0.00>
ST_1 : Operation 10 [1/1] (0.00ns)   --->   "%specstablecontent_ln0 = specstablecontent void @_ssdm_op_SpecStableContent, i11 %Height_val, i1 1, void "   --->   Operation 10 'specstablecontent' 'specstablecontent_ln0' <Predicate = true> <Delay = 0.00>
ST_1 : Operation 11 [1/1] (0.00ns)   --->   "%specmemcore_ln0 = specmemcore void @_ssdm_op_SpecMemCore, i64 %bytePlanes, i64 666, i64 8, i64 18446744073709551615, i1 0"   --->   Operation 11 'specmemcore' 'specmemcore_ln0' <Predicate = true> <Delay = 0.00>
ST_1 : Operation 12 [1/1] (0.00ns)   --->   "%specinterface_ln0 = specinterface void @_ssdm_op_SpecInterface, i64 %bytePlanes, void @empty_7, i32 0, i32 0, void @empty_5, i32 0, i32 0, void @empty_5, void @empty_5, void @empty_5, i32 0, i32 0, i32 0, i32 0, void @empty_5, void @empty_5, i32 4294967295, i32 0, i32 0, i32 0"   --->   Operation 12 'specinterface' 'specinterface_ln0' <Predicate = true> <Delay = 0.00>
ST_1 : Operation 13 [1/1] (0.00ns)   --->   "%specinterface_ln0 = specinterface void @_ssdm_op_SpecInterface, i24 %img, void @empty_7, i32 0, i32 0, void @empty_5, i32 0, i32 0, void @empty_5, void @empty_5, void @empty_5, i32 0, i32 0, i32 0, i32 0, void @empty_5, void @empty_5, i32 4294967295, i32 0, i32 0, i32 0"   --->   Operation 13 'specinterface' 'specinterface_ln0' <Predicate = true> <Delay = 0.00>
ST_1 : Operation 14 [1/1] (1.28ns)   --->   "%switch_ln432 = switch i6 %VideoFormat_val_read, void %if.end190, i6 43, void %if.end194, i6 42, void %if.end193, i6 44, void %if.end192, i6 41, void %if.end191, i6 11, void %if.then17, i6 10, void %if.then17" [prj/sol/.autopilot/db/v_frmbuf_wr.cpp:432]   --->   Operation 14 'switch' 'switch_ln432' <Predicate = true> <Delay = 1.28>
ST_1 : Operation 15 [1/1] (0.00ns)   --->   "%out_pix = alloca i32 1" [prj/sol/.autopilot/db/v_frmbuf_wr.cpp:690]   --->   Operation 15 'alloca' 'out_pix' <Predicate = (VideoFormat_val_read == 10) | (VideoFormat_val_read == 11)> <Delay = 0.00>
ST_1 : Operation 16 [1/1] (0.00ns)   --->   "%y = alloca i32 1" [prj/sol/.autopilot/db/v_frmbuf_wr.cpp:693]   --->   Operation 16 'alloca' 'y' <Predicate = (VideoFormat_val_read == 10) | (VideoFormat_val_read == 11)> <Delay = 0.00>
ST_1 : Operation 17 [1/1] (1.52ns)   --->   "%add_ln681 = add i14 %WidthInBytes_val_read, i14 7" [prj/sol/.autopilot/db/v_frmbuf_wr.cpp:681]   --->   Operation 17 'add' 'add_ln681' <Predicate = (VideoFormat_val_read == 10) | (VideoFormat_val_read == 11)> <Delay = 1.52> <CoreInst = "Adder">   --->   Core 1 'Adder' <Latency = 0> <II = 1> <Delay = 1.52> <FuncUnit> <Opcode : 'add' 'sub'> <InPorts = 2> <OutPorts = 1>
ST_1 : Operation 18 [1/1] (0.00ns)   --->   "%trunc_ln681_1 = partselect i11 @_ssdm_op_PartSelect.i11.i14.i32.i32, i14 %add_ln681, i32 3, i32 13" [prj/sol/.autopilot/db/v_frmbuf_wr.cpp:681]   --->   Operation 18 'partselect' 'trunc_ln681_1' <Predicate = (VideoFormat_val_read == 10) | (VideoFormat_val_read == 11)> <Delay = 0.00>
ST_1 : Operation 19 [1/1] (0.00ns)   --->   "%zext_ln681 = zext i11 %trunc_ln681_1" [prj/sol/.autopilot/db/v_frmbuf_wr.cpp:681]   --->   Operation 19 'zext' 'zext_ln681' <Predicate = (VideoFormat_val_read == 10) | (VideoFormat_val_read == 11)> <Delay = 0.00>
ST_1 : Operation 20 [1/1] (0.00ns)   --->   "%tmp_2 = bitselect i1 @_ssdm_op_BitSelect.i1.i14.i32, i14 %WidthInBytes_val_read, i32 2" [prj/sol/.autopilot/db/v_frmbuf_wr.cpp:685]   --->   Operation 20 'bitselect' 'tmp_2' <Predicate = (VideoFormat_val_read == 10) | (VideoFormat_val_read == 11)> <Delay = 0.00>
ST_1 : Operation 21 [1/1] (0.80ns)   --->   "%xor_ln685 = xor i1 %tmp_2, i1 1" [prj/sol/.autopilot/db/v_frmbuf_wr.cpp:685]   --->   Operation 21 'xor' 'xor_ln685' <Predicate = (VideoFormat_val_read == 10) | (VideoFormat_val_read == 11)> <Delay = 0.80> <CoreInst = "LogicGate">   --->   Core 74 'LogicGate' <Latency = 0> <II = 1> <Delay = 0.80> <FuncUnit> <Opcode : 'and' 'or' 'xor'> <InPorts = 2> <OutPorts = 1>
ST_1 : Operation 22 [1/1] (1.48ns)   --->   "%add_ln702 = add i12 %zext_ln681, i12 4095" [prj/sol/.autopilot/db/v_frmbuf_wr.cpp:702]   --->   Operation 22 'add' 'add_ln702' <Predicate = (VideoFormat_val_read == 10) | (VideoFormat_val_read == 11)> <Delay = 1.48> <CoreInst = "Adder">   --->   Core 1 'Adder' <Latency = 0> <II = 1> <Delay = 1.48> <FuncUnit> <Opcode : 'add' 'sub'> <InPorts = 2> <OutPorts = 1>
ST_1 : Operation 23 [1/1] (1.29ns)   --->   "%store_ln693 = store i11 0, i11 %y" [prj/sol/.autopilot/db/v_frmbuf_wr.cpp:693]   --->   Operation 23 'store' 'store_ln693' <Predicate = (VideoFormat_val_read == 10) | (VideoFormat_val_read == 11)> <Delay = 1.29>
ST_1 : Operation 24 [1/1] (0.00ns)   --->   "%store_ln690 = store i64 0, i64 %out_pix" [prj/sol/.autopilot/db/v_frmbuf_wr.cpp:690]   --->   Operation 24 'store' 'store_ln690' <Predicate = (VideoFormat_val_read == 10) | (VideoFormat_val_read == 11)> <Delay = 0.00>
ST_1 : Operation 25 [1/1] (0.00ns)   --->   "%br_ln693 = br void %VITIS_LOOP_697_1" [prj/sol/.autopilot/db/v_frmbuf_wr.cpp:693]   --->   Operation 25 'br' 'br_ln693' <Predicate = (VideoFormat_val_read == 10) | (VideoFormat_val_read == 11)> <Delay = 0.00>

State 2 <SV = 1> <Delay = 4.26>
ST_2 : Operation 26 [1/1] (0.00ns)   --->   "%y_1 = load i11 %y" [prj/sol/.autopilot/db/v_frmbuf_wr.cpp:693]   --->   Operation 26 'load' 'y_1' <Predicate = (VideoFormat_val_read == 10) | (VideoFormat_val_read == 11)> <Delay = 0.00>
ST_2 : Operation 27 [1/1] (1.48ns)   --->   "%icmp_ln693 = icmp_eq  i11 %y_1, i11 %Height_val_read" [prj/sol/.autopilot/db/v_frmbuf_wr.cpp:693]   --->   Operation 27 'icmp' 'icmp_ln693' <Predicate = (VideoFormat_val_read == 10) | (VideoFormat_val_read == 11)> <Delay = 1.48> <CoreInst = "Cmp">   --->   Core 9 'Cmp' <Latency = 0> <II = 1> <Delay = 1.48> <FuncUnit> <Opcode : 'seteq' 'setne' 'setle' 'setge' 'setlt' 'setgt'> <InPorts = 2> <OutPorts = 1>
ST_2 : Operation 28 [1/1] (0.00ns)   --->   "%speclooptripcount_ln0 = speclooptripcount void @_ssdm_op_SpecLoopTripCount, i64 64, i64 1080, i64 0"   --->   Operation 28 'speclooptripcount' 'speclooptripcount_ln0' <Predicate = (VideoFormat_val_read == 10) | (VideoFormat_val_read == 11)> <Delay = 0.00>
ST_2 : Operation 29 [1/1] (1.48ns)   --->   "%y_2 = add i11 %y_1, i11 1" [prj/sol/.autopilot/db/v_frmbuf_wr.cpp:693]   --->   Operation 29 'add' 'y_2' <Predicate = (VideoFormat_val_read == 10) | (VideoFormat_val_read == 11)> <Delay = 1.48> <CoreInst = "Adder">   --->   Core 1 'Adder' <Latency = 0> <II = 1> <Delay = 1.48> <FuncUnit> <Opcode : 'add' 'sub'> <InPorts = 2> <OutPorts = 1>
ST_2 : Operation 30 [1/1] (0.00ns)   --->   "%br_ln693 = br i1 %icmp_ln693, void %VITIS_LOOP_700_2.lr.ph, void %if.end190.loopexit" [prj/sol/.autopilot/db/v_frmbuf_wr.cpp:693]   --->   Operation 30 'br' 'br_ln693' <Predicate = (VideoFormat_val_read == 10) | (VideoFormat_val_read == 11)> <Delay = 0.00>
ST_2 : Operation 31 [2/2] (2.77ns)   --->   "%call_ln681 = call void @MultiPixStream2Bytes_Pipeline_VITIS_LOOP_697_1, i11 %trunc_ln681_1, i64 %bytePlanes, i12 %add_ln702, i24 %img, i1 %xor_ln685, i64 %out_pix" [prj/sol/.autopilot/db/v_frmbuf_wr.cpp:681]   --->   Operation 31 'call' 'call_ln681' <Predicate = (VideoFormat_val_read == 10 & !icmp_ln693) | (VideoFormat_val_read == 11 & !icmp_ln693)> <Delay = 2.77> <CoreType = "Generic">   --->   Generic Core
ST_2 : Operation 32 [1/1] (0.00ns)   --->   "%br_ln0 = br void %if.end190"   --->   Operation 32 'br' 'br_ln0' <Predicate = (VideoFormat_val_read == 10 & icmp_ln693) | (VideoFormat_val_read == 11 & icmp_ln693)> <Delay = 0.00>
ST_2 : Operation 33 [1/1] (0.00ns)   --->   "%br_ln0 = br void %if.end191"   --->   Operation 33 'br' 'br_ln0' <Predicate = (VideoFormat_val_read != 43 & VideoFormat_val_read != 42 & VideoFormat_val_read != 44 & VideoFormat_val_read != 41 & icmp_ln693) | (VideoFormat_val_read != 43 & VideoFormat_val_read != 42 & VideoFormat_val_read != 44 & VideoFormat_val_read != 41 & VideoFormat_val_read != 11 & VideoFormat_val_read != 10)> <Delay = 0.00>
ST_2 : Operation 34 [1/1] (0.00ns)   --->   "%br_ln0 = br void %if.end192"   --->   Operation 34 'br' 'br_ln0' <Predicate = (VideoFormat_val_read != 43 & VideoFormat_val_read != 42 & VideoFormat_val_read != 44 & icmp_ln693) | (VideoFormat_val_read != 43 & VideoFormat_val_read != 42 & VideoFormat_val_read != 44 & VideoFormat_val_read != 11 & VideoFormat_val_read != 10) | (VideoFormat_val_read == 41)> <Delay = 0.00>
ST_2 : Operation 35 [1/1] (0.00ns)   --->   "%br_ln0 = br void %if.end193"   --->   Operation 35 'br' 'br_ln0' <Predicate = (VideoFormat_val_read != 43 & VideoFormat_val_read != 42 & icmp_ln693) | (VideoFormat_val_read != 43 & VideoFormat_val_read != 42 & VideoFormat_val_read != 11 & VideoFormat_val_read != 10) | (VideoFormat_val_read == 41) | (VideoFormat_val_read == 44)> <Delay = 0.00>
ST_2 : Operation 36 [1/1] (0.00ns)   --->   "%br_ln0 = br void %if.end194"   --->   Operation 36 'br' 'br_ln0' <Predicate = (VideoFormat_val_read != 43 & icmp_ln693) | (VideoFormat_val_read != 43 & VideoFormat_val_read != 11 & VideoFormat_val_read != 10) | (VideoFormat_val_read == 41) | (VideoFormat_val_read == 44) | (VideoFormat_val_read == 42)> <Delay = 0.00>
ST_2 : Operation 37 [1/1] (0.00ns)   --->   "%ret_ln1516 = ret" [prj/sol/.autopilot/db/v_frmbuf_wr.cpp:1516]   --->   Operation 37 'ret' 'ret_ln1516' <Predicate = (icmp_ln693) | (VideoFormat_val_read != 11 & VideoFormat_val_read != 10) | (VideoFormat_val_read == 41) | (VideoFormat_val_read == 44) | (VideoFormat_val_read == 42) | (VideoFormat_val_read == 43)> <Delay = 0.00>

State 3 <SV = 2> <Delay = 4.07>
ST_3 : Operation 38 [1/2] (4.07ns)   --->   "%call_ln681 = call void @MultiPixStream2Bytes_Pipeline_VITIS_LOOP_697_1, i11 %trunc_ln681_1, i64 %bytePlanes, i12 %add_ln702, i24 %img, i1 %xor_ln685, i64 %out_pix" [prj/sol/.autopilot/db/v_frmbuf_wr.cpp:681]   --->   Operation 38 'call' 'call_ln681' <Predicate = true> <Delay = 4.07> <CoreType = "Generic">   --->   Generic Core

State 4 <SV = 3> <Delay = 1.29>
ST_4 : Operation 39 [1/1] (0.00ns)   --->   "%specloopname_ln693 = specloopname void @_ssdm_op_SpecLoopName, void @empty_18" [prj/sol/.autopilot/db/v_frmbuf_wr.cpp:693]   --->   Operation 39 'specloopname' 'specloopname_ln693' <Predicate = true> <Delay = 0.00>
ST_4 : Operation 40 [1/1] (1.29ns)   --->   "%store_ln693 = store i11 %y_2, i11 %y" [prj/sol/.autopilot/db/v_frmbuf_wr.cpp:693]   --->   Operation 40 'store' 'store_ln693' <Predicate = true> <Delay = 1.29>
ST_4 : Operation 41 [1/1] (0.00ns)   --->   "%br_ln693 = br void %VITIS_LOOP_697_1" [prj/sol/.autopilot/db/v_frmbuf_wr.cpp:693]   --->   Operation 41 'br' 'br_ln693' <Predicate = true> <Delay = 0.00>


============================================================
+ Verbose Summary: Binding
============================================================
STG Binding: 
---------------- STG Properties BEGIN ----------------
- Is combinational: 0
- Is one-state seq: 0
- Is datapath-only: 0
- Is pipelined: 0
- Is top level: 0
Port [ Return ] is wired: 1; IO mode=ap_ctrl_hs:ce=0
Port [ img]:  wired=1; compound=1; hidden=0; nouse=0; global=0; static=0; extern=0; dir=0; type=3; pingpong=0; private_global=0; IO mode=ap_fifo:ce=0
Port [ bytePlanes]:  wired=1; compound=1; hidden=0; nouse=0; global=0; static=0; extern=0; dir=1; type=3; pingpong=0; private_global=0; IO mode=ap_fifo:ce=0
Port [ Height_val]:  wired=1; compound=0; hidden=0; nouse=0; global=0; static=0; extern=0; dir=0; type=0; pingpong=0; private_global=0; IO mode=ap_stable:ce=0
Port [ WidthInBytes_val]:  wired=1; compound=0; hidden=0; nouse=0; global=0; static=0; extern=0; dir=0; type=0; pingpong=0; private_global=0; IO mode=ap_stable:ce=0
Port [ VideoFormat_val]:  wired=1; compound=0; hidden=0; nouse=0; global=0; static=0; extern=0; dir=0; type=0; pingpong=0; private_global=0; IO mode=ap_stable:ce=0
---------------- STG Properties END ------------------

---------------- Datapath Model BEGIN ----------------

<LifeTime>
<method=bitvector/>
VideoFormat_val_read  (read             ) [ 01111]
WidthInBytes_val_read (read             ) [ 00000]
Height_val_read       (read             ) [ 00111]
specstablecontent_ln0 (specstablecontent) [ 00000]
specstablecontent_ln0 (specstablecontent) [ 00000]
specstablecontent_ln0 (specstablecontent) [ 00000]
specmemcore_ln0       (specmemcore      ) [ 00000]
specinterface_ln0     (specinterface    ) [ 00000]
specinterface_ln0     (specinterface    ) [ 00000]
switch_ln432          (switch           ) [ 00000]
out_pix               (alloca           ) [ 01111]
y                     (alloca           ) [ 01111]
add_ln681             (add              ) [ 00000]
trunc_ln681_1         (partselect       ) [ 00111]
zext_ln681            (zext             ) [ 00000]
tmp_2                 (bitselect        ) [ 00000]
xor_ln685             (xor              ) [ 00111]
add_ln702             (add              ) [ 00111]
store_ln693           (store            ) [ 00000]
store_ln690           (store            ) [ 00000]
br_ln693              (br               ) [ 00000]
y_1                   (load             ) [ 00000]
icmp_ln693            (icmp             ) [ 00111]
speclooptripcount_ln0 (speclooptripcount) [ 00000]
y_2                   (add              ) [ 00011]
br_ln693              (br               ) [ 00000]
br_ln0                (br               ) [ 00000]
br_ln0                (br               ) [ 00000]
br_ln0                (br               ) [ 00000]
br_ln0                (br               ) [ 00000]
br_ln0                (br               ) [ 00000]
ret_ln1516            (ret              ) [ 00000]
call_ln681            (call             ) [ 00000]
specloopname_ln693    (specloopname     ) [ 00000]
store_ln693           (store            ) [ 00000]
br_ln693              (br               ) [ 00000]
</LifeTime>

<model>

<comp_list>
<comp id="0" class="1000" name="img">
<pin_list>
<pin id="1" dir="1" index="0" bw="1" slack="0"/>
</pin_list>
<bind>
<StgValue><ssdm name="img"/></StgValue>
</bind>
</comp>

<comp id="2" class="1000" name="bytePlanes">
<pin_list>
<pin id="3" dir="1" index="0" bw="1" slack="0"/>
</pin_list>
<bind>
<StgValue><ssdm name="bytePlanes"/></StgValue>
</bind>
</comp>

<comp id="4" class="1000" name="Height_val">
<pin_list>
<pin id="5" dir="1" index="0" bw="1" slack="0"/>
</pin_list>
<bind>
<StgValue><ssdm name="Height_val"/></StgValue>
</bind>
</comp>

<comp id="6" class="1000" name="WidthInBytes_val">
<pin_list>
<pin id="7" dir="1" index="0" bw="1" slack="0"/>
</pin_list>
<bind>
<StgValue><ssdm name="WidthInBytes_val"/></StgValue>
</bind>
</comp>

<comp id="8" class="1000" name="VideoFormat_val">
<pin_list>
<pin id="9" dir="1" index="0" bw="1" slack="0"/>
</pin_list>
<bind>
<StgValue><ssdm name="VideoFormat_val"/></StgValue>
</bind>
</comp>

<comp id="10" class="1001" name="const_10">
<pin_list>
<pin id="11" dir="1" index="0" bw="1" slack="0"/>
</pin_list>
<bind>
<StgValue><ssdm name="_ssdm_op_Read.ap_auto.i6"/></StgValue>
</bind>
</comp>

<comp id="12" class="1001" name="const_12">
<pin_list>
<pin id="13" dir="1" index="0" bw="1" slack="0"/>
</pin_list>
<bind>
<StgValue><ssdm name="_ssdm_op_Read.ap_auto.i14"/></StgValue>
</bind>
</comp>

<comp id="14" class="1001" name="const_14">
<pin_list>
<pin id="15" dir="1" index="0" bw="1" slack="0"/>
</pin_list>
<bind>
<StgValue><ssdm name="_ssdm_op_Read.ap_auto.i11"/></StgValue>
</bind>
</comp>

<comp id="16" class="1001" name="const_16">
<pin_list>
<pin id="17" dir="1" index="0" bw="1" slack="2147483647"/>
</pin_list>
<bind>
<StgValue><ssdm name="_ssdm_op_SpecStableContent"/></StgValue>
</bind>
</comp>

<comp id="18" class="1001" name="const_18">
<pin_list>
<pin id="19" dir="1" index="0" bw="1" slack="0"/>
</pin_list>
<bind>
<StgValue><ssdm name=""/></StgValue>
</bind>
</comp>

<comp id="20" class="1001" name="const_20">
<pin_list>
<pin id="21" dir="1" index="0" bw="1" slack="2147483647"/>
</pin_list>
<bind>
<StgValue><ssdm name="p_str"/></StgValue>
</bind>
</comp>

<comp id="22" class="1001" name="const_22">
<pin_list>
<pin id="23" dir="1" index="0" bw="1" slack="2147483647"/>
</pin_list>
<bind>
<StgValue><ssdm name=""/></StgValue>
</bind>
</comp>

<comp id="24" class="1001" name="const_24">
<pin_list>
<pin id="25" dir="1" index="0" bw="1" slack="2147483647"/>
</pin_list>
<bind>
<StgValue><ssdm name="_ssdm_op_SpecMemCore"/></StgValue>
</bind>
</comp>

<comp id="26" class="1001" name="const_26">
<pin_list>
<pin id="27" dir="1" index="0" bw="1" slack="2147483647"/>
</pin_list>
<bind>
<StgValue><ssdm name=""/></StgValue>
</bind>
</comp>

<comp id="28" class="1001" name="const_28">
<pin_list>
<pin id="29" dir="1" index="0" bw="1" slack="2147483647"/>
</pin_list>
<bind>
<StgValue><ssdm name=""/></StgValue>
</bind>
</comp>

<comp id="30" class="1001" name="const_30">
<pin_list>
<pin id="31" dir="1" index="0" bw="1" slack="2147483647"/>
</pin_list>
<bind>
<StgValue><ssdm name=""/></StgValue>
</bind>
</comp>

<comp id="32" class="1001" name="const_32">
<pin_list>
<pin id="33" dir="1" index="0" bw="1" slack="2147483647"/>
</pin_list>
<bind>
<StgValue><ssdm name=""/></StgValue>
</bind>
</comp>

<comp id="34" class="1001" name="const_34">
<pin_list>
<pin id="35" dir="1" index="0" bw="1" slack="2147483647"/>
</pin_list>
<bind>
<StgValue><ssdm name="_ssdm_op_SpecInterface"/></StgValue>
</bind>
</comp>

<comp id="36" class="1001" name="const_36">
<pin_list>
<pin id="37" dir="1" index="0" bw="1" slack="2147483647"/>
</pin_list>
<bind>
<StgValue><ssdm name="empty_7"/></StgValue>
</bind>
</comp>

<comp id="38" class="1001" name="const_38">
<pin_list>
<pin id="39" dir="1" index="0" bw="1" slack="2147483647"/>
</pin_list>
<bind>
<StgValue><ssdm name=""/></StgValue>
</bind>
</comp>

<comp id="40" class="1001" name="const_40">
<pin_list>
<pin id="41" dir="1" index="0" bw="1" slack="2147483647"/>
</pin_list>
<bind>
<StgValue><ssdm name="empty_5"/></StgValue>
</bind>
</comp>

<comp id="42" class="1001" name="const_42">
<pin_list>
<pin id="43" dir="1" index="0" bw="1" slack="2147483647"/>
</pin_list>
<bind>
<StgValue><ssdm name=""/></StgValue>
</bind>
</comp>

<comp id="44" class="1001" name="const_44">
<pin_list>
<pin id="45" dir="1" index="0" bw="1" slack="0"/>
</pin_list>
<bind>
<StgValue><ssdm name=""/></StgValue>
</bind>
</comp>

<comp id="46" class="1001" name="const_46">
<pin_list>
<pin id="47" dir="1" index="0" bw="1" slack="0"/>
</pin_list>
<bind>
<StgValue><ssdm name=""/></StgValue>
</bind>
</comp>

<comp id="48" class="1001" name="const_48">
<pin_list>
<pin id="49" dir="1" index="0" bw="1" slack="0"/>
</pin_list>
<bind>
<StgValue><ssdm name=""/></StgValue>
</bind>
</comp>

<comp id="50" class="1001" name="const_50">
<pin_list>
<pin id="51" dir="1" index="0" bw="1" slack="0"/>
</pin_list>
<bind>
<StgValue><ssdm name=""/></StgValue>
</bind>
</comp>

<comp id="52" class="1001" name="const_52">
<pin_list>
<pin id="53" dir="1" index="0" bw="1" slack="0"/>
</pin_list>
<bind>
<StgValue><ssdm name=""/></StgValue>
</bind>
</comp>

<comp id="54" class="1001" name="const_54">
<pin_list>
<pin id="55" dir="1" index="0" bw="1" slack="0"/>
</pin_list>
<bind>
<StgValue><ssdm name=""/></StgValue>
</bind>
</comp>

<comp id="56" class="1001" name="const_56">
<pin_list>
<pin id="57" dir="1" index="0" bw="1" slack="0"/>
</pin_list>
<bind>
<StgValue><ssdm name=""/></StgValue>
</bind>
</comp>

<comp id="58" class="1001" name="const_58">
<pin_list>
<pin id="59" dir="1" index="0" bw="1" slack="0"/>
</pin_list>
<bind>
<StgValue><ssdm name=""/></StgValue>
</bind>
</comp>

<comp id="60" class="1001" name="const_60">
<pin_list>
<pin id="61" dir="1" index="0" bw="1" slack="0"/>
</pin_list>
<bind>
<StgValue><ssdm name="_ssdm_op_PartSelect.i11.i14.i32.i32"/></StgValue>
</bind>
</comp>

<comp id="62" class="1001" name="const_62">
<pin_list>
<pin id="63" dir="1" index="0" bw="1" slack="0"/>
</pin_list>
<bind>
<StgValue><ssdm name=""/></StgValue>
</bind>
</comp>

<comp id="64" class="1001" name="const_64">
<pin_list>
<pin id="65" dir="1" index="0" bw="1" slack="0"/>
</pin_list>
<bind>
<StgValue><ssdm name=""/></StgValue>
</bind>
</comp>

<comp id="66" class="1001" name="const_66">
<pin_list>
<pin id="67" dir="1" index="0" bw="1" slack="0"/>
</pin_list>
<bind>
<StgValue><ssdm name="_ssdm_op_BitSelect.i1.i14.i32"/></StgValue>
</bind>
</comp>

<comp id="68" class="1001" name="const_68">
<pin_list>
<pin id="69" dir="1" index="0" bw="1" slack="0"/>
</pin_list>
<bind>
<StgValue><ssdm name=""/></StgValue>
</bind>
</comp>

<comp id="70" class="1001" name="const_70">
<pin_list>
<pin id="71" dir="1" index="0" bw="1" slack="0"/>
</pin_list>
<bind>
<StgValue><ssdm name=""/></StgValue>
</bind>
</comp>

<comp id="72" class="1001" name="const_72">
<pin_list>
<pin id="73" dir="1" index="0" bw="1" slack="0"/>
</pin_list>
<bind>
<StgValue><ssdm name=""/></StgValue>
</bind>
</comp>

<comp id="74" class="1001" name="const_74">
<pin_list>
<pin id="75" dir="1" index="0" bw="1" slack="0"/>
</pin_list>
<bind>
<StgValue><ssdm name=""/></StgValue>
</bind>
</comp>

<comp id="76" class="1001" name="const_76">
<pin_list>
<pin id="77" dir="1" index="0" bw="1" slack="2147483647"/>
</pin_list>
<bind>
<StgValue><ssdm name="_ssdm_op_SpecLoopTripCount"/></StgValue>
</bind>
</comp>

<comp id="78" class="1001" name="const_78">
<pin_list>
<pin id="79" dir="1" index="0" bw="1" slack="2147483647"/>
</pin_list>
<bind>
<StgValue><ssdm name=""/></StgValue>
</bind>
</comp>

<comp id="80" class="1001" name="const_80">
<pin_list>
<pin id="81" dir="1" index="0" bw="1" slack="2147483647"/>
</pin_list>
<bind>
<StgValue><ssdm name=""/></StgValue>
</bind>
</comp>

<comp id="82" class="1001" name="const_82">
<pin_list>
<pin id="83" dir="1" index="0" bw="1" slack="0"/>
</pin_list>
<bind>
<StgValue><ssdm name=""/></StgValue>
</bind>
</comp>

<comp id="84" class="1001" name="const_84">
<pin_list>
<pin id="85" dir="1" index="0" bw="1" slack="0"/>
</pin_list>
<bind>
<StgValue><ssdm name="MultiPixStream2Bytes_Pipeline_VITIS_LOOP_697_1"/></StgValue>
</bind>
</comp>

<comp id="86" class="1001" name="const_86">
<pin_list>
<pin id="87" dir="1" index="0" bw="1" slack="2147483647"/>
</pin_list>
<bind>
<StgValue><ssdm name="_ssdm_op_SpecLoopName"/></StgValue>
</bind>
</comp>

<comp id="88" class="1001" name="const_88">
<pin_list>
<pin id="89" dir="1" index="0" bw="1" slack="2147483647"/>
</pin_list>
<bind>
<StgValue><ssdm name="empty_18"/></StgValue>
</bind>
</comp>

<comp id="90" class="1004" name="out_pix_fu_90">
<pin_list>
<pin id="91" dir="0" index="0" bw="1" slack="0"/>
<pin id="92" dir="1" index="1" bw="64" slack="0"/>
</pin_list>
<bind>
<opcode="alloca(26) " fcode="alloca"/>
<opset="out_pix/1 "/>
</bind>
</comp>

<comp id="94" class="1004" name="y_fu_94">
<pin_list>
<pin id="95" dir="0" index="0" bw="1" slack="0"/>
<pin id="96" dir="1" index="1" bw="11" slack="0"/>
</pin_list>
<bind>
<opcode="alloca(26) " fcode="alloca"/>
<opset="y/1 "/>
</bind>
</comp>

<comp id="98" class="1004" name="VideoFormat_val_read_read_fu_98">
<pin_list>
<pin id="99" dir="0" index="0" bw="6" slack="0"/>
<pin id="100" dir="0" index="1" bw="6" slack="0"/>
<pin id="101" dir="1" index="2" bw="6" slack="0"/>
</pin_list>
<bind>
<opcode="read(1150) " fcode="read"/>
<opset="VideoFormat_val_read/1 "/>
</bind>
</comp>

<comp id="104" class="1004" name="WidthInBytes_val_read_read_fu_104">
<pin_list>
<pin id="105" dir="0" index="0" bw="14" slack="0"/>
<pin id="106" dir="0" index="1" bw="14" slack="0"/>
<pin id="107" dir="1" index="2" bw="14" slack="0"/>
</pin_list>
<bind>
<opcode="read(1150) " fcode="read"/>
<opset="WidthInBytes_val_read/1 "/>
</bind>
</comp>

<comp id="110" class="1004" name="Height_val_read_read_fu_110">
<pin_list>
<pin id="111" dir="0" index="0" bw="11" slack="0"/>
<pin id="112" dir="0" index="1" bw="11" slack="0"/>
<pin id="113" dir="1" index="2" bw="11" slack="1"/>
</pin_list>
<bind>
<opcode="read(1150) " fcode="read"/>
<opset="Height_val_read/1 "/>
</bind>
</comp>

<comp id="116" class="1004" name="grp_MultiPixStream2Bytes_Pipeline_VITIS_LOOP_697_1_fu_116">
<pin_list>
<pin id="117" dir="0" index="0" bw="0" slack="0"/>
<pin id="118" dir="0" index="1" bw="11" slack="1"/>
<pin id="119" dir="0" index="2" bw="64" slack="0"/>
<pin id="120" dir="0" index="3" bw="12" slack="1"/>
<pin id="121" dir="0" index="4" bw="24" slack="0"/>
<pin id="122" dir="0" index="5" bw="1" slack="1"/>
<pin id="123" dir="0" index="6" bw="64" slack="1"/>
<pin id="124" dir="1" index="7" bw="0" slack="2147483647"/>
</pin_list>
<bind>
<opcode="call(48) " fcode="call"/>
<opset="call_ln681/2 "/>
</bind>
</comp>

<comp id="128" class="1004" name="switch_ln432_fu_128">
<pin_list>
<pin id="129" dir="0" index="0" bw="6" slack="0"/>
<pin id="130" dir="0" index="1" bw="6" slack="0"/>
<pin id="131" dir="0" index="2" bw="6" slack="0"/>
<pin id="132" dir="0" index="3" bw="6" slack="0"/>
<pin id="133" dir="0" index="4" bw="6" slack="0"/>
<pin id="134" dir="0" index="5" bw="5" slack="0"/>
<pin id="135" dir="0" index="6" bw="5" slack="0"/>
<pin id="136" dir="1" index="7" bw="0" slack="2147483647"/>
</pin_list>
<bind>
<opcode="switch(3) " fcode="switch"/>
<opset="switch_ln432/1 "/>
</bind>
</comp>

<comp id="144" class="1004" name="add_ln681_fu_144">
<pin_list>
<pin id="145" dir="0" index="0" bw="14" slack="0"/>
<pin id="146" dir="0" index="1" bw="4" slack="0"/>
<pin id="147" dir="1" index="2" bw="14" slack="0"/>
</pin_list>
<bind>
<opcode="add(8) " fcode="add"/>
<opset="add_ln681/1 "/>
</bind>
</comp>

<comp id="150" class="1004" name="trunc_ln681_1_fu_150">
<pin_list>
<pin id="151" dir="0" index="0" bw="11" slack="0"/>
<pin id="152" dir="0" index="1" bw="14" slack="0"/>
<pin id="153" dir="0" index="2" bw="3" slack="0"/>
<pin id="154" dir="0" index="3" bw="5" slack="0"/>
<pin id="155" dir="1" index="4" bw="11" slack="0"/>
</pin_list>
<bind>
<opcode="partselect(1002) " fcode="partselect"/>
<opset="trunc_ln681_1/1 "/>
</bind>
</comp>

<comp id="160" class="1004" name="zext_ln681_fu_160">
<pin_list>
<pin id="161" dir="0" index="0" bw="11" slack="0"/>
<pin id="162" dir="1" index="1" bw="12" slack="0"/>
</pin_list>
<bind>
<opcode="zext(34) " fcode="zext"/>
<opset="zext_ln681/1 "/>
</bind>
</comp>

<comp id="164" class="1004" name="tmp_2_fu_164">
<pin_list>
<pin id="165" dir="0" index="0" bw="1" slack="0"/>
<pin id="166" dir="0" index="1" bw="14" slack="0"/>
<pin id="167" dir="0" index="2" bw="3" slack="0"/>
<pin id="168" dir="1" index="3" bw="1" slack="0"/>
</pin_list>
<bind>
<opcode="bitselect(1000) " fcode="bitselect"/>
<opset="tmp_2/1 "/>
</bind>
</comp>

<comp id="172" class="1004" name="xor_ln685_fu_172">
<pin_list>
<pin id="173" dir="0" index="0" bw="1" slack="0"/>
<pin id="174" dir="0" index="1" bw="1" slack="0"/>
<pin id="175" dir="1" index="2" bw="1" slack="1"/>
</pin_list>
<bind>
<opcode="xor(25) " fcode="xor"/>
<opset="xor_ln685/1 "/>
</bind>
</comp>

<comp id="178" class="1004" name="add_ln702_fu_178">
<pin_list>
<pin id="179" dir="0" index="0" bw="11" slack="0"/>
<pin id="180" dir="0" index="1" bw="1" slack="0"/>
<pin id="181" dir="1" index="2" bw="12" slack="1"/>
</pin_list>
<bind>
<opcode="add(8) " fcode="add"/>
<opset="add_ln702/1 "/>
</bind>
</comp>

<comp id="184" class="1004" name="store_ln693_store_fu_184">
<pin_list>
<pin id="185" dir="0" index="0" bw="1" slack="0"/>
<pin id="186" dir="0" index="1" bw="11" slack="0"/>
<pin id="187" dir="1" index="2" bw="0" slack="2147483647"/>
</pin_list>
<bind>
<opcode="store(28) " fcode="store"/>
<opset="store_ln693/1 "/>
</bind>
</comp>

<comp id="189" class="1004" name="store_ln690_store_fu_189">
<pin_list>
<pin id="190" dir="0" index="0" bw="1" slack="0"/>
<pin id="191" dir="0" index="1" bw="64" slack="0"/>
<pin id="192" dir="1" index="2" bw="0" slack="2147483647"/>
</pin_list>
<bind>
<opcode="store(28) " fcode="store"/>
<opset="store_ln690/1 "/>
</bind>
</comp>

<comp id="194" class="1004" name="y_1_load_fu_194">
<pin_list>
<pin id="195" dir="0" index="0" bw="11" slack="1"/>
<pin id="196" dir="1" index="1" bw="11" slack="0"/>
</pin_list>
<bind>
<opcode="load(27) " fcode="load"/>
<opset="y_1/2 "/>
</bind>
</comp>

<comp id="197" class="1004" name="icmp_ln693_fu_197">
<pin_list>
<pin id="198" dir="0" index="0" bw="11" slack="0"/>
<pin id="199" dir="0" index="1" bw="11" slack="1"/>
<pin id="200" dir="1" index="2" bw="1" slack="2147483647"/>
</pin_list>
<bind>
<opcode="icmp(45) " fcode="icmp"/>
<opset="icmp_ln693/2 "/>
</bind>
</comp>

<comp id="202" class="1004" name="y_2_fu_202">
<pin_list>
<pin id="203" dir="0" index="0" bw="11" slack="0"/>
<pin id="204" dir="0" index="1" bw="1" slack="0"/>
<pin id="205" dir="1" index="2" bw="11" slack="2"/>
</pin_list>
<bind>
<opcode="add(8) " fcode="add"/>
<opset="y_2/2 "/>
</bind>
</comp>

<comp id="208" class="1004" name="store_ln693_store_fu_208">
<pin_list>
<pin id="209" dir="0" index="0" bw="11" slack="2"/>
<pin id="210" dir="0" index="1" bw="11" slack="3"/>
<pin id="211" dir="1" index="2" bw="0" slack="2147483647"/>
</pin_list>
<bind>
<opcode="store(28) " fcode="store"/>
<opset="store_ln693/4 "/>
</bind>
</comp>

<comp id="212" class="1005" name="VideoFormat_val_read_reg_212">
<pin_list>
<pin id="213" dir="0" index="0" bw="6" slack="1"/>
<pin id="214" dir="1" index="1" bw="6" slack="2147483647"/>
</pin_list>
<bind>
<opset="VideoFormat_val_read "/>
</bind>
</comp>

<comp id="216" class="1005" name="Height_val_read_reg_216">
<pin_list>
<pin id="217" dir="0" index="0" bw="11" slack="1"/>
<pin id="218" dir="1" index="1" bw="11" slack="1"/>
</pin_list>
<bind>
<opset="Height_val_read "/>
</bind>
</comp>

<comp id="221" class="1005" name="out_pix_reg_221">
<pin_list>
<pin id="222" dir="0" index="0" bw="64" slack="0"/>
<pin id="223" dir="1" index="1" bw="64" slack="0"/>
</pin_list>
<bind>
<opset="out_pix "/>
</bind>
</comp>

<comp id="227" class="1005" name="y_reg_227">
<pin_list>
<pin id="228" dir="0" index="0" bw="11" slack="0"/>
<pin id="229" dir="1" index="1" bw="11" slack="0"/>
</pin_list>
<bind>
<opset="y "/>
</bind>
</comp>

<comp id="234" class="1005" name="trunc_ln681_1_reg_234">
<pin_list>
<pin id="235" dir="0" index="0" bw="11" slack="1"/>
<pin id="236" dir="1" index="1" bw="11" slack="1"/>
</pin_list>
<bind>
<opset="trunc_ln681_1 "/>
</bind>
</comp>

<comp id="239" class="1005" name="xor_ln685_reg_239">
<pin_list>
<pin id="240" dir="0" index="0" bw="1" slack="1"/>
<pin id="241" dir="1" index="1" bw="1" slack="1"/>
</pin_list>
<bind>
<opset="xor_ln685 "/>
</bind>
</comp>

<comp id="244" class="1005" name="add_ln702_reg_244">
<pin_list>
<pin id="245" dir="0" index="0" bw="12" slack="1"/>
<pin id="246" dir="1" index="1" bw="12" slack="1"/>
</pin_list>
<bind>
<opset="add_ln702 "/>
</bind>
</comp>

<comp id="252" class="1005" name="y_2_reg_252">
<pin_list>
<pin id="253" dir="0" index="0" bw="11" slack="2"/>
<pin id="254" dir="1" index="1" bw="11" slack="2"/>
</pin_list>
<bind>
<opset="y_2 "/>
</bind>
</comp>

</comp_list>

<net_list>
<net id="93"><net_src comp="56" pin="0"/><net_sink comp="90" pin=0"/></net>

<net id="97"><net_src comp="56" pin="0"/><net_sink comp="94" pin=0"/></net>

<net id="102"><net_src comp="10" pin="0"/><net_sink comp="98" pin=0"/></net>

<net id="103"><net_src comp="8" pin="0"/><net_sink comp="98" pin=1"/></net>

<net id="108"><net_src comp="12" pin="0"/><net_sink comp="104" pin=0"/></net>

<net id="109"><net_src comp="6" pin="0"/><net_sink comp="104" pin=1"/></net>

<net id="114"><net_src comp="14" pin="0"/><net_sink comp="110" pin=0"/></net>

<net id="115"><net_src comp="4" pin="0"/><net_sink comp="110" pin=1"/></net>

<net id="125"><net_src comp="84" pin="0"/><net_sink comp="116" pin=0"/></net>

<net id="126"><net_src comp="2" pin="0"/><net_sink comp="116" pin=2"/></net>

<net id="127"><net_src comp="0" pin="0"/><net_sink comp="116" pin=4"/></net>

<net id="137"><net_src comp="98" pin="2"/><net_sink comp="128" pin=0"/></net>

<net id="138"><net_src comp="44" pin="0"/><net_sink comp="128" pin=1"/></net>

<net id="139"><net_src comp="46" pin="0"/><net_sink comp="128" pin=2"/></net>

<net id="140"><net_src comp="48" pin="0"/><net_sink comp="128" pin=3"/></net>

<net id="141"><net_src comp="50" pin="0"/><net_sink comp="128" pin=4"/></net>

<net id="142"><net_src comp="52" pin="0"/><net_sink comp="128" pin=5"/></net>

<net id="143"><net_src comp="54" pin="0"/><net_sink comp="128" pin=6"/></net>

<net id="148"><net_src comp="104" pin="2"/><net_sink comp="144" pin=0"/></net>

<net id="149"><net_src comp="58" pin="0"/><net_sink comp="144" pin=1"/></net>

<net id="156"><net_src comp="60" pin="0"/><net_sink comp="150" pin=0"/></net>

<net id="157"><net_src comp="144" pin="2"/><net_sink comp="150" pin=1"/></net>

<net id="158"><net_src comp="62" pin="0"/><net_sink comp="150" pin=2"/></net>

<net id="159"><net_src comp="64" pin="0"/><net_sink comp="150" pin=3"/></net>

<net id="163"><net_src comp="150" pin="4"/><net_sink comp="160" pin=0"/></net>

<net id="169"><net_src comp="66" pin="0"/><net_sink comp="164" pin=0"/></net>

<net id="170"><net_src comp="104" pin="2"/><net_sink comp="164" pin=1"/></net>

<net id="171"><net_src comp="68" pin="0"/><net_sink comp="164" pin=2"/></net>

<net id="176"><net_src comp="164" pin="3"/><net_sink comp="172" pin=0"/></net>

<net id="177"><net_src comp="18" pin="0"/><net_sink comp="172" pin=1"/></net>

<net id="182"><net_src comp="160" pin="1"/><net_sink comp="178" pin=0"/></net>

<net id="183"><net_src comp="70" pin="0"/><net_sink comp="178" pin=1"/></net>

<net id="188"><net_src comp="72" pin="0"/><net_sink comp="184" pin=0"/></net>

<net id="193"><net_src comp="74" pin="0"/><net_sink comp="189" pin=0"/></net>

<net id="201"><net_src comp="194" pin="1"/><net_sink comp="197" pin=0"/></net>

<net id="206"><net_src comp="194" pin="1"/><net_sink comp="202" pin=0"/></net>

<net id="207"><net_src comp="82" pin="0"/><net_sink comp="202" pin=1"/></net>

<net id="215"><net_src comp="98" pin="2"/><net_sink comp="212" pin=0"/></net>

<net id="219"><net_src comp="110" pin="2"/><net_sink comp="216" pin=0"/></net>

<net id="220"><net_src comp="216" pin="1"/><net_sink comp="197" pin=1"/></net>

<net id="224"><net_src comp="90" pin="1"/><net_sink comp="221" pin=0"/></net>

<net id="225"><net_src comp="221" pin="1"/><net_sink comp="189" pin=1"/></net>

<net id="226"><net_src comp="221" pin="1"/><net_sink comp="116" pin=6"/></net>

<net id="230"><net_src comp="94" pin="1"/><net_sink comp="227" pin=0"/></net>

<net id="231"><net_src comp="227" pin="1"/><net_sink comp="184" pin=1"/></net>

<net id="232"><net_src comp="227" pin="1"/><net_sink comp="194" pin=0"/></net>

<net id="233"><net_src comp="227" pin="1"/><net_sink comp="208" pin=1"/></net>

<net id="237"><net_src comp="150" pin="4"/><net_sink comp="234" pin=0"/></net>

<net id="238"><net_src comp="234" pin="1"/><net_sink comp="116" pin=1"/></net>

<net id="242"><net_src comp="172" pin="2"/><net_sink comp="239" pin=0"/></net>

<net id="243"><net_src comp="239" pin="1"/><net_sink comp="116" pin=5"/></net>

<net id="247"><net_src comp="178" pin="2"/><net_sink comp="244" pin=0"/></net>

<net id="248"><net_src comp="244" pin="1"/><net_sink comp="116" pin=3"/></net>

<net id="255"><net_src comp="202" pin="2"/><net_sink comp="252" pin=0"/></net>

<net id="256"><net_src comp="252" pin="1"/><net_sink comp="208" pin=0"/></net>

</net_list>

</model> 
---------------- Datapath Model END ------------------

* FSMD analyzer results:
  - Output states:
	Port: bytePlanes | {2 3 }
 - Input state : 
	Port: MultiPixStream2Bytes : img | {2 3 }
	Port: MultiPixStream2Bytes : Height_val | {1 }
	Port: MultiPixStream2Bytes : WidthInBytes_val | {1 }
	Port: MultiPixStream2Bytes : VideoFormat_val | {1 }
  - Chain level:
	State 1
		trunc_ln681_1 : 1
		zext_ln681 : 2
		xor_ln685 : 1
		add_ln702 : 3
		store_ln693 : 1
		store_ln690 : 1
	State 2
		icmp_ln693 : 1
		y_2 : 1
		br_ln693 : 2
	State 3
	State 4


============================================================
+ Verbose Summary: Datapath Resource usage 
============================================================

* Functional unit list:
|----------|-----------------------------------------------------------|---------|---------|
| Operation|                      Functional Unit                      |    FF   |   LUT   |
|----------|-----------------------------------------------------------|---------|---------|
|   call   | grp_MultiPixStream2Bytes_Pipeline_VITIS_LOOP_697_1_fu_116 |   117   |    35   |
|----------|-----------------------------------------------------------|---------|---------|
|          |                      add_ln681_fu_144                     |    0    |    14   |
|    add   |                      add_ln702_fu_178                     |    0    |    11   |
|          |                         y_2_fu_202                        |    0    |    11   |
|----------|-----------------------------------------------------------|---------|---------|
|   icmp   |                     icmp_ln693_fu_197                     |    0    |    11   |
|----------|-----------------------------------------------------------|---------|---------|
|    xor   |                      xor_ln685_fu_172                     |    0    |    1    |
|----------|-----------------------------------------------------------|---------|---------|
|          |              VideoFormat_val_read_read_fu_98              |    0    |    0    |
|   read   |             WidthInBytes_val_read_read_fu_104             |    0    |    0    |
|          |                Height_val_read_read_fu_110                |    0    |    0    |
|----------|-----------------------------------------------------------|---------|---------|
|  switch  |                    switch_ln432_fu_128                    |    0    |    0    |
|----------|-----------------------------------------------------------|---------|---------|
|partselect|                    trunc_ln681_1_fu_150                   |    0    |    0    |
|----------|-----------------------------------------------------------|---------|---------|
|   zext   |                     zext_ln681_fu_160                     |    0    |    0    |
|----------|-----------------------------------------------------------|---------|---------|
| bitselect|                        tmp_2_fu_164                       |    0    |    0    |
|----------|-----------------------------------------------------------|---------|---------|
|   Total  |                                                           |   117   |    83   |
|----------|-----------------------------------------------------------|---------|---------|

Memories:
N/A

* Register list:
+----------------------------+--------+
|                            |   FF   |
+----------------------------+--------+
|   Height_val_read_reg_216  |   11   |
|VideoFormat_val_read_reg_212|    6   |
|      add_ln702_reg_244     |   12   |
|       out_pix_reg_221      |   64   |
|    trunc_ln681_1_reg_234   |   11   |
|      xor_ln685_reg_239     |    1   |
|         y_2_reg_252        |   11   |
|          y_reg_227         |   11   |
+----------------------------+--------+
|            Total           |   127  |
+----------------------------+--------+

* Multiplexer (MUX) list: 
|--------|------|------|------|--------|
|  Comp  |  Pin | Size |  BW  | S x BW |
|--------|------|------|------|--------|
|  Total |      |      |      |    0   |
|--------|------|------|------|--------|



* Summary:
+-----------+--------+--------+
|           |   FF   |   LUT  |
+-----------+--------+--------+
|  Function |   117  |   83   |
|   Memory  |    -   |    -   |
|Multiplexer|    -   |    -   |
|  Register |   127  |    -   |
+-----------+--------+--------+
|   Total   |   244  |   83   |
+-----------+--------+--------+
