================================================================
== Design Size Report
================================================================

* Total Instructions per Compilation Phase
+---------------+----------------------------+--------------+----------------------------------------------------------------------------------------+
| Phase         | Step                       | Instructions | Description                                                                            |
+---------------+----------------------------+--------------+----------------------------------------------------------------------------------------+
| Compile/Link  |                            | 1,978        | After all functions are compiled and linked into a single design                       |
|               |                            |              |                                                                                        |
| Unroll/Inline |                            |              | After user unroll and inline pragmas are applied                                       |
|               | (1) unroll                 |   798        | user unroll pragmas are applied                                                        |
|               | (2) simplification         |   498        | simplification of applied user unroll pragmas                                          |
|               | (3) inline                 |   482        | user inline pragmas are applied                                                        |
|               | (4) simplification         |   410        | simplification of applied user inline pragmas                                          |
|               |                            |              |                                                                                        |
| Array/Struct  |                            |              | After user array partition and struct aggregate/disaggregate pragmas are applied       |
|               | (1) array partition        |   374        | user array partition pragmas are applied                                               |
|               | (2) simplification         |   374        | simplification of applied user array partition & struct aggregate/disaggregate pragmas |
|               | (3) aggregate/disaggregate |   377        | user struct aggregate/disaggregate pragmas are applied                                 |
|               | (4) array reshape          |   434        | apply array reshape pragmas                                                            |
|               | (5) access patterns        |   496        | array access pattern optmizations                                                      |
|               |                            |              |                                                                                        |
| Performance   |                            |              | After transformations are applied to meet performance pragma targets                   |
|               | (1) loop simplification    |   468        | loop and instruction simplification                                                    |
|               | (2) parallelization        |   443        | loops are unrolled or pipelined to meet performance targets                            |
|               | (3) array partition        |   403        | arrays are partitioned to meet performance targets                                     |
|               | (4) simplification         |   403        | simplification of design after performance transformations                             |
|               |                            |              |                                                                                        |
| HW Transforms |                            |              | After hardware transfomations                                                          |
|               | (1) lowering               |   384        | initial conversion to HW specific instructions                                         |
|               | (2) optimizations          |   333        | high level synthesis optimizations                                                     |
+---------------+----------------------------+--------------+----------------------------------------------------------------------------------------+

* Instructions per Function for each Compilation Phase
+---------------------------------------+----------------------+----------------+---------------+---------------+---------------+---------------+
| Function                              | Location             | Compile/Link   | Unroll/Inline | Array/Struct  | Performance   | HW Transforms |
+---------------------------------------+----------------------+----------------+---------------+---------------+---------------+---------------+
| + v_frmbuf_wr                         | v_frmbuf_wr.cpp:157  | 1,978          | 410           | 496           | 403           | 333           |
|  + FrmbufWrHlsDataFlow                | v_frmbuf_wr.cpp:89   | 1,873          | 354           | 440           | 359           | 278           |
|     STREAM_PLANES                     | v_frmbuf_wr.h:255    |    4           |               |               |               |               |
|   + AXIvideo2MultiPixStream           | v_frmbuf_wr.cpp:282  | 1,283          | 227           | 278           | 210           | 126           |
|      Scalar                           | hls_video_core.h:196 |    5           |               |               |               |               |
|      reg<unsigned short>              | x_hls_utils.h:222    |    2 (2 calls) |   2 (2 calls) |   2 (2 calls) |   2 (2 calls) |   8 (2 calls) |
|    + AXIGetBitFields<24, ap_uint<...  | hls_axi_io.h:83      |  228 (3 calls) |               |               |               |               |
|       AXIGetBitFields<24, ap_uint<... | hls_axi_io.h:60      |  210 (3 calls) |               |               |               |               |
|   + MultiPixStream2Bytes              | v_frmbuf_wr.cpp:428  |  512           |  83           | 116           | 107           |  97           |
|      Scalar                           | hls_video_core.h:196 |    5           |               |               |               |               |
|     Bytes2AXIMMvideo                  | v_frmbuf_wr.cpp:1526 |   50           |  34           |  36           |  32           |  42           |
+---------------------------------------+----------------------+----------------+---------------+---------------+---------------+---------------+

* Design Size Message Settings
+---------------------------------------------+--------+------------------------------------------------------------------+
| Message Setting                             | Value  | Description                                                      |
+---------------------------------------------+--------+------------------------------------------------------------------+
| config_compile -design_size_maximum_warning | 100000 | Show a warning when total design instructions exceeds this value |
+---------------------------------------------+--------+------------------------------------------------------------------+


