

================================================================
== Vitis HLS Report for 'MultiPixStream2Bytes_Pipeline_VITIS_LOOP_697_1'
================================================================
* Date:           Thu Mar  5 14:47:30 2026

* Version:        2025.2 (Build 6295257 on Nov 14 2025)
* Project:        prj
* Solution:       sol (Vivado IP Flow Target)
* Product family: zynq
* Target device:  xc7z020-clg400-2


================================================================
== Performance Estimates
================================================================
+ Timing: 
    * Summary: 
    +--------+---------+----------+------------+
    |  Clock |  Target | Estimated| Uncertainty|
    +--------+---------+----------+------------+
    |ap_clk  |  6.67 ns|  4.078 ns|     1.80 ns|
    +--------+---------+----------+------------+

+ Latency: 
    * Summary: 
    +---------+---------+-----------+-----------+-----+-----+-------------------+
    |  Latency (cycles) |   Latency (absolute)  |  Interval |      Pipeline     |
    |   min   |   max   |    min    |    max    | min | max |        Type       |
    +---------+---------+-----------+-----------+-----+-----+-------------------+
    |        2|     4322|  13.334 ns|  28.815 us|    0|    0|  loop pipeline stp|
    +---------+---------+-----------+-----------+-----+-----+-------------------+

    + Detail: 
        * Instance: 
        N/A

        * Loop: 
        +--------------------+---------+---------+----------+-----------+-----------+----------+----------+
        |                    |  Latency (cycles) | Iteration|  Initiation Interval  |   Trip   |          |
        |      Loop Name     |   min   |   max   |  Latency |  achieved |   target  |   Count  | Pipelined|
        +--------------------+---------+---------+----------+-----------+-----------+----------+----------+
        |- VITIS_LOOP_697_1  |        0|     4320|         4|          3|          3|  0 ~ 1440|       yes|
        +--------------------+---------+---------+----------+-----------+-----------+----------+----------+



================================================================
== Utilization Estimates
================================================================
* Summary: 
+-----------------+---------+-----+--------+-------+-----+
|       Name      | BRAM_18K| DSP |   FF   |  LUT  | URAM|
+-----------------+---------+-----+--------+-------+-----+
|DSP              |        -|    -|       -|      -|    -|
|Expression       |        -|    -|       0|     49|    -|
|FIFO             |        -|    -|       -|      -|    -|
|Instance         |        -|    -|       -|      -|    -|
|Memory           |        -|    -|       -|      -|    -|
|Multiplexer      |        -|    -|       0|    125|    -|
|Register         |        -|    -|     124|      -|    -|
+-----------------+---------+-----+--------+-------+-----+
|Total            |        0|    0|     124|    174|    0|
+-----------------+---------+-----+--------+-------+-----+
|Available        |      280|  220|  106400|  53200|    0|
+-----------------+---------+-----+--------+-------+-----+
|Utilization (%)  |        0|    0|      ~0|     ~0|    0|
+-----------------+---------+-----+--------+-------+-----+

+ Detail: 
    * Instance: 
    N/A

    * DSP: 
    N/A

    * Memory: 
    N/A

    * FIFO: 
    N/A

    * Expression: 
    +---------------------------------------+----------+----+---+----+------------+------------+
    |             Variable Name             | Operation| DSP| FF| LUT| Bitwidth P0| Bitwidth P1|
    +---------------------------------------+----------+----+---+----+------------+------------+
    |x_2_fu_178_p2                          |         +|   0|  0|  11|          11|           1|
    |bytePlanes_din                         |      1003|   0|  0|   2|          64|          24|
    |out_pix_fu_209_p4                      |      1003|   0|  0|   2|          64|          24|
    |ap_block_pp0_stage0_01001_grp3         |       and|   0|  0|   1|           1|           1|
    |ap_block_pp0_stage1_11001_grp1         |       and|   0|  0|   1|           1|           1|
    |ap_block_pp0_stage2_11001_grp2         |       and|   0|  0|   1|           1|           1|
    |ap_block_state2_pp0_stage1_iter0_grp1  |       and|   0|  0|   1|           1|           1|
    |ap_block_state3_pp0_stage2_iter0_grp2  |       and|   0|  0|   1|           1|           1|
    |ap_condition_148                       |       and|   0|  0|   1|           1|           1|
    |ap_condition_304                       |       and|   0|  0|   1|           1|           1|
    |ap_predicate_op30_read_state3          |       and|   0|  0|   1|           1|           1|
    |icmp_ln697_fu_172_p2                   |      icmp|   0|  0|  11|          11|          11|
    |icmp_ln702_fu_188_p2                   |      icmp|   0|  0|  12|          12|          12|
    |or_ln702_fu_194_p2                     |        or|   0|  0|   1|           1|           1|
    |ap_enable_pp0                          |       xor|   0|  0|   2|           1|           2|
    +---------------------------------------+----------+----+---+----+------------+------------+
    |Total                                  |          |   0|  0|  49|         172|          83|
    +---------------------------------------+----------+----+---+----+------------+------------+

    * Multiplexer: 
    +----------------------------------------+----+-----------+-----+-----------+
    |                  Name                  | LUT| Input Size| Bits| Total Bits|
    +----------------------------------------+----+-----------+-----+-----------+
    |ap_NS_fsm                               |  17|          4|    1|          4|
    |ap_done_int                             |   9|          2|    1|          2|
    |ap_enable_reg_pp0_iter0                 |   9|          2|    1|          2|
    |ap_enable_reg_pp0_iter0_reg             |   9|          2|    1|          2|
    |ap_enable_reg_pp0_iter1                 |   9|          2|    1|          2|
    |ap_phi_reg_pp0_iter1_phi_ln703_reg_133  |   9|          2|   24|         48|
    |ap_sig_allocacmp_x_1                    |   9|          2|   11|         22|
    |bytePlanes_blk_n                        |   9|          2|    1|          2|
    |empty_71_reg_123                        |   9|          2|    8|         16|
    |empty_reg_113                           |   9|          2|    8|         16|
    |img_blk_n                               |   9|          2|    1|          2|
    |out_pix_1_out_o                         |   9|          2|   64|        128|
    |x_fu_78                                 |   9|          2|   11|         22|
    +----------------------------------------+----+-----------+-----+-----------+
    |Total                                   | 125|         28|  133|        268|
    +----------------------------------------+----+-----------+-----+-----------+

    * Register: 
    +-------------------------------------------+----+----+-----+-----------+
    |                    Name                   | FF | LUT| Bits| Const Bits|
    +-------------------------------------------+----+----+-----+-----------+
    |ap_CS_fsm                                  |   3|   0|    3|          0|
    |ap_block_pp0_stage2_subdone_grp0_done_reg  |   1|   0|    1|          0|
    |ap_done_reg                                |   1|   0|    1|          0|
    |ap_enable_reg_pp0_iter0_reg                |   1|   0|    1|          0|
    |ap_enable_reg_pp0_iter1                    |   1|   0|    1|          0|
    |ap_phi_reg_pp0_iter0_empty_71_reg_123      |   8|   0|    8|          0|
    |ap_phi_reg_pp0_iter0_empty_reg_113         |   8|   0|    8|          0|
    |ap_phi_reg_pp0_iter0_phi_ln703_reg_133     |  24|   0|   24|          0|
    |ap_phi_reg_pp0_iter1_phi_ln703_reg_133     |  24|   0|   24|          0|
    |empty_71_reg_123                           |   8|   0|    8|          0|
    |empty_reg_113                              |   8|   0|    8|          0|
    |icmp_ln697_reg_256                         |   1|   0|    1|          0|
    |in_pix_reg_264                             |  24|   0|   24|          0|
    |or_ln702_reg_260                           |   1|   0|    1|          0|
    |x_fu_78                                    |  11|   0|   11|          0|
    +-------------------------------------------+----+----+-----+-----------+
    |Total                                      | 124|   0|  124|          0|
    +-------------------------------------------+----+----+-----+-----------+



================================================================
== Interface
================================================================
* Summary: 
+---------------------------+-----+-----+------------+------------------------------------------------+--------------+
|         RTL Ports         | Dir | Bits|  Protocol  |                  Source Object                 |    C Type    |
+---------------------------+-----+-----+------------+------------------------------------------------+--------------+
|ap_clk                     |   in|    1|  ap_ctrl_hs|  MultiPixStream2Bytes_Pipeline_VITIS_LOOP_697_1|  return value|
|ap_rst                     |   in|    1|  ap_ctrl_hs|  MultiPixStream2Bytes_Pipeline_VITIS_LOOP_697_1|  return value|
|ap_start                   |   in|    1|  ap_ctrl_hs|  MultiPixStream2Bytes_Pipeline_VITIS_LOOP_697_1|  return value|
|ap_done                    |  out|    1|  ap_ctrl_hs|  MultiPixStream2Bytes_Pipeline_VITIS_LOOP_697_1|  return value|
|ap_idle                    |  out|    1|  ap_ctrl_hs|  MultiPixStream2Bytes_Pipeline_VITIS_LOOP_697_1|  return value|
|ap_ready                   |  out|    1|  ap_ctrl_hs|  MultiPixStream2Bytes_Pipeline_VITIS_LOOP_697_1|  return value|
|bytePlanes_din             |  out|   64|     ap_fifo|                                      bytePlanes|       pointer|
|bytePlanes_full_n          |   in|    1|     ap_fifo|                                      bytePlanes|       pointer|
|bytePlanes_write           |  out|    1|     ap_fifo|                                      bytePlanes|       pointer|
|bytePlanes_num_data_valid  |   in|   32|     ap_fifo|                                      bytePlanes|       pointer|
|bytePlanes_fifo_cap        |   in|   32|     ap_fifo|                                      bytePlanes|       pointer|
|img_dout                   |   in|   24|     ap_fifo|                                             img|       pointer|
|img_empty_n                |   in|    1|     ap_fifo|                                             img|       pointer|
|img_read                   |  out|    1|     ap_fifo|                                             img|       pointer|
|img_num_data_valid         |   in|    3|     ap_fifo|                                             img|       pointer|
|img_fifo_cap               |   in|    3|     ap_fifo|                                             img|       pointer|
|trunc_ln681_1              |   in|   11|   ap_stable|                                   trunc_ln681_1|        scalar|
|add_ln702                  |   in|   12|   ap_stable|                                       add_ln702|        scalar|
|rev                        |   in|    1|   ap_stable|                                             rev|        scalar|
|out_pix_1_out_i            |   in|   64|     ap_ovld|                                   out_pix_1_out|       pointer|
|out_pix_1_out_o            |  out|   64|     ap_ovld|                                   out_pix_1_out|       pointer|
|out_pix_1_out_o_ap_vld     |  out|    1|     ap_ovld|                                   out_pix_1_out|       pointer|
+---------------------------+-----+-----+------------+------------------------------------------------+--------------+

