

================================================================
== Vitis HLS Report for 'MultiPixStream2Bytes'
================================================================
* Date:           Thu Mar  5 14:47:30 2026

* Version:        2025.2 (Build 6295257 on Nov 14 2025)
* Project:        prj
* Solution:       sol (Vivado IP Flow Target)
* Product family: zynq
* Target device:  xc7z020-clg400-2


================================================================
== Performance Estimates
================================================================
+ Timing: 
    * Summary: 
    +--------+---------+----------+------------+
    |  Clock |  Target | Estimated| Uncertainty|
    +--------+---------+----------+------------+
    |ap_clk  |  6.67 ns|  4.261 ns|     1.80 ns|
    +--------+---------+----------+------------+

+ Latency: 
    * Summary: 
    +---------+---------+----------+-----------+-----+---------+---------+
    |  Latency (cycles) |  Latency (absolute)  |    Interval   | Pipeline|
    |   min   |   max   |    min   |    max    | min |   max   |   Type  |
    +---------+---------+----------+-----------+-----+---------+---------+
    |        1|  4671001|  6.667 ns|  31.142 ms|    1|  4671001|       no|
    +---------+---------+----------+-----------+-----+---------+---------+

    + Detail: 
        * Instance: 
        +-----------------------------------------------------------+------------------------------------------------+---------+---------+-----------+-----------+-----+-----+-------------------+
        |                                                           |                                                |  Latency (cycles) |   Latency (absolute)  |  Interval |      Pipeline     |
        |                          Instance                         |                     Module                     |   min   |   max   |    min    |    max    | min | max |        Type       |
        +-----------------------------------------------------------+------------------------------------------------+---------+---------+-----------+-----------+-----+-----+-------------------+
        |grp_MultiPixStream2Bytes_Pipeline_VITIS_LOOP_697_1_fu_116  |MultiPixStream2Bytes_Pipeline_VITIS_LOOP_697_1  |        2|     4322|  13.334 ns|  28.815 us|    0|    0|  loop pipeline stp|
        +-----------------------------------------------------------+------------------------------------------------+---------+---------+-----------+-----------+-----+-----+-------------------+

        * Loop: 
        +--------------------+---------+---------+----------+-----------+-----------+-----------+----------+
        |                    |  Latency (cycles) | Iteration|  Initiation Interval  |    Trip   |          |
        |      Loop Name     |   min   |   max   |  Latency |  achieved |   target  |   Count   | Pipelined|
        +--------------------+---------+---------+----------+-----------+-----------+-----------+----------+
        |- loop_RGBX8_YUVX8  |      320|  4671000|  5 ~ 4325|          -|          -|  64 ~ 1080|        no|
        +--------------------+---------+---------+----------+-----------+-----------+-----------+----------+



================================================================
== Utilization Estimates
================================================================
* Summary: 
+-----------------+---------+-----+--------+-------+-----+
|       Name      | BRAM_18K| DSP |   FF   |  LUT  | URAM|
+-----------------+---------+-----+--------+-------+-----+
|DSP              |        -|    -|       -|      -|    -|
|Expression       |        -|    -|       0|     51|    -|
|FIFO             |        -|    -|       -|      -|    -|
|Instance         |        -|    -|     124|    174|    -|
|Memory           |        -|    -|       -|      -|    -|
|Multiplexer      |        -|    -|       0|     57|    -|
|Register         |        -|    -|     134|      -|    -|
+-----------------+---------+-----+--------+-------+-----+
|Total            |        0|    0|     258|    282|    0|
+-----------------+---------+-----+--------+-------+-----+
|Available        |      280|  220|  106400|  53200|    0|
+-----------------+---------+-----+--------+-------+-----+
|Utilization (%)  |        0|    0|      ~0|     ~0|    0|
+-----------------+---------+-----+--------+-------+-----+

+ Detail: 
    * Instance: 
    +-----------------------------------------------------------+------------------------------------------------+---------+----+-----+-----+-----+
    |                          Instance                         |                     Module                     | BRAM_18K| DSP|  FF | LUT | URAM|
    +-----------------------------------------------------------+------------------------------------------------+---------+----+-----+-----+-----+
    |grp_MultiPixStream2Bytes_Pipeline_VITIS_LOOP_697_1_fu_116  |MultiPixStream2Bytes_Pipeline_VITIS_LOOP_697_1  |        0|   0|  124|  174|    0|
    +-----------------------------------------------------------+------------------------------------------------+---------+----+-----+-----+-----+
    |Total                                                      |                                                |        0|   0|  124|  174|    0|
    +-----------------------------------------------------------+------------------------------------------------+---------+----+-----+-----+-----+

    * DSP: 
    N/A

    * Memory: 
    N/A

    * FIFO: 
    N/A

    * Expression: 
    +----------------------+----------+----+---+----+------------+------------+
    |     Variable Name    | Operation| DSP| FF| LUT| Bitwidth P0| Bitwidth P1|
    +----------------------+----------+----+---+----+------------+------------+
    |add_ln681_fu_144_p2   |         +|   0|  0|  14|          14|           3|
    |add_ln702_fu_178_p2   |         +|   0|  0|  12|          12|           2|
    |y_2_fu_202_p2         |         +|   0|  0|  11|          11|           1|
    |icmp_ln693_fu_197_p2  |      icmp|   0|  0|  11|          11|          11|
    |ap_block_state1       |        or|   0|  0|   1|           1|           1|
    |xor_ln685_fu_172_p2   |       xor|   0|  0|   2|           1|           2|
    +----------------------+----------+----+---+----+------------+------------+
    |Total                 |          |   0|  0|  51|          50|          20|
    +----------------------+----------+----+---+----+------------+------------+

    * Multiplexer: 
    +---------------+----+-----------+-----+-----------+
    |      Name     | LUT| Input Size| Bits| Total Bits|
    +---------------+----+-----------+-----+-----------+
    |ap_NS_fsm      |  21|          5|    1|          5|
    |ap_done        |   9|          2|    1|          2|
    |out_pix_fu_90  |   9|          2|   64|        128|
    |real_start     |   9|          2|    1|          2|
    |y_fu_94        |   9|          2|   11|         22|
    +---------------+----+-----------+-----+-----------+
    |Total          |  57|         13|   78|        159|
    +---------------+----+-----------+-----+-----------+

    * Register: 
    +------------------------------------------------------------------------+----+----+-----+-----------+
    |                                  Name                                  | FF | LUT| Bits| Const Bits|
    +------------------------------------------------------------------------+----+----+-----+-----------+
    |Height_val_read_reg_216                                                 |  11|   0|   11|          0|
    |VideoFormat_val_read_reg_212                                            |   6|   0|    6|          0|
    |add_ln702_reg_244                                                       |  12|   0|   12|          0|
    |ap_CS_fsm                                                               |   4|   0|    4|          0|
    |ap_done_reg                                                             |   1|   0|    1|          0|
    |grp_MultiPixStream2Bytes_Pipeline_VITIS_LOOP_697_1_fu_116_ap_start_reg  |   1|   0|    1|          0|
    |out_pix_fu_90                                                           |  64|   0|   64|          0|
    |start_once_reg                                                          |   1|   0|    1|          0|
    |trunc_ln681_1_reg_234                                                   |  11|   0|   11|          0|
    |xor_ln685_reg_239                                                       |   1|   0|    1|          0|
    |y_2_reg_252                                                             |  11|   0|   11|          0|
    |y_fu_94                                                                 |  11|   0|   11|          0|
    +------------------------------------------------------------------------+----+----+-----+-----------+
    |Total                                                                   | 134|   0|  134|          0|
    +------------------------------------------------------------------------+----+----+-----+-----------+



================================================================
== Interface
================================================================
* Summary: 
+---------------------------+-----+-----+------------+----------------------+--------------+
|         RTL Ports         | Dir | Bits|  Protocol  |     Source Object    |    C Type    |
+---------------------------+-----+-----+------------+----------------------+--------------+
|ap_clk                     |   in|    1|  ap_ctrl_hs|  MultiPixStream2Bytes|  return value|
|ap_rst                     |   in|    1|  ap_ctrl_hs|  MultiPixStream2Bytes|  return value|
|ap_start                   |   in|    1|  ap_ctrl_hs|  MultiPixStream2Bytes|  return value|
|start_full_n               |   in|    1|  ap_ctrl_hs|  MultiPixStream2Bytes|  return value|
|ap_done                    |  out|    1|  ap_ctrl_hs|  MultiPixStream2Bytes|  return value|
|ap_continue                |   in|    1|  ap_ctrl_hs|  MultiPixStream2Bytes|  return value|
|ap_idle                    |  out|    1|  ap_ctrl_hs|  MultiPixStream2Bytes|  return value|
|ap_ready                   |  out|    1|  ap_ctrl_hs|  MultiPixStream2Bytes|  return value|
|start_out                  |  out|    1|  ap_ctrl_hs|  MultiPixStream2Bytes|  return value|
|start_write                |  out|    1|  ap_ctrl_hs|  MultiPixStream2Bytes|  return value|
|img_dout                   |   in|   24|     ap_fifo|                   img|       pointer|
|img_empty_n                |   in|    1|     ap_fifo|                   img|       pointer|
|img_read                   |  out|    1|     ap_fifo|                   img|       pointer|
|img_num_data_valid         |   in|    3|     ap_fifo|                   img|       pointer|
|img_fifo_cap               |   in|    3|     ap_fifo|                   img|       pointer|
|bytePlanes_din             |  out|   64|     ap_fifo|            bytePlanes|       pointer|
|bytePlanes_full_n          |   in|    1|     ap_fifo|            bytePlanes|       pointer|
|bytePlanes_write           |  out|    1|     ap_fifo|            bytePlanes|       pointer|
|bytePlanes_num_data_valid  |   in|   32|     ap_fifo|            bytePlanes|       pointer|
|bytePlanes_fifo_cap        |   in|   32|     ap_fifo|            bytePlanes|       pointer|
|Height_val                 |   in|   11|   ap_stable|            Height_val|        scalar|
|WidthInBytes_val           |   in|   14|   ap_stable|      WidthInBytes_val|        scalar|
|VideoFormat_val            |   in|    6|   ap_stable|       VideoFormat_val|        scalar|
+---------------------------+-----+-----+------------+----------------------+--------------+

