

================================================================
== Vitis HLS Report for 'FrmbufRdHlsDataFlow'
================================================================
* Date:           Tue Feb 24 12:52:03 2026

* Version:        2025.2 (Build 6295257 on Nov 14 2025)
* Project:        prj
* Solution:       sol (Vivado IP Flow Target)
* Product family: zynq
* Target device:  xc7z020-clg400-2


================================================================
== Performance Estimates
================================================================
+ Timing: 
    * Summary: 
    +--------+---------+----------+------------+
    |  Clock |  Target | Estimated| Uncertainty|
    +--------+---------+----------+------------+
    |ap_clk  |  6.67 ns|  4.867 ns|     1.80 ns|
    +--------+---------+----------+------------+

+ Latency: 
    * Summary: 
    +---------+---------+-----------+-----------+------+---------+----------+
    |  Latency (cycles) |   Latency (absolute)  |    Interval    | Pipeline |
    |   min   |   max   |    min    |    max    |  min |   max   |   Type   |
    +---------+---------+-----------+-----------+------+---------+----------+
    |     7169|  4152711|  47.796 us|  27.686 ms|  7170|  4152616|  dataflow|
    +---------+---------+-----------+-----------+------+---------+----------+

    + Detail: 
        * Instance: 
        +----------------------------+-------------------------+---------+---------+-----------+-----------+------+---------+---------+
        |                            |                         |  Latency (cycles) |   Latency (absolute)  |    Interval    | Pipeline|
        |          Instance          |          Module         |   min   |   max   |    min    |    max    |  min |   max   |   Type  |
        +----------------------------+-------------------------+---------+---------+-----------+-----------+------+---------+---------+
        |AXIMMvideo2Bytes_U0         |AXIMMvideo2Bytes         |     7169|  1677241|  47.796 us|  11.182 ms|  7169|  1677241|       no|
        |Bytes2MultiPixStream_U0     |Bytes2MultiPixStream     |        1|  4152615|   6.667 ns|  27.685 ms|     1|  4152615|       no|
        |MultiPixStream2AXIvideo_U0  |MultiPixStream2AXIvideo  |        9|  2080089|  60.003 ns|  13.868 ms|     9|  2080089|       no|
        +----------------------------+-------------------------+---------+---------+-----------+-----------+------+---------+---------+

        * Loop: 
        N/A



================================================================
== Utilization Estimates
================================================================
* Summary: 
+-----------------+---------+-----+--------+-------+-----+
|       Name      | BRAM_18K| DSP |   FF   |  LUT  | URAM|
+-----------------+---------+-----+--------+-------+-----+
|DSP              |        -|    -|       -|      -|    -|
|Expression       |        -|    -|       0|      1|    -|
|FIFO             |        4|    -|     261|    150|    -|
|Instance         |        0|    1|     994|   1774|    -|
|Memory           |        -|    -|       -|      -|    -|
|Multiplexer      |        -|    -|       -|      -|    -|
|Register         |        -|    -|       -|      -|    -|
+-----------------+---------+-----+--------+-------+-----+
|Total            |        4|    1|    1255|   1925|    0|
+-----------------+---------+-----+--------+-------+-----+
|Available        |      280|  220|  106400|  53200|    0|
+-----------------+---------+-----+--------+-------+-----+
|Utilization (%)  |        1|   ~0|       1|      3|    0|
+-----------------+---------+-----+--------+-------+-----+

+ Detail: 
    * Instance: 
    +----------------------------+-------------------------+---------+----+-----+-----+-----+
    |          Instance          |          Module         | BRAM_18K| DSP|  FF | LUT | URAM|
    +----------------------------+-------------------------+---------+----+-----+-----+-----+
    |AXIMMvideo2Bytes_U0         |AXIMMvideo2Bytes         |        0|   0|  336|  905|    0|
    |Bytes2MultiPixStream_U0     |Bytes2MultiPixStream     |        0|   1|  467|  516|    0|
    |MultiPixStream2AXIvideo_U0  |MultiPixStream2AXIvideo  |        0|   0|  191|  353|    0|
    +----------------------------+-------------------------+---------+----+-----+-----+-----+
    |Total                       |                         |        0|   1|  994| 1774|    0|
    +----------------------------+-------------------------+---------+----+-----+-----+-----+

    * DSP: 
    N/A

    * Memory: 
    N/A

    * FIFO: 
    +--------------+---------+-----+----+-----+------+-----+---------+
    |     Name     | BRAM_18K|  FF | LUT| URAM| Depth| Bits| Size:D*B|
    +--------------+---------+-----+----+-----+------+-----+---------+
    |bytePlanes_U  |        4|  162|   0|    -|   481|   64|    30784|
    |img_U         |        0|   99|   0|    -|     2|   24|       48|
    +--------------+---------+-----+----+-----+------+-----+---------+
    |Total         |        4|  261|   0|    0|   483|   88|    30832|
    +--------------+---------+-----+----+-----+------+-----+---------+

    * Expression: 
    +--------------+----------+----+---+----+------------+------------+
    | Variable Name| Operation| DSP| FF| LUT| Bitwidth P0| Bitwidth P1|
    +--------------+----------+----+---+----+------------+------------+
    |ap_idle       |       and|   0|  0|   1|           1|           1|
    +--------------+----------+----+---+----+------------+------------+
    |Total         |          |   0|  0|   1|           1|           1|
    +--------------+----------+----+---+----+------------+------------+

    * Multiplexer: 
    N/A

    * Register: 
    N/A



================================================================
== Interface
================================================================
* Summary: 
+---------------------------+-----+-----+------------+-----------------------+--------------+
|         RTL Ports         | Dir | Bits|  Protocol  |     Source Object     |    C Type    |
+---------------------------+-----+-----+------------+-----------------------+--------------+
|m_axis_video_TDATA         |  out|   24|        axis|  m_axis_video_V_data_V|       pointer|
|m_axis_video_TKEEP         |  out|    3|        axis|  m_axis_video_V_keep_V|       pointer|
|m_axis_video_TSTRB         |  out|    3|        axis|  m_axis_video_V_strb_V|       pointer|
|m_axis_video_TUSER         |  out|    1|        axis|  m_axis_video_V_user_V|       pointer|
|m_axis_video_TLAST         |  out|    1|        axis|  m_axis_video_V_last_V|       pointer|
|m_axis_video_TID           |  out|    1|        axis|    m_axis_video_V_id_V|       pointer|
|m_axis_video_TDEST         |  out|    1|        axis|  m_axis_video_V_dest_V|       pointer|
|m_axis_video_TVALID        |  out|    1|        axis|  m_axis_video_V_dest_V|       pointer|
|m_axis_video_TREADY        |   in|    1|        axis|  m_axis_video_V_dest_V|       pointer|
|m_axi_mm_video_0_AWVALID   |  out|    1|       m_axi|               mm_video|       pointer|
|m_axi_mm_video_0_AWREADY   |   in|    1|       m_axi|               mm_video|       pointer|
|m_axi_mm_video_0_AWADDR    |  out|   32|       m_axi|               mm_video|       pointer|
|m_axi_mm_video_0_AWID      |  out|    1|       m_axi|               mm_video|       pointer|
|m_axi_mm_video_0_AWLEN     |  out|   32|       m_axi|               mm_video|       pointer|
|m_axi_mm_video_0_AWSIZE    |  out|    3|       m_axi|               mm_video|       pointer|
|m_axi_mm_video_0_AWBURST   |  out|    2|       m_axi|               mm_video|       pointer|
|m_axi_mm_video_0_AWLOCK    |  out|    2|       m_axi|               mm_video|       pointer|
|m_axi_mm_video_0_AWCACHE   |  out|    4|       m_axi|               mm_video|       pointer|
|m_axi_mm_video_0_AWPROT    |  out|    3|       m_axi|               mm_video|       pointer|
|m_axi_mm_video_0_AWQOS     |  out|    4|       m_axi|               mm_video|       pointer|
|m_axi_mm_video_0_AWREGION  |  out|    4|       m_axi|               mm_video|       pointer|
|m_axi_mm_video_0_AWUSER    |  out|    1|       m_axi|               mm_video|       pointer|
|m_axi_mm_video_0_WVALID    |  out|    1|       m_axi|               mm_video|       pointer|
|m_axi_mm_video_0_WREADY    |   in|    1|       m_axi|               mm_video|       pointer|
|m_axi_mm_video_0_WDATA     |  out|   64|       m_axi|               mm_video|       pointer|
|m_axi_mm_video_0_WSTRB     |  out|    8|       m_axi|               mm_video|       pointer|
|m_axi_mm_video_0_WLAST     |  out|    1|       m_axi|               mm_video|       pointer|
|m_axi_mm_video_0_WID       |  out|    1|       m_axi|               mm_video|       pointer|
|m_axi_mm_video_0_WUSER     |  out|    1|       m_axi|               mm_video|       pointer|
|m_axi_mm_video_0_ARVALID   |  out|    1|       m_axi|               mm_video|       pointer|
|m_axi_mm_video_0_ARREADY   |   in|    1|       m_axi|               mm_video|       pointer|
|m_axi_mm_video_0_ARADDR    |  out|   32|       m_axi|               mm_video|       pointer|
|m_axi_mm_video_0_ARID      |  out|    1|       m_axi|               mm_video|       pointer|
|m_axi_mm_video_0_ARLEN     |  out|   32|       m_axi|               mm_video|       pointer|
|m_axi_mm_video_0_ARSIZE    |  out|    3|       m_axi|               mm_video|       pointer|
|m_axi_mm_video_0_ARBURST   |  out|    2|       m_axi|               mm_video|       pointer|
|m_axi_mm_video_0_ARLOCK    |  out|    2|       m_axi|               mm_video|       pointer|
|m_axi_mm_video_0_ARCACHE   |  out|    4|       m_axi|               mm_video|       pointer|
|m_axi_mm_video_0_ARPROT    |  out|    3|       m_axi|               mm_video|       pointer|
|m_axi_mm_video_0_ARQOS     |  out|    4|       m_axi|               mm_video|       pointer|
|m_axi_mm_video_0_ARREGION  |  out|    4|       m_axi|               mm_video|       pointer|
|m_axi_mm_video_0_ARUSER    |  out|    1|       m_axi|               mm_video|       pointer|
|m_axi_mm_video_0_RVALID    |   in|    1|       m_axi|               mm_video|       pointer|
|m_axi_mm_video_0_RREADY    |  out|    1|       m_axi|               mm_video|       pointer|
|m_axi_mm_video_0_RDATA     |   in|   64|       m_axi|               mm_video|       pointer|
|m_axi_mm_video_0_RLAST     |   in|    1|       m_axi|               mm_video|       pointer|
|m_axi_mm_video_0_RID       |   in|    1|       m_axi|               mm_video|       pointer|
|m_axi_mm_video_0_RFIFONUM  |   in|    7|       m_axi|               mm_video|       pointer|
|m_axi_mm_video_0_RUSER     |   in|    1|       m_axi|               mm_video|       pointer|
|m_axi_mm_video_0_RRESP     |   in|    2|       m_axi|               mm_video|       pointer|
|m_axi_mm_video_0_BVALID    |   in|    1|       m_axi|               mm_video|       pointer|
|m_axi_mm_video_0_BREADY    |  out|    1|       m_axi|               mm_video|       pointer|
|m_axi_mm_video_0_BRESP     |   in|    2|       m_axi|               mm_video|       pointer|
|m_axi_mm_video_0_BID       |   in|    1|       m_axi|               mm_video|       pointer|
|m_axi_mm_video_0_BUSER     |   in|    1|       m_axi|               mm_video|       pointer|
|HwReg_frm_buffer           |   in|   32|     ap_none|       HwReg_frm_buffer|        scalar|
|HwReg_frm_buffer_ap_vld    |   in|    1|     ap_none|       HwReg_frm_buffer|        scalar|
|width_val2                 |   in|   11|     ap_none|             width_val2|        scalar|
|width_val2_ap_vld          |   in|    1|     ap_none|             width_val2|        scalar|
|height_val6                |   in|   11|     ap_none|            height_val6|        scalar|
|height_val6_ap_vld         |   in|    1|     ap_none|            height_val6|        scalar|
|stride_val7                |   in|   16|     ap_none|            stride_val7|        scalar|
|stride_val7_ap_vld         |   in|    1|     ap_none|            stride_val7|        scalar|
|video_format_val8          |   in|    6|     ap_none|      video_format_val8|        scalar|
|video_format_val8_ap_vld   |   in|    1|     ap_none|      video_format_val8|        scalar|
|WidthInBytes_val10         |   in|   14|     ap_none|     WidthInBytes_val10|        scalar|
|WidthInBytes_val10_ap_vld  |   in|    1|     ap_none|     WidthInBytes_val10|        scalar|
|colorFormat_val11          |   in|    3|     ap_none|      colorFormat_val11|        scalar|
|colorFormat_val11_ap_vld   |   in|    1|     ap_none|      colorFormat_val11|        scalar|
|ap_clk                     |   in|    1|  ap_ctrl_hs|    FrmbufRdHlsDataFlow|  return value|
|ap_rst                     |   in|    1|  ap_ctrl_hs|    FrmbufRdHlsDataFlow|  return value|
|ap_start                   |   in|    1|  ap_ctrl_hs|    FrmbufRdHlsDataFlow|  return value|
|ap_done                    |  out|    1|  ap_ctrl_hs|    FrmbufRdHlsDataFlow|  return value|
|ap_ready                   |  out|    1|  ap_ctrl_hs|    FrmbufRdHlsDataFlow|  return value|
|ap_idle                    |  out|    1|  ap_ctrl_hs|    FrmbufRdHlsDataFlow|  return value|
|ap_continue                |   in|    1|  ap_ctrl_hs|    FrmbufRdHlsDataFlow|  return value|
+---------------------------+-----+-----+------------+-----------------------+--------------+

