
*** Running vivado
    with args -log top_design_wrapper.vds -m64 -product Vivado -mode batch -messageDb vivado.pb -notrace -source top_design_wrapper.tcl


****** Vivado v2025.2 (64-bit)
  **** SW Build 6299465 on Fri Nov 14 12:34:56 MST 2025
  **** IP Build 6300035 on Fri Nov 14 10:48:45 MST 2025
  **** SharedData Build 6298862 on Thu Nov 13 04:50:51 MST 2025
  **** Start of session at: Wed Feb  4 13:35:19 2026
    ** Copyright 1986-2022 Xilinx, Inc. All Rights Reserved.
    ** Copyright 2022-2025 Advanced Micro Devices, Inc. All Rights Reserved.

source top_design_wrapper.tcl -notrace
INFO: [IP_Flow 19-234] Refreshing IP repositories
INFO: [IP_Flow 19-1700] Loaded user IP repository '/home/serg/Documents/Xilinx/DigilentLib/vivado-library-master'.
INFO: [IP_Flow 19-2313] Loaded Vivado IP repository '/tools/xilinx/2025.2/data/ip'.
Command: read_checkpoint -auto_incremental -incremental /home/serg/Documents/Xilinx/z700_hdmi/HDMI_FBWR/HDMI_FBWR.srcs/utils_1/imports/synth_1/top_design_wrapper.dcp
INFO: [Vivado 12-5825] Read reference checkpoint from /home/serg/Documents/Xilinx/z700_hdmi/HDMI_FBWR/HDMI_FBWR.srcs/utils_1/imports/synth_1/top_design_wrapper.dcp for incremental synthesis
INFO: [Vivado 12-7989] Please ensure there are no constraint changes
Command: synth_design -top top_design_wrapper -part xc7z020clg400-2
Starting synth_design
Attempting to get a license for feature 'Synthesis' and/or device 'xc7z020'
INFO: [Common 17-349] Got license for feature 'Synthesis' and/or device 'xc7z020'
INFO: [Device 21-403] Loading part xc7z020clg400-2
INFO: [Designutils 20-5440] No compile time benefit to using incremental synthesis; A full resynthesis will be run
INFO: [Designutils 20-4379] Flow is switching to default flow due to incremental criteria not met. If you would like to alter this behaviour and have the flow terminate instead, please set the following parameter config_implementation {autoIncr.Synth.RejectBehavior Terminate}
INFO: [Synth 8-7079] Multithreading enabled for synth_design using a maximum of 7 processes.
INFO: [Synth 8-7078] Launching helper process for spawning children vivado processes
INFO: [Synth 8-7075] Helper process launched with PID 249756
---------------------------------------------------------------------------------
Starting RTL Elaboration : Time (s): cpu = 00:00:02 ; elapsed = 00:00:03 . Memory (MB): peak = 2320.637 ; gain = 484.531 ; free physical = 13256 ; free virtual = 28134
---------------------------------------------------------------------------------
INFO: [Synth 8-6157] synthesizing module 'top_design_wrapper' [/home/serg/Documents/Xilinx/z700_hdmi/HDMI_FBWR/HDMI_FBWR.gen/sources_1/bd/top_design/hdl/top_design_wrapper.v:13]
INFO: [Synth 8-6157] synthesizing module 'top_design' [/home/serg/Documents/Xilinx/z700_hdmi/HDMI_FBWR/HDMI_FBWR.gen/sources_1/bd/top_design/synth/top_design.v:13]
INFO: [Synth 8-6157] synthesizing module 'top_design_axi_dynclk_0_0' [/home/serg/Documents/Xilinx/z700_hdmi/HDMI_FBWR/HDMI_FBWR.runs/synth_1/.Xil/Vivado-249618-serg/realtime/top_design_axi_dynclk_0_0_stub.v:6]
INFO: [Synth 8-6155] done synthesizing module 'top_design_axi_dynclk_0_0' (0#1) [/home/serg/Documents/Xilinx/z700_hdmi/HDMI_FBWR/HDMI_FBWR.runs/synth_1/.Xil/Vivado-249618-serg/realtime/top_design_axi_dynclk_0_0_stub.v:6]
INFO: [Synth 8-6157] synthesizing module 'top_design_axi_smc_1' [/home/serg/Documents/Xilinx/z700_hdmi/HDMI_FBWR/HDMI_FBWR.runs/synth_1/.Xil/Vivado-249618-serg/realtime/top_design_axi_smc_1_stub.v:6]
INFO: [Synth 8-6155] done synthesizing module 'top_design_axi_smc_1' (0#1) [/home/serg/Documents/Xilinx/z700_hdmi/HDMI_FBWR/HDMI_FBWR.runs/synth_1/.Xil/Vivado-249618-serg/realtime/top_design_axi_smc_1_stub.v:6]
WARNING: [Synth 8-7071] port 'M00_AXI_awprot' of module 'top_design_axi_smc_1' is unconnected for instance 'axi_smc' [/home/serg/Documents/Xilinx/z700_hdmi/HDMI_FBWR/HDMI_FBWR.gen/sources_1/bd/top_design/synth/top_design.v:326]
WARNING: [Synth 8-7071] port 'M00_AXI_arprot' of module 'top_design_axi_smc_1' is unconnected for instance 'axi_smc' [/home/serg/Documents/Xilinx/z700_hdmi/HDMI_FBWR/HDMI_FBWR.gen/sources_1/bd/top_design/synth/top_design.v:326]
WARNING: [Synth 8-7071] port 'M02_AXI_awprot' of module 'top_design_axi_smc_1' is unconnected for instance 'axi_smc' [/home/serg/Documents/Xilinx/z700_hdmi/HDMI_FBWR/HDMI_FBWR.gen/sources_1/bd/top_design/synth/top_design.v:326]
WARNING: [Synth 8-7071] port 'M02_AXI_arprot' of module 'top_design_axi_smc_1' is unconnected for instance 'axi_smc' [/home/serg/Documents/Xilinx/z700_hdmi/HDMI_FBWR/HDMI_FBWR.gen/sources_1/bd/top_design/synth/top_design.v:326]
WARNING: [Synth 8-7071] port 'M03_AXI_awprot' of module 'top_design_axi_smc_1' is unconnected for instance 'axi_smc' [/home/serg/Documents/Xilinx/z700_hdmi/HDMI_FBWR/HDMI_FBWR.gen/sources_1/bd/top_design/synth/top_design.v:326]
WARNING: [Synth 8-7071] port 'M03_AXI_arprot' of module 'top_design_axi_smc_1' is unconnected for instance 'axi_smc' [/home/serg/Documents/Xilinx/z700_hdmi/HDMI_FBWR/HDMI_FBWR.gen/sources_1/bd/top_design/synth/top_design.v:326]
WARNING: [Synth 8-7023] instance 'axi_smc' of module 'top_design_axi_smc_1' has 117 connections declared, but only 111 given [/home/serg/Documents/Xilinx/z700_hdmi/HDMI_FBWR/HDMI_FBWR.gen/sources_1/bd/top_design/synth/top_design.v:326]
INFO: [Synth 8-6157] synthesizing module 'top_design_processing_system7_0_0' [/home/serg/Documents/Xilinx/z700_hdmi/HDMI_FBWR/HDMI_FBWR.runs/synth_1/.Xil/Vivado-249618-serg/realtime/top_design_processing_system7_0_0_stub.v:6]
INFO: [Synth 8-6155] done synthesizing module 'top_design_processing_system7_0_0' (0#1) [/home/serg/Documents/Xilinx/z700_hdmi/HDMI_FBWR/HDMI_FBWR.runs/synth_1/.Xil/Vivado-249618-serg/realtime/top_design_processing_system7_0_0_stub.v:6]
WARNING: [Synth 8-7071] port 'TTC0_WAVE0_OUT' of module 'top_design_processing_system7_0_0' is unconnected for instance 'processing_system7_0' [/home/serg/Documents/Xilinx/z700_hdmi/HDMI_FBWR/HDMI_FBWR.gen/sources_1/bd/top_design/synth/top_design.v:440]
WARNING: [Synth 8-7071] port 'TTC0_WAVE1_OUT' of module 'top_design_processing_system7_0_0' is unconnected for instance 'processing_system7_0' [/home/serg/Documents/Xilinx/z700_hdmi/HDMI_FBWR/HDMI_FBWR.gen/sources_1/bd/top_design/synth/top_design.v:440]
WARNING: [Synth 8-7071] port 'TTC0_WAVE2_OUT' of module 'top_design_processing_system7_0_0' is unconnected for instance 'processing_system7_0' [/home/serg/Documents/Xilinx/z700_hdmi/HDMI_FBWR/HDMI_FBWR.gen/sources_1/bd/top_design/synth/top_design.v:440]
WARNING: [Synth 8-7071] port 'TTC1_WAVE0_OUT' of module 'top_design_processing_system7_0_0' is unconnected for instance 'processing_system7_0' [/home/serg/Documents/Xilinx/z700_hdmi/HDMI_FBWR/HDMI_FBWR.gen/sources_1/bd/top_design/synth/top_design.v:440]
WARNING: [Synth 8-7071] port 'TTC1_WAVE1_OUT' of module 'top_design_processing_system7_0_0' is unconnected for instance 'processing_system7_0' [/home/serg/Documents/Xilinx/z700_hdmi/HDMI_FBWR/HDMI_FBWR.gen/sources_1/bd/top_design/synth/top_design.v:440]
WARNING: [Synth 8-7071] port 'TTC1_WAVE2_OUT' of module 'top_design_processing_system7_0_0' is unconnected for instance 'processing_system7_0' [/home/serg/Documents/Xilinx/z700_hdmi/HDMI_FBWR/HDMI_FBWR.gen/sources_1/bd/top_design/synth/top_design.v:440]
WARNING: [Synth 8-7071] port 'S_AXI_HP0_BID' of module 'top_design_processing_system7_0_0' is unconnected for instance 'processing_system7_0' [/home/serg/Documents/Xilinx/z700_hdmi/HDMI_FBWR/HDMI_FBWR.gen/sources_1/bd/top_design/synth/top_design.v:440]
WARNING: [Synth 8-7071] port 'S_AXI_HP0_RID' of module 'top_design_processing_system7_0_0' is unconnected for instance 'processing_system7_0' [/home/serg/Documents/Xilinx/z700_hdmi/HDMI_FBWR/HDMI_FBWR.gen/sources_1/bd/top_design/synth/top_design.v:440]
WARNING: [Synth 8-7071] port 'S_AXI_HP0_RCOUNT' of module 'top_design_processing_system7_0_0' is unconnected for instance 'processing_system7_0' [/home/serg/Documents/Xilinx/z700_hdmi/HDMI_FBWR/HDMI_FBWR.gen/sources_1/bd/top_design/synth/top_design.v:440]
WARNING: [Synth 8-7071] port 'S_AXI_HP0_WCOUNT' of module 'top_design_processing_system7_0_0' is unconnected for instance 'processing_system7_0' [/home/serg/Documents/Xilinx/z700_hdmi/HDMI_FBWR/HDMI_FBWR.gen/sources_1/bd/top_design/synth/top_design.v:440]
WARNING: [Synth 8-7071] port 'S_AXI_HP0_RACOUNT' of module 'top_design_processing_system7_0_0' is unconnected for instance 'processing_system7_0' [/home/serg/Documents/Xilinx/z700_hdmi/HDMI_FBWR/HDMI_FBWR.gen/sources_1/bd/top_design/synth/top_design.v:440]
WARNING: [Synth 8-7071] port 'S_AXI_HP0_WACOUNT' of module 'top_design_processing_system7_0_0' is unconnected for instance 'processing_system7_0' [/home/serg/Documents/Xilinx/z700_hdmi/HDMI_FBWR/HDMI_FBWR.gen/sources_1/bd/top_design/synth/top_design.v:440]
WARNING: [Synth 8-7023] instance 'processing_system7_0' of module 'top_design_processing_system7_0_0' has 115 connections declared, but only 103 given [/home/serg/Documents/Xilinx/z700_hdmi/HDMI_FBWR/HDMI_FBWR.gen/sources_1/bd/top_design/synth/top_design.v:440]
INFO: [Synth 8-6157] synthesizing module 'top_design_rgb2dvi_0_0' [/home/serg/Documents/Xilinx/z700_hdmi/HDMI_FBWR/HDMI_FBWR.runs/synth_1/.Xil/Vivado-249618-serg/realtime/top_design_rgb2dvi_0_0_stub.v:6]
INFO: [Synth 8-6155] done synthesizing module 'top_design_rgb2dvi_0_0' (0#1) [/home/serg/Documents/Xilinx/z700_hdmi/HDMI_FBWR/HDMI_FBWR.runs/synth_1/.Xil/Vivado-249618-serg/realtime/top_design_rgb2dvi_0_0_stub.v:6]
INFO: [Synth 8-6157] synthesizing module 'top_design_rst_ps7_0_148M_2' [/home/serg/Documents/Xilinx/z700_hdmi/HDMI_FBWR/HDMI_FBWR.runs/synth_1/.Xil/Vivado-249618-serg/realtime/top_design_rst_ps7_0_148M_2_stub.v:6]
INFO: [Synth 8-6155] done synthesizing module 'top_design_rst_ps7_0_148M_2' (0#1) [/home/serg/Documents/Xilinx/z700_hdmi/HDMI_FBWR/HDMI_FBWR.runs/synth_1/.Xil/Vivado-249618-serg/realtime/top_design_rst_ps7_0_148M_2_stub.v:6]
WARNING: [Synth 8-7071] port 'mb_reset' of module 'top_design_rst_ps7_0_148M_2' is unconnected for instance 'rst_ps7_0_100M' [/home/serg/Documents/Xilinx/z700_hdmi/HDMI_FBWR/HDMI_FBWR.gen/sources_1/bd/top_design/synth/top_design.v:556]
WARNING: [Synth 8-7071] port 'bus_struct_reset' of module 'top_design_rst_ps7_0_148M_2' is unconnected for instance 'rst_ps7_0_100M' [/home/serg/Documents/Xilinx/z700_hdmi/HDMI_FBWR/HDMI_FBWR.gen/sources_1/bd/top_design/synth/top_design.v:556]
WARNING: [Synth 8-7071] port 'peripheral_reset' of module 'top_design_rst_ps7_0_148M_2' is unconnected for instance 'rst_ps7_0_100M' [/home/serg/Documents/Xilinx/z700_hdmi/HDMI_FBWR/HDMI_FBWR.gen/sources_1/bd/top_design/synth/top_design.v:556]
WARNING: [Synth 8-7071] port 'interconnect_aresetn' of module 'top_design_rst_ps7_0_148M_2' is unconnected for instance 'rst_ps7_0_100M' [/home/serg/Documents/Xilinx/z700_hdmi/HDMI_FBWR/HDMI_FBWR.gen/sources_1/bd/top_design/synth/top_design.v:556]
WARNING: [Synth 8-7023] instance 'rst_ps7_0_100M' of module 'top_design_rst_ps7_0_148M_2' has 10 connections declared, but only 6 given [/home/serg/Documents/Xilinx/z700_hdmi/HDMI_FBWR/HDMI_FBWR.gen/sources_1/bd/top_design/synth/top_design.v:556]
INFO: [Synth 8-6157] synthesizing module 'top_design_rst_ps7_0_148M_1' [/home/serg/Documents/Xilinx/z700_hdmi/HDMI_FBWR/HDMI_FBWR.runs/synth_1/.Xil/Vivado-249618-serg/realtime/top_design_rst_ps7_0_148M_1_stub.v:6]
INFO: [Synth 8-6155] done synthesizing module 'top_design_rst_ps7_0_148M_1' (0#1) [/home/serg/Documents/Xilinx/z700_hdmi/HDMI_FBWR/HDMI_FBWR.runs/synth_1/.Xil/Vivado-249618-serg/realtime/top_design_rst_ps7_0_148M_1_stub.v:6]
WARNING: [Synth 8-7071] port 'mb_reset' of module 'top_design_rst_ps7_0_148M_1' is unconnected for instance 'rst_ps7_0_150M' [/home/serg/Documents/Xilinx/z700_hdmi/HDMI_FBWR/HDMI_FBWR.gen/sources_1/bd/top_design/synth/top_design.v:563]
WARNING: [Synth 8-7071] port 'bus_struct_reset' of module 'top_design_rst_ps7_0_148M_1' is unconnected for instance 'rst_ps7_0_150M' [/home/serg/Documents/Xilinx/z700_hdmi/HDMI_FBWR/HDMI_FBWR.gen/sources_1/bd/top_design/synth/top_design.v:563]
WARNING: [Synth 8-7071] port 'peripheral_reset' of module 'top_design_rst_ps7_0_148M_1' is unconnected for instance 'rst_ps7_0_150M' [/home/serg/Documents/Xilinx/z700_hdmi/HDMI_FBWR/HDMI_FBWR.gen/sources_1/bd/top_design/synth/top_design.v:563]
WARNING: [Synth 8-7071] port 'interconnect_aresetn' of module 'top_design_rst_ps7_0_148M_1' is unconnected for instance 'rst_ps7_0_150M' [/home/serg/Documents/Xilinx/z700_hdmi/HDMI_FBWR/HDMI_FBWR.gen/sources_1/bd/top_design/synth/top_design.v:563]
WARNING: [Synth 8-7023] instance 'rst_ps7_0_150M' of module 'top_design_rst_ps7_0_148M_1' has 10 connections declared, but only 6 given [/home/serg/Documents/Xilinx/z700_hdmi/HDMI_FBWR/HDMI_FBWR.gen/sources_1/bd/top_design/synth/top_design.v:563]
INFO: [Synth 8-6157] synthesizing module 'top_design_smartconnect_0_0' [/home/serg/Documents/Xilinx/z700_hdmi/HDMI_FBWR/HDMI_FBWR.runs/synth_1/.Xil/Vivado-249618-serg/realtime/top_design_smartconnect_0_0_stub.v:6]
INFO: [Synth 8-6155] done synthesizing module 'top_design_smartconnect_0_0' (0#1) [/home/serg/Documents/Xilinx/z700_hdmi/HDMI_FBWR/HDMI_FBWR.runs/synth_1/.Xil/Vivado-249618-serg/realtime/top_design_smartconnect_0_0_stub.v:6]
WARNING: [Synth 8-4446] all outputs are unconnected for this instance and logic may be removed [/home/serg/Documents/Xilinx/z700_hdmi/HDMI_FBWR/HDMI_FBWR.gen/sources_1/bd/top_design/synth/top_design.v:639]
INFO: [Synth 8-6157] synthesizing module 'top_design_system_ila_0_0' [/home/serg/Documents/Xilinx/z700_hdmi/HDMI_FBWR/HDMI_FBWR.runs/synth_1/.Xil/Vivado-249618-serg/realtime/top_design_system_ila_0_0_stub.v:6]
INFO: [Synth 8-6155] done synthesizing module 'top_design_system_ila_0_0' (0#1) [/home/serg/Documents/Xilinx/z700_hdmi/HDMI_FBWR/HDMI_FBWR.runs/synth_1/.Xil/Vivado-249618-serg/realtime/top_design_system_ila_0_0_stub.v:6]
INFO: [Synth 8-6157] synthesizing module 'top_design_v_axi4s_vid_out_0_1' [/home/serg/Documents/Xilinx/z700_hdmi/HDMI_FBWR/HDMI_FBWR.runs/synth_1/.Xil/Vivado-249618-serg/realtime/top_design_v_axi4s_vid_out_0_1_stub.v:6]
INFO: [Synth 8-6155] done synthesizing module 'top_design_v_axi4s_vid_out_0_1' (0#1) [/home/serg/Documents/Xilinx/z700_hdmi/HDMI_FBWR/HDMI_FBWR.runs/synth_1/.Xil/Vivado-249618-serg/realtime/top_design_v_axi4s_vid_out_0_1_stub.v:6]
WARNING: [Synth 8-7071] port 'vid_vblank' of module 'top_design_v_axi4s_vid_out_0_1' is unconnected for instance 'v_axi4s_vid_out_0' [/home/serg/Documents/Xilinx/z700_hdmi/HDMI_FBWR/HDMI_FBWR.gen/sources_1/bd/top_design/synth/top_design.v:655]
WARNING: [Synth 8-7071] port 'vid_hblank' of module 'top_design_v_axi4s_vid_out_0_1' is unconnected for instance 'v_axi4s_vid_out_0' [/home/serg/Documents/Xilinx/z700_hdmi/HDMI_FBWR/HDMI_FBWR.gen/sources_1/bd/top_design/synth/top_design.v:655]
WARNING: [Synth 8-7071] port 'vid_field_id' of module 'top_design_v_axi4s_vid_out_0_1' is unconnected for instance 'v_axi4s_vid_out_0' [/home/serg/Documents/Xilinx/z700_hdmi/HDMI_FBWR/HDMI_FBWR.gen/sources_1/bd/top_design/synth/top_design.v:655]
WARNING: [Synth 8-7071] port 'locked' of module 'top_design_v_axi4s_vid_out_0_1' is unconnected for instance 'v_axi4s_vid_out_0' [/home/serg/Documents/Xilinx/z700_hdmi/HDMI_FBWR/HDMI_FBWR.gen/sources_1/bd/top_design/synth/top_design.v:655]
WARNING: [Synth 8-7071] port 'overflow' of module 'top_design_v_axi4s_vid_out_0_1' is unconnected for instance 'v_axi4s_vid_out_0' [/home/serg/Documents/Xilinx/z700_hdmi/HDMI_FBWR/HDMI_FBWR.gen/sources_1/bd/top_design/synth/top_design.v:655]
WARNING: [Synth 8-7071] port 'underflow' of module 'top_design_v_axi4s_vid_out_0_1' is unconnected for instance 'v_axi4s_vid_out_0' [/home/serg/Documents/Xilinx/z700_hdmi/HDMI_FBWR/HDMI_FBWR.gen/sources_1/bd/top_design/synth/top_design.v:655]
WARNING: [Synth 8-7071] port 'fifo_read_level' of module 'top_design_v_axi4s_vid_out_0_1' is unconnected for instance 'v_axi4s_vid_out_0' [/home/serg/Documents/Xilinx/z700_hdmi/HDMI_FBWR/HDMI_FBWR.gen/sources_1/bd/top_design/synth/top_design.v:655]
WARNING: [Synth 8-7071] port 'status' of module 'top_design_v_axi4s_vid_out_0_1' is unconnected for instance 'v_axi4s_vid_out_0' [/home/serg/Documents/Xilinx/z700_hdmi/HDMI_FBWR/HDMI_FBWR.gen/sources_1/bd/top_design/synth/top_design.v:655]
WARNING: [Synth 8-7023] instance 'v_axi4s_vid_out_0' of module 'top_design_v_axi4s_vid_out_0_1' has 32 connections declared, but only 24 given [/home/serg/Documents/Xilinx/z700_hdmi/HDMI_FBWR/HDMI_FBWR.gen/sources_1/bd/top_design/synth/top_design.v:655]
INFO: [Synth 8-6157] synthesizing module 'top_design_v_frmbuf_wr_0_0' [/home/serg/Documents/Xilinx/z700_hdmi/HDMI_FBWR/HDMI_FBWR.runs/synth_1/.Xil/Vivado-249618-serg/realtime/top_design_v_frmbuf_wr_0_0_stub.v:6]
INFO: [Synth 8-6155] done synthesizing module 'top_design_v_frmbuf_wr_0_0' (0#1) [/home/serg/Documents/Xilinx/z700_hdmi/HDMI_FBWR/HDMI_FBWR.runs/synth_1/.Xil/Vivado-249618-serg/realtime/top_design_v_frmbuf_wr_0_0_stub.v:6]
WARNING: [Synth 8-7071] port 'm_axi_mm_video_AWREGION' of module 'top_design_v_frmbuf_wr_0_0' is unconnected for instance 'v_frmbuf_wr_0' [/home/serg/Documents/Xilinx/z700_hdmi/HDMI_FBWR/HDMI_FBWR.gen/sources_1/bd/top_design/synth/top_design.v:680]
WARNING: [Synth 8-7071] port 'm_axi_mm_video_ARREGION' of module 'top_design_v_frmbuf_wr_0_0' is unconnected for instance 'v_frmbuf_wr_0' [/home/serg/Documents/Xilinx/z700_hdmi/HDMI_FBWR/HDMI_FBWR.gen/sources_1/bd/top_design/synth/top_design.v:680]
WARNING: [Synth 8-7023] instance 'v_frmbuf_wr_0' of module 'top_design_v_frmbuf_wr_0_0' has 64 connections declared, but only 62 given [/home/serg/Documents/Xilinx/z700_hdmi/HDMI_FBWR/HDMI_FBWR.gen/sources_1/bd/top_design/synth/top_design.v:680]
INFO: [Synth 8-6157] synthesizing module 'top_design_v_tc_0_1' [/home/serg/Documents/Xilinx/z700_hdmi/HDMI_FBWR/HDMI_FBWR.runs/synth_1/.Xil/Vivado-249618-serg/realtime/top_design_v_tc_0_1_stub.v:6]
INFO: [Synth 8-6155] done synthesizing module 'top_design_v_tc_0_1' (0#1) [/home/serg/Documents/Xilinx/z700_hdmi/HDMI_FBWR/HDMI_FBWR.runs/synth_1/.Xil/Vivado-249618-serg/realtime/top_design_v_tc_0_1_stub.v:6]
WARNING: [Synth 8-7071] port 'irq' of module 'top_design_v_tc_0_1' is unconnected for instance 'v_tc_0' [/home/serg/Documents/Xilinx/z700_hdmi/HDMI_FBWR/HDMI_FBWR.gen/sources_1/bd/top_design/synth/top_design.v:743]
WARNING: [Synth 8-7071] port 'fsync_out' of module 'top_design_v_tc_0_1' is unconnected for instance 'v_tc_0' [/home/serg/Documents/Xilinx/z700_hdmi/HDMI_FBWR/HDMI_FBWR.gen/sources_1/bd/top_design/synth/top_design.v:743]
WARNING: [Synth 8-7023] instance 'v_tc_0' of module 'top_design_v_tc_0_1' has 33 connections declared, but only 31 given [/home/serg/Documents/Xilinx/z700_hdmi/HDMI_FBWR/HDMI_FBWR.gen/sources_1/bd/top_design/synth/top_design.v:743]
INFO: [Synth 8-6157] synthesizing module 'top_design_v_tpg_0_1' [/home/serg/Documents/Xilinx/z700_hdmi/HDMI_FBWR/HDMI_FBWR.runs/synth_1/.Xil/Vivado-249618-serg/realtime/top_design_v_tpg_0_1_stub.v:6]
INFO: [Synth 8-6155] done synthesizing module 'top_design_v_tpg_0_1' (0#1) [/home/serg/Documents/Xilinx/z700_hdmi/HDMI_FBWR/HDMI_FBWR.runs/synth_1/.Xil/Vivado-249618-serg/realtime/top_design_v_tpg_0_1_stub.v:6]
WARNING: [Synth 8-7071] port 'fid' of module 'top_design_v_tpg_0_1' is unconnected for instance 'v_tpg_0' [/home/serg/Documents/Xilinx/z700_hdmi/HDMI_FBWR/HDMI_FBWR.gen/sources_1/bd/top_design/synth/top_design.v:775]
WARNING: [Synth 8-7071] port 'interrupt' of module 'top_design_v_tpg_0_1' is unconnected for instance 'v_tpg_0' [/home/serg/Documents/Xilinx/z700_hdmi/HDMI_FBWR/HDMI_FBWR.gen/sources_1/bd/top_design/synth/top_design.v:775]
WARNING: [Synth 8-7023] instance 'v_tpg_0' of module 'top_design_v_tpg_0_1' has 31 connections declared, but only 29 given [/home/serg/Documents/Xilinx/z700_hdmi/HDMI_FBWR/HDMI_FBWR.gen/sources_1/bd/top_design/synth/top_design.v:775]
INFO: [Synth 8-6155] done synthesizing module 'top_design' (0#1) [/home/serg/Documents/Xilinx/z700_hdmi/HDMI_FBWR/HDMI_FBWR.gen/sources_1/bd/top_design/synth/top_design.v:13]
INFO: [Synth 8-6155] done synthesizing module 'top_design_wrapper' (0#1) [/home/serg/Documents/Xilinx/z700_hdmi/HDMI_FBWR/HDMI_FBWR.gen/sources_1/bd/top_design/hdl/top_design_wrapper.v:13]
---------------------------------------------------------------------------------
Finished RTL Elaboration : Time (s): cpu = 00:00:03 ; elapsed = 00:00:04 . Memory (MB): peak = 2424.574 ; gain = 588.469 ; free physical = 13146 ; free virtual = 28025
---------------------------------------------------------------------------------
---------------------------------------------------------------------------------
Start Handling Custom Attributes
---------------------------------------------------------------------------------
---------------------------------------------------------------------------------
Finished Handling Custom Attributes : Time (s): cpu = 00:00:03 ; elapsed = 00:00:04 . Memory (MB): peak = 2424.574 ; gain = 588.469 ; free physical = 13146 ; free virtual = 28025
---------------------------------------------------------------------------------
---------------------------------------------------------------------------------
Finished RTL Optimization Phase 1 : Time (s): cpu = 00:00:03 ; elapsed = 00:00:04 . Memory (MB): peak = 2424.574 ; gain = 588.469 ; free physical = 13146 ; free virtual = 28025
---------------------------------------------------------------------------------
Netlist sorting complete. Time (s): cpu = 00:00:00.01 ; elapsed = 00:00:00 . Memory (MB): peak = 2424.574 ; gain = 0.000 ; free physical = 13146 ; free virtual = 28025
INFO: [Project 1-570] Preparing netlist for logic optimization

Processing XDC Constraints
Initializing timing engine
Parsing XDC File [/home/serg/Documents/Xilinx/z700_hdmi/HDMI_FBWR/HDMI_FBWR.gen/sources_1/bd/top_design/ip/top_design_processing_system7_0_0/top_design_processing_system7_0_0/top_design_processing_system7_0_0_in_context.xdc] for cell 'top_design_i/processing_system7_0'
Finished Parsing XDC File [/home/serg/Documents/Xilinx/z700_hdmi/HDMI_FBWR/HDMI_FBWR.gen/sources_1/bd/top_design/ip/top_design_processing_system7_0_0/top_design_processing_system7_0_0/top_design_processing_system7_0_0_in_context.xdc] for cell 'top_design_i/processing_system7_0'
Parsing XDC File [/home/serg/Documents/Xilinx/z700_hdmi/HDMI_FBWR/HDMI_FBWR.gen/sources_1/bd/top_design/ip/top_design_v_tpg_0_1/top_design_v_tpg_0_1/top_design_v_tpg_0_1_in_context.xdc] for cell 'top_design_i/v_tpg_0'
Finished Parsing XDC File [/home/serg/Documents/Xilinx/z700_hdmi/HDMI_FBWR/HDMI_FBWR.gen/sources_1/bd/top_design/ip/top_design_v_tpg_0_1/top_design_v_tpg_0_1/top_design_v_tpg_0_1_in_context.xdc] for cell 'top_design_i/v_tpg_0'
Parsing XDC File [/home/serg/Documents/Xilinx/z700_hdmi/HDMI_FBWR/HDMI_FBWR.gen/sources_1/bd/top_design/ip/top_design_axi_smc_1/top_design_axi_smc_1/top_design_axi_smc_1_in_context.xdc] for cell 'top_design_i/axi_smc'
Finished Parsing XDC File [/home/serg/Documents/Xilinx/z700_hdmi/HDMI_FBWR/HDMI_FBWR.gen/sources_1/bd/top_design/ip/top_design_axi_smc_1/top_design_axi_smc_1/top_design_axi_smc_1_in_context.xdc] for cell 'top_design_i/axi_smc'
Parsing XDC File [/home/serg/Documents/Xilinx/z700_hdmi/HDMI_FBWR/HDMI_FBWR.gen/sources_1/bd/top_design/ip/top_design_rst_ps7_0_148M_1/top_design_rst_ps7_0_148M_1/top_design_rst_ps7_0_148M_1_in_context.xdc] for cell 'top_design_i/rst_ps7_0_150M'
Finished Parsing XDC File [/home/serg/Documents/Xilinx/z700_hdmi/HDMI_FBWR/HDMI_FBWR.gen/sources_1/bd/top_design/ip/top_design_rst_ps7_0_148M_1/top_design_rst_ps7_0_148M_1/top_design_rst_ps7_0_148M_1_in_context.xdc] for cell 'top_design_i/rst_ps7_0_150M'
Parsing XDC File [/home/serg/Documents/Xilinx/z700_hdmi/HDMI_FBWR/HDMI_FBWR.gen/sources_1/bd/top_design/ip/top_design_v_axi4s_vid_out_0_1/top_design_v_axi4s_vid_out_0_1/top_design_v_axi4s_vid_out_0_1_in_context.xdc] for cell 'top_design_i/v_axi4s_vid_out_0'
Finished Parsing XDC File [/home/serg/Documents/Xilinx/z700_hdmi/HDMI_FBWR/HDMI_FBWR.gen/sources_1/bd/top_design/ip/top_design_v_axi4s_vid_out_0_1/top_design_v_axi4s_vid_out_0_1/top_design_v_axi4s_vid_out_0_1_in_context.xdc] for cell 'top_design_i/v_axi4s_vid_out_0'
Parsing XDC File [/home/serg/Documents/Xilinx/z700_hdmi/HDMI_FBWR/HDMI_FBWR.gen/sources_1/bd/top_design/ip/top_design_v_tc_0_1/top_design_v_tc_0_1/top_design_v_tc_0_1_in_context.xdc] for cell 'top_design_i/v_tc_0'
Finished Parsing XDC File [/home/serg/Documents/Xilinx/z700_hdmi/HDMI_FBWR/HDMI_FBWR.gen/sources_1/bd/top_design/ip/top_design_v_tc_0_1/top_design_v_tc_0_1/top_design_v_tc_0_1_in_context.xdc] for cell 'top_design_i/v_tc_0'
Parsing XDC File [/home/serg/Documents/Xilinx/z700_hdmi/HDMI_FBWR/HDMI_FBWR.gen/sources_1/bd/top_design/ip/top_design_rgb2dvi_0_0/top_design_rgb2dvi_0_0/top_design_rgb2dvi_0_0_in_context.xdc] for cell 'top_design_i/rgb2dvi_0'
Finished Parsing XDC File [/home/serg/Documents/Xilinx/z700_hdmi/HDMI_FBWR/HDMI_FBWR.gen/sources_1/bd/top_design/ip/top_design_rgb2dvi_0_0/top_design_rgb2dvi_0_0/top_design_rgb2dvi_0_0_in_context.xdc] for cell 'top_design_i/rgb2dvi_0'
Parsing XDC File [/home/serg/Documents/Xilinx/z700_hdmi/HDMI_FBWR/HDMI_FBWR.gen/sources_1/bd/top_design/ip/top_design_axi_dynclk_0_0/top_design_axi_dynclk_0_0/top_design_axi_dynclk_0_0_in_context.xdc] for cell 'top_design_i/axi_dynclk_0'
Finished Parsing XDC File [/home/serg/Documents/Xilinx/z700_hdmi/HDMI_FBWR/HDMI_FBWR.gen/sources_1/bd/top_design/ip/top_design_axi_dynclk_0_0/top_design_axi_dynclk_0_0/top_design_axi_dynclk_0_0_in_context.xdc] for cell 'top_design_i/axi_dynclk_0'
Parsing XDC File [/home/serg/Documents/Xilinx/z700_hdmi/HDMI_FBWR/HDMI_FBWR.gen/sources_1/bd/top_design/ip/top_design_rst_ps7_0_148M_2/top_design_rst_ps7_0_148M_2/top_design_rst_ps7_0_148M_2_in_context.xdc] for cell 'top_design_i/rst_ps7_0_100M'
Finished Parsing XDC File [/home/serg/Documents/Xilinx/z700_hdmi/HDMI_FBWR/HDMI_FBWR.gen/sources_1/bd/top_design/ip/top_design_rst_ps7_0_148M_2/top_design_rst_ps7_0_148M_2/top_design_rst_ps7_0_148M_2_in_context.xdc] for cell 'top_design_i/rst_ps7_0_100M'
Parsing XDC File [/home/serg/Documents/Xilinx/z700_hdmi/HDMI_FBWR/HDMI_FBWR.gen/sources_1/bd/top_design/ip/top_design_system_ila_0_0/top_design_system_ila_0_0/top_design_system_ila_0_0_in_context.xdc] for cell 'top_design_i/system_ila_0'
Finished Parsing XDC File [/home/serg/Documents/Xilinx/z700_hdmi/HDMI_FBWR/HDMI_FBWR.gen/sources_1/bd/top_design/ip/top_design_system_ila_0_0/top_design_system_ila_0_0/top_design_system_ila_0_0_in_context.xdc] for cell 'top_design_i/system_ila_0'
Parsing XDC File [/home/serg/Documents/Xilinx/z700_hdmi/HDMI_FBWR/HDMI_FBWR.gen/sources_1/bd/top_design/ip/top_design_v_frmbuf_wr_0_0/top_design_v_frmbuf_wr_0_0/top_design_v_frmbuf_wr_0_0_in_context.xdc] for cell 'top_design_i/v_frmbuf_wr_0'
Finished Parsing XDC File [/home/serg/Documents/Xilinx/z700_hdmi/HDMI_FBWR/HDMI_FBWR.gen/sources_1/bd/top_design/ip/top_design_v_frmbuf_wr_0_0/top_design_v_frmbuf_wr_0_0/top_design_v_frmbuf_wr_0_0_in_context.xdc] for cell 'top_design_i/v_frmbuf_wr_0'
Parsing XDC File [/home/serg/Documents/Xilinx/z700_hdmi/HDMI_FBWR/HDMI_FBWR.gen/sources_1/bd/top_design/ip/top_design_smartconnect_0_0/top_design_smartconnect_0_0/top_design_smartconnect_0_0_in_context.xdc] for cell 'top_design_i/smartconnect_0'
Finished Parsing XDC File [/home/serg/Documents/Xilinx/z700_hdmi/HDMI_FBWR/HDMI_FBWR.gen/sources_1/bd/top_design/ip/top_design_smartconnect_0_0/top_design_smartconnect_0_0/top_design_smartconnect_0_0_in_context.xdc] for cell 'top_design_i/smartconnect_0'
Parsing XDC File [/home/serg/Documents/Xilinx/z700_hdmi/HDMI_FBWR/HDMI_FBWR.srcs/constrs_1/new/phy_constr.xdc]
Finished Parsing XDC File [/home/serg/Documents/Xilinx/z700_hdmi/HDMI_FBWR/HDMI_FBWR.srcs/constrs_1/new/phy_constr.xdc]
INFO: [Project 1-236] Implementation specific constraints were found while reading constraint file [/home/serg/Documents/Xilinx/z700_hdmi/HDMI_FBWR/HDMI_FBWR.srcs/constrs_1/new/phy_constr.xdc]. These constraints will be ignored for synthesis but will be used in implementation. Impacted constraints are listed in the file [.Xil/top_design_wrapper_propImpl.xdc].
Resolution: To avoid this warning, move constraints listed in [.Xil/top_design_wrapper_propImpl.xdc] to another XDC file and exclude this new file from synthesis with the used_in_synthesis property (File Properties dialog in GUI) and re-run elaboration/synthesis.
Parsing XDC File [/home/serg/Documents/Xilinx/z700_hdmi/HDMI_FBWR/HDMI_FBWR.runs/synth_1/dont_touch.xdc]
Finished Parsing XDC File [/home/serg/Documents/Xilinx/z700_hdmi/HDMI_FBWR/HDMI_FBWR.runs/synth_1/dont_touch.xdc]
Completed Processing XDC Constraints

Netlist sorting complete. Time (s): cpu = 00:00:00 ; elapsed = 00:00:00 . Memory (MB): peak = 2464.594 ; gain = 0.000 ; free physical = 13157 ; free virtual = 28035
INFO: [Project 1-111] Unisim Transformation Summary:
No Unisim elements were transformed.

Constraint Validation Runtime : Time (s): cpu = 00:00:00 ; elapsed = 00:00:00 . Memory (MB): peak = 2464.629 ; gain = 0.000 ; free physical = 13157 ; free virtual = 28035
INFO: [Designutils 20-5440] No compile time benefit to using incremental synthesis; A full resynthesis will be run
INFO: [Designutils 20-4379] Flow is switching to default flow due to incremental criteria not met. If you would like to alter this behaviour and have the flow terminate instead, please set the following parameter config_implementation {autoIncr.Synth.RejectBehavior Terminate}
---------------------------------------------------------------------------------
Finished Constraint Validation : Time (s): cpu = 00:00:08 ; elapsed = 00:00:08 . Memory (MB): peak = 2464.629 ; gain = 628.523 ; free physical = 13165 ; free virtual = 28051
---------------------------------------------------------------------------------
---------------------------------------------------------------------------------
Start Loading Part and Timing Information
---------------------------------------------------------------------------------
Loading part: xc7z020clg400-2
---------------------------------------------------------------------------------
Finished Loading Part and Timing Information : Time (s): cpu = 00:00:08 ; elapsed = 00:00:08 . Memory (MB): peak = 2472.598 ; gain = 636.492 ; free physical = 13165 ; free virtual = 28051
---------------------------------------------------------------------------------
---------------------------------------------------------------------------------
Start Applying 'set_property' XDC Constraints
---------------------------------------------------------------------------------
---------------------------------------------------------------------------------
Finished applying 'set_property' XDC Constraints : Time (s): cpu = 00:00:08 ; elapsed = 00:00:08 . Memory (MB): peak = 2472.598 ; gain = 636.492 ; free physical = 13168 ; free virtual = 28054
---------------------------------------------------------------------------------
---------------------------------------------------------------------------------
Finished RTL Optimization Phase 2 : Time (s): cpu = 00:00:08 ; elapsed = 00:00:08 . Memory (MB): peak = 2472.598 ; gain = 636.492 ; free physical = 13171 ; free virtual = 28058
---------------------------------------------------------------------------------
---------------------------------------------------------------------------------
Start RTL Component Statistics 
---------------------------------------------------------------------------------
Detailed RTL Component Info : 
---------------------------------------------------------------------------------
Finished RTL Component Statistics 
---------------------------------------------------------------------------------
---------------------------------------------------------------------------------
Start Part Resource Summary
---------------------------------------------------------------------------------
Part Resources:
DSPs: 220 (col length:60)
BRAMs: 280 (col length: RAMB18 60 RAMB36 30)
---------------------------------------------------------------------------------
Finished Part Resource Summary
---------------------------------------------------------------------------------
---------------------------------------------------------------------------------
Start Cross Boundary and Area Optimization
---------------------------------------------------------------------------------
---------------------------------------------------------------------------------
Finished Cross Boundary and Area Optimization : Time (s): cpu = 00:00:09 ; elapsed = 00:00:09 . Memory (MB): peak = 2472.598 ; gain = 636.492 ; free physical = 13274 ; free virtual = 28156
---------------------------------------------------------------------------------
---------------------------------------------------------------------------------
Start Applying XDC Timing Constraints
---------------------------------------------------------------------------------
---------------------------------------------------------------------------------
Finished Applying XDC Timing Constraints : Time (s): cpu = 00:00:12 ; elapsed = 00:00:12 . Memory (MB): peak = 2578.598 ; gain = 742.492 ; free physical = 13116 ; free virtual = 28049
---------------------------------------------------------------------------------
---------------------------------------------------------------------------------
Start Timing Optimization
---------------------------------------------------------------------------------
---------------------------------------------------------------------------------
Finished Timing Optimization : Time (s): cpu = 00:00:12 ; elapsed = 00:00:12 . Memory (MB): peak = 2578.598 ; gain = 742.492 ; free physical = 13116 ; free virtual = 28049
---------------------------------------------------------------------------------
---------------------------------------------------------------------------------
Start Technology Mapping
---------------------------------------------------------------------------------
---------------------------------------------------------------------------------
Finished Technology Mapping : Time (s): cpu = 00:00:12 ; elapsed = 00:00:12 . Memory (MB): peak = 2588.613 ; gain = 752.508 ; free physical = 13109 ; free virtual = 28041
---------------------------------------------------------------------------------
---------------------------------------------------------------------------------
Start IO Insertion
---------------------------------------------------------------------------------
---------------------------------------------------------------------------------
Start Flattening Before IO Insertion
---------------------------------------------------------------------------------
---------------------------------------------------------------------------------
Finished Flattening Before IO Insertion
---------------------------------------------------------------------------------
---------------------------------------------------------------------------------
Start Final Netlist Cleanup
---------------------------------------------------------------------------------
---------------------------------------------------------------------------------
Finished Final Netlist Cleanup
---------------------------------------------------------------------------------
---------------------------------------------------------------------------------
Finished IO Insertion : Time (s): cpu = 00:00:14 ; elapsed = 00:00:14 . Memory (MB): peak = 2775.426 ; gain = 939.320 ; free physical = 12826 ; free virtual = 27769
---------------------------------------------------------------------------------
---------------------------------------------------------------------------------
Start Renaming Generated Instances
---------------------------------------------------------------------------------
---------------------------------------------------------------------------------
Finished Renaming Generated Instances : Time (s): cpu = 00:00:14 ; elapsed = 00:00:14 . Memory (MB): peak = 2775.426 ; gain = 939.320 ; free physical = 12822 ; free virtual = 27765
---------------------------------------------------------------------------------
---------------------------------------------------------------------------------
Start Rebuilding User Hierarchy
---------------------------------------------------------------------------------
---------------------------------------------------------------------------------
Finished Rebuilding User Hierarchy : Time (s): cpu = 00:00:14 ; elapsed = 00:00:14 . Memory (MB): peak = 2775.426 ; gain = 939.320 ; free physical = 12822 ; free virtual = 27765
---------------------------------------------------------------------------------
---------------------------------------------------------------------------------
Start Renaming Generated Ports
---------------------------------------------------------------------------------
---------------------------------------------------------------------------------
Finished Renaming Generated Ports : Time (s): cpu = 00:00:14 ; elapsed = 00:00:14 . Memory (MB): peak = 2775.426 ; gain = 939.320 ; free physical = 12822 ; free virtual = 27765
---------------------------------------------------------------------------------
---------------------------------------------------------------------------------
Start Handling Custom Attributes
---------------------------------------------------------------------------------
---------------------------------------------------------------------------------
Finished Handling Custom Attributes : Time (s): cpu = 00:00:14 ; elapsed = 00:00:14 . Memory (MB): peak = 2775.426 ; gain = 939.320 ; free physical = 12818 ; free virtual = 27763
---------------------------------------------------------------------------------
---------------------------------------------------------------------------------
Start Renaming Generated Nets
---------------------------------------------------------------------------------
---------------------------------------------------------------------------------
Finished Renaming Generated Nets : Time (s): cpu = 00:00:14 ; elapsed = 00:00:14 . Memory (MB): peak = 2775.426 ; gain = 939.320 ; free physical = 12818 ; free virtual = 27761
---------------------------------------------------------------------------------
---------------------------------------------------------------------------------
Start Writing Synthesis Report
---------------------------------------------------------------------------------

Report BlackBoxes: 
+------+----------------------------------+----------+
|      |BlackBox name                     |Instances |
+------+----------------------------------+----------+
|1     |top_design_axi_dynclk_0_0         |         1|
|2     |top_design_axi_smc_1              |         1|
|3     |top_design_processing_system7_0_0 |         1|
|4     |top_design_rgb2dvi_0_0            |         1|
|5     |top_design_rst_ps7_0_148M_2       |         1|
|6     |top_design_rst_ps7_0_148M_1       |         1|
|7     |top_design_smartconnect_0_0       |         1|
|8     |top_design_system_ila_0_0         |         1|
|9     |top_design_v_axi4s_vid_out_0_1    |         1|
|10    |top_design_v_frmbuf_wr_0_0        |         1|
|11    |top_design_v_tc_0_1               |         1|
|12    |top_design_v_tpg_0_1              |         1|
+------+----------------------------------+----------+

Report Cell Usage: 
+------+--------------------------------+------+
|      |Cell                            |Count |
+------+--------------------------------+------+
|1     |top_design_axi_dynclk_0         |     1|
|2     |top_design_axi_smc              |     1|
|3     |top_design_processing_system7_0 |     1|
|4     |top_design_rgb2dvi_0            |     1|
|5     |top_design_rst_ps7_0_148M       |     2|
|7     |top_design_smartconnect_0       |     1|
|8     |top_design_system_ila_0         |     1|
|9     |top_design_v_axi4s_vid_out_0    |     1|
|10    |top_design_v_frmbuf_wr_0        |     1|
|11    |top_design_v_tc_0               |     1|
|12    |top_design_v_tpg_0              |     1|
|13    |OBUF                            |     1|
+------+--------------------------------+------+
---------------------------------------------------------------------------------
Finished Writing Synthesis Report : Time (s): cpu = 00:00:14 ; elapsed = 00:00:14 . Memory (MB): peak = 2775.426 ; gain = 939.320 ; free physical = 12818 ; free virtual = 27761
---------------------------------------------------------------------------------
Synthesis finished with 0 errors, 0 critical warnings and 0 warnings.
Synthesis Optimization Runtime : Time (s): cpu = 00:00:13 ; elapsed = 00:00:13 . Memory (MB): peak = 2775.426 ; gain = 899.266 ; free physical = 12813 ; free virtual = 27757
Synthesis Optimization Complete : Time (s): cpu = 00:00:14 ; elapsed = 00:00:14 . Memory (MB): peak = 2775.434 ; gain = 939.320 ; free physical = 12813 ; free virtual = 27757
INFO: [Project 1-571] Translating synthesized netlist
Netlist sorting complete. Time (s): cpu = 00:00:00 ; elapsed = 00:00:00.01 . Memory (MB): peak = 2775.434 ; gain = 0.000 ; free physical = 12806 ; free virtual = 27759
INFO: [Project 1-570] Preparing netlist for logic optimization
INFO: [Opt 31-138] Pushed 0 inverter(s) to 0 load pin(s).
Netlist sorting complete. Time (s): cpu = 00:00:00 ; elapsed = 00:00:00 . Memory (MB): peak = 2775.434 ; gain = 0.000 ; free physical = 12877 ; free virtual = 27852
INFO: [Project 1-111] Unisim Transformation Summary:
No Unisim elements were transformed.

Synth Design complete | Checksum: e427d54e
INFO: [Common 17-83] Releasing license: Synthesis
50 Infos, 49 Warnings, 0 Critical Warnings and 0 Errors encountered.
synth_design completed successfully
synth_design: Time (s): cpu = 00:00:20 ; elapsed = 00:00:19 . Memory (MB): peak = 2775.461 ; gain = 1141.168 ; free physical = 12873 ; free virtual = 27851
INFO: [Common 17-2834] synth_design peak Physical Memory [PSS] (MB): overall = 1883.491; main = 1883.491; forked = 273.863
INFO: [Common 17-2834] synth_design peak Virtual Memory [VSS] (MB): overall = 3466.797; main = 2775.430; forked = 994.195
Write ShapeDB Complete: Time (s): cpu = 00:00:00 ; elapsed = 00:00:00 . Memory (MB): peak = 2799.438 ; gain = 0.000 ; free physical = 12863 ; free virtual = 27840
INFO: [Common 17-1381] The checkpoint '/home/serg/Documents/Xilinx/z700_hdmi/HDMI_FBWR/HDMI_FBWR.runs/synth_1/top_design_wrapper.dcp' has been generated.
INFO: [Vivado 12-24828] Executing command : report_utilization -file top_design_wrapper_utilization_synth.rpt -pb top_design_wrapper_utilization_synth.pb
INFO: [Common 17-206] Exiting Vivado at Wed Feb  4 13:35:43 2026...
