

================================================================
== Vitis HLS Report for 'AXIMMvideo2Bytes_1_Pipeline_VITIS_LOOP_203_2'
================================================================
* Date:           Tue Feb 10 17:46:59 2026

* Version:        2025.2 (Build 6295257 on Nov 14 2025)
* Project:        prj
* Solution:       sol (Vivado IP Flow Target)
* Product family: zynq
* Target device:  xc7z020-clg400-2


================================================================
== Performance Estimates
================================================================
+ Timing: 
    * Summary: 
    +--------+---------+----------+------------+
    |  Clock |  Target | Estimated| Uncertainty|
    +--------+---------+----------+------------+
    |ap_clk  |  6.75 ns|  4.927 ns|     1.82 ns|
    +--------+---------+----------+------------+

+ Latency: 
    * Summary: 
    +---------+---------+-----------+-----------+-----+-----+-------------------+
    |  Latency (cycles) |   Latency (absolute)  |  Interval |      Pipeline     |
    |   min   |   max   |    min    |    max    | min | max |        Type       |
    +---------+---------+-----------+-----------+-----+-----+-------------------+
    |        2|     8195|  13.500 ns|  55.316 us|    0|    0|  loop pipeline stp|
    +---------+---------+-----------+-----------+-----+-----+-------------------+

    + Detail: 
        * Instance: 
        N/A

        * Loop: 
        +--------------------+---------+---------+----------+-----------+-----------+----------+----------+
        |                    |  Latency (cycles) | Iteration|  Initiation Interval  |   Trip   |          |
        |      Loop Name     |   min   |   max   |  Latency |  achieved |   target  |   Count  | Pipelined|
        +--------------------+---------+---------+----------+-----------+-----------+----------+----------+
        |- VITIS_LOOP_203_2  |        0|     8193|         3|          1|          1|  0 ~ 8192|       yes|
        +--------------------+---------+---------+----------+-----------+-----------+----------+----------+

============================================================
+ Verbose Summary: Synthesis Manager
============================================================
InlineROM: 1
ExposeGlobal: 0
============================================================
+ Verbose Summary: CDFG Model
============================================================
IsTopModel: 0
ResetActiveHigh: 1
IsCombinational: 0
IsDatapathOnly: 0
HasWiredReturn: 1
HasMFsm: 2
HasVarLatency: 1
IsPipeline: 0
IsRtlPipelined: 0
IsInstanceOverlapped: 0
IsDontTouch: 0
HasImplIP: 0
IsGatedGlobalClock: 0

+ Individual pipeline summary: 
  * Pipeline-0: initiation interval (II) = 1, depth = 3


============================================================
+ Verbose Summary: Schedule
============================================================
* Number of FSM states : 3
* Pipeline : 1
  Pipeline-0 : II = 1, D = 3, States = { 1 2 3 }
* Dataflow Pipeline: 0

* FSM state transitions: 
1 --> 2 
2 --> 3 
3 --> 

* FSM state operations: 

State 1 <SV = 0> <Delay = 4.12>
ST_1 : Operation 6 [1/1] (0.00ns)   --->   "%x = alloca i32 1" [prj/sol/.autopilot/db/v_dma.cpp:203->prj/sol/.autopilot/db/v_mix.cpp:714->prj/sol/.autopilot/db/v_mix.cpp:697->prj/sol/.autopilot/db/v_mix.cpp:697]   --->   Operation 6 'alloca' 'x' <Predicate = true> <Delay = 0.00>
ST_1 : Operation 7 [1/1] (0.00ns)   --->   "%sext_ln203_i_read = read i29 @_ssdm_op_Read.ap_auto.i29, i29 %sext_ln203_i"   --->   Operation 7 'read' 'sext_ln203_i_read' <Predicate = true> <Delay = 0.00>
ST_1 : Operation 8 [1/1] (0.00ns)   --->   "%loopWidth_i_read = read i14 @_ssdm_op_Read.ap_auto.i14, i14 %loopWidth_i"   --->   Operation 8 'read' 'loopWidth_i_read' <Predicate = true> <Delay = 0.00>
ST_1 : Operation 9 [1/1] (0.00ns)   --->   "%sext_ln203_i_cast = sext i29 %sext_ln203_i_read"   --->   Operation 9 'sext' 'sext_ln203_i_cast' <Predicate = true> <Delay = 0.00>
ST_1 : Operation 10 [1/1] (0.00ns)   --->   "%specstablecontent_ln0 = specstablecontent void @_ssdm_op_SpecStableContent, i64 %mm_video1, i1 1, void @p_str"   --->   Operation 10 'specstablecontent' 'specstablecontent_ln0' <Predicate = true> <Delay = 0.00>
ST_1 : Operation 11 [1/1] (0.00ns)   --->   "%specinterface_ln0 = specinterface void @_ssdm_op_SpecInterface, i64 %mm_video1, void @empty_16, i32 0, i32 0, void @empty_44, i32 100, i32 4096, void @empty_28, void @empty_27, void @empty_44, i32 4, i32 16, i32 16, i32 16, void @empty_44, void @empty_44, i32 4294967295, i32 0, i32 0, i32 8"   --->   Operation 11 'specinterface' 'specinterface_ln0' <Predicate = true> <Delay = 0.00>
ST_1 : Operation 12 [1/1] (0.00ns)   --->   "%specinterface_ln0 = specinterface void @_ssdm_op_SpecInterface, i64 %bytesLayer1_plane0, void @empty_40, i32 0, i32 0, void @empty_44, i32 0, i32 0, void @empty_44, void @empty_44, void @empty_44, i32 0, i32 0, i32 0, i32 0, void @empty_44, void @empty_44, i32 4294967295, i32 0, i32 0, i32 0"   --->   Operation 12 'specinterface' 'specinterface_ln0' <Predicate = true> <Delay = 0.00>
ST_1 : Operation 13 [1/1] (1.29ns)   --->   "%store_ln203 = store i14 0, i14 %x" [prj/sol/.autopilot/db/v_dma.cpp:203->prj/sol/.autopilot/db/v_mix.cpp:714->prj/sol/.autopilot/db/v_mix.cpp:697->prj/sol/.autopilot/db/v_mix.cpp:697]   --->   Operation 13 'store' 'store_ln203' <Predicate = true> <Delay = 1.29>
ST_1 : Operation 14 [1/1] (0.00ns)   --->   "%br_ln0 = br void %for.inc.i.i.i"   --->   Operation 14 'br' 'br_ln0' <Predicate = true> <Delay = 0.00>
ST_1 : Operation 15 [1/1] (0.00ns)   --->   "%x_20 = load i14 %x" [prj/sol/.autopilot/db/v_dma.cpp:203->prj/sol/.autopilot/db/v_mix.cpp:714->prj/sol/.autopilot/db/v_mix.cpp:697->prj/sol/.autopilot/db/v_mix.cpp:697]   --->   Operation 15 'load' 'x_20' <Predicate = true> <Delay = 0.00>
ST_1 : Operation 16 [1/1] (1.52ns)   --->   "%icmp_ln203 = icmp_eq  i14 %x_20, i14 %loopWidth_i_read" [prj/sol/.autopilot/db/v_dma.cpp:203->prj/sol/.autopilot/db/v_mix.cpp:714->prj/sol/.autopilot/db/v_mix.cpp:697->prj/sol/.autopilot/db/v_mix.cpp:697]   --->   Operation 16 'icmp' 'icmp_ln203' <Predicate = true> <Delay = 1.52> <CoreInst = "Cmp">   --->   Core 9 'Cmp' <Latency = 0> <II = 1> <Delay = 1.52> <FuncUnit> <Opcode : 'seteq' 'setne' 'setle' 'setge' 'setlt' 'setgt'> <InPorts = 2> <OutPorts = 1>
ST_1 : Operation 17 [1/1] (1.52ns)   --->   "%add_ln203 = add i14 %x_20, i14 1" [prj/sol/.autopilot/db/v_dma.cpp:203->prj/sol/.autopilot/db/v_mix.cpp:714->prj/sol/.autopilot/db/v_mix.cpp:697->prj/sol/.autopilot/db/v_mix.cpp:697]   --->   Operation 17 'add' 'add_ln203' <Predicate = true> <Delay = 1.52> <CoreInst = "Adder">   --->   Core 1 'Adder' <Latency = 0> <II = 1> <Delay = 1.52> <FuncUnit> <Opcode : 'add' 'sub'> <InPorts = 2> <OutPorts = 1>
ST_1 : Operation 18 [1/1] (0.00ns)   --->   "%br_ln203 = br i1 %icmp_ln203, void %for.inc.split.i.i.i, void %for.inc9.loopexit.i.i.i.exitStub" [prj/sol/.autopilot/db/v_dma.cpp:203->prj/sol/.autopilot/db/v_mix.cpp:714->prj/sol/.autopilot/db/v_mix.cpp:697->prj/sol/.autopilot/db/v_mix.cpp:697]   --->   Operation 18 'br' 'br_ln203' <Predicate = true> <Delay = 0.00>
ST_1 : Operation 19 [1/1] (1.29ns)   --->   "%store_ln203 = store i14 %add_ln203, i14 %x" [prj/sol/.autopilot/db/v_dma.cpp:203->prj/sol/.autopilot/db/v_mix.cpp:714->prj/sol/.autopilot/db/v_mix.cpp:697->prj/sol/.autopilot/db/v_mix.cpp:697]   --->   Operation 19 'store' 'store_ln203' <Predicate = (!icmp_ln203)> <Delay = 1.29>

State 2 <SV = 1> <Delay = 4.92>
ST_2 : Operation 20 [1/1] (0.00ns)   --->   "%mm_video1_addr = getelementptr i64 %mm_video1, i32 %sext_ln203_i_cast" [prj/sol/.autopilot/db/v_dma.cpp:203->prj/sol/.autopilot/db/v_mix.cpp:714->prj/sol/.autopilot/db/v_mix.cpp:697->prj/sol/.autopilot/db/v_mix.cpp:697]   --->   Operation 20 'getelementptr' 'mm_video1_addr' <Predicate = true> <Delay = 0.00>
ST_2 : Operation 21 [1/1] ( I:4.92ns O:4.92ns )   --->   "%mm_video1_addr_read = read i64 @_ssdm_op_Read.m_axi.i64.p1i64, i64 %mm_video1_addr" [prj/sol/.autopilot/db/v_dma.cpp:206->prj/sol/.autopilot/db/v_mix.cpp:714->prj/sol/.autopilot/db/v_mix.cpp:697->prj/sol/.autopilot/db/v_mix.cpp:697]   --->   Operation 21 'read' 'mm_video1_addr_read' <Predicate = true> <Delay = 4.92> <CoreInst = "m_axi">   --->   Core 111 'm_axi' <Latency = 3> <II = 1> <Delay = 1.00> <Adapter> <Opcode : 'readrequnaligned' 'writerequnaligned' 'read' 'write' 'readreq' 'writereq' 'writeresp'>
ST_2 : Operation 27 [1/1] (1.29ns)   --->   "%ret_ln0 = ret"   --->   Operation 27 'ret' 'ret_ln0' <Predicate = (icmp_ln203)> <Delay = 1.29>

State 3 <SV = 2> <Delay = 2.46>
ST_3 : Operation 22 [1/1] (0.00ns)   --->   "%specpipeline_ln205 = specpipeline void @_ssdm_op_SpecPipeline, i32 1, i32 0, i32 0, i32 0, i32 4294967295, void @empty_44" [prj/sol/.autopilot/db/v_dma.cpp:205->prj/sol/.autopilot/db/v_mix.cpp:714->prj/sol/.autopilot/db/v_mix.cpp:697->prj/sol/.autopilot/db/v_mix.cpp:697]   --->   Operation 22 'specpipeline' 'specpipeline_ln205' <Predicate = true> <Delay = 0.00>
ST_3 : Operation 23 [1/1] (0.00ns)   --->   "%speclooptripcount_ln203 = speclooptripcount void @_ssdm_op_SpecLoopTripCount, i64 0, i64 8192, i64 4096" [prj/sol/.autopilot/db/v_dma.cpp:203->prj/sol/.autopilot/db/v_mix.cpp:714->prj/sol/.autopilot/db/v_mix.cpp:697->prj/sol/.autopilot/db/v_mix.cpp:697]   --->   Operation 23 'speclooptripcount' 'speclooptripcount_ln203' <Predicate = true> <Delay = 0.00>
ST_3 : Operation 24 [1/1] (0.00ns)   --->   "%specloopname_ln203 = specloopname void @_ssdm_op_SpecLoopName, void @empty_42" [prj/sol/.autopilot/db/v_dma.cpp:203->prj/sol/.autopilot/db/v_mix.cpp:714->prj/sol/.autopilot/db/v_mix.cpp:697->prj/sol/.autopilot/db/v_mix.cpp:697]   --->   Operation 24 'specloopname' 'specloopname_ln203' <Predicate = true> <Delay = 0.00>
ST_3 : Operation 25 [1/1] ( I:2.46ns O:2.46ns )   --->   "%write_ln207 = write void @_ssdm_op_Write.ap_fifo.volatile.i64P0A, i64 %bytesLayer1_plane0, i64 %mm_video1_addr_read" [prj/sol/.autopilot/db/v_dma.cpp:207->prj/sol/.autopilot/db/v_mix.cpp:714->prj/sol/.autopilot/db/v_mix.cpp:697->prj/sol/.autopilot/db/v_mix.cpp:697]   --->   Operation 25 'write' 'write_ln207' <Predicate = true> <Delay = 2.46> <CoreInst = "FIFO_SRL">   --->   Core 80 'FIFO_SRL' <Latency = 0> <II = 1> <Delay = 3.40> <Storage> <Opcode : 'read' 'write' 'nbread' 'nbwrite'> <Ports = 0> <Width = 64> <Depth = 2> <FIFO>
ST_3 : Operation 26 [1/1] (0.00ns)   --->   "%br_ln203 = br void %for.inc.i.i.i" [prj/sol/.autopilot/db/v_dma.cpp:203->prj/sol/.autopilot/db/v_mix.cpp:714->prj/sol/.autopilot/db/v_mix.cpp:697->prj/sol/.autopilot/db/v_mix.cpp:697]   --->   Operation 26 'br' 'br_ln203' <Predicate = true> <Delay = 0.00>


============================================================
+ Verbose Summary: Timing violations
============================================================
Target clock period: 6.750ns, clock uncertainty: 1.822ns.

 <State 1>: 4.124ns
The critical path consists of the following:
	'store' operation ('store_ln203', prj/sol/.autopilot/db/v_dma.cpp:203->prj/sol/.autopilot/db/v_mix.cpp:714->prj/sol/.autopilot/db/v_mix.cpp:697->prj/sol/.autopilot/db/v_mix.cpp:697) of constant 0 14 bit on local variable 'x', prj/sol/.autopilot/db/v_dma.cpp:203->prj/sol/.autopilot/db/v_mix.cpp:714->prj/sol/.autopilot/db/v_mix.cpp:697->prj/sol/.autopilot/db/v_mix.cpp:697 [12]  (1.298 ns)
	'load' operation 14 bit ('x', prj/sol/.autopilot/db/v_dma.cpp:203->prj/sol/.autopilot/db/v_mix.cpp:714->prj/sol/.autopilot/db/v_mix.cpp:697->prj/sol/.autopilot/db/v_mix.cpp:697) on local variable 'x', prj/sol/.autopilot/db/v_dma.cpp:203->prj/sol/.autopilot/db/v_mix.cpp:714->prj/sol/.autopilot/db/v_mix.cpp:697->prj/sol/.autopilot/db/v_mix.cpp:697 [15]  (0.000 ns)
	'add' operation 14 bit ('add_ln203', prj/sol/.autopilot/db/v_dma.cpp:203->prj/sol/.autopilot/db/v_mix.cpp:714->prj/sol/.autopilot/db/v_mix.cpp:697->prj/sol/.autopilot/db/v_mix.cpp:697) [17]  (1.528 ns)
	'store' operation ('store_ln203', prj/sol/.autopilot/db/v_dma.cpp:203->prj/sol/.autopilot/db/v_mix.cpp:714->prj/sol/.autopilot/db/v_mix.cpp:697->prj/sol/.autopilot/db/v_mix.cpp:697) of variable 'add_ln203', prj/sol/.autopilot/db/v_dma.cpp:203->prj/sol/.autopilot/db/v_mix.cpp:714->prj/sol/.autopilot/db/v_mix.cpp:697->prj/sol/.autopilot/db/v_mix.cpp:697 14 bit on local variable 'x', prj/sol/.autopilot/db/v_dma.cpp:203->prj/sol/.autopilot/db/v_mix.cpp:714->prj/sol/.autopilot/db/v_mix.cpp:697->prj/sol/.autopilot/db/v_mix.cpp:697 [26]  (1.298 ns)

 <State 2>: 4.927ns
The critical path consists of the following:
	'getelementptr' operation 64 bit ('mm_video1_addr', prj/sol/.autopilot/db/v_dma.cpp:203->prj/sol/.autopilot/db/v_mix.cpp:714->prj/sol/.autopilot/db/v_mix.cpp:697->prj/sol/.autopilot/db/v_mix.cpp:697) [20]  (0.000 ns)
	bus read operation ('mm_video1_addr_read', prj/sol/.autopilot/db/v_dma.cpp:206->prj/sol/.autopilot/db/v_mix.cpp:714->prj/sol/.autopilot/db/v_mix.cpp:697->prj/sol/.autopilot/db/v_mix.cpp:697) on port 'mm_video1' (prj/sol/.autopilot/db/v_dma.cpp:206->prj/sol/.autopilot/db/v_mix.cpp:714->prj/sol/.autopilot/db/v_mix.cpp:697->prj/sol/.autopilot/db/v_mix.cpp:697) [24]  (4.927 ns)

 <State 3>: 2.464ns
The critical path consists of the following:
	fifo write operation ('write_ln207', prj/sol/.autopilot/db/v_dma.cpp:207->prj/sol/.autopilot/db/v_mix.cpp:714->prj/sol/.autopilot/db/v_mix.cpp:697->prj/sol/.autopilot/db/v_mix.cpp:697) on port 'bytesLayer1_plane0' (prj/sol/.autopilot/db/v_dma.cpp:207->prj/sol/.autopilot/db/v_mix.cpp:714->prj/sol/.autopilot/db/v_mix.cpp:697->prj/sol/.autopilot/db/v_mix.cpp:697) [25]  (2.464 ns)


============================================================
+ Verbose Summary: Binding
============================================================
N/A
* FSMD analyzer results:
  - Output states:
 - Input state : 
  - Chain level:
	State 1
	State 2
	State 3


============================================================
+ Verbose Summary: Datapath Resource usage 
============================================================
N/A
