

================================================================
== Vitis HLS Report for 'AXIvideo2MultiPixStream'
================================================================
* Date:           Sat Feb 28 15:10:43 2026

* Version:        2025.2 (Build 6295257 on Nov 14 2025)
* Project:        prj
* Solution:       sol (Vivado IP Flow Target)
* Product family: zynq
* Target device:  xc7z020-clg400-2


================================================================
== Performance Estimates
================================================================
+ Timing: 
    * Summary: 
    +--------+---------+----------+------------+
    |  Clock |  Target | Estimated| Uncertainty|
    +--------+---------+----------+------------+
    |ap_clk  |  6.67 ns|  4.261 ns|     1.80 ns|
    +--------+---------+----------+------------+

+ Latency: 
    * Summary: 
    +---------+---------+-----------+-----------+-----+---------+---------+
    |  Latency (cycles) |   Latency (absolute)  |    Interval   | Pipeline|
    |   min   |   max   |    min    |    max    | min |   max   |   Type  |
    +---------+---------+-----------+-----------+-----+---------+---------+
    |        2|  2084406|  13.334 ns|  13.897 ms|    2|  2084406|       no|
    +---------+---------+-----------+-----------+-----+---------+---------+

    + Detail: 
        * Instance: 
        N/A

        * Loop: 
        +---------------+---------+---------+-----------+-----------+-----------+----------+----------+
        |               |  Latency (cycles) | Iteration |  Initiation Interval  |   Trip   |          |
        |   Loop Name   |   min   |   max   |  Latency  |  achieved |   target  |   Count  | Pipelined|
        +---------------+---------+---------+-----------+-----------+-----------+----------+----------+
        |- loop_height  |        0|  2084400|  10 ~ 1930|          -|          -|  0 ~ 1080|        no|
        +---------------+---------+---------+-----------+-----------+-----------+----------+----------+

============================================================
+ Verbose Summary: Synthesis Manager
============================================================
InlineROM: 1
ExposeGlobal: 0
============================================================
+ Verbose Summary: CDFG Model
============================================================
IsTopModel: 0
ResetActiveHigh: 1
IsCombinational: 2
IsDatapathOnly: 0
HasWiredReturn: 1
HasMFsm: 0
HasVarLatency: 1
IsPipeline: 0
IsRtlPipelined: 0
IsInstanceOverlapped: 0
IsDontTouch: 0
HasImplIP: 0
IsGatedGlobalClock: 0


============================================================
+ Verbose Summary: Schedule
============================================================
* Number of FSM states : 9
* Pipeline : 0
* Dataflow Pipeline: 0

* FSM state transitions: 
1 --> 2 
2 --> 3 5 
3 --> 4 
4 --> 5 
5 --> 6 
6 --> 7 
7 --> 8 
8 --> 9 
9 --> 5 

* FSM state operations: 

State 1 <SV = 0> <Delay = 2.43>
ST_1 : Operation 10 [1/1] (2.43ns)   --->   "%HwReg_layerWidth_1_val_read = read i11 @_ssdm_op_Read.ap_auto.i11, i11 %HwReg_layerWidth_1_val"   --->   Operation 10 'read' 'HwReg_layerWidth_1_val_read' <Predicate = true> <Delay = 2.43> <CoreInst = "FIFO_SRL">   --->   Core 80 'FIFO_SRL' <Latency = 0> <II = 1> <Delay = 3.40> <Storage> <Opcode : 'read' 'write' 'nbread' 'nbwrite'> <Ports = 0> <Width = 11> <Depth = 2> <FIFO>
ST_1 : Operation 11 [1/1] (2.43ns)   --->   "%HwReg_layerHeight_1_val_read = read i11 @_ssdm_op_Read.ap_auto.i11, i11 %HwReg_layerHeight_1_val"   --->   Operation 11 'read' 'HwReg_layerHeight_1_val_read' <Predicate = true> <Delay = 2.43> <CoreInst = "FIFO_SRL">   --->   Core 80 'FIFO_SRL' <Latency = 0> <II = 1> <Delay = 3.40> <Storage> <Opcode : 'read' 'write' 'nbread' 'nbwrite'> <Ports = 0> <Width = 11> <Depth = 2> <FIFO>
ST_1 : Operation 12 [1/1] (0.00ns)   --->   "%p_4_0_0_0152318_lcssa341_i_i_loc = alloca i32 1"   --->   Operation 12 'alloca' 'p_4_0_0_0152318_lcssa341_i_i_loc' <Predicate = true> <Delay = 0.00>
ST_1 : Operation 13 [1/1] (0.00ns)   --->   "%p_0_0_0_0144310_i_i_loc = alloca i32 1"   --->   Operation 13 'alloca' 'p_0_0_0_0144310_i_i_loc' <Predicate = true> <Delay = 0.00>
ST_1 : Operation 14 [1/1] (0.00ns)   --->   "%p_4_0_0_0152319_i_i_loc = alloca i32 1"   --->   Operation 14 'alloca' 'p_4_0_0_0152319_i_i_loc' <Predicate = true> <Delay = 0.00>
ST_1 : Operation 15 [1/1] (0.00ns)   --->   "%axi_last_i_loc = alloca i32 1"   --->   Operation 15 'alloca' 'axi_last_i_loc' <Predicate = true> <Delay = 0.00>
ST_1 : Operation 16 [2/2] (0.00ns)   --->   "%rows = call i11 @reg<unsigned short>, i11 %HwReg_layerHeight_1_val_read" [prj/sol/.autopilot/db/v_mix.cpp:3750->prj/sol/.autopilot/db/v_mix.cpp:730->prj/sol/.autopilot/db/v_mix.cpp:730]   --->   Operation 16 'call' 'rows' <Predicate = true> <Delay = 0.00> <CoreType = "Generic">   --->   Generic Core
ST_1 : Operation 17 [2/2] (0.00ns)   --->   "%cols = call i11 @reg<unsigned short>, i11 %HwReg_layerWidth_1_val_read" [prj/sol/.autopilot/db/v_mix.cpp:3751->prj/sol/.autopilot/db/v_mix.cpp:730->prj/sol/.autopilot/db/v_mix.cpp:730]   --->   Operation 17 'call' 'cols' <Predicate = true> <Delay = 0.00> <CoreType = "Generic">   --->   Generic Core

State 2 <SV = 1> <Delay = 1.71>
ST_2 : Operation 18 [1/1] (0.00ns)   --->   "%HwReg_layerEnableFlag_1_val_read = read i1 @_ssdm_op_Read.ap_auto.i1, i1 %HwReg_layerEnableFlag_1_val"   --->   Operation 18 'read' 'HwReg_layerEnableFlag_1_val_read' <Predicate = true> <Delay = 0.00>
ST_2 : Operation 19 [1/1] (0.00ns)   --->   "%specstablecontent_ln0 = specstablecontent void @_ssdm_op_SpecStableContent, i11 %HwReg_layerHeight_1_val, i1 1, void @p_str"   --->   Operation 19 'specstablecontent' 'specstablecontent_ln0' <Predicate = true> <Delay = 0.00>
ST_2 : Operation 20 [1/1] (0.00ns)   --->   "%specstablecontent_ln0 = specstablecontent void @_ssdm_op_SpecStableContent, i11 %HwReg_layerWidth_1_val, i1 1, void @p_str"   --->   Operation 20 'specstablecontent' 'specstablecontent_ln0' <Predicate = true> <Delay = 0.00>
ST_2 : Operation 21 [1/1] (0.00ns)   --->   "%specstablecontent_ln0 = specstablecontent void @_ssdm_op_SpecStableContent, i1 %HwReg_layerEnableFlag_1_val, i1 1, void @p_str"   --->   Operation 21 'specstablecontent' 'specstablecontent_ln0' <Predicate = true> <Delay = 0.00>
ST_2 : Operation 22 [1/1] (0.00ns)   --->   "%specaxissidechannel_ln0 = specaxissidechannel void @_ssdm_op_SpecAXISSideChannel, i24 %s_axis_video1_V_data_V, i3 %s_axis_video1_V_keep_V, i3 %s_axis_video1_V_strb_V, i1 %s_axis_video1_V_user_V, i1 %s_axis_video1_V_last_V, i1 %s_axis_video1_V_id_V, i1 %s_axis_video1_V_dest_V, void @empty_20"   --->   Operation 22 'specaxissidechannel' 'specaxissidechannel_ln0' <Predicate = true> <Delay = 0.00>
ST_2 : Operation 23 [1/1] (0.00ns)   --->   "%specinterface_ln0 = specinterface void @_ssdm_op_SpecInterface, i24 %srcLayer1, void @empty_21, i32 0, i32 0, void @empty_44, i32 0, i32 0, void @empty_44, void @empty_44, void @empty_44, i32 0, i32 0, i32 0, i32 0, void @empty_44, void @empty_44, i32 4294967295, i32 0, i32 0, i32 0"   --->   Operation 23 'specinterface' 'specinterface_ln0' <Predicate = true> <Delay = 0.00>
ST_2 : Operation 24 [1/1] (0.00ns)   --->   "%specinterface_ln0 = specinterface void @_ssdm_op_SpecInterface, i24 %s_axis_video1_V_data_V, i3 %s_axis_video1_V_keep_V, i3 %s_axis_video1_V_strb_V, i1 %s_axis_video1_V_user_V, i1 %s_axis_video1_V_last_V, i1 %s_axis_video1_V_id_V, i1 %s_axis_video1_V_dest_V, void @empty_11, i32 0, i32 0, void @empty_18, i32 0, i32 0, void @empty_44, void @empty_44, void @empty_44, i32 0, i32 0, i32 0, i32 0, void @empty_44, void @empty_44, i32 4294967295, i32 0, i32 0, i32 0"   --->   Operation 24 'specinterface' 'specinterface_ln0' <Predicate = true> <Delay = 0.00>
ST_2 : Operation 25 [1/2] (0.00ns)   --->   "%rows = call i11 @reg<unsigned short>, i11 %HwReg_layerHeight_1_val_read" [prj/sol/.autopilot/db/v_mix.cpp:3750->prj/sol/.autopilot/db/v_mix.cpp:730->prj/sol/.autopilot/db/v_mix.cpp:730]   --->   Operation 25 'call' 'rows' <Predicate = true> <Delay = 0.00> <CoreType = "Generic">   --->   Generic Core
ST_2 : Operation 26 [1/2] (0.00ns)   --->   "%cols = call i11 @reg<unsigned short>, i11 %HwReg_layerWidth_1_val_read" [prj/sol/.autopilot/db/v_mix.cpp:3751->prj/sol/.autopilot/db/v_mix.cpp:730->prj/sol/.autopilot/db/v_mix.cpp:730]   --->   Operation 26 'call' 'cols' <Predicate = true> <Delay = 0.00> <CoreType = "Generic">   --->   Generic Core
ST_2 : Operation 27 [1/1] (0.00ns)   --->   "%br_ln3760 = br i1 %HwReg_layerEnableFlag_1_val_read, void %AXIvideo2MultiPixStream.exit, void %while.cond.i.preheader.i" [prj/sol/.autopilot/db/v_mix.cpp:3760->prj/sol/.autopilot/db/v_mix.cpp:730->prj/sol/.autopilot/db/v_mix.cpp:730]   --->   Operation 27 'br' 'br_ln3760' <Predicate = true> <Delay = 0.00>
ST_2 : Operation 28 [1/1] (0.00ns)   --->   "%i = alloca i32 1" [prj/sol/.autopilot/db/v_mix.cpp:3771->prj/sol/.autopilot/db/v_mix.cpp:730->prj/sol/.autopilot/db/v_mix.cpp:730]   --->   Operation 28 'alloca' 'i' <Predicate = (HwReg_layerEnableFlag_1_val_read)> <Delay = 0.00>
ST_2 : Operation 29 [1/1] (0.00ns)   --->   "%p_0_0_0_0144311_lcssa327_i_i = alloca i32 1"   --->   Operation 29 'alloca' 'p_0_0_0_0144311_lcssa327_i_i' <Predicate = (HwReg_layerEnableFlag_1_val_read)> <Delay = 0.00>
ST_2 : Operation 30 [2/2] (1.71ns)   --->   "%call_ln0 = call void @AXIvideo2MultiPixStream_Pipeline_loop_wait_for_start, i24 %s_axis_video1_V_data_V, i3 %s_axis_video1_V_keep_V, i3 %s_axis_video1_V_strb_V, i1 %s_axis_video1_V_user_V, i1 %s_axis_video1_V_last_V, i1 %s_axis_video1_V_id_V, i1 %s_axis_video1_V_dest_V, i1 %axi_last_i_loc, i24 %p_0_0_0_0144311_lcssa327_i_i"   --->   Operation 30 'call' 'call_ln0' <Predicate = (HwReg_layerEnableFlag_1_val_read)> <Delay = 1.71> <CoreType = "Generic">   --->   Generic Core
ST_2 : Operation 31 [1/1] (1.29ns)   --->   "%store_ln3771 = store i11 0, i11 %i" [prj/sol/.autopilot/db/v_mix.cpp:3771->prj/sol/.autopilot/db/v_mix.cpp:730->prj/sol/.autopilot/db/v_mix.cpp:730]   --->   Operation 31 'store' 'store_ln3771' <Predicate = (HwReg_layerEnableFlag_1_val_read)> <Delay = 1.29>

State 3 <SV = 2> <Delay = 2.59>
ST_3 : Operation 32 [1/2] (2.59ns)   --->   "%call_ln0 = call void @AXIvideo2MultiPixStream_Pipeline_loop_wait_for_start, i24 %s_axis_video1_V_data_V, i3 %s_axis_video1_V_keep_V, i3 %s_axis_video1_V_strb_V, i1 %s_axis_video1_V_user_V, i1 %s_axis_video1_V_last_V, i1 %s_axis_video1_V_id_V, i1 %s_axis_video1_V_dest_V, i1 %axi_last_i_loc, i24 %p_0_0_0_0144311_lcssa327_i_i"   --->   Operation 32 'call' 'call_ln0' <Predicate = true> <Delay = 2.59> <CoreType = "Generic">   --->   Generic Core

State 4 <SV = 3> <Delay = 2.28>
ST_4 : Operation 33 [1/1] (0.00ns)   --->   "%fence_ln3758 = fence void @_ssdm_op_Fence, i24 %s_axis_video1_V_data_V, i3 %s_axis_video1_V_keep_V, i3 %s_axis_video1_V_strb_V, i1 %s_axis_video1_V_user_V, i1 %s_axis_video1_V_last_V, i1 %s_axis_video1_V_id_V, i1 %s_axis_video1_V_dest_V, i32 4294967295, i24 %s_axis_video1_V_data_V, i3 %s_axis_video1_V_keep_V, i3 %s_axis_video1_V_strb_V, i1 %s_axis_video1_V_user_V, i1 %s_axis_video1_V_last_V, i1 %s_axis_video1_V_id_V, i1 %s_axis_video1_V_dest_V, i24 %srcLayer1, i32 0" [prj/sol/.autopilot/db/v_mix.cpp:3758->prj/sol/.autopilot/db/v_mix.cpp:730->prj/sol/.autopilot/db/v_mix.cpp:730]   --->   Operation 33 'fence' 'fence_ln3758' <Predicate = true> <Delay = 0.00>
ST_4 : Operation 34 [1/1] (0.00ns)   --->   "%axi_last_i_loc_load = load i1 %axi_last_i_loc"   --->   Operation 34 'load' 'axi_last_i_loc_load' <Predicate = true> <Delay = 0.00>
ST_4 : Operation 35 [1/1] (1.48ns)   --->   "%icmp_ln3775 = icmp_ne  i11 %cols, i11 0" [prj/sol/.autopilot/db/v_mix.cpp:3775->prj/sol/.autopilot/db/v_mix.cpp:730->prj/sol/.autopilot/db/v_mix.cpp:730]   --->   Operation 35 'icmp' 'icmp_ln3775' <Predicate = true> <Delay = 1.48> <CoreInst = "Cmp">   --->   Core 9 'Cmp' <Latency = 0> <II = 1> <Delay = 1.48> <FuncUnit> <Opcode : 'seteq' 'setne' 'setle' 'setge' 'setlt' 'setgt'> <InPorts = 2> <OutPorts = 1>
ST_4 : Operation 36 [1/1] (0.80ns)   --->   "%xor_ln3820 = xor i1 %icmp_ln3775, i1 1" [prj/sol/.autopilot/db/v_mix.cpp:3820->prj/sol/.autopilot/db/v_mix.cpp:730->prj/sol/.autopilot/db/v_mix.cpp:730]   --->   Operation 36 'xor' 'xor_ln3820' <Predicate = true> <Delay = 0.80> <CoreInst = "LogicGate">   --->   Core 74 'LogicGate' <Latency = 0> <II = 1> <Delay = 0.80> <FuncUnit> <Opcode : 'and' 'or' 'xor'> <InPorts = 2> <OutPorts = 1>
ST_4 : Operation 37 [1/1] (1.29ns)   --->   "%br_ln3771 = br void %loop_width.i.i" [prj/sol/.autopilot/db/v_mix.cpp:3771->prj/sol/.autopilot/db/v_mix.cpp:730->prj/sol/.autopilot/db/v_mix.cpp:730]   --->   Operation 37 'br' 'br_ln3771' <Predicate = true> <Delay = 1.29>

State 5 <SV = 4> <Delay = 4.26>
ST_5 : Operation 38 [1/1] (0.00ns)   --->   "%p_4_0_0_0152318_lcssa343_i_i = phi i1 %axi_last_i_loc_load, void %while.cond.i.preheader.i, i1 %p_4_0_0_0152318_lcssa341_i_i_loc_load, void %for.body12.lr.ph.i.i"   --->   Operation 38 'phi' 'p_4_0_0_0152318_lcssa343_i_i' <Predicate = (HwReg_layerEnableFlag_1_val_read)> <Delay = 0.00>
ST_5 : Operation 39 [1/1] (0.00ns)   --->   "%sof = phi i1 1, void %while.cond.i.preheader.i, i1 %and_ln3820_2, void %for.body12.lr.ph.i.i" [prj/sol/.autopilot/db/v_mix.cpp:3820->prj/sol/.autopilot/db/v_mix.cpp:730->prj/sol/.autopilot/db/v_mix.cpp:730]   --->   Operation 39 'phi' 'sof' <Predicate = (HwReg_layerEnableFlag_1_val_read)> <Delay = 0.00>
ST_5 : Operation 40 [1/1] (0.00ns)   --->   "%i_7 = load i11 %i" [prj/sol/.autopilot/db/v_mix.cpp:3771->prj/sol/.autopilot/db/v_mix.cpp:730->prj/sol/.autopilot/db/v_mix.cpp:730]   --->   Operation 40 'load' 'i_7' <Predicate = (HwReg_layerEnableFlag_1_val_read)> <Delay = 0.00>
ST_5 : Operation 41 [1/1] (1.48ns)   --->   "%icmp_ln3771 = icmp_eq  i11 %i_7, i11 %rows" [prj/sol/.autopilot/db/v_mix.cpp:3771->prj/sol/.autopilot/db/v_mix.cpp:730->prj/sol/.autopilot/db/v_mix.cpp:730]   --->   Operation 41 'icmp' 'icmp_ln3771' <Predicate = (HwReg_layerEnableFlag_1_val_read)> <Delay = 1.48> <CoreInst = "Cmp">   --->   Core 9 'Cmp' <Latency = 0> <II = 1> <Delay = 1.48> <FuncUnit> <Opcode : 'seteq' 'setne' 'setle' 'setge' 'setlt' 'setgt'> <InPorts = 2> <OutPorts = 1>
ST_5 : Operation 42 [1/1] (0.00ns)   --->   "%speclooptripcount_ln0 = speclooptripcount void @_ssdm_op_SpecLoopTripCount, i64 0, i64 1080, i64 0"   --->   Operation 42 'speclooptripcount' 'speclooptripcount_ln0' <Predicate = (HwReg_layerEnableFlag_1_val_read)> <Delay = 0.00>
ST_5 : Operation 43 [1/1] (1.48ns)   --->   "%i_8 = add i11 %i_7, i11 1" [prj/sol/.autopilot/db/v_mix.cpp:3771->prj/sol/.autopilot/db/v_mix.cpp:730->prj/sol/.autopilot/db/v_mix.cpp:730]   --->   Operation 43 'add' 'i_8' <Predicate = (HwReg_layerEnableFlag_1_val_read)> <Delay = 1.48> <CoreInst = "Adder">   --->   Core 1 'Adder' <Latency = 0> <II = 1> <Delay = 1.48> <FuncUnit> <Opcode : 'add' 'sub'> <InPorts = 2> <OutPorts = 1>
ST_5 : Operation 44 [1/1] (0.00ns)   --->   "%br_ln3771 = br i1 %icmp_ln3771, void %for.body12.lr.ph.i.i, void %AXIvideo2MultiPixStream.exit.loopexit" [prj/sol/.autopilot/db/v_mix.cpp:3771->prj/sol/.autopilot/db/v_mix.cpp:730->prj/sol/.autopilot/db/v_mix.cpp:730]   --->   Operation 44 'br' 'br_ln3771' <Predicate = (HwReg_layerEnableFlag_1_val_read)> <Delay = 0.00>
ST_5 : Operation 45 [1/1] (0.00ns)   --->   "%p_0_0_0_0144311_lcssa327_i_i_load = load i24 %p_0_0_0_0144311_lcssa327_i_i"   --->   Operation 45 'load' 'p_0_0_0_0144311_lcssa327_i_i_load' <Predicate = (HwReg_layerEnableFlag_1_val_read & !icmp_ln3771)> <Delay = 0.00>
ST_5 : Operation 46 [2/2] (2.77ns)   --->   "%call_ln3820 = call void @AXIvideo2MultiPixStream_Pipeline_loop_width, i1 %p_4_0_0_0152318_lcssa343_i_i, i24 %p_0_0_0_0144311_lcssa327_i_i_load, i1 %sof, i11 %cols, i24 %srcLayer1, i24 %s_axis_video1_V_data_V, i3 %s_axis_video1_V_keep_V, i3 %s_axis_video1_V_strb_V, i1 %s_axis_video1_V_user_V, i1 %s_axis_video1_V_last_V, i1 %s_axis_video1_V_id_V, i1 %s_axis_video1_V_dest_V, i1 %p_4_0_0_0152319_i_i_loc, i24 %p_0_0_0_0144310_i_i_loc" [prj/sol/.autopilot/db/v_mix.cpp:3820->prj/sol/.autopilot/db/v_mix.cpp:730->prj/sol/.autopilot/db/v_mix.cpp:730]   --->   Operation 46 'call' 'call_ln3820' <Predicate = (HwReg_layerEnableFlag_1_val_read & !icmp_ln3771)> <Delay = 2.77> <CoreType = "Generic">   --->   Generic Core
ST_5 : Operation 47 [1/1] (0.80ns)   --->   "%and_ln3820_2 = and i1 %sof, i1 %xor_ln3820" [prj/sol/.autopilot/db/v_mix.cpp:3820->prj/sol/.autopilot/db/v_mix.cpp:730->prj/sol/.autopilot/db/v_mix.cpp:730]   --->   Operation 47 'and' 'and_ln3820_2' <Predicate = (HwReg_layerEnableFlag_1_val_read & !icmp_ln3771)> <Delay = 0.80> <CoreInst = "LogicGate">   --->   Core 74 'LogicGate' <Latency = 0> <II = 1> <Delay = 0.80> <FuncUnit> <Opcode : 'and' 'or' 'xor'> <InPorts = 2> <OutPorts = 1>
ST_5 : Operation 48 [1/1] (1.29ns)   --->   "%store_ln3771 = store i11 %i_8, i11 %i" [prj/sol/.autopilot/db/v_mix.cpp:3771->prj/sol/.autopilot/db/v_mix.cpp:730->prj/sol/.autopilot/db/v_mix.cpp:730]   --->   Operation 48 'store' 'store_ln3771' <Predicate = (HwReg_layerEnableFlag_1_val_read & !icmp_ln3771)> <Delay = 1.29>
ST_5 : Operation 49 [1/1] (0.00ns)   --->   "%br_ln0 = br void %AXIvideo2MultiPixStream.exit"   --->   Operation 49 'br' 'br_ln0' <Predicate = (HwReg_layerEnableFlag_1_val_read & icmp_ln3771)> <Delay = 0.00>
ST_5 : Operation 50 [1/1] (0.00ns)   --->   "%ret_ln730 = ret" [prj/sol/.autopilot/db/v_mix.cpp:730]   --->   Operation 50 'ret' 'ret_ln730' <Predicate = (icmp_ln3771) | (!HwReg_layerEnableFlag_1_val_read)> <Delay = 0.00>

State 6 <SV = 5> <Delay = 0.00>
ST_6 : Operation 51 [1/2] (0.00ns)   --->   "%call_ln3820 = call void @AXIvideo2MultiPixStream_Pipeline_loop_width, i1 %p_4_0_0_0152318_lcssa343_i_i, i24 %p_0_0_0_0144311_lcssa327_i_i_load, i1 %sof, i11 %cols, i24 %srcLayer1, i24 %s_axis_video1_V_data_V, i3 %s_axis_video1_V_keep_V, i3 %s_axis_video1_V_strb_V, i1 %s_axis_video1_V_user_V, i1 %s_axis_video1_V_last_V, i1 %s_axis_video1_V_id_V, i1 %s_axis_video1_V_dest_V, i1 %p_4_0_0_0152319_i_i_loc, i24 %p_0_0_0_0144310_i_i_loc" [prj/sol/.autopilot/db/v_mix.cpp:3820->prj/sol/.autopilot/db/v_mix.cpp:730->prj/sol/.autopilot/db/v_mix.cpp:730]   --->   Operation 51 'call' 'call_ln3820' <Predicate = true> <Delay = 0.00> <CoreType = "Generic">   --->   Generic Core

State 7 <SV = 6> <Delay = 2.51>
ST_7 : Operation 52 [1/1] (0.00ns)   --->   "%fence_ln3820 = fence void @_ssdm_op_Fence, i24 %s_axis_video1_V_data_V, i3 %s_axis_video1_V_keep_V, i3 %s_axis_video1_V_strb_V, i1 %s_axis_video1_V_user_V, i1 %s_axis_video1_V_last_V, i1 %s_axis_video1_V_id_V, i1 %s_axis_video1_V_dest_V, i24 %srcLayer1, i32 4294967295, i24 %s_axis_video1_V_data_V, i3 %s_axis_video1_V_keep_V, i3 %s_axis_video1_V_strb_V, i1 %s_axis_video1_V_user_V, i1 %s_axis_video1_V_last_V, i1 %s_axis_video1_V_id_V, i1 %s_axis_video1_V_dest_V, i32 0" [prj/sol/.autopilot/db/v_mix.cpp:3820->prj/sol/.autopilot/db/v_mix.cpp:730->prj/sol/.autopilot/db/v_mix.cpp:730]   --->   Operation 52 'fence' 'fence_ln3820' <Predicate = true> <Delay = 0.00>
ST_7 : Operation 53 [1/1] (0.00ns)   --->   "%p_4_0_0_0152319_i_i_loc_load = load i1 %p_4_0_0_0152319_i_i_loc"   --->   Operation 53 'load' 'p_4_0_0_0152319_i_i_loc_load' <Predicate = true> <Delay = 0.00>
ST_7 : Operation 54 [1/1] (0.00ns)   --->   "%p_0_0_0_0144310_i_i_loc_load = load i24 %p_0_0_0_0144310_i_i_loc"   --->   Operation 54 'load' 'p_0_0_0_0144310_i_i_loc_load' <Predicate = true> <Delay = 0.00>
ST_7 : Operation 55 [1/1] (0.80ns)   --->   "%and_ln3820 = and i1 %icmp_ln3775, i1 %p_4_0_0_0152319_i_i_loc_load" [prj/sol/.autopilot/db/v_mix.cpp:3820->prj/sol/.autopilot/db/v_mix.cpp:730->prj/sol/.autopilot/db/v_mix.cpp:730]   --->   Operation 55 'and' 'and_ln3820' <Predicate = true> <Delay = 0.80> <CoreInst = "LogicGate">   --->   Core 74 'LogicGate' <Latency = 0> <II = 1> <Delay = 0.80> <FuncUnit> <Opcode : 'and' 'or' 'xor'> <InPorts = 2> <OutPorts = 1>
ST_7 : Operation 56 [1/1] (0.00ns)   --->   "%fence_ln3820 = fence void @_ssdm_op_Fence, i24 %s_axis_video1_V_data_V, i3 %s_axis_video1_V_keep_V, i3 %s_axis_video1_V_strb_V, i1 %s_axis_video1_V_user_V, i1 %s_axis_video1_V_last_V, i1 %s_axis_video1_V_id_V, i1 %s_axis_video1_V_dest_V, i24 %srcLayer1, i32 4294967295, i24 %s_axis_video1_V_data_V, i3 %s_axis_video1_V_keep_V, i3 %s_axis_video1_V_strb_V, i1 %s_axis_video1_V_user_V, i1 %s_axis_video1_V_last_V, i1 %s_axis_video1_V_id_V, i1 %s_axis_video1_V_dest_V, i32 0" [prj/sol/.autopilot/db/v_mix.cpp:3820->prj/sol/.autopilot/db/v_mix.cpp:730->prj/sol/.autopilot/db/v_mix.cpp:730]   --->   Operation 56 'fence' 'fence_ln3820' <Predicate = true> <Delay = 0.00>
ST_7 : Operation 57 [2/2] (1.71ns)   --->   "%call_ln3820 = call void @AXIvideo2MultiPixStream_Pipeline_loop_wait_for_eol, i1 %p_4_0_0_0152319_i_i_loc_load, i24 %p_0_0_0_0144310_i_i_loc_load, i1 %and_ln3820, i24 %s_axis_video1_V_data_V, i3 %s_axis_video1_V_keep_V, i3 %s_axis_video1_V_strb_V, i1 %s_axis_video1_V_user_V, i1 %s_axis_video1_V_last_V, i1 %s_axis_video1_V_id_V, i1 %s_axis_video1_V_dest_V, i1 %p_4_0_0_0152318_lcssa341_i_i_loc, i24 %p_0_0_0_0144311_lcssa327_i_i" [prj/sol/.autopilot/db/v_mix.cpp:3820->prj/sol/.autopilot/db/v_mix.cpp:730->prj/sol/.autopilot/db/v_mix.cpp:730]   --->   Operation 57 'call' 'call_ln3820' <Predicate = true> <Delay = 1.71> <CoreType = "Generic">   --->   Generic Core

State 8 <SV = 7> <Delay = 2.59>
ST_8 : Operation 58 [1/2] (2.59ns)   --->   "%call_ln3820 = call void @AXIvideo2MultiPixStream_Pipeline_loop_wait_for_eol, i1 %p_4_0_0_0152319_i_i_loc_load, i24 %p_0_0_0_0144310_i_i_loc_load, i1 %and_ln3820, i24 %s_axis_video1_V_data_V, i3 %s_axis_video1_V_keep_V, i3 %s_axis_video1_V_strb_V, i1 %s_axis_video1_V_user_V, i1 %s_axis_video1_V_last_V, i1 %s_axis_video1_V_id_V, i1 %s_axis_video1_V_dest_V, i1 %p_4_0_0_0152318_lcssa341_i_i_loc, i24 %p_0_0_0_0144311_lcssa327_i_i" [prj/sol/.autopilot/db/v_mix.cpp:3820->prj/sol/.autopilot/db/v_mix.cpp:730->prj/sol/.autopilot/db/v_mix.cpp:730]   --->   Operation 58 'call' 'call_ln3820' <Predicate = true> <Delay = 2.59> <CoreType = "Generic">   --->   Generic Core

State 9 <SV = 8> <Delay = 0.00>
ST_9 : Operation 59 [1/1] (0.00ns)   --->   "%specloopname_ln3771 = specloopname void @_ssdm_op_SpecLoopName, void @empty_25" [prj/sol/.autopilot/db/v_mix.cpp:3771->prj/sol/.autopilot/db/v_mix.cpp:730->prj/sol/.autopilot/db/v_mix.cpp:730]   --->   Operation 59 'specloopname' 'specloopname_ln3771' <Predicate = true> <Delay = 0.00>
ST_9 : Operation 60 [1/1] (0.00ns)   --->   "%p_4_0_0_0152318_lcssa341_i_i_loc_load = load i1 %p_4_0_0_0152318_lcssa341_i_i_loc"   --->   Operation 60 'load' 'p_4_0_0_0152318_lcssa341_i_i_loc_load' <Predicate = true> <Delay = 0.00>
ST_9 : Operation 61 [1/1] (0.00ns)   --->   "%br_ln3771 = br void %loop_width.i.i" [prj/sol/.autopilot/db/v_mix.cpp:3771->prj/sol/.autopilot/db/v_mix.cpp:730->prj/sol/.autopilot/db/v_mix.cpp:730]   --->   Operation 61 'br' 'br_ln3771' <Predicate = true> <Delay = 0.00>


============================================================
+ Verbose Summary: Timing violations
============================================================
Target clock period: 6.667ns, clock uncertainty: 1.800ns.

 <State 1>: 2.433ns
The critical path consists of the following:
	wire read operation ('HwReg_layerWidth_1_val_read') on port 'HwReg_layerWidth_1_val' [13]  (2.433 ns)

 <State 2>: 1.714ns
The critical path consists of the following:
	wire read operation ('HwReg_layerEnableFlag_1_val_read') on port 'HwReg_layerEnableFlag_1_val' [12]  (0.000 ns)
	'call' operation ('call_ln0') to 'AXIvideo2MultiPixStream_Pipeline_loop_wait_for_start' [31]  (1.714 ns)

 <State 3>: 2.596ns
The critical path consists of the following:
	'call' operation ('call_ln0') to 'AXIvideo2MultiPixStream_Pipeline_loop_wait_for_start' [31]  (2.596 ns)

 <State 4>: 2.282ns
The critical path consists of the following:
	'icmp' operation 1 bit ('icmp_ln3775', prj/sol/.autopilot/db/v_mix.cpp:3775->prj/sol/.autopilot/db/v_mix.cpp:730->prj/sol/.autopilot/db/v_mix.cpp:730) [34]  (1.482 ns)
	'xor' operation 1 bit ('xor_ln3820', prj/sol/.autopilot/db/v_mix.cpp:3820->prj/sol/.autopilot/db/v_mix.cpp:730->prj/sol/.autopilot/db/v_mix.cpp:730) [35]  (0.800 ns)

 <State 5>: 4.261ns
The critical path consists of the following:
	'load' operation 11 bit ('i', prj/sol/.autopilot/db/v_mix.cpp:3771->prj/sol/.autopilot/db/v_mix.cpp:730->prj/sol/.autopilot/db/v_mix.cpp:730) on local variable 'i', prj/sol/.autopilot/db/v_mix.cpp:3771->prj/sol/.autopilot/db/v_mix.cpp:730->prj/sol/.autopilot/db/v_mix.cpp:730 [41]  (0.000 ns)
	'icmp' operation 1 bit ('icmp_ln3771', prj/sol/.autopilot/db/v_mix.cpp:3771->prj/sol/.autopilot/db/v_mix.cpp:730->prj/sol/.autopilot/db/v_mix.cpp:730) [42]  (1.482 ns)
	'call' operation ('call_ln3820', prj/sol/.autopilot/db/v_mix.cpp:3820->prj/sol/.autopilot/db/v_mix.cpp:730->prj/sol/.autopilot/db/v_mix.cpp:730) to 'AXIvideo2MultiPixStream_Pipeline_loop_width' [49]  (2.780 ns)

 <State 6>: 0.000ns
The critical path consists of the following:

 <State 7>: 2.514ns
The critical path consists of the following:
	'load' operation 1 bit ('p_4_0_0_0152319_i_i_loc_load') on local variable 'p_4_0_0_0152319_i_i_loc' [51]  (0.000 ns)
	'and' operation 1 bit ('and_ln3820', prj/sol/.autopilot/db/v_mix.cpp:3820->prj/sol/.autopilot/db/v_mix.cpp:730->prj/sol/.autopilot/db/v_mix.cpp:730) [53]  (0.800 ns)
	'call' operation ('call_ln3820', prj/sol/.autopilot/db/v_mix.cpp:3820->prj/sol/.autopilot/db/v_mix.cpp:730->prj/sol/.autopilot/db/v_mix.cpp:730) to 'AXIvideo2MultiPixStream_Pipeline_loop_wait_for_eol' [55]  (1.714 ns)

 <State 8>: 2.596ns
The critical path consists of the following:
	'call' operation ('call_ln3820', prj/sol/.autopilot/db/v_mix.cpp:3820->prj/sol/.autopilot/db/v_mix.cpp:730->prj/sol/.autopilot/db/v_mix.cpp:730) to 'AXIvideo2MultiPixStream_Pipeline_loop_wait_for_eol' [55]  (2.596 ns)

 <State 9>: 0.000ns
The critical path consists of the following:


============================================================
+ Verbose Summary: Binding
============================================================
N/A
* FSMD analyzer results:
  - Output states:
 - Input state : 
  - Chain level:
	State 1
	State 2
	State 3
	State 4
	State 5
	State 6
	State 7
	State 8
	State 9


============================================================
+ Verbose Summary: Datapath Resource usage 
============================================================
N/A
