

================================================================
== Vitis HLS Report for 'AXIvideo2MultiPixStream_Pipeline_loop_width'
================================================================
* Date:           Tue Feb 24 12:52:08 2026

* Version:        2025.2 (Build 6295257 on Nov 14 2025)
* Project:        prj
* Solution:       sol (Vivado IP Flow Target)
* Product family: zynq
* Target device:  xc7z020-clg400-2


================================================================
== Performance Estimates
================================================================
+ Timing: 
    * Summary: 
    +--------+---------+----------+------------+
    |  Clock |  Target | Estimated| Uncertainty|
    +--------+---------+----------+------------+
    |ap_clk  |  6.67 ns|  4.078 ns|     1.80 ns|
    +--------+---------+----------+------------+

+ Latency: 
    * Summary: 
    +---------+---------+-----------+-----------+-----+-----+-------------------+
    |  Latency (cycles) |   Latency (absolute)  |  Interval |      Pipeline     |
    |   min   |   max   |    min    |    max    | min | max |        Type       |
    +---------+---------+-----------+-----------+-----+-----+-------------------+
    |        3|     1923|  20.001 ns|  12.821 us|    0|    0|  loop pipeline stp|
    +---------+---------+-----------+-----------+-----+-----+-------------------+

    + Detail: 
        * Instance: 
        N/A

        * Loop: 
        +--------------+---------+---------+----------+-----------+-----------+----------+----------+
        |              |  Latency (cycles) | Iteration|  Initiation Interval  |   Trip   |          |
        |   Loop Name  |   min   |   max   |  Latency |  achieved |   target  |   Count  | Pipelined|
        +--------------+---------+---------+----------+-----------+-----------+----------+----------+
        |- loop_width  |        1|     1921|         3|          1|          1|  0 ~ 1920|       yes|
        +--------------+---------+---------+----------+-----------+-----------+----------+----------+

============================================================
+ Verbose Summary: Synthesis Manager
============================================================
InlineROM: 1
ExposeGlobal: 0
============================================================
+ Verbose Summary: CDFG Model
============================================================
IsTopModel: 0
ResetActiveHigh: 1
IsCombinational: 0
IsDatapathOnly: 0
HasWiredReturn: 1
HasMFsm: 2
HasVarLatency: 1
IsPipeline: 0
IsRtlPipelined: 0
IsInstanceOverlapped: 0
IsDontTouch: 0
HasImplIP: 0
IsGatedGlobalClock: 0

+ Individual pipeline summary: 
  * Pipeline-0: initiation interval (II) = 1, depth = 3


============================================================
+ Verbose Summary: Schedule
============================================================
* Number of FSM states : 3
* Pipeline : 1
  Pipeline-0 : II = 1, D = 3, States = { 1 2 3 }
* Dataflow Pipeline: 0

* FSM state transitions: 
1 --> 2 
2 --> 3 
3 --> 

* FSM state operations: 

State 1 <SV = 0> <Delay = 4.07>
ST_1 : Operation 6 [1/1] (0.00ns)   --->   "%j = alloca i32 1" [prj/sol/.autopilot/db/v_mix.cpp:3775->prj/sol/.autopilot/db/v_mix.cpp:730->prj/sol/.autopilot/db/v_mix.cpp:730]   --->   Operation 6 'alloca' 'j' <Predicate = true> <Delay = 0.00>
ST_1 : Operation 7 [1/1] (0.00ns)   --->   "%p_0_0_0_0144310_i_i = alloca i32 1"   --->   Operation 7 'alloca' 'p_0_0_0_0144310_i_i' <Predicate = true> <Delay = 0.00>
ST_1 : Operation 8 [1/1] (0.00ns)   --->   "%p_4_0_0_0152319_i_i = alloca i32 1"   --->   Operation 8 'alloca' 'p_4_0_0_0152319_i_i' <Predicate = true> <Delay = 0.00>
ST_1 : Operation 9 [1/1] (0.00ns)   --->   "%specaxissidechannel_ln0 = specaxissidechannel void @_ssdm_op_SpecAXISSideChannel, i24 %s_axis_video1_V_data_V, i3 %s_axis_video1_V_keep_V, i3 %s_axis_video1_V_strb_V, i1 %s_axis_video1_V_user_V, i1 %s_axis_video1_V_last_V, i1 %s_axis_video1_V_id_V, i1 %s_axis_video1_V_dest_V, void @empty_20"   --->   Operation 9 'specaxissidechannel' 'specaxissidechannel_ln0' <Predicate = true> <Delay = 0.00>
ST_1 : Operation 10 [1/1] (0.00ns)   --->   "%specinterface_ln0 = specinterface void @_ssdm_op_SpecInterface, i1 %s_axis_video1_V_dest_V, void @empty_11, i32 0, i32 0, void @empty_18, i32 0, i32 0, void @empty_44, void @empty_44, void @empty_44, i32 0, i32 0, i32 0, i32 0, void @empty_44, void @empty_44, i32 4294967295, i32 0, i32 0, i32 0"   --->   Operation 10 'specinterface' 'specinterface_ln0' <Predicate = true> <Delay = 0.00>
ST_1 : Operation 11 [1/1] (0.00ns)   --->   "%specinterface_ln0 = specinterface void @_ssdm_op_SpecInterface, i1 %s_axis_video1_V_id_V, void @empty_11, i32 0, i32 0, void @empty_18, i32 0, i32 0, void @empty_44, void @empty_44, void @empty_44, i32 0, i32 0, i32 0, i32 0, void @empty_44, void @empty_44, i32 4294967295, i32 0, i32 0, i32 0"   --->   Operation 11 'specinterface' 'specinterface_ln0' <Predicate = true> <Delay = 0.00>
ST_1 : Operation 12 [1/1] (0.00ns)   --->   "%specinterface_ln0 = specinterface void @_ssdm_op_SpecInterface, i1 %s_axis_video1_V_last_V, void @empty_11, i32 0, i32 0, void @empty_18, i32 0, i32 0, void @empty_44, void @empty_44, void @empty_44, i32 0, i32 0, i32 0, i32 0, void @empty_44, void @empty_44, i32 4294967295, i32 0, i32 0, i32 0"   --->   Operation 12 'specinterface' 'specinterface_ln0' <Predicate = true> <Delay = 0.00>
ST_1 : Operation 13 [1/1] (0.00ns)   --->   "%specinterface_ln0 = specinterface void @_ssdm_op_SpecInterface, i1 %s_axis_video1_V_user_V, void @empty_11, i32 0, i32 0, void @empty_18, i32 0, i32 0, void @empty_44, void @empty_44, void @empty_44, i32 0, i32 0, i32 0, i32 0, void @empty_44, void @empty_44, i32 4294967295, i32 0, i32 0, i32 0"   --->   Operation 13 'specinterface' 'specinterface_ln0' <Predicate = true> <Delay = 0.00>
ST_1 : Operation 14 [1/1] (0.00ns)   --->   "%specinterface_ln0 = specinterface void @_ssdm_op_SpecInterface, i3 %s_axis_video1_V_strb_V, void @empty_11, i32 0, i32 0, void @empty_18, i32 0, i32 0, void @empty_44, void @empty_44, void @empty_44, i32 0, i32 0, i32 0, i32 0, void @empty_44, void @empty_44, i32 4294967295, i32 0, i32 0, i32 0"   --->   Operation 14 'specinterface' 'specinterface_ln0' <Predicate = true> <Delay = 0.00>
ST_1 : Operation 15 [1/1] (0.00ns)   --->   "%specinterface_ln0 = specinterface void @_ssdm_op_SpecInterface, i3 %s_axis_video1_V_keep_V, void @empty_11, i32 0, i32 0, void @empty_18, i32 0, i32 0, void @empty_44, void @empty_44, void @empty_44, i32 0, i32 0, i32 0, i32 0, void @empty_44, void @empty_44, i32 4294967295, i32 0, i32 0, i32 0"   --->   Operation 15 'specinterface' 'specinterface_ln0' <Predicate = true> <Delay = 0.00>
ST_1 : Operation 16 [1/1] (0.00ns)   --->   "%specinterface_ln0 = specinterface void @_ssdm_op_SpecInterface, i24 %s_axis_video1_V_data_V, void @empty_11, i32 0, i32 0, void @empty_18, i32 0, i32 0, void @empty_44, void @empty_44, void @empty_44, i32 0, i32 0, i32 0, i32 0, void @empty_44, void @empty_44, i32 4294967295, i32 0, i32 0, i32 0"   --->   Operation 16 'specinterface' 'specinterface_ln0' <Predicate = true> <Delay = 0.00>
ST_1 : Operation 17 [1/1] (0.00ns)   --->   "%specinterface_ln0 = specinterface void @_ssdm_op_SpecInterface, i24 %srcLayer1, void @empty_21, i32 0, i32 0, void @empty_44, i32 0, i32 0, void @empty_44, void @empty_44, void @empty_44, i32 0, i32 0, i32 0, i32 0, void @empty_44, void @empty_44, i32 4294967295, i32 0, i32 0, i32 0"   --->   Operation 17 'specinterface' 'specinterface_ln0' <Predicate = true> <Delay = 0.00>
ST_1 : Operation 18 [1/1] (0.00ns)   --->   "%cols_i_read = read i11 @_ssdm_op_Read.ap_auto.i11, i11 %cols_i"   --->   Operation 18 'read' 'cols_i_read' <Predicate = true> <Delay = 0.00>
ST_1 : Operation 19 [1/1] (0.00ns)   --->   "%sof_6_i_read = read i1 @_ssdm_op_Read.ap_auto.i1, i1 %sof_6_i"   --->   Operation 19 'read' 'sof_6_i_read' <Predicate = true> <Delay = 0.00>
ST_1 : Operation 20 [1/1] (0.00ns)   --->   "%p_0_0_0_0144311_lcssa327_i_i_read = read i24 @_ssdm_op_Read.ap_auto.i24, i24 %p_0_0_0_0144311_lcssa327_i_i"   --->   Operation 20 'read' 'p_0_0_0_0144311_lcssa327_i_i_read' <Predicate = true> <Delay = 0.00>
ST_1 : Operation 21 [1/1] (0.00ns)   --->   "%p_4_0_0_0152318_lcssa343_i_i_read = read i1 @_ssdm_op_Read.ap_auto.i1, i1 %p_4_0_0_0152318_lcssa343_i_i"   --->   Operation 21 'read' 'p_4_0_0_0152318_lcssa343_i_i_read' <Predicate = true> <Delay = 0.00>
ST_1 : Operation 22 [1/1] (1.29ns)   --->   "%store_ln0 = store i1 %p_4_0_0_0152318_lcssa343_i_i_read, i1 %p_4_0_0_0152319_i_i"   --->   Operation 22 'store' 'store_ln0' <Predicate = true> <Delay = 1.29>
ST_1 : Operation 23 [1/1] (1.29ns)   --->   "%store_ln0 = store i24 %p_0_0_0_0144311_lcssa327_i_i_read, i24 %p_0_0_0_0144310_i_i"   --->   Operation 23 'store' 'store_ln0' <Predicate = true> <Delay = 1.29>
ST_1 : Operation 24 [1/1] (1.29ns)   --->   "%store_ln3775 = store i11 0, i11 %j" [prj/sol/.autopilot/db/v_mix.cpp:3775->prj/sol/.autopilot/db/v_mix.cpp:730->prj/sol/.autopilot/db/v_mix.cpp:730]   --->   Operation 24 'store' 'store_ln3775' <Predicate = true> <Delay = 1.29>
ST_1 : Operation 25 [1/1] (1.29ns)   --->   "%br_ln3775 = br void %for.body12.i.i" [prj/sol/.autopilot/db/v_mix.cpp:3775->prj/sol/.autopilot/db/v_mix.cpp:730->prj/sol/.autopilot/db/v_mix.cpp:730]   --->   Operation 25 'br' 'br_ln3775' <Predicate = true> <Delay = 1.29>
ST_1 : Operation 26 [1/1] (0.00ns)   --->   "%j_3 = load i11 %j" [prj/sol/.autopilot/db/v_mix.cpp:3775->prj/sol/.autopilot/db/v_mix.cpp:730->prj/sol/.autopilot/db/v_mix.cpp:730]   --->   Operation 26 'load' 'j_3' <Predicate = true> <Delay = 0.00>
ST_1 : Operation 27 [1/1] (1.48ns)   --->   "%icmp_ln3775 = icmp_eq  i11 %j_3, i11 %cols_i_read" [prj/sol/.autopilot/db/v_mix.cpp:3775->prj/sol/.autopilot/db/v_mix.cpp:730->prj/sol/.autopilot/db/v_mix.cpp:730]   --->   Operation 27 'icmp' 'icmp_ln3775' <Predicate = true> <Delay = 1.48> <CoreInst = "Cmp">   --->   Core 9 'Cmp' <Latency = 0> <II = 1> <Delay = 1.48> <FuncUnit> <Opcode : 'seteq' 'setne' 'setle' 'setge' 'setlt' 'setgt'> <InPorts = 2> <OutPorts = 1>
ST_1 : Operation 28 [1/1] (1.48ns)   --->   "%j_4 = add i11 %j_3, i11 1" [prj/sol/.autopilot/db/v_mix.cpp:3775->prj/sol/.autopilot/db/v_mix.cpp:730->prj/sol/.autopilot/db/v_mix.cpp:730]   --->   Operation 28 'add' 'j_4' <Predicate = true> <Delay = 1.48> <CoreInst = "Adder">   --->   Core 1 'Adder' <Latency = 0> <II = 1> <Delay = 1.48> <FuncUnit> <Opcode : 'add' 'sub'> <InPorts = 2> <OutPorts = 1>
ST_1 : Operation 29 [1/1] (0.00ns)   --->   "%br_ln3775 = br i1 %icmp_ln3775, void %for.body12.split.i.i, void %loop_wait_for_eol.i.i.exitStub" [prj/sol/.autopilot/db/v_mix.cpp:3775->prj/sol/.autopilot/db/v_mix.cpp:730->prj/sol/.autopilot/db/v_mix.cpp:730]   --->   Operation 29 'br' 'br_ln3775' <Predicate = true> <Delay = 0.00>
ST_1 : Operation 30 [1/1] (1.29ns)   --->   "%store_ln3775 = store i11 %j_4, i11 %j" [prj/sol/.autopilot/db/v_mix.cpp:3775->prj/sol/.autopilot/db/v_mix.cpp:730->prj/sol/.autopilot/db/v_mix.cpp:730]   --->   Operation 30 'store' 'store_ln3775' <Predicate = (!icmp_ln3775)> <Delay = 1.29>
ST_1 : Operation 31 [1/1] (0.00ns)   --->   "%br_ln3775 = br void %for.body12.i.i" [prj/sol/.autopilot/db/v_mix.cpp:3775->prj/sol/.autopilot/db/v_mix.cpp:730->prj/sol/.autopilot/db/v_mix.cpp:730]   --->   Operation 31 'br' 'br_ln3775' <Predicate = (!icmp_ln3775)> <Delay = 0.00>

State 2 <SV = 1> <Delay = 2.09>
ST_2 : Operation 32 [1/1] (0.00ns)   --->   "%eol = phi i1 0, void %newFuncRoot, i1 %eol_2, void %if.end.i.i"   --->   Operation 32 'phi' 'eol' <Predicate = true> <Delay = 0.00>
ST_2 : Operation 33 [1/1] (0.00ns)   --->   "%sof = phi i1 %sof_6_i_read, void %newFuncRoot, i1 0, void %if.end.i.i"   --->   Operation 33 'phi' 'sof' <Predicate = true> <Delay = 0.00>
ST_2 : Operation 34 [1/1] (0.00ns)   --->   "%speclooptripcount_ln0 = speclooptripcount void @_ssdm_op_SpecLoopTripCount, i64 0, i64 1920, i64 0"   --->   Operation 34 'speclooptripcount' 'speclooptripcount_ln0' <Predicate = true> <Delay = 0.00>
ST_2 : Operation 35 [1/1] (0.00ns)   --->   "%specpipeline_ln3778 = specpipeline void @_ssdm_op_SpecPipeline, i32 1, i32 0, i32 0, i32 0, i32 4294967295, void @empty_44" [prj/sol/.autopilot/db/v_mix.cpp:3778->prj/sol/.autopilot/db/v_mix.cpp:730->prj/sol/.autopilot/db/v_mix.cpp:730]   --->   Operation 35 'specpipeline' 'specpipeline_ln3778' <Predicate = (!icmp_ln3775)> <Delay = 0.00>
ST_2 : Operation 36 [1/1] (0.00ns)   --->   "%specloopname_ln3775 = specloopname void @_ssdm_op_SpecLoopName, void @empty_32" [prj/sol/.autopilot/db/v_mix.cpp:3775->prj/sol/.autopilot/db/v_mix.cpp:730->prj/sol/.autopilot/db/v_mix.cpp:730]   --->   Operation 36 'specloopname' 'specloopname_ln3775' <Predicate = (!icmp_ln3775)> <Delay = 0.00>
ST_2 : Operation 37 [1/1] (0.80ns)   --->   "%or_ln3779 = or i1 %sof, i1 %eol" [prj/sol/.autopilot/db/v_mix.cpp:3779->prj/sol/.autopilot/db/v_mix.cpp:730->prj/sol/.autopilot/db/v_mix.cpp:730]   --->   Operation 37 'or' 'or_ln3779' <Predicate = (!icmp_ln3775)> <Delay = 0.80> <CoreInst = "LogicGate">   --->   Core 74 'LogicGate' <Latency = 0> <II = 1> <Delay = 0.80> <FuncUnit> <Opcode : 'and' 'or' 'xor'> <InPorts = 2> <OutPorts = 1>
ST_2 : Operation 38 [1/1] (0.00ns)   --->   "%br_ln3779 = br i1 %or_ln3779, void %if.else.i.i, void %if.end.i.i" [prj/sol/.autopilot/db/v_mix.cpp:3779->prj/sol/.autopilot/db/v_mix.cpp:730->prj/sol/.autopilot/db/v_mix.cpp:730]   --->   Operation 38 'br' 'br_ln3779' <Predicate = (!icmp_ln3775)> <Delay = 0.00>
ST_2 : Operation 39 [1/1] ( I:0.41ns O:0.41ns )   --->   "%empty = read i34 @_ssdm_op_Read.axis.volatile.i24P0A.i3P0A.i3P0A.i1P0A.i1P0A.i1P0A.i1P0A, i24 %s_axis_video1_V_data_V, i3 %s_axis_video1_V_keep_V, i3 %s_axis_video1_V_strb_V, i1 %s_axis_video1_V_user_V, i1 %s_axis_video1_V_last_V, i1 %s_axis_video1_V_id_V, i1 %s_axis_video1_V_dest_V" [prj/sol/.autopilot/db/v_mix.cpp:3786->prj/sol/.autopilot/db/v_mix.cpp:730->prj/sol/.autopilot/db/v_mix.cpp:730]   --->   Operation 39 'read' 'empty' <Predicate = (!icmp_ln3775 & !or_ln3779)> <Delay = 0.41> <CoreInst = "regslice">   --->   Core 135 'regslice' <Latency = 0> <II = 1> <Delay = 1.52> <Adapter> <Opcode : 'read' 'write'>
ST_2 : Operation 40 [1/1] (0.00ns)   --->   "%p_s = extractvalue i34 %empty" [prj/sol/.autopilot/db/v_mix.cpp:3786->prj/sol/.autopilot/db/v_mix.cpp:730->prj/sol/.autopilot/db/v_mix.cpp:730]   --->   Operation 40 'extractvalue' 'p_s' <Predicate = (!icmp_ln3775 & !or_ln3779)> <Delay = 0.00>
ST_2 : Operation 41 [1/1] (0.00ns)   --->   "%eol_1 = extractvalue i34 %empty" [prj/sol/.autopilot/db/v_mix.cpp:3786->prj/sol/.autopilot/db/v_mix.cpp:730->prj/sol/.autopilot/db/v_mix.cpp:730]   --->   Operation 41 'extractvalue' 'eol_1' <Predicate = (!icmp_ln3775 & !or_ln3779)> <Delay = 0.00>
ST_2 : Operation 42 [1/1] (1.29ns)   --->   "%store_ln3786 = store i1 %eol_1, i1 %p_4_0_0_0152319_i_i" [prj/sol/.autopilot/db/v_mix.cpp:3786->prj/sol/.autopilot/db/v_mix.cpp:730->prj/sol/.autopilot/db/v_mix.cpp:730]   --->   Operation 42 'store' 'store_ln3786' <Predicate = (!icmp_ln3775 & !or_ln3779)> <Delay = 1.29>
ST_2 : Operation 43 [1/1] (1.29ns)   --->   "%store_ln3786 = store i24 %p_s, i24 %p_0_0_0_0144310_i_i" [prj/sol/.autopilot/db/v_mix.cpp:3786->prj/sol/.autopilot/db/v_mix.cpp:730->prj/sol/.autopilot/db/v_mix.cpp:730]   --->   Operation 43 'store' 'store_ln3786' <Predicate = (!icmp_ln3775 & !or_ln3779)> <Delay = 1.29>
ST_2 : Operation 44 [1/1] (0.00ns)   --->   "%br_ln0 = br void %if.end.i.i"   --->   Operation 44 'br' 'br_ln0' <Predicate = (!icmp_ln3775 & !or_ln3779)> <Delay = 0.00>
ST_2 : Operation 51 [1/1] (0.00ns)   --->   "%p_0_0_0_0144310_i_i_load = load i24 %p_0_0_0_0144310_i_i"   --->   Operation 51 'load' 'p_0_0_0_0144310_i_i_load' <Predicate = (icmp_ln3775)> <Delay = 0.00>
ST_2 : Operation 52 [1/1] (0.00ns)   --->   "%p_4_0_0_0152319_i_i_load = load i1 %p_4_0_0_0152319_i_i"   --->   Operation 52 'load' 'p_4_0_0_0152319_i_i_load' <Predicate = (icmp_ln3775)> <Delay = 0.00>
ST_2 : Operation 53 [1/1] (0.00ns)   --->   "%write_ln0 = write void @_ssdm_op_Write.ap_auto.i1P0A, i1 %p_4_0_0_0152319_i_i_out, i1 %p_4_0_0_0152319_i_i_load"   --->   Operation 53 'write' 'write_ln0' <Predicate = (icmp_ln3775)> <Delay = 0.00>
ST_2 : Operation 54 [1/1] (0.00ns)   --->   "%write_ln0 = write void @_ssdm_op_Write.ap_auto.i24P0A, i24 %p_0_0_0_0144310_i_i_out, i24 %p_0_0_0_0144310_i_i_load"   --->   Operation 54 'write' 'write_ln0' <Predicate = (icmp_ln3775)> <Delay = 0.00>
ST_2 : Operation 55 [1/1] (1.29ns)   --->   "%ret_ln0 = ret"   --->   Operation 55 'ret' 'ret_ln0' <Predicate = (icmp_ln3775)> <Delay = 1.29>

State 3 <SV = 2> <Delay = 3.39>
ST_3 : Operation 45 [1/1] (0.00ns)   --->   "%axi_data = load i24 %p_0_0_0_0144310_i_i" [prj/sol/.autopilot/db/v_mix.cpp:3817->prj/sol/.autopilot/db/v_mix.cpp:730->prj/sol/.autopilot/db/v_mix.cpp:730]   --->   Operation 45 'load' 'axi_data' <Predicate = (!icmp_ln3775)> <Delay = 0.00>
ST_3 : Operation 46 [1/1] (0.00ns)   --->   "%eol_2 = load i1 %p_4_0_0_0152319_i_i"   --->   Operation 46 'load' 'eol_2' <Predicate = (!icmp_ln3775)> <Delay = 0.00>
ST_3 : Operation 47 [1/1] (0.00ns)   --->   "%tmp_1_i_i = partselect i8 @_ssdm_op_PartSelect.i8.i24.i32, i24 %axi_data, i32 16" [hdmi_vmix.gen/sources_1/bd/top_design/ip/top_design_v_mix_0_0/src/hls/hls_axi_io.h:63->hdmi_vmix.gen/sources_1/bd/top_design/ip/top_design_v_mix_0_0/src/hls/hls_axi_io.h:85->prj/sol/.autopilot/db/v_mix.cpp:3801->prj/sol/.autopilot/db/v_mix.cpp:730->prj/sol/.autopilot/db/v_mix.cpp:730]   --->   Operation 47 'partselect' 'tmp_1_i_i' <Predicate = (!icmp_ln3775)> <Delay = 0.00>
ST_3 : Operation 48 [1/1] (0.00ns)   --->   "%trunc_ln3817 = trunc i24 %axi_data" [prj/sol/.autopilot/db/v_mix.cpp:3817->prj/sol/.autopilot/db/v_mix.cpp:730->prj/sol/.autopilot/db/v_mix.cpp:730]   --->   Operation 48 'trunc' 'trunc_ln3817' <Predicate = (!icmp_ln3775)> <Delay = 0.00>
ST_3 : Operation 49 [1/1] (0.00ns)   --->   "%or_ln3817_6_i_i = bitconcatenate i24 @_ssdm_op_BitConcatenate.i24.i16.i8, i16 %trunc_ln3817, i8 %tmp_1_i_i" [prj/sol/.autopilot/db/v_mix.cpp:3817->prj/sol/.autopilot/db/v_mix.cpp:730->prj/sol/.autopilot/db/v_mix.cpp:730]   --->   Operation 49 'bitconcatenate' 'or_ln3817_6_i_i' <Predicate = (!icmp_ln3775)> <Delay = 0.00>
ST_3 : Operation 50 [1/1] ( I:2.43ns O:2.43ns )   --->   "%write_ln3817 = write void @_ssdm_op_Write.ap_fifo.volatile.i24P0A, i24 %srcLayer1, i24 %or_ln3817_6_i_i" [prj/sol/.autopilot/db/v_mix.cpp:3817->prj/sol/.autopilot/db/v_mix.cpp:730->prj/sol/.autopilot/db/v_mix.cpp:730]   --->   Operation 50 'write' 'write_ln3817' <Predicate = (!icmp_ln3775)> <Delay = 2.43> <CoreInst = "FIFO_SRL">   --->   Core 80 'FIFO_SRL' <Latency = 0> <II = 1> <Delay = 3.40> <Storage> <Opcode : 'read' 'write' 'nbread' 'nbwrite'> <Ports = 0> <Width = 24> <Depth = 2> <FIFO>


============================================================
+ Verbose Summary: Timing violations
============================================================
Target clock period: 6.667ns, clock uncertainty: 1.800ns.

 <State 1>: 4.078ns
The critical path consists of the following:
	'store' operation ('store_ln3775', prj/sol/.autopilot/db/v_mix.cpp:3775->prj/sol/.autopilot/db/v_mix.cpp:730->prj/sol/.autopilot/db/v_mix.cpp:730) of constant 0 11 bit on local variable 'j', prj/sol/.autopilot/db/v_mix.cpp:3775->prj/sol/.autopilot/db/v_mix.cpp:730->prj/sol/.autopilot/db/v_mix.cpp:730 [33]  (1.298 ns)
	'load' operation 11 bit ('j', prj/sol/.autopilot/db/v_mix.cpp:3775->prj/sol/.autopilot/db/v_mix.cpp:730->prj/sol/.autopilot/db/v_mix.cpp:730) on local variable 'j', prj/sol/.autopilot/db/v_mix.cpp:3775->prj/sol/.autopilot/db/v_mix.cpp:730->prj/sol/.autopilot/db/v_mix.cpp:730 [38]  (0.000 ns)
	'add' operation 11 bit ('j', prj/sol/.autopilot/db/v_mix.cpp:3775->prj/sol/.autopilot/db/v_mix.cpp:730->prj/sol/.autopilot/db/v_mix.cpp:730) [41]  (1.482 ns)
	'store' operation ('store_ln3775', prj/sol/.autopilot/db/v_mix.cpp:3775->prj/sol/.autopilot/db/v_mix.cpp:730->prj/sol/.autopilot/db/v_mix.cpp:730) of variable 'j', prj/sol/.autopilot/db/v_mix.cpp:3775->prj/sol/.autopilot/db/v_mix.cpp:730->prj/sol/.autopilot/db/v_mix.cpp:730 11 bit on local variable 'j', prj/sol/.autopilot/db/v_mix.cpp:3775->prj/sol/.autopilot/db/v_mix.cpp:730->prj/sol/.autopilot/db/v_mix.cpp:730 [62]  (1.298 ns)

 <State 2>: 2.098ns
The critical path consists of the following:
	'phi' operation 1 bit ('eol') with incoming values : ('eol') [36]  (0.000 ns)
	'or' operation 1 bit ('or_ln3779', prj/sol/.autopilot/db/v_mix.cpp:3779->prj/sol/.autopilot/db/v_mix.cpp:730->prj/sol/.autopilot/db/v_mix.cpp:730) [46]  (0.800 ns)
	'store' operation ('store_ln3786', prj/sol/.autopilot/db/v_mix.cpp:3786->prj/sol/.autopilot/db/v_mix.cpp:730->prj/sol/.autopilot/db/v_mix.cpp:730) of variable 'eol', prj/sol/.autopilot/db/v_mix.cpp:3786->prj/sol/.autopilot/db/v_mix.cpp:730->prj/sol/.autopilot/db/v_mix.cpp:730 1 bit on local variable 'p_4_0_0_0152319_i_i' [52]  (1.298 ns)

 <State 3>: 3.396ns
The critical path consists of the following:
	'load' operation 1 bit ('eol') on local variable 'p_4_0_0_0152319_i_i' [57]  (0.000 ns)
	multiplexor before 'phi' operation 1 bit ('eol') with incoming values : ('eol') [36]  (1.298 ns)
	'phi' operation 1 bit ('eol') with incoming values : ('eol') [36]  (0.000 ns)
	'or' operation 1 bit ('or_ln3779', prj/sol/.autopilot/db/v_mix.cpp:3779->prj/sol/.autopilot/db/v_mix.cpp:730->prj/sol/.autopilot/db/v_mix.cpp:730) [46]  (0.800 ns)
	'store' operation ('store_ln3786', prj/sol/.autopilot/db/v_mix.cpp:3786->prj/sol/.autopilot/db/v_mix.cpp:730->prj/sol/.autopilot/db/v_mix.cpp:730) of variable 'eol', prj/sol/.autopilot/db/v_mix.cpp:3786->prj/sol/.autopilot/db/v_mix.cpp:730->prj/sol/.autopilot/db/v_mix.cpp:730 1 bit on local variable 'p_4_0_0_0152319_i_i' [52]  (1.298 ns)


============================================================
+ Verbose Summary: Binding
============================================================
N/A
* FSMD analyzer results:
  - Output states:
 - Input state : 
  - Chain level:
	State 1
	State 2
	State 3


============================================================
+ Verbose Summary: Datapath Resource usage 
============================================================
N/A
