

================================================================
== Vitis HLS Report for 'Bytes2MultiPixStream_10_Pipeline_VITIS_LOOP_1104_2'
================================================================
* Date:           Tue Feb 10 17:47:00 2026

* Version:        2025.2 (Build 6295257 on Nov 14 2025)
* Project:        prj
* Solution:       sol (Vivado IP Flow Target)
* Product family: zynq
* Target device:  xc7z020-clg400-2


================================================================
== Performance Estimates
================================================================
+ Timing: 
    * Summary: 
    +--------+---------+----------+------------+
    |  Clock |  Target | Estimated| Uncertainty|
    +--------+---------+----------+------------+
    |ap_clk  |  6.75 ns|  4.141 ns|     1.82 ns|
    +--------+---------+----------+------------+

+ Latency: 
    * Summary: 
    +---------+---------+-----------+----------+-----+-----+-------------------+
    |  Latency (cycles) |  Latency (absolute)  |  Interval |      Pipeline     |
    |   min   |   max   |    min    |    max   | min | max |        Type       |
    +---------+---------+-----------+----------+-----+-----+-------------------+
    |        2|    65538|  13.500 ns|  0.442 ms|    0|    0|  loop pipeline stp|
    +---------+---------+-----------+----------+-----+-----+-------------------+

    + Detail: 
        * Instance: 
        N/A

        * Loop: 
        +---------------------+---------+---------+----------+-----------+-----------+-----------+----------+
        |                     |  Latency (cycles) | Iteration|  Initiation Interval  |    Trip   |          |
        |      Loop Name      |   min   |   max   |  Latency |  achieved |   target  |   Count   | Pipelined|
        +---------------------+---------+---------+----------+-----------+-----------+-----------+----------+
        |- VITIS_LOOP_1104_2  |        0|    65536|         3|          1|          1|  0 ~ 65535|       yes|
        +---------------------+---------+---------+----------+-----------+-----------+-----------+----------+

============================================================
+ Verbose Summary: Synthesis Manager
============================================================
InlineROM: 1
ExposeGlobal: 0
============================================================
+ Verbose Summary: CDFG Model
============================================================
IsTopModel: 0
ResetActiveHigh: 1
IsCombinational: 0
IsDatapathOnly: 0
HasWiredReturn: 1
HasMFsm: 2
HasVarLatency: 1
IsPipeline: 0
IsRtlPipelined: 0
IsInstanceOverlapped: 0
IsDontTouch: 0
HasImplIP: 0
IsGatedGlobalClock: 0

+ Individual pipeline summary: 
  * Pipeline-0: initiation interval (II) = 1, depth = 3


============================================================
+ Verbose Summary: Schedule
============================================================
* Number of FSM states : 3
* Pipeline : 1
  Pipeline-0 : II = 1, D = 3, States = { 1 2 3 }
* Dataflow Pipeline: 0

* FSM state transitions: 
1 --> 2 
2 --> 3 
3 --> 

* FSM state operations: 

State 1 <SV = 0> <Delay = 4.14>
ST_1 : Operation 6 [1/1] (0.00ns)   --->   "%fb_pix = alloca i32 1" [prj/sol/.autopilot/db/v_dma.cpp:1103]   --->   Operation 6 'alloca' 'fb_pix' <Predicate = true> <Delay = 0.00>
ST_1 : Operation 7 [1/1] (0.00ns)   --->   "%x_04 = alloca i32 1" [prj/sol/.autopilot/db/v_dma.cpp:1104]   --->   Operation 7 'alloca' 'x_04' <Predicate = true> <Delay = 0.00>
ST_1 : Operation 8 [1/1] (0.00ns)   --->   "%specstablecontent_ln0 = specstablecontent void @_ssdm_op_SpecStableContent, i16 %Width, i1 1, void @p_str"   --->   Operation 8 'specstablecontent' 'specstablecontent_ln0' <Predicate = true> <Delay = 0.00>
ST_1 : Operation 9 [1/1] (0.00ns)   --->   "%specinterface_ln0 = specinterface void @_ssdm_op_SpecInterface, i24 %srcLayer1, void @empty_40, i32 0, i32 0, void @empty_44, i32 0, i32 0, void @empty_44, void @empty_44, void @empty_44, i32 0, i32 0, i32 0, i32 0, void @empty_44, void @empty_44, i32 4294967295, i32 0, i32 0, i32 0"   --->   Operation 9 'specinterface' 'specinterface_ln0' <Predicate = true> <Delay = 0.00>
ST_1 : Operation 10 [1/1] (0.00ns)   --->   "%specinterface_ln0 = specinterface void @_ssdm_op_SpecInterface, i64 %bytesLayer1_plane0, void @empty_40, i32 0, i32 0, void @empty_44, i32 0, i32 0, void @empty_44, void @empty_44, void @empty_44, i32 0, i32 0, i32 0, i32 0, void @empty_44, void @empty_44, i32 4294967295, i32 0, i32 0, i32 0"   --->   Operation 10 'specinterface' 'specinterface_ln0' <Predicate = true> <Delay = 0.00>
ST_1 : Operation 11 [1/1] (0.00ns)   --->   "%Width_read = read i16 @_ssdm_op_Read.ap_auto.i16, i16 %Width" [prj/sol/.autopilot/db/v_dma.cpp:1081]   --->   Operation 11 'read' 'Width_read' <Predicate = true> <Delay = 0.00>
ST_1 : Operation 12 [1/1] (1.29ns)   --->   "%store_ln1104 = store i16 0, i16 %x_04" [prj/sol/.autopilot/db/v_dma.cpp:1104]   --->   Operation 12 'store' 'store_ln1104' <Predicate = true> <Delay = 1.29>
ST_1 : Operation 13 [1/1] (1.32ns)   --->   "%store_ln1103 = store i64 0, i64 %fb_pix" [prj/sol/.autopilot/db/v_dma.cpp:1103]   --->   Operation 13 'store' 'store_ln1103' <Predicate = true> <Delay = 1.32>
ST_1 : Operation 14 [1/1] (0.00ns)   --->   "%br_ln1104 = br void %for.body5" [prj/sol/.autopilot/db/v_dma.cpp:1104]   --->   Operation 14 'br' 'br_ln1104' <Predicate = true> <Delay = 0.00>
ST_1 : Operation 15 [1/1] (0.00ns)   --->   "%x = load i16 %x_04" [prj/sol/.autopilot/db/v_dma.cpp:1104]   --->   Operation 15 'load' 'x' <Predicate = true> <Delay = 0.00>
ST_1 : Operation 16 [1/1] (1.54ns)   --->   "%icmp_ln1104 = icmp_eq  i16 %x, i16 %Width_read" [prj/sol/.autopilot/db/v_dma.cpp:1104]   --->   Operation 16 'icmp' 'icmp_ln1104' <Predicate = true> <Delay = 1.54> <CoreInst = "Cmp">   --->   Core 9 'Cmp' <Latency = 0> <II = 1> <Delay = 1.54> <FuncUnit> <Opcode : 'seteq' 'setne' 'setle' 'setge' 'setlt' 'setgt'> <InPorts = 2> <OutPorts = 1>
ST_1 : Operation 17 [1/1] (1.54ns)   --->   "%x_19 = add i16 %x, i16 1" [prj/sol/.autopilot/db/v_dma.cpp:1104]   --->   Operation 17 'add' 'x_19' <Predicate = true> <Delay = 1.54> <CoreInst = "Adder">   --->   Core 1 'Adder' <Latency = 0> <II = 1> <Delay = 1.54> <FuncUnit> <Opcode : 'add' 'sub'> <InPorts = 2> <OutPorts = 1>
ST_1 : Operation 18 [1/1] (0.00ns)   --->   "%br_ln1104 = br i1 %icmp_ln1104, void %for.body5.split, void %for.inc61.exitStub" [prj/sol/.autopilot/db/v_dma.cpp:1104]   --->   Operation 18 'br' 'br_ln1104' <Predicate = true> <Delay = 0.00>
ST_1 : Operation 19 [1/1] (0.00ns)   --->   "%specpipeline_ln1106 = specpipeline void @_ssdm_op_SpecPipeline, i32 1, i32 0, i32 0, i32 0, i32 4294967295, void @empty_44" [prj/sol/.autopilot/db/v_dma.cpp:1106]   --->   Operation 19 'specpipeline' 'specpipeline_ln1106' <Predicate = (!icmp_ln1104)> <Delay = 0.00>
ST_1 : Operation 20 [1/1] (0.00ns)   --->   "%speclooptripcount_ln1103 = speclooptripcount void @_ssdm_op_SpecLoopTripCount, i64 0, i64 65535, i64 32767" [prj/sol/.autopilot/db/v_dma.cpp:1103]   --->   Operation 20 'speclooptripcount' 'speclooptripcount_ln1103' <Predicate = (!icmp_ln1104)> <Delay = 0.00>
ST_1 : Operation 21 [1/1] (0.00ns)   --->   "%specloopname_ln1104 = specloopname void @_ssdm_op_SpecLoopName, void @empty_45" [prj/sol/.autopilot/db/v_dma.cpp:1104]   --->   Operation 21 'specloopname' 'specloopname_ln1104' <Predicate = (!icmp_ln1104)> <Delay = 0.00>
ST_1 : Operation 22 [1/1] (0.00ns)   --->   "%xmodratio = trunc i16 %x" [prj/sol/.autopilot/db/v_dma.cpp:1107]   --->   Operation 22 'trunc' 'xmodratio' <Predicate = (!icmp_ln1104)> <Delay = 0.00>
ST_1 : Operation 23 [1/1] (0.00ns)   --->   "%br_ln1108 = br i1 %xmodratio, void %if.then9, void %_ZrSILi64ELb0EER11ap_int_baseIXT_EXT0_EES2_i.exit" [prj/sol/.autopilot/db/v_dma.cpp:1108]   --->   Operation 23 'br' 'br_ln1108' <Predicate = (!icmp_ln1104)> <Delay = 0.00>
ST_1 : Operation 24 [1/1] (1.29ns)   --->   "%store_ln1104 = store i16 %x_19, i16 %x_04" [prj/sol/.autopilot/db/v_dma.cpp:1104]   --->   Operation 24 'store' 'store_ln1104' <Predicate = (!icmp_ln1104)> <Delay = 1.29>

State 2 <SV = 1> <Delay = 3.78>
ST_2 : Operation 25 [1/1] ( I:2.46ns O:2.46ns )   --->   "%fb_pix_2 = read i64 @_ssdm_op_Read.ap_fifo.volatile.i64P0A, i64 %bytesLayer1_plane0" [prj/sol/.autopilot/db/v_dma.cpp:1110]   --->   Operation 25 'read' 'fb_pix_2' <Predicate = (!xmodratio)> <Delay = 2.46> <CoreInst = "FIFO_SRL">   --->   Core 80 'FIFO_SRL' <Latency = 0> <II = 1> <Delay = 3.40> <Storage> <Opcode : 'read' 'write' 'nbread' 'nbwrite'> <Ports = 0> <Width = 64> <Depth = 2> <FIFO>
ST_2 : Operation 26 [1/1] (1.32ns)   --->   "%store_ln1103 = store i64 %fb_pix_2, i64 %fb_pix" [prj/sol/.autopilot/db/v_dma.cpp:1103]   --->   Operation 26 'store' 'store_ln1103' <Predicate = (!xmodratio)> <Delay = 1.32>
ST_2 : Operation 27 [1/1] (0.00ns)   --->   "%br_ln1111 = br void %for.inc" [prj/sol/.autopilot/db/v_dma.cpp:1111]   --->   Operation 27 'br' 'br_ln1111' <Predicate = (!xmodratio)> <Delay = 0.00>
ST_2 : Operation 28 [1/1] (0.00ns)   --->   "%fb_pix_load = load i64 %fb_pix" [prj/sol/.autopilot/db/v_dma.cpp:1114]   --->   Operation 28 'load' 'fb_pix_load' <Predicate = (xmodratio)> <Delay = 0.00>
ST_2 : Operation 29 [1/1] (0.00ns)   --->   "%fb_pix_1 = partselect i32 @_ssdm_op_PartSelect.i32.i64.i32.i32, i64 %fb_pix_load, i32 32, i32 63" [prj/sol/.autopilot/db/v_dma.cpp:1114]   --->   Operation 29 'partselect' 'fb_pix_1' <Predicate = (xmodratio)> <Delay = 0.00>
ST_2 : Operation 30 [1/1] (0.00ns)   --->   "%zext_ln1114 = zext i32 %fb_pix_1" [prj/sol/.autopilot/db/v_dma.cpp:1114]   --->   Operation 30 'zext' 'zext_ln1114' <Predicate = (xmodratio)> <Delay = 0.00>
ST_2 : Operation 31 [1/1] (1.32ns)   --->   "%store_ln1103 = store i64 %zext_ln1114, i64 %fb_pix" [prj/sol/.autopilot/db/v_dma.cpp:1103]   --->   Operation 31 'store' 'store_ln1103' <Predicate = (xmodratio)> <Delay = 1.32>
ST_2 : Operation 32 [1/1] (0.00ns)   --->   "%br_ln0 = br void %for.inc"   --->   Operation 32 'br' 'br_ln0' <Predicate = (xmodratio)> <Delay = 0.00>
ST_2 : Operation 37 [1/1] (1.29ns)   --->   "%ret_ln0 = ret"   --->   Operation 37 'ret' 'ret_ln0' <Predicate = (icmp_ln1104)> <Delay = 1.29>

State 3 <SV = 2> <Delay = 2.46>
ST_3 : Operation 33 [1/1] (0.00ns)   --->   "%fb_pix_3 = load i64 %fb_pix" [prj/sol/.autopilot/db/v_dma.cpp:1126]   --->   Operation 33 'load' 'fb_pix_3' <Predicate = true> <Delay = 0.00>
ST_3 : Operation 34 [1/1] (0.00ns)   --->   "%trunc_ln1126 = trunc i64 %fb_pix_3" [prj/sol/.autopilot/db/v_dma.cpp:1126]   --->   Operation 34 'trunc' 'trunc_ln1126' <Predicate = true> <Delay = 0.00>
ST_3 : Operation 35 [1/1] ( I:2.46ns O:2.46ns )   --->   "%write_ln1126 = write void @_ssdm_op_Write.ap_fifo.volatile.i24P0A, i24 %srcLayer1, i24 %trunc_ln1126" [prj/sol/.autopilot/db/v_dma.cpp:1126]   --->   Operation 35 'write' 'write_ln1126' <Predicate = true> <Delay = 2.46> <CoreInst = "FIFO_SRL">   --->   Core 80 'FIFO_SRL' <Latency = 0> <II = 1> <Delay = 3.40> <Storage> <Opcode : 'read' 'write' 'nbread' 'nbwrite'> <Ports = 0> <Width = 24> <Depth = 2> <FIFO>
ST_3 : Operation 36 [1/1] (0.00ns)   --->   "%br_ln1104 = br void %for.body5" [prj/sol/.autopilot/db/v_dma.cpp:1104]   --->   Operation 36 'br' 'br_ln1104' <Predicate = true> <Delay = 0.00>


============================================================
+ Verbose Summary: Timing violations
============================================================
Target clock period: 6.750ns, clock uncertainty: 1.822ns.

 <State 1>: 4.141ns
The critical path consists of the following:
	'store' operation ('store_ln1104', prj/sol/.autopilot/db/v_dma.cpp:1104) of constant 0 16 bit on local variable 'x', prj/sol/.autopilot/db/v_dma.cpp:1104 [10]  (1.298 ns)
	'load' operation 16 bit ('x', prj/sol/.autopilot/db/v_dma.cpp:1104) on local variable 'x', prj/sol/.autopilot/db/v_dma.cpp:1104 [14]  (0.000 ns)
	'icmp' operation 1 bit ('icmp_ln1104', prj/sol/.autopilot/db/v_dma.cpp:1104) [15]  (1.545 ns)
	'store' operation ('store_ln1104', prj/sol/.autopilot/db/v_dma.cpp:1104) of variable 'x', prj/sol/.autopilot/db/v_dma.cpp:1104 16 bit on local variable 'x', prj/sol/.autopilot/db/v_dma.cpp:1104 [38]  (1.298 ns)

 <State 2>: 3.789ns
The critical path consists of the following:
	fifo read operation ('fb_pix', prj/sol/.autopilot/db/v_dma.cpp:1110) on port 'bytesLayer1_plane0' (prj/sol/.autopilot/db/v_dma.cpp:1110) [25]  (2.464 ns)
	'store' operation ('store_ln1103', prj/sol/.autopilot/db/v_dma.cpp:1103) of variable 'fb_pix', prj/sol/.autopilot/db/v_dma.cpp:1110 64 bit on local variable 'fb_pix', prj/sol/.autopilot/db/v_dma.cpp:1103 [26]  (1.325 ns)

 <State 3>: 2.464ns
The critical path consists of the following:
	'load' operation 64 bit ('fb_pix', prj/sol/.autopilot/db/v_dma.cpp:1126) on local variable 'fb_pix', prj/sol/.autopilot/db/v_dma.cpp:1103 [35]  (0.000 ns)
	fifo write operation ('write_ln1126', prj/sol/.autopilot/db/v_dma.cpp:1126) on port 'srcLayer1' (prj/sol/.autopilot/db/v_dma.cpp:1126) [37]  (2.464 ns)


============================================================
+ Verbose Summary: Binding
============================================================
N/A
* FSMD analyzer results:
  - Output states:
 - Input state : 
  - Chain level:
	State 1
	State 2
	State 3


============================================================
+ Verbose Summary: Datapath Resource usage 
============================================================
N/A
