

================================================================
== Vitis HLS Report for 'v_mix_upsample_false_s'
================================================================
* Date:           Tue Feb 24 12:52:09 2026

* Version:        2025.2 (Build 6295257 on Nov 14 2025)
* Project:        prj
* Solution:       sol (Vivado IP Flow Target)
* Product family: zynq
* Target device:  xc7z020-clg400-2


================================================================
== Performance Estimates
================================================================
+ Timing: 
    * Summary: 
    +--------+---------+----------+------------+
    |  Clock |  Target | Estimated| Uncertainty|
    +--------+---------+----------+------------+
    |ap_clk  |  6.67 ns|  4.867 ns|     1.80 ns|
    +--------+---------+----------+------------+

+ Latency: 
    * Summary: 
    +---------+---------+----------+-----------+-----+---------+---------+
    |  Latency (cycles) |  Latency (absolute)  |    Interval   | Pipeline|
    |   min   |   max   |    min   |    max    | min |   max   |   Type  |
    +---------+---------+----------+-----------+-----+---------+---------+
    |        1|  2079001|  6.667 ns|  13.861 ms|    1|  2079001|       no|
    +---------+---------+----------+-----------+-----+---------+---------+

    + Detail: 
        * Instance: 
        +----------------------------------------------------------+------------------------------------------------+---------+---------+-----------+-----------+-----+-----+-------------------+
        |                                                          |                                                |  Latency (cycles) |   Latency (absolute)  |  Interval |      Pipeline     |
        |                         Instance                         |                     Module                     |   min   |   max   |    min    |    max    | min | max |        Type       |
        +----------------------------------------------------------+------------------------------------------------+---------+---------+-----------+-----------+-----+-----+-------------------+
        |grp_v_mix_upsample_false_Pipeline_VITIS_LOOP_107_2_fu_70  |v_mix_upsample_false_Pipeline_VITIS_LOOP_107_2  |        2|     1922|  13.334 ns|  12.814 us|    0|    0|  loop pipeline stp|
        +----------------------------------------------------------+------------------------------------------------+---------+---------+-----------+-----------+-----+-----+-------------------+

        * Loop: 
        +--------------------+---------+---------+----------+-----------+-----------+----------+----------+
        |                    |  Latency (cycles) | Iteration|  Initiation Interval  |   Trip   |          |
        |      Loop Name     |   min   |   max   |  Latency |  achieved |   target  |   Count  | Pipelined|
        +--------------------+---------+---------+----------+-----------+-----------+----------+----------+
        |- VITIS_LOOP_105_1  |        0|  2079000|  5 ~ 1925|          -|          -|  0 ~ 1080|        no|
        +--------------------+---------+---------+----------+-----------+-----------+----------+----------+



================================================================
== Utilization Estimates
================================================================
* Summary: 
+-----------------+---------+-----+--------+-------+-----+
|       Name      | BRAM_18K| DSP |   FF   |  LUT  | URAM|
+-----------------+---------+-----+--------+-------+-----+
|DSP              |        -|    -|       -|      -|    -|
|Expression       |        -|    -|       0|     23|    -|
|FIFO             |        -|    -|       -|      -|    -|
|Instance         |        -|    -|      14|     80|    -|
|Memory           |        -|    -|       -|      -|    -|
|Multiplexer      |        -|    -|       0|     39|    -|
|Register         |        -|    -|      51|      -|    -|
+-----------------+---------+-----+--------+-------+-----+
|Total            |        0|    0|      65|    142|    0|
+-----------------+---------+-----+--------+-------+-----+
|Available        |      280|  220|  106400|  53200|    0|
+-----------------+---------+-----+--------+-------+-----+
|Utilization (%)  |        0|    0|      ~0|     ~0|    0|
+-----------------+---------+-----+--------+-------+-----+

+ Detail: 
    * Instance: 
    +----------------------------------------------------------+------------------------------------------------+---------+----+----+----+-----+
    |                         Instance                         |                     Module                     | BRAM_18K| DSP| FF | LUT| URAM|
    +----------------------------------------------------------+------------------------------------------------+---------+----+----+----+-----+
    |grp_v_mix_upsample_false_Pipeline_VITIS_LOOP_107_2_fu_70  |v_mix_upsample_false_Pipeline_VITIS_LOOP_107_2  |        0|   0|  14|  80|    0|
    +----------------------------------------------------------+------------------------------------------------+---------+----+----+----+-----+
    |Total                                                     |                                                |        0|   0|  14|  80|    0|
    +----------------------------------------------------------+------------------------------------------------+---------+----+----+----+-----+

    * DSP: 
    N/A

    * Memory: 
    N/A

    * FIFO: 
    N/A

    * Expression: 
    +---------------------+----------+----+---+----+------------+------------+
    |    Variable Name    | Operation| DSP| FF| LUT| Bitwidth P0| Bitwidth P1|
    +---------------------+----------+----+---+----+------------+------------+
    |y_6_fu_92_p2         |         +|   0|  0|  11|          11|           1|
    |icmp_ln105_fu_87_p2  |      icmp|   0|  0|  11|          11|          11|
    |ap_block_state1      |        or|   0|  0|   1|           1|           1|
    +---------------------+----------+----+---+----+------------+------------+
    |Total                |          |   0|  0|  23|          23|          13|
    +---------------------+----------+----+---+----+------------+------------+

    * Multiplexer: 
    +-----------+----+-----------+-----+-----------+
    |    Name   | LUT| Input Size| Bits| Total Bits|
    +-----------+----+-----------+-----+-----------+
    |ap_NS_fsm  |  21|          5|    1|          5|
    |ap_done    |   9|          2|    1|          2|
    |y_fu_48    |   9|          2|   11|         22|
    +-----------+----+-----------+-----+-----------+
    |Total      |  39|          9|   13|         29|
    +-----------+----+-----------+-----+-----------+

    * Register: 
    +-----------------------------------------------------------------------+----+----+-----+-----------+
    |                                  Name                                 | FF | LUT| Bits| Const Bits|
    +-----------------------------------------------------------------------+----+----+-----+-----------+
    |HwReg_layerEnableFlag_1_val_read_reg_102                               |   1|   0|    1|          0|
    |HwReg_layerHeight_1_val_read_reg_111                                   |  11|   0|   11|          0|
    |HwReg_layerWidth_1_val_read_reg_106                                    |  11|   0|   11|          0|
    |ap_CS_fsm                                                              |   4|   0|    4|          0|
    |ap_done_reg                                                            |   1|   0|    1|          0|
    |grp_v_mix_upsample_false_Pipeline_VITIS_LOOP_107_2_fu_70_ap_start_reg  |   1|   0|    1|          0|
    |y_6_reg_126                                                            |  11|   0|   11|          0|
    |y_fu_48                                                                |  11|   0|   11|          0|
    +-----------------------------------------------------------------------+----+----+-----+-----------+
    |Total                                                                  |  51|   0|   51|          0|
    +-----------------------------------------------------------------------+----+----+-----+-----------+



================================================================
== Interface
================================================================
* Summary: 
+-----------------------------+-----+-----+------------+-----------------------------+--------------+
|          RTL Ports          | Dir | Bits|  Protocol  |        Source Object        |    C Type    |
+-----------------------------+-----+-----+------------+-----------------------------+--------------+
|ap_clk                       |   in|    1|  ap_ctrl_hs|        v_mix_upsample<false>|  return value|
|ap_rst                       |   in|    1|  ap_ctrl_hs|        v_mix_upsample<false>|  return value|
|ap_start                     |   in|    1|  ap_ctrl_hs|        v_mix_upsample<false>|  return value|
|ap_done                      |  out|    1|  ap_ctrl_hs|        v_mix_upsample<false>|  return value|
|ap_continue                  |   in|    1|  ap_ctrl_hs|        v_mix_upsample<false>|  return value|
|ap_idle                      |  out|    1|  ap_ctrl_hs|        v_mix_upsample<false>|  return value|
|ap_ready                     |  out|    1|  ap_ctrl_hs|        v_mix_upsample<false>|  return value|
|srcLayer1Rgb_dout            |   in|   24|     ap_fifo|                 srcLayer1Rgb|       pointer|
|srcLayer1Rgb_empty_n         |   in|    1|     ap_fifo|                 srcLayer1Rgb|       pointer|
|srcLayer1Rgb_read            |  out|    1|     ap_fifo|                 srcLayer1Rgb|       pointer|
|srcLayer1Rgb_num_data_valid  |   in|    3|     ap_fifo|                 srcLayer1Rgb|       pointer|
|srcLayer1Rgb_fifo_cap        |   in|    3|     ap_fifo|                 srcLayer1Rgb|       pointer|
|HwReg_layerHeight_1_val      |   in|   11|   ap_stable|      HwReg_layerHeight_1_val|        scalar|
|HwReg_layerWidth_1_val       |   in|   11|   ap_stable|       HwReg_layerWidth_1_val|        scalar|
|HwReg_layerEnableFlag_1_val  |   in|    1|   ap_stable|  HwReg_layerEnableFlag_1_val|        scalar|
|srcLayer1x_din               |  out|   24|     ap_fifo|                   srcLayer1x|       pointer|
|srcLayer1x_full_n            |   in|    1|     ap_fifo|                   srcLayer1x|       pointer|
|srcLayer1x_write             |  out|    1|     ap_fifo|                   srcLayer1x|       pointer|
|srcLayer1x_num_data_valid    |   in|   32|     ap_fifo|                   srcLayer1x|       pointer|
|srcLayer1x_fifo_cap          |   in|   32|     ap_fifo|                   srcLayer1x|       pointer|
+-----------------------------+-----+-----+------------+-----------------------------+--------------+

============================================================
+ Verbose Summary: Synthesis Manager
============================================================
InlineROM: 1
ExposeGlobal: 0
============================================================
+ Verbose Summary: CDFG Model
============================================================
IsTopModel: 0
ResetActiveHigh: 1
IsCombinational: 2
IsDatapathOnly: 0
HasWiredReturn: 1
HasMFsm: 0
HasVarLatency: 1
IsPipeline: 0
IsRtlPipelined: 0
IsInstanceOverlapped: 0
IsDontTouch: 0
HasImplIP: 0
IsGatedGlobalClock: 0


============================================================
+ Verbose Summary: Schedule
============================================================
* Number of FSM states : 4
* Pipeline : 0
* Dataflow Pipeline: 0

* FSM state transitions: 
1 --> 2 
2 --> 3 
3 --> 4 
4 --> 2 

* FSM state operations: 

State 1 <SV = 0> <Delay = 2.43>
ST_1 : Operation 5 [1/1] (0.00ns)   --->   "%specstablecontent_ln0 = specstablecontent void @_ssdm_op_SpecStableContent, i11 %HwReg_layerHeight_1_val, i1 1, void @p_str"   --->   Operation 5 'specstablecontent' 'specstablecontent_ln0' <Predicate = true> <Delay = 0.00>
ST_1 : Operation 6 [1/1] (0.00ns)   --->   "%specstablecontent_ln0 = specstablecontent void @_ssdm_op_SpecStableContent, i11 %HwReg_layerWidth_1_val, i1 1, void @p_str"   --->   Operation 6 'specstablecontent' 'specstablecontent_ln0' <Predicate = true> <Delay = 0.00>
ST_1 : Operation 7 [1/1] (0.00ns)   --->   "%specstablecontent_ln0 = specstablecontent void @_ssdm_op_SpecStableContent, i1 %HwReg_layerEnableFlag_1_val, i1 1, void @p_str"   --->   Operation 7 'specstablecontent' 'specstablecontent_ln0' <Predicate = true> <Delay = 0.00>
ST_1 : Operation 8 [1/1] (0.00ns)   --->   "%specinterface_ln0 = specinterface void @_ssdm_op_SpecInterface, i24 %srcLayer1Rgb, void @empty_21, i32 0, i32 0, void @empty_44, i32 0, i32 0, void @empty_44, void @empty_44, void @empty_44, i32 0, i32 0, i32 0, i32 0, void @empty_44, void @empty_44, i32 4294967295, i32 0, i32 0, i32 0"   --->   Operation 8 'specinterface' 'specinterface_ln0' <Predicate = true> <Delay = 0.00>
ST_1 : Operation 9 [1/1] (0.00ns)   --->   "%specinterface_ln0 = specinterface void @_ssdm_op_SpecInterface, i24 %srcLayer1x, void @empty_21, i32 0, i32 0, void @empty_44, i32 0, i32 0, void @empty_44, void @empty_44, void @empty_44, i32 0, i32 0, i32 0, i32 0, void @empty_44, void @empty_44, i32 4294967295, i32 0, i32 0, i32 0"   --->   Operation 9 'specinterface' 'specinterface_ln0' <Predicate = true> <Delay = 0.00>
ST_1 : Operation 10 [1/1] (0.00ns)   --->   "%HwReg_layerEnableFlag_1_val_read = read i1 @_ssdm_op_Read.ap_auto.i1, i1 %HwReg_layerEnableFlag_1_val" [prj/sol/.autopilot/db/v_mix.cpp:93->prj/sol/.autopilot/db/v_mix.cpp:748->prj/sol/.autopilot/db/v_mix.cpp:748]   --->   Operation 10 'read' 'HwReg_layerEnableFlag_1_val_read' <Predicate = true> <Delay = 0.00>
ST_1 : Operation 11 [1/1] (2.43ns)   --->   "%HwReg_layerWidth_1_val_read = read i11 @_ssdm_op_Read.ap_auto.i11, i11 %HwReg_layerWidth_1_val" [prj/sol/.autopilot/db/v_mix.cpp:93->prj/sol/.autopilot/db/v_mix.cpp:748->prj/sol/.autopilot/db/v_mix.cpp:748]   --->   Operation 11 'read' 'HwReg_layerWidth_1_val_read' <Predicate = true> <Delay = 2.43> <CoreInst = "FIFO_SRL">   --->   Core 80 'FIFO_SRL' <Latency = 0> <II = 1> <Delay = 3.40> <Storage> <Opcode : 'read' 'write' 'nbread' 'nbwrite'> <Ports = 0> <Width = 11> <Depth = 2> <FIFO>
ST_1 : Operation 12 [1/1] (2.43ns)   --->   "%HwReg_layerHeight_1_val_read = read i11 @_ssdm_op_Read.ap_auto.i11, i11 %HwReg_layerHeight_1_val" [prj/sol/.autopilot/db/v_mix.cpp:93->prj/sol/.autopilot/db/v_mix.cpp:748->prj/sol/.autopilot/db/v_mix.cpp:748]   --->   Operation 12 'read' 'HwReg_layerHeight_1_val_read' <Predicate = true> <Delay = 2.43> <CoreInst = "FIFO_SRL">   --->   Core 80 'FIFO_SRL' <Latency = 0> <II = 1> <Delay = 3.40> <Storage> <Opcode : 'read' 'write' 'nbread' 'nbwrite'> <Ports = 0> <Width = 11> <Depth = 2> <FIFO>
ST_1 : Operation 13 [1/1] (0.00ns)   --->   "%br_ln103 = br i1 %HwReg_layerEnableFlag_1_val_read, void %v_mix_upsample<false>.exit, void %VITIS_LOOP_107_2.i.i.preheader" [prj/sol/.autopilot/db/v_mix.cpp:103->prj/sol/.autopilot/db/v_mix.cpp:748->prj/sol/.autopilot/db/v_mix.cpp:748]   --->   Operation 13 'br' 'br_ln103' <Predicate = true> <Delay = 0.00>
ST_1 : Operation 14 [1/1] (0.00ns)   --->   "%y = alloca i32 1" [prj/sol/.autopilot/db/v_mix.cpp:97->prj/sol/.autopilot/db/v_mix.cpp:748->prj/sol/.autopilot/db/v_mix.cpp:748]   --->   Operation 14 'alloca' 'y' <Predicate = (HwReg_layerEnableFlag_1_val_read)> <Delay = 0.00>
ST_1 : Operation 15 [1/1] (1.29ns)   --->   "%store_ln97 = store i11 0, i11 %y" [prj/sol/.autopilot/db/v_mix.cpp:97->prj/sol/.autopilot/db/v_mix.cpp:748->prj/sol/.autopilot/db/v_mix.cpp:748]   --->   Operation 15 'store' 'store_ln97' <Predicate = (HwReg_layerEnableFlag_1_val_read)> <Delay = 1.29>
ST_1 : Operation 16 [1/1] (0.00ns)   --->   "%br_ln105 = br void %VITIS_LOOP_107_2.i.i" [prj/sol/.autopilot/db/v_mix.cpp:105->prj/sol/.autopilot/db/v_mix.cpp:748->prj/sol/.autopilot/db/v_mix.cpp:748]   --->   Operation 16 'br' 'br_ln105' <Predicate = (HwReg_layerEnableFlag_1_val_read)> <Delay = 0.00>

State 2 <SV = 1> <Delay = 4.26>
ST_2 : Operation 17 [1/1] (0.00ns)   --->   "%y_5 = load i11 %y" [prj/sol/.autopilot/db/v_mix.cpp:105->prj/sol/.autopilot/db/v_mix.cpp:748->prj/sol/.autopilot/db/v_mix.cpp:748]   --->   Operation 17 'load' 'y_5' <Predicate = (HwReg_layerEnableFlag_1_val_read)> <Delay = 0.00>
ST_2 : Operation 18 [1/1] (1.48ns)   --->   "%icmp_ln105 = icmp_eq  i11 %y_5, i11 %HwReg_layerHeight_1_val_read" [prj/sol/.autopilot/db/v_mix.cpp:105->prj/sol/.autopilot/db/v_mix.cpp:748->prj/sol/.autopilot/db/v_mix.cpp:748]   --->   Operation 18 'icmp' 'icmp_ln105' <Predicate = (HwReg_layerEnableFlag_1_val_read)> <Delay = 1.48> <CoreInst = "Cmp">   --->   Core 9 'Cmp' <Latency = 0> <II = 1> <Delay = 1.48> <FuncUnit> <Opcode : 'seteq' 'setne' 'setle' 'setge' 'setlt' 'setgt'> <InPorts = 2> <OutPorts = 1>
ST_2 : Operation 19 [1/1] (0.00ns)   --->   "%speclooptripcount_ln0 = speclooptripcount void @_ssdm_op_SpecLoopTripCount, i64 0, i64 1080, i64 0"   --->   Operation 19 'speclooptripcount' 'speclooptripcount_ln0' <Predicate = (HwReg_layerEnableFlag_1_val_read)> <Delay = 0.00>
ST_2 : Operation 20 [1/1] (1.48ns)   --->   "%y_6 = add i11 %y_5, i11 1" [prj/sol/.autopilot/db/v_mix.cpp:105->prj/sol/.autopilot/db/v_mix.cpp:748->prj/sol/.autopilot/db/v_mix.cpp:748]   --->   Operation 20 'add' 'y_6' <Predicate = (HwReg_layerEnableFlag_1_val_read)> <Delay = 1.48> <CoreInst = "Adder">   --->   Core 1 'Adder' <Latency = 0> <II = 1> <Delay = 1.48> <FuncUnit> <Opcode : 'add' 'sub'> <InPorts = 2> <OutPorts = 1>
ST_2 : Operation 21 [1/1] (0.00ns)   --->   "%br_ln105 = br i1 %icmp_ln105, void %for.inc.lr.ph.i.i, void %v_mix_upsample<false>.exit.loopexit" [prj/sol/.autopilot/db/v_mix.cpp:105->prj/sol/.autopilot/db/v_mix.cpp:748->prj/sol/.autopilot/db/v_mix.cpp:748]   --->   Operation 21 'br' 'br_ln105' <Predicate = (HwReg_layerEnableFlag_1_val_read)> <Delay = 0.00>
ST_2 : Operation 22 [2/2] (2.77ns)   --->   "%call_ln93 = call void @v_mix_upsample<false>_Pipeline_VITIS_LOOP_107_2, i11 %HwReg_layerWidth_1_val_read, i24 %srcLayer1Rgb, i24 %srcLayer1x" [prj/sol/.autopilot/db/v_mix.cpp:93->prj/sol/.autopilot/db/v_mix.cpp:748->prj/sol/.autopilot/db/v_mix.cpp:748]   --->   Operation 22 'call' 'call_ln93' <Predicate = (HwReg_layerEnableFlag_1_val_read & !icmp_ln105)> <Delay = 2.77> <CoreType = "Generic">   --->   Generic Core
ST_2 : Operation 23 [1/1] (0.00ns)   --->   "%br_ln0 = br void %v_mix_upsample<false>.exit"   --->   Operation 23 'br' 'br_ln0' <Predicate = (HwReg_layerEnableFlag_1_val_read & icmp_ln105)> <Delay = 0.00>
ST_2 : Operation 24 [1/1] (0.00ns)   --->   "%ret_ln748 = ret" [prj/sol/.autopilot/db/v_mix.cpp:748]   --->   Operation 24 'ret' 'ret_ln748' <Predicate = (icmp_ln105) | (!HwReg_layerEnableFlag_1_val_read)> <Delay = 0.00>

State 3 <SV = 2> <Delay = 4.07>
ST_3 : Operation 25 [1/2] (4.07ns)   --->   "%call_ln93 = call void @v_mix_upsample<false>_Pipeline_VITIS_LOOP_107_2, i11 %HwReg_layerWidth_1_val_read, i24 %srcLayer1Rgb, i24 %srcLayer1x" [prj/sol/.autopilot/db/v_mix.cpp:93->prj/sol/.autopilot/db/v_mix.cpp:748->prj/sol/.autopilot/db/v_mix.cpp:748]   --->   Operation 25 'call' 'call_ln93' <Predicate = true> <Delay = 4.07> <CoreType = "Generic">   --->   Generic Core

State 4 <SV = 3> <Delay = 1.29>
ST_4 : Operation 26 [1/1] (0.00ns)   --->   "%specloopname_ln105 = specloopname void @_ssdm_op_SpecLoopName, void @empty_16" [prj/sol/.autopilot/db/v_mix.cpp:105->prj/sol/.autopilot/db/v_mix.cpp:748->prj/sol/.autopilot/db/v_mix.cpp:748]   --->   Operation 26 'specloopname' 'specloopname_ln105' <Predicate = true> <Delay = 0.00>
ST_4 : Operation 27 [1/1] (1.29ns)   --->   "%store_ln97 = store i11 %y_6, i11 %y" [prj/sol/.autopilot/db/v_mix.cpp:97->prj/sol/.autopilot/db/v_mix.cpp:748->prj/sol/.autopilot/db/v_mix.cpp:748]   --->   Operation 27 'store' 'store_ln97' <Predicate = true> <Delay = 1.29>
ST_4 : Operation 28 [1/1] (0.00ns)   --->   "%br_ln105 = br void %VITIS_LOOP_107_2.i.i" [prj/sol/.autopilot/db/v_mix.cpp:105->prj/sol/.autopilot/db/v_mix.cpp:748->prj/sol/.autopilot/db/v_mix.cpp:748]   --->   Operation 28 'br' 'br_ln105' <Predicate = true> <Delay = 0.00>


============================================================
+ Verbose Summary: Binding
============================================================
STG Binding: 
---------------- STG Properties BEGIN ----------------
- Is combinational: 0
- Is one-state seq: 0
- Is datapath-only: 0
- Is pipelined: 0
- Is top level: 0
Port [ Return ] is wired: 1; IO mode=ap_ctrl_hs:ce=0
Port [ srcLayer1Rgb]:  wired=1; compound=1; hidden=0; nouse=0; global=0; static=0; extern=0; dir=0; type=3; pingpong=0; private_global=0; IO mode=ap_fifo:ce=0
Port [ HwReg_layerHeight_1_val]:  wired=1; compound=0; hidden=0; nouse=0; global=0; static=0; extern=0; dir=0; type=0; pingpong=0; private_global=0; IO mode=ap_stable:ce=0
Port [ HwReg_layerWidth_1_val]:  wired=1; compound=0; hidden=0; nouse=0; global=0; static=0; extern=0; dir=0; type=0; pingpong=0; private_global=0; IO mode=ap_stable:ce=0
Port [ HwReg_layerEnableFlag_1_val]:  wired=1; compound=0; hidden=0; nouse=0; global=0; static=0; extern=0; dir=0; type=0; pingpong=0; private_global=0; IO mode=ap_stable:ce=0
Port [ srcLayer1x]:  wired=1; compound=1; hidden=0; nouse=0; global=0; static=0; extern=0; dir=1; type=3; pingpong=0; private_global=0; IO mode=ap_fifo:ce=0
---------------- STG Properties END ------------------

---------------- Datapath Model BEGIN ----------------

<LifeTime>
<method=bitvector/>
specstablecontent_ln0            (specstablecontent) [ 00000]
specstablecontent_ln0            (specstablecontent) [ 00000]
specstablecontent_ln0            (specstablecontent) [ 00000]
specinterface_ln0                (specinterface    ) [ 00000]
specinterface_ln0                (specinterface    ) [ 00000]
HwReg_layerEnableFlag_1_val_read (read             ) [ 01111]
HwReg_layerWidth_1_val_read      (read             ) [ 00111]
HwReg_layerHeight_1_val_read     (read             ) [ 00111]
br_ln103                         (br               ) [ 00000]
y                                (alloca           ) [ 01111]
store_ln97                       (store            ) [ 00000]
br_ln105                         (br               ) [ 00000]
y_5                              (load             ) [ 00000]
icmp_ln105                       (icmp             ) [ 00111]
speclooptripcount_ln0            (speclooptripcount) [ 00000]
y_6                              (add              ) [ 00011]
br_ln105                         (br               ) [ 00000]
br_ln0                           (br               ) [ 00000]
ret_ln748                        (ret              ) [ 00000]
call_ln93                        (call             ) [ 00000]
specloopname_ln105               (specloopname     ) [ 00000]
store_ln97                       (store            ) [ 00000]
br_ln105                         (br               ) [ 00000]
</LifeTime>

<model>

<comp_list>
<comp id="0" class="1000" name="srcLayer1Rgb">
<pin_list>
<pin id="1" dir="1" index="0" bw="1" slack="0"/>
</pin_list>
<bind>
<StgValue><ssdm name="srcLayer1Rgb"/></StgValue>
</bind>
</comp>

<comp id="2" class="1000" name="HwReg_layerHeight_1_val">
<pin_list>
<pin id="3" dir="1" index="0" bw="1" slack="0"/>
</pin_list>
<bind>
<StgValue><ssdm name="HwReg_layerHeight_1_val"/></StgValue>
</bind>
</comp>

<comp id="4" class="1000" name="HwReg_layerWidth_1_val">
<pin_list>
<pin id="5" dir="1" index="0" bw="1" slack="0"/>
</pin_list>
<bind>
<StgValue><ssdm name="HwReg_layerWidth_1_val"/></StgValue>
</bind>
</comp>

<comp id="6" class="1000" name="HwReg_layerEnableFlag_1_val">
<pin_list>
<pin id="7" dir="1" index="0" bw="1" slack="0"/>
</pin_list>
<bind>
<StgValue><ssdm name="HwReg_layerEnableFlag_1_val"/></StgValue>
</bind>
</comp>

<comp id="8" class="1000" name="srcLayer1x">
<pin_list>
<pin id="9" dir="1" index="0" bw="1" slack="0"/>
</pin_list>
<bind>
<StgValue><ssdm name="srcLayer1x"/></StgValue>
</bind>
</comp>

<comp id="10" class="1001" name="const_10">
<pin_list>
<pin id="11" dir="1" index="0" bw="1" slack="2147483647"/>
</pin_list>
<bind>
<StgValue><ssdm name="_ssdm_op_SpecStableContent"/></StgValue>
</bind>
</comp>

<comp id="12" class="1001" name="const_12">
<pin_list>
<pin id="13" dir="1" index="0" bw="1" slack="2147483647"/>
</pin_list>
<bind>
<StgValue><ssdm name=""/></StgValue>
</bind>
</comp>

<comp id="14" class="1001" name="const_14">
<pin_list>
<pin id="15" dir="1" index="0" bw="1" slack="2147483647"/>
</pin_list>
<bind>
<StgValue><ssdm name="p_str"/></StgValue>
</bind>
</comp>

<comp id="16" class="1001" name="const_16">
<pin_list>
<pin id="17" dir="1" index="0" bw="1" slack="2147483647"/>
</pin_list>
<bind>
<StgValue><ssdm name="_ssdm_op_SpecInterface"/></StgValue>
</bind>
</comp>

<comp id="18" class="1001" name="const_18">
<pin_list>
<pin id="19" dir="1" index="0" bw="1" slack="2147483647"/>
</pin_list>
<bind>
<StgValue><ssdm name="empty_21"/></StgValue>
</bind>
</comp>

<comp id="20" class="1001" name="const_20">
<pin_list>
<pin id="21" dir="1" index="0" bw="1" slack="2147483647"/>
</pin_list>
<bind>
<StgValue><ssdm name=""/></StgValue>
</bind>
</comp>

<comp id="22" class="1001" name="const_22">
<pin_list>
<pin id="23" dir="1" index="0" bw="1" slack="2147483647"/>
</pin_list>
<bind>
<StgValue><ssdm name="empty_44"/></StgValue>
</bind>
</comp>

<comp id="24" class="1001" name="const_24">
<pin_list>
<pin id="25" dir="1" index="0" bw="1" slack="2147483647"/>
</pin_list>
<bind>
<StgValue><ssdm name=""/></StgValue>
</bind>
</comp>

<comp id="26" class="1001" name="const_26">
<pin_list>
<pin id="27" dir="1" index="0" bw="1" slack="0"/>
</pin_list>
<bind>
<StgValue><ssdm name="_ssdm_op_Read.ap_auto.i1"/></StgValue>
</bind>
</comp>

<comp id="28" class="1001" name="const_28">
<pin_list>
<pin id="29" dir="1" index="0" bw="1" slack="0"/>
</pin_list>
<bind>
<StgValue><ssdm name="_ssdm_op_Read.ap_auto.i11"/></StgValue>
</bind>
</comp>

<comp id="30" class="1001" name="const_30">
<pin_list>
<pin id="31" dir="1" index="0" bw="1" slack="0"/>
</pin_list>
<bind>
<StgValue><ssdm name=""/></StgValue>
</bind>
</comp>

<comp id="32" class="1001" name="const_32">
<pin_list>
<pin id="33" dir="1" index="0" bw="1" slack="0"/>
</pin_list>
<bind>
<StgValue><ssdm name=""/></StgValue>
</bind>
</comp>

<comp id="34" class="1001" name="const_34">
<pin_list>
<pin id="35" dir="1" index="0" bw="1" slack="2147483647"/>
</pin_list>
<bind>
<StgValue><ssdm name="_ssdm_op_SpecLoopTripCount"/></StgValue>
</bind>
</comp>

<comp id="36" class="1001" name="const_36">
<pin_list>
<pin id="37" dir="1" index="0" bw="1" slack="2147483647"/>
</pin_list>
<bind>
<StgValue><ssdm name=""/></StgValue>
</bind>
</comp>

<comp id="38" class="1001" name="const_38">
<pin_list>
<pin id="39" dir="1" index="0" bw="1" slack="2147483647"/>
</pin_list>
<bind>
<StgValue><ssdm name=""/></StgValue>
</bind>
</comp>

<comp id="40" class="1001" name="const_40">
<pin_list>
<pin id="41" dir="1" index="0" bw="1" slack="0"/>
</pin_list>
<bind>
<StgValue><ssdm name=""/></StgValue>
</bind>
</comp>

<comp id="42" class="1001" name="const_42">
<pin_list>
<pin id="43" dir="1" index="0" bw="1" slack="0"/>
</pin_list>
<bind>
<StgValue><ssdm name="v_mix_upsample<false>_Pipeline_VITIS_LOOP_107_2"/></StgValue>
</bind>
</comp>

<comp id="44" class="1001" name="const_44">
<pin_list>
<pin id="45" dir="1" index="0" bw="1" slack="2147483647"/>
</pin_list>
<bind>
<StgValue><ssdm name="_ssdm_op_SpecLoopName"/></StgValue>
</bind>
</comp>

<comp id="46" class="1001" name="const_46">
<pin_list>
<pin id="47" dir="1" index="0" bw="1" slack="2147483647"/>
</pin_list>
<bind>
<StgValue><ssdm name="empty_16"/></StgValue>
</bind>
</comp>

<comp id="48" class="1004" name="y_fu_48">
<pin_list>
<pin id="49" dir="0" index="0" bw="1" slack="0"/>
<pin id="50" dir="1" index="1" bw="11" slack="0"/>
</pin_list>
<bind>
<opcode="alloca(26) " fcode="alloca"/>
<opset="y/1 "/>
</bind>
</comp>

<comp id="52" class="1004" name="HwReg_layerEnableFlag_1_val_read_read_fu_52">
<pin_list>
<pin id="53" dir="0" index="0" bw="1" slack="0"/>
<pin id="54" dir="0" index="1" bw="1" slack="0"/>
<pin id="55" dir="1" index="2" bw="1" slack="1"/>
</pin_list>
<bind>
<opcode="read(1150) " fcode="read"/>
<opset="HwReg_layerEnableFlag_1_val_read/1 "/>
</bind>
</comp>

<comp id="58" class="1004" name="HwReg_layerWidth_1_val_read_read_fu_58">
<pin_list>
<pin id="59" dir="0" index="0" bw="11" slack="0"/>
<pin id="60" dir="0" index="1" bw="11" slack="0"/>
<pin id="61" dir="1" index="2" bw="11" slack="1"/>
</pin_list>
<bind>
<opcode="read(1150) " fcode="read"/>
<opset="HwReg_layerWidth_1_val_read/1 "/>
</bind>
</comp>

<comp id="64" class="1004" name="HwReg_layerHeight_1_val_read_read_fu_64">
<pin_list>
<pin id="65" dir="0" index="0" bw="11" slack="0"/>
<pin id="66" dir="0" index="1" bw="11" slack="0"/>
<pin id="67" dir="1" index="2" bw="11" slack="1"/>
</pin_list>
<bind>
<opcode="read(1150) " fcode="read"/>
<opset="HwReg_layerHeight_1_val_read/1 "/>
</bind>
</comp>

<comp id="70" class="1004" name="grp_v_mix_upsample_false_Pipeline_VITIS_LOOP_107_2_fu_70">
<pin_list>
<pin id="71" dir="0" index="0" bw="0" slack="0"/>
<pin id="72" dir="0" index="1" bw="11" slack="1"/>
<pin id="73" dir="0" index="2" bw="24" slack="0"/>
<pin id="74" dir="0" index="3" bw="24" slack="0"/>
<pin id="75" dir="1" index="4" bw="0" slack="2147483647"/>
</pin_list>
<bind>
<opcode="call(48) " fcode="call"/>
<opset="call_ln93/2 "/>
</bind>
</comp>

<comp id="79" class="1004" name="store_ln97_store_fu_79">
<pin_list>
<pin id="80" dir="0" index="0" bw="1" slack="0"/>
<pin id="81" dir="0" index="1" bw="11" slack="0"/>
<pin id="82" dir="1" index="2" bw="0" slack="2147483647"/>
</pin_list>
<bind>
<opcode="store(28) " fcode="store"/>
<opset="store_ln97/1 "/>
</bind>
</comp>

<comp id="84" class="1004" name="y_5_load_fu_84">
<pin_list>
<pin id="85" dir="0" index="0" bw="11" slack="1"/>
<pin id="86" dir="1" index="1" bw="11" slack="0"/>
</pin_list>
<bind>
<opcode="load(27) " fcode="load"/>
<opset="y_5/2 "/>
</bind>
</comp>

<comp id="87" class="1004" name="icmp_ln105_fu_87">
<pin_list>
<pin id="88" dir="0" index="0" bw="11" slack="0"/>
<pin id="89" dir="0" index="1" bw="11" slack="1"/>
<pin id="90" dir="1" index="2" bw="1" slack="2147483647"/>
</pin_list>
<bind>
<opcode="icmp(45) " fcode="icmp"/>
<opset="icmp_ln105/2 "/>
</bind>
</comp>

<comp id="92" class="1004" name="y_6_fu_92">
<pin_list>
<pin id="93" dir="0" index="0" bw="11" slack="0"/>
<pin id="94" dir="0" index="1" bw="1" slack="0"/>
<pin id="95" dir="1" index="2" bw="11" slack="2"/>
</pin_list>
<bind>
<opcode="add(8) " fcode="add"/>
<opset="y_6/2 "/>
</bind>
</comp>

<comp id="98" class="1004" name="store_ln97_store_fu_98">
<pin_list>
<pin id="99" dir="0" index="0" bw="11" slack="2"/>
<pin id="100" dir="0" index="1" bw="11" slack="3"/>
<pin id="101" dir="1" index="2" bw="0" slack="2147483647"/>
</pin_list>
<bind>
<opcode="store(28) " fcode="store"/>
<opset="store_ln97/4 "/>
</bind>
</comp>

<comp id="102" class="1005" name="HwReg_layerEnableFlag_1_val_read_reg_102">
<pin_list>
<pin id="103" dir="0" index="0" bw="1" slack="1"/>
<pin id="104" dir="1" index="1" bw="1" slack="2147483647"/>
</pin_list>
<bind>
<opset="HwReg_layerEnableFlag_1_val_read "/>
</bind>
</comp>

<comp id="106" class="1005" name="HwReg_layerWidth_1_val_read_reg_106">
<pin_list>
<pin id="107" dir="0" index="0" bw="11" slack="1"/>
<pin id="108" dir="1" index="1" bw="11" slack="1"/>
</pin_list>
<bind>
<opset="HwReg_layerWidth_1_val_read "/>
</bind>
</comp>

<comp id="111" class="1005" name="HwReg_layerHeight_1_val_read_reg_111">
<pin_list>
<pin id="112" dir="0" index="0" bw="11" slack="1"/>
<pin id="113" dir="1" index="1" bw="11" slack="1"/>
</pin_list>
<bind>
<opset="HwReg_layerHeight_1_val_read "/>
</bind>
</comp>

<comp id="116" class="1005" name="y_reg_116">
<pin_list>
<pin id="117" dir="0" index="0" bw="11" slack="0"/>
<pin id="118" dir="1" index="1" bw="11" slack="0"/>
</pin_list>
<bind>
<opset="y "/>
</bind>
</comp>

<comp id="126" class="1005" name="y_6_reg_126">
<pin_list>
<pin id="127" dir="0" index="0" bw="11" slack="2"/>
<pin id="128" dir="1" index="1" bw="11" slack="2"/>
</pin_list>
<bind>
<opset="y_6 "/>
</bind>
</comp>

</comp_list>

<net_list>
<net id="51"><net_src comp="30" pin="0"/><net_sink comp="48" pin=0"/></net>

<net id="56"><net_src comp="26" pin="0"/><net_sink comp="52" pin=0"/></net>

<net id="57"><net_src comp="6" pin="0"/><net_sink comp="52" pin=1"/></net>

<net id="62"><net_src comp="28" pin="0"/><net_sink comp="58" pin=0"/></net>

<net id="63"><net_src comp="4" pin="0"/><net_sink comp="58" pin=1"/></net>

<net id="68"><net_src comp="28" pin="0"/><net_sink comp="64" pin=0"/></net>

<net id="69"><net_src comp="2" pin="0"/><net_sink comp="64" pin=1"/></net>

<net id="76"><net_src comp="42" pin="0"/><net_sink comp="70" pin=0"/></net>

<net id="77"><net_src comp="0" pin="0"/><net_sink comp="70" pin=2"/></net>

<net id="78"><net_src comp="8" pin="0"/><net_sink comp="70" pin=3"/></net>

<net id="83"><net_src comp="32" pin="0"/><net_sink comp="79" pin=0"/></net>

<net id="91"><net_src comp="84" pin="1"/><net_sink comp="87" pin=0"/></net>

<net id="96"><net_src comp="84" pin="1"/><net_sink comp="92" pin=0"/></net>

<net id="97"><net_src comp="40" pin="0"/><net_sink comp="92" pin=1"/></net>

<net id="105"><net_src comp="52" pin="2"/><net_sink comp="102" pin=0"/></net>

<net id="109"><net_src comp="58" pin="2"/><net_sink comp="106" pin=0"/></net>

<net id="110"><net_src comp="106" pin="1"/><net_sink comp="70" pin=1"/></net>

<net id="114"><net_src comp="64" pin="2"/><net_sink comp="111" pin=0"/></net>

<net id="115"><net_src comp="111" pin="1"/><net_sink comp="87" pin=1"/></net>

<net id="119"><net_src comp="48" pin="1"/><net_sink comp="116" pin=0"/></net>

<net id="120"><net_src comp="116" pin="1"/><net_sink comp="79" pin=1"/></net>

<net id="121"><net_src comp="116" pin="1"/><net_sink comp="84" pin=0"/></net>

<net id="122"><net_src comp="116" pin="1"/><net_sink comp="98" pin=1"/></net>

<net id="129"><net_src comp="92" pin="2"/><net_sink comp="126" pin=0"/></net>

<net id="130"><net_src comp="126" pin="1"/><net_sink comp="98" pin=0"/></net>

</net_list>

</model> 
---------------- Datapath Model END ------------------

* FSMD analyzer results:
  - Output states:
	Port: srcLayer1x | {2 3 }
 - Input state : 
	Port: v_mix_upsample<false> : srcLayer1Rgb | {2 3 }
	Port: v_mix_upsample<false> : HwReg_layerHeight_1_val | {1 }
	Port: v_mix_upsample<false> : HwReg_layerWidth_1_val | {1 }
	Port: v_mix_upsample<false> : HwReg_layerEnableFlag_1_val | {1 }
  - Chain level:
	State 1
		store_ln97 : 1
	State 2
		icmp_ln105 : 1
		y_6 : 1
		br_ln105 : 2
	State 3
	State 4


============================================================
+ Verbose Summary: Datapath Resource usage 
============================================================

* Functional unit list:
|----------|----------------------------------------------------------|---------|---------|
| Operation|                      Functional Unit                     |    FF   |   LUT   |
|----------|----------------------------------------------------------|---------|---------|
|   call   | grp_v_mix_upsample_false_Pipeline_VITIS_LOOP_107_2_fu_70 |    11   |    22   |
|----------|----------------------------------------------------------|---------|---------|
|   icmp   |                     icmp_ln105_fu_87                     |    0    |    11   |
|----------|----------------------------------------------------------|---------|---------|
|    add   |                         y_6_fu_92                        |    0    |    11   |
|----------|----------------------------------------------------------|---------|---------|
|          |        HwReg_layerEnableFlag_1_val_read_read_fu_52       |    0    |    0    |
|   read   |          HwReg_layerWidth_1_val_read_read_fu_58          |    0    |    0    |
|          |          HwReg_layerHeight_1_val_read_read_fu_64         |    0    |    0    |
|----------|----------------------------------------------------------|---------|---------|
|   Total  |                                                          |    11   |    44   |
|----------|----------------------------------------------------------|---------|---------|

Memories:
N/A

* Register list:
+----------------------------------------+--------+
|                                        |   FF   |
+----------------------------------------+--------+
|HwReg_layerEnableFlag_1_val_read_reg_102|    1   |
|  HwReg_layerHeight_1_val_read_reg_111  |   11   |
|   HwReg_layerWidth_1_val_read_reg_106  |   11   |
|               y_6_reg_126              |   11   |
|                y_reg_116               |   11   |
+----------------------------------------+--------+
|                  Total                 |   45   |
+----------------------------------------+--------+

* Multiplexer (MUX) list: 
|--------|------|------|------|--------|
|  Comp  |  Pin | Size |  BW  | S x BW |
|--------|------|------|------|--------|
|  Total |      |      |      |    0   |
|--------|------|------|------|--------|



* Summary:
+-----------+--------+--------+
|           |   FF   |   LUT  |
+-----------+--------+--------+
|  Function |   11   |   44   |
|   Memory  |    -   |    -   |
|Multiplexer|    -   |    -   |
|  Register |   45   |    -   |
+-----------+--------+--------+
|   Total   |   56   |   44   |
+-----------+--------+--------+
