

================================================================
== Vitis HLS Report for 'v_mix_yuv2rgb_false_4'
================================================================
* Date:           Sat Feb 28 15:10:43 2026

* Version:        2025.2 (Build 6295257 on Nov 14 2025)
* Project:        prj
* Solution:       sol (Vivado IP Flow Target)
* Product family: zynq
* Target device:  xc7z020-clg400-2


================================================================
== Performance Estimates
================================================================
+ Timing: 
    * Summary: 
    +--------+---------+----------+------------+
    |  Clock |  Target | Estimated| Uncertainty|
    +--------+---------+----------+------------+
    |ap_clk  |  6.67 ns|  4.867 ns|     1.80 ns|
    +--------+---------+----------+------------+

+ Latency: 
    * Summary: 
    +---------+---------+----------+-----------+-----+---------+---------+
    |  Latency (cycles) |  Latency (absolute)  |    Interval   | Pipeline|
    |   min   |   max   |    min   |    max    | min |   max   |   Type  |
    +---------+---------+----------+-----------+-----+---------+---------+
    |        1|  2079001|  6.667 ns|  13.861 ms|    1|  2079001|       no|
    +---------+---------+----------+-----------+-----+---------+---------+

    + Detail: 
        * Instance: 
        +-----------------------------------------------------------+-------------------------------------------------+---------+---------+----------+-----------+-----+-----+-------------------+
        |                                                           |                                                 |  Latency (cycles) |  Latency (absolute)  |  Interval |      Pipeline     |
        |                          Instance                         |                      Module                     |   min   |   max   |    min   |    max    | min | max |        Type       |
        +-----------------------------------------------------------+-------------------------------------------------+---------+---------+----------+-----------+-----+-----+-------------------+
        |grp_v_mix_yuv2rgb_false_4_Pipeline_VITIS_LOOP_897_2_fu_74  |v_mix_yuv2rgb_false_4_Pipeline_VITIS_LOOP_897_2  |       66|     1922|  0.440 us|  12.814 us|    0|    0|  loop pipeline stp|
        +-----------------------------------------------------------+-------------------------------------------------+---------+---------+----------+-----------+-----+-----+-------------------+

        * Loop: 
        +--------------------+---------+---------+-----------+-----------+-----------+-----------+----------+
        |                    |  Latency (cycles) | Iteration |  Initiation Interval  |    Trip   |          |
        |      Loop Name     |   min   |   max   |  Latency  |  achieved |   target  |   Count   | Pipelined|
        +--------------------+---------+---------+-----------+-----------+-----------+-----------+----------+
        |- VITIS_LOOP_895_1  |     4416|  2079000|  69 ~ 1925|          -|          -|  64 ~ 1080|        no|
        +--------------------+---------+---------+-----------+-----------+-----------+-----------+----------+

============================================================
+ Verbose Summary: Synthesis Manager
============================================================
InlineROM: 1
ExposeGlobal: 0
============================================================
+ Verbose Summary: CDFG Model
============================================================
IsTopModel: 0
ResetActiveHigh: 1
IsCombinational: 2
IsDatapathOnly: 0
HasWiredReturn: 1
HasMFsm: 0
HasVarLatency: 1
IsPipeline: 0
IsRtlPipelined: 0
IsInstanceOverlapped: 0
IsDontTouch: 0
HasImplIP: 0
IsGatedGlobalClock: 0


============================================================
+ Verbose Summary: Schedule
============================================================
* Number of FSM states : 4
* Pipeline : 0
* Dataflow Pipeline: 0

* FSM state transitions: 
1 --> 2 
2 --> 3 
3 --> 4 
4 --> 2 

* FSM state operations: 

State 1 <SV = 0> <Delay = 1.29>
ST_1 : Operation 5 [1/1] (0.00ns)   --->   "%specstablecontent_ln0 = specstablecontent void @_ssdm_op_SpecStableContent, i1 %layerEnableFlag, i1 1, void @p_str"   --->   Operation 5 'specstablecontent' 'specstablecontent_ln0' <Predicate = true> <Delay = 0.00>
ST_1 : Operation 6 [1/1] (0.00ns)   --->   "%layerEnableFlag_read = read i1 @_ssdm_op_Read.ap_auto.i1, i1 %layerEnableFlag"   --->   Operation 6 'read' 'layerEnableFlag_read' <Predicate = true> <Delay = 0.00>
ST_1 : Operation 7 [1/1] (0.00ns)   --->   "%width_read = read i11 @_ssdm_op_Read.ap_auto.i11, i11 %width"   --->   Operation 7 'read' 'width_read' <Predicate = true> <Delay = 0.00>
ST_1 : Operation 8 [1/1] (0.00ns)   --->   "%height_read = read i11 @_ssdm_op_Read.ap_auto.i11, i11 %height"   --->   Operation 8 'read' 'height_read' <Predicate = true> <Delay = 0.00>
ST_1 : Operation 9 [1/1] (0.00ns)   --->   "%specstablecontent_ln0 = specstablecontent void @_ssdm_op_SpecStableContent, i11 %height, i1 1, void "   --->   Operation 9 'specstablecontent' 'specstablecontent_ln0' <Predicate = true> <Delay = 0.00>
ST_1 : Operation 10 [1/1] (0.00ns)   --->   "%specstablecontent_ln0 = specstablecontent void @_ssdm_op_SpecStableContent, i11 %width, i1 1, void "   --->   Operation 10 'specstablecontent' 'specstablecontent_ln0' <Predicate = true> <Delay = 0.00>
ST_1 : Operation 11 [1/1] (0.00ns)   --->   "%specinterface_ln0 = specinterface void @_ssdm_op_SpecInterface, i24 %outLayer0, void @empty_21, i32 0, i32 0, void @empty_44, i32 0, i32 0, void @empty_44, void @empty_44, void @empty_44, i32 0, i32 0, i32 0, i32 0, void @empty_44, void @empty_44, i32 4294967295, i32 0, i32 0, i32 0"   --->   Operation 11 'specinterface' 'specinterface_ln0' <Predicate = true> <Delay = 0.00>
ST_1 : Operation 12 [1/1] (0.00ns)   --->   "%specinterface_ln0 = specinterface void @_ssdm_op_SpecInterface, i24 %srcLayer0Yuv, void @empty_21, i32 0, i32 0, void @empty_44, i32 0, i32 0, void @empty_44, void @empty_44, void @empty_44, i32 0, i32 0, i32 0, i32 0, void @empty_44, void @empty_44, i32 4294967295, i32 0, i32 0, i32 0"   --->   Operation 12 'specinterface' 'specinterface_ln0' <Predicate = true> <Delay = 0.00>
ST_1 : Operation 13 [1/1] (0.00ns)   --->   "%br_ln893 = br i1 %layerEnableFlag_read, void %if.end, void %VITIS_LOOP_897_2.preheader" [prj/sol/.autopilot/db/v_csc.cpp:893]   --->   Operation 13 'br' 'br_ln893' <Predicate = true> <Delay = 0.00>
ST_1 : Operation 14 [1/1] (0.00ns)   --->   "%y = alloca i32 1" [prj/sol/.autopilot/db/v_csc.cpp:887]   --->   Operation 14 'alloca' 'y' <Predicate = (layerEnableFlag_read)> <Delay = 0.00>
ST_1 : Operation 15 [1/1] (1.29ns)   --->   "%store_ln887 = store i11 0, i11 %y" [prj/sol/.autopilot/db/v_csc.cpp:887]   --->   Operation 15 'store' 'store_ln887' <Predicate = (layerEnableFlag_read)> <Delay = 1.29>
ST_1 : Operation 16 [1/1] (0.00ns)   --->   "%br_ln895 = br void %VITIS_LOOP_897_2" [prj/sol/.autopilot/db/v_csc.cpp:895]   --->   Operation 16 'br' 'br_ln895' <Predicate = (layerEnableFlag_read)> <Delay = 0.00>

State 2 <SV = 1> <Delay = 4.26>
ST_2 : Operation 17 [1/1] (0.00ns)   --->   "%y_1 = load i11 %y" [prj/sol/.autopilot/db/v_csc.cpp:895]   --->   Operation 17 'load' 'y_1' <Predicate = (layerEnableFlag_read)> <Delay = 0.00>
ST_2 : Operation 18 [1/1] (1.48ns)   --->   "%icmp_ln895 = icmp_eq  i11 %y_1, i11 %height_read" [prj/sol/.autopilot/db/v_csc.cpp:895]   --->   Operation 18 'icmp' 'icmp_ln895' <Predicate = (layerEnableFlag_read)> <Delay = 1.48> <CoreInst = "Cmp">   --->   Core 9 'Cmp' <Latency = 0> <II = 1> <Delay = 1.48> <FuncUnit> <Opcode : 'seteq' 'setne' 'setle' 'setge' 'setlt' 'setgt'> <InPorts = 2> <OutPorts = 1>
ST_2 : Operation 19 [1/1] (0.00ns)   --->   "%speclooptripcount_ln0 = speclooptripcount void @_ssdm_op_SpecLoopTripCount, i64 64, i64 1080, i64 0"   --->   Operation 19 'speclooptripcount' 'speclooptripcount_ln0' <Predicate = (layerEnableFlag_read)> <Delay = 0.00>
ST_2 : Operation 20 [1/1] (1.48ns)   --->   "%y_2 = add i11 %y_1, i11 1" [prj/sol/.autopilot/db/v_csc.cpp:895]   --->   Operation 20 'add' 'y_2' <Predicate = (layerEnableFlag_read)> <Delay = 1.48> <CoreInst = "Adder">   --->   Core 1 'Adder' <Latency = 0> <II = 1> <Delay = 1.48> <FuncUnit> <Opcode : 'add' 'sub'> <InPorts = 2> <OutPorts = 1>
ST_2 : Operation 21 [1/1] (0.00ns)   --->   "%br_ln895 = br i1 %icmp_ln895, void %for.inc.lr.ph, void %if.end.loopexit" [prj/sol/.autopilot/db/v_csc.cpp:895]   --->   Operation 21 'br' 'br_ln895' <Predicate = (layerEnableFlag_read)> <Delay = 0.00>
ST_2 : Operation 22 [2/2] (2.77ns)   --->   "%call_ln0 = call void @v_mix_yuv2rgb<false>.4_Pipeline_VITIS_LOOP_897_2, i11 %width_read, i24 %srcLayer0Yuv, i24 %outLayer0"   --->   Operation 22 'call' 'call_ln0' <Predicate = (layerEnableFlag_read & !icmp_ln895)> <Delay = 2.77> <CoreType = "Generic">   --->   Generic Core
ST_2 : Operation 23 [1/1] (0.00ns)   --->   "%br_ln0 = br void %if.end"   --->   Operation 23 'br' 'br_ln0' <Predicate = (layerEnableFlag_read & icmp_ln895)> <Delay = 0.00>
ST_2 : Operation 24 [1/1] (0.00ns)   --->   "%ret_ln906 = ret" [prj/sol/.autopilot/db/v_csc.cpp:906]   --->   Operation 24 'ret' 'ret_ln906' <Predicate = (icmp_ln895) | (!layerEnableFlag_read)> <Delay = 0.00>

State 3 <SV = 2> <Delay = 4.07>
ST_3 : Operation 25 [1/2] (4.07ns)   --->   "%call_ln0 = call void @v_mix_yuv2rgb<false>.4_Pipeline_VITIS_LOOP_897_2, i11 %width_read, i24 %srcLayer0Yuv, i24 %outLayer0"   --->   Operation 25 'call' 'call_ln0' <Predicate = true> <Delay = 4.07> <CoreType = "Generic">   --->   Generic Core

State 4 <SV = 3> <Delay = 1.29>
ST_4 : Operation 26 [1/1] (0.00ns)   --->   "%specloopname_ln895 = specloopname void @_ssdm_op_SpecLoopName, void @empty_31" [prj/sol/.autopilot/db/v_csc.cpp:895]   --->   Operation 26 'specloopname' 'specloopname_ln895' <Predicate = true> <Delay = 0.00>
ST_4 : Operation 27 [1/1] (1.29ns)   --->   "%store_ln887 = store i11 %y_2, i11 %y" [prj/sol/.autopilot/db/v_csc.cpp:887]   --->   Operation 27 'store' 'store_ln887' <Predicate = true> <Delay = 1.29>
ST_4 : Operation 28 [1/1] (0.00ns)   --->   "%br_ln895 = br void %VITIS_LOOP_897_2" [prj/sol/.autopilot/db/v_csc.cpp:895]   --->   Operation 28 'br' 'br_ln895' <Predicate = true> <Delay = 0.00>


============================================================
+ Verbose Summary: Binding
============================================================
STG Binding: 
---------------- STG Properties BEGIN ----------------
- Is combinational: 0
- Is one-state seq: 0
- Is datapath-only: 0
- Is pipelined: 0
- Is top level: 0
Port [ Return ] is wired: 1; IO mode=ap_ctrl_hs:ce=0
Port [ srcLayer0Yuv]:  wired=1; compound=1; hidden=0; nouse=0; global=0; static=0; extern=0; dir=0; type=3; pingpong=0; private_global=0; IO mode=ap_fifo:ce=0
Port [ height]:  wired=1; compound=0; hidden=0; nouse=0; global=0; static=0; extern=0; dir=0; type=0; pingpong=0; private_global=0; IO mode=ap_stable:ce=0
Port [ width]:  wired=1; compound=0; hidden=0; nouse=0; global=0; static=0; extern=0; dir=0; type=0; pingpong=0; private_global=0; IO mode=ap_stable:ce=0
Port [ layerEnableFlag]:  wired=1; compound=0; hidden=0; nouse=0; global=0; static=0; extern=0; dir=0; type=0; pingpong=0; private_global=0; IO mode=ap_stable:ce=0
Port [ outLayer0]:  wired=1; compound=1; hidden=0; nouse=0; global=0; static=0; extern=0; dir=1; type=3; pingpong=0; private_global=0; IO mode=ap_fifo:ce=0
---------------- STG Properties END ------------------

---------------- Datapath Model BEGIN ----------------

<LifeTime>
<method=bitvector/>
specstablecontent_ln0 (specstablecontent) [ 00000]
layerEnableFlag_read  (read             ) [ 01111]
width_read            (read             ) [ 00111]
height_read           (read             ) [ 00111]
specstablecontent_ln0 (specstablecontent) [ 00000]
specstablecontent_ln0 (specstablecontent) [ 00000]
specinterface_ln0     (specinterface    ) [ 00000]
specinterface_ln0     (specinterface    ) [ 00000]
br_ln893              (br               ) [ 00000]
y                     (alloca           ) [ 01111]
store_ln887           (store            ) [ 00000]
br_ln895              (br               ) [ 00000]
y_1                   (load             ) [ 00000]
icmp_ln895            (icmp             ) [ 00111]
speclooptripcount_ln0 (speclooptripcount) [ 00000]
y_2                   (add              ) [ 00011]
br_ln895              (br               ) [ 00000]
br_ln0                (br               ) [ 00000]
ret_ln906             (ret              ) [ 00000]
call_ln0              (call             ) [ 00000]
specloopname_ln895    (specloopname     ) [ 00000]
store_ln887           (store            ) [ 00000]
br_ln895              (br               ) [ 00000]
</LifeTime>

<model>

<comp_list>
<comp id="0" class="1000" name="srcLayer0Yuv">
<pin_list>
<pin id="1" dir="1" index="0" bw="1" slack="0"/>
</pin_list>
<bind>
<StgValue><ssdm name="srcLayer0Yuv"/></StgValue>
</bind>
</comp>

<comp id="2" class="1000" name="height">
<pin_list>
<pin id="3" dir="1" index="0" bw="1" slack="0"/>
</pin_list>
<bind>
<StgValue><ssdm name="height"/></StgValue>
</bind>
</comp>

<comp id="4" class="1000" name="width">
<pin_list>
<pin id="5" dir="1" index="0" bw="1" slack="0"/>
</pin_list>
<bind>
<StgValue><ssdm name="width"/></StgValue>
</bind>
</comp>

<comp id="6" class="1000" name="layerEnableFlag">
<pin_list>
<pin id="7" dir="1" index="0" bw="1" slack="0"/>
</pin_list>
<bind>
<StgValue><ssdm name="layerEnableFlag"/></StgValue>
</bind>
</comp>

<comp id="8" class="1000" name="outLayer0">
<pin_list>
<pin id="9" dir="1" index="0" bw="1" slack="0"/>
</pin_list>
<bind>
<StgValue><ssdm name="outLayer0"/></StgValue>
</bind>
</comp>

<comp id="10" class="1001" name="const_10">
<pin_list>
<pin id="11" dir="1" index="0" bw="1" slack="2147483647"/>
</pin_list>
<bind>
<StgValue><ssdm name="_ssdm_op_SpecStableContent"/></StgValue>
</bind>
</comp>

<comp id="12" class="1001" name="const_12">
<pin_list>
<pin id="13" dir="1" index="0" bw="1" slack="2147483647"/>
</pin_list>
<bind>
<StgValue><ssdm name=""/></StgValue>
</bind>
</comp>

<comp id="14" class="1001" name="const_14">
<pin_list>
<pin id="15" dir="1" index="0" bw="1" slack="2147483647"/>
</pin_list>
<bind>
<StgValue><ssdm name="p_str"/></StgValue>
</bind>
</comp>

<comp id="16" class="1001" name="const_16">
<pin_list>
<pin id="17" dir="1" index="0" bw="1" slack="0"/>
</pin_list>
<bind>
<StgValue><ssdm name="_ssdm_op_Read.ap_auto.i1"/></StgValue>
</bind>
</comp>

<comp id="18" class="1001" name="const_18">
<pin_list>
<pin id="19" dir="1" index="0" bw="1" slack="0"/>
</pin_list>
<bind>
<StgValue><ssdm name="_ssdm_op_Read.ap_auto.i11"/></StgValue>
</bind>
</comp>

<comp id="20" class="1001" name="const_20">
<pin_list>
<pin id="21" dir="1" index="0" bw="1" slack="2147483647"/>
</pin_list>
<bind>
<StgValue><ssdm name=""/></StgValue>
</bind>
</comp>

<comp id="22" class="1001" name="const_22">
<pin_list>
<pin id="23" dir="1" index="0" bw="1" slack="2147483647"/>
</pin_list>
<bind>
<StgValue><ssdm name="_ssdm_op_SpecInterface"/></StgValue>
</bind>
</comp>

<comp id="24" class="1001" name="const_24">
<pin_list>
<pin id="25" dir="1" index="0" bw="1" slack="2147483647"/>
</pin_list>
<bind>
<StgValue><ssdm name="empty_21"/></StgValue>
</bind>
</comp>

<comp id="26" class="1001" name="const_26">
<pin_list>
<pin id="27" dir="1" index="0" bw="1" slack="2147483647"/>
</pin_list>
<bind>
<StgValue><ssdm name=""/></StgValue>
</bind>
</comp>

<comp id="28" class="1001" name="const_28">
<pin_list>
<pin id="29" dir="1" index="0" bw="1" slack="2147483647"/>
</pin_list>
<bind>
<StgValue><ssdm name="empty_44"/></StgValue>
</bind>
</comp>

<comp id="30" class="1001" name="const_30">
<pin_list>
<pin id="31" dir="1" index="0" bw="1" slack="2147483647"/>
</pin_list>
<bind>
<StgValue><ssdm name=""/></StgValue>
</bind>
</comp>

<comp id="32" class="1001" name="const_32">
<pin_list>
<pin id="33" dir="1" index="0" bw="1" slack="0"/>
</pin_list>
<bind>
<StgValue><ssdm name=""/></StgValue>
</bind>
</comp>

<comp id="34" class="1001" name="const_34">
<pin_list>
<pin id="35" dir="1" index="0" bw="1" slack="0"/>
</pin_list>
<bind>
<StgValue><ssdm name=""/></StgValue>
</bind>
</comp>

<comp id="36" class="1001" name="const_36">
<pin_list>
<pin id="37" dir="1" index="0" bw="1" slack="2147483647"/>
</pin_list>
<bind>
<StgValue><ssdm name="_ssdm_op_SpecLoopTripCount"/></StgValue>
</bind>
</comp>

<comp id="38" class="1001" name="const_38">
<pin_list>
<pin id="39" dir="1" index="0" bw="1" slack="2147483647"/>
</pin_list>
<bind>
<StgValue><ssdm name=""/></StgValue>
</bind>
</comp>

<comp id="40" class="1001" name="const_40">
<pin_list>
<pin id="41" dir="1" index="0" bw="1" slack="2147483647"/>
</pin_list>
<bind>
<StgValue><ssdm name=""/></StgValue>
</bind>
</comp>

<comp id="42" class="1001" name="const_42">
<pin_list>
<pin id="43" dir="1" index="0" bw="1" slack="2147483647"/>
</pin_list>
<bind>
<StgValue><ssdm name=""/></StgValue>
</bind>
</comp>

<comp id="44" class="1001" name="const_44">
<pin_list>
<pin id="45" dir="1" index="0" bw="1" slack="0"/>
</pin_list>
<bind>
<StgValue><ssdm name=""/></StgValue>
</bind>
</comp>

<comp id="46" class="1001" name="const_46">
<pin_list>
<pin id="47" dir="1" index="0" bw="1" slack="0"/>
</pin_list>
<bind>
<StgValue><ssdm name="v_mix_yuv2rgb<false>.4_Pipeline_VITIS_LOOP_897_2"/></StgValue>
</bind>
</comp>

<comp id="48" class="1001" name="const_48">
<pin_list>
<pin id="49" dir="1" index="0" bw="1" slack="2147483647"/>
</pin_list>
<bind>
<StgValue><ssdm name="_ssdm_op_SpecLoopName"/></StgValue>
</bind>
</comp>

<comp id="50" class="1001" name="const_50">
<pin_list>
<pin id="51" dir="1" index="0" bw="1" slack="2147483647"/>
</pin_list>
<bind>
<StgValue><ssdm name="empty_31"/></StgValue>
</bind>
</comp>

<comp id="52" class="1004" name="y_fu_52">
<pin_list>
<pin id="53" dir="0" index="0" bw="1" slack="0"/>
<pin id="54" dir="1" index="1" bw="11" slack="0"/>
</pin_list>
<bind>
<opcode="alloca(26) " fcode="alloca"/>
<opset="y/1 "/>
</bind>
</comp>

<comp id="56" class="1004" name="layerEnableFlag_read_read_fu_56">
<pin_list>
<pin id="57" dir="0" index="0" bw="1" slack="0"/>
<pin id="58" dir="0" index="1" bw="1" slack="0"/>
<pin id="59" dir="1" index="2" bw="1" slack="1"/>
</pin_list>
<bind>
<opcode="read(1150) " fcode="read"/>
<opset="layerEnableFlag_read/1 "/>
</bind>
</comp>

<comp id="62" class="1004" name="width_read_read_fu_62">
<pin_list>
<pin id="63" dir="0" index="0" bw="11" slack="0"/>
<pin id="64" dir="0" index="1" bw="11" slack="0"/>
<pin id="65" dir="1" index="2" bw="11" slack="1"/>
</pin_list>
<bind>
<opcode="read(1150) " fcode="read"/>
<opset="width_read/1 "/>
</bind>
</comp>

<comp id="68" class="1004" name="height_read_read_fu_68">
<pin_list>
<pin id="69" dir="0" index="0" bw="11" slack="0"/>
<pin id="70" dir="0" index="1" bw="11" slack="0"/>
<pin id="71" dir="1" index="2" bw="11" slack="1"/>
</pin_list>
<bind>
<opcode="read(1150) " fcode="read"/>
<opset="height_read/1 "/>
</bind>
</comp>

<comp id="74" class="1004" name="grp_v_mix_yuv2rgb_false_4_Pipeline_VITIS_LOOP_897_2_fu_74">
<pin_list>
<pin id="75" dir="0" index="0" bw="0" slack="0"/>
<pin id="76" dir="0" index="1" bw="11" slack="1"/>
<pin id="77" dir="0" index="2" bw="24" slack="0"/>
<pin id="78" dir="0" index="3" bw="24" slack="0"/>
<pin id="79" dir="1" index="4" bw="0" slack="2147483647"/>
</pin_list>
<bind>
<opcode="call(48) " fcode="call"/>
<opset="call_ln0/2 "/>
</bind>
</comp>

<comp id="83" class="1004" name="store_ln887_store_fu_83">
<pin_list>
<pin id="84" dir="0" index="0" bw="1" slack="0"/>
<pin id="85" dir="0" index="1" bw="11" slack="0"/>
<pin id="86" dir="1" index="2" bw="0" slack="2147483647"/>
</pin_list>
<bind>
<opcode="store(28) " fcode="store"/>
<opset="store_ln887/1 "/>
</bind>
</comp>

<comp id="88" class="1004" name="y_1_load_fu_88">
<pin_list>
<pin id="89" dir="0" index="0" bw="11" slack="1"/>
<pin id="90" dir="1" index="1" bw="11" slack="0"/>
</pin_list>
<bind>
<opcode="load(27) " fcode="load"/>
<opset="y_1/2 "/>
</bind>
</comp>

<comp id="91" class="1004" name="icmp_ln895_fu_91">
<pin_list>
<pin id="92" dir="0" index="0" bw="11" slack="0"/>
<pin id="93" dir="0" index="1" bw="11" slack="1"/>
<pin id="94" dir="1" index="2" bw="1" slack="2147483647"/>
</pin_list>
<bind>
<opcode="icmp(45) " fcode="icmp"/>
<opset="icmp_ln895/2 "/>
</bind>
</comp>

<comp id="96" class="1004" name="y_2_fu_96">
<pin_list>
<pin id="97" dir="0" index="0" bw="11" slack="0"/>
<pin id="98" dir="0" index="1" bw="1" slack="0"/>
<pin id="99" dir="1" index="2" bw="11" slack="2"/>
</pin_list>
<bind>
<opcode="add(8) " fcode="add"/>
<opset="y_2/2 "/>
</bind>
</comp>

<comp id="102" class="1004" name="store_ln887_store_fu_102">
<pin_list>
<pin id="103" dir="0" index="0" bw="11" slack="2"/>
<pin id="104" dir="0" index="1" bw="11" slack="3"/>
<pin id="105" dir="1" index="2" bw="0" slack="2147483647"/>
</pin_list>
<bind>
<opcode="store(28) " fcode="store"/>
<opset="store_ln887/4 "/>
</bind>
</comp>

<comp id="106" class="1005" name="layerEnableFlag_read_reg_106">
<pin_list>
<pin id="107" dir="0" index="0" bw="1" slack="1"/>
<pin id="108" dir="1" index="1" bw="1" slack="2147483647"/>
</pin_list>
<bind>
<opset="layerEnableFlag_read "/>
</bind>
</comp>

<comp id="110" class="1005" name="width_read_reg_110">
<pin_list>
<pin id="111" dir="0" index="0" bw="11" slack="1"/>
<pin id="112" dir="1" index="1" bw="11" slack="1"/>
</pin_list>
<bind>
<opset="width_read "/>
</bind>
</comp>

<comp id="115" class="1005" name="height_read_reg_115">
<pin_list>
<pin id="116" dir="0" index="0" bw="11" slack="1"/>
<pin id="117" dir="1" index="1" bw="11" slack="1"/>
</pin_list>
<bind>
<opset="height_read "/>
</bind>
</comp>

<comp id="120" class="1005" name="y_reg_120">
<pin_list>
<pin id="121" dir="0" index="0" bw="11" slack="0"/>
<pin id="122" dir="1" index="1" bw="11" slack="0"/>
</pin_list>
<bind>
<opset="y "/>
</bind>
</comp>

<comp id="130" class="1005" name="y_2_reg_130">
<pin_list>
<pin id="131" dir="0" index="0" bw="11" slack="2"/>
<pin id="132" dir="1" index="1" bw="11" slack="2"/>
</pin_list>
<bind>
<opset="y_2 "/>
</bind>
</comp>

</comp_list>

<net_list>
<net id="55"><net_src comp="32" pin="0"/><net_sink comp="52" pin=0"/></net>

<net id="60"><net_src comp="16" pin="0"/><net_sink comp="56" pin=0"/></net>

<net id="61"><net_src comp="6" pin="0"/><net_sink comp="56" pin=1"/></net>

<net id="66"><net_src comp="18" pin="0"/><net_sink comp="62" pin=0"/></net>

<net id="67"><net_src comp="4" pin="0"/><net_sink comp="62" pin=1"/></net>

<net id="72"><net_src comp="18" pin="0"/><net_sink comp="68" pin=0"/></net>

<net id="73"><net_src comp="2" pin="0"/><net_sink comp="68" pin=1"/></net>

<net id="80"><net_src comp="46" pin="0"/><net_sink comp="74" pin=0"/></net>

<net id="81"><net_src comp="0" pin="0"/><net_sink comp="74" pin=2"/></net>

<net id="82"><net_src comp="8" pin="0"/><net_sink comp="74" pin=3"/></net>

<net id="87"><net_src comp="34" pin="0"/><net_sink comp="83" pin=0"/></net>

<net id="95"><net_src comp="88" pin="1"/><net_sink comp="91" pin=0"/></net>

<net id="100"><net_src comp="88" pin="1"/><net_sink comp="96" pin=0"/></net>

<net id="101"><net_src comp="44" pin="0"/><net_sink comp="96" pin=1"/></net>

<net id="109"><net_src comp="56" pin="2"/><net_sink comp="106" pin=0"/></net>

<net id="113"><net_src comp="62" pin="2"/><net_sink comp="110" pin=0"/></net>

<net id="114"><net_src comp="110" pin="1"/><net_sink comp="74" pin=1"/></net>

<net id="118"><net_src comp="68" pin="2"/><net_sink comp="115" pin=0"/></net>

<net id="119"><net_src comp="115" pin="1"/><net_sink comp="91" pin=1"/></net>

<net id="123"><net_src comp="52" pin="1"/><net_sink comp="120" pin=0"/></net>

<net id="124"><net_src comp="120" pin="1"/><net_sink comp="83" pin=1"/></net>

<net id="125"><net_src comp="120" pin="1"/><net_sink comp="88" pin=0"/></net>

<net id="126"><net_src comp="120" pin="1"/><net_sink comp="102" pin=1"/></net>

<net id="133"><net_src comp="96" pin="2"/><net_sink comp="130" pin=0"/></net>

<net id="134"><net_src comp="130" pin="1"/><net_sink comp="102" pin=0"/></net>

</net_list>

</model> 
---------------- Datapath Model END ------------------

* FSMD analyzer results:
  - Output states:
	Port: outLayer0 | {2 3 }
 - Input state : 
	Port: v_mix_yuv2rgb<false>.4 : srcLayer0Yuv | {2 3 }
	Port: v_mix_yuv2rgb<false>.4 : height | {1 }
	Port: v_mix_yuv2rgb<false>.4 : width | {1 }
	Port: v_mix_yuv2rgb<false>.4 : layerEnableFlag | {1 }
  - Chain level:
	State 1
		store_ln887 : 1
	State 2
		icmp_ln895 : 1
		y_2 : 1
		br_ln895 : 2
	State 3
	State 4


============================================================
+ Verbose Summary: Datapath Resource usage 
============================================================

* Functional unit list:
|----------|-----------------------------------------------------------|---------|---------|
| Operation|                      Functional Unit                      |    FF   |   LUT   |
|----------|-----------------------------------------------------------|---------|---------|
|   call   | grp_v_mix_yuv2rgb_false_4_Pipeline_VITIS_LOOP_897_2_fu_74 |    11   |    22   |
|----------|-----------------------------------------------------------|---------|---------|
|   icmp   |                      icmp_ln895_fu_91                     |    0    |    11   |
|----------|-----------------------------------------------------------|---------|---------|
|    add   |                         y_2_fu_96                         |    0    |    11   |
|----------|-----------------------------------------------------------|---------|---------|
|          |              layerEnableFlag_read_read_fu_56              |    0    |    0    |
|   read   |                   width_read_read_fu_62                   |    0    |    0    |
|          |                   height_read_read_fu_68                  |    0    |    0    |
|----------|-----------------------------------------------------------|---------|---------|
|   Total  |                                                           |    11   |    44   |
|----------|-----------------------------------------------------------|---------|---------|

Memories:
N/A

* Register list:
+----------------------------+--------+
|                            |   FF   |
+----------------------------+--------+
|     height_read_reg_115    |   11   |
|layerEnableFlag_read_reg_106|    1   |
|     width_read_reg_110     |   11   |
|         y_2_reg_130        |   11   |
|          y_reg_120         |   11   |
+----------------------------+--------+
|            Total           |   45   |
+----------------------------+--------+

* Multiplexer (MUX) list: 
|--------|------|------|------|--------|
|  Comp  |  Pin | Size |  BW  | S x BW |
|--------|------|------|------|--------|
|  Total |      |      |      |    0   |
|--------|------|------|------|--------|



* Summary:
+-----------+--------+--------+
|           |   FF   |   LUT  |
+-----------+--------+--------+
|  Function |   11   |   44   |
|   Memory  |    -   |    -   |
|Multiplexer|    -   |    -   |
|  Register |   45   |    -   |
+-----------+--------+--------+
|   Total   |   56   |   44   |
+-----------+--------+--------+
