

================================================================
== Vitis HLS Report for 'v_mix_444_to_422_false_s'
================================================================
* Date:           Tue Feb 10 17:47:00 2026

* Version:        2025.2 (Build 6295257 on Nov 14 2025)
* Project:        prj
* Solution:       sol (Vivado IP Flow Target)
* Product family: zynq
* Target device:  xc7z020-clg400-2


================================================================
== Performance Estimates
================================================================
+ Timing: 
    * Summary: 
    +--------+---------+----------+------------+
    |  Clock |  Target | Estimated| Uncertainty|
    +--------+---------+----------+------------+
    |ap_clk  |  6.75 ns|  4.927 ns|     1.82 ns|
    +--------+---------+----------+------------+

+ Latency: 
    * Summary: 
    +---------+---------+-----------+-----------+------+---------+---------+
    |  Latency (cycles) |   Latency (absolute)  |    Interval    | Pipeline|
    |   min   |   max   |    min    |    max    |  min |   max   |   Type  |
    +---------+---------+-----------+-----------+------+---------+---------+
    |     4417|  2079001|  29.815 us|  14.033 ms|  4417|  2079001|       no|
    +---------+---------+-----------+-----------+------+---------+---------+

    + Detail: 
        * Instance: 
        +------------------------------------------------------------+--------------------------------------------------+---------+---------+----------+-----------+-----+-----+-------------------+
        |                                                            |                                                  |  Latency (cycles) |  Latency (absolute)  |  Interval |      Pipeline     |
        |                          Instance                          |                      Module                      |   min   |   max   |    min   |    max    | min | max |        Type       |
        +------------------------------------------------------------+--------------------------------------------------+---------+---------+----------+-----------+-----+-----+-------------------+
        |grp_v_mix_444_to_422_false_Pipeline_VITIS_LOOP_718_2_fu_62  |v_mix_444_to_422_false_Pipeline_VITIS_LOOP_718_2  |       66|     1922|  0.446 us|  12.973 us|    0|    0|  loop pipeline stp|
        +------------------------------------------------------------+--------------------------------------------------+---------+---------+----------+-----------+-----+-----+-------------------+

        * Loop: 
        +--------------------+---------+---------+-----------+-----------+-----------+-----------+----------+
        |                    |  Latency (cycles) | Iteration |  Initiation Interval  |    Trip   |          |
        |      Loop Name     |   min   |   max   |  Latency  |  achieved |   target  |   Count   | Pipelined|
        +--------------------+---------+---------+-----------+-----------+-----------+-----------+----------+
        |- VITIS_LOOP_716_1  |     4416|  2079000|  69 ~ 1925|          -|          -|  64 ~ 1080|        no|
        +--------------------+---------+---------+-----------+-----------+-----------+-----------+----------+

============================================================
+ Verbose Summary: Synthesis Manager
============================================================
InlineROM: 1
ExposeGlobal: 0
============================================================
+ Verbose Summary: CDFG Model
============================================================
IsTopModel: 0
ResetActiveHigh: 1
IsCombinational: 2
IsDatapathOnly: 0
HasWiredReturn: 1
HasMFsm: 0
HasVarLatency: 1
IsPipeline: 0
IsRtlPipelined: 0
IsInstanceOverlapped: 0
IsDontTouch: 0
HasImplIP: 0
IsGatedGlobalClock: 0


============================================================
+ Verbose Summary: Schedule
============================================================
* Number of FSM states : 4
* Pipeline : 0
* Dataflow Pipeline: 0

* FSM state transitions: 
1 --> 2 
2 --> 3 
3 --> 4 
4 --> 2 

* FSM state operations: 

State 1 <SV = 0> <Delay = 1.29>
ST_1 : Operation 5 [1/1] (0.00ns)   --->   "%y = alloca i32 1" [prj/sol/.autopilot/db/v_csc.cpp:709]   --->   Operation 5 'alloca' 'y' <Predicate = true> <Delay = 0.00>
ST_1 : Operation 6 [1/1] (0.00ns)   --->   "%width_val_read = read i11 @_ssdm_op_Read.ap_auto.i11, i11 %width_val"   --->   Operation 6 'read' 'width_val_read' <Predicate = true> <Delay = 0.00>
ST_1 : Operation 7 [1/1] (0.00ns)   --->   "%height_val_read = read i11 @_ssdm_op_Read.ap_auto.i11, i11 %height_val"   --->   Operation 7 'read' 'height_val_read' <Predicate = true> <Delay = 0.00>
ST_1 : Operation 8 [1/1] (0.00ns)   --->   "%specstablecontent_ln0 = specstablecontent void @_ssdm_op_SpecStableContent, i11 %height_val, i1 1, void "   --->   Operation 8 'specstablecontent' 'specstablecontent_ln0' <Predicate = true> <Delay = 0.00>
ST_1 : Operation 9 [1/1] (0.00ns)   --->   "%specstablecontent_ln0 = specstablecontent void @_ssdm_op_SpecStableContent, i11 %width_val, i1 1, void "   --->   Operation 9 'specstablecontent' 'specstablecontent_ln0' <Predicate = true> <Delay = 0.00>
ST_1 : Operation 10 [1/1] (0.00ns)   --->   "%specinterface_ln0 = specinterface void @_ssdm_op_SpecInterface, i24 %out422, void @empty_40, i32 0, i32 0, void @empty_44, i32 0, i32 0, void @empty_44, void @empty_44, void @empty_44, i32 0, i32 0, i32 0, i32 0, void @empty_44, void @empty_44, i32 4294967295, i32 0, i32 0, i32 0"   --->   Operation 10 'specinterface' 'specinterface_ln0' <Predicate = true> <Delay = 0.00>
ST_1 : Operation 11 [1/1] (0.00ns)   --->   "%specinterface_ln0 = specinterface void @_ssdm_op_SpecInterface, i24 %outYuv, void @empty_40, i32 0, i32 0, void @empty_44, i32 0, i32 0, void @empty_44, void @empty_44, void @empty_44, i32 0, i32 0, i32 0, i32 0, void @empty_44, void @empty_44, i32 4294967295, i32 0, i32 0, i32 0"   --->   Operation 11 'specinterface' 'specinterface_ln0' <Predicate = true> <Delay = 0.00>
ST_1 : Operation 12 [1/1] (1.29ns)   --->   "%store_ln709 = store i11 0, i11 %y" [prj/sol/.autopilot/db/v_csc.cpp:709]   --->   Operation 12 'store' 'store_ln709' <Predicate = true> <Delay = 1.29>
ST_1 : Operation 13 [1/1] (0.00ns)   --->   "%br_ln716 = br void %VITIS_LOOP_718_2" [prj/sol/.autopilot/db/v_csc.cpp:716]   --->   Operation 13 'br' 'br_ln716' <Predicate = true> <Delay = 0.00>

State 2 <SV = 1> <Delay = 4.26>
ST_2 : Operation 14 [1/1] (0.00ns)   --->   "%y_10 = load i11 %y" [prj/sol/.autopilot/db/v_csc.cpp:716]   --->   Operation 14 'load' 'y_10' <Predicate = true> <Delay = 0.00>
ST_2 : Operation 15 [1/1] (1.48ns)   --->   "%icmp_ln716 = icmp_eq  i11 %y_10, i11 %height_val_read" [prj/sol/.autopilot/db/v_csc.cpp:716]   --->   Operation 15 'icmp' 'icmp_ln716' <Predicate = true> <Delay = 1.48> <CoreInst = "Cmp">   --->   Core 9 'Cmp' <Latency = 0> <II = 1> <Delay = 1.48> <FuncUnit> <Opcode : 'seteq' 'setne' 'setle' 'setge' 'setlt' 'setgt'> <InPorts = 2> <OutPorts = 1>
ST_2 : Operation 16 [1/1] (0.00ns)   --->   "%speclooptripcount_ln0 = speclooptripcount void @_ssdm_op_SpecLoopTripCount, i64 64, i64 1080, i64 0"   --->   Operation 16 'speclooptripcount' 'speclooptripcount_ln0' <Predicate = true> <Delay = 0.00>
ST_2 : Operation 17 [1/1] (1.48ns)   --->   "%y_11 = add i11 %y_10, i11 1" [prj/sol/.autopilot/db/v_csc.cpp:716]   --->   Operation 17 'add' 'y_11' <Predicate = true> <Delay = 1.48> <CoreInst = "Adder">   --->   Core 1 'Adder' <Latency = 0> <II = 1> <Delay = 1.48> <FuncUnit> <Opcode : 'add' 'sub'> <InPorts = 2> <OutPorts = 1>
ST_2 : Operation 18 [1/1] (0.00ns)   --->   "%br_ln716 = br i1 %icmp_ln716, void %for.inc.lr.ph, void %for.end14" [prj/sol/.autopilot/db/v_csc.cpp:716]   --->   Operation 18 'br' 'br_ln716' <Predicate = true> <Delay = 0.00>
ST_2 : Operation 19 [2/2] (2.77ns)   --->   "%call_ln0 = call void @v_mix_444_to_422<false>_Pipeline_VITIS_LOOP_718_2, i11 %width_val_read, i24 %outYuv, i24 %out422"   --->   Operation 19 'call' 'call_ln0' <Predicate = (!icmp_ln716)> <Delay = 2.77> <CoreType = "Generic">   --->   Generic Core
ST_2 : Operation 20 [1/1] (0.00ns)   --->   "%ret_ln726 = ret" [prj/sol/.autopilot/db/v_csc.cpp:726]   --->   Operation 20 'ret' 'ret_ln726' <Predicate = (icmp_ln716)> <Delay = 0.00>

State 3 <SV = 2> <Delay = 4.07>
ST_3 : Operation 21 [1/2] (4.07ns)   --->   "%call_ln0 = call void @v_mix_444_to_422<false>_Pipeline_VITIS_LOOP_718_2, i11 %width_val_read, i24 %outYuv, i24 %out422"   --->   Operation 21 'call' 'call_ln0' <Predicate = true> <Delay = 4.07> <CoreType = "Generic">   --->   Generic Core

State 4 <SV = 3> <Delay = 1.29>
ST_4 : Operation 22 [1/1] (0.00ns)   --->   "%specloopname_ln716 = specloopname void @_ssdm_op_SpecLoopName, void @empty_22" [prj/sol/.autopilot/db/v_csc.cpp:716]   --->   Operation 22 'specloopname' 'specloopname_ln716' <Predicate = true> <Delay = 0.00>
ST_4 : Operation 23 [1/1] (1.29ns)   --->   "%store_ln709 = store i11 %y_11, i11 %y" [prj/sol/.autopilot/db/v_csc.cpp:709]   --->   Operation 23 'store' 'store_ln709' <Predicate = true> <Delay = 1.29>
ST_4 : Operation 24 [1/1] (0.00ns)   --->   "%br_ln716 = br void %VITIS_LOOP_718_2" [prj/sol/.autopilot/db/v_csc.cpp:716]   --->   Operation 24 'br' 'br_ln716' <Predicate = true> <Delay = 0.00>


============================================================
+ Verbose Summary: Binding
============================================================
STG Binding: 
---------------- STG Properties BEGIN ----------------
- Is combinational: 0
- Is one-state seq: 0
- Is datapath-only: 0
- Is pipelined: 0
- Is top level: 0
Port [ Return ] is wired: 1; IO mode=ap_ctrl_hs:ce=0
Port [ outYuv]:  wired=1; compound=1; hidden=0; nouse=0; global=0; static=0; extern=0; dir=0; type=3; pingpong=0; private_global=0; IO mode=ap_fifo:ce=0
Port [ height_val]:  wired=1; compound=0; hidden=0; nouse=0; global=0; static=0; extern=0; dir=0; type=0; pingpong=0; private_global=0; IO mode=ap_stable:ce=0
Port [ width_val]:  wired=1; compound=0; hidden=0; nouse=0; global=0; static=0; extern=0; dir=0; type=0; pingpong=0; private_global=0; IO mode=ap_stable:ce=0
Port [ out422]:  wired=1; compound=1; hidden=0; nouse=0; global=0; static=0; extern=0; dir=1; type=3; pingpong=0; private_global=0; IO mode=ap_fifo:ce=0
---------------- STG Properties END ------------------

---------------- Datapath Model BEGIN ----------------

<LifeTime>
<method=bitvector/>
y                     (alloca           ) [ 01111]
width_val_read        (read             ) [ 00111]
height_val_read       (read             ) [ 00111]
specstablecontent_ln0 (specstablecontent) [ 00000]
specstablecontent_ln0 (specstablecontent) [ 00000]
specinterface_ln0     (specinterface    ) [ 00000]
specinterface_ln0     (specinterface    ) [ 00000]
store_ln709           (store            ) [ 00000]
br_ln716              (br               ) [ 00000]
y_10                  (load             ) [ 00000]
icmp_ln716            (icmp             ) [ 00111]
speclooptripcount_ln0 (speclooptripcount) [ 00000]
y_11                  (add              ) [ 00011]
br_ln716              (br               ) [ 00000]
ret_ln726             (ret              ) [ 00000]
call_ln0              (call             ) [ 00000]
specloopname_ln716    (specloopname     ) [ 00000]
store_ln709           (store            ) [ 00000]
br_ln716              (br               ) [ 00000]
</LifeTime>

<model>

<comp_list>
<comp id="0" class="1000" name="outYuv">
<pin_list>
<pin id="1" dir="1" index="0" bw="1" slack="0"/>
</pin_list>
<bind>
<StgValue><ssdm name="outYuv"/></StgValue>
</bind>
</comp>

<comp id="2" class="1000" name="height_val">
<pin_list>
<pin id="3" dir="1" index="0" bw="1" slack="0"/>
</pin_list>
<bind>
<StgValue><ssdm name="height_val"/></StgValue>
</bind>
</comp>

<comp id="4" class="1000" name="width_val">
<pin_list>
<pin id="5" dir="1" index="0" bw="1" slack="0"/>
</pin_list>
<bind>
<StgValue><ssdm name="width_val"/></StgValue>
</bind>
</comp>

<comp id="6" class="1000" name="out422">
<pin_list>
<pin id="7" dir="1" index="0" bw="1" slack="0"/>
</pin_list>
<bind>
<StgValue><ssdm name="out422"/></StgValue>
</bind>
</comp>

<comp id="8" class="1001" name="const_8">
<pin_list>
<pin id="9" dir="1" index="0" bw="1" slack="0"/>
</pin_list>
<bind>
<StgValue><ssdm name=""/></StgValue>
</bind>
</comp>

<comp id="10" class="1001" name="const_10">
<pin_list>
<pin id="11" dir="1" index="0" bw="1" slack="0"/>
</pin_list>
<bind>
<StgValue><ssdm name="_ssdm_op_Read.ap_auto.i11"/></StgValue>
</bind>
</comp>

<comp id="12" class="1001" name="const_12">
<pin_list>
<pin id="13" dir="1" index="0" bw="1" slack="2147483647"/>
</pin_list>
<bind>
<StgValue><ssdm name="_ssdm_op_SpecStableContent"/></StgValue>
</bind>
</comp>

<comp id="14" class="1001" name="const_14">
<pin_list>
<pin id="15" dir="1" index="0" bw="1" slack="2147483647"/>
</pin_list>
<bind>
<StgValue><ssdm name=""/></StgValue>
</bind>
</comp>

<comp id="16" class="1001" name="const_16">
<pin_list>
<pin id="17" dir="1" index="0" bw="1" slack="2147483647"/>
</pin_list>
<bind>
<StgValue><ssdm name=""/></StgValue>
</bind>
</comp>

<comp id="18" class="1001" name="const_18">
<pin_list>
<pin id="19" dir="1" index="0" bw="1" slack="2147483647"/>
</pin_list>
<bind>
<StgValue><ssdm name="_ssdm_op_SpecInterface"/></StgValue>
</bind>
</comp>

<comp id="20" class="1001" name="const_20">
<pin_list>
<pin id="21" dir="1" index="0" bw="1" slack="2147483647"/>
</pin_list>
<bind>
<StgValue><ssdm name="empty_40"/></StgValue>
</bind>
</comp>

<comp id="22" class="1001" name="const_22">
<pin_list>
<pin id="23" dir="1" index="0" bw="1" slack="2147483647"/>
</pin_list>
<bind>
<StgValue><ssdm name=""/></StgValue>
</bind>
</comp>

<comp id="24" class="1001" name="const_24">
<pin_list>
<pin id="25" dir="1" index="0" bw="1" slack="2147483647"/>
</pin_list>
<bind>
<StgValue><ssdm name="empty_44"/></StgValue>
</bind>
</comp>

<comp id="26" class="1001" name="const_26">
<pin_list>
<pin id="27" dir="1" index="0" bw="1" slack="2147483647"/>
</pin_list>
<bind>
<StgValue><ssdm name=""/></StgValue>
</bind>
</comp>

<comp id="28" class="1001" name="const_28">
<pin_list>
<pin id="29" dir="1" index="0" bw="1" slack="0"/>
</pin_list>
<bind>
<StgValue><ssdm name=""/></StgValue>
</bind>
</comp>

<comp id="30" class="1001" name="const_30">
<pin_list>
<pin id="31" dir="1" index="0" bw="1" slack="2147483647"/>
</pin_list>
<bind>
<StgValue><ssdm name="_ssdm_op_SpecLoopTripCount"/></StgValue>
</bind>
</comp>

<comp id="32" class="1001" name="const_32">
<pin_list>
<pin id="33" dir="1" index="0" bw="1" slack="2147483647"/>
</pin_list>
<bind>
<StgValue><ssdm name=""/></StgValue>
</bind>
</comp>

<comp id="34" class="1001" name="const_34">
<pin_list>
<pin id="35" dir="1" index="0" bw="1" slack="2147483647"/>
</pin_list>
<bind>
<StgValue><ssdm name=""/></StgValue>
</bind>
</comp>

<comp id="36" class="1001" name="const_36">
<pin_list>
<pin id="37" dir="1" index="0" bw="1" slack="2147483647"/>
</pin_list>
<bind>
<StgValue><ssdm name=""/></StgValue>
</bind>
</comp>

<comp id="38" class="1001" name="const_38">
<pin_list>
<pin id="39" dir="1" index="0" bw="1" slack="0"/>
</pin_list>
<bind>
<StgValue><ssdm name=""/></StgValue>
</bind>
</comp>

<comp id="40" class="1001" name="const_40">
<pin_list>
<pin id="41" dir="1" index="0" bw="1" slack="0"/>
</pin_list>
<bind>
<StgValue><ssdm name="v_mix_444_to_422<false>_Pipeline_VITIS_LOOP_718_2"/></StgValue>
</bind>
</comp>

<comp id="42" class="1001" name="const_42">
<pin_list>
<pin id="43" dir="1" index="0" bw="1" slack="2147483647"/>
</pin_list>
<bind>
<StgValue><ssdm name="_ssdm_op_SpecLoopName"/></StgValue>
</bind>
</comp>

<comp id="44" class="1001" name="const_44">
<pin_list>
<pin id="45" dir="1" index="0" bw="1" slack="2147483647"/>
</pin_list>
<bind>
<StgValue><ssdm name="empty_22"/></StgValue>
</bind>
</comp>

<comp id="46" class="1004" name="y_fu_46">
<pin_list>
<pin id="47" dir="0" index="0" bw="1" slack="0"/>
<pin id="48" dir="1" index="1" bw="11" slack="0"/>
</pin_list>
<bind>
<opcode="alloca(26) " fcode="alloca"/>
<opset="y/1 "/>
</bind>
</comp>

<comp id="50" class="1004" name="width_val_read_read_fu_50">
<pin_list>
<pin id="51" dir="0" index="0" bw="11" slack="0"/>
<pin id="52" dir="0" index="1" bw="11" slack="0"/>
<pin id="53" dir="1" index="2" bw="11" slack="1"/>
</pin_list>
<bind>
<opcode="read(1150) " fcode="read"/>
<opset="width_val_read/1 "/>
</bind>
</comp>

<comp id="56" class="1004" name="height_val_read_read_fu_56">
<pin_list>
<pin id="57" dir="0" index="0" bw="11" slack="0"/>
<pin id="58" dir="0" index="1" bw="11" slack="0"/>
<pin id="59" dir="1" index="2" bw="11" slack="1"/>
</pin_list>
<bind>
<opcode="read(1150) " fcode="read"/>
<opset="height_val_read/1 "/>
</bind>
</comp>

<comp id="62" class="1004" name="grp_v_mix_444_to_422_false_Pipeline_VITIS_LOOP_718_2_fu_62">
<pin_list>
<pin id="63" dir="0" index="0" bw="0" slack="0"/>
<pin id="64" dir="0" index="1" bw="11" slack="1"/>
<pin id="65" dir="0" index="2" bw="24" slack="0"/>
<pin id="66" dir="0" index="3" bw="24" slack="0"/>
<pin id="67" dir="1" index="4" bw="0" slack="2147483647"/>
</pin_list>
<bind>
<opcode="call(48) " fcode="call"/>
<opset="call_ln0/2 "/>
</bind>
</comp>

<comp id="71" class="1004" name="store_ln709_store_fu_71">
<pin_list>
<pin id="72" dir="0" index="0" bw="1" slack="0"/>
<pin id="73" dir="0" index="1" bw="11" slack="0"/>
<pin id="74" dir="1" index="2" bw="0" slack="2147483647"/>
</pin_list>
<bind>
<opcode="store(28) " fcode="store"/>
<opset="store_ln709/1 "/>
</bind>
</comp>

<comp id="76" class="1004" name="y_10_load_fu_76">
<pin_list>
<pin id="77" dir="0" index="0" bw="11" slack="1"/>
<pin id="78" dir="1" index="1" bw="11" slack="0"/>
</pin_list>
<bind>
<opcode="load(27) " fcode="load"/>
<opset="y_10/2 "/>
</bind>
</comp>

<comp id="79" class="1004" name="icmp_ln716_fu_79">
<pin_list>
<pin id="80" dir="0" index="0" bw="11" slack="0"/>
<pin id="81" dir="0" index="1" bw="11" slack="1"/>
<pin id="82" dir="1" index="2" bw="1" slack="2147483647"/>
</pin_list>
<bind>
<opcode="icmp(45) " fcode="icmp"/>
<opset="icmp_ln716/2 "/>
</bind>
</comp>

<comp id="84" class="1004" name="y_11_fu_84">
<pin_list>
<pin id="85" dir="0" index="0" bw="11" slack="0"/>
<pin id="86" dir="0" index="1" bw="1" slack="0"/>
<pin id="87" dir="1" index="2" bw="11" slack="2"/>
</pin_list>
<bind>
<opcode="add(8) " fcode="add"/>
<opset="y_11/2 "/>
</bind>
</comp>

<comp id="90" class="1004" name="store_ln709_store_fu_90">
<pin_list>
<pin id="91" dir="0" index="0" bw="11" slack="2"/>
<pin id="92" dir="0" index="1" bw="11" slack="3"/>
<pin id="93" dir="1" index="2" bw="0" slack="2147483647"/>
</pin_list>
<bind>
<opcode="store(28) " fcode="store"/>
<opset="store_ln709/4 "/>
</bind>
</comp>

<comp id="94" class="1005" name="y_reg_94">
<pin_list>
<pin id="95" dir="0" index="0" bw="11" slack="0"/>
<pin id="96" dir="1" index="1" bw="11" slack="0"/>
</pin_list>
<bind>
<opset="y "/>
</bind>
</comp>

<comp id="101" class="1005" name="width_val_read_reg_101">
<pin_list>
<pin id="102" dir="0" index="0" bw="11" slack="1"/>
<pin id="103" dir="1" index="1" bw="11" slack="1"/>
</pin_list>
<bind>
<opset="width_val_read "/>
</bind>
</comp>

<comp id="106" class="1005" name="height_val_read_reg_106">
<pin_list>
<pin id="107" dir="0" index="0" bw="11" slack="1"/>
<pin id="108" dir="1" index="1" bw="11" slack="1"/>
</pin_list>
<bind>
<opset="height_val_read "/>
</bind>
</comp>

<comp id="114" class="1005" name="y_11_reg_114">
<pin_list>
<pin id="115" dir="0" index="0" bw="11" slack="2"/>
<pin id="116" dir="1" index="1" bw="11" slack="2"/>
</pin_list>
<bind>
<opset="y_11 "/>
</bind>
</comp>

</comp_list>

<net_list>
<net id="49"><net_src comp="8" pin="0"/><net_sink comp="46" pin=0"/></net>

<net id="54"><net_src comp="10" pin="0"/><net_sink comp="50" pin=0"/></net>

<net id="55"><net_src comp="4" pin="0"/><net_sink comp="50" pin=1"/></net>

<net id="60"><net_src comp="10" pin="0"/><net_sink comp="56" pin=0"/></net>

<net id="61"><net_src comp="2" pin="0"/><net_sink comp="56" pin=1"/></net>

<net id="68"><net_src comp="40" pin="0"/><net_sink comp="62" pin=0"/></net>

<net id="69"><net_src comp="0" pin="0"/><net_sink comp="62" pin=2"/></net>

<net id="70"><net_src comp="6" pin="0"/><net_sink comp="62" pin=3"/></net>

<net id="75"><net_src comp="28" pin="0"/><net_sink comp="71" pin=0"/></net>

<net id="83"><net_src comp="76" pin="1"/><net_sink comp="79" pin=0"/></net>

<net id="88"><net_src comp="76" pin="1"/><net_sink comp="84" pin=0"/></net>

<net id="89"><net_src comp="38" pin="0"/><net_sink comp="84" pin=1"/></net>

<net id="97"><net_src comp="46" pin="1"/><net_sink comp="94" pin=0"/></net>

<net id="98"><net_src comp="94" pin="1"/><net_sink comp="71" pin=1"/></net>

<net id="99"><net_src comp="94" pin="1"/><net_sink comp="76" pin=0"/></net>

<net id="100"><net_src comp="94" pin="1"/><net_sink comp="90" pin=1"/></net>

<net id="104"><net_src comp="50" pin="2"/><net_sink comp="101" pin=0"/></net>

<net id="105"><net_src comp="101" pin="1"/><net_sink comp="62" pin=1"/></net>

<net id="109"><net_src comp="56" pin="2"/><net_sink comp="106" pin=0"/></net>

<net id="110"><net_src comp="106" pin="1"/><net_sink comp="79" pin=1"/></net>

<net id="117"><net_src comp="84" pin="2"/><net_sink comp="114" pin=0"/></net>

<net id="118"><net_src comp="114" pin="1"/><net_sink comp="90" pin=0"/></net>

</net_list>

</model> 
---------------- Datapath Model END ------------------

* FSMD analyzer results:
  - Output states:
	Port: out422 | {2 3 }
 - Input state : 
	Port: v_mix_444_to_422<false> : outYuv | {2 3 }
	Port: v_mix_444_to_422<false> : height_val | {1 }
	Port: v_mix_444_to_422<false> : width_val | {1 }
  - Chain level:
	State 1
		store_ln709 : 1
	State 2
		icmp_ln716 : 1
		y_11 : 1
		br_ln716 : 2
	State 3
	State 4


============================================================
+ Verbose Summary: Datapath Resource usage 
============================================================

* Functional unit list:
|----------|------------------------------------------------------------|---------|---------|
| Operation|                       Functional Unit                      |    FF   |   LUT   |
|----------|------------------------------------------------------------|---------|---------|
|   call   | grp_v_mix_444_to_422_false_Pipeline_VITIS_LOOP_718_2_fu_62 |    11   |    22   |
|----------|------------------------------------------------------------|---------|---------|
|   icmp   |                      icmp_ln716_fu_79                      |    0    |    11   |
|----------|------------------------------------------------------------|---------|---------|
|    add   |                         y_11_fu_84                         |    0    |    11   |
|----------|------------------------------------------------------------|---------|---------|
|   read   |                  width_val_read_read_fu_50                 |    0    |    0    |
|          |                 height_val_read_read_fu_56                 |    0    |    0    |
|----------|------------------------------------------------------------|---------|---------|
|   Total  |                                                            |    11   |    44   |
|----------|------------------------------------------------------------|---------|---------|

Memories:
N/A

* Register list:
+-----------------------+--------+
|                       |   FF   |
+-----------------------+--------+
|height_val_read_reg_106|   11   |
| width_val_read_reg_101|   11   |
|      y_11_reg_114     |   11   |
|        y_reg_94       |   11   |
+-----------------------+--------+
|         Total         |   44   |
+-----------------------+--------+

* Multiplexer (MUX) list: 
|--------|------|------|------|--------|
|  Comp  |  Pin | Size |  BW  | S x BW |
|--------|------|------|------|--------|
|  Total |      |      |      |    0   |
|--------|------|------|------|--------|



* Summary:
+-----------+--------+--------+
|           |   FF   |   LUT  |
+-----------+--------+--------+
|  Function |   11   |   44   |
|   Memory  |    -   |    -   |
|Multiplexer|    -   |    -   |
|  Register |   44   |    -   |
+-----------+--------+--------+
|   Total   |   55   |   44   |
+-----------+--------+--------+
