

================================================================
== Vitis HLS Report for 'v_mix_444_to_422_false_Pipeline_VITIS_LOOP_718_2'
================================================================
* Date:           Tue Feb 10 17:47:00 2026

* Version:        2025.2 (Build 6295257 on Nov 14 2025)
* Project:        prj
* Solution:       sol (Vivado IP Flow Target)
* Product family: zynq
* Target device:  xc7z020-clg400-2


================================================================
== Performance Estimates
================================================================
+ Timing: 
    * Summary: 
    +--------+---------+----------+------------+
    |  Clock |  Target | Estimated| Uncertainty|
    +--------+---------+----------+------------+
    |ap_clk  |  6.75 ns|  4.927 ns|     1.82 ns|
    +--------+---------+----------+------------+

+ Latency: 
    * Summary: 
    +---------+---------+----------+-----------+-----+-----+-------------------+
    |  Latency (cycles) |  Latency (absolute)  |  Interval |      Pipeline     |
    |   min   |   max   |    min   |    max    | min | max |        Type       |
    +---------+---------+----------+-----------+-----+-----+-------------------+
    |       66|     1922|  0.446 us|  12.973 us|    0|    0|  loop pipeline stp|
    +---------+---------+----------+-----------+-----+-----+-------------------+

    + Detail: 
        * Instance: 
        N/A

        * Loop: 
        +--------------------+---------+---------+----------+-----------+-----------+-----------+----------+
        |                    |  Latency (cycles) | Iteration|  Initiation Interval  |    Trip   |          |
        |      Loop Name     |   min   |   max   |  Latency |  achieved |   target  |   Count   | Pipelined|
        +--------------------+---------+---------+----------+-----------+-----------+-----------+----------+
        |- VITIS_LOOP_718_2  |       64|     1920|         2|          1|          1|  64 ~ 1920|       yes|
        +--------------------+---------+---------+----------+-----------+-----------+-----------+----------+

============================================================
+ Verbose Summary: Synthesis Manager
============================================================
InlineROM: 1
ExposeGlobal: 0
============================================================
+ Verbose Summary: CDFG Model
============================================================
IsTopModel: 0
ResetActiveHigh: 1
IsCombinational: 0
IsDatapathOnly: 0
HasWiredReturn: 1
HasMFsm: 2
HasVarLatency: 1
IsPipeline: 0
IsRtlPipelined: 0
IsInstanceOverlapped: 0
IsDontTouch: 0
HasImplIP: 0
IsGatedGlobalClock: 0

+ Individual pipeline summary: 
  * Pipeline-0: initiation interval (II) = 1, depth = 2


============================================================
+ Verbose Summary: Schedule
============================================================
* Number of FSM states : 2
* Pipeline : 1
  Pipeline-0 : II = 1, D = 2, States = { 1 2 }
* Dataflow Pipeline: 0

* FSM state transitions: 
1 --> 2 
2 --> 

* FSM state operations: 

State 1 <SV = 0> <Delay = 4.07>
ST_1 : Operation 5 [1/1] (0.00ns)   --->   "%x = alloca i32 1" [prj/sol/.autopilot/db/v_csc.cpp:709]   --->   Operation 5 'alloca' 'x' <Predicate = true> <Delay = 0.00>
ST_1 : Operation 6 [1/1] (0.00ns)   --->   "%specstablecontent_ln0 = specstablecontent void @_ssdm_op_SpecStableContent, i11 %width_val, i1 1, void "   --->   Operation 6 'specstablecontent' 'specstablecontent_ln0' <Predicate = true> <Delay = 0.00>
ST_1 : Operation 7 [1/1] (0.00ns)   --->   "%specinterface_ln0 = specinterface void @_ssdm_op_SpecInterface, i24 %outYuv, void @empty_40, i32 0, i32 0, void @empty_44, i32 0, i32 0, void @empty_44, void @empty_44, void @empty_44, i32 0, i32 0, i32 0, i32 0, void @empty_44, void @empty_44, i32 4294967295, i32 0, i32 0, i32 0"   --->   Operation 7 'specinterface' 'specinterface_ln0' <Predicate = true> <Delay = 0.00>
ST_1 : Operation 8 [1/1] (0.00ns)   --->   "%specinterface_ln0 = specinterface void @_ssdm_op_SpecInterface, i24 %out422, void @empty_40, i32 0, i32 0, void @empty_44, i32 0, i32 0, void @empty_44, void @empty_44, void @empty_44, i32 0, i32 0, i32 0, i32 0, void @empty_44, void @empty_44, i32 4294967295, i32 0, i32 0, i32 0"   --->   Operation 8 'specinterface' 'specinterface_ln0' <Predicate = true> <Delay = 0.00>
ST_1 : Operation 9 [1/1] (0.00ns)   --->   "%width_val_read = read i11 @_ssdm_op_Read.ap_auto.i11, i11 %width_val" [prj/sol/.autopilot/db/v_csc.cpp:703]   --->   Operation 9 'read' 'width_val_read' <Predicate = true> <Delay = 0.00>
ST_1 : Operation 10 [1/1] (1.29ns)   --->   "%store_ln709 = store i11 0, i11 %x" [prj/sol/.autopilot/db/v_csc.cpp:709]   --->   Operation 10 'store' 'store_ln709' <Predicate = true> <Delay = 1.29>
ST_1 : Operation 11 [1/1] (0.00ns)   --->   "%br_ln718 = br void %for.inc" [prj/sol/.autopilot/db/v_csc.cpp:718]   --->   Operation 11 'br' 'br_ln718' <Predicate = true> <Delay = 0.00>
ST_1 : Operation 12 [1/1] (0.00ns)   --->   "%x_10 = load i11 %x" [prj/sol/.autopilot/db/v_csc.cpp:718]   --->   Operation 12 'load' 'x_10' <Predicate = true> <Delay = 0.00>
ST_1 : Operation 13 [1/1] (1.48ns)   --->   "%icmp_ln718 = icmp_eq  i11 %x_10, i11 %width_val_read" [prj/sol/.autopilot/db/v_csc.cpp:718]   --->   Operation 13 'icmp' 'icmp_ln718' <Predicate = true> <Delay = 1.48> <CoreInst = "Cmp">   --->   Core 9 'Cmp' <Latency = 0> <II = 1> <Delay = 1.48> <FuncUnit> <Opcode : 'seteq' 'setne' 'setle' 'setge' 'setlt' 'setgt'> <InPorts = 2> <OutPorts = 1>
ST_1 : Operation 14 [1/1] (0.00ns)   --->   "%speclooptripcount_ln0 = speclooptripcount void @_ssdm_op_SpecLoopTripCount, i64 64, i64 1920, i64 0"   --->   Operation 14 'speclooptripcount' 'speclooptripcount_ln0' <Predicate = true> <Delay = 0.00>
ST_1 : Operation 15 [1/1] (1.48ns)   --->   "%x_11 = add i11 %x_10, i11 1" [prj/sol/.autopilot/db/v_csc.cpp:718]   --->   Operation 15 'add' 'x_11' <Predicate = true> <Delay = 1.48> <CoreInst = "Adder">   --->   Core 1 'Adder' <Latency = 0> <II = 1> <Delay = 1.48> <FuncUnit> <Opcode : 'add' 'sub'> <InPorts = 2> <OutPorts = 1>
ST_1 : Operation 16 [1/1] (0.00ns)   --->   "%br_ln718 = br i1 %icmp_ln718, void %for.inc.split, void %for.inc12.exitStub" [prj/sol/.autopilot/db/v_csc.cpp:718]   --->   Operation 16 'br' 'br_ln718' <Predicate = true> <Delay = 0.00>
ST_1 : Operation 17 [1/1] (1.29ns)   --->   "%store_ln709 = store i11 %x_11, i11 %x" [prj/sol/.autopilot/db/v_csc.cpp:709]   --->   Operation 17 'store' 'store_ln709' <Predicate = (!icmp_ln718)> <Delay = 1.29>
ST_1 : Operation 23 [1/1] (1.29ns)   --->   "%ret_ln0 = ret"   --->   Operation 23 'ret' 'ret_ln0' <Predicate = (icmp_ln718)> <Delay = 1.29>

State 2 <SV = 1> <Delay = 4.92>
ST_2 : Operation 18 [1/1] (0.00ns)   --->   "%specpipeline_ln721 = specpipeline void @_ssdm_op_SpecPipeline, i32 4294967295, i32 0, i32 0, i32 0, i32 4294967295, void @empty_44" [prj/sol/.autopilot/db/v_csc.cpp:721]   --->   Operation 18 'specpipeline' 'specpipeline_ln721' <Predicate = true> <Delay = 0.00>
ST_2 : Operation 19 [1/1] (0.00ns)   --->   "%specloopname_ln718 = specloopname void @_ssdm_op_SpecLoopName, void @empty_33" [prj/sol/.autopilot/db/v_csc.cpp:718]   --->   Operation 19 'specloopname' 'specloopname_ln718' <Predicate = true> <Delay = 0.00>
ST_2 : Operation 20 [1/1] ( I:2.46ns O:2.46ns )   --->   "%outYuv_read = read i24 @_ssdm_op_Read.ap_fifo.volatile.i24P0A, i24 %outYuv" [prj/sol/.autopilot/db/v_csc.cpp:722]   --->   Operation 20 'read' 'outYuv_read' <Predicate = true> <Delay = 2.46> <CoreInst = "FIFO_SRL">   --->   Core 80 'FIFO_SRL' <Latency = 0> <II = 1> <Delay = 3.40> <Storage> <Opcode : 'read' 'write' 'nbread' 'nbwrite'> <Ports = 0> <Width = 24> <Depth = 2> <FIFO>
ST_2 : Operation 21 [1/1] ( I:2.46ns O:2.46ns )   --->   "%write_ln723 = write void @_ssdm_op_Write.ap_fifo.volatile.i24P0A, i24 %out422, i24 %outYuv_read" [prj/sol/.autopilot/db/v_csc.cpp:723]   --->   Operation 21 'write' 'write_ln723' <Predicate = true> <Delay = 2.46> <CoreInst = "FIFO_SRL">   --->   Core 80 'FIFO_SRL' <Latency = 0> <II = 1> <Delay = 3.40> <Storage> <Opcode : 'read' 'write' 'nbread' 'nbwrite'> <Ports = 0> <Width = 24> <Depth = 2> <FIFO>
ST_2 : Operation 22 [1/1] (0.00ns)   --->   "%br_ln718 = br void %for.inc" [prj/sol/.autopilot/db/v_csc.cpp:718]   --->   Operation 22 'br' 'br_ln718' <Predicate = true> <Delay = 0.00>


============================================================
+ Verbose Summary: Timing violations
============================================================
Target clock period: 6.750ns, clock uncertainty: 1.822ns.

 <State 1>: 4.078ns
The critical path consists of the following:
	'store' operation ('store_ln709', prj/sol/.autopilot/db/v_csc.cpp:709) of constant 0 11 bit on local variable 'x', prj/sol/.autopilot/db/v_csc.cpp:709 [9]  (1.298 ns)
	'load' operation 11 bit ('x', prj/sol/.autopilot/db/v_csc.cpp:718) on local variable 'x', prj/sol/.autopilot/db/v_csc.cpp:709 [12]  (0.000 ns)
	'add' operation 11 bit ('x', prj/sol/.autopilot/db/v_csc.cpp:718) [15]  (1.482 ns)
	'store' operation ('store_ln709', prj/sol/.autopilot/db/v_csc.cpp:709) of variable 'x', prj/sol/.autopilot/db/v_csc.cpp:718 11 bit on local variable 'x', prj/sol/.autopilot/db/v_csc.cpp:709 [22]  (1.298 ns)

 <State 2>: 4.927ns
The critical path consists of the following:
	fifo read operation ('outYuv_read', prj/sol/.autopilot/db/v_csc.cpp:722) on port 'outYuv' (prj/sol/.autopilot/db/v_csc.cpp:722) [20]  (2.464 ns)
	fifo write operation ('write_ln723', prj/sol/.autopilot/db/v_csc.cpp:723) on port 'out422' (prj/sol/.autopilot/db/v_csc.cpp:723) [21]  (2.464 ns)


============================================================
+ Verbose Summary: Binding
============================================================
N/A
* FSMD analyzer results:
  - Output states:
 - Input state : 
  - Chain level:
	State 1
	State 2


============================================================
+ Verbose Summary: Datapath Resource usage 
============================================================
N/A
