

================================================================
== Vitis HLS Report for 'v_mix_core_alpha_false_false_s'
================================================================
* Date:           Tue Feb 24 12:52:09 2026

* Version:        2025.2 (Build 6295257 on Nov 14 2025)
* Project:        prj
* Solution:       sol (Vivado IP Flow Target)
* Product family: zynq
* Target device:  xc7z020-clg400-2


================================================================
== Performance Estimates
================================================================
+ Timing: 
    * Summary: 
    +--------+---------+----------+------------+
    |  Clock |  Target | Estimated| Uncertainty|
    +--------+---------+----------+------------+
    |ap_clk  |  6.67 ns|  4.666 ns|     1.80 ns|
    +--------+---------+----------+------------+

+ Latency: 
    * Summary: 
    +---------+---------+-----------+-----------+------+---------+---------+
    |  Latency (cycles) |   Latency (absolute)  |    Interval    | Pipeline|
    |   min   |   max   |    min    |    max    |  min |   max   |   Type  |
    +---------+---------+-----------+-----------+------+---------+---------+
    |     4481|  2080081|  29.875 us|  13.868 ms|  4481|  2080081|       no|
    +---------+---------+-----------+-----------+------+---------+---------+

    + Detail: 
        * Instance: 
        +-------------------------------------------------------------------+--------------------------------------------------------+---------+---------+----------+-----------+-----+-----+-------------------+
        |                                                                   |                                                        |  Latency (cycles) |  Latency (absolute)  |  Interval |      Pipeline     |
        |                              Instance                             |                         Module                         |   min   |   max   |    min   |    max    | min | max |        Type       |
        +-------------------------------------------------------------------+--------------------------------------------------------+---------+---------+----------+-----------+-----+-----+-------------------+
        |grp_v_mix_core_alpha_false_false_Pipeline_VITIS_LOOP_465_3_fu_146  |v_mix_core_alpha_false_false_Pipeline_VITIS_LOOP_465_3  |       67|     1923|  0.447 us|  12.821 us|    0|    0|  loop pipeline stp|
        +-------------------------------------------------------------------+--------------------------------------------------------+---------+---------+----------+-----------+-----+-----+-------------------+

        * Loop: 
        +--------------------+---------+---------+-----------+-----------+-----------+-----------+----------+
        |                    |  Latency (cycles) | Iteration |  Initiation Interval  |    Trip   |          |
        |      Loop Name     |   min   |   max   |  Latency  |  achieved |   target  |   Count   | Pipelined|
        +--------------------+---------+---------+-----------+-----------+-----------+-----------+----------+
        |- VITIS_LOOP_463_2  |     4480|  2080080|  70 ~ 1926|          -|          -|  64 ~ 1080|        no|
        +--------------------+---------+---------+-----------+-----------+-----------+-----------+----------+



================================================================
== Utilization Estimates
================================================================
* Summary: 
+-----------------+---------+-----+--------+-------+-----+
|       Name      | BRAM_18K| DSP |   FF   |  LUT  | URAM|
+-----------------+---------+-----+--------+-------+-----+
|DSP              |        -|    -|       -|      -|    -|
|Expression       |        -|    -|       0|    162|    -|
|FIFO             |        -|    -|       -|      -|    -|
|Instance         |        -|    -|     117|    240|    -|
|Memory           |        -|    -|       -|      -|    -|
|Multiplexer      |        -|    -|       0|     48|    -|
|Register         |        -|    -|     135|      -|    -|
+-----------------+---------+-----+--------+-------+-----+
|Total            |        0|    0|     252|    450|    0|
+-----------------+---------+-----+--------+-------+-----+
|Available        |      280|  220|  106400|  53200|    0|
+-----------------+---------+-----+--------+-------+-----+
|Utilization (%)  |        0|    0|      ~0|     ~0|    0|
+-----------------+---------+-----+--------+-------+-----+

+ Detail: 
    * Instance: 
    +-------------------------------------------------------------------+--------------------------------------------------------+---------+----+-----+-----+-----+
    |                              Instance                             |                         Module                         | BRAM_18K| DSP|  FF | LUT | URAM|
    +-------------------------------------------------------------------+--------------------------------------------------------+---------+----+-----+-----+-----+
    |grp_v_mix_core_alpha_false_false_Pipeline_VITIS_LOOP_465_3_fu_146  |v_mix_core_alpha_false_false_Pipeline_VITIS_LOOP_465_3  |        0|   0|  117|  240|    0|
    +-------------------------------------------------------------------+--------------------------------------------------------+---------+----+-----+-----+-----+
    |Total                                                              |                                                        |        0|   0|  117|  240|    0|
    +-------------------------------------------------------------------+--------------------------------------------------------+---------+----+-----+-----+-----+

    * DSP: 
    N/A

    * Memory: 
    N/A

    * FIFO: 
    N/A

    * Expression: 
    +------------------------+----------+----+---+----+------------+------------+
    |      Variable Name     | Operation| DSP| FF| LUT| Bitwidth P0| Bitwidth P1|
    +------------------------+----------+----+---+----+------------+------------+
    |add_ln463_fu_239_p2     |         +|   0|  0|  11|          11|           1|
    |add_ln476_fu_198_p2     |         +|   0|  0|  17|          17|          17|
    |add_ln478_fu_212_p2     |         +|   0|  0|  17|          17|          17|
    |icmp_ln463_fu_234_p2    |      icmp|   0|  0|  11|          11|          11|
    |icmp_ln476_1_fu_258_p2  |      icmp|   0|  0|  17|          17|          17|
    |icmp_ln476_fu_253_p2    |      icmp|   0|  0|  16|          16|          16|
    |ap_block_state1         |        or|   0|  0|   1|           1|           1|
    |shl_ln449_fu_174_p2     |       shl|   0|  0|  35|          16|          16|
    |shl_ln450_fu_184_p2     |       shl|   0|  0|  35|          16|          16|
    |xor_ln476_fu_268_p2     |       xor|   0|  0|   2|           1|           2|
    +------------------------+----------+----+---+----+------------+------------+
    |Total                   |          |   0|  0| 162|         123|         114|
    +------------------------+----------+----+---+----+------------+------------+

    * Multiplexer: 
    +------------+----+-----------+-----+-----------+
    |    Name    | LUT| Input Size| Bits| Total Bits|
    +------------+----+-----------+-----+-----------+
    |ap_NS_fsm   |  21|          5|    1|          5|
    |ap_done     |   9|          2|    1|          2|
    |real_start  |   9|          2|    1|          2|
    |y_fu_76     |   9|          2|   11|         22|
    +------------+----+-----------+-----+-----------+
    |Total       |  48|         11|   14|         31|
    +------------+----+-----------+-----+-----------+

    * Register: 
    +--------------------------------------------------------------------------------+----+----+-----+-----------+
    |                                      Name                                      | FF | LUT| Bits| Const Bits|
    +--------------------------------------------------------------------------------+----+----+-----+-----------+
    |add_ln476_reg_321                                                               |  17|   0|   17|          0|
    |add_ln478_reg_326                                                               |  17|   0|   17|          0|
    |ap_CS_fsm                                                                       |   4|   0|    4|          0|
    |ap_done_reg                                                                     |   1|   0|    1|          0|
    |empty_reg_316                                                                   |   1|   0|    1|          0|
    |grp_v_mix_core_alpha_false_false_Pipeline_VITIS_LOOP_465_3_fu_146_ap_start_reg  |   1|   0|    1|          0|
    |hwReg_background_U_G_val_read_reg_296                                           |   8|   0|    8|          0|
    |hwReg_background_V_B_val_read_reg_291                                           |   8|   0|    8|          0|
    |hwReg_background_Y_R_val_read_reg_301                                           |   8|   0|    8|          0|
    |hwReg_height_val_read_reg_306                                                   |  11|   0|   11|          0|
    |hwReg_layerStartX_1_val_read_reg_286                                            |  16|   0|   16|          0|
    |hwReg_layerStartY_1_val_read_reg_281                                            |  16|   0|   16|          0|
    |hwReg_width_val_read_reg_311                                                    |  11|   0|   11|          0|
    |icmp_ln476_1_reg_344                                                            |   1|   0|    1|          0|
    |icmp_ln476_reg_339                                                              |   1|   0|    1|          0|
    |start_once_reg                                                                  |   1|   0|    1|          0|
    |tmp_5_reg_331                                                                   |   1|   0|    1|          0|
    |xor_ln476_reg_349                                                               |   1|   0|    1|          0|
    |y_fu_76                                                                         |  11|   0|   11|          0|
    +--------------------------------------------------------------------------------+----+----+-----+-----------+
    |Total                                                                           | 135|   0|  135|          0|
    +--------------------------------------------------------------------------------+----+----+-----+-----------+



================================================================
== Interface
================================================================
* Summary: 
+------------------------------+-----+-----+------------+--------------------------------+--------------+
|           RTL Ports          | Dir | Bits|  Protocol  |          Source Object         |    C Type    |
+------------------------------+-----+-----+------------+--------------------------------+--------------+
|ap_clk                        |   in|    1|  ap_ctrl_hs|  v_mix_core_alpha<false, false>|  return value|
|ap_rst                        |   in|    1|  ap_ctrl_hs|  v_mix_core_alpha<false, false>|  return value|
|ap_start                      |   in|    1|  ap_ctrl_hs|  v_mix_core_alpha<false, false>|  return value|
|start_full_n                  |   in|    1|  ap_ctrl_hs|  v_mix_core_alpha<false, false>|  return value|
|ap_done                       |  out|    1|  ap_ctrl_hs|  v_mix_core_alpha<false, false>|  return value|
|ap_continue                   |   in|    1|  ap_ctrl_hs|  v_mix_core_alpha<false, false>|  return value|
|ap_idle                       |  out|    1|  ap_ctrl_hs|  v_mix_core_alpha<false, false>|  return value|
|ap_ready                      |  out|    1|  ap_ctrl_hs|  v_mix_core_alpha<false, false>|  return value|
|start_out                     |  out|    1|  ap_ctrl_hs|  v_mix_core_alpha<false, false>|  return value|
|start_write                   |  out|    1|  ap_ctrl_hs|  v_mix_core_alpha<false, false>|  return value|
|outLayer0_dout                |   in|   24|     ap_fifo|                       outLayer0|       pointer|
|outLayer0_empty_n             |   in|    1|     ap_fifo|                       outLayer0|       pointer|
|outLayer0_read                |  out|    1|     ap_fifo|                       outLayer0|       pointer|
|outLayer0_num_data_valid      |   in|    3|     ap_fifo|                       outLayer0|       pointer|
|outLayer0_fifo_cap            |   in|    3|     ap_fifo|                       outLayer0|       pointer|
|srcLayer1x_dout               |   in|   24|     ap_fifo|                      srcLayer1x|       pointer|
|srcLayer1x_empty_n            |   in|    1|     ap_fifo|                      srcLayer1x|       pointer|
|srcLayer1x_read               |  out|    1|     ap_fifo|                      srcLayer1x|       pointer|
|srcLayer1x_num_data_valid     |   in|    3|     ap_fifo|                      srcLayer1x|       pointer|
|srcLayer1x_fifo_cap           |   in|    3|     ap_fifo|                      srcLayer1x|       pointer|
|hwReg_width_val               |   in|   11|   ap_stable|                 hwReg_width_val|        scalar|
|hwReg_height_val              |   in|   11|   ap_stable|                hwReg_height_val|        scalar|
|hwReg_background_Y_R_val      |   in|    8|   ap_stable|        hwReg_background_Y_R_val|        scalar|
|hwReg_background_U_G_val      |   in|    8|   ap_stable|        hwReg_background_U_G_val|        scalar|
|hwReg_background_V_B_val      |   in|    8|   ap_stable|        hwReg_background_V_B_val|        scalar|
|hwReg_layerEnable_val         |   in|    2|   ap_stable|           hwReg_layerEnable_val|        scalar|
|hwReg_layerStartX_1_val       |   in|   16|   ap_stable|         hwReg_layerStartX_1_val|        scalar|
|hwReg_layerStartY_1_val       |   in|   16|   ap_stable|         hwReg_layerStartY_1_val|        scalar|
|hwReg_layerWidth_1_val        |   in|   16|   ap_stable|          hwReg_layerWidth_1_val|        scalar|
|hwReg_layerHeight_1_val       |   in|   16|   ap_stable|         hwReg_layerHeight_1_val|        scalar|
|hwReg_layerScaleFactor_1_val  |   in|    8|   ap_stable|    hwReg_layerScaleFactor_1_val|        scalar|
|outLayer1_din                 |  out|   24|     ap_fifo|                       outLayer1|       pointer|
|outLayer1_full_n              |   in|    1|     ap_fifo|                       outLayer1|       pointer|
|outLayer1_write               |  out|    1|     ap_fifo|                       outLayer1|       pointer|
|outLayer1_num_data_valid      |   in|   32|     ap_fifo|                       outLayer1|       pointer|
|outLayer1_fifo_cap            |   in|   32|     ap_fifo|                       outLayer1|       pointer|
+------------------------------+-----+-----+------------+--------------------------------+--------------+

============================================================
+ Verbose Summary: Synthesis Manager
============================================================
InlineROM: 1
ExposeGlobal: 0
============================================================
+ Verbose Summary: CDFG Model
============================================================
IsTopModel: 0
ResetActiveHigh: 1
IsCombinational: 2
IsDatapathOnly: 0
HasWiredReturn: 1
HasMFsm: 0
HasVarLatency: 1
IsPipeline: 0
IsRtlPipelined: 0
IsInstanceOverlapped: 0
IsDontTouch: 0
HasImplIP: 0
IsGatedGlobalClock: 0


============================================================
+ Verbose Summary: Schedule
============================================================
* Number of FSM states : 4
* Pipeline : 0
* Dataflow Pipeline: 0

* FSM state transitions: 
1 --> 2 
2 --> 3 
3 --> 4 
4 --> 2 

* FSM state operations: 

State 1 <SV = 0> <Delay = 4.66>
ST_1 : Operation 5 [1/1] (0.00ns)   --->   "%y = alloca i32 1" [prj/sol/.autopilot/db/v_mix.cpp:440]   --->   Operation 5 'alloca' 'y' <Predicate = true> <Delay = 0.00>
ST_1 : Operation 6 [1/1] (0.00ns)   --->   "%specstablecontent_ln0 = specstablecontent void @_ssdm_op_SpecStableContent, i8 %hwReg_layerScaleFactor_1_val, i1 1, void @p_str"   --->   Operation 6 'specstablecontent' 'specstablecontent_ln0' <Predicate = true> <Delay = 0.00>
ST_1 : Operation 7 [1/1] (0.00ns)   --->   "%specstablecontent_ln0 = specstablecontent void @_ssdm_op_SpecStableContent, i16 %hwReg_layerHeight_1_val, i1 1, void @p_str"   --->   Operation 7 'specstablecontent' 'specstablecontent_ln0' <Predicate = true> <Delay = 0.00>
ST_1 : Operation 8 [1/1] (0.00ns)   --->   "%specstablecontent_ln0 = specstablecontent void @_ssdm_op_SpecStableContent, i16 %hwReg_layerWidth_1_val, i1 1, void @p_str"   --->   Operation 8 'specstablecontent' 'specstablecontent_ln0' <Predicate = true> <Delay = 0.00>
ST_1 : Operation 9 [1/1] (0.00ns)   --->   "%specstablecontent_ln0 = specstablecontent void @_ssdm_op_SpecStableContent, i16 %hwReg_layerStartY_1_val, i1 1, void @p_str"   --->   Operation 9 'specstablecontent' 'specstablecontent_ln0' <Predicate = true> <Delay = 0.00>
ST_1 : Operation 10 [1/1] (0.00ns)   --->   "%specstablecontent_ln0 = specstablecontent void @_ssdm_op_SpecStableContent, i16 %hwReg_layerStartX_1_val, i1 1, void @p_str"   --->   Operation 10 'specstablecontent' 'specstablecontent_ln0' <Predicate = true> <Delay = 0.00>
ST_1 : Operation 11 [1/1] (0.00ns)   --->   "%specstablecontent_ln0 = specstablecontent void @_ssdm_op_SpecStableContent, i2 %hwReg_layerEnable_val, i1 1, void @p_str"   --->   Operation 11 'specstablecontent' 'specstablecontent_ln0' <Predicate = true> <Delay = 0.00>
ST_1 : Operation 12 [1/1] (0.00ns)   --->   "%hwReg_layerScaleFactor_1_val_read = read i8 @_ssdm_op_Read.ap_auto.i8, i8 %hwReg_layerScaleFactor_1_val"   --->   Operation 12 'read' 'hwReg_layerScaleFactor_1_val_read' <Predicate = true> <Delay = 0.00>
ST_1 : Operation 13 [1/1] (0.00ns)   --->   "%hwReg_layerHeight_1_val_read = read i16 @_ssdm_op_Read.ap_auto.i16, i16 %hwReg_layerHeight_1_val"   --->   Operation 13 'read' 'hwReg_layerHeight_1_val_read' <Predicate = true> <Delay = 0.00>
ST_1 : Operation 14 [1/1] (0.00ns)   --->   "%hwReg_layerWidth_1_val_read = read i16 @_ssdm_op_Read.ap_auto.i16, i16 %hwReg_layerWidth_1_val"   --->   Operation 14 'read' 'hwReg_layerWidth_1_val_read' <Predicate = true> <Delay = 0.00>
ST_1 : Operation 15 [1/1] (0.00ns)   --->   "%hwReg_layerStartY_1_val_read = read i16 @_ssdm_op_Read.ap_auto.i16, i16 %hwReg_layerStartY_1_val"   --->   Operation 15 'read' 'hwReg_layerStartY_1_val_read' <Predicate = true> <Delay = 0.00>
ST_1 : Operation 16 [1/1] (0.00ns)   --->   "%hwReg_layerStartX_1_val_read = read i16 @_ssdm_op_Read.ap_auto.i16, i16 %hwReg_layerStartX_1_val"   --->   Operation 16 'read' 'hwReg_layerStartX_1_val_read' <Predicate = true> <Delay = 0.00>
ST_1 : Operation 17 [1/1] (0.00ns)   --->   "%hwReg_layerEnable_val_read = read i2 @_ssdm_op_Read.ap_auto.i2, i2 %hwReg_layerEnable_val"   --->   Operation 17 'read' 'hwReg_layerEnable_val_read' <Predicate = true> <Delay = 0.00>
ST_1 : Operation 18 [1/1] (0.00ns)   --->   "%hwReg_background_V_B_val_read = read i8 @_ssdm_op_Read.ap_auto.i8, i8 %hwReg_background_V_B_val"   --->   Operation 18 'read' 'hwReg_background_V_B_val_read' <Predicate = true> <Delay = 0.00>
ST_1 : Operation 19 [1/1] (0.00ns)   --->   "%hwReg_background_U_G_val_read = read i8 @_ssdm_op_Read.ap_auto.i8, i8 %hwReg_background_U_G_val"   --->   Operation 19 'read' 'hwReg_background_U_G_val_read' <Predicate = true> <Delay = 0.00>
ST_1 : Operation 20 [1/1] (0.00ns)   --->   "%hwReg_background_Y_R_val_read = read i8 @_ssdm_op_Read.ap_auto.i8, i8 %hwReg_background_Y_R_val"   --->   Operation 20 'read' 'hwReg_background_Y_R_val_read' <Predicate = true> <Delay = 0.00>
ST_1 : Operation 21 [1/1] (0.00ns)   --->   "%hwReg_height_val_read = read i11 @_ssdm_op_Read.ap_auto.i11, i11 %hwReg_height_val"   --->   Operation 21 'read' 'hwReg_height_val_read' <Predicate = true> <Delay = 0.00>
ST_1 : Operation 22 [1/1] (0.00ns)   --->   "%hwReg_width_val_read = read i11 @_ssdm_op_Read.ap_auto.i11, i11 %hwReg_width_val"   --->   Operation 22 'read' 'hwReg_width_val_read' <Predicate = true> <Delay = 0.00>
ST_1 : Operation 23 [1/1] (0.00ns)   --->   "%empty = trunc i2 %hwReg_layerEnable_val_read"   --->   Operation 23 'trunc' 'empty' <Predicate = true> <Delay = 0.00>
ST_1 : Operation 24 [1/1] (0.00ns)   --->   "%specstablecontent_ln0 = specstablecontent void @_ssdm_op_SpecStableContent, i8 %hwReg_background_V_B_val, i1 1, void "   --->   Operation 24 'specstablecontent' 'specstablecontent_ln0' <Predicate = true> <Delay = 0.00>
ST_1 : Operation 25 [1/1] (0.00ns)   --->   "%specstablecontent_ln0 = specstablecontent void @_ssdm_op_SpecStableContent, i8 %hwReg_background_U_G_val, i1 1, void "   --->   Operation 25 'specstablecontent' 'specstablecontent_ln0' <Predicate = true> <Delay = 0.00>
ST_1 : Operation 26 [1/1] (0.00ns)   --->   "%specstablecontent_ln0 = specstablecontent void @_ssdm_op_SpecStableContent, i8 %hwReg_background_Y_R_val, i1 1, void "   --->   Operation 26 'specstablecontent' 'specstablecontent_ln0' <Predicate = true> <Delay = 0.00>
ST_1 : Operation 27 [1/1] (0.00ns)   --->   "%specstablecontent_ln0 = specstablecontent void @_ssdm_op_SpecStableContent, i11 %hwReg_height_val, i1 1, void "   --->   Operation 27 'specstablecontent' 'specstablecontent_ln0' <Predicate = true> <Delay = 0.00>
ST_1 : Operation 28 [1/1] (0.00ns)   --->   "%specstablecontent_ln0 = specstablecontent void @_ssdm_op_SpecStableContent, i11 %hwReg_width_val, i1 1, void "   --->   Operation 28 'specstablecontent' 'specstablecontent_ln0' <Predicate = true> <Delay = 0.00>
ST_1 : Operation 29 [1/1] (0.00ns)   --->   "%specinterface_ln0 = specinterface void @_ssdm_op_SpecInterface, i24 %outLayer1, void @empty_21, i32 0, i32 0, void @empty_44, i32 0, i32 0, void @empty_44, void @empty_44, void @empty_44, i32 0, i32 0, i32 0, i32 0, void @empty_44, void @empty_44, i32 4294967295, i32 0, i32 0, i32 0"   --->   Operation 29 'specinterface' 'specinterface_ln0' <Predicate = true> <Delay = 0.00>
ST_1 : Operation 30 [1/1] (0.00ns)   --->   "%specinterface_ln0 = specinterface void @_ssdm_op_SpecInterface, i24 %srcLayer1x, void @empty_21, i32 0, i32 0, void @empty_44, i32 0, i32 0, void @empty_44, void @empty_44, void @empty_44, i32 0, i32 0, i32 0, i32 0, void @empty_44, void @empty_44, i32 4294967295, i32 0, i32 0, i32 0"   --->   Operation 30 'specinterface' 'specinterface_ln0' <Predicate = true> <Delay = 0.00>
ST_1 : Operation 31 [1/1] (0.00ns)   --->   "%specinterface_ln0 = specinterface void @_ssdm_op_SpecInterface, i24 %outLayer0, void @empty_21, i32 0, i32 0, void @empty_44, i32 0, i32 0, void @empty_44, void @empty_44, void @empty_44, i32 0, i32 0, i32 0, i32 0, void @empty_44, void @empty_44, i32 4294967295, i32 0, i32 0, i32 0"   --->   Operation 31 'specinterface' 'specinterface_ln0' <Predicate = true> <Delay = 0.00>
ST_1 : Operation 32 [1/1] (0.00ns)   --->   "%hwReg_layerScaleFactor_1_val_readcast = zext i8 %hwReg_layerScaleFactor_1_val_read" [prj/sol/.autopilot/db/v_mix.cpp:449]   --->   Operation 32 'zext' 'hwReg_layerScaleFactor_1_val_readcast' <Predicate = true> <Delay = 0.00>
ST_1 : Operation 33 [1/1] (3.12ns)   --->   "%shl_ln449 = shl i16 %hwReg_layerHeight_1_val_read, i16 %hwReg_layerScaleFactor_1_val_readcast" [prj/sol/.autopilot/db/v_mix.cpp:449]   --->   Operation 33 'shl' 'shl_ln449' <Predicate = true> <Delay = 3.12> <CoreInst = "Shifter">   --->   Core 75 'Shifter' <Latency = 0> <II = 1> <Delay = 3.12> <FuncUnit> <Opcode : 'shl' 'lshr' 'ashr'> <InPorts = 2> <OutPorts = 1>
ST_1 : Operation 34 [1/1] (0.00ns)   --->   "%hwReg_layerScaleFactor_1_val_readcast23 = zext i8 %hwReg_layerScaleFactor_1_val_read" [prj/sol/.autopilot/db/v_mix.cpp:450]   --->   Operation 34 'zext' 'hwReg_layerScaleFactor_1_val_readcast23' <Predicate = true> <Delay = 0.00>
ST_1 : Operation 35 [1/1] (3.12ns)   --->   "%shl_ln450 = shl i16 %hwReg_layerWidth_1_val_read, i16 %hwReg_layerScaleFactor_1_val_readcast23" [prj/sol/.autopilot/db/v_mix.cpp:450]   --->   Operation 35 'shl' 'shl_ln450' <Predicate = true> <Delay = 3.12> <CoreInst = "Shifter">   --->   Core 75 'Shifter' <Latency = 0> <II = 1> <Delay = 3.12> <FuncUnit> <Opcode : 'shl' 'lshr' 'ashr'> <InPorts = 2> <OutPorts = 1>
ST_1 : Operation 36 [1/1] (0.00ns)   --->   "%zext_ln476 = zext i16 %hwReg_layerStartY_1_val_read" [prj/sol/.autopilot/db/v_mix.cpp:476]   --->   Operation 36 'zext' 'zext_ln476' <Predicate = true> <Delay = 0.00>
ST_1 : Operation 37 [1/1] (0.00ns)   --->   "%zext_ln476_1 = zext i16 %shl_ln449" [prj/sol/.autopilot/db/v_mix.cpp:476]   --->   Operation 37 'zext' 'zext_ln476_1' <Predicate = true> <Delay = 0.00>
ST_1 : Operation 38 [1/1] (1.54ns)   --->   "%add_ln476 = add i17 %zext_ln476_1, i17 %zext_ln476" [prj/sol/.autopilot/db/v_mix.cpp:476]   --->   Operation 38 'add' 'add_ln476' <Predicate = true> <Delay = 1.54> <CoreInst = "Adder">   --->   Core 1 'Adder' <Latency = 0> <II = 1> <Delay = 1.55> <FuncUnit> <Opcode : 'add' 'sub'> <InPorts = 2> <OutPorts = 1>
ST_1 : Operation 39 [1/1] (0.00ns)   --->   "%zext_ln478 = zext i16 %hwReg_layerStartX_1_val_read" [prj/sol/.autopilot/db/v_mix.cpp:478]   --->   Operation 39 'zext' 'zext_ln478' <Predicate = true> <Delay = 0.00>
ST_1 : Operation 40 [1/1] (0.00ns)   --->   "%zext_ln478_1 = zext i16 %shl_ln450" [prj/sol/.autopilot/db/v_mix.cpp:478]   --->   Operation 40 'zext' 'zext_ln478_1' <Predicate = true> <Delay = 0.00>
ST_1 : Operation 41 [1/1] (1.54ns)   --->   "%add_ln478 = add i17 %zext_ln478_1, i17 %zext_ln478" [prj/sol/.autopilot/db/v_mix.cpp:478]   --->   Operation 41 'add' 'add_ln478' <Predicate = true> <Delay = 1.54> <CoreInst = "Adder">   --->   Core 1 'Adder' <Latency = 0> <II = 1> <Delay = 1.55> <FuncUnit> <Opcode : 'add' 'sub'> <InPorts = 2> <OutPorts = 1>
ST_1 : Operation 42 [1/1] (0.00ns)   --->   "%tmp_5 = bitselect i1 @_ssdm_op_BitSelect.i1.i2.i32, i2 %hwReg_layerEnable_val_read, i32 1" [prj/sol/.autopilot/db/v_mix.cpp:480]   --->   Operation 42 'bitselect' 'tmp_5' <Predicate = true> <Delay = 0.00>
ST_1 : Operation 43 [1/1] (1.29ns)   --->   "%store_ln440 = store i11 0, i11 %y" [prj/sol/.autopilot/db/v_mix.cpp:440]   --->   Operation 43 'store' 'store_ln440' <Predicate = true> <Delay = 1.29>
ST_1 : Operation 44 [1/1] (0.00ns)   --->   "%br_ln463 = br void %VITIS_LOOP_465_3" [prj/sol/.autopilot/db/v_mix.cpp:463]   --->   Operation 44 'br' 'br_ln463' <Predicate = true> <Delay = 0.00>

State 2 <SV = 1> <Delay = 2.77>
ST_2 : Operation 45 [1/1] (0.00ns)   --->   "%y_9 = load i11 %y" [prj/sol/.autopilot/db/v_mix.cpp:463]   --->   Operation 45 'load' 'y_9' <Predicate = true> <Delay = 0.00>
ST_2 : Operation 46 [1/1] (1.48ns)   --->   "%icmp_ln463 = icmp_eq  i11 %y_9, i11 %hwReg_height_val_read" [prj/sol/.autopilot/db/v_mix.cpp:463]   --->   Operation 46 'icmp' 'icmp_ln463' <Predicate = true> <Delay = 1.48> <CoreInst = "Cmp">   --->   Core 9 'Cmp' <Latency = 0> <II = 1> <Delay = 1.48> <FuncUnit> <Opcode : 'seteq' 'setne' 'setle' 'setge' 'setlt' 'setgt'> <InPorts = 2> <OutPorts = 1>
ST_2 : Operation 47 [1/1] (0.00ns)   --->   "%speclooptripcount_ln0 = speclooptripcount void @_ssdm_op_SpecLoopTripCount, i64 64, i64 1080, i64 0"   --->   Operation 47 'speclooptripcount' 'speclooptripcount_ln0' <Predicate = true> <Delay = 0.00>
ST_2 : Operation 48 [1/1] (1.48ns)   --->   "%add_ln463 = add i11 %y_9, i11 1" [prj/sol/.autopilot/db/v_mix.cpp:463]   --->   Operation 48 'add' 'add_ln463' <Predicate = true> <Delay = 1.48> <CoreInst = "Adder">   --->   Core 1 'Adder' <Latency = 0> <II = 1> <Delay = 1.48> <FuncUnit> <Opcode : 'add' 'sub'> <InPorts = 2> <OutPorts = 1>
ST_2 : Operation 49 [1/1] (0.00ns)   --->   "%br_ln463 = br i1 %icmp_ln463, void %VITIS_LOOP_465_3.split, void %for.end113" [prj/sol/.autopilot/db/v_mix.cpp:463]   --->   Operation 49 'br' 'br_ln463' <Predicate = true> <Delay = 0.00>
ST_2 : Operation 50 [1/1] (0.00ns)   --->   "%zext_ln463 = zext i11 %y_9" [prj/sol/.autopilot/db/v_mix.cpp:463]   --->   Operation 50 'zext' 'zext_ln463' <Predicate = (!icmp_ln463)> <Delay = 0.00>
ST_2 : Operation 51 [1/1] (0.00ns)   --->   "%zext_ln463_1 = zext i11 %y_9" [prj/sol/.autopilot/db/v_mix.cpp:463]   --->   Operation 51 'zext' 'zext_ln463_1' <Predicate = (!icmp_ln463)> <Delay = 0.00>
ST_2 : Operation 52 [1/1] (1.54ns)   --->   "%icmp_ln476 = icmp_ult  i16 %zext_ln463_1, i16 %hwReg_layerStartY_1_val_read" [prj/sol/.autopilot/db/v_mix.cpp:476]   --->   Operation 52 'icmp' 'icmp_ln476' <Predicate = (!icmp_ln463)> <Delay = 1.54> <CoreInst = "Cmp">   --->   Core 9 'Cmp' <Latency = 0> <II = 1> <Delay = 1.54> <FuncUnit> <Opcode : 'seteq' 'setne' 'setle' 'setge' 'setlt' 'setgt'> <InPorts = 2> <OutPorts = 1>
ST_2 : Operation 53 [1/1] (1.55ns)   --->   "%icmp_ln476_1 = icmp_ugt  i17 %add_ln476, i17 %zext_ln463" [prj/sol/.autopilot/db/v_mix.cpp:476]   --->   Operation 53 'icmp' 'icmp_ln476_1' <Predicate = (!icmp_ln463)> <Delay = 1.55> <CoreInst = "Cmp">   --->   Core 9 'Cmp' <Latency = 0> <II = 1> <Delay = 1.55> <FuncUnit> <Opcode : 'seteq' 'setne' 'setle' 'setge' 'setlt' 'setgt'> <InPorts = 2> <OutPorts = 1>
ST_2 : Operation 54 [1/1] (1.29ns)   --->   "%store_ln440 = store i11 %add_ln463, i11 %y" [prj/sol/.autopilot/db/v_mix.cpp:440]   --->   Operation 54 'store' 'store_ln440' <Predicate = (!icmp_ln463)> <Delay = 1.29>
ST_2 : Operation 55 [1/1] (0.00ns)   --->   "%ret_ln496 = ret" [prj/sol/.autopilot/db/v_mix.cpp:496]   --->   Operation 55 'ret' 'ret_ln496' <Predicate = (icmp_ln463)> <Delay = 0.00>

State 3 <SV = 2> <Delay = 3.57>
ST_3 : Operation 56 [1/1] (0.80ns)   --->   "%xor_ln476 = xor i1 %icmp_ln476, i1 1" [prj/sol/.autopilot/db/v_mix.cpp:476]   --->   Operation 56 'xor' 'xor_ln476' <Predicate = true> <Delay = 0.80> <CoreInst = "LogicGate">   --->   Core 74 'LogicGate' <Latency = 0> <II = 1> <Delay = 0.80> <FuncUnit> <Opcode : 'and' 'or' 'xor'> <InPorts = 2> <OutPorts = 1>
ST_3 : Operation 57 [2/2] (2.77ns)   --->   "%call_ln478 = call void @v_mix_core_alpha<false, false>_Pipeline_VITIS_LOOP_465_3, i11 %hwReg_width_val_read, i24 %outLayer1, i24 %srcLayer1x, i8 %hwReg_background_Y_R_val_read, i8 %hwReg_background_U_G_val_read, i8 %hwReg_background_V_B_val_read, i16 %hwReg_layerStartX_1_val_read, i17 %add_ln478, i1 %icmp_ln476_1, i1 %xor_ln476, i1 %tmp_5, i1 %empty, i24 %outLayer0" [prj/sol/.autopilot/db/v_mix.cpp:478]   --->   Operation 57 'call' 'call_ln478' <Predicate = true> <Delay = 2.77> <CoreType = "Generic">   --->   Generic Core

State 4 <SV = 3> <Delay = 0.00>
ST_4 : Operation 58 [1/1] (0.00ns)   --->   "%specloopname_ln463 = specloopname void @_ssdm_op_SpecLoopName, void @empty_39" [prj/sol/.autopilot/db/v_mix.cpp:463]   --->   Operation 58 'specloopname' 'specloopname_ln463' <Predicate = true> <Delay = 0.00>
ST_4 : Operation 59 [1/2] (0.00ns)   --->   "%call_ln478 = call void @v_mix_core_alpha<false, false>_Pipeline_VITIS_LOOP_465_3, i11 %hwReg_width_val_read, i24 %outLayer1, i24 %srcLayer1x, i8 %hwReg_background_Y_R_val_read, i8 %hwReg_background_U_G_val_read, i8 %hwReg_background_V_B_val_read, i16 %hwReg_layerStartX_1_val_read, i17 %add_ln478, i1 %icmp_ln476_1, i1 %xor_ln476, i1 %tmp_5, i1 %empty, i24 %outLayer0" [prj/sol/.autopilot/db/v_mix.cpp:478]   --->   Operation 59 'call' 'call_ln478' <Predicate = true> <Delay = 0.00> <CoreType = "Generic">   --->   Generic Core
ST_4 : Operation 60 [1/1] (0.00ns)   --->   "%br_ln463 = br void %VITIS_LOOP_465_3" [prj/sol/.autopilot/db/v_mix.cpp:463]   --->   Operation 60 'br' 'br_ln463' <Predicate = true> <Delay = 0.00>


============================================================
+ Verbose Summary: Binding
============================================================
STG Binding: 
---------------- STG Properties BEGIN ----------------
- Is combinational: 0
- Is one-state seq: 0
- Is datapath-only: 0
- Is pipelined: 0
- Is top level: 0
Port [ Return ] is wired: 1; IO mode=ap_ctrl_hs:ce=0
Port [ outLayer0]:  wired=1; compound=1; hidden=0; nouse=0; global=0; static=0; extern=0; dir=0; type=3; pingpong=0; private_global=0; IO mode=ap_fifo:ce=0
Port [ srcLayer1x]:  wired=1; compound=1; hidden=0; nouse=0; global=0; static=0; extern=0; dir=0; type=3; pingpong=0; private_global=0; IO mode=ap_fifo:ce=0
Port [ hwReg_width_val]:  wired=1; compound=0; hidden=0; nouse=0; global=0; static=0; extern=0; dir=0; type=0; pingpong=0; private_global=0; IO mode=ap_stable:ce=0
Port [ hwReg_height_val]:  wired=1; compound=0; hidden=0; nouse=0; global=0; static=0; extern=0; dir=0; type=0; pingpong=0; private_global=0; IO mode=ap_stable:ce=0
Port [ hwReg_background_Y_R_val]:  wired=1; compound=0; hidden=0; nouse=0; global=0; static=0; extern=0; dir=0; type=0; pingpong=0; private_global=0; IO mode=ap_stable:ce=0
Port [ hwReg_background_U_G_val]:  wired=1; compound=0; hidden=0; nouse=0; global=0; static=0; extern=0; dir=0; type=0; pingpong=0; private_global=0; IO mode=ap_stable:ce=0
Port [ hwReg_background_V_B_val]:  wired=1; compound=0; hidden=0; nouse=0; global=0; static=0; extern=0; dir=0; type=0; pingpong=0; private_global=0; IO mode=ap_stable:ce=0
Port [ hwReg_layerEnable_val]:  wired=1; compound=0; hidden=0; nouse=0; global=0; static=0; extern=0; dir=0; type=0; pingpong=0; private_global=0; IO mode=ap_stable:ce=0
Port [ hwReg_layerStartX_1_val]:  wired=1; compound=0; hidden=0; nouse=0; global=0; static=0; extern=0; dir=0; type=0; pingpong=0; private_global=0; IO mode=ap_stable:ce=0
Port [ hwReg_layerStartY_1_val]:  wired=1; compound=0; hidden=0; nouse=0; global=0; static=0; extern=0; dir=0; type=0; pingpong=0; private_global=0; IO mode=ap_stable:ce=0
Port [ hwReg_layerWidth_1_val]:  wired=1; compound=0; hidden=0; nouse=0; global=0; static=0; extern=0; dir=0; type=0; pingpong=0; private_global=0; IO mode=ap_stable:ce=0
Port [ hwReg_layerHeight_1_val]:  wired=1; compound=0; hidden=0; nouse=0; global=0; static=0; extern=0; dir=0; type=0; pingpong=0; private_global=0; IO mode=ap_stable:ce=0
Port [ hwReg_layerScaleFactor_1_val]:  wired=1; compound=0; hidden=0; nouse=0; global=0; static=0; extern=0; dir=0; type=0; pingpong=0; private_global=0; IO mode=ap_stable:ce=0
Port [ outLayer1]:  wired=1; compound=1; hidden=0; nouse=0; global=0; static=0; extern=0; dir=1; type=3; pingpong=0; private_global=0; IO mode=ap_fifo:ce=0
---------------- STG Properties END ------------------

---------------- Datapath Model BEGIN ----------------

<LifeTime>
<method=bitvector/>
y                                       (alloca           ) [ 01111]
specstablecontent_ln0                   (specstablecontent) [ 00000]
specstablecontent_ln0                   (specstablecontent) [ 00000]
specstablecontent_ln0                   (specstablecontent) [ 00000]
specstablecontent_ln0                   (specstablecontent) [ 00000]
specstablecontent_ln0                   (specstablecontent) [ 00000]
specstablecontent_ln0                   (specstablecontent) [ 00000]
hwReg_layerScaleFactor_1_val_read       (read             ) [ 00000]
hwReg_layerHeight_1_val_read            (read             ) [ 00000]
hwReg_layerWidth_1_val_read             (read             ) [ 00000]
hwReg_layerStartY_1_val_read            (read             ) [ 00111]
hwReg_layerStartX_1_val_read            (read             ) [ 00111]
hwReg_layerEnable_val_read              (read             ) [ 00000]
hwReg_background_V_B_val_read           (read             ) [ 00111]
hwReg_background_U_G_val_read           (read             ) [ 00111]
hwReg_background_Y_R_val_read           (read             ) [ 00111]
hwReg_height_val_read                   (read             ) [ 00111]
hwReg_width_val_read                    (read             ) [ 00111]
empty                                   (trunc            ) [ 00111]
specstablecontent_ln0                   (specstablecontent) [ 00000]
specstablecontent_ln0                   (specstablecontent) [ 00000]
specstablecontent_ln0                   (specstablecontent) [ 00000]
specstablecontent_ln0                   (specstablecontent) [ 00000]
specstablecontent_ln0                   (specstablecontent) [ 00000]
specinterface_ln0                       (specinterface    ) [ 00000]
specinterface_ln0                       (specinterface    ) [ 00000]
specinterface_ln0                       (specinterface    ) [ 00000]
hwReg_layerScaleFactor_1_val_readcast   (zext             ) [ 00000]
shl_ln449                               (shl              ) [ 00000]
hwReg_layerScaleFactor_1_val_readcast23 (zext             ) [ 00000]
shl_ln450                               (shl              ) [ 00000]
zext_ln476                              (zext             ) [ 00000]
zext_ln476_1                            (zext             ) [ 00000]
add_ln476                               (add              ) [ 00111]
zext_ln478                              (zext             ) [ 00000]
zext_ln478_1                            (zext             ) [ 00000]
add_ln478                               (add              ) [ 00111]
tmp_5                                   (bitselect        ) [ 00111]
store_ln440                             (store            ) [ 00000]
br_ln463                                (br               ) [ 00000]
y_9                                     (load             ) [ 00000]
icmp_ln463                              (icmp             ) [ 00111]
speclooptripcount_ln0                   (speclooptripcount) [ 00000]
add_ln463                               (add              ) [ 00000]
br_ln463                                (br               ) [ 00000]
zext_ln463                              (zext             ) [ 00000]
zext_ln463_1                            (zext             ) [ 00000]
icmp_ln476                              (icmp             ) [ 00010]
icmp_ln476_1                            (icmp             ) [ 00011]
store_ln440                             (store            ) [ 00000]
ret_ln496                               (ret              ) [ 00000]
xor_ln476                               (xor              ) [ 00001]
specloopname_ln463                      (specloopname     ) [ 00000]
call_ln478                              (call             ) [ 00000]
br_ln463                                (br               ) [ 00000]
</LifeTime>

<model>

<comp_list>
<comp id="0" class="1000" name="outLayer0">
<pin_list>
<pin id="1" dir="1" index="0" bw="1" slack="0"/>
</pin_list>
<bind>
<StgValue><ssdm name="outLayer0"/></StgValue>
</bind>
</comp>

<comp id="2" class="1000" name="srcLayer1x">
<pin_list>
<pin id="3" dir="1" index="0" bw="1" slack="0"/>
</pin_list>
<bind>
<StgValue><ssdm name="srcLayer1x"/></StgValue>
</bind>
</comp>

<comp id="4" class="1000" name="hwReg_width_val">
<pin_list>
<pin id="5" dir="1" index="0" bw="1" slack="0"/>
</pin_list>
<bind>
<StgValue><ssdm name="hwReg_width_val"/></StgValue>
</bind>
</comp>

<comp id="6" class="1000" name="hwReg_height_val">
<pin_list>
<pin id="7" dir="1" index="0" bw="1" slack="0"/>
</pin_list>
<bind>
<StgValue><ssdm name="hwReg_height_val"/></StgValue>
</bind>
</comp>

<comp id="8" class="1000" name="hwReg_background_Y_R_val">
<pin_list>
<pin id="9" dir="1" index="0" bw="1" slack="0"/>
</pin_list>
<bind>
<StgValue><ssdm name="hwReg_background_Y_R_val"/></StgValue>
</bind>
</comp>

<comp id="10" class="1000" name="hwReg_background_U_G_val">
<pin_list>
<pin id="11" dir="1" index="0" bw="1" slack="0"/>
</pin_list>
<bind>
<StgValue><ssdm name="hwReg_background_U_G_val"/></StgValue>
</bind>
</comp>

<comp id="12" class="1000" name="hwReg_background_V_B_val">
<pin_list>
<pin id="13" dir="1" index="0" bw="1" slack="0"/>
</pin_list>
<bind>
<StgValue><ssdm name="hwReg_background_V_B_val"/></StgValue>
</bind>
</comp>

<comp id="14" class="1000" name="hwReg_layerEnable_val">
<pin_list>
<pin id="15" dir="1" index="0" bw="1" slack="0"/>
</pin_list>
<bind>
<StgValue><ssdm name="hwReg_layerEnable_val"/></StgValue>
</bind>
</comp>

<comp id="16" class="1000" name="hwReg_layerStartX_1_val">
<pin_list>
<pin id="17" dir="1" index="0" bw="1" slack="0"/>
</pin_list>
<bind>
<StgValue><ssdm name="hwReg_layerStartX_1_val"/></StgValue>
</bind>
</comp>

<comp id="18" class="1000" name="hwReg_layerStartY_1_val">
<pin_list>
<pin id="19" dir="1" index="0" bw="1" slack="0"/>
</pin_list>
<bind>
<StgValue><ssdm name="hwReg_layerStartY_1_val"/></StgValue>
</bind>
</comp>

<comp id="20" class="1000" name="hwReg_layerWidth_1_val">
<pin_list>
<pin id="21" dir="1" index="0" bw="1" slack="0"/>
</pin_list>
<bind>
<StgValue><ssdm name="hwReg_layerWidth_1_val"/></StgValue>
</bind>
</comp>

<comp id="22" class="1000" name="hwReg_layerHeight_1_val">
<pin_list>
<pin id="23" dir="1" index="0" bw="1" slack="0"/>
</pin_list>
<bind>
<StgValue><ssdm name="hwReg_layerHeight_1_val"/></StgValue>
</bind>
</comp>

<comp id="24" class="1000" name="hwReg_layerScaleFactor_1_val">
<pin_list>
<pin id="25" dir="1" index="0" bw="1" slack="0"/>
</pin_list>
<bind>
<StgValue><ssdm name="hwReg_layerScaleFactor_1_val"/></StgValue>
</bind>
</comp>

<comp id="26" class="1000" name="outLayer1">
<pin_list>
<pin id="27" dir="1" index="0" bw="1" slack="0"/>
</pin_list>
<bind>
<StgValue><ssdm name="outLayer1"/></StgValue>
</bind>
</comp>

<comp id="28" class="1001" name="const_28">
<pin_list>
<pin id="29" dir="1" index="0" bw="1" slack="0"/>
</pin_list>
<bind>
<StgValue><ssdm name=""/></StgValue>
</bind>
</comp>

<comp id="30" class="1001" name="const_30">
<pin_list>
<pin id="31" dir="1" index="0" bw="1" slack="2147483647"/>
</pin_list>
<bind>
<StgValue><ssdm name="_ssdm_op_SpecStableContent"/></StgValue>
</bind>
</comp>

<comp id="32" class="1001" name="const_32">
<pin_list>
<pin id="33" dir="1" index="0" bw="1" slack="0"/>
</pin_list>
<bind>
<StgValue><ssdm name=""/></StgValue>
</bind>
</comp>

<comp id="34" class="1001" name="const_34">
<pin_list>
<pin id="35" dir="1" index="0" bw="1" slack="2147483647"/>
</pin_list>
<bind>
<StgValue><ssdm name="p_str"/></StgValue>
</bind>
</comp>

<comp id="36" class="1001" name="const_36">
<pin_list>
<pin id="37" dir="1" index="0" bw="1" slack="0"/>
</pin_list>
<bind>
<StgValue><ssdm name="_ssdm_op_Read.ap_auto.i8"/></StgValue>
</bind>
</comp>

<comp id="38" class="1001" name="const_38">
<pin_list>
<pin id="39" dir="1" index="0" bw="1" slack="0"/>
</pin_list>
<bind>
<StgValue><ssdm name="_ssdm_op_Read.ap_auto.i16"/></StgValue>
</bind>
</comp>

<comp id="40" class="1001" name="const_40">
<pin_list>
<pin id="41" dir="1" index="0" bw="1" slack="0"/>
</pin_list>
<bind>
<StgValue><ssdm name="_ssdm_op_Read.ap_auto.i2"/></StgValue>
</bind>
</comp>

<comp id="42" class="1001" name="const_42">
<pin_list>
<pin id="43" dir="1" index="0" bw="1" slack="0"/>
</pin_list>
<bind>
<StgValue><ssdm name="_ssdm_op_Read.ap_auto.i11"/></StgValue>
</bind>
</comp>

<comp id="44" class="1001" name="const_44">
<pin_list>
<pin id="45" dir="1" index="0" bw="1" slack="2147483647"/>
</pin_list>
<bind>
<StgValue><ssdm name=""/></StgValue>
</bind>
</comp>

<comp id="46" class="1001" name="const_46">
<pin_list>
<pin id="47" dir="1" index="0" bw="1" slack="2147483647"/>
</pin_list>
<bind>
<StgValue><ssdm name="_ssdm_op_SpecInterface"/></StgValue>
</bind>
</comp>

<comp id="48" class="1001" name="const_48">
<pin_list>
<pin id="49" dir="1" index="0" bw="1" slack="2147483647"/>
</pin_list>
<bind>
<StgValue><ssdm name="empty_21"/></StgValue>
</bind>
</comp>

<comp id="50" class="1001" name="const_50">
<pin_list>
<pin id="51" dir="1" index="0" bw="1" slack="2147483647"/>
</pin_list>
<bind>
<StgValue><ssdm name=""/></StgValue>
</bind>
</comp>

<comp id="52" class="1001" name="const_52">
<pin_list>
<pin id="53" dir="1" index="0" bw="1" slack="2147483647"/>
</pin_list>
<bind>
<StgValue><ssdm name="empty_44"/></StgValue>
</bind>
</comp>

<comp id="54" class="1001" name="const_54">
<pin_list>
<pin id="55" dir="1" index="0" bw="1" slack="2147483647"/>
</pin_list>
<bind>
<StgValue><ssdm name=""/></StgValue>
</bind>
</comp>

<comp id="56" class="1001" name="const_56">
<pin_list>
<pin id="57" dir="1" index="0" bw="1" slack="0"/>
</pin_list>
<bind>
<StgValue><ssdm name="_ssdm_op_BitSelect.i1.i2.i32"/></StgValue>
</bind>
</comp>

<comp id="58" class="1001" name="const_58">
<pin_list>
<pin id="59" dir="1" index="0" bw="1" slack="0"/>
</pin_list>
<bind>
<StgValue><ssdm name=""/></StgValue>
</bind>
</comp>

<comp id="60" class="1001" name="const_60">
<pin_list>
<pin id="61" dir="1" index="0" bw="1" slack="2147483647"/>
</pin_list>
<bind>
<StgValue><ssdm name="_ssdm_op_SpecLoopTripCount"/></StgValue>
</bind>
</comp>

<comp id="62" class="1001" name="const_62">
<pin_list>
<pin id="63" dir="1" index="0" bw="1" slack="2147483647"/>
</pin_list>
<bind>
<StgValue><ssdm name=""/></StgValue>
</bind>
</comp>

<comp id="64" class="1001" name="const_64">
<pin_list>
<pin id="65" dir="1" index="0" bw="1" slack="2147483647"/>
</pin_list>
<bind>
<StgValue><ssdm name=""/></StgValue>
</bind>
</comp>

<comp id="66" class="1001" name="const_66">
<pin_list>
<pin id="67" dir="1" index="0" bw="1" slack="2147483647"/>
</pin_list>
<bind>
<StgValue><ssdm name=""/></StgValue>
</bind>
</comp>

<comp id="68" class="1001" name="const_68">
<pin_list>
<pin id="69" dir="1" index="0" bw="1" slack="0"/>
</pin_list>
<bind>
<StgValue><ssdm name=""/></StgValue>
</bind>
</comp>

<comp id="70" class="1001" name="const_70">
<pin_list>
<pin id="71" dir="1" index="0" bw="1" slack="0"/>
</pin_list>
<bind>
<StgValue><ssdm name="v_mix_core_alpha<false, false>_Pipeline_VITIS_LOOP_465_3"/></StgValue>
</bind>
</comp>

<comp id="72" class="1001" name="const_72">
<pin_list>
<pin id="73" dir="1" index="0" bw="1" slack="2147483647"/>
</pin_list>
<bind>
<StgValue><ssdm name="_ssdm_op_SpecLoopName"/></StgValue>
</bind>
</comp>

<comp id="74" class="1001" name="const_74">
<pin_list>
<pin id="75" dir="1" index="0" bw="1" slack="2147483647"/>
</pin_list>
<bind>
<StgValue><ssdm name="empty_39"/></StgValue>
</bind>
</comp>

<comp id="76" class="1004" name="y_fu_76">
<pin_list>
<pin id="77" dir="0" index="0" bw="1" slack="0"/>
<pin id="78" dir="1" index="1" bw="11" slack="0"/>
</pin_list>
<bind>
<opcode="alloca(26) " fcode="alloca"/>
<opset="y/1 "/>
</bind>
</comp>

<comp id="80" class="1004" name="hwReg_layerScaleFactor_1_val_read_read_fu_80">
<pin_list>
<pin id="81" dir="0" index="0" bw="8" slack="0"/>
<pin id="82" dir="0" index="1" bw="8" slack="0"/>
<pin id="83" dir="1" index="2" bw="8" slack="0"/>
</pin_list>
<bind>
<opcode="read(1150) " fcode="read"/>
<opset="hwReg_layerScaleFactor_1_val_read/1 "/>
</bind>
</comp>

<comp id="86" class="1004" name="hwReg_layerHeight_1_val_read_read_fu_86">
<pin_list>
<pin id="87" dir="0" index="0" bw="16" slack="0"/>
<pin id="88" dir="0" index="1" bw="16" slack="0"/>
<pin id="89" dir="1" index="2" bw="16" slack="0"/>
</pin_list>
<bind>
<opcode="read(1150) " fcode="read"/>
<opset="hwReg_layerHeight_1_val_read/1 "/>
</bind>
</comp>

<comp id="92" class="1004" name="hwReg_layerWidth_1_val_read_read_fu_92">
<pin_list>
<pin id="93" dir="0" index="0" bw="16" slack="0"/>
<pin id="94" dir="0" index="1" bw="16" slack="0"/>
<pin id="95" dir="1" index="2" bw="16" slack="0"/>
</pin_list>
<bind>
<opcode="read(1150) " fcode="read"/>
<opset="hwReg_layerWidth_1_val_read/1 "/>
</bind>
</comp>

<comp id="98" class="1004" name="hwReg_layerStartY_1_val_read_read_fu_98">
<pin_list>
<pin id="99" dir="0" index="0" bw="16" slack="0"/>
<pin id="100" dir="0" index="1" bw="16" slack="0"/>
<pin id="101" dir="1" index="2" bw="16" slack="0"/>
</pin_list>
<bind>
<opcode="read(1150) " fcode="read"/>
<opset="hwReg_layerStartY_1_val_read/1 "/>
</bind>
</comp>

<comp id="104" class="1004" name="hwReg_layerStartX_1_val_read_read_fu_104">
<pin_list>
<pin id="105" dir="0" index="0" bw="16" slack="0"/>
<pin id="106" dir="0" index="1" bw="16" slack="0"/>
<pin id="107" dir="1" index="2" bw="16" slack="0"/>
</pin_list>
<bind>
<opcode="read(1150) " fcode="read"/>
<opset="hwReg_layerStartX_1_val_read/1 "/>
</bind>
</comp>

<comp id="110" class="1004" name="hwReg_layerEnable_val_read_read_fu_110">
<pin_list>
<pin id="111" dir="0" index="0" bw="2" slack="0"/>
<pin id="112" dir="0" index="1" bw="2" slack="0"/>
<pin id="113" dir="1" index="2" bw="2" slack="0"/>
</pin_list>
<bind>
<opcode="read(1150) " fcode="read"/>
<opset="hwReg_layerEnable_val_read/1 "/>
</bind>
</comp>

<comp id="116" class="1004" name="hwReg_background_V_B_val_read_read_fu_116">
<pin_list>
<pin id="117" dir="0" index="0" bw="8" slack="0"/>
<pin id="118" dir="0" index="1" bw="8" slack="0"/>
<pin id="119" dir="1" index="2" bw="8" slack="2"/>
</pin_list>
<bind>
<opcode="read(1150) " fcode="read"/>
<opset="hwReg_background_V_B_val_read/1 "/>
</bind>
</comp>

<comp id="122" class="1004" name="hwReg_background_U_G_val_read_read_fu_122">
<pin_list>
<pin id="123" dir="0" index="0" bw="8" slack="0"/>
<pin id="124" dir="0" index="1" bw="8" slack="0"/>
<pin id="125" dir="1" index="2" bw="8" slack="2"/>
</pin_list>
<bind>
<opcode="read(1150) " fcode="read"/>
<opset="hwReg_background_U_G_val_read/1 "/>
</bind>
</comp>

<comp id="128" class="1004" name="hwReg_background_Y_R_val_read_read_fu_128">
<pin_list>
<pin id="129" dir="0" index="0" bw="8" slack="0"/>
<pin id="130" dir="0" index="1" bw="8" slack="0"/>
<pin id="131" dir="1" index="2" bw="8" slack="2"/>
</pin_list>
<bind>
<opcode="read(1150) " fcode="read"/>
<opset="hwReg_background_Y_R_val_read/1 "/>
</bind>
</comp>

<comp id="134" class="1004" name="hwReg_height_val_read_read_fu_134">
<pin_list>
<pin id="135" dir="0" index="0" bw="11" slack="0"/>
<pin id="136" dir="0" index="1" bw="11" slack="0"/>
<pin id="137" dir="1" index="2" bw="11" slack="1"/>
</pin_list>
<bind>
<opcode="read(1150) " fcode="read"/>
<opset="hwReg_height_val_read/1 "/>
</bind>
</comp>

<comp id="140" class="1004" name="hwReg_width_val_read_read_fu_140">
<pin_list>
<pin id="141" dir="0" index="0" bw="11" slack="0"/>
<pin id="142" dir="0" index="1" bw="11" slack="0"/>
<pin id="143" dir="1" index="2" bw="11" slack="2"/>
</pin_list>
<bind>
<opcode="read(1150) " fcode="read"/>
<opset="hwReg_width_val_read/1 "/>
</bind>
</comp>

<comp id="146" class="1004" name="grp_v_mix_core_alpha_false_false_Pipeline_VITIS_LOOP_465_3_fu_146">
<pin_list>
<pin id="147" dir="0" index="0" bw="0" slack="0"/>
<pin id="148" dir="0" index="1" bw="11" slack="2"/>
<pin id="149" dir="0" index="2" bw="24" slack="0"/>
<pin id="150" dir="0" index="3" bw="24" slack="0"/>
<pin id="151" dir="0" index="4" bw="8" slack="2"/>
<pin id="152" dir="0" index="5" bw="8" slack="2"/>
<pin id="153" dir="0" index="6" bw="8" slack="2"/>
<pin id="154" dir="0" index="7" bw="16" slack="2"/>
<pin id="155" dir="0" index="8" bw="17" slack="2"/>
<pin id="156" dir="0" index="9" bw="1" slack="1"/>
<pin id="157" dir="0" index="10" bw="1" slack="0"/>
<pin id="158" dir="0" index="11" bw="1" slack="2"/>
<pin id="159" dir="0" index="12" bw="1" slack="2"/>
<pin id="160" dir="0" index="13" bw="24" slack="0"/>
<pin id="161" dir="1" index="14" bw="0" slack="2147483647"/>
</pin_list>
<bind>
<opcode="call(48) " fcode="call"/>
<opset="call_ln478/3 "/>
</bind>
</comp>

<comp id="166" class="1004" name="empty_fu_166">
<pin_list>
<pin id="167" dir="0" index="0" bw="2" slack="0"/>
<pin id="168" dir="1" index="1" bw="1" slack="2"/>
</pin_list>
<bind>
<opcode="trunc(33) " fcode="trunc"/>
<opset="empty/1 "/>
</bind>
</comp>

<comp id="170" class="1004" name="hwReg_layerScaleFactor_1_val_readcast_fu_170">
<pin_list>
<pin id="171" dir="0" index="0" bw="8" slack="0"/>
<pin id="172" dir="1" index="1" bw="16" slack="0"/>
</pin_list>
<bind>
<opcode="zext(34) " fcode="zext"/>
<opset="hwReg_layerScaleFactor_1_val_readcast/1 "/>
</bind>
</comp>

<comp id="174" class="1004" name="shl_ln449_fu_174">
<pin_list>
<pin id="175" dir="0" index="0" bw="16" slack="0"/>
<pin id="176" dir="0" index="1" bw="8" slack="0"/>
<pin id="177" dir="1" index="2" bw="16" slack="0"/>
</pin_list>
<bind>
<opcode="shl(20) " fcode="shl"/>
<opset="shl_ln449/1 "/>
</bind>
</comp>

<comp id="180" class="1004" name="hwReg_layerScaleFactor_1_val_readcast23_fu_180">
<pin_list>
<pin id="181" dir="0" index="0" bw="8" slack="0"/>
<pin id="182" dir="1" index="1" bw="16" slack="0"/>
</pin_list>
<bind>
<opcode="zext(34) " fcode="zext"/>
<opset="hwReg_layerScaleFactor_1_val_readcast23/1 "/>
</bind>
</comp>

<comp id="184" class="1004" name="shl_ln450_fu_184">
<pin_list>
<pin id="185" dir="0" index="0" bw="16" slack="0"/>
<pin id="186" dir="0" index="1" bw="8" slack="0"/>
<pin id="187" dir="1" index="2" bw="16" slack="0"/>
</pin_list>
<bind>
<opcode="shl(20) " fcode="shl"/>
<opset="shl_ln450/1 "/>
</bind>
</comp>

<comp id="190" class="1004" name="zext_ln476_fu_190">
<pin_list>
<pin id="191" dir="0" index="0" bw="16" slack="0"/>
<pin id="192" dir="1" index="1" bw="17" slack="0"/>
</pin_list>
<bind>
<opcode="zext(34) " fcode="zext"/>
<opset="zext_ln476/1 "/>
</bind>
</comp>

<comp id="194" class="1004" name="zext_ln476_1_fu_194">
<pin_list>
<pin id="195" dir="0" index="0" bw="16" slack="0"/>
<pin id="196" dir="1" index="1" bw="17" slack="0"/>
</pin_list>
<bind>
<opcode="zext(34) " fcode="zext"/>
<opset="zext_ln476_1/1 "/>
</bind>
</comp>

<comp id="198" class="1004" name="add_ln476_fu_198">
<pin_list>
<pin id="199" dir="0" index="0" bw="16" slack="0"/>
<pin id="200" dir="0" index="1" bw="16" slack="0"/>
<pin id="201" dir="1" index="2" bw="17" slack="1"/>
</pin_list>
<bind>
<opcode="add(8) " fcode="add"/>
<opset="add_ln476/1 "/>
</bind>
</comp>

<comp id="204" class="1004" name="zext_ln478_fu_204">
<pin_list>
<pin id="205" dir="0" index="0" bw="16" slack="0"/>
<pin id="206" dir="1" index="1" bw="17" slack="0"/>
</pin_list>
<bind>
<opcode="zext(34) " fcode="zext"/>
<opset="zext_ln478/1 "/>
</bind>
</comp>

<comp id="208" class="1004" name="zext_ln478_1_fu_208">
<pin_list>
<pin id="209" dir="0" index="0" bw="16" slack="0"/>
<pin id="210" dir="1" index="1" bw="17" slack="0"/>
</pin_list>
<bind>
<opcode="zext(34) " fcode="zext"/>
<opset="zext_ln478_1/1 "/>
</bind>
</comp>

<comp id="212" class="1004" name="add_ln478_fu_212">
<pin_list>
<pin id="213" dir="0" index="0" bw="16" slack="0"/>
<pin id="214" dir="0" index="1" bw="16" slack="0"/>
<pin id="215" dir="1" index="2" bw="17" slack="2"/>
</pin_list>
<bind>
<opcode="add(8) " fcode="add"/>
<opset="add_ln478/1 "/>
</bind>
</comp>

<comp id="218" class="1004" name="tmp_5_fu_218">
<pin_list>
<pin id="219" dir="0" index="0" bw="1" slack="0"/>
<pin id="220" dir="0" index="1" bw="2" slack="0"/>
<pin id="221" dir="0" index="2" bw="1" slack="0"/>
<pin id="222" dir="1" index="3" bw="1" slack="2"/>
</pin_list>
<bind>
<opcode="bitselect(1000) " fcode="bitselect"/>
<opset="tmp_5/1 "/>
</bind>
</comp>

<comp id="226" class="1004" name="store_ln440_store_fu_226">
<pin_list>
<pin id="227" dir="0" index="0" bw="1" slack="0"/>
<pin id="228" dir="0" index="1" bw="11" slack="0"/>
<pin id="229" dir="1" index="2" bw="0" slack="2147483647"/>
</pin_list>
<bind>
<opcode="store(28) " fcode="store"/>
<opset="store_ln440/1 "/>
</bind>
</comp>

<comp id="231" class="1004" name="y_9_load_fu_231">
<pin_list>
<pin id="232" dir="0" index="0" bw="11" slack="1"/>
<pin id="233" dir="1" index="1" bw="11" slack="0"/>
</pin_list>
<bind>
<opcode="load(27) " fcode="load"/>
<opset="y_9/2 "/>
</bind>
</comp>

<comp id="234" class="1004" name="icmp_ln463_fu_234">
<pin_list>
<pin id="235" dir="0" index="0" bw="11" slack="0"/>
<pin id="236" dir="0" index="1" bw="11" slack="1"/>
<pin id="237" dir="1" index="2" bw="1" slack="2147483647"/>
</pin_list>
<bind>
<opcode="icmp(45) " fcode="icmp"/>
<opset="icmp_ln463/2 "/>
</bind>
</comp>

<comp id="239" class="1004" name="add_ln463_fu_239">
<pin_list>
<pin id="240" dir="0" index="0" bw="11" slack="0"/>
<pin id="241" dir="0" index="1" bw="1" slack="0"/>
<pin id="242" dir="1" index="2" bw="11" slack="0"/>
</pin_list>
<bind>
<opcode="add(8) " fcode="add"/>
<opset="add_ln463/2 "/>
</bind>
</comp>

<comp id="245" class="1004" name="zext_ln463_fu_245">
<pin_list>
<pin id="246" dir="0" index="0" bw="11" slack="0"/>
<pin id="247" dir="1" index="1" bw="17" slack="0"/>
</pin_list>
<bind>
<opcode="zext(34) " fcode="zext"/>
<opset="zext_ln463/2 "/>
</bind>
</comp>

<comp id="249" class="1004" name="zext_ln463_1_fu_249">
<pin_list>
<pin id="250" dir="0" index="0" bw="11" slack="0"/>
<pin id="251" dir="1" index="1" bw="16" slack="0"/>
</pin_list>
<bind>
<opcode="zext(34) " fcode="zext"/>
<opset="zext_ln463_1/2 "/>
</bind>
</comp>

<comp id="253" class="1004" name="icmp_ln476_fu_253">
<pin_list>
<pin id="254" dir="0" index="0" bw="16" slack="0"/>
<pin id="255" dir="0" index="1" bw="16" slack="1"/>
<pin id="256" dir="1" index="2" bw="1" slack="1"/>
</pin_list>
<bind>
<opcode="icmp(45) " fcode="icmp"/>
<opset="icmp_ln476/2 "/>
</bind>
</comp>

<comp id="258" class="1004" name="icmp_ln476_1_fu_258">
<pin_list>
<pin id="259" dir="0" index="0" bw="17" slack="1"/>
<pin id="260" dir="0" index="1" bw="17" slack="0"/>
<pin id="261" dir="1" index="2" bw="1" slack="1"/>
</pin_list>
<bind>
<opcode="icmp(45) " fcode="icmp"/>
<opset="icmp_ln476_1/2 "/>
</bind>
</comp>

<comp id="263" class="1004" name="store_ln440_store_fu_263">
<pin_list>
<pin id="264" dir="0" index="0" bw="11" slack="0"/>
<pin id="265" dir="0" index="1" bw="11" slack="1"/>
<pin id="266" dir="1" index="2" bw="0" slack="2147483647"/>
</pin_list>
<bind>
<opcode="store(28) " fcode="store"/>
<opset="store_ln440/2 "/>
</bind>
</comp>

<comp id="268" class="1004" name="xor_ln476_fu_268">
<pin_list>
<pin id="269" dir="0" index="0" bw="1" slack="1"/>
<pin id="270" dir="0" index="1" bw="1" slack="0"/>
<pin id="271" dir="1" index="2" bw="1" slack="0"/>
</pin_list>
<bind>
<opcode="xor(25) " fcode="xor"/>
<opset="xor_ln476/3 "/>
</bind>
</comp>

<comp id="274" class="1005" name="y_reg_274">
<pin_list>
<pin id="275" dir="0" index="0" bw="11" slack="0"/>
<pin id="276" dir="1" index="1" bw="11" slack="0"/>
</pin_list>
<bind>
<opset="y "/>
</bind>
</comp>

<comp id="281" class="1005" name="hwReg_layerStartY_1_val_read_reg_281">
<pin_list>
<pin id="282" dir="0" index="0" bw="16" slack="1"/>
<pin id="283" dir="1" index="1" bw="16" slack="1"/>
</pin_list>
<bind>
<opset="hwReg_layerStartY_1_val_read "/>
</bind>
</comp>

<comp id="286" class="1005" name="hwReg_layerStartX_1_val_read_reg_286">
<pin_list>
<pin id="287" dir="0" index="0" bw="16" slack="2"/>
<pin id="288" dir="1" index="1" bw="16" slack="2"/>
</pin_list>
<bind>
<opset="hwReg_layerStartX_1_val_read "/>
</bind>
</comp>

<comp id="291" class="1005" name="hwReg_background_V_B_val_read_reg_291">
<pin_list>
<pin id="292" dir="0" index="0" bw="8" slack="2"/>
<pin id="293" dir="1" index="1" bw="8" slack="2"/>
</pin_list>
<bind>
<opset="hwReg_background_V_B_val_read "/>
</bind>
</comp>

<comp id="296" class="1005" name="hwReg_background_U_G_val_read_reg_296">
<pin_list>
<pin id="297" dir="0" index="0" bw="8" slack="2"/>
<pin id="298" dir="1" index="1" bw="8" slack="2"/>
</pin_list>
<bind>
<opset="hwReg_background_U_G_val_read "/>
</bind>
</comp>

<comp id="301" class="1005" name="hwReg_background_Y_R_val_read_reg_301">
<pin_list>
<pin id="302" dir="0" index="0" bw="8" slack="2"/>
<pin id="303" dir="1" index="1" bw="8" slack="2"/>
</pin_list>
<bind>
<opset="hwReg_background_Y_R_val_read "/>
</bind>
</comp>

<comp id="306" class="1005" name="hwReg_height_val_read_reg_306">
<pin_list>
<pin id="307" dir="0" index="0" bw="11" slack="1"/>
<pin id="308" dir="1" index="1" bw="11" slack="1"/>
</pin_list>
<bind>
<opset="hwReg_height_val_read "/>
</bind>
</comp>

<comp id="311" class="1005" name="hwReg_width_val_read_reg_311">
<pin_list>
<pin id="312" dir="0" index="0" bw="11" slack="2"/>
<pin id="313" dir="1" index="1" bw="11" slack="2"/>
</pin_list>
<bind>
<opset="hwReg_width_val_read "/>
</bind>
</comp>

<comp id="316" class="1005" name="empty_reg_316">
<pin_list>
<pin id="317" dir="0" index="0" bw="1" slack="2"/>
<pin id="318" dir="1" index="1" bw="1" slack="2"/>
</pin_list>
<bind>
<opset="empty "/>
</bind>
</comp>

<comp id="321" class="1005" name="add_ln476_reg_321">
<pin_list>
<pin id="322" dir="0" index="0" bw="17" slack="1"/>
<pin id="323" dir="1" index="1" bw="17" slack="1"/>
</pin_list>
<bind>
<opset="add_ln476 "/>
</bind>
</comp>

<comp id="326" class="1005" name="add_ln478_reg_326">
<pin_list>
<pin id="327" dir="0" index="0" bw="17" slack="2"/>
<pin id="328" dir="1" index="1" bw="17" slack="2"/>
</pin_list>
<bind>
<opset="add_ln478 "/>
</bind>
</comp>

<comp id="331" class="1005" name="tmp_5_reg_331">
<pin_list>
<pin id="332" dir="0" index="0" bw="1" slack="2"/>
<pin id="333" dir="1" index="1" bw="1" slack="2"/>
</pin_list>
<bind>
<opset="tmp_5 "/>
</bind>
</comp>

<comp id="339" class="1005" name="icmp_ln476_reg_339">
<pin_list>
<pin id="340" dir="0" index="0" bw="1" slack="1"/>
<pin id="341" dir="1" index="1" bw="1" slack="1"/>
</pin_list>
<bind>
<opset="icmp_ln476 "/>
</bind>
</comp>

<comp id="344" class="1005" name="icmp_ln476_1_reg_344">
<pin_list>
<pin id="345" dir="0" index="0" bw="1" slack="1"/>
<pin id="346" dir="1" index="1" bw="1" slack="1"/>
</pin_list>
<bind>
<opset="icmp_ln476_1 "/>
</bind>
</comp>

<comp id="349" class="1005" name="xor_ln476_reg_349">
<pin_list>
<pin id="350" dir="0" index="0" bw="1" slack="1"/>
<pin id="351" dir="1" index="1" bw="1" slack="1"/>
</pin_list>
<bind>
<opset="xor_ln476 "/>
</bind>
</comp>

</comp_list>

<net_list>
<net id="79"><net_src comp="28" pin="0"/><net_sink comp="76" pin=0"/></net>

<net id="84"><net_src comp="36" pin="0"/><net_sink comp="80" pin=0"/></net>

<net id="85"><net_src comp="24" pin="0"/><net_sink comp="80" pin=1"/></net>

<net id="90"><net_src comp="38" pin="0"/><net_sink comp="86" pin=0"/></net>

<net id="91"><net_src comp="22" pin="0"/><net_sink comp="86" pin=1"/></net>

<net id="96"><net_src comp="38" pin="0"/><net_sink comp="92" pin=0"/></net>

<net id="97"><net_src comp="20" pin="0"/><net_sink comp="92" pin=1"/></net>

<net id="102"><net_src comp="38" pin="0"/><net_sink comp="98" pin=0"/></net>

<net id="103"><net_src comp="18" pin="0"/><net_sink comp="98" pin=1"/></net>

<net id="108"><net_src comp="38" pin="0"/><net_sink comp="104" pin=0"/></net>

<net id="109"><net_src comp="16" pin="0"/><net_sink comp="104" pin=1"/></net>

<net id="114"><net_src comp="40" pin="0"/><net_sink comp="110" pin=0"/></net>

<net id="115"><net_src comp="14" pin="0"/><net_sink comp="110" pin=1"/></net>

<net id="120"><net_src comp="36" pin="0"/><net_sink comp="116" pin=0"/></net>

<net id="121"><net_src comp="12" pin="0"/><net_sink comp="116" pin=1"/></net>

<net id="126"><net_src comp="36" pin="0"/><net_sink comp="122" pin=0"/></net>

<net id="127"><net_src comp="10" pin="0"/><net_sink comp="122" pin=1"/></net>

<net id="132"><net_src comp="36" pin="0"/><net_sink comp="128" pin=0"/></net>

<net id="133"><net_src comp="8" pin="0"/><net_sink comp="128" pin=1"/></net>

<net id="138"><net_src comp="42" pin="0"/><net_sink comp="134" pin=0"/></net>

<net id="139"><net_src comp="6" pin="0"/><net_sink comp="134" pin=1"/></net>

<net id="144"><net_src comp="42" pin="0"/><net_sink comp="140" pin=0"/></net>

<net id="145"><net_src comp="4" pin="0"/><net_sink comp="140" pin=1"/></net>

<net id="162"><net_src comp="70" pin="0"/><net_sink comp="146" pin=0"/></net>

<net id="163"><net_src comp="26" pin="0"/><net_sink comp="146" pin=2"/></net>

<net id="164"><net_src comp="2" pin="0"/><net_sink comp="146" pin=3"/></net>

<net id="165"><net_src comp="0" pin="0"/><net_sink comp="146" pin=13"/></net>

<net id="169"><net_src comp="110" pin="2"/><net_sink comp="166" pin=0"/></net>

<net id="173"><net_src comp="80" pin="2"/><net_sink comp="170" pin=0"/></net>

<net id="178"><net_src comp="86" pin="2"/><net_sink comp="174" pin=0"/></net>

<net id="179"><net_src comp="170" pin="1"/><net_sink comp="174" pin=1"/></net>

<net id="183"><net_src comp="80" pin="2"/><net_sink comp="180" pin=0"/></net>

<net id="188"><net_src comp="92" pin="2"/><net_sink comp="184" pin=0"/></net>

<net id="189"><net_src comp="180" pin="1"/><net_sink comp="184" pin=1"/></net>

<net id="193"><net_src comp="98" pin="2"/><net_sink comp="190" pin=0"/></net>

<net id="197"><net_src comp="174" pin="2"/><net_sink comp="194" pin=0"/></net>

<net id="202"><net_src comp="194" pin="1"/><net_sink comp="198" pin=0"/></net>

<net id="203"><net_src comp="190" pin="1"/><net_sink comp="198" pin=1"/></net>

<net id="207"><net_src comp="104" pin="2"/><net_sink comp="204" pin=0"/></net>

<net id="211"><net_src comp="184" pin="2"/><net_sink comp="208" pin=0"/></net>

<net id="216"><net_src comp="208" pin="1"/><net_sink comp="212" pin=0"/></net>

<net id="217"><net_src comp="204" pin="1"/><net_sink comp="212" pin=1"/></net>

<net id="223"><net_src comp="56" pin="0"/><net_sink comp="218" pin=0"/></net>

<net id="224"><net_src comp="110" pin="2"/><net_sink comp="218" pin=1"/></net>

<net id="225"><net_src comp="28" pin="0"/><net_sink comp="218" pin=2"/></net>

<net id="230"><net_src comp="58" pin="0"/><net_sink comp="226" pin=0"/></net>

<net id="238"><net_src comp="231" pin="1"/><net_sink comp="234" pin=0"/></net>

<net id="243"><net_src comp="231" pin="1"/><net_sink comp="239" pin=0"/></net>

<net id="244"><net_src comp="68" pin="0"/><net_sink comp="239" pin=1"/></net>

<net id="248"><net_src comp="231" pin="1"/><net_sink comp="245" pin=0"/></net>

<net id="252"><net_src comp="231" pin="1"/><net_sink comp="249" pin=0"/></net>

<net id="257"><net_src comp="249" pin="1"/><net_sink comp="253" pin=0"/></net>

<net id="262"><net_src comp="245" pin="1"/><net_sink comp="258" pin=1"/></net>

<net id="267"><net_src comp="239" pin="2"/><net_sink comp="263" pin=0"/></net>

<net id="272"><net_src comp="32" pin="0"/><net_sink comp="268" pin=1"/></net>

<net id="273"><net_src comp="268" pin="2"/><net_sink comp="146" pin=10"/></net>

<net id="277"><net_src comp="76" pin="1"/><net_sink comp="274" pin=0"/></net>

<net id="278"><net_src comp="274" pin="1"/><net_sink comp="226" pin=1"/></net>

<net id="279"><net_src comp="274" pin="1"/><net_sink comp="231" pin=0"/></net>

<net id="280"><net_src comp="274" pin="1"/><net_sink comp="263" pin=1"/></net>

<net id="284"><net_src comp="98" pin="2"/><net_sink comp="281" pin=0"/></net>

<net id="285"><net_src comp="281" pin="1"/><net_sink comp="253" pin=1"/></net>

<net id="289"><net_src comp="104" pin="2"/><net_sink comp="286" pin=0"/></net>

<net id="290"><net_src comp="286" pin="1"/><net_sink comp="146" pin=7"/></net>

<net id="294"><net_src comp="116" pin="2"/><net_sink comp="291" pin=0"/></net>

<net id="295"><net_src comp="291" pin="1"/><net_sink comp="146" pin=6"/></net>

<net id="299"><net_src comp="122" pin="2"/><net_sink comp="296" pin=0"/></net>

<net id="300"><net_src comp="296" pin="1"/><net_sink comp="146" pin=5"/></net>

<net id="304"><net_src comp="128" pin="2"/><net_sink comp="301" pin=0"/></net>

<net id="305"><net_src comp="301" pin="1"/><net_sink comp="146" pin=4"/></net>

<net id="309"><net_src comp="134" pin="2"/><net_sink comp="306" pin=0"/></net>

<net id="310"><net_src comp="306" pin="1"/><net_sink comp="234" pin=1"/></net>

<net id="314"><net_src comp="140" pin="2"/><net_sink comp="311" pin=0"/></net>

<net id="315"><net_src comp="311" pin="1"/><net_sink comp="146" pin=1"/></net>

<net id="319"><net_src comp="166" pin="1"/><net_sink comp="316" pin=0"/></net>

<net id="320"><net_src comp="316" pin="1"/><net_sink comp="146" pin=12"/></net>

<net id="324"><net_src comp="198" pin="2"/><net_sink comp="321" pin=0"/></net>

<net id="325"><net_src comp="321" pin="1"/><net_sink comp="258" pin=0"/></net>

<net id="329"><net_src comp="212" pin="2"/><net_sink comp="326" pin=0"/></net>

<net id="330"><net_src comp="326" pin="1"/><net_sink comp="146" pin=8"/></net>

<net id="334"><net_src comp="218" pin="3"/><net_sink comp="331" pin=0"/></net>

<net id="335"><net_src comp="331" pin="1"/><net_sink comp="146" pin=11"/></net>

<net id="342"><net_src comp="253" pin="2"/><net_sink comp="339" pin=0"/></net>

<net id="343"><net_src comp="339" pin="1"/><net_sink comp="268" pin=0"/></net>

<net id="347"><net_src comp="258" pin="2"/><net_sink comp="344" pin=0"/></net>

<net id="348"><net_src comp="344" pin="1"/><net_sink comp="146" pin=9"/></net>

<net id="352"><net_src comp="268" pin="2"/><net_sink comp="349" pin=0"/></net>

<net id="353"><net_src comp="349" pin="1"/><net_sink comp="146" pin=10"/></net>

</net_list>

</model> 
---------------- Datapath Model END ------------------

* FSMD analyzer results:
  - Output states:
	Port: outLayer1 | {3 4 }
 - Input state : 
	Port: v_mix_core_alpha<false, false> : outLayer0 | {3 4 }
	Port: v_mix_core_alpha<false, false> : srcLayer1x | {3 4 }
	Port: v_mix_core_alpha<false, false> : hwReg_width_val | {1 }
	Port: v_mix_core_alpha<false, false> : hwReg_height_val | {1 }
	Port: v_mix_core_alpha<false, false> : hwReg_background_Y_R_val | {1 }
	Port: v_mix_core_alpha<false, false> : hwReg_background_U_G_val | {1 }
	Port: v_mix_core_alpha<false, false> : hwReg_background_V_B_val | {1 }
	Port: v_mix_core_alpha<false, false> : hwReg_layerEnable_val | {1 }
	Port: v_mix_core_alpha<false, false> : hwReg_layerStartX_1_val | {1 }
	Port: v_mix_core_alpha<false, false> : hwReg_layerStartY_1_val | {1 }
	Port: v_mix_core_alpha<false, false> : hwReg_layerWidth_1_val | {1 }
	Port: v_mix_core_alpha<false, false> : hwReg_layerHeight_1_val | {1 }
	Port: v_mix_core_alpha<false, false> : hwReg_layerScaleFactor_1_val | {1 }
  - Chain level:
	State 1
		shl_ln449 : 1
		shl_ln450 : 1
		zext_ln476_1 : 2
		add_ln476 : 3
		zext_ln478_1 : 2
		add_ln478 : 3
		store_ln440 : 1
	State 2
		icmp_ln463 : 1
		add_ln463 : 1
		br_ln463 : 2
		zext_ln463 : 1
		zext_ln463_1 : 1
		icmp_ln476 : 2
		icmp_ln476_1 : 2
		store_ln440 : 2
	State 3
	State 4


============================================================
+ Verbose Summary: Datapath Resource usage 
============================================================

* Functional unit list:
|----------|-------------------------------------------------------------------|---------|---------|
| Operation|                          Functional Unit                          |    FF   |   LUT   |
|----------|-------------------------------------------------------------------|---------|---------|
|   call   | grp_v_mix_core_alpha_false_false_Pipeline_VITIS_LOOP_465_3_fu_146 |   110   |    60   |
|----------|-------------------------------------------------------------------|---------|---------|
|    shl   |                          shl_ln449_fu_174                         |    0    |    35   |
|          |                          shl_ln450_fu_184                         |    0    |    35   |
|----------|-------------------------------------------------------------------|---------|---------|
|          |                         icmp_ln463_fu_234                         |    0    |    11   |
|   icmp   |                         icmp_ln476_fu_253                         |    0    |    16   |
|          |                        icmp_ln476_1_fu_258                        |    0    |    17   |
|----------|-------------------------------------------------------------------|---------|---------|
|          |                          add_ln476_fu_198                         |    0    |    16   |
|    add   |                          add_ln478_fu_212                         |    0    |    16   |
|          |                          add_ln463_fu_239                         |    0    |    11   |
|----------|-------------------------------------------------------------------|---------|---------|
|    xor   |                          xor_ln476_fu_268                         |    0    |    1    |
|----------|-------------------------------------------------------------------|---------|---------|
|          |            hwReg_layerScaleFactor_1_val_read_read_fu_80           |    0    |    0    |
|          |              hwReg_layerHeight_1_val_read_read_fu_86              |    0    |    0    |
|          |               hwReg_layerWidth_1_val_read_read_fu_92              |    0    |    0    |
|          |              hwReg_layerStartY_1_val_read_read_fu_98              |    0    |    0    |
|          |              hwReg_layerStartX_1_val_read_read_fu_104             |    0    |    0    |
|   read   |               hwReg_layerEnable_val_read_read_fu_110              |    0    |    0    |
|          |             hwReg_background_V_B_val_read_read_fu_116             |    0    |    0    |
|          |             hwReg_background_U_G_val_read_read_fu_122             |    0    |    0    |
|          |             hwReg_background_Y_R_val_read_read_fu_128             |    0    |    0    |
|          |                 hwReg_height_val_read_read_fu_134                 |    0    |    0    |
|          |                  hwReg_width_val_read_read_fu_140                 |    0    |    0    |
|----------|-------------------------------------------------------------------|---------|---------|
|   trunc  |                            empty_fu_166                           |    0    |    0    |
|----------|-------------------------------------------------------------------|---------|---------|
|          |            hwReg_layerScaleFactor_1_val_readcast_fu_170           |    0    |    0    |
|          |           hwReg_layerScaleFactor_1_val_readcast23_fu_180          |    0    |    0    |
|          |                         zext_ln476_fu_190                         |    0    |    0    |
|   zext   |                        zext_ln476_1_fu_194                        |    0    |    0    |
|          |                         zext_ln478_fu_204                         |    0    |    0    |
|          |                        zext_ln478_1_fu_208                        |    0    |    0    |
|          |                         zext_ln463_fu_245                         |    0    |    0    |
|          |                        zext_ln463_1_fu_249                        |    0    |    0    |
|----------|-------------------------------------------------------------------|---------|---------|
| bitselect|                            tmp_5_fu_218                           |    0    |    0    |
|----------|-------------------------------------------------------------------|---------|---------|
|   Total  |                                                                   |   110   |   218   |
|----------|-------------------------------------------------------------------|---------|---------|

Memories:
N/A

* Register list:
+-------------------------------------+--------+
|                                     |   FF   |
+-------------------------------------+--------+
|          add_ln476_reg_321          |   17   |
|          add_ln478_reg_326          |   17   |
|            empty_reg_316            |    1   |
|hwReg_background_U_G_val_read_reg_296|    8   |
|hwReg_background_V_B_val_read_reg_291|    8   |
|hwReg_background_Y_R_val_read_reg_301|    8   |
|    hwReg_height_val_read_reg_306    |   11   |
| hwReg_layerStartX_1_val_read_reg_286|   16   |
| hwReg_layerStartY_1_val_read_reg_281|   16   |
|     hwReg_width_val_read_reg_311    |   11   |
|         icmp_ln476_1_reg_344        |    1   |
|          icmp_ln476_reg_339         |    1   |
|            tmp_5_reg_331            |    1   |
|          xor_ln476_reg_349          |    1   |
|              y_reg_274              |   11   |
+-------------------------------------+--------+
|                Total                |   128  |
+-------------------------------------+--------+

* Multiplexer (MUX) list: 
|-------------------------------------------------------------------|------|------|------|--------||---------||---------||---------|
|                                Comp                               |  Pin | Size |  BW  | S x BW ||  Delay  ||    FF   ||   LUT   |
|-------------------------------------------------------------------|------|------|------|--------||---------||---------||---------|
| grp_v_mix_core_alpha_false_false_Pipeline_VITIS_LOOP_465_3_fu_146 |  p10 |   2  |   1  |    2   ||    0    ||    9    |
|-------------------------------------------------------------------|------|------|------|--------||---------||---------||---------|
|                               Total                               |      |      |      |    2   ||  1.298  ||    0    ||    9    |
|-------------------------------------------------------------------|------|------|------|--------||---------||---------||---------|



* Summary:
+-----------+--------+--------+--------+
|           |  Delay |   FF   |   LUT  |
+-----------+--------+--------+--------+
|  Function |    -   |   110  |   218  |
|   Memory  |    -   |    -   |    -   |
|Multiplexer|    1   |    0   |    9   |
|  Register |    -   |   128  |    -   |
+-----------+--------+--------+--------+
|   Total   |    1   |   238  |   227  |
+-----------+--------+--------+--------+
