

================================================================
== Vitis HLS Report for 'v_tpgHlsDataFlow'
================================================================
* Date:           Fri Feb  6 18:13:11 2026

* Version:        2025.2 (Build 6295257 on Nov 14 2025)
* Project:        prj
* Solution:       sol (Vivado IP Flow Target)
* Product family: zynq
* Target device:  xc7z020-clg400-2


================================================================
== Performance Estimates
================================================================
+ Timing: 
    * Summary: 
    +--------+---------+----------+------------+
    |  Clock |  Target | Estimated| Uncertainty|
    +--------+---------+----------+------------+
    |ap_clk  |  6.75 ns|  4.890 ns|     1.82 ns|
    +--------+---------+----------+------------+

+ Latency: 
    * Summary: 
    +---------+------------+----------+------------+-----+------------+----------+
    |   Latency (cycles)   |   Latency (absolute)  |     Interval     | Pipeline |
    |   min   |     max    |    min   |     max    | min |     max    |   Type   |
    +---------+------------+----------+------------+-----+------------+----------+
    |       25|  4296540136|  0.169 us|  29.002 sec|    2|  4296540137|  dataflow|
    +---------+------------+----------+------------+-----+------------+----------+

    + Detail: 
        * Instance: 
        N/A

        * Loop: 
        N/A

============================================================
+ Verbose Summary: Synthesis Manager
============================================================
InlineROM: 1
ExposeGlobal: 0
============================================================
+ Verbose Summary: CDFG Model
============================================================
IsTopModel: 0
ResetActiveHigh: 1
IsCombinational: 2
IsDatapathOnly: 0
HasWiredReturn: 1
HasMFsm: 0
HasVarLatency: 1
IsPipeline: 0
IsRtlPipelined: 0
IsInstanceOverlapped: 0
IsDontTouch: 0
HasImplIP: 0
IsGatedGlobalClock: 0


============================================================
+ Verbose Summary: Schedule
============================================================
* Number of FSM states : 6
* Pipeline : 0
* Dataflow Pipeline: 1
  DF-Pipeline-0: Size = 6, States = { 1 2 3 4 5 6 }

* FSM state transitions: 
1 --> 2 
2 --> 3 
3 --> 4 
4 --> 5 
5 --> 6 
6 --> 

* FSM state operations: 

State 1 <SV = 0> <Delay = 2.94>
ST_1 : Operation 7 [1/1] (0.00ns)   --->   "%dpYUVCoef_val29_read = read i8 @_ssdm_op_Read.ap_auto.i8, i8 %dpYUVCoef_val29" [prj/sol/.autopilot/db/v_tpg.cpp:332]   --->   Operation 7 'read' 'dpYUVCoef_val29_read' <Predicate = true> <Delay = 0.00>
ST_1 : Operation 8 [1/1] (0.00ns)   --->   "%dpDynamicRange_val28_read = read i8 @_ssdm_op_Read.ap_auto.i8, i8 %dpDynamicRange_val28" [prj/sol/.autopilot/db/v_tpg.cpp:332]   --->   Operation 8 'read' 'dpDynamicRange_val28_read' <Predicate = true> <Delay = 0.00>
ST_1 : Operation 9 [1/1] (0.00ns)   --->   "%ZplateVerContDelta_val23_read = read i16 @_ssdm_op_Read.ap_auto.i16, i16 %ZplateVerContDelta_val23" [prj/sol/.autopilot/db/v_tpg.cpp:332]   --->   Operation 9 'read' 'ZplateVerContDelta_val23_read' <Predicate = true> <Delay = 0.00>
ST_1 : Operation 10 [1/1] (0.00ns)   --->   "%ZplateVerContStart_val22_read = read i16 @_ssdm_op_Read.ap_auto.i16, i16 %ZplateVerContStart_val22" [prj/sol/.autopilot/db/v_tpg.cpp:332]   --->   Operation 10 'read' 'ZplateVerContStart_val22_read' <Predicate = true> <Delay = 0.00>
ST_1 : Operation 11 [1/1] (0.00ns)   --->   "%ZplateHorContDelta_val21_read = read i16 @_ssdm_op_Read.ap_auto.i16, i16 %ZplateHorContDelta_val21" [prj/sol/.autopilot/db/v_tpg.cpp:332]   --->   Operation 11 'read' 'ZplateHorContDelta_val21_read' <Predicate = true> <Delay = 0.00>
ST_1 : Operation 12 [1/1] (0.00ns)   --->   "%ZplateHorContStart_val20_read = read i16 @_ssdm_op_Read.ap_auto.i16, i16 %ZplateHorContStart_val20" [prj/sol/.autopilot/db/v_tpg.cpp:332]   --->   Operation 12 'read' 'ZplateHorContStart_val20_read' <Predicate = true> <Delay = 0.00>
ST_1 : Operation 13 [1/1] (0.00ns)   --->   "%colorFormat_val17_read = read i8 @_ssdm_op_Read.ap_auto.i8, i8 %colorFormat_val17" [prj/sol/.autopilot/db/v_tpg.cpp:332]   --->   Operation 13 'read' 'colorFormat_val17_read' <Predicate = true> <Delay = 0.00>
ST_1 : Operation 14 [1/1] (0.00ns)   --->   "%motionSpeed_val14_read = read i8 @_ssdm_op_Read.ap_auto.i8, i8 %motionSpeed_val14" [prj/sol/.autopilot/db/v_tpg.cpp:332]   --->   Operation 14 'read' 'motionSpeed_val14_read' <Predicate = true> <Delay = 0.00>
ST_1 : Operation 15 [1/1] (0.00ns)   --->   "%bckgndId_val10_read = read i8 @_ssdm_op_Read.ap_auto.i8, i8 %bckgndId_val10" [prj/sol/.autopilot/db/v_tpg.cpp:332]   --->   Operation 15 'read' 'bckgndId_val10_read' <Predicate = true> <Delay = 0.00>
ST_1 : Operation 16 [1/1] (0.00ns)   --->   "%width_val7_read = read i16 @_ssdm_op_Read.ap_auto.i16, i16 %width_val7" [prj/sol/.autopilot/db/v_tpg.cpp:332]   --->   Operation 16 'read' 'width_val7_read' <Predicate = true> <Delay = 0.00>
ST_1 : Operation 17 [1/1] (0.00ns)   --->   "%height_val4_read = read i16 @_ssdm_op_Read.ap_auto.i16, i16 %height_val4" [prj/sol/.autopilot/db/v_tpg.cpp:332]   --->   Operation 17 'read' 'height_val4_read' <Predicate = true> <Delay = 0.00>
ST_1 : Operation 18 [1/1] (0.00ns)   --->   "%trunc_ln332 = trunc i16 %width_val7_read" [prj/sol/.autopilot/db/v_tpg.cpp:332]   --->   Operation 18 'trunc' 'trunc_ln332' <Predicate = true> <Delay = 0.00>
ST_1 : Operation 19 [1/1] (0.00ns)   --->   "%trunc_ln332_1 = trunc i16 %height_val4_read" [prj/sol/.autopilot/db/v_tpg.cpp:332]   --->   Operation 19 'trunc' 'trunc_ln332_1' <Predicate = true> <Delay = 0.00>
ST_1 : Operation 20 [1/1] (0.00ns)   --->   "%bckgndYUV = alloca i64 1" [prj/sol/.autopilot/db/v_tpg.cpp:324]   --->   Operation 20 'alloca' 'bckgndYUV' <Predicate = true> <Delay = 0.00> <CoreInst = "FIFO_SRL">   --->   Core 80 'FIFO_SRL' <Latency = 0> <II = 1> <Delay = 3.40> <Storage> <Opcode : 'read' 'write' 'nbread' 'nbwrite'> <Ports = 0> <Width = 24> <Depth = 16> <FIFO>
ST_1 : Operation 21 [1/1] (0.00ns)   --->   "%ovrlayYUV = alloca i64 1" [prj/sol/.autopilot/db/v_tpg.cpp:325]   --->   Operation 21 'alloca' 'ovrlayYUV' <Predicate = true> <Delay = 0.00> <CoreInst = "FIFO_SRL">   --->   Core 80 'FIFO_SRL' <Latency = 0> <II = 1> <Delay = 3.40> <Storage> <Opcode : 'read' 'write' 'nbread' 'nbwrite'> <Ports = 0> <Width = 24> <Depth = 16> <FIFO>
ST_1 : Operation 22 [2/2] (2.94ns)   --->   "%call_ln345 = call void @tpgBackground, i16 %height_val4_read, i16 %width_val7_read, i8 %bckgndId_val10_read, i16 %ZplateHorContStart_val20_read, i16 %ZplateHorContDelta_val21_read, i16 %ZplateVerContStart_val22_read, i16 %ZplateVerContDelta_val23_read, i8 %dpDynamicRange_val28_read, i8 %dpYUVCoef_val29_read, i8 %motionSpeed_val14_read, i8 %colorFormat_val17_read, i24 %bckgndYUV, i8 %rampStart, i32 %s, i16 %rampVal_1, i8 %rampVal, i8 %tpgPatternColorBars_unsigned_short_unsigned_short_unsigned_char_int_hBarSel, i16 %zonePlateVAddr, i3 %vBarSel, i3 %tpgPatternTartanColorBars_unsigned_short_unsigned_short_unsigned_short_unsign_1, i16 %hdata, i8 %vBarSel_2, i3 %tpgPatternCheckerBoard_unsigned_short_unsigned_short_unsigned_short_unsigned_1, i16 %rampVal_2, i1 %vBarSel_1, i3 %tpgPatternDPColorSquare_unsigned_short_unsigned_short_unsigned_char_unsigned_1, i8 %redYuv, i8 %grnYuv, i8 %bluYuv, i8 %blkYuv, i8 %whiYuv, i2 %tpgBarSelRgb_r, i8 %tpgBarSelYuv_y, i2 %tpgBarSelRgb_g, i8 %tpgBarSelYuv_u, i8 %tpgBarSelYuv_v, i11 %tpgPatternColorBars_unsigned_short_unsigned_short_unsigned_char_int_xBar, i2 %tpgBarSelRgb_b, i20 %tpgSinTableArray, i16 %zonePlateVDelta, i3 %tpgTartanBarArray, i10 %tpgPatternTartanColorBars_unsigned_short_unsigned_short_unsigned_short_unsign, i10 %yCount, i10 %tpgPatternCrossHatch_unsigned_short_unsigned_short_unsigned_short_unsigned_sh, i1 %vHatch, i10 %yCount_2, i8 %whiYuv_1, i8 %blkYuv_1, i8 %tpgSinTableArray_9bit_0, i8 %tpgSinTableArray_9bit_1, i9 %tpgSinTableArray_9bit_2, i2 %tpgCheckerBoardArray, i10 %tpgPatternCheckerBoard_unsigned_short_unsigned_short_unsigned_short_unsigned_s, i10 %yCount_3, i28 %rSerie, i28 %gSerie, i28 %bSerie, i2 %DPtpgBarSelRgb_VESA_r, i2 %DPtpgBarSelRgb_VESA_g, i2 %DPtpgBarSelRgb_VESA_b, i3 %DPtpgBarArray, i10 %tpgPatternDPColorSquare_unsigned_short_unsigned_short_unsigned_char_unsigned_s, i6 %yCount_1, i6 %DPtpgBarSelRgb_CEA_r, i6 %DPtpgBarSelRgb_CEA_g, i6 %DPtpgBarSelRgb_CEA_b, i8 %DPtpgBarSelYuv_601_y, i8 %DPtpgBarSelYuv_601_v, i8 %DPtpgBarSelYuv_601_u, i8 %DPtpgBarSelYuv_709_y, i8 %DPtpgBarSelYuv_709_v, i8 %DPtpgBarSelYuv_709_u" [prj/sol/.autopilot/db/v_tpg.cpp:345]   --->   Operation 22 'call' 'call_ln345' <Predicate = true> <Delay = 2.94> <CoreType = "Generic">   --->   Generic Core

State 2 <SV = 1> <Delay = 1.54>
ST_2 : Operation 23 [1/2] (1.54ns)   --->   "%call_ln345 = call void @tpgBackground, i16 %height_val4_read, i16 %width_val7_read, i8 %bckgndId_val10_read, i16 %ZplateHorContStart_val20_read, i16 %ZplateHorContDelta_val21_read, i16 %ZplateVerContStart_val22_read, i16 %ZplateVerContDelta_val23_read, i8 %dpDynamicRange_val28_read, i8 %dpYUVCoef_val29_read, i8 %motionSpeed_val14_read, i8 %colorFormat_val17_read, i24 %bckgndYUV, i8 %rampStart, i32 %s, i16 %rampVal_1, i8 %rampVal, i8 %tpgPatternColorBars_unsigned_short_unsigned_short_unsigned_char_int_hBarSel, i16 %zonePlateVAddr, i3 %vBarSel, i3 %tpgPatternTartanColorBars_unsigned_short_unsigned_short_unsigned_short_unsign_1, i16 %hdata, i8 %vBarSel_2, i3 %tpgPatternCheckerBoard_unsigned_short_unsigned_short_unsigned_short_unsigned_1, i16 %rampVal_2, i1 %vBarSel_1, i3 %tpgPatternDPColorSquare_unsigned_short_unsigned_short_unsigned_char_unsigned_1, i8 %redYuv, i8 %grnYuv, i8 %bluYuv, i8 %blkYuv, i8 %whiYuv, i2 %tpgBarSelRgb_r, i8 %tpgBarSelYuv_y, i2 %tpgBarSelRgb_g, i8 %tpgBarSelYuv_u, i8 %tpgBarSelYuv_v, i11 %tpgPatternColorBars_unsigned_short_unsigned_short_unsigned_char_int_xBar, i2 %tpgBarSelRgb_b, i20 %tpgSinTableArray, i16 %zonePlateVDelta, i3 %tpgTartanBarArray, i10 %tpgPatternTartanColorBars_unsigned_short_unsigned_short_unsigned_short_unsign, i10 %yCount, i10 %tpgPatternCrossHatch_unsigned_short_unsigned_short_unsigned_short_unsigned_sh, i1 %vHatch, i10 %yCount_2, i8 %whiYuv_1, i8 %blkYuv_1, i8 %tpgSinTableArray_9bit_0, i8 %tpgSinTableArray_9bit_1, i9 %tpgSinTableArray_9bit_2, i2 %tpgCheckerBoardArray, i10 %tpgPatternCheckerBoard_unsigned_short_unsigned_short_unsigned_short_unsigned_s, i10 %yCount_3, i28 %rSerie, i28 %gSerie, i28 %bSerie, i2 %DPtpgBarSelRgb_VESA_r, i2 %DPtpgBarSelRgb_VESA_g, i2 %DPtpgBarSelRgb_VESA_b, i3 %DPtpgBarArray, i10 %tpgPatternDPColorSquare_unsigned_short_unsigned_short_unsigned_char_unsigned_s, i6 %yCount_1, i6 %DPtpgBarSelRgb_CEA_r, i6 %DPtpgBarSelRgb_CEA_g, i6 %DPtpgBarSelRgb_CEA_b, i8 %DPtpgBarSelYuv_601_y, i8 %DPtpgBarSelYuv_601_v, i8 %DPtpgBarSelYuv_601_u, i8 %DPtpgBarSelYuv_709_y, i8 %DPtpgBarSelYuv_709_v, i8 %DPtpgBarSelYuv_709_u" [prj/sol/.autopilot/db/v_tpg.cpp:345]   --->   Operation 23 'call' 'call_ln345' <Predicate = true> <Delay = 1.54> <CoreType = "Generic">   --->   Generic Core

State 3 <SV = 2> <Delay = 2.10>
ST_3 : Operation 24 [1/1] (0.00ns)   --->   "%boxColorB_val27_read = read i8 @_ssdm_op_Read.ap_auto.i8, i8 %boxColorB_val27" [prj/sol/.autopilot/db/v_tpg.cpp:332]   --->   Operation 24 'read' 'boxColorB_val27_read' <Predicate = true> <Delay = 0.00>
ST_3 : Operation 25 [1/1] (0.00ns)   --->   "%boxColorG_val26_read = read i8 @_ssdm_op_Read.ap_auto.i8, i8 %boxColorG_val26" [prj/sol/.autopilot/db/v_tpg.cpp:332]   --->   Operation 25 'read' 'boxColorG_val26_read' <Predicate = true> <Delay = 0.00>
ST_3 : Operation 26 [1/1] (0.00ns)   --->   "%boxColorR_val25_read = read i8 @_ssdm_op_Read.ap_auto.i8, i8 %boxColorR_val25" [prj/sol/.autopilot/db/v_tpg.cpp:332]   --->   Operation 26 'read' 'boxColorR_val25_read' <Predicate = true> <Delay = 0.00>
ST_3 : Operation 27 [1/1] (0.00ns)   --->   "%boxSize_val24_read = read i16 @_ssdm_op_Read.ap_auto.i16, i16 %boxSize_val24" [prj/sol/.autopilot/db/v_tpg.cpp:332]   --->   Operation 27 'read' 'boxSize_val24_read' <Predicate = true> <Delay = 0.00>
ST_3 : Operation 28 [1/1] (0.00ns)   --->   "%crossHairY_val19_read = read i16 @_ssdm_op_Read.ap_auto.i16, i16 %crossHairY_val19" [prj/sol/.autopilot/db/v_tpg.cpp:332]   --->   Operation 28 'read' 'crossHairY_val19_read' <Predicate = true> <Delay = 0.00>
ST_3 : Operation 29 [1/1] (0.00ns)   --->   "%crossHairX_val18_read = read i16 @_ssdm_op_Read.ap_auto.i16, i16 %crossHairX_val18" [prj/sol/.autopilot/db/v_tpg.cpp:332]   --->   Operation 29 'read' 'crossHairX_val18_read' <Predicate = true> <Delay = 0.00>
ST_3 : Operation 30 [1/1] (0.00ns)   --->   "%maskId_val12_read = read i8 @_ssdm_op_Read.ap_auto.i8, i8 %maskId_val12" [prj/sol/.autopilot/db/v_tpg.cpp:332]   --->   Operation 30 'read' 'maskId_val12_read' <Predicate = true> <Delay = 0.00>
ST_3 : Operation 31 [1/1] (0.00ns)   --->   "%ovrlayId_val11_read = read i8 @_ssdm_op_Read.ap_auto.i8, i8 %ovrlayId_val11" [prj/sol/.autopilot/db/v_tpg.cpp:332]   --->   Operation 31 'read' 'ovrlayId_val11_read' <Predicate = true> <Delay = 0.00>
ST_3 : Operation 32 [2/2] (2.10ns)   --->   "%call_ln358 = call void @tpgForeground, i24 %bckgndYUV, i16 %height_val4_read, i16 %width_val7_read, i8 %ovrlayId_val11_read, i8 %maskId_val12_read, i8 %colorFormat_val17_read, i16 %crossHairX_val18_read, i16 %crossHairY_val19_read, i16 %boxSize_val24_read, i8 %boxColorR_val25_read, i8 %boxColorG_val26_read, i8 %boxColorB_val27_read, i8 %motionSpeed_val14_read, i24 %ovrlayYUV, i16 %boxHCoord, i16 %boxVCoord, i1 %vDir, i1 %hDir, i8 %whiYuv_2" [prj/sol/.autopilot/db/v_tpg.cpp:358]   --->   Operation 32 'call' 'call_ln358' <Predicate = true> <Delay = 2.10> <CoreType = "Generic">   --->   Generic Core

State 4 <SV = 3> <Delay = 1.54>
ST_4 : Operation 33 [1/2] (1.54ns)   --->   "%call_ln358 = call void @tpgForeground, i24 %bckgndYUV, i16 %height_val4_read, i16 %width_val7_read, i8 %ovrlayId_val11_read, i8 %maskId_val12_read, i8 %colorFormat_val17_read, i16 %crossHairX_val18_read, i16 %crossHairY_val19_read, i16 %boxSize_val24_read, i8 %boxColorR_val25_read, i8 %boxColorG_val26_read, i8 %boxColorB_val27_read, i8 %motionSpeed_val14_read, i24 %ovrlayYUV, i16 %boxHCoord, i16 %boxVCoord, i1 %vDir, i1 %hDir, i8 %whiYuv_2" [prj/sol/.autopilot/db/v_tpg.cpp:358]   --->   Operation 33 'call' 'call_ln358' <Predicate = true> <Delay = 1.54> <CoreType = "Generic">   --->   Generic Core

State 5 <SV = 4> <Delay = 3.94>
ST_5 : Operation 34 [1/1] (0.00ns)   --->   "%fid_in_val9_read = read i1 @_ssdm_op_Read.ap_auto.i1, i1 %fid_in_val9" [prj/sol/.autopilot/db/v_tpg.cpp:332]   --->   Operation 34 'read' 'fid_in_val9_read' <Predicate = true> <Delay = 0.00>
ST_5 : Operation 35 [1/1] (0.00ns)   --->   "%field_id_val8_read = read i16 @_ssdm_op_Read.ap_auto.i16, i16 %field_id_val8" [prj/sol/.autopilot/db/v_tpg.cpp:332]   --->   Operation 35 'read' 'field_id_val8_read' <Predicate = true> <Delay = 0.00>
ST_5 : Operation 36 [2/2] (3.94ns)   --->   "%call_ln399 = call void @MultiPixStream2AXIvideo, i24 %ovrlayYUV, i24 %m_axis_video_V_data_V, i3 %m_axis_video_V_keep_V, i3 %m_axis_video_V_strb_V, i1 %m_axis_video_V_user_V, i1 %m_axis_video_V_last_V, i1 %m_axis_video_V_id_V, i1 %m_axis_video_V_dest_V, i11 %trunc_ln332_1, i11 %trunc_ln332, i8 %colorFormat_val17_read, i1 %fid_in_val9_read, i1 %fid, i16 %field_id_val8_read, i1 %fidStored, i16 %counter" [prj/sol/.autopilot/db/v_tpg.cpp:399]   --->   Operation 36 'call' 'call_ln399' <Predicate = true> <Delay = 3.94> <CoreType = "Generic">   --->   Generic Core

State 6 <SV = 5> <Delay = 1.62>
ST_6 : Operation 37 [1/1] (0.00ns)   --->   "%specstablecontent_ln332 = specstablecontent void @_ssdm_op_SpecStableContent, i8 %dpYUVCoef_val29, i1 1, void @p_str" [prj/sol/.autopilot/db/v_tpg.cpp:332]   --->   Operation 37 'specstablecontent' 'specstablecontent_ln332' <Predicate = true> <Delay = 0.00>
ST_6 : Operation 38 [1/1] (0.00ns)   --->   "%specstablecontent_ln332 = specstablecontent void @_ssdm_op_SpecStableContent, i8 %dpDynamicRange_val28, i1 1, void @p_str" [prj/sol/.autopilot/db/v_tpg.cpp:332]   --->   Operation 38 'specstablecontent' 'specstablecontent_ln332' <Predicate = true> <Delay = 0.00>
ST_6 : Operation 39 [1/1] (0.00ns)   --->   "%specstablecontent_ln332 = specstablecontent void @_ssdm_op_SpecStableContent, i8 %boxColorB_val27, i1 1, void @p_str" [prj/sol/.autopilot/db/v_tpg.cpp:332]   --->   Operation 39 'specstablecontent' 'specstablecontent_ln332' <Predicate = true> <Delay = 0.00>
ST_6 : Operation 40 [1/1] (0.00ns)   --->   "%specstablecontent_ln332 = specstablecontent void @_ssdm_op_SpecStableContent, i8 %boxColorG_val26, i1 1, void @p_str" [prj/sol/.autopilot/db/v_tpg.cpp:332]   --->   Operation 40 'specstablecontent' 'specstablecontent_ln332' <Predicate = true> <Delay = 0.00>
ST_6 : Operation 41 [1/1] (0.00ns)   --->   "%specstablecontent_ln332 = specstablecontent void @_ssdm_op_SpecStableContent, i8 %boxColorR_val25, i1 1, void @p_str" [prj/sol/.autopilot/db/v_tpg.cpp:332]   --->   Operation 41 'specstablecontent' 'specstablecontent_ln332' <Predicate = true> <Delay = 0.00>
ST_6 : Operation 42 [1/1] (0.00ns)   --->   "%specstablecontent_ln332 = specstablecontent void @_ssdm_op_SpecStableContent, i16 %boxSize_val24, i1 1, void @p_str" [prj/sol/.autopilot/db/v_tpg.cpp:332]   --->   Operation 42 'specstablecontent' 'specstablecontent_ln332' <Predicate = true> <Delay = 0.00>
ST_6 : Operation 43 [1/1] (0.00ns)   --->   "%specstablecontent_ln332 = specstablecontent void @_ssdm_op_SpecStableContent, i16 %ZplateVerContDelta_val23, i1 1, void @p_str" [prj/sol/.autopilot/db/v_tpg.cpp:332]   --->   Operation 43 'specstablecontent' 'specstablecontent_ln332' <Predicate = true> <Delay = 0.00>
ST_6 : Operation 44 [1/1] (0.00ns)   --->   "%specstablecontent_ln332 = specstablecontent void @_ssdm_op_SpecStableContent, i16 %ZplateVerContStart_val22, i1 1, void @p_str" [prj/sol/.autopilot/db/v_tpg.cpp:332]   --->   Operation 44 'specstablecontent' 'specstablecontent_ln332' <Predicate = true> <Delay = 0.00>
ST_6 : Operation 45 [1/1] (0.00ns)   --->   "%specstablecontent_ln332 = specstablecontent void @_ssdm_op_SpecStableContent, i16 %ZplateHorContDelta_val21, i1 1, void @p_str" [prj/sol/.autopilot/db/v_tpg.cpp:332]   --->   Operation 45 'specstablecontent' 'specstablecontent_ln332' <Predicate = true> <Delay = 0.00>
ST_6 : Operation 46 [1/1] (0.00ns)   --->   "%specstablecontent_ln332 = specstablecontent void @_ssdm_op_SpecStableContent, i16 %ZplateHorContStart_val20, i1 1, void @p_str" [prj/sol/.autopilot/db/v_tpg.cpp:332]   --->   Operation 46 'specstablecontent' 'specstablecontent_ln332' <Predicate = true> <Delay = 0.00>
ST_6 : Operation 47 [1/1] (0.00ns)   --->   "%specstablecontent_ln332 = specstablecontent void @_ssdm_op_SpecStableContent, i16 %crossHairY_val19, i1 1, void @p_str" [prj/sol/.autopilot/db/v_tpg.cpp:332]   --->   Operation 47 'specstablecontent' 'specstablecontent_ln332' <Predicate = true> <Delay = 0.00>
ST_6 : Operation 48 [1/1] (0.00ns)   --->   "%specstablecontent_ln332 = specstablecontent void @_ssdm_op_SpecStableContent, i16 %crossHairX_val18, i1 1, void @p_str" [prj/sol/.autopilot/db/v_tpg.cpp:332]   --->   Operation 48 'specstablecontent' 'specstablecontent_ln332' <Predicate = true> <Delay = 0.00>
ST_6 : Operation 49 [1/1] (0.00ns)   --->   "%specstablecontent_ln332 = specstablecontent void @_ssdm_op_SpecStableContent, i8 %colorFormat_val17, i1 1, void @p_str" [prj/sol/.autopilot/db/v_tpg.cpp:332]   --->   Operation 49 'specstablecontent' 'specstablecontent_ln332' <Predicate = true> <Delay = 0.00>
ST_6 : Operation 50 [1/1] (0.00ns)   --->   "%specstablecontent_ln332 = specstablecontent void @_ssdm_op_SpecStableContent, i8 %motionSpeed_val14, i1 1, void @p_str" [prj/sol/.autopilot/db/v_tpg.cpp:332]   --->   Operation 50 'specstablecontent' 'specstablecontent_ln332' <Predicate = true> <Delay = 0.00>
ST_6 : Operation 51 [1/1] (0.00ns)   --->   "%specstablecontent_ln332 = specstablecontent void @_ssdm_op_SpecStableContent, i8 %maskId_val12, i1 1, void @p_str" [prj/sol/.autopilot/db/v_tpg.cpp:332]   --->   Operation 51 'specstablecontent' 'specstablecontent_ln332' <Predicate = true> <Delay = 0.00>
ST_6 : Operation 52 [1/1] (0.00ns)   --->   "%specstablecontent_ln332 = specstablecontent void @_ssdm_op_SpecStableContent, i8 %ovrlayId_val11, i1 1, void @p_str" [prj/sol/.autopilot/db/v_tpg.cpp:332]   --->   Operation 52 'specstablecontent' 'specstablecontent_ln332' <Predicate = true> <Delay = 0.00>
ST_6 : Operation 53 [1/1] (0.00ns)   --->   "%specstablecontent_ln332 = specstablecontent void @_ssdm_op_SpecStableContent, i8 %bckgndId_val10, i1 1, void @p_str" [prj/sol/.autopilot/db/v_tpg.cpp:332]   --->   Operation 53 'specstablecontent' 'specstablecontent_ln332' <Predicate = true> <Delay = 0.00>
ST_6 : Operation 54 [1/1] (0.00ns)   --->   "%specstablecontent_ln332 = specstablecontent void @_ssdm_op_SpecStableContent, i1 %fid_in_val9, i1 1, void @p_str" [prj/sol/.autopilot/db/v_tpg.cpp:332]   --->   Operation 54 'specstablecontent' 'specstablecontent_ln332' <Predicate = true> <Delay = 0.00>
ST_6 : Operation 55 [1/1] (0.00ns)   --->   "%specstablecontent_ln332 = specstablecontent void @_ssdm_op_SpecStableContent, i16 %field_id_val8, i1 1, void @p_str" [prj/sol/.autopilot/db/v_tpg.cpp:332]   --->   Operation 55 'specstablecontent' 'specstablecontent_ln332' <Predicate = true> <Delay = 0.00>
ST_6 : Operation 56 [1/1] (0.00ns)   --->   "%specstablecontent_ln332 = specstablecontent void @_ssdm_op_SpecStableContent, i16 %width_val7, i1 1, void @p_str" [prj/sol/.autopilot/db/v_tpg.cpp:332]   --->   Operation 56 'specstablecontent' 'specstablecontent_ln332' <Predicate = true> <Delay = 0.00>
ST_6 : Operation 57 [1/1] (0.00ns)   --->   "%specstablecontent_ln332 = specstablecontent void @_ssdm_op_SpecStableContent, i16 %height_val4, i1 1, void @p_str" [prj/sol/.autopilot/db/v_tpg.cpp:332]   --->   Operation 57 'specstablecontent' 'specstablecontent_ln332' <Predicate = true> <Delay = 0.00>
ST_6 : Operation 58 [1/1] (0.00ns)   --->   "%specdataflowpipeline_ln332 = specdataflowpipeline void @_ssdm_op_SpecDataflowPipeline, i32 4294967295, i32 0, void @empty_1" [prj/sol/.autopilot/db/v_tpg.cpp:332]   --->   Operation 58 'specdataflowpipeline' 'specdataflowpipeline_ln332' <Predicate = true> <Delay = 0.00>
ST_6 : Operation 59 [1/1] (0.00ns)   --->   "%specaxissidechannel_ln0 = specaxissidechannel void @_ssdm_op_SpecAXISSideChannel, i24 %m_axis_video_V_data_V, i3 %m_axis_video_V_keep_V, i3 %m_axis_video_V_strb_V, i1 %m_axis_video_V_user_V, i1 %m_axis_video_V_last_V, i1 %m_axis_video_V_id_V, i1 %m_axis_video_V_dest_V, void @empty_14"   --->   Operation 59 'specaxissidechannel' 'specaxissidechannel_ln0' <Predicate = true> <Delay = 0.00>
ST_6 : Operation 60 [1/1] (0.00ns)   --->   "%specinterface_ln0 = specinterface void @_ssdm_op_SpecInterface, i1 %m_axis_video_V_dest_V, i1 %m_axis_video_V_id_V, i1 %m_axis_video_V_last_V, i1 %m_axis_video_V_user_V, i3 %m_axis_video_V_strb_V, i3 %m_axis_video_V_keep_V, i24 %m_axis_video_V_data_V, void @empty_18, i32 0, i32 0, void @empty_17, i32 0, i32 0, void @empty_1, void @empty_1, void @empty_1, i32 0, i32 0, i32 0, i32 0, void @empty_1, void @empty_1, i32 4294967295, i32 0, i32 0, i32 0"   --->   Operation 60 'specinterface' 'specinterface_ln0' <Predicate = true> <Delay = 0.00>
ST_6 : Operation 61 [1/1] (0.00ns)   --->   "%empty = specchannel i32 @_ssdm_op_SpecChannel, void @bckgndYUV_str, i32 1, void @p_str, void @p_str, i32 16, i32 16, i24 %bckgndYUV, i24 %bckgndYUV"   --->   Operation 61 'specchannel' 'empty' <Predicate = true> <Delay = 0.00>
ST_6 : Operation 62 [1/1] (0.00ns)   --->   "%specinterface_ln0 = specinterface void @_ssdm_op_SpecInterface, i24 %bckgndYUV, void @empty_13, i32 0, i32 0, void @empty_1, i32 0, i32 0, void @empty_1, void @empty_1, void @empty_1, i32 0, i32 0, i32 0, i32 0, void @empty_1, void @empty_1, i32 4294967295, i32 0, i32 0, i32 0"   --->   Operation 62 'specinterface' 'specinterface_ln0' <Predicate = true> <Delay = 0.00>
ST_6 : Operation 63 [1/1] (0.00ns)   --->   "%empty_58 = specchannel i32 @_ssdm_op_SpecChannel, void @ovrlayYUV_str, i32 1, void @p_str, void @p_str, i32 16, i32 16, i24 %ovrlayYUV, i24 %ovrlayYUV"   --->   Operation 63 'specchannel' 'empty_58' <Predicate = true> <Delay = 0.00>
ST_6 : Operation 64 [1/1] (0.00ns)   --->   "%specinterface_ln0 = specinterface void @_ssdm_op_SpecInterface, i24 %ovrlayYUV, void @empty_13, i32 0, i32 0, void @empty_1, i32 0, i32 0, void @empty_1, void @empty_1, void @empty_1, i32 0, i32 0, i32 0, i32 0, void @empty_1, void @empty_1, i32 4294967295, i32 0, i32 0, i32 0"   --->   Operation 64 'specinterface' 'specinterface_ln0' <Predicate = true> <Delay = 0.00>
ST_6 : Operation 65 [1/2] (1.62ns)   --->   "%call_ln399 = call void @MultiPixStream2AXIvideo, i24 %ovrlayYUV, i24 %m_axis_video_V_data_V, i3 %m_axis_video_V_keep_V, i3 %m_axis_video_V_strb_V, i1 %m_axis_video_V_user_V, i1 %m_axis_video_V_last_V, i1 %m_axis_video_V_id_V, i1 %m_axis_video_V_dest_V, i11 %trunc_ln332_1, i11 %trunc_ln332, i8 %colorFormat_val17_read, i1 %fid_in_val9_read, i1 %fid, i16 %field_id_val8_read, i1 %fidStored, i16 %counter" [prj/sol/.autopilot/db/v_tpg.cpp:399]   --->   Operation 65 'call' 'call_ln399' <Predicate = true> <Delay = 1.62> <CoreType = "Generic">   --->   Generic Core
ST_6 : Operation 66 [1/1] (0.00ns)   --->   "%ret_ln401 = ret" [prj/sol/.autopilot/db/v_tpg.cpp:401]   --->   Operation 66 'ret' 'ret_ln401' <Predicate = true> <Delay = 0.00>


============================================================
+ Verbose Summary: Timing violations
============================================================
Target clock period: 6.750ns, clock uncertainty: 1.822ns.

 <State 1>: 2.945ns
The critical path consists of the following:
	wire read operation ('dpYUVCoef_val29_read', prj/sol/.autopilot/db/v_tpg.cpp:332) on port 'dpYUVCoef_val29' (prj/sol/.autopilot/db/v_tpg.cpp:332) [97]  (0.000 ns)
	'call' operation ('call_ln345', prj/sol/.autopilot/db/v_tpg.cpp:345) to 'tpgBackground' [150]  (2.945 ns)

 <State 2>: 1.545ns
The critical path consists of the following:
	'call' operation ('call_ln345', prj/sol/.autopilot/db/v_tpg.cpp:345) to 'tpgBackground' [150]  (1.545 ns)

 <State 3>: 2.106ns
The critical path consists of the following:
	wire read operation ('boxColorB_val27_read', prj/sol/.autopilot/db/v_tpg.cpp:332) on port 'boxColorB_val27' (prj/sol/.autopilot/db/v_tpg.cpp:332) [99]  (0.000 ns)
	'call' operation ('call_ln358', prj/sol/.autopilot/db/v_tpg.cpp:358) to 'tpgForeground' [151]  (2.106 ns)

 <State 4>: 1.545ns
The critical path consists of the following:
	'call' operation ('call_ln358', prj/sol/.autopilot/db/v_tpg.cpp:358) to 'tpgForeground' [151]  (1.545 ns)

 <State 5>: 3.945ns
The critical path consists of the following:
	wire read operation ('fid_in_val9_read', prj/sol/.autopilot/db/v_tpg.cpp:332) on port 'fid_in_val9' (prj/sol/.autopilot/db/v_tpg.cpp:332) [114]  (0.000 ns)
	'call' operation ('call_ln399', prj/sol/.autopilot/db/v_tpg.cpp:399) to 'MultiPixStream2AXIvideo' [152]  (3.945 ns)

 <State 6>: 1.626ns
The critical path consists of the following:
	'call' operation ('call_ln399', prj/sol/.autopilot/db/v_tpg.cpp:399) to 'MultiPixStream2AXIvideo' [152]  (1.626 ns)


============================================================
+ Verbose Summary: Binding
============================================================
N/A
* FSMD analyzer results:
  - Output states:
 - Input state : 
  - Chain level:
	State 1
	State 2
	State 3
	State 4
	State 5
	State 6


============================================================
+ Verbose Summary: Datapath Resource usage 
============================================================
N/A
