

================================================================
== Vitis HLS Report for 'v_mix_core_alpha_false_false_s'
================================================================
* Date:           Tue Feb 24 12:52:09 2026

* Version:        2025.2 (Build 6295257 on Nov 14 2025)
* Project:        prj
* Solution:       sol (Vivado IP Flow Target)
* Product family: zynq
* Target device:  xc7z020-clg400-2


================================================================
== Performance Estimates
================================================================
+ Timing: 
    * Summary: 
    +--------+---------+----------+------------+
    |  Clock |  Target | Estimated| Uncertainty|
    +--------+---------+----------+------------+
    |ap_clk  |  6.67 ns|  4.666 ns|     1.80 ns|
    +--------+---------+----------+------------+

+ Latency: 
    * Summary: 
    +---------+---------+-----------+-----------+------+---------+---------+
    |  Latency (cycles) |   Latency (absolute)  |    Interval    | Pipeline|
    |   min   |   max   |    min    |    max    |  min |   max   |   Type  |
    +---------+---------+-----------+-----------+------+---------+---------+
    |     4481|  2080081|  29.875 us|  13.868 ms|  4481|  2080081|       no|
    +---------+---------+-----------+-----------+------+---------+---------+

    + Detail: 
        * Instance: 
        +-------------------------------------------------------------------+--------------------------------------------------------+---------+---------+----------+-----------+-----+-----+-------------------+
        |                                                                   |                                                        |  Latency (cycles) |  Latency (absolute)  |  Interval |      Pipeline     |
        |                              Instance                             |                         Module                         |   min   |   max   |    min   |    max    | min | max |        Type       |
        +-------------------------------------------------------------------+--------------------------------------------------------+---------+---------+----------+-----------+-----+-----+-------------------+
        |grp_v_mix_core_alpha_false_false_Pipeline_VITIS_LOOP_465_3_fu_146  |v_mix_core_alpha_false_false_Pipeline_VITIS_LOOP_465_3  |       67|     1923|  0.447 us|  12.821 us|    0|    0|  loop pipeline stp|
        +-------------------------------------------------------------------+--------------------------------------------------------+---------+---------+----------+-----------+-----+-----+-------------------+

        * Loop: 
        +--------------------+---------+---------+-----------+-----------+-----------+-----------+----------+
        |                    |  Latency (cycles) | Iteration |  Initiation Interval  |    Trip   |          |
        |      Loop Name     |   min   |   max   |  Latency  |  achieved |   target  |   Count   | Pipelined|
        +--------------------+---------+---------+-----------+-----------+-----------+-----------+----------+
        |- VITIS_LOOP_463_2  |     4480|  2080080|  70 ~ 1926|          -|          -|  64 ~ 1080|        no|
        +--------------------+---------+---------+-----------+-----------+-----------+-----------+----------+



================================================================
== Utilization Estimates
================================================================
* Summary: 
+-----------------+---------+-----+--------+-------+-----+
|       Name      | BRAM_18K| DSP |   FF   |  LUT  | URAM|
+-----------------+---------+-----+--------+-------+-----+
|DSP              |        -|    -|       -|      -|    -|
|Expression       |        -|    -|       0|    162|    -|
|FIFO             |        -|    -|       -|      -|    -|
|Instance         |        -|    -|     117|    240|    -|
|Memory           |        -|    -|       -|      -|    -|
|Multiplexer      |        -|    -|       0|     48|    -|
|Register         |        -|    -|     135|      -|    -|
+-----------------+---------+-----+--------+-------+-----+
|Total            |        0|    0|     252|    450|    0|
+-----------------+---------+-----+--------+-------+-----+
|Available        |      280|  220|  106400|  53200|    0|
+-----------------+---------+-----+--------+-------+-----+
|Utilization (%)  |        0|    0|      ~0|     ~0|    0|
+-----------------+---------+-----+--------+-------+-----+

+ Detail: 
    * Instance: 
    +-------------------------------------------------------------------+--------------------------------------------------------+---------+----+-----+-----+-----+
    |                              Instance                             |                         Module                         | BRAM_18K| DSP|  FF | LUT | URAM|
    +-------------------------------------------------------------------+--------------------------------------------------------+---------+----+-----+-----+-----+
    |grp_v_mix_core_alpha_false_false_Pipeline_VITIS_LOOP_465_3_fu_146  |v_mix_core_alpha_false_false_Pipeline_VITIS_LOOP_465_3  |        0|   0|  117|  240|    0|
    +-------------------------------------------------------------------+--------------------------------------------------------+---------+----+-----+-----+-----+
    |Total                                                              |                                                        |        0|   0|  117|  240|    0|
    +-------------------------------------------------------------------+--------------------------------------------------------+---------+----+-----+-----+-----+

    * DSP: 
    N/A

    * Memory: 
    N/A

    * FIFO: 
    N/A

    * Expression: 
    +------------------------+----------+----+---+----+------------+------------+
    |      Variable Name     | Operation| DSP| FF| LUT| Bitwidth P0| Bitwidth P1|
    +------------------------+----------+----+---+----+------------+------------+
    |add_ln463_fu_239_p2     |         +|   0|  0|  11|          11|           1|
    |add_ln476_fu_198_p2     |         +|   0|  0|  17|          17|          17|
    |add_ln478_fu_212_p2     |         +|   0|  0|  17|          17|          17|
    |icmp_ln463_fu_234_p2    |      icmp|   0|  0|  11|          11|          11|
    |icmp_ln476_1_fu_258_p2  |      icmp|   0|  0|  17|          17|          17|
    |icmp_ln476_fu_253_p2    |      icmp|   0|  0|  16|          16|          16|
    |ap_block_state1         |        or|   0|  0|   1|           1|           1|
    |shl_ln449_fu_174_p2     |       shl|   0|  0|  35|          16|          16|
    |shl_ln450_fu_184_p2     |       shl|   0|  0|  35|          16|          16|
    |xor_ln476_fu_268_p2     |       xor|   0|  0|   2|           1|           2|
    +------------------------+----------+----+---+----+------------+------------+
    |Total                   |          |   0|  0| 162|         123|         114|
    +------------------------+----------+----+---+----+------------+------------+

    * Multiplexer: 
    +------------+----+-----------+-----+-----------+
    |    Name    | LUT| Input Size| Bits| Total Bits|
    +------------+----+-----------+-----+-----------+
    |ap_NS_fsm   |  21|          5|    1|          5|
    |ap_done     |   9|          2|    1|          2|
    |real_start  |   9|          2|    1|          2|
    |y_fu_76     |   9|          2|   11|         22|
    +------------+----+-----------+-----+-----------+
    |Total       |  48|         11|   14|         31|
    +------------+----+-----------+-----+-----------+

    * Register: 
    +--------------------------------------------------------------------------------+----+----+-----+-----------+
    |                                      Name                                      | FF | LUT| Bits| Const Bits|
    +--------------------------------------------------------------------------------+----+----+-----+-----------+
    |add_ln476_reg_321                                                               |  17|   0|   17|          0|
    |add_ln478_reg_326                                                               |  17|   0|   17|          0|
    |ap_CS_fsm                                                                       |   4|   0|    4|          0|
    |ap_done_reg                                                                     |   1|   0|    1|          0|
    |empty_reg_316                                                                   |   1|   0|    1|          0|
    |grp_v_mix_core_alpha_false_false_Pipeline_VITIS_LOOP_465_3_fu_146_ap_start_reg  |   1|   0|    1|          0|
    |hwReg_background_U_G_val_read_reg_296                                           |   8|   0|    8|          0|
    |hwReg_background_V_B_val_read_reg_291                                           |   8|   0|    8|          0|
    |hwReg_background_Y_R_val_read_reg_301                                           |   8|   0|    8|          0|
    |hwReg_height_val_read_reg_306                                                   |  11|   0|   11|          0|
    |hwReg_layerStartX_1_val_read_reg_286                                            |  16|   0|   16|          0|
    |hwReg_layerStartY_1_val_read_reg_281                                            |  16|   0|   16|          0|
    |hwReg_width_val_read_reg_311                                                    |  11|   0|   11|          0|
    |icmp_ln476_1_reg_344                                                            |   1|   0|    1|          0|
    |icmp_ln476_reg_339                                                              |   1|   0|    1|          0|
    |start_once_reg                                                                  |   1|   0|    1|          0|
    |tmp_5_reg_331                                                                   |   1|   0|    1|          0|
    |xor_ln476_reg_349                                                               |   1|   0|    1|          0|
    |y_fu_76                                                                         |  11|   0|   11|          0|
    +--------------------------------------------------------------------------------+----+----+-----+-----------+
    |Total                                                                           | 135|   0|  135|          0|
    +--------------------------------------------------------------------------------+----+----+-----+-----------+



================================================================
== Interface
================================================================
* Summary: 
+------------------------------+-----+-----+------------+--------------------------------+--------------+
|           RTL Ports          | Dir | Bits|  Protocol  |          Source Object         |    C Type    |
+------------------------------+-----+-----+------------+--------------------------------+--------------+
|ap_clk                        |   in|    1|  ap_ctrl_hs|  v_mix_core_alpha<false, false>|  return value|
|ap_rst                        |   in|    1|  ap_ctrl_hs|  v_mix_core_alpha<false, false>|  return value|
|ap_start                      |   in|    1|  ap_ctrl_hs|  v_mix_core_alpha<false, false>|  return value|
|start_full_n                  |   in|    1|  ap_ctrl_hs|  v_mix_core_alpha<false, false>|  return value|
|ap_done                       |  out|    1|  ap_ctrl_hs|  v_mix_core_alpha<false, false>|  return value|
|ap_continue                   |   in|    1|  ap_ctrl_hs|  v_mix_core_alpha<false, false>|  return value|
|ap_idle                       |  out|    1|  ap_ctrl_hs|  v_mix_core_alpha<false, false>|  return value|
|ap_ready                      |  out|    1|  ap_ctrl_hs|  v_mix_core_alpha<false, false>|  return value|
|start_out                     |  out|    1|  ap_ctrl_hs|  v_mix_core_alpha<false, false>|  return value|
|start_write                   |  out|    1|  ap_ctrl_hs|  v_mix_core_alpha<false, false>|  return value|
|outLayer0_dout                |   in|   24|     ap_fifo|                       outLayer0|       pointer|
|outLayer0_empty_n             |   in|    1|     ap_fifo|                       outLayer0|       pointer|
|outLayer0_read                |  out|    1|     ap_fifo|                       outLayer0|       pointer|
|outLayer0_num_data_valid      |   in|    3|     ap_fifo|                       outLayer0|       pointer|
|outLayer0_fifo_cap            |   in|    3|     ap_fifo|                       outLayer0|       pointer|
|srcLayer1x_dout               |   in|   24|     ap_fifo|                      srcLayer1x|       pointer|
|srcLayer1x_empty_n            |   in|    1|     ap_fifo|                      srcLayer1x|       pointer|
|srcLayer1x_read               |  out|    1|     ap_fifo|                      srcLayer1x|       pointer|
|srcLayer1x_num_data_valid     |   in|    3|     ap_fifo|                      srcLayer1x|       pointer|
|srcLayer1x_fifo_cap           |   in|    3|     ap_fifo|                      srcLayer1x|       pointer|
|hwReg_width_val               |   in|   11|   ap_stable|                 hwReg_width_val|        scalar|
|hwReg_height_val              |   in|   11|   ap_stable|                hwReg_height_val|        scalar|
|hwReg_background_Y_R_val      |   in|    8|   ap_stable|        hwReg_background_Y_R_val|        scalar|
|hwReg_background_U_G_val      |   in|    8|   ap_stable|        hwReg_background_U_G_val|        scalar|
|hwReg_background_V_B_val      |   in|    8|   ap_stable|        hwReg_background_V_B_val|        scalar|
|hwReg_layerEnable_val         |   in|    2|   ap_stable|           hwReg_layerEnable_val|        scalar|
|hwReg_layerStartX_1_val       |   in|   16|   ap_stable|         hwReg_layerStartX_1_val|        scalar|
|hwReg_layerStartY_1_val       |   in|   16|   ap_stable|         hwReg_layerStartY_1_val|        scalar|
|hwReg_layerWidth_1_val        |   in|   16|   ap_stable|          hwReg_layerWidth_1_val|        scalar|
|hwReg_layerHeight_1_val       |   in|   16|   ap_stable|         hwReg_layerHeight_1_val|        scalar|
|hwReg_layerScaleFactor_1_val  |   in|    8|   ap_stable|    hwReg_layerScaleFactor_1_val|        scalar|
|outLayer1_din                 |  out|   24|     ap_fifo|                       outLayer1|       pointer|
|outLayer1_full_n              |   in|    1|     ap_fifo|                       outLayer1|       pointer|
|outLayer1_write               |  out|    1|     ap_fifo|                       outLayer1|       pointer|
|outLayer1_num_data_valid      |   in|   32|     ap_fifo|                       outLayer1|       pointer|
|outLayer1_fifo_cap            |   in|   32|     ap_fifo|                       outLayer1|       pointer|
+------------------------------+-----+-----+------------+--------------------------------+--------------+

