

================================================================
== Vitis HLS Report for 'v_mix_yuv2rgb_false_s'
================================================================
* Date:           Sat Feb 28 15:10:44 2026

* Version:        2025.2 (Build 6295257 on Nov 14 2025)
* Project:        prj
* Solution:       sol (Vivado IP Flow Target)
* Product family: zynq
* Target device:  xc7z020-clg400-2


================================================================
== Performance Estimates
================================================================
+ Timing: 
    * Summary: 
    +--------+---------+----------+------------+
    |  Clock |  Target | Estimated| Uncertainty|
    +--------+---------+----------+------------+
    |ap_clk  |  6.67 ns|  4.867 ns|     1.80 ns|
    +--------+---------+----------+------------+

+ Latency: 
    * Summary: 
    +---------+---------+----------+-----------+-----+---------+---------+
    |  Latency (cycles) |  Latency (absolute)  |    Interval   | Pipeline|
    |   min   |   max   |    min   |    max    | min |   max   |   Type  |
    +---------+---------+----------+-----------+-----+---------+---------+
    |        1|  2079001|  6.667 ns|  13.861 ms|    1|  2079001|       no|
    +---------+---------+----------+-----------+-----+---------+---------+

    + Detail: 
        * Instance: 
        +---------------------------------------------------------+-----------------------------------------------+---------+---------+-----------+-----------+-----+-----+-------------------+
        |                                                         |                                               |  Latency (cycles) |   Latency (absolute)  |  Interval |      Pipeline     |
        |                         Instance                        |                     Module                    |   min   |   max   |    min    |    max    | min | max |        Type       |
        +---------------------------------------------------------+-----------------------------------------------+---------+---------+-----------+-----------+-----+-----+-------------------+
        |grp_v_mix_yuv2rgb_false_Pipeline_VITIS_LOOP_897_2_fu_70  |v_mix_yuv2rgb_false_Pipeline_VITIS_LOOP_897_2  |        2|     1922|  13.334 ns|  12.814 us|    0|    0|  loop pipeline stp|
        +---------------------------------------------------------+-----------------------------------------------+---------+---------+-----------+-----------+-----+-----+-------------------+

        * Loop: 
        +--------------------+---------+---------+----------+-----------+-----------+----------+----------+
        |                    |  Latency (cycles) | Iteration|  Initiation Interval  |   Trip   |          |
        |      Loop Name     |   min   |   max   |  Latency |  achieved |   target  |   Count  | Pipelined|
        +--------------------+---------+---------+----------+-----------+-----------+----------+----------+
        |- VITIS_LOOP_895_1  |        0|  2079000|  5 ~ 1925|          -|          -|  0 ~ 1080|        no|
        +--------------------+---------+---------+----------+-----------+-----------+----------+----------+



================================================================
== Utilization Estimates
================================================================
* Summary: 
+-----------------+---------+-----+--------+-------+-----+
|       Name      | BRAM_18K| DSP |   FF   |  LUT  | URAM|
+-----------------+---------+-----+--------+-------+-----+
|DSP              |        -|    -|       -|      -|    -|
|Expression       |        -|    -|       0|     23|    -|
|FIFO             |        -|    -|       -|      -|    -|
|Instance         |        -|    -|      14|     80|    -|
|Memory           |        -|    -|       -|      -|    -|
|Multiplexer      |        -|    -|       0|     48|    -|
|Register         |        -|    -|      52|      -|    -|
+-----------------+---------+-----+--------+-------+-----+
|Total            |        0|    0|      66|    151|    0|
+-----------------+---------+-----+--------+-------+-----+
|Available        |      280|  220|  106400|  53200|    0|
+-----------------+---------+-----+--------+-------+-----+
|Utilization (%)  |        0|    0|      ~0|     ~0|    0|
+-----------------+---------+-----+--------+-------+-----+

+ Detail: 
    * Instance: 
    +---------------------------------------------------------+-----------------------------------------------+---------+----+----+----+-----+
    |                         Instance                        |                     Module                    | BRAM_18K| DSP| FF | LUT| URAM|
    +---------------------------------------------------------+-----------------------------------------------+---------+----+----+----+-----+
    |grp_v_mix_yuv2rgb_false_Pipeline_VITIS_LOOP_897_2_fu_70  |v_mix_yuv2rgb_false_Pipeline_VITIS_LOOP_897_2  |        0|   0|  14|  80|    0|
    +---------------------------------------------------------+-----------------------------------------------+---------+----+----+----+-----+
    |Total                                                    |                                               |        0|   0|  14|  80|    0|
    +---------------------------------------------------------+-----------------------------------------------+---------+----+----+----+-----+

    * DSP: 
    N/A

    * Memory: 
    N/A

    * FIFO: 
    N/A

    * Expression: 
    +---------------------+----------+----+---+----+------------+------------+
    |    Variable Name    | Operation| DSP| FF| LUT| Bitwidth P0| Bitwidth P1|
    +---------------------+----------+----+---+----+------------+------------+
    |y_4_fu_92_p2         |         +|   0|  0|  11|          11|           1|
    |icmp_ln895_fu_87_p2  |      icmp|   0|  0|  11|          11|          11|
    |ap_block_state1      |        or|   0|  0|   1|           1|           1|
    +---------------------+----------+----+---+----+------------+------------+
    |Total                |          |   0|  0|  23|          23|          13|
    +---------------------+----------+----+---+----+------------+------------+

    * Multiplexer: 
    +------------+----+-----------+-----+-----------+
    |    Name    | LUT| Input Size| Bits| Total Bits|
    +------------+----+-----------+-----+-----------+
    |ap_NS_fsm   |  21|          5|    1|          5|
    |ap_done     |   9|          2|    1|          2|
    |real_start  |   9|          2|    1|          2|
    |y_fu_48     |   9|          2|   11|         22|
    +------------+----+-----------+-----+-----------+
    |Total       |  48|         11|   14|         31|
    +------------+----+-----------+-----+-----------+

    * Register: 
    +----------------------------------------------------------------------+----+----+-----+-----------+
    |                                 Name                                 | FF | LUT| Bits| Const Bits|
    +----------------------------------------------------------------------+----+----+-----+-----------+
    |HwReg_layerEnableFlag_1_val_read_reg_102                              |   1|   0|    1|          0|
    |HwReg_layerHeight_1_val_read_reg_111                                  |  11|   0|   11|          0|
    |HwReg_layerWidth_1_val_read_reg_106                                   |  11|   0|   11|          0|
    |ap_CS_fsm                                                             |   4|   0|    4|          0|
    |ap_done_reg                                                           |   1|   0|    1|          0|
    |grp_v_mix_yuv2rgb_false_Pipeline_VITIS_LOOP_897_2_fu_70_ap_start_reg  |   1|   0|    1|          0|
    |start_once_reg                                                        |   1|   0|    1|          0|
    |y_4_reg_126                                                           |  11|   0|   11|          0|
    |y_fu_48                                                               |  11|   0|   11|          0|
    +----------------------------------------------------------------------+----+----+-----+-----------+
    |Total                                                                 |  52|   0|   52|          0|
    +----------------------------------------------------------------------+----+----+-----+-----------+



================================================================
== Interface
================================================================
* Summary: 
+-----------------------------+-----+-----+------------+-----------------------------+--------------+
|          RTL Ports          | Dir | Bits|  Protocol  |        Source Object        |    C Type    |
+-----------------------------+-----+-----+------------+-----------------------------+--------------+
|ap_clk                       |   in|    1|  ap_ctrl_hs|         v_mix_yuv2rgb<false>|  return value|
|ap_rst                       |   in|    1|  ap_ctrl_hs|         v_mix_yuv2rgb<false>|  return value|
|ap_start                     |   in|    1|  ap_ctrl_hs|         v_mix_yuv2rgb<false>|  return value|
|start_full_n                 |   in|    1|  ap_ctrl_hs|         v_mix_yuv2rgb<false>|  return value|
|ap_done                      |  out|    1|  ap_ctrl_hs|         v_mix_yuv2rgb<false>|  return value|
|ap_continue                  |   in|    1|  ap_ctrl_hs|         v_mix_yuv2rgb<false>|  return value|
|ap_idle                      |  out|    1|  ap_ctrl_hs|         v_mix_yuv2rgb<false>|  return value|
|ap_ready                     |  out|    1|  ap_ctrl_hs|         v_mix_yuv2rgb<false>|  return value|
|start_out                    |  out|    1|  ap_ctrl_hs|         v_mix_yuv2rgb<false>|  return value|
|start_write                  |  out|    1|  ap_ctrl_hs|         v_mix_yuv2rgb<false>|  return value|
|srcLayer1Yuv_dout            |   in|   24|     ap_fifo|                 srcLayer1Yuv|       pointer|
|srcLayer1Yuv_empty_n         |   in|    1|     ap_fifo|                 srcLayer1Yuv|       pointer|
|srcLayer1Yuv_read            |  out|    1|     ap_fifo|                 srcLayer1Yuv|       pointer|
|srcLayer1Yuv_num_data_valid  |   in|    3|     ap_fifo|                 srcLayer1Yuv|       pointer|
|srcLayer1Yuv_fifo_cap        |   in|    3|     ap_fifo|                 srcLayer1Yuv|       pointer|
|HwReg_layerHeight_1_val      |   in|   11|   ap_stable|      HwReg_layerHeight_1_val|        scalar|
|HwReg_layerWidth_1_val       |   in|   11|   ap_stable|       HwReg_layerWidth_1_val|        scalar|
|HwReg_layerEnableFlag_1_val  |   in|    1|   ap_stable|  HwReg_layerEnableFlag_1_val|        scalar|
|srcLayer1Rgb_din             |  out|   24|     ap_fifo|                 srcLayer1Rgb|       pointer|
|srcLayer1Rgb_full_n          |   in|    1|     ap_fifo|                 srcLayer1Rgb|       pointer|
|srcLayer1Rgb_write           |  out|    1|     ap_fifo|                 srcLayer1Rgb|       pointer|
|srcLayer1Rgb_num_data_valid  |   in|   32|     ap_fifo|                 srcLayer1Rgb|       pointer|
|srcLayer1Rgb_fifo_cap        |   in|   32|     ap_fifo|                 srcLayer1Rgb|       pointer|
+-----------------------------+-----+-----+------------+-----------------------------+--------------+

