

================================================================
== Vitis HLS Report for 'v_mix_core_alpha_false_false_Pipeline_VITIS_LOOP_465_3'
================================================================
* Date:           Tue Feb 10 17:47:00 2026

* Version:        2025.2 (Build 6295257 on Nov 14 2025)
* Project:        prj
* Solution:       sol (Vivado IP Flow Target)
* Product family: zynq
* Target device:  xc7z020-clg400-2


================================================================
== Performance Estimates
================================================================
+ Timing: 
    * Summary: 
    +--------+---------+----------+------------+
    |  Clock |  Target | Estimated| Uncertainty|
    +--------+---------+----------+------------+
    |ap_clk  |  6.75 ns|  4.078 ns|     1.82 ns|
    +--------+---------+----------+------------+

+ Latency: 
    * Summary: 
    +---------+---------+----------+-----------+-----+-----+-------------------+
    |  Latency (cycles) |  Latency (absolute)  |  Interval |      Pipeline     |
    |   min   |   max   |    min   |    max    | min | max |        Type       |
    +---------+---------+----------+-----------+-----+-----+-------------------+
    |       67|     1923|  0.452 us|  12.980 us|    0|    0|  loop pipeline stp|
    +---------+---------+----------+-----------+-----+-----+-------------------+

    + Detail: 
        * Instance: 
        N/A

        * Loop: 
        +--------------------+---------+---------+----------+-----------+-----------+-----------+----------+
        |                    |  Latency (cycles) | Iteration|  Initiation Interval  |    Trip   |          |
        |      Loop Name     |   min   |   max   |  Latency |  achieved |   target  |   Count   | Pipelined|
        +--------------------+---------+---------+----------+-----------+-----------+-----------+----------+
        |- VITIS_LOOP_465_3  |       65|     1921|         3|          1|          1|  64 ~ 1920|       yes|
        +--------------------+---------+---------+----------+-----------+-----------+-----------+----------+



================================================================
== Utilization Estimates
================================================================
* Summary: 
+-----------------+---------+-----+--------+-------+-----+
|       Name      | BRAM_18K| DSP |   FF   |  LUT  | URAM|
+-----------------+---------+-----+--------+-------+-----+
|DSP              |        -|    -|       -|      -|    -|
|Expression       |        -|    -|       0|     69|    -|
|FIFO             |        -|    -|       -|      -|    -|
|Instance         |        -|    -|       -|      -|    -|
|Memory           |        -|    -|       -|      -|    -|
|Multiplexer      |        -|    -|       0|    171|    -|
|Register         |        -|    -|     117|      -|    -|
+-----------------+---------+-----+--------+-------+-----+
|Total            |        0|    0|     117|    240|    0|
+-----------------+---------+-----+--------+-------+-----+
|Available        |      280|  220|  106400|  53200|    0|
+-----------------+---------+-----+--------+-------+-----+
|Utilization (%)  |        0|    0|      ~0|     ~0|    0|
+-----------------+---------+-----+--------+-------+-----+

+ Detail: 
    * Instance: 
    N/A

    * DSP: 
    N/A

    * Memory: 
    N/A

    * FIFO: 
    N/A

    * Expression: 
    +----------------------------------+----------+----+---+----+------------+------------+
    |           Variable Name          | Operation| DSP| FF| LUT| Bitwidth P0| Bitwidth P1|
    +----------------------------------+----------+----+---+----+------------+------------+
    |add_ln465_fu_247_p2               |         +|   0|  0|  11|          11|           1|
    |and_ln476_1_fu_285_p2             |       and|   0|  0|   1|           1|           1|
    |and_ln476_2_fu_291_p2             |       and|   0|  0|   1|           1|           1|
    |and_ln476_3_fu_297_p2             |       and|   0|  0|   1|           1|           1|
    |and_ln476_fu_279_p2               |       and|   0|  0|   1|           1|           1|
    |ap_condition_155                  |       and|   0|  0|   1|           1|           1|
    |ap_condition_160                  |       and|   0|  0|   1|           1|           1|
    |ap_predicate_op46_read_state2     |       and|   0|  0|   1|           1|           1|
    |ap_predicate_op53_read_state2     |       and|   0|  0|   1|           1|           1|
    |icmp_ln465_fu_241_p2              |      icmp|   0|  0|  11|          11|          11|
    |icmp_ln477_fu_261_p2              |      icmp|   0|  0|  16|          16|          16|
    |icmp_ln478_fu_273_p2              |      icmp|   0|  0|  17|          17|          17|
    |ap_block_pp0_stage0_01001         |        or|   0|  0|   1|           1|           1|
    |ap_block_state2_pp0_stage0_iter1  |        or|   0|  0|   1|           1|           1|
    |ap_enable_pp0                     |       xor|   0|  0|   2|           1|           2|
    |xor_ln477_fu_267_p2               |       xor|   0|  0|   2|           1|           2|
    +----------------------------------+----------+----+---+----+------------+------------+
    |Total                             |          |   0|  0|  69|          67|          59|
    +----------------------------------+----------+----+---+----+------------+------------+

    * Multiplexer: 
    +-----------------------------------------------------+----+-----------+-----+-----------+
    |                         Name                        | LUT| Input Size| Bits| Total Bits|
    +-----------------------------------------------------+----+-----------+-----+-----------+
    |ap_done_int                                          |   9|          2|    1|          2|
    |ap_enable_reg_pp0_iter1                              |   9|          2|    1|          2|
    |ap_phi_mux_p_0_0_014_phi_fu_226_p4                   |   9|          2|    8|         16|
    |ap_phi_mux_p_0_0_0_116_phi_fu_216_p4                 |   9|          2|    8|         16|
    |ap_phi_mux_p_0_0_0_218_phi_fu_206_p4                 |   9|          2|    8|         16|
    |ap_phi_reg_pp0_iter1_storemerge_0_0_0_0_011_reg_173  |   9|          2|    8|         16|
    |ap_phi_reg_pp0_iter1_storemerge_0_1_0_0_012_reg_183  |   9|          2|    8|         16|
    |ap_phi_reg_pp0_iter1_storemerge_0_2_0_0_013_reg_193  |   9|          2|    8|         16|
    |ap_phi_reg_pp0_iter2_p_0_0_014_reg_223               |   9|          2|    8|         16|
    |ap_phi_reg_pp0_iter2_p_0_0_0_116_reg_213             |   9|          2|    8|         16|
    |ap_phi_reg_pp0_iter2_p_0_0_0_218_reg_203             |   9|          2|    8|         16|
    |ap_sig_allocacmp_x_9                                 |   9|          2|   11|         22|
    |outLayer0_blk_n                                      |   9|          2|    1|          2|
    |outLayer1_blk_n                                      |   9|          2|    1|          2|
    |srcLayer1x_blk_n                                     |   9|          2|    1|          2|
    |storemerge_0_0_0_0_011_reg_173                       |   9|          2|    8|         16|
    |storemerge_0_1_0_0_012_reg_183                       |   9|          2|    8|         16|
    |storemerge_0_2_0_0_013_reg_193                       |   9|          2|    8|         16|
    |x_fu_90                                              |   9|          2|   11|         22|
    +-----------------------------------------------------+----+-----------+-----+-----------+
    |Total                                                | 171|         38|  123|        246|
    +-----------------------------------------------------+----+-----------+-----+-----------+

    * Register: 
    +-----------------------------------------------------+----+----+-----+-----------+
    |                         Name                        | FF | LUT| Bits| Const Bits|
    +-----------------------------------------------------+----+----+-----+-----------+
    |and_ln476_3_reg_400                                  |   1|   0|    1|          0|
    |and_ln476_3_reg_400_pp0_iter1_reg                    |   1|   0|    1|          0|
    |ap_CS_fsm                                            |   1|   0|    1|          0|
    |ap_done_reg                                          |   1|   0|    1|          0|
    |ap_enable_reg_pp0_iter1                              |   1|   0|    1|          0|
    |ap_enable_reg_pp0_iter2                              |   1|   0|    1|          0|
    |ap_loop_exit_ready_pp0_iter1_reg                     |   1|   0|    1|          0|
    |ap_phi_reg_pp0_iter1_p_0_0_014_reg_223               |   8|   0|    8|          0|
    |ap_phi_reg_pp0_iter1_p_0_0_0_116_reg_213             |   8|   0|    8|          0|
    |ap_phi_reg_pp0_iter1_p_0_0_0_218_reg_203             |   8|   0|    8|          0|
    |ap_phi_reg_pp0_iter1_storemerge_0_0_0_0_011_reg_173  |   8|   0|    8|          0|
    |ap_phi_reg_pp0_iter1_storemerge_0_1_0_0_012_reg_183  |   8|   0|    8|          0|
    |ap_phi_reg_pp0_iter1_storemerge_0_2_0_0_013_reg_193  |   8|   0|    8|          0|
    |ap_phi_reg_pp0_iter2_p_0_0_014_reg_223               |   8|   0|    8|          0|
    |ap_phi_reg_pp0_iter2_p_0_0_0_116_reg_213             |   8|   0|    8|          0|
    |ap_phi_reg_pp0_iter2_p_0_0_0_218_reg_203             |   8|   0|    8|          0|
    |icmp_ln465_reg_396                                   |   1|   0|    1|          0|
    |icmp_ln465_reg_396_pp0_iter1_reg                     |   1|   0|    1|          0|
    |storemerge_0_0_0_0_011_reg_173                       |   8|   0|    8|          0|
    |storemerge_0_1_0_0_012_reg_183                       |   8|   0|    8|          0|
    |storemerge_0_2_0_0_013_reg_193                       |   8|   0|    8|          0|
    |tmp_reg_377                                          |   1|   0|    1|          0|
    |x_fu_90                                              |  11|   0|   11|          0|
    +-----------------------------------------------------+----+----+-----+-----------+
    |Total                                                | 117|   0|  117|          0|
    +-----------------------------------------------------+----+----+-----+-----------+



================================================================
== Interface
================================================================
* Summary: 
+---------------------------+-----+-----+------------+----------------------------------------------------------+--------------+
|         RTL Ports         | Dir | Bits|  Protocol  |                       Source Object                      |    C Type    |
+---------------------------+-----+-----+------------+----------------------------------------------------------+--------------+
|ap_clk                     |   in|    1|  ap_ctrl_hs|  v_mix_core_alpha<false, false>_Pipeline_VITIS_LOOP_465_3|  return value|
|ap_rst                     |   in|    1|  ap_ctrl_hs|  v_mix_core_alpha<false, false>_Pipeline_VITIS_LOOP_465_3|  return value|
|ap_start                   |   in|    1|  ap_ctrl_hs|  v_mix_core_alpha<false, false>_Pipeline_VITIS_LOOP_465_3|  return value|
|ap_done                    |  out|    1|  ap_ctrl_hs|  v_mix_core_alpha<false, false>_Pipeline_VITIS_LOOP_465_3|  return value|
|ap_idle                    |  out|    1|  ap_ctrl_hs|  v_mix_core_alpha<false, false>_Pipeline_VITIS_LOOP_465_3|  return value|
|ap_ready                   |  out|    1|  ap_ctrl_hs|  v_mix_core_alpha<false, false>_Pipeline_VITIS_LOOP_465_3|  return value|
|outLayer0_dout             |   in|   24|     ap_fifo|                                                 outLayer0|       pointer|
|outLayer0_empty_n          |   in|    1|     ap_fifo|                                                 outLayer0|       pointer|
|outLayer0_read             |  out|    1|     ap_fifo|                                                 outLayer0|       pointer|
|outLayer0_num_data_valid   |   in|    3|     ap_fifo|                                                 outLayer0|       pointer|
|outLayer0_fifo_cap         |   in|    3|     ap_fifo|                                                 outLayer0|       pointer|
|srcLayer1x_dout            |   in|   24|     ap_fifo|                                                srcLayer1x|       pointer|
|srcLayer1x_empty_n         |   in|    1|     ap_fifo|                                                srcLayer1x|       pointer|
|srcLayer1x_read            |  out|    1|     ap_fifo|                                                srcLayer1x|       pointer|
|srcLayer1x_num_data_valid  |   in|    3|     ap_fifo|                                                srcLayer1x|       pointer|
|srcLayer1x_fifo_cap        |   in|    3|     ap_fifo|                                                srcLayer1x|       pointer|
|outLayer1_din              |  out|   24|     ap_fifo|                                                 outLayer1|       pointer|
|outLayer1_full_n           |   in|    1|     ap_fifo|                                                 outLayer1|       pointer|
|outLayer1_write            |  out|    1|     ap_fifo|                                                 outLayer1|       pointer|
|outLayer1_num_data_valid   |   in|   32|     ap_fifo|                                                 outLayer1|       pointer|
|outLayer1_fifo_cap         |   in|   32|     ap_fifo|                                                 outLayer1|       pointer|
|hwReg_width_val            |   in|   11|   ap_stable|                                           hwReg_width_val|        scalar|
|hwReg_background_Y_R_val   |   in|    8|   ap_stable|                                  hwReg_background_Y_R_val|        scalar|
|hwReg_background_U_G_val   |   in|    8|   ap_stable|                                  hwReg_background_U_G_val|        scalar|
|hwReg_background_V_B_val   |   in|    8|   ap_stable|                                  hwReg_background_V_B_val|        scalar|
|hwReg_layerStartX_1_val    |   in|   16|   ap_stable|                                   hwReg_layerStartX_1_val|        scalar|
|add_ln478                  |   in|   17|   ap_stable|                                                 add_ln478|        scalar|
|icmp_ln476_1               |   in|    1|     ap_none|                                              icmp_ln476_1|        scalar|
|rev5                       |   in|    1|     ap_none|                                                      rev5|        scalar|
|empty_60                   |   in|    1|   ap_stable|                                                  empty_60|        scalar|
|empty                      |   in|    1|   ap_stable|                                                     empty|        scalar|
+---------------------------+-----+-----+------------+----------------------------------------------------------+--------------+

