

================================================================
== Vitis HLS Report for 'v_mix'
================================================================
* Date:           Sat Feb 28 15:10:44 2026

* Version:        2025.2 (Build 6295257 on Nov 14 2025)
* Project:        prj
* Solution:       sol (Vivado IP Flow Target)
* Product family: zynq
* Target device:  xc7z020-clg400-2


================================================================
== Performance Estimates
================================================================
+ Timing: 
    * Summary: 
    +--------+---------+----------+------------+
    |  Clock |  Target | Estimated| Uncertainty|
    +--------+---------+----------+------------+
    |ap_clk  |  6.67 ns|  4.867 ns|     1.80 ns|
    +--------+---------+----------+------------+

+ Latency: 
    * Summary: 
    +---------+---------+-----------+-----------+------+---------+---------+
    |  Latency (cycles) |   Latency (absolute)  |    Interval    | Pipeline|
    |   min   |   max   |    min    |    max    |  min |   max   |   Type  |
    +---------+---------+-----------+-----------+------+---------+---------+
    |     4690|  2084411|  31.268 us|  13.897 ms|  4691|  2084412|       no|
    +---------+---------+-----------+-----------+------+---------+---------+

    + Detail: 
        * Instance: 
        +------------------------------------+-------------------------+---------+---------+-----------+-----------+------+---------+----------+
        |                                    |                         |  Latency (cycles) |   Latency (absolute)  |    Interval    | Pipeline |
        |              Instance              |          Module         |   min   |   max   |    min    |    max    |  min |   max   |   Type   |
        +------------------------------------+-------------------------+---------+---------+-----------+-----------+------+---------+----------+
        |grp_VMixHlsDataFlowFunction_fu_391  |VMixHlsDataFlowFunction  |     4685|  2084406|  31.235 us|  13.897 ms|  4675|  2084407|  dataflow|
        +------------------------------------+-------------------------+---------+---------+-----------+-----------+------+---------+----------+

        * Loop: 
        +---------------------+---------+---------+----------+-----------+-----------+------+----------+
        |                     |  Latency (cycles) | Iteration|  Initiation Interval  | Trip |          |
        |      Loop Name      |   min   |   max   |  Latency |  achieved |   target  | Count| Pipelined|
        +---------------------+---------+---------+----------+-----------+-----------+------+----------+
        |- VITIS_LOOP_3296_1  |        1|        1|         1|          1|          1|     2|       yes|
        +---------------------+---------+---------+----------+-----------+-----------+------+----------+



================================================================
== Utilization Estimates
================================================================
* Summary: 
+-----------------+---------+-----+--------+-------+-----+
|       Name      | BRAM_18K| DSP |   FF   |  LUT  | URAM|
+-----------------+---------+-----+--------+-------+-----+
|DSP              |        -|    -|       -|      -|    -|
|Expression       |        -|    -|       0|     96|    -|
|FIFO             |        -|    -|       -|      -|    -|
|Instance         |        0|    3|    3245|   4564|    -|
|Memory           |        -|    -|       -|      -|    -|
|Multiplexer      |        -|    -|       0|    115|    -|
|Register         |        -|    -|     400|      -|    -|
+-----------------+---------+-----+--------+-------+-----+
|Total            |        0|    3|    3645|   4775|    0|
+-----------------+---------+-----+--------+-------+-----+
|Available        |      280|  220|  106400|  53200|    0|
+-----------------+---------+-----+--------+-------+-----+
|Utilization (%)  |        0|    1|       3|      8|    0|
+-----------------+---------+-----+--------+-------+-----+

+ Detail: 
    * Instance: 
    +------------------------------------+------------------------------+---------+----+------+------+-----+
    |              Instance              |            Module            | BRAM_18K| DSP|  FF  |  LUT | URAM|
    +------------------------------------+------------------------------+---------+----+------+------+-----+
    |CTRL_s_axi_U                        |CTRL_s_axi                    |        0|   0|   374|   536|    0|
    |grp_VMixHlsDataFlowFunction_fu_391  |VMixHlsDataFlowFunction       |        0|   3|  2871|  4019|    0|
    |bitselect_1ns_32ns_1ns_1_1_1_U291   |bitselect_1ns_32ns_1ns_1_1_1  |        0|   0|     0|     9|    0|
    +------------------------------------+------------------------------+---------+----+------+------+-----+
    |Total                               |                              |        0|   3|  3245|  4564|    0|
    +------------------------------------+------------------------------+---------+----+------+------+-----+

    * DSP: 
    N/A

    * Memory: 
    N/A

    * FIFO: 
    N/A

    * Expression: 
    +--------------------------------------------------------+----------+----+---+----+------------+------------+
    |                      Variable Name                     | Operation| DSP| FF| LUT| Bitwidth P0| Bitwidth P1|
    +--------------------------------------------------------+----------+----+---+----+------------+------------+
    |grp_VMixHlsDataFlowFunction_fu_391_m_axis_video_TREADY  |       and|   0|  0|   1|           1|           1|
    |ap_sync_grp_VMixHlsDataFlowFunction_fu_391_ap_ready     |        or|   0|  0|   1|           1|           1|
    |HwReg_layerAlpha_fu_557_p3                              |    select|   0|  0|  16|           1|          16|
    |HwReg_layerEnableFlag_4_fu_506_p3                       |    select|   0|  0|   2|           1|           1|
    |HwReg_layerEnableFlag_fu_514_p3                         |    select|   0|  0|   2|           1|           1|
    |HwReg_layerHeight_fu_529_p3                             |    select|   0|  0|  16|           1|          16|
    |HwReg_layerScaleFactor_fu_522_p3                        |    select|   0|  0|   8|           1|           8|
    |HwReg_layerStartX_fu_550_p3                             |    select|   0|  0|  16|           1|          16|
    |HwReg_layerStartY_fu_543_p3                             |    select|   0|  0|  16|           1|          16|
    |HwReg_layerWidth_fu_536_p3                              |    select|   0|  0|  16|           1|          16|
    |i_2_fu_564_p2                                           |       xor|   0|  0|   2|           1|           2|
    +--------------------------------------------------------+----------+----+---+----+------------+------------+
    |Total                                                   |          |   0|  0|  96|          11|          94|
    +--------------------------------------------------------+----------+----+---+----+------------+------------+

    * Multiplexer: 
    +-----------------------------------+----+-----------+-----+-----------+
    |                Name               | LUT| Input Size| Bits| Total Bits|
    +-----------------------------------+----+-----------+-----+-----------+
    |ap_NS_fsm                          |  25|          6|    1|          6|
    |i_reg_380                          |   9|          2|    1|          2|
    |m_axis_video_TDATA_int_regslice    |   9|          2|   24|         48|
    |m_axis_video_TDEST_int_regslice    |   9|          2|    1|          2|
    |m_axis_video_TID_int_regslice      |   9|          2|    1|          2|
    |m_axis_video_TKEEP_int_regslice    |   9|          2|    3|          6|
    |m_axis_video_TLAST_int_regslice    |   9|          2|    1|          2|
    |m_axis_video_TSTRB_int_regslice    |   9|          2|    3|          6|
    |m_axis_video_TUSER_int_regslice    |   9|          2|    1|          2|
    |s_axis_video1_TREADY_int_regslice  |   9|          2|    1|          2|
    |s_axis_video_TREADY_int_regslice   |   9|          2|    1|          2|
    +-----------------------------------+----+-----------+-----+-----------+
    |Total                              | 115|         26|   38|         80|
    +-----------------------------------+----+-----------+-----+-----------+

    * Register: 
    +---------------------------------------------------------+----+----+-----+-----------+
    |                           Name                          | FF | LUT| Bits| Const Bits|
    +---------------------------------------------------------+----+----+-----+-----------+
    |HwReg_layerAlpha_reg_762                                 |  16|   0|   16|          0|
    |HwReg_layerEnableFlag_1_fu_240                           |   1|   0|    1|          0|
    |HwReg_layerEnableFlag_3_fu_244                           |   1|   0|    1|          0|
    |HwReg_layerEnableFlag_4_reg_727                          |   1|   0|    1|          0|
    |HwReg_layerEnableFlag_reg_732                            |   1|   0|    1|          0|
    |HwReg_layerHeight_reg_742                                |  16|   0|   16|          0|
    |HwReg_layerScaleFactor_reg_737                           |   8|   0|    8|          0|
    |HwReg_layerStartX_reg_757                                |  16|   0|   16|          0|
    |HwReg_layerStartY_reg_752                                |  16|   0|   16|          0|
    |HwReg_layerWidth_reg_747                                 |  16|   0|   16|          0|
    |ap_CS_fsm                                                |   5|   0|    5|          0|
    |ap_sync_reg_grp_VMixHlsDataFlowFunction_fu_391_ap_done   |   1|   0|    1|          0|
    |ap_sync_reg_grp_VMixHlsDataFlowFunction_fu_391_ap_ready  |   1|   0|    1|          0|
    |empty_61_fu_252                                          |  16|   0|   16|          0|
    |empty_62_fu_256                                          |  16|   0|   16|          0|
    |empty_63_fu_260                                          |  16|   0|   16|          0|
    |empty_64_fu_264                                          |  16|   0|   16|          0|
    |empty_65_fu_268                                          |  16|   0|   16|          0|
    |empty_fu_248                                             |   8|   0|    8|          0|
    |grp_VMixHlsDataFlowFunction_fu_391_ap_start_reg          |   1|   0|    1|          0|
    |i_reg_380                                                |   1|   0|    1|          0|
    |layerAlpha_1_read_reg_697                                |  16|   0|   16|          0|
    |layerEnable_read_reg_662                                 |  32|   0|   32|          0|
    |layerHeight_1_read_reg_717                               |  16|   0|   16|          0|
    |layerScaleFactor_1_read_reg_722                          |   8|   0|    8|          0|
    |layerStartX_1_read_reg_702                               |  16|   0|   16|          0|
    |layerStartY_1_read_reg_707                               |  16|   0|   16|          0|
    |layerWidth_1_read_reg_712                                |  16|   0|   16|          0|
    |m_axis_video_TDATA_reg                                   |  24|   0|   24|          0|
    |m_axis_video_TDEST_reg                                   |   1|   0|    1|          0|
    |m_axis_video_TID_reg                                     |   1|   0|    1|          0|
    |m_axis_video_TKEEP_reg                                   |   3|   0|    3|          0|
    |m_axis_video_TLAST_reg                                   |   1|   0|    1|          0|
    |m_axis_video_TSTRB_reg                                   |   3|   0|    3|          0|
    |m_axis_video_TUSER_reg                                   |   1|   0|    1|          0|
    |trunc_ln2417_1_reg_672                                   |   8|   0|    8|          0|
    |trunc_ln2417_2_reg_677                                   |   8|   0|    8|          0|
    |trunc_ln2417_3_reg_682                                   |   8|   0|    8|          0|
    |trunc_ln2417_4_reg_687                                   |  11|   0|   11|          0|
    |trunc_ln2417_5_reg_692                                   |  11|   0|   11|          0|
    |trunc_ln2417_reg_667                                     |   2|   0|    2|          0|
    |trunc_ln3296_reg_772                                     |   9|   0|    9|          0|
    +---------------------------------------------------------+----+----+-----+-----------+
    |Total                                                    | 400|   0|  400|          0|
    +---------------------------------------------------------+----+----+-----+-----------+



================================================================
== Interface
================================================================
* Summary: 
+---------------------------+-----+-----+------------+------------------------+--------------+
|         RTL Ports         | Dir | Bits|  Protocol  |      Source Object     |    C Type    |
+---------------------------+-----+-----+------------+------------------------+--------------+
|s_axi_CTRL_AWVALID         |   in|    1|       s_axi|                    CTRL|        scalar|
|s_axi_CTRL_AWREADY         |  out|    1|       s_axi|                    CTRL|        scalar|
|s_axi_CTRL_AWADDR          |   in|   12|       s_axi|                    CTRL|        scalar|
|s_axi_CTRL_WVALID          |   in|    1|       s_axi|                    CTRL|        scalar|
|s_axi_CTRL_WREADY          |  out|    1|       s_axi|                    CTRL|        scalar|
|s_axi_CTRL_WDATA           |   in|   32|       s_axi|                    CTRL|        scalar|
|s_axi_CTRL_WSTRB           |   in|    4|       s_axi|                    CTRL|        scalar|
|s_axi_CTRL_ARVALID         |   in|    1|       s_axi|                    CTRL|        scalar|
|s_axi_CTRL_ARREADY         |  out|    1|       s_axi|                    CTRL|        scalar|
|s_axi_CTRL_ARADDR          |   in|   12|       s_axi|                    CTRL|        scalar|
|s_axi_CTRL_RVALID          |  out|    1|       s_axi|                    CTRL|        scalar|
|s_axi_CTRL_RREADY          |   in|    1|       s_axi|                    CTRL|        scalar|
|s_axi_CTRL_RDATA           |  out|   32|       s_axi|                    CTRL|        scalar|
|s_axi_CTRL_RRESP           |  out|    2|       s_axi|                    CTRL|        scalar|
|s_axi_CTRL_BVALID          |  out|    1|       s_axi|                    CTRL|        scalar|
|s_axi_CTRL_BREADY          |   in|    1|       s_axi|                    CTRL|        scalar|
|s_axi_CTRL_BRESP           |  out|    2|       s_axi|                    CTRL|        scalar|
|ap_clk                     |   in|    1|  ap_ctrl_hs|                   v_mix|  return value|
|ap_rst_n                   |   in|    1|  ap_ctrl_hs|                   v_mix|  return value|
|interrupt                  |  out|    1|  ap_ctrl_hs|                   v_mix|  return value|
|s_axis_video_TDATA         |   in|   24|        axis|   s_axis_video_V_data_V|       pointer|
|s_axis_video_TVALID        |   in|    1|        axis|   s_axis_video_V_dest_V|       pointer|
|s_axis_video_TREADY        |  out|    1|        axis|   s_axis_video_V_dest_V|       pointer|
|s_axis_video_TDEST         |   in|    1|        axis|   s_axis_video_V_dest_V|       pointer|
|s_axis_video_TKEEP         |   in|    3|        axis|   s_axis_video_V_keep_V|       pointer|
|s_axis_video_TSTRB         |   in|    3|        axis|   s_axis_video_V_strb_V|       pointer|
|s_axis_video_TUSER         |   in|    1|        axis|   s_axis_video_V_user_V|       pointer|
|s_axis_video_TLAST         |   in|    1|        axis|   s_axis_video_V_last_V|       pointer|
|s_axis_video_TID           |   in|    1|        axis|     s_axis_video_V_id_V|       pointer|
|s_axis_video1_TDATA        |   in|   24|        axis|  s_axis_video1_V_data_V|       pointer|
|s_axis_video1_TVALID       |   in|    1|        axis|  s_axis_video1_V_dest_V|       pointer|
|s_axis_video1_TREADY       |  out|    1|        axis|  s_axis_video1_V_dest_V|       pointer|
|s_axis_video1_TDEST        |   in|    1|        axis|  s_axis_video1_V_dest_V|       pointer|
|s_axis_video1_TKEEP        |   in|    3|        axis|  s_axis_video1_V_keep_V|       pointer|
|s_axis_video1_TSTRB        |   in|    3|        axis|  s_axis_video1_V_strb_V|       pointer|
|s_axis_video1_TUSER        |   in|    1|        axis|  s_axis_video1_V_user_V|       pointer|
|s_axis_video1_TLAST        |   in|    1|        axis|  s_axis_video1_V_last_V|       pointer|
|s_axis_video1_TID          |   in|    1|        axis|    s_axis_video1_V_id_V|       pointer|
|layerAlpha_0               |   in|   16|     ap_none|            layerAlpha_0|       pointer|
|layerStartX_0              |   in|   16|     ap_none|           layerStartX_0|       pointer|
|layerStartY_0              |   in|   16|     ap_none|           layerStartY_0|       pointer|
|layerWidth_0               |   in|   16|     ap_none|            layerWidth_0|       pointer|
|layerHeight_0              |   in|   16|     ap_none|           layerHeight_0|       pointer|
|layerScaleFactor_0         |   in|    8|     ap_none|      layerScaleFactor_0|       pointer|
|layerVideoFormat_address0  |  out|    1|   ap_memory|        layerVideoFormat|         array|
|layerVideoFormat_ce0       |  out|    1|   ap_memory|        layerVideoFormat|         array|
|layerVideoFormat_we0       |  out|    1|   ap_memory|        layerVideoFormat|         array|
|layerVideoFormat_d0        |  out|    8|   ap_memory|        layerVideoFormat|         array|
|layerVideoFormat_q0        |   in|    8|   ap_memory|        layerVideoFormat|         array|
|layerVideoFormat_address1  |  out|    1|   ap_memory|        layerVideoFormat|         array|
|layerVideoFormat_ce1       |  out|    1|   ap_memory|        layerVideoFormat|         array|
|layerVideoFormat_we1       |  out|    1|   ap_memory|        layerVideoFormat|         array|
|layerVideoFormat_d1        |  out|    8|   ap_memory|        layerVideoFormat|         array|
|layerVideoFormat_q1        |   in|    8|   ap_memory|        layerVideoFormat|         array|
|layerStride_0              |   in|   16|     ap_none|           layerStride_0|       pointer|
|K11                        |   in|   32|     ap_none|                     K11|        scalar|
|K12                        |   in|   32|     ap_none|                     K12|        scalar|
|K13                        |   in|   32|     ap_none|                     K13|        scalar|
|K21                        |   in|   32|     ap_none|                     K21|        scalar|
|K22                        |   in|   32|     ap_none|                     K22|        scalar|
|K23                        |   in|   32|     ap_none|                     K23|        scalar|
|K31                        |   in|   32|     ap_none|                     K31|        scalar|
|K32                        |   in|   32|     ap_none|                     K32|        scalar|
|K33                        |   in|   32|     ap_none|                     K33|        scalar|
|ROffset                    |   in|   32|     ap_none|                 ROffset|        scalar|
|GOffset                    |   in|   32|     ap_none|                 GOffset|        scalar|
|BOffset                    |   in|   32|     ap_none|                 BOffset|        scalar|
|K11_2                      |   in|   32|     ap_none|                   K11_2|        scalar|
|K12_2                      |   in|   32|     ap_none|                   K12_2|        scalar|
|K13_2                      |   in|   32|     ap_none|                   K13_2|        scalar|
|K21_2                      |   in|   32|     ap_none|                   K21_2|        scalar|
|K22_2                      |   in|   32|     ap_none|                   K22_2|        scalar|
|K23_2                      |   in|   32|     ap_none|                   K23_2|        scalar|
|K31_2                      |   in|   32|     ap_none|                   K31_2|        scalar|
|K32_2                      |   in|   32|     ap_none|                   K32_2|        scalar|
|K33_2                      |   in|   32|     ap_none|                   K33_2|        scalar|
|YOffset                    |   in|   32|     ap_none|                 YOffset|        scalar|
|UOffset                    |   in|   32|     ap_none|                 UOffset|        scalar|
|VOffset                    |   in|   32|     ap_none|                 VOffset|        scalar|
|m_axis_video_TDATA         |  out|   24|        axis|   m_axis_video_V_data_V|       pointer|
|m_axis_video_TVALID        |  out|    1|        axis|   m_axis_video_V_dest_V|       pointer|
|m_axis_video_TREADY        |   in|    1|        axis|   m_axis_video_V_dest_V|       pointer|
|m_axis_video_TDEST         |  out|    1|        axis|   m_axis_video_V_dest_V|       pointer|
|m_axis_video_TKEEP         |  out|    3|        axis|   m_axis_video_V_keep_V|       pointer|
|m_axis_video_TSTRB         |  out|    3|        axis|   m_axis_video_V_strb_V|       pointer|
|m_axis_video_TUSER         |  out|    1|        axis|   m_axis_video_V_user_V|       pointer|
|m_axis_video_TLAST         |  out|    1|        axis|   m_axis_video_V_last_V|       pointer|
|m_axis_video_TID           |  out|    1|        axis|     m_axis_video_V_id_V|       pointer|
+---------------------------+-----+-----+------------+------------------------+--------------+

