

================================================================
== Vitis HLS Report for 'VMixHlsDataFlowFunction'
================================================================
* Date:           Tue Feb 10 17:47:01 2026

* Version:        2025.2 (Build 6295257 on Nov 14 2025)
* Project:        prj
* Solution:       sol (Vivado IP Flow Target)
* Product family: zynq
* Target device:  xc7z020-clg400-2


================================================================
== Performance Estimates
================================================================
+ Timing: 
    * Summary: 
    +--------+---------+----------+------------+
    |  Clock |  Target | Estimated| Uncertainty|
    +--------+---------+----------+------------+
    |ap_clk  |  6.75 ns|  4.927 ns|     1.82 ns|
    +--------+---------+----------+------------+

+ Latency: 
    * Summary: 
    +---------+-----------+-----------+-----------+------+-----------+----------+
    |   Latency (cycles)  |   Latency (absolute)  |     Interval     | Pipeline |
    |   min   |    max    |    min    |    max    |  min |    max    |   Type   |
    +---------+-----------+-----------+-----------+------+-----------+----------+
    |     4600|  141566511|  31.050 us|  0.956 sec|  4482|  141566402|  dataflow|
    +---------+-----------+-----------+-----------+------+-----------+----------+

    + Detail: 
        * Instance: 
        +---------------------------------+--------------------------------+---------+-----------+-----------+-----------+------+-----------+---------+
        |                                 |                                |   Latency (cycles)  |   Latency (absolute)  |     Interval     | Pipeline|
        |             Instance            |             Module             |   min   |    max    |    min    |    max    |  min |    max    |   Type  |
        +---------------------------------+--------------------------------+---------+-----------+-----------+-----------+------+-----------+---------+
        |AXIvideo2MultiPixStream_U0       |AXIvideo2MultiPixStream         |        2|    2084406|  13.500 ns|  14.070 ms|     2|    2084406|       no|
        |AXIMMvideo2Bytes_1_U0            |AXIMMvideo2Bytes_1_s            |        1|   17938801|   6.750 ns|  0.121 sec|     1|   17938801|       no|
        |v_mix_420_to_422_false_1_U0      |v_mix_420_to_422_false_1        |        1|    2079001|   6.750 ns|  14.033 ms|     1|    2079001|       no|
        |Bytes2MultiPixStream_10_U0       |Bytes2MultiPixStream_10_s       |        1|  141566401|   6.750 ns|  0.956 sec|     1|  141566401|       no|
        |v_mix_422_to_444_false_2_U0      |v_mix_422_to_444_false_2        |        1|    2079001|   6.750 ns|  14.033 ms|     1|    2079001|       no|
        |v_mix_420_to_422_false_U0        |v_mix_420_to_422_false_s        |        1|    2079001|   6.750 ns|  14.033 ms|     1|    2079001|       no|
        |v_mix_yuv2rgb_false_3_U0         |v_mix_yuv2rgb_false_3           |        1|    2079001|   6.750 ns|  14.033 ms|     1|    2079001|       no|
        |v_mix_422_to_444_false_U0        |v_mix_422_to_444_false_s        |        1|    2079001|   6.750 ns|  14.033 ms|     1|    2079001|       no|
        |v_mix_yuv2rgb_false_U0           |v_mix_yuv2rgb_false_s           |        1|    2079001|   6.750 ns|  14.033 ms|     1|    2079001|       no|
        |v_mix_upsample_false_U0          |v_mix_upsample_false_s          |        1|    2079001|   6.750 ns|  14.033 ms|     1|    2079001|       no|
        |v_mix_core_alpha_false_false_U0  |v_mix_core_alpha_false_false_s  |     4481|    2080081|  30.247 us|  14.041 ms|  4481|    2080081|       no|
        |v_mix_rgb2yuv_false_U0           |v_mix_rgb2yuv_false_s           |     4417|    2079001|  29.815 us|  14.033 ms|  4417|    2079001|       no|
        |v_mix_444_to_422_false_U0        |v_mix_444_to_422_false_s        |     4417|    2079001|  29.815 us|  14.033 ms|  4417|    2079001|       no|
        |v_mix_422_to_420_false_U0        |v_mix_422_to_420_false_s        |     4417|    2079001|  29.815 us|  14.033 ms|  4417|    2079001|       no|
        |MultiPixStream2AXIvideo_U0       |MultiPixStream2AXIvideo         |        2|    2080082|  13.500 ns|  14.041 ms|     2|    2080082|       no|
        +---------------------------------+--------------------------------+---------+-----------+-----------+-----------+------+-----------+---------+

        * Loop: 
        N/A



================================================================
== Utilization Estimates
================================================================
* Summary: 
+-----------------+---------+-----+--------+-------+-----+
|       Name      | BRAM_18K| DSP |   FF   |  LUT  | URAM|
+-----------------+---------+-----+--------+-------+-----+
|DSP              |        -|    -|       -|      -|    -|
|Expression       |        -|    -|       0|      6|    -|
|FIFO             |        -|    -|    1386|    952|    -|
|Instance         |        -|    -|    1719|   3720|    -|
|Memory           |        -|    -|       -|      -|    -|
|Multiplexer      |        -|    -|       0|     18|    -|
|Register         |        -|    -|       3|      -|    -|
+-----------------+---------+-----+--------+-------+-----+
|Total            |        0|    0|    3108|   4696|    0|
+-----------------+---------+-----+--------+-------+-----+
|Available        |      280|  220|  106400|  53200|    0|
+-----------------+---------+-----+--------+-------+-----+
|Utilization (%)  |        0|    0|       2|      8|    0|
+-----------------+---------+-----+--------+-------+-----+

+ Detail: 
    * Instance: 
    +---------------------------------+--------------------------------+---------+----+-----+-----+-----+
    |             Instance            |             Module             | BRAM_18K| DSP|  FF | LUT | URAM|
    +---------------------------------+--------------------------------+---------+----+-----+-----+-----+
    |AXIMMvideo2Bytes_1_U0            |AXIMMvideo2Bytes_1_s            |        0|   0|  367|  932|    0|
    |AXIvideo2MultiPixStream_U0       |AXIvideo2MultiPixStream         |        0|   0|  159|  388|    0|
    |Bytes2MultiPixStream_10_U0       |Bytes2MultiPixStream_10_s       |        0|   0|  141|  180|    0|
    |MultiPixStream2AXIvideo_U0       |MultiPixStream2AXIvideo         |        0|   0|  144|  269|    0|
    |v_mix_420_to_422_false_1_U0      |v_mix_420_to_422_false_1        |        0|   0|   66|  151|    0|
    |v_mix_420_to_422_false_U0        |v_mix_420_to_422_false_s        |        0|   0|   66|  151|    0|
    |v_mix_422_to_420_false_U0        |v_mix_422_to_420_false_s        |        0|   0|   65|  151|    0|
    |v_mix_422_to_444_false_2_U0      |v_mix_422_to_444_false_2        |        0|   0|   66|  151|    0|
    |v_mix_422_to_444_false_U0        |v_mix_422_to_444_false_s        |        0|   0|   66|  151|    0|
    |v_mix_444_to_422_false_U0        |v_mix_444_to_422_false_s        |        0|   0|   65|  151|    0|
    |v_mix_core_alpha_false_false_U0  |v_mix_core_alpha_false_false_s  |        0|   0|  252|  450|    0|
    |v_mix_rgb2yuv_false_U0           |v_mix_rgb2yuv_false_s           |        0|   0|   65|  151|    0|
    |v_mix_upsample_false_U0          |v_mix_upsample_false_s          |        0|   0|   65|  142|    0|
    |v_mix_yuv2rgb_false_3_U0         |v_mix_yuv2rgb_false_3           |        0|   0|   66|  151|    0|
    |v_mix_yuv2rgb_false_U0           |v_mix_yuv2rgb_false_s           |        0|   0|   66|  151|    0|
    +---------------------------------+--------------------------------+---------+----+-----+-----+-----+
    |Total                            |                                |        0|   0| 1719| 3720|    0|
    +---------------------------------+--------------------------------+---------+----+-----+-----+-----+

    * DSP: 
    N/A

    * Memory: 
    N/A

    * FIFO: 
    +----------------------+---------+----+----+-----+------+-----+---------+
    |         Name         | BRAM_18K| FF | LUT| URAM| Depth| Bits| Size:D*B|
    +----------------------+---------+----+----+-----+------+-----+---------+
    |bytesLayer1_plane0_U  |        0|  99|   0|    -|     2|   64|      128|
    |out420_U              |        0|  99|   0|    -|     2|   24|       48|
    |out422_U              |        0|  99|   0|    -|     2|   24|       48|
    |outLayer0_U           |        0|  99|   0|    -|     2|   24|       48|
    |outLayer1_U           |        0|  99|   0|    -|     2|   24|       48|
    |outYuv_U              |        0|  99|   0|    -|     2|   24|       48|
    |srcLayer0Yuv422_U     |        0|  99|   0|    -|     2|   24|       48|
    |srcLayer0Yuv_U        |        0|  99|   0|    -|     2|   24|       48|
    |srcLayer0_U           |        0|  99|   0|    -|     2|   24|       48|
    |srcLayer1Rgb_U        |        0|  99|   0|    -|     2|   24|       48|
    |srcLayer1Yuv422_U     |        0|  99|   0|    -|     2|   24|       48|
    |srcLayer1Yuv_U        |        0|  99|   0|    -|     2|   24|       48|
    |srcLayer1_U           |        0|  99|   0|    -|     2|   24|       48|
    |srcLayer1x_U          |        0|  99|   0|    -|     2|   24|       48|
    +----------------------+---------+----+----+-----+------+-----+---------+
    |Total                 |        0|1386|   0|    0|    28|  376|      752|
    +----------------------+---------+----+----+-----+------+-----+---------+

    * Expression: 
    +---------------------------------------------+----------+----+---+----+------------+------------+
    |                Variable Name                | Operation| DSP| FF| LUT| Bitwidth P0| Bitwidth P1|
    +---------------------------------------------+----------+----+---+----+------------+------------+
    |AXIMMvideo2Bytes_1_U0_ap_start               |       and|   0|  0|   1|           1|           1|
    |AXIvideo2MultiPixStream_U0_ap_start          |       and|   0|  0|   1|           1|           1|
    |ap_idle                                      |       and|   0|  0|   1|           1|           1|
    |ap_sync_ready                                |       and|   0|  0|   1|           1|           1|
    |ap_sync_AXIMMvideo2Bytes_1_U0_ap_ready       |        or|   0|  0|   1|           1|           1|
    |ap_sync_AXIvideo2MultiPixStream_U0_ap_ready  |        or|   0|  0|   1|           1|           1|
    +---------------------------------------------+----------+----+---+----+------------+------------+
    |Total                                        |          |   0|  0|   6|           6|           6|
    +---------------------------------------------+----------+----+---+----+------------+------------+

    * Multiplexer: 
    +-------------------------------------------------+----+-----------+-----+-----------+
    |                       Name                      | LUT| Input Size| Bits| Total Bits|
    +-------------------------------------------------+----+-----------+-----+-----------+
    |ap_sync_reg_AXIMMvideo2Bytes_1_U0_ap_ready       |   9|          2|    1|          2|
    |ap_sync_reg_AXIvideo2MultiPixStream_U0_ap_ready  |   9|          2|    1|          2|
    +-------------------------------------------------+----+-----------+-----+-----------+
    |Total                                            |  18|          4|    2|          4|
    +-------------------------------------------------+----+-----------+-----+-----------+

    * Register: 
    +-------------------------------------------------+---+----+-----+-----------+
    |                       Name                      | FF| LUT| Bits| Const Bits|
    +-------------------------------------------------+---+----+-----+-----------+
    |ap_sync_ready                                    |  1|   0|    1|          0|
    |ap_sync_reg_AXIMMvideo2Bytes_1_U0_ap_ready       |  1|   0|    1|          0|
    |ap_sync_reg_AXIvideo2MultiPixStream_U0_ap_ready  |  1|   0|    1|          0|
    +-------------------------------------------------+---+----+-----+-----------+
    |Total                                            |  3|   0|    3|          0|
    +-------------------------------------------------+---+----+-----+-----------+



================================================================
== Interface
================================================================
* Summary: 
+---------------------------------------+-----+-----+------------+--------------------------------+--------------+
|               RTL Ports               | Dir | Bits|  Protocol  |          Source Object         |    C Type    |
+---------------------------------------+-----+-----+------------+--------------------------------+--------------+
|HwReg_width_val                        |   in|   11|     ap_none|                 HwReg_width_val|        scalar|
|HwReg_width_val_ap_vld                 |   in|    1|     ap_none|                 HwReg_width_val|        scalar|
|HwReg_height_val                       |   in|   11|     ap_none|                HwReg_height_val|        scalar|
|HwReg_height_val_ap_vld                |   in|    1|     ap_none|                HwReg_height_val|        scalar|
|HwReg_background_Y_R_val10             |   in|    8|     ap_none|      HwReg_background_Y_R_val10|        scalar|
|HwReg_background_Y_R_val10_ap_vld      |   in|    1|     ap_none|      HwReg_background_Y_R_val10|        scalar|
|HwReg_background_U_G_val11             |   in|    8|     ap_none|      HwReg_background_U_G_val11|        scalar|
|HwReg_background_U_G_val11_ap_vld      |   in|    1|     ap_none|      HwReg_background_U_G_val11|        scalar|
|HwReg_background_V_B_val12             |   in|    8|     ap_none|      HwReg_background_V_B_val12|        scalar|
|HwReg_background_V_B_val12_ap_vld      |   in|    1|     ap_none|      HwReg_background_V_B_val12|        scalar|
|HwReg_layerEnable_val13                |   in|    2|     ap_none|         HwReg_layerEnable_val13|        scalar|
|HwReg_layerEnable_val13_ap_vld         |   in|    1|     ap_none|         HwReg_layerEnable_val13|        scalar|
|m_axi_mm_video1_0_AWVALID              |  out|    1|       m_axi|                       mm_video1|       pointer|
|m_axi_mm_video1_0_AWREADY              |   in|    1|       m_axi|                       mm_video1|       pointer|
|m_axi_mm_video1_0_AWADDR               |  out|   32|       m_axi|                       mm_video1|       pointer|
|m_axi_mm_video1_0_AWID                 |  out|    1|       m_axi|                       mm_video1|       pointer|
|m_axi_mm_video1_0_AWLEN                |  out|   32|       m_axi|                       mm_video1|       pointer|
|m_axi_mm_video1_0_AWSIZE               |  out|    3|       m_axi|                       mm_video1|       pointer|
|m_axi_mm_video1_0_AWBURST              |  out|    2|       m_axi|                       mm_video1|       pointer|
|m_axi_mm_video1_0_AWLOCK               |  out|    2|       m_axi|                       mm_video1|       pointer|
|m_axi_mm_video1_0_AWCACHE              |  out|    4|       m_axi|                       mm_video1|       pointer|
|m_axi_mm_video1_0_AWPROT               |  out|    3|       m_axi|                       mm_video1|       pointer|
|m_axi_mm_video1_0_AWQOS                |  out|    4|       m_axi|                       mm_video1|       pointer|
|m_axi_mm_video1_0_AWREGION             |  out|    4|       m_axi|                       mm_video1|       pointer|
|m_axi_mm_video1_0_AWUSER               |  out|    1|       m_axi|                       mm_video1|       pointer|
|m_axi_mm_video1_0_WVALID               |  out|    1|       m_axi|                       mm_video1|       pointer|
|m_axi_mm_video1_0_WREADY               |   in|    1|       m_axi|                       mm_video1|       pointer|
|m_axi_mm_video1_0_WDATA                |  out|   64|       m_axi|                       mm_video1|       pointer|
|m_axi_mm_video1_0_WSTRB                |  out|    8|       m_axi|                       mm_video1|       pointer|
|m_axi_mm_video1_0_WLAST                |  out|    1|       m_axi|                       mm_video1|       pointer|
|m_axi_mm_video1_0_WID                  |  out|    1|       m_axi|                       mm_video1|       pointer|
|m_axi_mm_video1_0_WUSER                |  out|    1|       m_axi|                       mm_video1|       pointer|
|m_axi_mm_video1_0_ARVALID              |  out|    1|       m_axi|                       mm_video1|       pointer|
|m_axi_mm_video1_0_ARREADY              |   in|    1|       m_axi|                       mm_video1|       pointer|
|m_axi_mm_video1_0_ARADDR               |  out|   32|       m_axi|                       mm_video1|       pointer|
|m_axi_mm_video1_0_ARID                 |  out|    1|       m_axi|                       mm_video1|       pointer|
|m_axi_mm_video1_0_ARLEN                |  out|   32|       m_axi|                       mm_video1|       pointer|
|m_axi_mm_video1_0_ARSIZE               |  out|    3|       m_axi|                       mm_video1|       pointer|
|m_axi_mm_video1_0_ARBURST              |  out|    2|       m_axi|                       mm_video1|       pointer|
|m_axi_mm_video1_0_ARLOCK               |  out|    2|       m_axi|                       mm_video1|       pointer|
|m_axi_mm_video1_0_ARCACHE              |  out|    4|       m_axi|                       mm_video1|       pointer|
|m_axi_mm_video1_0_ARPROT               |  out|    3|       m_axi|                       mm_video1|       pointer|
|m_axi_mm_video1_0_ARQOS                |  out|    4|       m_axi|                       mm_video1|       pointer|
|m_axi_mm_video1_0_ARREGION             |  out|    4|       m_axi|                       mm_video1|       pointer|
|m_axi_mm_video1_0_ARUSER               |  out|    1|       m_axi|                       mm_video1|       pointer|
|m_axi_mm_video1_0_RVALID               |   in|    1|       m_axi|                       mm_video1|       pointer|
|m_axi_mm_video1_0_RREADY               |  out|    1|       m_axi|                       mm_video1|       pointer|
|m_axi_mm_video1_0_RDATA                |   in|   64|       m_axi|                       mm_video1|       pointer|
|m_axi_mm_video1_0_RLAST                |   in|    1|       m_axi|                       mm_video1|       pointer|
|m_axi_mm_video1_0_RID                  |   in|    1|       m_axi|                       mm_video1|       pointer|
|m_axi_mm_video1_0_RFIFONUM             |   in|    7|       m_axi|                       mm_video1|       pointer|
|m_axi_mm_video1_0_RUSER                |   in|    1|       m_axi|                       mm_video1|       pointer|
|m_axi_mm_video1_0_RRESP                |   in|    2|       m_axi|                       mm_video1|       pointer|
|m_axi_mm_video1_0_BVALID               |   in|    1|       m_axi|                       mm_video1|       pointer|
|m_axi_mm_video1_0_BREADY               |  out|    1|       m_axi|                       mm_video1|       pointer|
|m_axi_mm_video1_0_BRESP                |   in|    2|       m_axi|                       mm_video1|       pointer|
|m_axi_mm_video1_0_BID                  |   in|    1|       m_axi|                       mm_video1|       pointer|
|m_axi_mm_video1_0_BUSER                |   in|    1|       m_axi|                       mm_video1|       pointer|
|HwReg_layer1_buf1                      |   in|   32|     ap_none|               HwReg_layer1_buf1|        scalar|
|HwReg_layer1_buf1_ap_vld               |   in|    1|     ap_none|               HwReg_layer1_buf1|        scalar|
|HwReg_layerEnableFlag_0_val            |   in|    1|     ap_none|     HwReg_layerEnableFlag_0_val|        scalar|
|HwReg_layerEnableFlag_0_val_ap_vld     |   in|    1|     ap_none|     HwReg_layerEnableFlag_0_val|        scalar|
|HwReg_layerEnableFlag_1_val            |   in|    1|     ap_none|     HwReg_layerEnableFlag_1_val|        scalar|
|HwReg_layerEnableFlag_1_val_ap_vld     |   in|    1|     ap_none|     HwReg_layerEnableFlag_1_val|        scalar|
|HwReg_layerStartX_1_val14              |   in|   16|     ap_none|       HwReg_layerStartX_1_val14|        scalar|
|HwReg_layerStartX_1_val14_ap_vld       |   in|    1|     ap_none|       HwReg_layerStartX_1_val14|        scalar|
|HwReg_layerStartY_1_val15              |   in|   16|     ap_none|       HwReg_layerStartY_1_val15|        scalar|
|HwReg_layerStartY_1_val15_ap_vld       |   in|    1|     ap_none|       HwReg_layerStartY_1_val15|        scalar|
|HwReg_layerWidth_1_val                 |   in|   16|     ap_none|          HwReg_layerWidth_1_val|        scalar|
|HwReg_layerWidth_1_val_ap_vld          |   in|    1|     ap_none|          HwReg_layerWidth_1_val|        scalar|
|HwReg_layerHeight_1_val                |   in|   16|     ap_none|         HwReg_layerHeight_1_val|        scalar|
|HwReg_layerHeight_1_val_ap_vld         |   in|    1|     ap_none|         HwReg_layerHeight_1_val|        scalar|
|HwReg_layerScaleFactor_1_val18         |   in|    8|     ap_none|  HwReg_layerScaleFactor_1_val18|        scalar|
|HwReg_layerScaleFactor_1_val18_ap_vld  |   in|    1|     ap_none|  HwReg_layerScaleFactor_1_val18|        scalar|
|HwReg_layerStride_1_val                |   in|   16|     ap_none|         HwReg_layerStride_1_val|        scalar|
|HwReg_layerStride_1_val_ap_vld         |   in|    1|     ap_none|         HwReg_layerStride_1_val|        scalar|
|s_axis_video_TDATA                     |   in|   24|        axis|           s_axis_video_V_data_V|       pointer|
|s_axis_video_TKEEP                     |   in|    3|        axis|           s_axis_video_V_keep_V|       pointer|
|s_axis_video_TSTRB                     |   in|    3|        axis|           s_axis_video_V_strb_V|       pointer|
|s_axis_video_TUSER                     |   in|    1|        axis|           s_axis_video_V_user_V|       pointer|
|s_axis_video_TLAST                     |   in|    1|        axis|           s_axis_video_V_last_V|       pointer|
|s_axis_video_TID                       |   in|    1|        axis|             s_axis_video_V_id_V|       pointer|
|s_axis_video_TDEST                     |   in|    1|        axis|           s_axis_video_V_dest_V|       pointer|
|s_axis_video_TVALID                    |   in|    1|        axis|           s_axis_video_V_dest_V|       pointer|
|s_axis_video_TREADY                    |  out|    1|        axis|           s_axis_video_V_dest_V|       pointer|
|m_axis_video_TDATA                     |  out|   24|        axis|           m_axis_video_V_data_V|       pointer|
|m_axis_video_TKEEP                     |  out|    3|        axis|           m_axis_video_V_keep_V|       pointer|
|m_axis_video_TSTRB                     |  out|    3|        axis|           m_axis_video_V_strb_V|       pointer|
|m_axis_video_TUSER                     |  out|    1|        axis|           m_axis_video_V_user_V|       pointer|
|m_axis_video_TLAST                     |  out|    1|        axis|           m_axis_video_V_last_V|       pointer|
|m_axis_video_TID                       |  out|    1|        axis|             m_axis_video_V_id_V|       pointer|
|m_axis_video_TDEST                     |  out|    1|        axis|           m_axis_video_V_dest_V|       pointer|
|m_axis_video_TVALID                    |  out|    1|        axis|           m_axis_video_V_dest_V|       pointer|
|m_axis_video_TREADY                    |   in|    1|        axis|           m_axis_video_V_dest_V|       pointer|
|ap_clk                                 |   in|    1|  ap_ctrl_hs|         VMixHlsDataFlowFunction|  return value|
|ap_rst                                 |   in|    1|  ap_ctrl_hs|         VMixHlsDataFlowFunction|  return value|
|ap_start                               |   in|    1|  ap_ctrl_hs|         VMixHlsDataFlowFunction|  return value|
|ap_done                                |  out|    1|  ap_ctrl_hs|         VMixHlsDataFlowFunction|  return value|
|ap_ready                               |  out|    1|  ap_ctrl_hs|         VMixHlsDataFlowFunction|  return value|
|ap_idle                                |  out|    1|  ap_ctrl_hs|         VMixHlsDataFlowFunction|  return value|
|ap_continue                            |   in|    1|  ap_ctrl_hs|         VMixHlsDataFlowFunction|  return value|
+---------------------------------------+-----+-----+------------+--------------------------------+--------------+

