================================================================
== Design Size Report
================================================================

* Total Instructions per Compilation Phase
+---------------+----------------------------+--------------+----------------------------------------------------------------------------------------+
| Phase         | Step                       | Instructions | Description                                                                            |
+---------------+----------------------------+--------------+----------------------------------------------------------------------------------------+
| Compile/Link  |                            | 1,909        | After all functions are compiled and linked into a single design                       |
|               |                            |              |                                                                                        |
| Unroll/Inline |                            |              | After user unroll and inline pragmas are applied                                       |
|               | (1) unroll                 |   825        | user unroll pragmas are applied                                                        |
|               | (2) simplification         |   465        | simplification of applied user unroll pragmas                                          |
|               | (3) inline                 |   420        | user inline pragmas are applied                                                        |
|               | (4) simplification         |   391        | simplification of applied user inline pragmas                                          |
|               |                            |              |                                                                                        |
| Array/Struct  |                            |              | After user array partition and struct aggregate/disaggregate pragmas are applied       |
|               | (1) array partition        |   377        | user array partition pragmas are applied                                               |
|               | (2) simplification         |   355        | simplification of applied user array partition & struct aggregate/disaggregate pragmas |
|               | (3) aggregate/disaggregate |   364        | user struct aggregate/disaggregate pragmas are applied                                 |
|               | (4) array reshape          |   549        | apply array reshape pragmas                                                            |
|               | (5) access patterns        |   636        | array access pattern optmizations                                                      |
|               |                            |              |                                                                                        |
| Performance   |                            |              | After transformations are applied to meet performance pragma targets                   |
|               | (1) loop simplification    |   614        | loop and instruction simplification                                                    |
|               | (2) parallelization        |   583        | loops are unrolled or pipelined to meet performance targets                            |
|               | (3) array partition        |   547        | arrays are partitioned to meet performance targets                                     |
|               | (4) simplification         |   547        | simplification of design after performance transformations                             |
|               |                            |              |                                                                                        |
| HW Transforms |                            |              | After hardware transfomations                                                          |
|               | (1) lowering               |   473        | initial conversion to HW specific instructions                                         |
|               | (2) optimizations          |   479        | high level synthesis optimizations                                                     |
+---------------+----------------------------+--------------+----------------------------------------------------------------------------------------+

* Instructions per Function for each Compilation Phase
+-----------------------------+----------------------+----------------+---------------+---------------+---------------+---------------+
| Function                    | Location             | Compile/Link   | Unroll/Inline | Array/Struct  | Performance   | HW Transforms |
+-----------------------------+----------------------+----------------+---------------+---------------+---------------+---------------+
| + v_frmbuf_rd               | v_frmbuf_rd.cpp:135  | 1,909          | 391           | 636           | 547           | 479           |
|  + FrmbufRdHlsDataFlow      | v_frmbuf_rd.cpp:78   | 1,802          | 335           | 580           | 503           | 424           |
|     STREAM_PLANES           | v_frmbuf_rd.h:250    |    4           |               |               |               |               |
|     AXIMMvideo2Bytes        | v_frmbuf_rd.cpp:497  |   50           |  34           |  36           |  32           |  41           |
|   + Bytes2MultiPixStream    | v_frmbuf_rd.cpp:686  |  909           | 160           | 325           | 319           | 265           |
|      Scalar                 | hls_video_core.h:196 |    5           |               |               |               |               |
|   + MultiPixStream2AXIvideo | v_frmbuf_rd.cpp:302  |  815           | 131           | 209           | 142           | 105           |
|      Scalar                 | hls_video_core.h:196 |    5           |               |               |               |               |
|      reg<unsigned short>    | x_hls_utils.h:222    |    2 (2 calls) |   2 (2 calls) |   2 (2 calls) |   2 (2 calls) |   8 (2 calls) |
+-----------------------------+----------------------+----------------+---------------+---------------+---------------+---------------+

* Design Size Message Settings
+---------------------------------------------+--------+------------------------------------------------------------------+
| Message Setting                             | Value  | Description                                                      |
+---------------------------------------------+--------+------------------------------------------------------------------+
| config_compile -design_size_maximum_warning | 100000 | Show a warning when total design instructions exceeds this value |
+---------------------------------------------+--------+------------------------------------------------------------------+


