/home/serg/Documents/Xilinx/z700_hdmi/HDMI_FBWR/HDMI_FBWR.gen/sources_1/bd/top_design/ip/top_design_v_tpg_0_1/src/v_tpg.cpp:1:25: error: source file is not valid UTF-8
XlxVV0EB0000000000000098<80><U+0000><U+0000><U+0000><A6><U+0010><8F> <AA><B3><AC>]<89><F6>x<AD><U+000C>,<92><88><81><8D><C3><E0><C0>~=<A2>+<A0><8C><C8>*<U+0007><FC><9B>#9O<E2>N<AC><U+001D>}r<BC>$<B5><DD><C3><FA>S.<C8><D2>O<B9><8E>K<BA>K<CC>\<U+0013>b}<DF> <U+0015><FA><E1><U+0011><B7>p<BD><F0><U+000C><BC>
                        ^
/home/serg/Documents/Xilinx/z700_hdmi/HDMI_FBWR/HDMI_FBWR.gen/sources_1/bd/top_design/ip/top_design_v_tpg_0_1/src/v_tpg.cpp:1:26: warning: null character ignored [-Wnull-character]
XlxVV0EB0000000000000098<80><U+0000><U+0000><U+0000><A6><U+0010><8F> <AA><B3><AC>]<89><F6>x<AD><U+000C>,<92><88><81><8D><C3><E0><C0>~=<A2>+<A0><8C><C8>*<U+0007><FC><9B>#9O<E2>N<AC><U+001D>}r<BC>$<B5><DD><C3><FA>S.<C8><D2>O<B9><8E>K<BA>K<CC>\<U+0013>b}<DF> <U+0015><FA><E1><U+0011><B7>p<BD><F0><U+000C><BC>
                            ^
/home/serg/Documents/Xilinx/z700_hdmi/HDMI_FBWR/HDMI_FBWR.gen/sources_1/bd/top_design/ip/top_design_v_tpg_0_1/src/v_tpg.cpp:1:27: warning: null character ignored [-Wnull-character]
XlxVV0EB0000000000000098<80><U+0000><U+0000><U+0000><A6><U+0010><8F> <AA><B3><AC>]<89><F6>x<AD><U+000C>,<92><88><81><8D><C3><E0><C0>~=<A2>+<A0><8C><C8>*<U+0007><FC><9B>#9O<E2>N<AC><U+001D>}r<BC>$<B5><DD><C3><FA>S.<C8><D2>O<B9><8E>K<BA>K<CC>\<U+0013>b}<DF> <U+0015><FA><E1><U+0011><B7>p<BD><F0><U+000C><BC>
                                    ^
/home/serg/Documents/Xilinx/z700_hdmi/HDMI_FBWR/HDMI_FBWR.gen/sources_1/bd/top_design/ip/top_design_v_tpg_0_1/src/v_tpg.cpp:1:28: warning: null character ignored [-Wnull-character]
XlxVV0EB0000000000000098<80><U+0000><U+0000><U+0000><A6><U+0010><8F> <AA><B3><AC>]<89><F6>x<AD><U+000C>,<92><88><81><8D><C3><E0><C0>~=<A2>+<A0><8C><C8>*<U+0007><FC><9B>#9O<E2>N<AC><U+001D>}r<BC>$<B5><DD><C3><FA>S.<C8><D2>O<B9><8E>K<BA>K<CC>\<U+0013>b}<DF> <U+0015><FA><E1><U+0011><B7>p<BD><F0><U+000C><BC>
                                            ^
/home/serg/Documents/Xilinx/z700_hdmi/HDMI_FBWR/HDMI_FBWR.gen/sources_1/bd/top_design/ip/top_design_v_tpg_0_1/src/v_tpg.cpp:1:29: error: source file is not valid UTF-8
XlxVV0EB0000000000000098<80><U+0000><U+0000><U+0000><A6><U+0010><8F> <AA><B3><AC>]<89><F6>x<AD><U+000C>,<92><88><81><8D><C3><E0><C0>~=<A2>+<A0><8C><C8>*<U+0007><FC><9B>#9O<E2>N<AC><U+001D>}r<BC>$<B5><DD><C3><FA>S.<C8><D2>O<B9><8E>K<BA>K<CC>\<U+0013>b}<DF> <U+0015><FA><E1><U+0011><B7>p<BD><F0><U+000C><BC>
                                                    ^
/home/serg/Documents/Xilinx/z700_hdmi/HDMI_FBWR/HDMI_FBWR.gen/sources_1/bd/top_design/ip/top_design_v_tpg_0_1/src/v_tpg.cpp:1:1: error: unknown type name 'XlxVV0EB0000000000000098'
XlxVV0EB0000000000000098<80><U+0000><U+0000><U+0000><A6><U+0010><8F> <AA><B3><AC>]<89><F6>x<AD><U+000C>,<92><88><81><8D><C3><E0><C0>~=<A2>+<A0><8C><C8>*<U+0007><FC><9B>#9O<E2>N<AC><U+001D>}r<BC>$<B5><DD><C3><FA>S.<C8><D2>O<B9><8E>K<BA>K<CC>\<U+0013>b}<DF> <U+0015><FA><E1><U+0011><B7>p<BD><F0><U+000C><BC>
^
/home/serg/Documents/Xilinx/z700_hdmi/HDMI_FBWR/HDMI_FBWR.gen/sources_1/bd/top_design/ip/top_design_v_tpg_0_1/src/v_tpg.cpp:1:30: error: expected unqualified-id
XlxVV0EB0000000000000098<80><U+0000><U+0000><U+0000><A6><U+0010><8F> <AA><B3><AC>]<89><F6>x<AD><U+000C>,<92><88><81><8D><C3><E0><C0>~=<A2>+<A0><8C><C8>*<U+0007><FC><9B>#9O<E2>N<AC><U+001D>}r<BC>$<B5><DD><C3><FA>S.<C8><D2>O<B9><8E>K<BA>K<CC>\<U+0013>b}<DF> <U+0015><FA><E1><U+0011><B7>p<BD><F0><U+000C><BC>
                                                        ^
/home/serg/Documents/Xilinx/z700_hdmi/HDMI_FBWR/HDMI_FBWR.gen/sources_1/bd/top_design/ip/top_design_v_tpg_0_1/src/v_tpg.cpp:1:31: error: source file is not valid UTF-8
XlxVV0EB0000000000000098<80><U+0000><U+0000><U+0000><A6><U+0010><8F> <AA><B3><AC>]<89><F6>x<AD><U+000C>,<92><88><81><8D><C3><E0><C0>~=<A2>+<A0><8C><C8>*<U+0007><FC><9B>#9O<E2>N<AC><U+001D>}r<BC>$<B5><DD><C3><FA>S.<C8><D2>O<B9><8E>K<BA>K<CC>\<U+0013>b}<DF> <U+0015><FA><E1><U+0011><B7>p<BD><F0><U+000C><BC>
                                                                ^
/home/serg/Documents/Xilinx/z700_hdmi/HDMI_FBWR/HDMI_FBWR.gen/sources_1/bd/top_design/ip/top_design_v_tpg_0_1/src/v_tpg.cpp:1:33: error: source file is not valid UTF-8
XlxVV0EB0000000000000098<80><U+0000><U+0000><U+0000><A6><U+0010><8F> <AA><B3><AC>]<89><F6>x<AD><U+000C>,<92><88><81><8D><C3><E0><C0>~=<A2>+<A0><8C><C8>*<U+0007><FC><9B>#9O<E2>N<AC><U+001D>}r<BC>$<B5><DD><C3><FA>S.<C8><D2>O<B9><8E>K<BA>K<CC>\<U+0013>b}<DF> <U+0015><FA><E1><U+0011><B7>p<BD><F0><U+000C><BC>
                                                                     ^
/home/serg/Documents/Xilinx/z700_hdmi/HDMI_FBWR/HDMI_FBWR.gen/sources_1/bd/top_design/ip/top_design_v_tpg_0_1/src/v_tpg.cpp:1:34: error: source file is not valid UTF-8
XlxVV0EB0000000000000098<80><U+0000><U+0000><U+0000><A6><U+0010><8F> <AA><B3><AC>]<89><F6>x<AD><U+000C>,<92><88><81><8D><C3><E0><C0>~=<A2>+<A0><8C><C8>*<U+0007><FC><9B>#9O<E2>N<AC><U+001D>}r<BC>$<B5><DD><C3><FA>S.<C8><D2>O<B9><8E>K<BA>K<CC>\<U+0013>b}<DF> <U+0015><FA><E1><U+0011><B7>p<BD><F0><U+000C><BC>
                                                                         ^
/home/serg/Documents/Xilinx/z700_hdmi/HDMI_FBWR/HDMI_FBWR.gen/sources_1/bd/top_design/ip/top_design_v_tpg_0_1/src/v_tpg.cpp:1:35: error: source file is not valid UTF-8
XlxVV0EB0000000000000098<80><U+0000><U+0000><U+0000><A6><U+0010><8F> <AA><B3><AC>]<89><F6>x<AD><U+000C>,<92><88><81><8D><C3><E0><C0>~=<A2>+<A0><8C><C8>*<U+0007><FC><9B>#9O<E2>N<AC><U+001D>}r<BC>$<B5><DD><C3><FA>S.<C8><D2>O<B9><8E>K<BA>K<CC>\<U+0013>b}<DF> <U+0015><FA><E1><U+0011><B7>p<BD><F0><U+000C><BC>
                                                                             ^
/home/serg/Documents/Xilinx/z700_hdmi/HDMI_FBWR/HDMI_FBWR.gen/sources_1/bd/top_design/ip/top_design_v_tpg_0_1/src/v_tpg.cpp:1:37: error: source file is not valid UTF-8
XlxVV0EB0000000000000098<80><U+0000><U+0000><U+0000><A6><U+0010><8F> <AA><B3><AC>]<89><F6>x<AD><U+000C>,<92><88><81><8D><C3><E0><C0>~=<A2>+<A0><8C><C8>*<U+0007><FC><9B>#9O<E2>N<AC><U+001D>}r<BC>$<B5><DD><C3><FA>S.<C8><D2>O<B9><8E>K<BA>K<CC>\<U+0013>b}<DF> <U+0015><FA><E1><U+0011><B7>p<BD><F0><U+000C><BC>
                                                                                  ^
/home/serg/Documents/Xilinx/z700_hdmi/HDMI_FBWR/HDMI_FBWR.gen/sources_1/bd/top_design/ip/top_design_v_tpg_0_1/src/v_tpg.cpp:1:38: error: source file is not valid UTF-8
XlxVV0EB0000000000000098<80><U+0000><U+0000><U+0000><A6><U+0010><8F> <AA><B3><AC>]<89><F6>x<AD><U+000C>,<92><88><81><8D><C3><E0><C0>~=<A2>+<A0><8C><C8>*<U+0007><FC><9B>#9O<E2>N<AC><U+001D>}r<BC>$<B5><DD><C3><FA>S.<C8><D2>O<B9><8E>K<BA>K<CC>\<U+0013>b}<DF> <U+0015><FA><E1><U+0011><B7>p<BD><F0><U+000C><BC>
                                                                                      ^
/home/serg/Documents/Xilinx/z700_hdmi/HDMI_FBWR/HDMI_FBWR.gen/sources_1/bd/top_design/ip/top_design_v_tpg_0_1/src/v_tpg.cpp:1:40: error: source file is not valid UTF-8
XlxVV0EB0000000000000098<80><U+0000><U+0000><U+0000><A6><U+0010><8F> <AA><B3><AC>]<89><F6>x<AD><U+000C>,<92><88><81><8D><C3><E0><C0>~=<A2>+<A0><8C><C8>*<U+0007><FC><9B>#9O<E2>N<AC><U+001D>}r<BC>$<B5><DD><C3><FA>S.<C8><D2>O<B9><8E>K<BA>K<CC>\<U+0013>b}<DF> <U+0015><FA><E1><U+0011><B7>p<BD><F0><U+000C><BC>
                                                                                           ^
/home/serg/Documents/Xilinx/z700_hdmi/HDMI_FBWR/HDMI_FBWR.gen/sources_1/bd/top_design/ip/top_design_v_tpg_0_1/src/v_tpg.cpp:1:43: error: source file is not valid UTF-8
XlxVV0EB0000000000000098<80><U+0000><U+0000><U+0000><A6><U+0010><8F> <AA><B3><AC>]<89><F6>x<AD><U+000C>,<92><88><81><8D><C3><E0><C0>~=<A2>+<A0><8C><C8>*<U+0007><FC><9B>#9O<E2>N<AC><U+001D>}r<BC>$<B5><DD><C3><FA>S.<C8><D2>O<B9><8E>K<BA>K<CC>\<U+0013>b}<DF> <U+0015><FA><E1><U+0011><B7>p<BD><F0><U+000C><BC>
                                                                                                        ^
/home/serg/Documents/Xilinx/z700_hdmi/HDMI_FBWR/HDMI_FBWR.gen/sources_1/bd/top_design/ip/top_design_v_tpg_0_1/src/v_tpg.cpp:1:44: error: source file is not valid UTF-8
XlxVV0EB0000000000000098<80><U+0000><U+0000><U+0000><A6><U+0010><8F> <AA><B3><AC>]<89><F6>x<AD><U+000C>,<92><88><81><8D><C3><E0><C0>~=<A2>+<A0><8C><C8>*<U+0007><FC><9B>#9O<E2>N<AC><U+001D>}r<BC>$<B5><DD><C3><FA>S.<C8><D2>O<B9><8E>K<BA>K<CC>\<U+0013>b}<DF> <U+0015><FA><E1><U+0011><B7>p<BD><F0><U+000C><BC>
                                                                                                            ^
/home/serg/Documents/Xilinx/z700_hdmi/HDMI_FBWR/HDMI_FBWR.gen/sources_1/bd/top_design/ip/top_design_v_tpg_0_1/src/v_tpg.cpp:1:45: error: source file is not valid UTF-8
XlxVV0EB0000000000000098<80><U+0000><U+0000><U+0000><A6><U+0010><8F> <AA><B3><AC>]<89><F6>x<AD><U+000C>,<92><88><81><8D><C3><E0><C0>~=<A2>+<A0><8C><C8>*<U+0007><FC><9B>#9O<E2>N<AC><U+001D>}r<BC>$<B5><DD><C3><FA>S.<C8><D2>O<B9><8E>K<BA>K<CC>\<U+0013>b}<DF> <U+0015><FA><E1><U+0011><B7>p<BD><F0><U+000C><BC>
                                                                                                                ^
/home/serg/Documents/Xilinx/z700_hdmi/HDMI_FBWR/HDMI_FBWR.gen/sources_1/bd/top_design/ip/top_design_v_tpg_0_1/src/v_tpg.cpp:1:46: error: source file is not valid UTF-8
XlxVV0EB0000000000000098<80><U+0000><U+0000><U+0000><A6><U+0010><8F> <AA><B3><AC>]<89><F6>x<AD><U+000C>,<92><88><81><8D><C3><E0><C0>~=<A2>+<A0><8C><C8>*<U+0007><FC><9B>#9O<E2>N<AC><U+001D>}r<BC>$<B5><DD><C3><FA>S.<C8><D2>O<B9><8E>K<BA>K<CC>\<U+0013>b}<DF> <U+0015><FA><E1><U+0011><B7>p<BD><F0><U+000C><BC>
                                                                                                                    ^
/home/serg/Documents/Xilinx/z700_hdmi/HDMI_FBWR/HDMI_FBWR.gen/sources_1/bd/top_design/ip/top_design_v_tpg_0_1/src/v_tpg.cpp:1:47: error: source file is not valid UTF-8
XlxVV0EB0000000000000098<80><U+0000><U+0000><U+0000><A6><U+0010><8F> <AA><B3><AC>]<89><F6>x<AD><U+000C>,<92><88><81><8D><C3><E0><C0>~=<A2>+<A0><8C><C8>*<U+0007><FC><9B>#9O<E2>N<AC><U+001D>}r<BC>$<B5><DD><C3><FA>S.<C8><D2>O<B9><8E>K<BA>K<CC>\<U+0013>b}<DF> <U+0015><FA><E1><U+0011><B7>p<BD><F0><U+000C><BC>
                                                                                                                        ^
/home/serg/Documents/Xilinx/z700_hdmi/HDMI_FBWR/HDMI_FBWR.gen/sources_1/bd/top_design/ip/top_design_v_tpg_0_1/src/v_tpg.cpp:1:48: error: source file is not valid UTF-8
XlxVV0EB0000000000000098<80><U+0000><U+0000><U+0000><A6><U+0010><8F> <AA><B3><AC>]<89><F6>x<AD><U+000C>,<92><88><81><8D><C3><E0><C0>~=<A2>+<A0><8C><C8>*<U+0007><FC><9B>#9O<E2>N<AC><U+001D>}r<BC>$<B5><DD><C3><FA>S.<C8><D2>O<B9><8E>K<BA>K<CC>\<U+0013>b}<DF> <U+0015><FA><E1><U+0011><B7>p<BD><F0><U+000C><BC>
                                                                                                                            ^
/home/serg/Documents/Xilinx/z700_hdmi/HDMI_FBWR/HDMI_FBWR.gen/sources_1/bd/top_design/ip/top_design_v_tpg_0_1/src/v_tpg.cpp:1:49: error: source file is not valid UTF-8
XlxVV0EB0000000000000098<80><U+0000><U+0000><U+0000><A6><U+0010><8F> <AA><B3><AC>]<89><F6>x<AD><U+000C>,<92><88><81><8D><C3><E0><C0>~=<A2>+<A0><8C><C8>*<U+0007><FC><9B>#9O<E2>N<AC><U+001D>}r<BC>$<B5><DD><C3><FA>S.<C8><D2>O<B9><8E>K<BA>K<CC>\<U+0013>b}<DF> <U+0015><FA><E1><U+0011><B7>p<BD><F0><U+000C><BC>
                                                                                                                                ^
/home/serg/Documents/Xilinx/z700_hdmi/HDMI_FBWR/HDMI_FBWR.gen/sources_1/bd/top_design/ip/top_design_v_tpg_0_1/src/v_tpg.cpp:1:52: error: source file is not valid UTF-8
XlxVV0EB0000000000000098<80><U+0000><U+0000><U+0000><A6><U+0010><8F> <AA><B3><AC>]<89><F6>x<AD><U+000C>,<92><88><81><8D><C3><E0><C0>~=<A2>+<A0><8C><C8>*<U+0007><FC><9B>#9O<E2>N<AC><U+001D>}r<BC>$<B5><DD><C3><FA>S.<C8><D2>O<B9><8E>K<BA>K<CC>\<U+0013>b}<DF> <U+0015><FA><E1><U+0011><B7>p<BD><F0><U+000C><BC>
                                                                                                                                      ^
fatal error: too many errors emitted, stopping now [-ferror-limit=]
