

================================================================
== Vitis HLS Report for 'AXIvideo2MultiPixStream'
================================================================
* Date:           Thu Mar  5 12:49:41 2026

* Version:        2025.2 (Build 6295257 on Nov 14 2025)
* Project:        prj
* Solution:       sol (Vivado IP Flow Target)
* Product family: zynq
* Target device:  xc7z020-clg400-2


================================================================
== Performance Estimates
================================================================
+ Timing: 
    * Summary: 
    +--------+---------+----------+------------+
    |  Clock |  Target | Estimated| Uncertainty|
    +--------+---------+----------+------------+
    |ap_clk  |  6.67 ns|  4.261 ns|     1.80 ns|
    +--------+---------+----------+------------+

+ Latency: 
    * Summary: 
    +---------+---------+-----------+-----------+-----+---------+---------+
    |  Latency (cycles) |   Latency (absolute)  |    Interval   | Pipeline|
    |   min   |   max   |    min    |    max    | min |   max   |   Type  |
    +---------+---------+-----------+-----------+-----+---------+---------+
    |        2|  2084406|  13.334 ns|  13.897 ms|    2|  2084406|       no|
    +---------+---------+-----------+-----------+-----+---------+---------+

    + Detail: 
        * Instance: 
        +-----------------------------------------------------------------+------------------------------------------------------+---------+---------+-----------+-----------+-----+-----+-------------------+
        |                                                                 |                                                      |  Latency (cycles) |   Latency (absolute)  |  Interval |      Pipeline     |
        |                             Instance                            |                        Module                        |   min   |   max   |    min    |    max    | min | max |        Type       |
        +-----------------------------------------------------------------+------------------------------------------------------+---------+---------+-----------+-----------+-----+-----+-------------------+
        |grp_AXIvideo2MultiPixStream_Pipeline_loop_wait_for_start_fu_142  |AXIvideo2MultiPixStream_Pipeline_loop_wait_for_start  |        2|        2|  13.334 ns|  13.334 ns|    0|    0|  loop pipeline stp|
        |grp_AXIvideo2MultiPixStream_Pipeline_loop_width_fu_162           |AXIvideo2MultiPixStream_Pipeline_loop_width           |        3|     1923|  20.001 ns|  12.821 us|    0|    0|  loop pipeline stp|
        |grp_AXIvideo2MultiPixStream_Pipeline_loop_wait_for_eol_fu_190    |AXIvideo2MultiPixStream_Pipeline_loop_wait_for_eol    |        2|        2|  13.334 ns|  13.334 ns|    0|    0|  loop pipeline stp|
        |grp_reg_unsigned_short_1_fu_213                                  |reg_unsigned_short_1                                  |        1|        1|   6.667 ns|   6.667 ns|    1|    1|                yes|
        |grp_reg_unsigned_short_1_fu_219                                  |reg_unsigned_short_1                                  |        1|        1|   6.667 ns|   6.667 ns|    1|    1|                yes|
        +-----------------------------------------------------------------+------------------------------------------------------+---------+---------+-----------+-----------+-----+-----+-------------------+

        * Loop: 
        +---------------+---------+---------+-----------+-----------+-----------+----------+----------+
        |               |  Latency (cycles) | Iteration |  Initiation Interval  |   Trip   |          |
        |   Loop Name   |   min   |   max   |  Latency  |  achieved |   target  |   Count  | Pipelined|
        +---------------+---------+---------+-----------+-----------+-----------+----------+----------+
        |- loop_height  |        0|  2084400|  10 ~ 1930|          -|          -|  0 ~ 1080|        no|
        +---------------+---------+---------+-----------+-----------+-----------+----------+----------+



================================================================
== Utilization Estimates
================================================================
* Summary: 
+-----------------+---------+-----+--------+-------+-----+
|       Name      | BRAM_18K| DSP |   FF   |  LUT  | URAM|
+-----------------+---------+-----+--------+-------+-----+
|DSP              |        -|    -|       -|      -|    -|
|Expression       |        -|    -|       0|     38|    -|
|FIFO             |        -|    -|       -|      -|    -|
|Instance         |        -|    -|      79|    238|    -|
|Memory           |        -|    -|       -|      -|    -|
|Multiplexer      |        -|    -|       0|    112|    -|
|Register         |        -|    -|      80|      -|    -|
+-----------------+---------+-----+--------+-------+-----+
|Total            |        0|    0|     159|    388|    0|
+-----------------+---------+-----+--------+-------+-----+
|Available        |      280|  220|  106400|  53200|    0|
+-----------------+---------+-----+--------+-------+-----+
|Utilization (%)  |        0|    0|      ~0|     ~0|    0|
+-----------------+---------+-----+--------+-------+-----+

+ Detail: 
    * Instance: 
    +-----------------------------------------------------------------+------------------------------------------------------+---------+----+----+-----+-----+
    |                             Instance                            |                        Module                        | BRAM_18K| DSP| FF | LUT | URAM|
    +-----------------------------------------------------------------+------------------------------------------------------+---------+----+----+-----+-----+
    |grp_AXIvideo2MultiPixStream_Pipeline_loop_wait_for_eol_fu_190    |AXIvideo2MultiPixStream_Pipeline_loop_wait_for_eol    |        0|   0|   4|   50|    0|
    |grp_AXIvideo2MultiPixStream_Pipeline_loop_wait_for_start_fu_142  |AXIvideo2MultiPixStream_Pipeline_loop_wait_for_start  |        0|   0|   4|   46|    0|
    |grp_AXIvideo2MultiPixStream_Pipeline_loop_width_fu_162           |AXIvideo2MultiPixStream_Pipeline_loop_width           |        0|   0|  45|  138|    0|
    |grp_reg_unsigned_short_1_fu_213                                  |reg_unsigned_short_1                                  |        0|   0|  13|    2|    0|
    |grp_reg_unsigned_short_1_fu_219                                  |reg_unsigned_short_1                                  |        0|   0|  13|    2|    0|
    +-----------------------------------------------------------------+------------------------------------------------------+---------+----+----+-----+-----+
    |Total                                                            |                                                      |        0|   0|  79|  238|    0|
    +-----------------------------------------------------------------+------------------------------------------------------+---------+----+----+-----+-----+

    * DSP: 
    N/A

    * Memory: 
    N/A

    * FIFO: 
    N/A

    * Expression: 
    +------------------------+----------+----+---+----+------------+------------+
    |      Variable Name     | Operation| DSP| FF| LUT| Bitwidth P0| Bitwidth P1|
    +------------------------+----------+----+---+----+------------+------------+
    |i_6_fu_290_p2           |         +|   0|  0|  11|          11|           1|
    |and_ln3820_1_fu_300_p2  |       and|   0|  0|   1|           1|           1|
    |and_ln3820_fu_356_p2    |       and|   0|  0|   1|           1|           1|
    |icmp_ln3771_fu_285_p2   |      icmp|   0|  0|  11|          11|          11|
    |icmp_ln3775_fu_271_p2   |      icmp|   0|  0|  11|          11|           1|
    |ap_block_state1         |        or|   0|  0|   1|           1|           1|
    |xor_ln3820_fu_276_p2    |       xor|   0|  0|   2|           1|           2|
    +------------------------+----------+----+---+----+------------+------------+
    |Total                   |          |   0|  0|  38|          37|          18|
    +------------------------+----------+----+---+----+------------+------------+

    * Multiplexer: 
    +----------------------------------+----+-----------+-----+-----------+
    |               Name               | LUT| Input Size| Bits| Total Bits|
    +----------------------------------+----+-----------+-----+-----------+
    |ap_NS_fsm                         |  41|         10|    1|         10|
    |ap_done                           |   9|          2|    1|          2|
    |i_fu_94                           |   9|          2|   11|         22|
    |p_0_0_0_0144311_lcssa327_fu_98    |   9|          2|   24|         48|
    |p_4_0_0_0152318_lcssa343_reg_120  |   9|          2|    1|          2|
    |real_start                        |   9|          2|    1|          2|
    |s_axis_video_TREADY               |  17|          4|    1|          4|
    |sof_reg_130                       |   9|          2|    1|          2|
    +----------------------------------+----+-----------+-----+-----------+
    |Total                             | 112|         26|   41|         92|
    +----------------------------------+----+-----------+-----+-----------+

    * Register: 
    +------------------------------------------------------------------------------+----+----+-----+-----------+
    |                                     Name                                     | FF | LUT| Bits| Const Bits|
    +------------------------------------------------------------------------------+----+----+-----+-----------+
    |and_ln3820_1_reg_485                                                          |   1|   0|    1|          0|
    |and_ln3820_reg_496                                                            |   1|   0|    1|          0|
    |ap_CS_fsm                                                                     |   9|   0|    9|          0|
    |ap_done_reg                                                                   |   1|   0|    1|          0|
    |axi_last_loc_fu_90                                                            |   1|   0|    1|          0|
    |cols_reg_446                                                                  |  11|   0|   11|          0|
    |grp_AXIvideo2MultiPixStream_Pipeline_loop_wait_for_eol_fu_190_ap_start_reg    |   1|   0|    1|          0|
    |grp_AXIvideo2MultiPixStream_Pipeline_loop_wait_for_start_fu_142_ap_start_reg  |   1|   0|    1|          0|
    |grp_AXIvideo2MultiPixStream_Pipeline_loop_width_fu_162_ap_start_reg           |   1|   0|    1|          0|
    |i_fu_94                                                                       |  11|   0|   11|          0|
    |icmp_ln3775_reg_469                                                           |   1|   0|    1|          0|
    |layerEnableFlag_read_reg_437                                                  |   1|   0|    1|          0|
    |p_0_0_0_0144311_lcssa327_fu_98                                                |  24|   0|   24|          0|
    |p_4_0_0_0152318_lcssa341_loc_fu_78                                            |   1|   0|    1|          0|
    |p_4_0_0_0152318_lcssa343_reg_120                                              |   1|   0|    1|          0|
    |rows_reg_441                                                                  |  11|   0|   11|          0|
    |sof_reg_130                                                                   |   1|   0|    1|          0|
    |start_once_reg                                                                |   1|   0|    1|          0|
    |xor_ln3820_reg_474                                                            |   1|   0|    1|          0|
    +------------------------------------------------------------------------------+----+----+-----+-----------+
    |Total                                                                         |  80|   0|   80|          0|
    +------------------------------------------------------------------------------+----+----+-----+-----------+



================================================================
== Interface
================================================================
* Summary: 
+--------------------------+-----+-----+------------+-------------------------+--------------+
|         RTL Ports        | Dir | Bits|  Protocol  |      Source Object      |    C Type    |
+--------------------------+-----+-----+------------+-------------------------+--------------+
|ap_clk                    |   in|    1|  ap_ctrl_hs|  AXIvideo2MultiPixStream|  return value|
|ap_rst                    |   in|    1|  ap_ctrl_hs|  AXIvideo2MultiPixStream|  return value|
|ap_start                  |   in|    1|  ap_ctrl_hs|  AXIvideo2MultiPixStream|  return value|
|start_full_n              |   in|    1|  ap_ctrl_hs|  AXIvideo2MultiPixStream|  return value|
|ap_done                   |  out|    1|  ap_ctrl_hs|  AXIvideo2MultiPixStream|  return value|
|ap_continue               |   in|    1|  ap_ctrl_hs|  AXIvideo2MultiPixStream|  return value|
|ap_idle                   |  out|    1|  ap_ctrl_hs|  AXIvideo2MultiPixStream|  return value|
|ap_ready                  |  out|    1|  ap_ctrl_hs|  AXIvideo2MultiPixStream|  return value|
|start_out                 |  out|    1|  ap_ctrl_hs|  AXIvideo2MultiPixStream|  return value|
|start_write               |  out|    1|  ap_ctrl_hs|  AXIvideo2MultiPixStream|  return value|
|s_axis_video_TDATA        |   in|   24|        axis|    s_axis_video_V_data_V|       pointer|
|s_axis_video_TVALID       |   in|    1|        axis|    s_axis_video_V_dest_V|       pointer|
|s_axis_video_TREADY       |  out|    1|        axis|    s_axis_video_V_dest_V|       pointer|
|s_axis_video_TDEST        |   in|    1|        axis|    s_axis_video_V_dest_V|       pointer|
|s_axis_video_TKEEP        |   in|    3|        axis|    s_axis_video_V_keep_V|       pointer|
|s_axis_video_TSTRB        |   in|    3|        axis|    s_axis_video_V_strb_V|       pointer|
|s_axis_video_TUSER        |   in|    1|        axis|    s_axis_video_V_user_V|       pointer|
|s_axis_video_TLAST        |   in|    1|        axis|    s_axis_video_V_last_V|       pointer|
|s_axis_video_TID          |   in|    1|        axis|      s_axis_video_V_id_V|       pointer|
|srcLayer0_din             |  out|   24|     ap_fifo|                srcLayer0|       pointer|
|srcLayer0_full_n          |   in|    1|     ap_fifo|                srcLayer0|       pointer|
|srcLayer0_write           |  out|    1|     ap_fifo|                srcLayer0|       pointer|
|srcLayer0_num_data_valid  |   in|    3|     ap_fifo|                srcLayer0|       pointer|
|srcLayer0_fifo_cap        |   in|    3|     ap_fifo|                srcLayer0|       pointer|
|Height                    |   in|   11|   ap_stable|                   Height|        scalar|
|WidthIn                   |   in|   11|   ap_stable|                  WidthIn|        scalar|
|layerEnableFlag           |   in|    1|   ap_stable|          layerEnableFlag|        scalar|
+--------------------------+-----+-----+------------+-------------------------+--------------+

============================================================
+ Verbose Summary: Synthesis Manager
============================================================
InlineROM: 1
ExposeGlobal: 0
============================================================
+ Verbose Summary: CDFG Model
============================================================
IsTopModel: 0
ResetActiveHigh: 1
IsCombinational: 2
IsDatapathOnly: 0
HasWiredReturn: 1
HasMFsm: 0
HasVarLatency: 1
IsPipeline: 0
IsRtlPipelined: 0
IsInstanceOverlapped: 0
IsDontTouch: 0
HasImplIP: 0
IsGatedGlobalClock: 0


============================================================
+ Verbose Summary: Schedule
============================================================
* Number of FSM states : 9
* Pipeline : 0
* Dataflow Pipeline: 0

* FSM state transitions: 
1 --> 2 
2 --> 3 5 
3 --> 4 
4 --> 5 
5 --> 6 
6 --> 7 
7 --> 8 
8 --> 9 
9 --> 5 

* FSM state operations: 

State 1 <SV = 0> <Delay = 0.00>
ST_1 : Operation 10 [1/1] (0.00ns)   --->   "%WidthIn_read = read i11 @_ssdm_op_Read.ap_auto.i11, i11 %WidthIn"   --->   Operation 10 'read' 'WidthIn_read' <Predicate = true> <Delay = 0.00>
ST_1 : Operation 11 [1/1] (0.00ns)   --->   "%Height_read = read i11 @_ssdm_op_Read.ap_auto.i11, i11 %Height"   --->   Operation 11 'read' 'Height_read' <Predicate = true> <Delay = 0.00>
ST_1 : Operation 12 [1/1] (0.00ns)   --->   "%p_4_0_0_0152318_lcssa341_loc = alloca i32 1"   --->   Operation 12 'alloca' 'p_4_0_0_0152318_lcssa341_loc' <Predicate = true> <Delay = 0.00>
ST_1 : Operation 13 [1/1] (0.00ns)   --->   "%p_0_0_0_0144310_loc = alloca i32 1"   --->   Operation 13 'alloca' 'p_0_0_0_0144310_loc' <Predicate = true> <Delay = 0.00>
ST_1 : Operation 14 [1/1] (0.00ns)   --->   "%p_4_0_0_0152319_loc = alloca i32 1"   --->   Operation 14 'alloca' 'p_4_0_0_0152319_loc' <Predicate = true> <Delay = 0.00>
ST_1 : Operation 15 [1/1] (0.00ns)   --->   "%axi_last_loc = alloca i32 1"   --->   Operation 15 'alloca' 'axi_last_loc' <Predicate = true> <Delay = 0.00>
ST_1 : Operation 16 [2/2] (0.00ns)   --->   "%rows = call i11 @reg<unsigned short>1, i11 %Height_read" [prj/sol/.autopilot/db/v_mix.cpp:3750]   --->   Operation 16 'call' 'rows' <Predicate = true> <Delay = 0.00> <CoreType = "Generic">   --->   Generic Core
ST_1 : Operation 17 [2/2] (0.00ns)   --->   "%cols = call i11 @reg<unsigned short>1, i11 %WidthIn_read" [prj/sol/.autopilot/db/v_mix.cpp:3751]   --->   Operation 17 'call' 'cols' <Predicate = true> <Delay = 0.00> <CoreType = "Generic">   --->   Generic Core

State 2 <SV = 1> <Delay = 1.71>
ST_2 : Operation 18 [1/1] (0.00ns)   --->   "%layerEnableFlag_read = read i1 @_ssdm_op_Read.ap_auto.i1, i1 %layerEnableFlag"   --->   Operation 18 'read' 'layerEnableFlag_read' <Predicate = true> <Delay = 0.00>
ST_2 : Operation 19 [1/1] (0.00ns)   --->   "%specstablecontent_ln0 = specstablecontent void @_ssdm_op_SpecStableContent, i1 %layerEnableFlag, i1 1, void @p_str"   --->   Operation 19 'specstablecontent' 'specstablecontent_ln0' <Predicate = true> <Delay = 0.00>
ST_2 : Operation 20 [1/1] (0.00ns)   --->   "%specaxissidechannel_ln0 = specaxissidechannel void @_ssdm_op_SpecAXISSideChannel, i24 %s_axis_video_V_data_V, i3 %s_axis_video_V_keep_V, i3 %s_axis_video_V_strb_V, i1 %s_axis_video_V_user_V, i1 %s_axis_video_V_last_V, i1 %s_axis_video_V_id_V, i1 %s_axis_video_V_dest_V, void @empty_31"   --->   Operation 20 'specaxissidechannel' 'specaxissidechannel_ln0' <Predicate = true> <Delay = 0.00>
ST_2 : Operation 21 [1/1] (0.00ns)   --->   "%specstablecontent_ln0 = specstablecontent void @_ssdm_op_SpecStableContent, i11 %Height, i1 1, void "   --->   Operation 21 'specstablecontent' 'specstablecontent_ln0' <Predicate = true> <Delay = 0.00>
ST_2 : Operation 22 [1/1] (0.00ns)   --->   "%specstablecontent_ln0 = specstablecontent void @_ssdm_op_SpecStableContent, i11 %WidthIn, i1 1, void "   --->   Operation 22 'specstablecontent' 'specstablecontent_ln0' <Predicate = true> <Delay = 0.00>
ST_2 : Operation 23 [1/1] (0.00ns)   --->   "%specinterface_ln0 = specinterface void @_ssdm_op_SpecInterface, i24 %srcLayer0, void @empty_40, i32 0, i32 0, void @empty_44, i32 0, i32 0, void @empty_44, void @empty_44, void @empty_44, i32 0, i32 0, i32 0, i32 0, void @empty_44, void @empty_44, i32 4294967295, i32 0, i32 0, i32 0"   --->   Operation 23 'specinterface' 'specinterface_ln0' <Predicate = true> <Delay = 0.00>
ST_2 : Operation 24 [1/1] (0.00ns)   --->   "%specinterface_ln0 = specinterface void @_ssdm_op_SpecInterface, i24 %s_axis_video_V_data_V, i3 %s_axis_video_V_keep_V, i3 %s_axis_video_V_strb_V, i1 %s_axis_video_V_user_V, i1 %s_axis_video_V_last_V, i1 %s_axis_video_V_id_V, i1 %s_axis_video_V_dest_V, void @empty_26, i32 0, i32 0, void @empty_25, i32 0, i32 0, void @empty_44, void @empty_44, void @empty_44, i32 0, i32 0, i32 0, i32 0, void @empty_44, void @empty_44, i32 4294967295, i32 0, i32 0, i32 0"   --->   Operation 24 'specinterface' 'specinterface_ln0' <Predicate = true> <Delay = 0.00>
ST_2 : Operation 25 [1/2] (0.00ns)   --->   "%rows = call i11 @reg<unsigned short>1, i11 %Height_read" [prj/sol/.autopilot/db/v_mix.cpp:3750]   --->   Operation 25 'call' 'rows' <Predicate = true> <Delay = 0.00> <CoreType = "Generic">   --->   Generic Core
ST_2 : Operation 26 [1/2] (0.00ns)   --->   "%cols = call i11 @reg<unsigned short>1, i11 %WidthIn_read" [prj/sol/.autopilot/db/v_mix.cpp:3751]   --->   Operation 26 'call' 'cols' <Predicate = true> <Delay = 0.00> <CoreType = "Generic">   --->   Generic Core
ST_2 : Operation 27 [1/1] (0.00ns)   --->   "%br_ln3760 = br i1 %layerEnableFlag_read, void %if.end73, void %while.cond.preheader" [prj/sol/.autopilot/db/v_mix.cpp:3760]   --->   Operation 27 'br' 'br_ln3760' <Predicate = true> <Delay = 0.00>
ST_2 : Operation 28 [1/1] (0.00ns)   --->   "%i = alloca i32 1" [prj/sol/.autopilot/db/v_mix.cpp:3771]   --->   Operation 28 'alloca' 'i' <Predicate = (layerEnableFlag_read)> <Delay = 0.00>
ST_2 : Operation 29 [1/1] (0.00ns)   --->   "%p_0_0_0_0144311_lcssa327 = alloca i32 1"   --->   Operation 29 'alloca' 'p_0_0_0_0144311_lcssa327' <Predicate = (layerEnableFlag_read)> <Delay = 0.00>
ST_2 : Operation 30 [2/2] (1.71ns)   --->   "%call_ln0 = call void @AXIvideo2MultiPixStream_Pipeline_loop_wait_for_start, i24 %s_axis_video_V_data_V, i3 %s_axis_video_V_keep_V, i3 %s_axis_video_V_strb_V, i1 %s_axis_video_V_user_V, i1 %s_axis_video_V_last_V, i1 %s_axis_video_V_id_V, i1 %s_axis_video_V_dest_V, i1 %axi_last_loc, i24 %p_0_0_0_0144311_lcssa327"   --->   Operation 30 'call' 'call_ln0' <Predicate = (layerEnableFlag_read)> <Delay = 1.71> <CoreType = "Generic">   --->   Generic Core
ST_2 : Operation 31 [1/1] (1.29ns)   --->   "%store_ln3771 = store i11 0, i11 %i" [prj/sol/.autopilot/db/v_mix.cpp:3771]   --->   Operation 31 'store' 'store_ln3771' <Predicate = (layerEnableFlag_read)> <Delay = 1.29>

State 3 <SV = 2> <Delay = 2.59>
ST_3 : Operation 32 [1/2] (2.59ns)   --->   "%call_ln0 = call void @AXIvideo2MultiPixStream_Pipeline_loop_wait_for_start, i24 %s_axis_video_V_data_V, i3 %s_axis_video_V_keep_V, i3 %s_axis_video_V_strb_V, i1 %s_axis_video_V_user_V, i1 %s_axis_video_V_last_V, i1 %s_axis_video_V_id_V, i1 %s_axis_video_V_dest_V, i1 %axi_last_loc, i24 %p_0_0_0_0144311_lcssa327"   --->   Operation 32 'call' 'call_ln0' <Predicate = true> <Delay = 2.59> <CoreType = "Generic">   --->   Generic Core

State 4 <SV = 3> <Delay = 2.28>
ST_4 : Operation 33 [1/1] (0.00ns)   --->   "%fence_ln3758 = fence void @_ssdm_op_Fence, i24 %s_axis_video_V_data_V, i3 %s_axis_video_V_keep_V, i3 %s_axis_video_V_strb_V, i1 %s_axis_video_V_user_V, i1 %s_axis_video_V_last_V, i1 %s_axis_video_V_id_V, i1 %s_axis_video_V_dest_V, i32 4294967295, i24 %s_axis_video_V_data_V, i3 %s_axis_video_V_keep_V, i3 %s_axis_video_V_strb_V, i1 %s_axis_video_V_user_V, i1 %s_axis_video_V_last_V, i1 %s_axis_video_V_id_V, i1 %s_axis_video_V_dest_V, i24 %srcLayer0, i32 0" [prj/sol/.autopilot/db/v_mix.cpp:3758]   --->   Operation 33 'fence' 'fence_ln3758' <Predicate = true> <Delay = 0.00>
ST_4 : Operation 34 [1/1] (0.00ns)   --->   "%axi_last_loc_load = load i1 %axi_last_loc"   --->   Operation 34 'load' 'axi_last_loc_load' <Predicate = true> <Delay = 0.00>
ST_4 : Operation 35 [1/1] (1.48ns)   --->   "%icmp_ln3775 = icmp_ne  i11 %cols, i11 0" [prj/sol/.autopilot/db/v_mix.cpp:3775]   --->   Operation 35 'icmp' 'icmp_ln3775' <Predicate = true> <Delay = 1.48> <CoreInst = "Cmp">   --->   Core 9 'Cmp' <Latency = 0> <II = 1> <Delay = 1.48> <FuncUnit> <Opcode : 'seteq' 'setne' 'setle' 'setge' 'setlt' 'setgt'> <InPorts = 2> <OutPorts = 1>
ST_4 : Operation 36 [1/1] (0.80ns)   --->   "%xor_ln3820 = xor i1 %icmp_ln3775, i1 1" [prj/sol/.autopilot/db/v_mix.cpp:3820]   --->   Operation 36 'xor' 'xor_ln3820' <Predicate = true> <Delay = 0.80> <CoreInst = "LogicGate">   --->   Core 74 'LogicGate' <Latency = 0> <II = 1> <Delay = 0.80> <FuncUnit> <Opcode : 'and' 'or' 'xor'> <InPorts = 2> <OutPorts = 1>
ST_4 : Operation 37 [1/1] (1.29ns)   --->   "%br_ln3771 = br void %loop_width" [prj/sol/.autopilot/db/v_mix.cpp:3771]   --->   Operation 37 'br' 'br_ln3771' <Predicate = true> <Delay = 1.29>

State 5 <SV = 4> <Delay = 4.26>
ST_5 : Operation 38 [1/1] (0.00ns)   --->   "%p_4_0_0_0152318_lcssa343 = phi i1 %axi_last_loc_load, void %while.cond.preheader, i1 %p_4_0_0_0152318_lcssa341_loc_load, void %for.body12.lr.ph"   --->   Operation 38 'phi' 'p_4_0_0_0152318_lcssa343' <Predicate = (layerEnableFlag_read)> <Delay = 0.00>
ST_5 : Operation 39 [1/1] (0.00ns)   --->   "%sof = phi i1 1, void %while.cond.preheader, i1 %and_ln3820_1, void %for.body12.lr.ph" [prj/sol/.autopilot/db/v_mix.cpp:3820]   --->   Operation 39 'phi' 'sof' <Predicate = (layerEnableFlag_read)> <Delay = 0.00>
ST_5 : Operation 40 [1/1] (0.00ns)   --->   "%i_5 = load i11 %i" [prj/sol/.autopilot/db/v_mix.cpp:3771]   --->   Operation 40 'load' 'i_5' <Predicate = (layerEnableFlag_read)> <Delay = 0.00>
ST_5 : Operation 41 [1/1] (1.48ns)   --->   "%icmp_ln3771 = icmp_eq  i11 %i_5, i11 %rows" [prj/sol/.autopilot/db/v_mix.cpp:3771]   --->   Operation 41 'icmp' 'icmp_ln3771' <Predicate = (layerEnableFlag_read)> <Delay = 1.48> <CoreInst = "Cmp">   --->   Core 9 'Cmp' <Latency = 0> <II = 1> <Delay = 1.48> <FuncUnit> <Opcode : 'seteq' 'setne' 'setle' 'setge' 'setlt' 'setgt'> <InPorts = 2> <OutPorts = 1>
ST_5 : Operation 42 [1/1] (0.00ns)   --->   "%speclooptripcount_ln0 = speclooptripcount void @_ssdm_op_SpecLoopTripCount, i64 0, i64 1080, i64 0"   --->   Operation 42 'speclooptripcount' 'speclooptripcount_ln0' <Predicate = (layerEnableFlag_read)> <Delay = 0.00>
ST_5 : Operation 43 [1/1] (1.48ns)   --->   "%i_6 = add i11 %i_5, i11 1" [prj/sol/.autopilot/db/v_mix.cpp:3771]   --->   Operation 43 'add' 'i_6' <Predicate = (layerEnableFlag_read)> <Delay = 1.48> <CoreInst = "Adder">   --->   Core 1 'Adder' <Latency = 0> <II = 1> <Delay = 1.48> <FuncUnit> <Opcode : 'add' 'sub'> <InPorts = 2> <OutPorts = 1>
ST_5 : Operation 44 [1/1] (0.00ns)   --->   "%br_ln3771 = br i1 %icmp_ln3771, void %for.body12.lr.ph, void %if.end73.loopexit" [prj/sol/.autopilot/db/v_mix.cpp:3771]   --->   Operation 44 'br' 'br_ln3771' <Predicate = (layerEnableFlag_read)> <Delay = 0.00>
ST_5 : Operation 45 [1/1] (0.00ns)   --->   "%p_0_0_0_0144311_lcssa327_load = load i24 %p_0_0_0_0144311_lcssa327"   --->   Operation 45 'load' 'p_0_0_0_0144311_lcssa327_load' <Predicate = (layerEnableFlag_read & !icmp_ln3771)> <Delay = 0.00>
ST_5 : Operation 46 [2/2] (2.77ns)   --->   "%call_ln3820 = call void @AXIvideo2MultiPixStream_Pipeline_loop_width, i1 %p_4_0_0_0152318_lcssa343, i24 %p_0_0_0_0144311_lcssa327_load, i1 %sof, i11 %cols, i24 %srcLayer0, i24 %s_axis_video_V_data_V, i3 %s_axis_video_V_keep_V, i3 %s_axis_video_V_strb_V, i1 %s_axis_video_V_user_V, i1 %s_axis_video_V_last_V, i1 %s_axis_video_V_id_V, i1 %s_axis_video_V_dest_V, i1 %p_4_0_0_0152319_loc, i24 %p_0_0_0_0144310_loc" [prj/sol/.autopilot/db/v_mix.cpp:3820]   --->   Operation 46 'call' 'call_ln3820' <Predicate = (layerEnableFlag_read & !icmp_ln3771)> <Delay = 2.77> <CoreType = "Generic">   --->   Generic Core
ST_5 : Operation 47 [1/1] (0.80ns)   --->   "%and_ln3820_1 = and i1 %sof, i1 %xor_ln3820" [prj/sol/.autopilot/db/v_mix.cpp:3820]   --->   Operation 47 'and' 'and_ln3820_1' <Predicate = (layerEnableFlag_read & !icmp_ln3771)> <Delay = 0.80> <CoreInst = "LogicGate">   --->   Core 74 'LogicGate' <Latency = 0> <II = 1> <Delay = 0.80> <FuncUnit> <Opcode : 'and' 'or' 'xor'> <InPorts = 2> <OutPorts = 1>
ST_5 : Operation 48 [1/1] (1.29ns)   --->   "%store_ln3771 = store i11 %i_6, i11 %i" [prj/sol/.autopilot/db/v_mix.cpp:3771]   --->   Operation 48 'store' 'store_ln3771' <Predicate = (layerEnableFlag_read & !icmp_ln3771)> <Delay = 1.29>
ST_5 : Operation 49 [1/1] (0.00ns)   --->   "%br_ln0 = br void %if.end73"   --->   Operation 49 'br' 'br_ln0' <Predicate = (layerEnableFlag_read & icmp_ln3771)> <Delay = 0.00>
ST_5 : Operation 50 [1/1] (0.00ns)   --->   "%ret_ln0 = ret"   --->   Operation 50 'ret' 'ret_ln0' <Predicate = (icmp_ln3771) | (!layerEnableFlag_read)> <Delay = 0.00>

State 6 <SV = 5> <Delay = 0.00>
ST_6 : Operation 51 [1/2] (0.00ns)   --->   "%call_ln3820 = call void @AXIvideo2MultiPixStream_Pipeline_loop_width, i1 %p_4_0_0_0152318_lcssa343, i24 %p_0_0_0_0144311_lcssa327_load, i1 %sof, i11 %cols, i24 %srcLayer0, i24 %s_axis_video_V_data_V, i3 %s_axis_video_V_keep_V, i3 %s_axis_video_V_strb_V, i1 %s_axis_video_V_user_V, i1 %s_axis_video_V_last_V, i1 %s_axis_video_V_id_V, i1 %s_axis_video_V_dest_V, i1 %p_4_0_0_0152319_loc, i24 %p_0_0_0_0144310_loc" [prj/sol/.autopilot/db/v_mix.cpp:3820]   --->   Operation 51 'call' 'call_ln3820' <Predicate = true> <Delay = 0.00> <CoreType = "Generic">   --->   Generic Core

State 7 <SV = 6> <Delay = 2.51>
ST_7 : Operation 52 [1/1] (0.00ns)   --->   "%fence_ln3820 = fence void @_ssdm_op_Fence, i24 %s_axis_video_V_data_V, i3 %s_axis_video_V_keep_V, i3 %s_axis_video_V_strb_V, i1 %s_axis_video_V_user_V, i1 %s_axis_video_V_last_V, i1 %s_axis_video_V_id_V, i1 %s_axis_video_V_dest_V, i24 %srcLayer0, i32 4294967295, i24 %s_axis_video_V_data_V, i3 %s_axis_video_V_keep_V, i3 %s_axis_video_V_strb_V, i1 %s_axis_video_V_user_V, i1 %s_axis_video_V_last_V, i1 %s_axis_video_V_id_V, i1 %s_axis_video_V_dest_V, i32 0" [prj/sol/.autopilot/db/v_mix.cpp:3820]   --->   Operation 52 'fence' 'fence_ln3820' <Predicate = true> <Delay = 0.00>
ST_7 : Operation 53 [1/1] (0.00ns)   --->   "%p_4_0_0_0152319_loc_load = load i1 %p_4_0_0_0152319_loc"   --->   Operation 53 'load' 'p_4_0_0_0152319_loc_load' <Predicate = true> <Delay = 0.00>
ST_7 : Operation 54 [1/1] (0.00ns)   --->   "%p_0_0_0_0144310_loc_load = load i24 %p_0_0_0_0144310_loc"   --->   Operation 54 'load' 'p_0_0_0_0144310_loc_load' <Predicate = true> <Delay = 0.00>
ST_7 : Operation 55 [1/1] (0.80ns)   --->   "%and_ln3820 = and i1 %icmp_ln3775, i1 %p_4_0_0_0152319_loc_load" [prj/sol/.autopilot/db/v_mix.cpp:3820]   --->   Operation 55 'and' 'and_ln3820' <Predicate = true> <Delay = 0.80> <CoreInst = "LogicGate">   --->   Core 74 'LogicGate' <Latency = 0> <II = 1> <Delay = 0.80> <FuncUnit> <Opcode : 'and' 'or' 'xor'> <InPorts = 2> <OutPorts = 1>
ST_7 : Operation 56 [1/1] (0.00ns)   --->   "%fence_ln3820 = fence void @_ssdm_op_Fence, i24 %s_axis_video_V_data_V, i3 %s_axis_video_V_keep_V, i3 %s_axis_video_V_strb_V, i1 %s_axis_video_V_user_V, i1 %s_axis_video_V_last_V, i1 %s_axis_video_V_id_V, i1 %s_axis_video_V_dest_V, i24 %srcLayer0, i32 4294967295, i24 %s_axis_video_V_data_V, i3 %s_axis_video_V_keep_V, i3 %s_axis_video_V_strb_V, i1 %s_axis_video_V_user_V, i1 %s_axis_video_V_last_V, i1 %s_axis_video_V_id_V, i1 %s_axis_video_V_dest_V, i32 0" [prj/sol/.autopilot/db/v_mix.cpp:3820]   --->   Operation 56 'fence' 'fence_ln3820' <Predicate = true> <Delay = 0.00>
ST_7 : Operation 57 [2/2] (1.71ns)   --->   "%call_ln3820 = call void @AXIvideo2MultiPixStream_Pipeline_loop_wait_for_eol, i1 %p_4_0_0_0152319_loc_load, i24 %p_0_0_0_0144310_loc_load, i1 %and_ln3820, i24 %s_axis_video_V_data_V, i3 %s_axis_video_V_keep_V, i3 %s_axis_video_V_strb_V, i1 %s_axis_video_V_user_V, i1 %s_axis_video_V_last_V, i1 %s_axis_video_V_id_V, i1 %s_axis_video_V_dest_V, i1 %p_4_0_0_0152318_lcssa341_loc, i24 %p_0_0_0_0144311_lcssa327" [prj/sol/.autopilot/db/v_mix.cpp:3820]   --->   Operation 57 'call' 'call_ln3820' <Predicate = true> <Delay = 1.71> <CoreType = "Generic">   --->   Generic Core

State 8 <SV = 7> <Delay = 2.59>
ST_8 : Operation 58 [1/2] (2.59ns)   --->   "%call_ln3820 = call void @AXIvideo2MultiPixStream_Pipeline_loop_wait_for_eol, i1 %p_4_0_0_0152319_loc_load, i24 %p_0_0_0_0144310_loc_load, i1 %and_ln3820, i24 %s_axis_video_V_data_V, i3 %s_axis_video_V_keep_V, i3 %s_axis_video_V_strb_V, i1 %s_axis_video_V_user_V, i1 %s_axis_video_V_last_V, i1 %s_axis_video_V_id_V, i1 %s_axis_video_V_dest_V, i1 %p_4_0_0_0152318_lcssa341_loc, i24 %p_0_0_0_0144311_lcssa327" [prj/sol/.autopilot/db/v_mix.cpp:3820]   --->   Operation 58 'call' 'call_ln3820' <Predicate = true> <Delay = 2.59> <CoreType = "Generic">   --->   Generic Core

State 9 <SV = 8> <Delay = 0.00>
ST_9 : Operation 59 [1/1] (0.00ns)   --->   "%specloopname_ln3771 = specloopname void @_ssdm_op_SpecLoopName, void @empty_50" [prj/sol/.autopilot/db/v_mix.cpp:3771]   --->   Operation 59 'specloopname' 'specloopname_ln3771' <Predicate = true> <Delay = 0.00>
ST_9 : Operation 60 [1/1] (0.00ns)   --->   "%p_4_0_0_0152318_lcssa341_loc_load = load i1 %p_4_0_0_0152318_lcssa341_loc"   --->   Operation 60 'load' 'p_4_0_0_0152318_lcssa341_loc_load' <Predicate = true> <Delay = 0.00>
ST_9 : Operation 61 [1/1] (0.00ns)   --->   "%br_ln3771 = br void %loop_width" [prj/sol/.autopilot/db/v_mix.cpp:3771]   --->   Operation 61 'br' 'br_ln3771' <Predicate = true> <Delay = 0.00>


============================================================
+ Verbose Summary: Binding
============================================================
STG Binding: 
---------------- STG Properties BEGIN ----------------
- Is combinational: 0
- Is one-state seq: 0
- Is datapath-only: 0
- Is pipelined: 0
- Is top level: 0
Port [ Return ] is wired: 1; IO mode=ap_ctrl_hs:ce=0
Port [ s_axis_video_V_data_V]:  wired=1; compound=1; hidden=0; nouse=0; global=0; static=0; extern=0; dir=0; type=0; pingpong=0; private_global=0; IO mode=axis:ce=0
Port [ s_axis_video_V_keep_V]:  wired=1; compound=1; hidden=0; nouse=0; global=0; static=0; extern=0; dir=0; type=0; pingpong=0; private_global=0; IO mode=axis:ce=0
Port [ s_axis_video_V_strb_V]:  wired=1; compound=1; hidden=0; nouse=0; global=0; static=0; extern=0; dir=0; type=0; pingpong=0; private_global=0; IO mode=axis:ce=0
Port [ s_axis_video_V_user_V]:  wired=1; compound=1; hidden=0; nouse=0; global=0; static=0; extern=0; dir=0; type=0; pingpong=0; private_global=0; IO mode=axis:ce=0
Port [ s_axis_video_V_last_V]:  wired=1; compound=1; hidden=0; nouse=0; global=0; static=0; extern=0; dir=0; type=0; pingpong=0; private_global=0; IO mode=axis:ce=0
Port [ s_axis_video_V_id_V]:  wired=1; compound=1; hidden=0; nouse=0; global=0; static=0; extern=0; dir=0; type=0; pingpong=0; private_global=0; IO mode=axis:ce=0
Port [ s_axis_video_V_dest_V]:  wired=1; compound=1; hidden=0; nouse=0; global=0; static=0; extern=0; dir=0; type=0; pingpong=0; private_global=0; IO mode=axis:ce=0
Port [ srcLayer0]:  wired=1; compound=1; hidden=0; nouse=0; global=0; static=0; extern=0; dir=1; type=3; pingpong=0; private_global=0; IO mode=ap_fifo:ce=0
Port [ Height]:  wired=1; compound=0; hidden=0; nouse=0; global=0; static=0; extern=0; dir=0; type=0; pingpong=0; private_global=0; IO mode=ap_stable:ce=0
Port [ WidthIn]:  wired=1; compound=0; hidden=0; nouse=0; global=0; static=0; extern=0; dir=0; type=0; pingpong=0; private_global=0; IO mode=ap_stable:ce=0
Port [ layerEnableFlag]:  wired=1; compound=0; hidden=0; nouse=0; global=0; static=0; extern=0; dir=0; type=0; pingpong=0; private_global=0; IO mode=ap_stable:ce=0
---------------- STG Properties END ------------------

---------------- Datapath Model BEGIN ----------------

<LifeTime>
<method=bitvector/>
WidthIn_read                      (read               ) [ 0010000000]
Height_read                       (read               ) [ 0010000000]
p_4_0_0_0152318_lcssa341_loc      (alloca             ) [ 0011111111]
p_0_0_0_0144310_loc               (alloca             ) [ 0011111111]
p_4_0_0_0152319_loc               (alloca             ) [ 0011111111]
axi_last_loc                      (alloca             ) [ 0011100000]
layerEnableFlag_read              (read               ) [ 0011111111]
specstablecontent_ln0             (specstablecontent  ) [ 0000000000]
specaxissidechannel_ln0           (specaxissidechannel) [ 0000000000]
specstablecontent_ln0             (specstablecontent  ) [ 0000000000]
specstablecontent_ln0             (specstablecontent  ) [ 0000000000]
specinterface_ln0                 (specinterface      ) [ 0000000000]
specinterface_ln0                 (specinterface      ) [ 0000000000]
rows                              (call               ) [ 0001111111]
cols                              (call               ) [ 0001111111]
br_ln3760                         (br                 ) [ 0000000000]
i                                 (alloca             ) [ 0011111111]
p_0_0_0_0144311_lcssa327          (alloca             ) [ 0011111111]
store_ln3771                      (store              ) [ 0000000000]
call_ln0                          (call               ) [ 0000000000]
fence_ln3758                      (fence              ) [ 0000000000]
axi_last_loc_load                 (load               ) [ 0000111111]
icmp_ln3775                       (icmp               ) [ 0000011111]
xor_ln3820                        (xor                ) [ 0000011111]
br_ln3771                         (br                 ) [ 0000111111]
p_4_0_0_0152318_lcssa343          (phi                ) [ 0000011000]
sof                               (phi                ) [ 0000011000]
i_5                               (load               ) [ 0000000000]
icmp_ln3771                       (icmp               ) [ 0000011111]
speclooptripcount_ln0             (speclooptripcount  ) [ 0000000000]
i_6                               (add                ) [ 0000000000]
br_ln3771                         (br                 ) [ 0000000000]
p_0_0_0_0144311_lcssa327_load     (load               ) [ 0000001000]
and_ln3820_1                      (and                ) [ 0000111111]
store_ln3771                      (store              ) [ 0000000000]
br_ln0                            (br                 ) [ 0000000000]
ret_ln0                           (ret                ) [ 0000000000]
call_ln3820                       (call               ) [ 0000000000]
fence_ln3820                      (fence              ) [ 0000000000]
p_4_0_0_0152319_loc_load          (load               ) [ 0000000010]
p_0_0_0_0144310_loc_load          (load               ) [ 0000000010]
and_ln3820                        (and                ) [ 0000000010]
fence_ln3820                      (fence              ) [ 0000000000]
call_ln3820                       (call               ) [ 0000000000]
specloopname_ln3771               (specloopname       ) [ 0000000000]
p_4_0_0_0152318_lcssa341_loc_load (load               ) [ 0000111111]
br_ln3771                         (br                 ) [ 0000111111]
</LifeTime>

<model>

<comp_list>
<comp id="0" class="1000" name="s_axis_video_V_data_V">
<pin_list>
<pin id="1" dir="1" index="0" bw="1" slack="0"/>
</pin_list>
<bind>
<StgValue><ssdm name="s_axis_video_V_data_V"/></StgValue>
</bind>
</comp>

<comp id="2" class="1000" name="s_axis_video_V_keep_V">
<pin_list>
<pin id="3" dir="1" index="0" bw="1" slack="0"/>
</pin_list>
<bind>
<StgValue><ssdm name="s_axis_video_V_keep_V"/></StgValue>
</bind>
</comp>

<comp id="4" class="1000" name="s_axis_video_V_strb_V">
<pin_list>
<pin id="5" dir="1" index="0" bw="1" slack="0"/>
</pin_list>
<bind>
<StgValue><ssdm name="s_axis_video_V_strb_V"/></StgValue>
</bind>
</comp>

<comp id="6" class="1000" name="s_axis_video_V_user_V">
<pin_list>
<pin id="7" dir="1" index="0" bw="1" slack="0"/>
</pin_list>
<bind>
<StgValue><ssdm name="s_axis_video_V_user_V"/></StgValue>
</bind>
</comp>

<comp id="8" class="1000" name="s_axis_video_V_last_V">
<pin_list>
<pin id="9" dir="1" index="0" bw="1" slack="0"/>
</pin_list>
<bind>
<StgValue><ssdm name="s_axis_video_V_last_V"/></StgValue>
</bind>
</comp>

<comp id="10" class="1000" name="s_axis_video_V_id_V">
<pin_list>
<pin id="11" dir="1" index="0" bw="1" slack="0"/>
</pin_list>
<bind>
<StgValue><ssdm name="s_axis_video_V_id_V"/></StgValue>
</bind>
</comp>

<comp id="12" class="1000" name="s_axis_video_V_dest_V">
<pin_list>
<pin id="13" dir="1" index="0" bw="1" slack="0"/>
</pin_list>
<bind>
<StgValue><ssdm name="s_axis_video_V_dest_V"/></StgValue>
</bind>
</comp>

<comp id="14" class="1000" name="srcLayer0">
<pin_list>
<pin id="15" dir="1" index="0" bw="1" slack="0"/>
</pin_list>
<bind>
<StgValue><ssdm name="srcLayer0"/></StgValue>
</bind>
</comp>

<comp id="16" class="1000" name="Height">
<pin_list>
<pin id="17" dir="1" index="0" bw="1" slack="0"/>
</pin_list>
<bind>
<StgValue><ssdm name="Height"/></StgValue>
</bind>
</comp>

<comp id="18" class="1000" name="WidthIn">
<pin_list>
<pin id="19" dir="1" index="0" bw="1" slack="0"/>
</pin_list>
<bind>
<StgValue><ssdm name="WidthIn"/></StgValue>
</bind>
</comp>

<comp id="20" class="1000" name="layerEnableFlag">
<pin_list>
<pin id="21" dir="1" index="0" bw="1" slack="0"/>
</pin_list>
<bind>
<StgValue><ssdm name="layerEnableFlag"/></StgValue>
</bind>
</comp>

<comp id="22" class="1001" name="const_22">
<pin_list>
<pin id="23" dir="1" index="0" bw="1" slack="0"/>
</pin_list>
<bind>
<StgValue><ssdm name="_ssdm_op_Read.ap_auto.i11"/></StgValue>
</bind>
</comp>

<comp id="24" class="1001" name="const_24">
<pin_list>
<pin id="25" dir="1" index="0" bw="1" slack="0"/>
</pin_list>
<bind>
<StgValue><ssdm name=""/></StgValue>
</bind>
</comp>

<comp id="26" class="1001" name="const_26">
<pin_list>
<pin id="27" dir="1" index="0" bw="1" slack="0"/>
</pin_list>
<bind>
<StgValue><ssdm name="reg<unsigned short>1"/></StgValue>
</bind>
</comp>

<comp id="28" class="1001" name="const_28">
<pin_list>
<pin id="29" dir="1" index="0" bw="1" slack="0"/>
</pin_list>
<bind>
<StgValue><ssdm name="_ssdm_op_Read.ap_auto.i1"/></StgValue>
</bind>
</comp>

<comp id="30" class="1001" name="const_30">
<pin_list>
<pin id="31" dir="1" index="0" bw="1" slack="2147483647"/>
</pin_list>
<bind>
<StgValue><ssdm name="_ssdm_op_SpecStableContent"/></StgValue>
</bind>
</comp>

<comp id="32" class="1001" name="const_32">
<pin_list>
<pin id="33" dir="1" index="0" bw="1" slack="0"/>
</pin_list>
<bind>
<StgValue><ssdm name=""/></StgValue>
</bind>
</comp>

<comp id="34" class="1001" name="const_34">
<pin_list>
<pin id="35" dir="1" index="0" bw="1" slack="2147483647"/>
</pin_list>
<bind>
<StgValue><ssdm name="p_str"/></StgValue>
</bind>
</comp>

<comp id="36" class="1001" name="const_36">
<pin_list>
<pin id="37" dir="1" index="0" bw="1" slack="2147483647"/>
</pin_list>
<bind>
<StgValue><ssdm name="_ssdm_op_SpecAXISSideChannel"/></StgValue>
</bind>
</comp>

<comp id="38" class="1001" name="const_38">
<pin_list>
<pin id="39" dir="1" index="0" bw="1" slack="2147483647"/>
</pin_list>
<bind>
<StgValue><ssdm name="empty_31"/></StgValue>
</bind>
</comp>

<comp id="40" class="1001" name="const_40">
<pin_list>
<pin id="41" dir="1" index="0" bw="1" slack="2147483647"/>
</pin_list>
<bind>
<StgValue><ssdm name=""/></StgValue>
</bind>
</comp>

<comp id="42" class="1001" name="const_42">
<pin_list>
<pin id="43" dir="1" index="0" bw="1" slack="2147483647"/>
</pin_list>
<bind>
<StgValue><ssdm name="_ssdm_op_SpecInterface"/></StgValue>
</bind>
</comp>

<comp id="44" class="1001" name="const_44">
<pin_list>
<pin id="45" dir="1" index="0" bw="1" slack="2147483647"/>
</pin_list>
<bind>
<StgValue><ssdm name="empty_40"/></StgValue>
</bind>
</comp>

<comp id="46" class="1001" name="const_46">
<pin_list>
<pin id="47" dir="1" index="0" bw="1" slack="0"/>
</pin_list>
<bind>
<StgValue><ssdm name=""/></StgValue>
</bind>
</comp>

<comp id="48" class="1001" name="const_48">
<pin_list>
<pin id="49" dir="1" index="0" bw="1" slack="2147483647"/>
</pin_list>
<bind>
<StgValue><ssdm name="empty_44"/></StgValue>
</bind>
</comp>

<comp id="50" class="1001" name="const_50">
<pin_list>
<pin id="51" dir="1" index="0" bw="1" slack="0"/>
</pin_list>
<bind>
<StgValue><ssdm name=""/></StgValue>
</bind>
</comp>

<comp id="52" class="1001" name="const_52">
<pin_list>
<pin id="53" dir="1" index="0" bw="1" slack="2147483647"/>
</pin_list>
<bind>
<StgValue><ssdm name="empty_26"/></StgValue>
</bind>
</comp>

<comp id="54" class="1001" name="const_54">
<pin_list>
<pin id="55" dir="1" index="0" bw="1" slack="2147483647"/>
</pin_list>
<bind>
<StgValue><ssdm name="empty_25"/></StgValue>
</bind>
</comp>

<comp id="56" class="1001" name="const_56">
<pin_list>
<pin id="57" dir="1" index="0" bw="1" slack="0"/>
</pin_list>
<bind>
<StgValue><ssdm name="AXIvideo2MultiPixStream_Pipeline_loop_wait_for_start"/></StgValue>
</bind>
</comp>

<comp id="58" class="1001" name="const_58">
<pin_list>
<pin id="59" dir="1" index="0" bw="1" slack="0"/>
</pin_list>
<bind>
<StgValue><ssdm name=""/></StgValue>
</bind>
</comp>

<comp id="60" class="1001" name="const_60">
<pin_list>
<pin id="61" dir="1" index="0" bw="1" slack="0"/>
</pin_list>
<bind>
<StgValue><ssdm name="_ssdm_op_Fence"/></StgValue>
</bind>
</comp>

<comp id="62" class="1001" name="const_62">
<pin_list>
<pin id="63" dir="1" index="0" bw="1" slack="2147483647"/>
</pin_list>
<bind>
<StgValue><ssdm name="_ssdm_op_SpecLoopTripCount"/></StgValue>
</bind>
</comp>

<comp id="64" class="1001" name="const_64">
<pin_list>
<pin id="65" dir="1" index="0" bw="1" slack="2147483647"/>
</pin_list>
<bind>
<StgValue><ssdm name=""/></StgValue>
</bind>
</comp>

<comp id="66" class="1001" name="const_66">
<pin_list>
<pin id="67" dir="1" index="0" bw="1" slack="2147483647"/>
</pin_list>
<bind>
<StgValue><ssdm name=""/></StgValue>
</bind>
</comp>

<comp id="68" class="1001" name="const_68">
<pin_list>
<pin id="69" dir="1" index="0" bw="1" slack="0"/>
</pin_list>
<bind>
<StgValue><ssdm name=""/></StgValue>
</bind>
</comp>

<comp id="70" class="1001" name="const_70">
<pin_list>
<pin id="71" dir="1" index="0" bw="1" slack="0"/>
</pin_list>
<bind>
<StgValue><ssdm name="AXIvideo2MultiPixStream_Pipeline_loop_width"/></StgValue>
</bind>
</comp>

<comp id="72" class="1001" name="const_72">
<pin_list>
<pin id="73" dir="1" index="0" bw="1" slack="0"/>
</pin_list>
<bind>
<StgValue><ssdm name="AXIvideo2MultiPixStream_Pipeline_loop_wait_for_eol"/></StgValue>
</bind>
</comp>

<comp id="74" class="1001" name="const_74">
<pin_list>
<pin id="75" dir="1" index="0" bw="1" slack="2147483647"/>
</pin_list>
<bind>
<StgValue><ssdm name="_ssdm_op_SpecLoopName"/></StgValue>
</bind>
</comp>

<comp id="76" class="1001" name="const_76">
<pin_list>
<pin id="77" dir="1" index="0" bw="1" slack="2147483647"/>
</pin_list>
<bind>
<StgValue><ssdm name="empty_50"/></StgValue>
</bind>
</comp>

<comp id="78" class="1004" name="p_4_0_0_0152318_lcssa341_loc_fu_78">
<pin_list>
<pin id="79" dir="0" index="0" bw="1" slack="0"/>
<pin id="80" dir="1" index="1" bw="1" slack="6"/>
</pin_list>
<bind>
<opcode="alloca(26) " fcode="alloca"/>
<opset="p_4_0_0_0152318_lcssa341_loc/1 "/>
</bind>
</comp>

<comp id="82" class="1004" name="p_0_0_0_0144310_loc_fu_82">
<pin_list>
<pin id="83" dir="0" index="0" bw="1" slack="0"/>
<pin id="84" dir="1" index="1" bw="24" slack="4"/>
</pin_list>
<bind>
<opcode="alloca(26) " fcode="alloca"/>
<opset="p_0_0_0_0144310_loc/1 "/>
</bind>
</comp>

<comp id="86" class="1004" name="p_4_0_0_0152319_loc_fu_86">
<pin_list>
<pin id="87" dir="0" index="0" bw="1" slack="0"/>
<pin id="88" dir="1" index="1" bw="1" slack="4"/>
</pin_list>
<bind>
<opcode="alloca(26) " fcode="alloca"/>
<opset="p_4_0_0_0152319_loc/1 "/>
</bind>
</comp>

<comp id="90" class="1004" name="axi_last_loc_fu_90">
<pin_list>
<pin id="91" dir="0" index="0" bw="1" slack="0"/>
<pin id="92" dir="1" index="1" bw="1" slack="1"/>
</pin_list>
<bind>
<opcode="alloca(26) " fcode="alloca"/>
<opset="axi_last_loc/1 "/>
</bind>
</comp>

<comp id="94" class="1004" name="i_fu_94">
<pin_list>
<pin id="95" dir="0" index="0" bw="1" slack="0"/>
<pin id="96" dir="1" index="1" bw="11" slack="0"/>
</pin_list>
<bind>
<opcode="alloca(26) " fcode="alloca"/>
<opset="i/2 "/>
</bind>
</comp>

<comp id="98" class="1004" name="p_0_0_0_0144311_lcssa327_fu_98">
<pin_list>
<pin id="99" dir="0" index="0" bw="1" slack="0"/>
<pin id="100" dir="1" index="1" bw="24" slack="0"/>
</pin_list>
<bind>
<opcode="alloca(26) " fcode="alloca"/>
<opset="p_0_0_0_0144311_lcssa327/2 "/>
</bind>
</comp>

<comp id="102" class="1004" name="WidthIn_read_read_fu_102">
<pin_list>
<pin id="103" dir="0" index="0" bw="11" slack="0"/>
<pin id="104" dir="0" index="1" bw="11" slack="0"/>
<pin id="105" dir="1" index="2" bw="11" slack="0"/>
</pin_list>
<bind>
<opcode="read(1150) " fcode="read"/>
<opset="WidthIn_read/1 "/>
</bind>
</comp>

<comp id="108" class="1004" name="Height_read_read_fu_108">
<pin_list>
<pin id="109" dir="0" index="0" bw="11" slack="0"/>
<pin id="110" dir="0" index="1" bw="11" slack="0"/>
<pin id="111" dir="1" index="2" bw="11" slack="0"/>
</pin_list>
<bind>
<opcode="read(1150) " fcode="read"/>
<opset="Height_read/1 "/>
</bind>
</comp>

<comp id="114" class="1004" name="layerEnableFlag_read_read_fu_114">
<pin_list>
<pin id="115" dir="0" index="0" bw="1" slack="0"/>
<pin id="116" dir="0" index="1" bw="1" slack="0"/>
<pin id="117" dir="1" index="2" bw="1" slack="3"/>
</pin_list>
<bind>
<opcode="read(1150) " fcode="read"/>
<opset="layerEnableFlag_read/2 "/>
</bind>
</comp>

<comp id="120" class="1005" name="p_4_0_0_0152318_lcssa343_reg_120">
<pin_list>
<pin id="121" dir="0" index="0" bw="1" slack="1"/>
<pin id="122" dir="1" index="1" bw="1" slack="2147483647"/>
</pin_list>
<bind>
<opset="p_4_0_0_0152318_lcssa343 (phireg) "/>
</bind>
</comp>

<comp id="123" class="1004" name="p_4_0_0_0152318_lcssa343_phi_fu_123">
<pin_list>
<pin id="124" dir="0" index="0" bw="1" slack="2147483647"/>
<pin id="125" dir="0" index="1" bw="0" slack="2147483647"/>
<pin id="126" dir="0" index="2" bw="1" slack="2147483647"/>
<pin id="127" dir="0" index="3" bw="0" slack="2147483647"/>
<pin id="128" dir="1" index="4" bw="1" slack="0"/>
</pin_list>
<bind>
<opcode="phi(47) " fcode="phi"/>
<opset="p_4_0_0_0152318_lcssa343/5 "/>
</bind>
</comp>

<comp id="130" class="1005" name="sof_reg_130">
<pin_list>
<pin id="131" dir="0" index="0" bw="1" slack="1"/>
<pin id="132" dir="1" index="1" bw="1" slack="1"/>
</pin_list>
<bind>
<opset="sof (phireg) "/>
</bind>
</comp>

<comp id="134" class="1004" name="sof_phi_fu_134">
<pin_list>
<pin id="135" dir="0" index="0" bw="1" slack="1"/>
<pin id="136" dir="0" index="1" bw="0" slack="2147483647"/>
<pin id="137" dir="0" index="2" bw="1" slack="0"/>
<pin id="138" dir="0" index="3" bw="0" slack="2147483647"/>
<pin id="139" dir="1" index="4" bw="1" slack="0"/>
</pin_list>
<bind>
<opcode="phi(47) " fcode="phi"/>
<opset="sof/5 "/>
</bind>
</comp>

<comp id="142" class="1004" name="grp_AXIvideo2MultiPixStream_Pipeline_loop_wait_for_start_fu_142">
<pin_list>
<pin id="143" dir="0" index="0" bw="0" slack="0"/>
<pin id="144" dir="0" index="1" bw="24" slack="0"/>
<pin id="145" dir="0" index="2" bw="3" slack="0"/>
<pin id="146" dir="0" index="3" bw="3" slack="0"/>
<pin id="147" dir="0" index="4" bw="1" slack="0"/>
<pin id="148" dir="0" index="5" bw="1" slack="0"/>
<pin id="149" dir="0" index="6" bw="1" slack="0"/>
<pin id="150" dir="0" index="7" bw="1" slack="0"/>
<pin id="151" dir="0" index="8" bw="1" slack="1"/>
<pin id="152" dir="0" index="9" bw="24" slack="0"/>
<pin id="153" dir="1" index="10" bw="0" slack="2147483647"/>
</pin_list>
<bind>
<opcode="call(48) " fcode="call"/>
<opset="call_ln0/2 "/>
</bind>
</comp>

<comp id="162" class="1004" name="grp_AXIvideo2MultiPixStream_Pipeline_loop_width_fu_162">
<pin_list>
<pin id="163" dir="0" index="0" bw="0" slack="0"/>
<pin id="164" dir="0" index="1" bw="1" slack="0"/>
<pin id="165" dir="0" index="2" bw="24" slack="0"/>
<pin id="166" dir="0" index="3" bw="1" slack="0"/>
<pin id="167" dir="0" index="4" bw="11" slack="3"/>
<pin id="168" dir="0" index="5" bw="24" slack="0"/>
<pin id="169" dir="0" index="6" bw="24" slack="0"/>
<pin id="170" dir="0" index="7" bw="3" slack="0"/>
<pin id="171" dir="0" index="8" bw="3" slack="0"/>
<pin id="172" dir="0" index="9" bw="1" slack="0"/>
<pin id="173" dir="0" index="10" bw="1" slack="0"/>
<pin id="174" dir="0" index="11" bw="1" slack="0"/>
<pin id="175" dir="0" index="12" bw="1" slack="0"/>
<pin id="176" dir="0" index="13" bw="1" slack="4"/>
<pin id="177" dir="0" index="14" bw="24" slack="4"/>
<pin id="178" dir="1" index="15" bw="0" slack="2147483647"/>
</pin_list>
<bind>
<opcode="call(48) " fcode="call"/>
<opset="call_ln3820/5 "/>
</bind>
</comp>

<comp id="190" class="1004" name="grp_AXIvideo2MultiPixStream_Pipeline_loop_wait_for_eol_fu_190">
<pin_list>
<pin id="191" dir="0" index="0" bw="0" slack="0"/>
<pin id="192" dir="0" index="1" bw="1" slack="0"/>
<pin id="193" dir="0" index="2" bw="24" slack="0"/>
<pin id="194" dir="0" index="3" bw="1" slack="0"/>
<pin id="195" dir="0" index="4" bw="24" slack="0"/>
<pin id="196" dir="0" index="5" bw="3" slack="0"/>
<pin id="197" dir="0" index="6" bw="3" slack="0"/>
<pin id="198" dir="0" index="7" bw="1" slack="0"/>
<pin id="199" dir="0" index="8" bw="1" slack="0"/>
<pin id="200" dir="0" index="9" bw="1" slack="0"/>
<pin id="201" dir="0" index="10" bw="1" slack="0"/>
<pin id="202" dir="0" index="11" bw="1" slack="6"/>
<pin id="203" dir="0" index="12" bw="24" slack="5"/>
<pin id="204" dir="1" index="13" bw="0" slack="2147483647"/>
</pin_list>
<bind>
<opcode="call(48) " fcode="call"/>
<opset="call_ln3820/7 "/>
</bind>
</comp>

<comp id="213" class="1004" name="grp_reg_unsigned_short_1_fu_213">
<pin_list>
<pin id="214" dir="0" index="0" bw="11" slack="0"/>
<pin id="215" dir="0" index="1" bw="11" slack="0"/>
<pin id="216" dir="1" index="2" bw="11" slack="3"/>
</pin_list>
<bind>
<opcode="call(48) " fcode="call"/>
<opset="rows/1 "/>
</bind>
</comp>

<comp id="219" class="1004" name="grp_reg_unsigned_short_1_fu_219">
<pin_list>
<pin id="220" dir="0" index="0" bw="11" slack="0"/>
<pin id="221" dir="0" index="1" bw="11" slack="0"/>
<pin id="222" dir="1" index="2" bw="11" slack="2"/>
</pin_list>
<bind>
<opcode="call(48) " fcode="call"/>
<opset="cols/1 "/>
</bind>
</comp>

<comp id="225" class="1004" name="store_ln3771_store_fu_225">
<pin_list>
<pin id="226" dir="0" index="0" bw="1" slack="0"/>
<pin id="227" dir="0" index="1" bw="11" slack="0"/>
<pin id="228" dir="1" index="2" bw="0" slack="2147483647"/>
</pin_list>
<bind>
<opcode="store(28) " fcode="store"/>
<opset="store_ln3771/2 "/>
</bind>
</comp>

<comp id="230" class="1004" name="fence_ln3758_fu_230">
<pin_list>
<pin id="231" dir="0" index="0" bw="0" slack="0"/>
<pin id="232" dir="0" index="1" bw="24" slack="0"/>
<pin id="233" dir="0" index="2" bw="3" slack="0"/>
<pin id="234" dir="0" index="3" bw="3" slack="0"/>
<pin id="235" dir="0" index="4" bw="1" slack="0"/>
<pin id="236" dir="0" index="5" bw="1" slack="0"/>
<pin id="237" dir="0" index="6" bw="1" slack="0"/>
<pin id="238" dir="0" index="7" bw="1" slack="0"/>
<pin id="239" dir="0" index="8" bw="1" slack="0"/>
<pin id="240" dir="0" index="9" bw="24" slack="0"/>
<pin id="241" dir="0" index="10" bw="3" slack="0"/>
<pin id="242" dir="0" index="11" bw="3" slack="0"/>
<pin id="243" dir="0" index="12" bw="1" slack="0"/>
<pin id="244" dir="0" index="13" bw="1" slack="0"/>
<pin id="245" dir="0" index="14" bw="1" slack="0"/>
<pin id="246" dir="0" index="15" bw="1" slack="0"/>
<pin id="247" dir="0" index="16" bw="24" slack="0"/>
<pin id="248" dir="0" index="17" bw="1" slack="0"/>
<pin id="249" dir="1" index="18" bw="0" slack="2147483647"/>
</pin_list>
<bind>
<opcode="fence(30) " fcode="fence"/>
<opset="fence_ln3758/4 "/>
</bind>
</comp>

<comp id="268" class="1004" name="axi_last_loc_load_load_fu_268">
<pin_list>
<pin id="269" dir="0" index="0" bw="1" slack="3"/>
<pin id="270" dir="1" index="1" bw="1" slack="2147483647"/>
</pin_list>
<bind>
<opcode="load(27) " fcode="load"/>
<opset="axi_last_loc_load/4 "/>
</bind>
</comp>

<comp id="271" class="1004" name="icmp_ln3775_fu_271">
<pin_list>
<pin id="272" dir="0" index="0" bw="11" slack="2"/>
<pin id="273" dir="0" index="1" bw="11" slack="0"/>
<pin id="274" dir="1" index="2" bw="1" slack="0"/>
</pin_list>
<bind>
<opcode="icmp(45) " fcode="icmp"/>
<opset="icmp_ln3775/4 "/>
</bind>
</comp>

<comp id="276" class="1004" name="xor_ln3820_fu_276">
<pin_list>
<pin id="277" dir="0" index="0" bw="1" slack="0"/>
<pin id="278" dir="0" index="1" bw="1" slack="0"/>
<pin id="279" dir="1" index="2" bw="1" slack="1"/>
</pin_list>
<bind>
<opcode="xor(25) " fcode="xor"/>
<opset="xor_ln3820/4 "/>
</bind>
</comp>

<comp id="282" class="1004" name="i_5_load_fu_282">
<pin_list>
<pin id="283" dir="0" index="0" bw="11" slack="3"/>
<pin id="284" dir="1" index="1" bw="11" slack="0"/>
</pin_list>
<bind>
<opcode="load(27) " fcode="load"/>
<opset="i_5/5 "/>
</bind>
</comp>

<comp id="285" class="1004" name="icmp_ln3771_fu_285">
<pin_list>
<pin id="286" dir="0" index="0" bw="11" slack="0"/>
<pin id="287" dir="0" index="1" bw="11" slack="3"/>
<pin id="288" dir="1" index="2" bw="1" slack="2147483647"/>
</pin_list>
<bind>
<opcode="icmp(45) " fcode="icmp"/>
<opset="icmp_ln3771/5 "/>
</bind>
</comp>

<comp id="290" class="1004" name="i_6_fu_290">
<pin_list>
<pin id="291" dir="0" index="0" bw="11" slack="0"/>
<pin id="292" dir="0" index="1" bw="1" slack="0"/>
<pin id="293" dir="1" index="2" bw="11" slack="0"/>
</pin_list>
<bind>
<opcode="add(8) " fcode="add"/>
<opset="i_6/5 "/>
</bind>
</comp>

<comp id="296" class="1004" name="p_0_0_0_0144311_lcssa327_load_load_fu_296">
<pin_list>
<pin id="297" dir="0" index="0" bw="24" slack="3"/>
<pin id="298" dir="1" index="1" bw="24" slack="0"/>
</pin_list>
<bind>
<opcode="load(27) " fcode="load"/>
<opset="p_0_0_0_0144311_lcssa327_load/5 "/>
</bind>
</comp>

<comp id="300" class="1004" name="and_ln3820_1_fu_300">
<pin_list>
<pin id="301" dir="0" index="0" bw="1" slack="0"/>
<pin id="302" dir="0" index="1" bw="1" slack="1"/>
<pin id="303" dir="1" index="2" bw="1" slack="0"/>
</pin_list>
<bind>
<opcode="and(23) " fcode="and"/>
<opset="and_ln3820_1/5 "/>
</bind>
</comp>

<comp id="305" class="1004" name="store_ln3771_store_fu_305">
<pin_list>
<pin id="306" dir="0" index="0" bw="11" slack="0"/>
<pin id="307" dir="0" index="1" bw="11" slack="3"/>
<pin id="308" dir="1" index="2" bw="0" slack="2147483647"/>
</pin_list>
<bind>
<opcode="store(28) " fcode="store"/>
<opset="store_ln3771/5 "/>
</bind>
</comp>

<comp id="310" class="1004" name="fence_ln3820_fu_310">
<pin_list>
<pin id="311" dir="0" index="0" bw="0" slack="0"/>
<pin id="312" dir="0" index="1" bw="24" slack="0"/>
<pin id="313" dir="0" index="2" bw="3" slack="0"/>
<pin id="314" dir="0" index="3" bw="3" slack="0"/>
<pin id="315" dir="0" index="4" bw="1" slack="0"/>
<pin id="316" dir="0" index="5" bw="1" slack="0"/>
<pin id="317" dir="0" index="6" bw="1" slack="0"/>
<pin id="318" dir="0" index="7" bw="1" slack="0"/>
<pin id="319" dir="0" index="8" bw="24" slack="0"/>
<pin id="320" dir="0" index="9" bw="1" slack="0"/>
<pin id="321" dir="0" index="10" bw="24" slack="0"/>
<pin id="322" dir="0" index="11" bw="3" slack="0"/>
<pin id="323" dir="0" index="12" bw="3" slack="0"/>
<pin id="324" dir="0" index="13" bw="1" slack="0"/>
<pin id="325" dir="0" index="14" bw="1" slack="0"/>
<pin id="326" dir="0" index="15" bw="1" slack="0"/>
<pin id="327" dir="0" index="16" bw="1" slack="0"/>
<pin id="328" dir="0" index="17" bw="1" slack="0"/>
<pin id="329" dir="1" index="18" bw="0" slack="2147483647"/>
</pin_list>
<bind>
<opcode="fence(30) " fcode="fence"/>
<opset="fence_ln3820/7 "/>
</bind>
</comp>

<comp id="348" class="1004" name="p_4_0_0_0152319_loc_load_load_fu_348">
<pin_list>
<pin id="349" dir="0" index="0" bw="1" slack="6"/>
<pin id="350" dir="1" index="1" bw="1" slack="0"/>
</pin_list>
<bind>
<opcode="load(27) " fcode="load"/>
<opset="p_4_0_0_0152319_loc_load/7 "/>
</bind>
</comp>

<comp id="352" class="1004" name="p_0_0_0_0144310_loc_load_load_fu_352">
<pin_list>
<pin id="353" dir="0" index="0" bw="24" slack="6"/>
<pin id="354" dir="1" index="1" bw="24" slack="0"/>
</pin_list>
<bind>
<opcode="load(27) " fcode="load"/>
<opset="p_0_0_0_0144310_loc_load/7 "/>
</bind>
</comp>

<comp id="356" class="1004" name="and_ln3820_fu_356">
<pin_list>
<pin id="357" dir="0" index="0" bw="1" slack="3"/>
<pin id="358" dir="0" index="1" bw="1" slack="0"/>
<pin id="359" dir="1" index="2" bw="1" slack="0"/>
</pin_list>
<bind>
<opcode="and(23) " fcode="and"/>
<opset="and_ln3820/7 "/>
</bind>
</comp>

<comp id="362" class="1004" name="fence_ln3820_fu_362">
<pin_list>
<pin id="363" dir="0" index="0" bw="0" slack="0"/>
<pin id="364" dir="0" index="1" bw="24" slack="0"/>
<pin id="365" dir="0" index="2" bw="3" slack="0"/>
<pin id="366" dir="0" index="3" bw="3" slack="0"/>
<pin id="367" dir="0" index="4" bw="1" slack="0"/>
<pin id="368" dir="0" index="5" bw="1" slack="0"/>
<pin id="369" dir="0" index="6" bw="1" slack="0"/>
<pin id="370" dir="0" index="7" bw="1" slack="0"/>
<pin id="371" dir="0" index="8" bw="24" slack="0"/>
<pin id="372" dir="0" index="9" bw="1" slack="0"/>
<pin id="373" dir="0" index="10" bw="24" slack="0"/>
<pin id="374" dir="0" index="11" bw="3" slack="0"/>
<pin id="375" dir="0" index="12" bw="3" slack="0"/>
<pin id="376" dir="0" index="13" bw="1" slack="0"/>
<pin id="377" dir="0" index="14" bw="1" slack="0"/>
<pin id="378" dir="0" index="15" bw="1" slack="0"/>
<pin id="379" dir="0" index="16" bw="1" slack="0"/>
<pin id="380" dir="0" index="17" bw="1" slack="0"/>
<pin id="381" dir="1" index="18" bw="0" slack="2147483647"/>
</pin_list>
<bind>
<opcode="fence(30) " fcode="fence"/>
<opset="fence_ln3820/7 "/>
</bind>
</comp>

<comp id="400" class="1004" name="p_4_0_0_0152318_lcssa341_loc_load_load_fu_400">
<pin_list>
<pin id="401" dir="0" index="0" bw="1" slack="8"/>
<pin id="402" dir="1" index="1" bw="1" slack="2147483647"/>
</pin_list>
<bind>
<opcode="load(27) " fcode="load"/>
<opset="p_4_0_0_0152318_lcssa341_loc_load/9 "/>
</bind>
</comp>

<comp id="403" class="1005" name="WidthIn_read_reg_403">
<pin_list>
<pin id="404" dir="0" index="0" bw="11" slack="1"/>
<pin id="405" dir="1" index="1" bw="11" slack="1"/>
</pin_list>
<bind>
<opset="WidthIn_read "/>
</bind>
</comp>

<comp id="408" class="1005" name="Height_read_reg_408">
<pin_list>
<pin id="409" dir="0" index="0" bw="11" slack="1"/>
<pin id="410" dir="1" index="1" bw="11" slack="1"/>
</pin_list>
<bind>
<opset="Height_read "/>
</bind>
</comp>

<comp id="413" class="1005" name="p_4_0_0_0152318_lcssa341_loc_reg_413">
<pin_list>
<pin id="414" dir="0" index="0" bw="1" slack="6"/>
<pin id="415" dir="1" index="1" bw="1" slack="6"/>
</pin_list>
<bind>
<opset="p_4_0_0_0152318_lcssa341_loc "/>
</bind>
</comp>

<comp id="419" class="1005" name="p_0_0_0_0144310_loc_reg_419">
<pin_list>
<pin id="420" dir="0" index="0" bw="24" slack="4"/>
<pin id="421" dir="1" index="1" bw="24" slack="4"/>
</pin_list>
<bind>
<opset="p_0_0_0_0144310_loc "/>
</bind>
</comp>

<comp id="425" class="1005" name="p_4_0_0_0152319_loc_reg_425">
<pin_list>
<pin id="426" dir="0" index="0" bw="1" slack="4"/>
<pin id="427" dir="1" index="1" bw="1" slack="4"/>
</pin_list>
<bind>
<opset="p_4_0_0_0152319_loc "/>
</bind>
</comp>

<comp id="431" class="1005" name="axi_last_loc_reg_431">
<pin_list>
<pin id="432" dir="0" index="0" bw="1" slack="1"/>
<pin id="433" dir="1" index="1" bw="1" slack="1"/>
</pin_list>
<bind>
<opset="axi_last_loc "/>
</bind>
</comp>

<comp id="437" class="1005" name="layerEnableFlag_read_reg_437">
<pin_list>
<pin id="438" dir="0" index="0" bw="1" slack="3"/>
<pin id="439" dir="1" index="1" bw="1" slack="2147483647"/>
</pin_list>
<bind>
<opset="layerEnableFlag_read "/>
</bind>
</comp>

<comp id="441" class="1005" name="rows_reg_441">
<pin_list>
<pin id="442" dir="0" index="0" bw="11" slack="3"/>
<pin id="443" dir="1" index="1" bw="11" slack="3"/>
</pin_list>
<bind>
<opset="rows "/>
</bind>
</comp>

<comp id="446" class="1005" name="cols_reg_446">
<pin_list>
<pin id="447" dir="0" index="0" bw="11" slack="2"/>
<pin id="448" dir="1" index="1" bw="11" slack="2"/>
</pin_list>
<bind>
<opset="cols "/>
</bind>
</comp>

<comp id="452" class="1005" name="i_reg_452">
<pin_list>
<pin id="453" dir="0" index="0" bw="11" slack="0"/>
<pin id="454" dir="1" index="1" bw="11" slack="0"/>
</pin_list>
<bind>
<opset="i "/>
</bind>
</comp>

<comp id="459" class="1005" name="p_0_0_0_0144311_lcssa327_reg_459">
<pin_list>
<pin id="460" dir="0" index="0" bw="24" slack="0"/>
<pin id="461" dir="1" index="1" bw="24" slack="0"/>
</pin_list>
<bind>
<opset="p_0_0_0_0144311_lcssa327 "/>
</bind>
</comp>

<comp id="469" class="1005" name="icmp_ln3775_reg_469">
<pin_list>
<pin id="470" dir="0" index="0" bw="1" slack="3"/>
<pin id="471" dir="1" index="1" bw="1" slack="3"/>
</pin_list>
<bind>
<opset="icmp_ln3775 "/>
</bind>
</comp>

<comp id="474" class="1005" name="xor_ln3820_reg_474">
<pin_list>
<pin id="475" dir="0" index="0" bw="1" slack="1"/>
<pin id="476" dir="1" index="1" bw="1" slack="1"/>
</pin_list>
<bind>
<opset="xor_ln3820 "/>
</bind>
</comp>

<comp id="485" class="1005" name="and_ln3820_1_reg_485">
<pin_list>
<pin id="486" dir="0" index="0" bw="1" slack="0"/>
<pin id="487" dir="1" index="1" bw="1" slack="0"/>
</pin_list>
<bind>
<opset="and_ln3820_1 "/>
</bind>
</comp>

<comp id="496" class="1005" name="and_ln3820_reg_496">
<pin_list>
<pin id="497" dir="0" index="0" bw="1" slack="1"/>
<pin id="498" dir="1" index="1" bw="1" slack="1"/>
</pin_list>
<bind>
<opset="and_ln3820 "/>
</bind>
</comp>

</comp_list>

<net_list>
<net id="81"><net_src comp="24" pin="0"/><net_sink comp="78" pin=0"/></net>

<net id="85"><net_src comp="24" pin="0"/><net_sink comp="82" pin=0"/></net>

<net id="89"><net_src comp="24" pin="0"/><net_sink comp="86" pin=0"/></net>

<net id="93"><net_src comp="24" pin="0"/><net_sink comp="90" pin=0"/></net>

<net id="97"><net_src comp="24" pin="0"/><net_sink comp="94" pin=0"/></net>

<net id="101"><net_src comp="24" pin="0"/><net_sink comp="98" pin=0"/></net>

<net id="106"><net_src comp="22" pin="0"/><net_sink comp="102" pin=0"/></net>

<net id="107"><net_src comp="18" pin="0"/><net_sink comp="102" pin=1"/></net>

<net id="112"><net_src comp="22" pin="0"/><net_sink comp="108" pin=0"/></net>

<net id="113"><net_src comp="16" pin="0"/><net_sink comp="108" pin=1"/></net>

<net id="118"><net_src comp="28" pin="0"/><net_sink comp="114" pin=0"/></net>

<net id="119"><net_src comp="20" pin="0"/><net_sink comp="114" pin=1"/></net>

<net id="129"><net_src comp="123" pin="4"/><net_sink comp="120" pin=0"/></net>

<net id="133"><net_src comp="32" pin="0"/><net_sink comp="130" pin=0"/></net>

<net id="140"><net_src comp="130" pin="1"/><net_sink comp="134" pin=0"/></net>

<net id="141"><net_src comp="134" pin="4"/><net_sink comp="130" pin=0"/></net>

<net id="154"><net_src comp="56" pin="0"/><net_sink comp="142" pin=0"/></net>

<net id="155"><net_src comp="0" pin="0"/><net_sink comp="142" pin=1"/></net>

<net id="156"><net_src comp="2" pin="0"/><net_sink comp="142" pin=2"/></net>

<net id="157"><net_src comp="4" pin="0"/><net_sink comp="142" pin=3"/></net>

<net id="158"><net_src comp="6" pin="0"/><net_sink comp="142" pin=4"/></net>

<net id="159"><net_src comp="8" pin="0"/><net_sink comp="142" pin=5"/></net>

<net id="160"><net_src comp="10" pin="0"/><net_sink comp="142" pin=6"/></net>

<net id="161"><net_src comp="12" pin="0"/><net_sink comp="142" pin=7"/></net>

<net id="179"><net_src comp="70" pin="0"/><net_sink comp="162" pin=0"/></net>

<net id="180"><net_src comp="123" pin="4"/><net_sink comp="162" pin=1"/></net>

<net id="181"><net_src comp="134" pin="4"/><net_sink comp="162" pin=3"/></net>

<net id="182"><net_src comp="14" pin="0"/><net_sink comp="162" pin=5"/></net>

<net id="183"><net_src comp="0" pin="0"/><net_sink comp="162" pin=6"/></net>

<net id="184"><net_src comp="2" pin="0"/><net_sink comp="162" pin=7"/></net>

<net id="185"><net_src comp="4" pin="0"/><net_sink comp="162" pin=8"/></net>

<net id="186"><net_src comp="6" pin="0"/><net_sink comp="162" pin=9"/></net>

<net id="187"><net_src comp="8" pin="0"/><net_sink comp="162" pin=10"/></net>

<net id="188"><net_src comp="10" pin="0"/><net_sink comp="162" pin=11"/></net>

<net id="189"><net_src comp="12" pin="0"/><net_sink comp="162" pin=12"/></net>

<net id="205"><net_src comp="72" pin="0"/><net_sink comp="190" pin=0"/></net>

<net id="206"><net_src comp="0" pin="0"/><net_sink comp="190" pin=4"/></net>

<net id="207"><net_src comp="2" pin="0"/><net_sink comp="190" pin=5"/></net>

<net id="208"><net_src comp="4" pin="0"/><net_sink comp="190" pin=6"/></net>

<net id="209"><net_src comp="6" pin="0"/><net_sink comp="190" pin=7"/></net>

<net id="210"><net_src comp="8" pin="0"/><net_sink comp="190" pin=8"/></net>

<net id="211"><net_src comp="10" pin="0"/><net_sink comp="190" pin=9"/></net>

<net id="212"><net_src comp="12" pin="0"/><net_sink comp="190" pin=10"/></net>

<net id="217"><net_src comp="26" pin="0"/><net_sink comp="213" pin=0"/></net>

<net id="218"><net_src comp="108" pin="2"/><net_sink comp="213" pin=1"/></net>

<net id="223"><net_src comp="26" pin="0"/><net_sink comp="219" pin=0"/></net>

<net id="224"><net_src comp="102" pin="2"/><net_sink comp="219" pin=1"/></net>

<net id="229"><net_src comp="58" pin="0"/><net_sink comp="225" pin=0"/></net>

<net id="250"><net_src comp="60" pin="0"/><net_sink comp="230" pin=0"/></net>

<net id="251"><net_src comp="0" pin="0"/><net_sink comp="230" pin=1"/></net>

<net id="252"><net_src comp="2" pin="0"/><net_sink comp="230" pin=2"/></net>

<net id="253"><net_src comp="4" pin="0"/><net_sink comp="230" pin=3"/></net>

<net id="254"><net_src comp="6" pin="0"/><net_sink comp="230" pin=4"/></net>

<net id="255"><net_src comp="8" pin="0"/><net_sink comp="230" pin=5"/></net>

<net id="256"><net_src comp="10" pin="0"/><net_sink comp="230" pin=6"/></net>

<net id="257"><net_src comp="12" pin="0"/><net_sink comp="230" pin=7"/></net>

<net id="258"><net_src comp="50" pin="0"/><net_sink comp="230" pin=8"/></net>

<net id="259"><net_src comp="0" pin="0"/><net_sink comp="230" pin=9"/></net>

<net id="260"><net_src comp="2" pin="0"/><net_sink comp="230" pin=10"/></net>

<net id="261"><net_src comp="4" pin="0"/><net_sink comp="230" pin=11"/></net>

<net id="262"><net_src comp="6" pin="0"/><net_sink comp="230" pin=12"/></net>

<net id="263"><net_src comp="8" pin="0"/><net_sink comp="230" pin=13"/></net>

<net id="264"><net_src comp="10" pin="0"/><net_sink comp="230" pin=14"/></net>

<net id="265"><net_src comp="12" pin="0"/><net_sink comp="230" pin=15"/></net>

<net id="266"><net_src comp="14" pin="0"/><net_sink comp="230" pin=16"/></net>

<net id="267"><net_src comp="46" pin="0"/><net_sink comp="230" pin=17"/></net>

<net id="275"><net_src comp="58" pin="0"/><net_sink comp="271" pin=1"/></net>

<net id="280"><net_src comp="271" pin="2"/><net_sink comp="276" pin=0"/></net>

<net id="281"><net_src comp="32" pin="0"/><net_sink comp="276" pin=1"/></net>

<net id="289"><net_src comp="282" pin="1"/><net_sink comp="285" pin=0"/></net>

<net id="294"><net_src comp="282" pin="1"/><net_sink comp="290" pin=0"/></net>

<net id="295"><net_src comp="68" pin="0"/><net_sink comp="290" pin=1"/></net>

<net id="299"><net_src comp="296" pin="1"/><net_sink comp="162" pin=2"/></net>

<net id="304"><net_src comp="134" pin="4"/><net_sink comp="300" pin=0"/></net>

<net id="309"><net_src comp="290" pin="2"/><net_sink comp="305" pin=0"/></net>

<net id="330"><net_src comp="60" pin="0"/><net_sink comp="310" pin=0"/></net>

<net id="331"><net_src comp="0" pin="0"/><net_sink comp="310" pin=1"/></net>

<net id="332"><net_src comp="2" pin="0"/><net_sink comp="310" pin=2"/></net>

<net id="333"><net_src comp="4" pin="0"/><net_sink comp="310" pin=3"/></net>

<net id="334"><net_src comp="6" pin="0"/><net_sink comp="310" pin=4"/></net>

<net id="335"><net_src comp="8" pin="0"/><net_sink comp="310" pin=5"/></net>

<net id="336"><net_src comp="10" pin="0"/><net_sink comp="310" pin=6"/></net>

<net id="337"><net_src comp="12" pin="0"/><net_sink comp="310" pin=7"/></net>

<net id="338"><net_src comp="14" pin="0"/><net_sink comp="310" pin=8"/></net>

<net id="339"><net_src comp="50" pin="0"/><net_sink comp="310" pin=9"/></net>

<net id="340"><net_src comp="0" pin="0"/><net_sink comp="310" pin=10"/></net>

<net id="341"><net_src comp="2" pin="0"/><net_sink comp="310" pin=11"/></net>

<net id="342"><net_src comp="4" pin="0"/><net_sink comp="310" pin=12"/></net>

<net id="343"><net_src comp="6" pin="0"/><net_sink comp="310" pin=13"/></net>

<net id="344"><net_src comp="8" pin="0"/><net_sink comp="310" pin=14"/></net>

<net id="345"><net_src comp="10" pin="0"/><net_sink comp="310" pin=15"/></net>

<net id="346"><net_src comp="12" pin="0"/><net_sink comp="310" pin=16"/></net>

<net id="347"><net_src comp="46" pin="0"/><net_sink comp="310" pin=17"/></net>

<net id="351"><net_src comp="348" pin="1"/><net_sink comp="190" pin=1"/></net>

<net id="355"><net_src comp="352" pin="1"/><net_sink comp="190" pin=2"/></net>

<net id="360"><net_src comp="348" pin="1"/><net_sink comp="356" pin=1"/></net>

<net id="361"><net_src comp="356" pin="2"/><net_sink comp="190" pin=3"/></net>

<net id="382"><net_src comp="60" pin="0"/><net_sink comp="362" pin=0"/></net>

<net id="383"><net_src comp="0" pin="0"/><net_sink comp="362" pin=1"/></net>

<net id="384"><net_src comp="2" pin="0"/><net_sink comp="362" pin=2"/></net>

<net id="385"><net_src comp="4" pin="0"/><net_sink comp="362" pin=3"/></net>

<net id="386"><net_src comp="6" pin="0"/><net_sink comp="362" pin=4"/></net>

<net id="387"><net_src comp="8" pin="0"/><net_sink comp="362" pin=5"/></net>

<net id="388"><net_src comp="10" pin="0"/><net_sink comp="362" pin=6"/></net>

<net id="389"><net_src comp="12" pin="0"/><net_sink comp="362" pin=7"/></net>

<net id="390"><net_src comp="14" pin="0"/><net_sink comp="362" pin=8"/></net>

<net id="391"><net_src comp="50" pin="0"/><net_sink comp="362" pin=9"/></net>

<net id="392"><net_src comp="0" pin="0"/><net_sink comp="362" pin=10"/></net>

<net id="393"><net_src comp="2" pin="0"/><net_sink comp="362" pin=11"/></net>

<net id="394"><net_src comp="4" pin="0"/><net_sink comp="362" pin=12"/></net>

<net id="395"><net_src comp="6" pin="0"/><net_sink comp="362" pin=13"/></net>

<net id="396"><net_src comp="8" pin="0"/><net_sink comp="362" pin=14"/></net>

<net id="397"><net_src comp="10" pin="0"/><net_sink comp="362" pin=15"/></net>

<net id="398"><net_src comp="12" pin="0"/><net_sink comp="362" pin=16"/></net>

<net id="399"><net_src comp="46" pin="0"/><net_sink comp="362" pin=17"/></net>

<net id="406"><net_src comp="102" pin="2"/><net_sink comp="403" pin=0"/></net>

<net id="407"><net_src comp="403" pin="1"/><net_sink comp="219" pin=1"/></net>

<net id="411"><net_src comp="108" pin="2"/><net_sink comp="408" pin=0"/></net>

<net id="412"><net_src comp="408" pin="1"/><net_sink comp="213" pin=1"/></net>

<net id="416"><net_src comp="78" pin="1"/><net_sink comp="413" pin=0"/></net>

<net id="417"><net_src comp="413" pin="1"/><net_sink comp="190" pin=11"/></net>

<net id="418"><net_src comp="413" pin="1"/><net_sink comp="400" pin=0"/></net>

<net id="422"><net_src comp="82" pin="1"/><net_sink comp="419" pin=0"/></net>

<net id="423"><net_src comp="419" pin="1"/><net_sink comp="162" pin=14"/></net>

<net id="424"><net_src comp="419" pin="1"/><net_sink comp="352" pin=0"/></net>

<net id="428"><net_src comp="86" pin="1"/><net_sink comp="425" pin=0"/></net>

<net id="429"><net_src comp="425" pin="1"/><net_sink comp="162" pin=13"/></net>

<net id="430"><net_src comp="425" pin="1"/><net_sink comp="348" pin=0"/></net>

<net id="434"><net_src comp="90" pin="1"/><net_sink comp="431" pin=0"/></net>

<net id="435"><net_src comp="431" pin="1"/><net_sink comp="142" pin=8"/></net>

<net id="436"><net_src comp="431" pin="1"/><net_sink comp="268" pin=0"/></net>

<net id="440"><net_src comp="114" pin="2"/><net_sink comp="437" pin=0"/></net>

<net id="444"><net_src comp="213" pin="2"/><net_sink comp="441" pin=0"/></net>

<net id="445"><net_src comp="441" pin="1"/><net_sink comp="285" pin=1"/></net>

<net id="449"><net_src comp="219" pin="2"/><net_sink comp="446" pin=0"/></net>

<net id="450"><net_src comp="446" pin="1"/><net_sink comp="271" pin=0"/></net>

<net id="451"><net_src comp="446" pin="1"/><net_sink comp="162" pin=4"/></net>

<net id="455"><net_src comp="94" pin="1"/><net_sink comp="452" pin=0"/></net>

<net id="456"><net_src comp="452" pin="1"/><net_sink comp="225" pin=1"/></net>

<net id="457"><net_src comp="452" pin="1"/><net_sink comp="282" pin=0"/></net>

<net id="458"><net_src comp="452" pin="1"/><net_sink comp="305" pin=1"/></net>

<net id="462"><net_src comp="98" pin="1"/><net_sink comp="459" pin=0"/></net>

<net id="463"><net_src comp="459" pin="1"/><net_sink comp="142" pin=9"/></net>

<net id="464"><net_src comp="459" pin="1"/><net_sink comp="296" pin=0"/></net>

<net id="465"><net_src comp="459" pin="1"/><net_sink comp="190" pin=12"/></net>

<net id="472"><net_src comp="271" pin="2"/><net_sink comp="469" pin=0"/></net>

<net id="473"><net_src comp="469" pin="1"/><net_sink comp="356" pin=0"/></net>

<net id="477"><net_src comp="276" pin="2"/><net_sink comp="474" pin=0"/></net>

<net id="478"><net_src comp="474" pin="1"/><net_sink comp="300" pin=1"/></net>

<net id="488"><net_src comp="300" pin="2"/><net_sink comp="485" pin=0"/></net>

<net id="489"><net_src comp="485" pin="1"/><net_sink comp="134" pin=2"/></net>

<net id="499"><net_src comp="356" pin="2"/><net_sink comp="496" pin=0"/></net>

<net id="500"><net_src comp="496" pin="1"/><net_sink comp="190" pin=3"/></net>

</net_list>

</model> 
---------------- Datapath Model END ------------------

* FSMD analyzer results:
  - Output states:
	Port: s_axis_video_V_data_V | {}
	Port: s_axis_video_V_keep_V | {}
	Port: s_axis_video_V_strb_V | {}
	Port: s_axis_video_V_user_V | {}
	Port: s_axis_video_V_last_V | {}
	Port: s_axis_video_V_id_V | {}
	Port: s_axis_video_V_dest_V | {}
	Port: srcLayer0 | {5 6 }
 - Input state : 
	Port: AXIvideo2MultiPixStream : s_axis_video_V_data_V | {2 3 5 6 7 8 }
	Port: AXIvideo2MultiPixStream : s_axis_video_V_keep_V | {2 3 5 6 7 8 }
	Port: AXIvideo2MultiPixStream : s_axis_video_V_strb_V | {2 3 5 6 7 8 }
	Port: AXIvideo2MultiPixStream : s_axis_video_V_user_V | {2 3 5 6 7 8 }
	Port: AXIvideo2MultiPixStream : s_axis_video_V_last_V | {2 3 5 6 7 8 }
	Port: AXIvideo2MultiPixStream : s_axis_video_V_id_V | {2 3 5 6 7 8 }
	Port: AXIvideo2MultiPixStream : s_axis_video_V_dest_V | {2 3 5 6 7 8 }
	Port: AXIvideo2MultiPixStream : Height | {1 }
	Port: AXIvideo2MultiPixStream : WidthIn | {1 }
	Port: AXIvideo2MultiPixStream : layerEnableFlag | {2 }
  - Chain level:
	State 1
	State 2
		call_ln0 : 1
		store_ln3771 : 1
	State 3
	State 4
		xor_ln3820 : 1
	State 5
		icmp_ln3771 : 1
		i_6 : 1
		br_ln3771 : 2
		call_ln3820 : 1
		and_ln3820_1 : 1
		store_ln3771 : 2
	State 6
	State 7
		and_ln3820 : 1
		call_ln3820 : 1
	State 8
	State 9


============================================================
+ Verbose Summary: Datapath Resource usage 
============================================================

* Functional unit list:
|----------|-----------------------------------------------------------------|---------|---------|
| Operation|                         Functional Unit                         |    FF   |   LUT   |
|----------|-----------------------------------------------------------------|---------|---------|
|          | grp_AXIvideo2MultiPixStream_Pipeline_loop_wait_for_start_fu_142 |    4    |    0    |
|          |      grp_AXIvideo2MultiPixStream_Pipeline_loop_width_fu_162     |    41   |    23   |
|   call   |  grp_AXIvideo2MultiPixStream_Pipeline_loop_wait_for_eol_fu_190  |    3    |    0    |
|          |                 grp_reg_unsigned_short_1_fu_213                 |    0    |    0    |
|          |                 grp_reg_unsigned_short_1_fu_219                 |    0    |    0    |
|----------|-----------------------------------------------------------------|---------|---------|
|   icmp   |                        icmp_ln3775_fu_271                       |    0    |    11   |
|          |                        icmp_ln3771_fu_285                       |    0    |    11   |
|----------|-----------------------------------------------------------------|---------|---------|
|    add   |                            i_6_fu_290                           |    0    |    11   |
|----------|-----------------------------------------------------------------|---------|---------|
|    and   |                       and_ln3820_1_fu_300                       |    0    |    1    |
|          |                        and_ln3820_fu_356                        |    0    |    1    |
|----------|-----------------------------------------------------------------|---------|---------|
|    xor   |                        xor_ln3820_fu_276                        |    0    |    1    |
|----------|-----------------------------------------------------------------|---------|---------|
|          |                     WidthIn_read_read_fu_102                    |    0    |    0    |
|   read   |                     Height_read_read_fu_108                     |    0    |    0    |
|          |                 layerEnableFlag_read_read_fu_114                |    0    |    0    |
|----------|-----------------------------------------------------------------|---------|---------|
|          |                       fence_ln3758_fu_230                       |    0    |    0    |
|   fence  |                       fence_ln3820_fu_310                       |    0    |    0    |
|          |                       fence_ln3820_fu_362                       |    0    |    0    |
|----------|-----------------------------------------------------------------|---------|---------|
|   Total  |                                                                 |    48   |    59   |
|----------|-----------------------------------------------------------------|---------|---------|

Memories:
N/A

* Register list:
+------------------------------------+--------+
|                                    |   FF   |
+------------------------------------+--------+
|         Height_read_reg_408        |   11   |
|        WidthIn_read_reg_403        |   11   |
|        and_ln3820_1_reg_485        |    1   |
|         and_ln3820_reg_496         |    1   |
|        axi_last_loc_reg_431        |    1   |
|            cols_reg_446            |   11   |
|              i_reg_452             |   11   |
|         icmp_ln3775_reg_469        |    1   |
|    layerEnableFlag_read_reg_437    |    1   |
|     p_0_0_0_0144310_loc_reg_419    |   24   |
|  p_0_0_0_0144311_lcssa327_reg_459  |   24   |
|p_4_0_0_0152318_lcssa341_loc_reg_413|    1   |
|  p_4_0_0_0152318_lcssa343_reg_120  |    1   |
|     p_4_0_0_0152319_loc_reg_425    |    1   |
|            rows_reg_441            |   11   |
|             sof_reg_130            |    1   |
|         xor_ln3820_reg_474         |    1   |
+------------------------------------+--------+
|                Total               |   113  |
+------------------------------------+--------+

* Multiplexer (MUX) list: 
|---------------------------------------------------------------|------|------|------|--------||---------||---------||---------|
|                              Comp                             |  Pin | Size |  BW  | S x BW ||  Delay  ||    FF   ||   LUT   |
|---------------------------------------------------------------|------|------|------|--------||---------||---------||---------|
|                          sof_reg_130                          |  p0  |   2  |   1  |    2   ||    0    ||    9    |
| grp_AXIvideo2MultiPixStream_Pipeline_loop_wait_for_eol_fu_190 |  p3  |   2  |   1  |    2   ||    0    ||    9    |
|                grp_reg_unsigned_short_1_fu_213                |  p1  |   2  |  11  |   22   ||    0    ||    9    |
|                grp_reg_unsigned_short_1_fu_219                |  p1  |   2  |  11  |   22   ||    0    ||    9    |
|---------------------------------------------------------------|------|------|------|--------||---------||---------||---------|
|                             Total                             |      |      |      |   48   ||  5.192  ||    0    ||    36   |
|---------------------------------------------------------------|------|------|------|--------||---------||---------||---------|



* Summary:
+-----------+--------+--------+--------+
|           |  Delay |   FF   |   LUT  |
+-----------+--------+--------+--------+
|  Function |    -   |   48   |   59   |
|   Memory  |    -   |    -   |    -   |
|Multiplexer|    5   |    0   |   36   |
|  Register |    -   |   113  |    -   |
+-----------+--------+--------+--------+
|   Total   |    5   |   161  |   95   |
+-----------+--------+--------+--------+
