

================================================================
== Vitis HLS Report for 'Bytes2MultiPixStream_10_s'
================================================================
* Date:           Thu Mar  5 12:49:40 2026

* Version:        2025.2 (Build 6295257 on Nov 14 2025)
* Project:        prj
* Solution:       sol (Vivado IP Flow Target)
* Product family: zynq
* Target device:  xc7z020-clg400-2


================================================================
== Performance Estimates
================================================================
+ Timing: 
    * Summary: 
    +--------+---------+----------+------------+
    |  Clock |  Target | Estimated| Uncertainty|
    +--------+---------+----------+------------+
    |ap_clk  |  6.67 ns|  4.388 ns|     1.80 ns|
    +--------+---------+----------+------------+

+ Latency: 
    * Summary: 
    +---------+-----------+----------+-----------+-----+-----------+---------+
    |   Latency (cycles)  |  Latency (absolute)  |     Interval    | Pipeline|
    |   min   |    max    |    min   |    max    | min |    max    |   Type  |
    +---------+-----------+----------+-----------+-----+-----------+---------+
    |        1|  141566401|  6.667 ns|  0.944 sec|    1|  141566401|       no|
    +---------+-----------+----------+-----------+-----+-----------+---------+

    + Detail: 
        * Instance: 
        N/A

        * Loop: 
        +---------------------+---------+-----------+-----------+-----------+-----------+----------+----------+
        |                     |   Latency (cycles)  | Iteration |  Initiation Interval  |   Trip   |          |
        |      Loop Name      |   min   |    max    |  Latency  |  achieved |   target  |   Count  | Pipelined|
        +---------------------+---------+-----------+-----------+-----------+-----------+----------+----------+
        |- VITIS_LOOP_1099_1  |        0|  141566400|  4 ~ 65540|          -|          -|  0 ~ 2160|        no|
        +---------------------+---------+-----------+-----------+-----------+-----------+----------+----------+

============================================================
+ Verbose Summary: Synthesis Manager
============================================================
InlineROM: 1
ExposeGlobal: 0
============================================================
+ Verbose Summary: CDFG Model
============================================================
IsTopModel: 0
ResetActiveHigh: 1
IsCombinational: 2
IsDatapathOnly: 0
HasWiredReturn: 1
HasMFsm: 0
HasVarLatency: 1
IsPipeline: 0
IsRtlPipelined: 0
IsInstanceOverlapped: 0
IsDontTouch: 0
HasImplIP: 0
IsGatedGlobalClock: 0


============================================================
+ Verbose Summary: Schedule
============================================================
* Number of FSM states : 3
* Pipeline : 0
* Dataflow Pipeline: 0

* FSM state transitions: 
1 --> 2 
2 --> 3 
3 --> 2 

* FSM state operations: 

State 1 <SV = 0> <Delay = 1.29>
ST_1 : Operation 4 [1/1] (0.00ns)   --->   "%specstablecontent_ln0 = specstablecontent void @_ssdm_op_SpecStableContent, i16 %Height, i1 1, void @p_str"   --->   Operation 4 'specstablecontent' 'specstablecontent_ln0' <Predicate = true> <Delay = 0.00>
ST_1 : Operation 5 [1/1] (0.00ns)   --->   "%specstablecontent_ln0 = specstablecontent void @_ssdm_op_SpecStableContent, i16 %Width, i1 1, void @p_str"   --->   Operation 5 'specstablecontent' 'specstablecontent_ln0' <Predicate = true> <Delay = 0.00>
ST_1 : Operation 6 [1/1] (0.00ns)   --->   "%specstablecontent_ln0 = specstablecontent void @_ssdm_op_SpecStableContent, i1 %enable, i1 1, void @p_str"   --->   Operation 6 'specstablecontent' 'specstablecontent_ln0' <Predicate = true> <Delay = 0.00>
ST_1 : Operation 7 [1/1] (0.00ns)   --->   "%specinterface_ln0 = specinterface void @_ssdm_op_SpecInterface, i64 %bytesLayer1_plane0, void @empty_40, i32 0, i32 0, void @empty_44, i32 0, i32 0, void @empty_44, void @empty_44, void @empty_44, i32 0, i32 0, i32 0, i32 0, void @empty_44, void @empty_44, i32 4294967295, i32 0, i32 0, i32 0"   --->   Operation 7 'specinterface' 'specinterface_ln0' <Predicate = true> <Delay = 0.00>
ST_1 : Operation 8 [1/1] (0.00ns)   --->   "%specinterface_ln0 = specinterface void @_ssdm_op_SpecInterface, i24 %srcLayer1, void @empty_40, i32 0, i32 0, void @empty_44, i32 0, i32 0, void @empty_44, void @empty_44, void @empty_44, i32 0, i32 0, i32 0, i32 0, void @empty_44, void @empty_44, i32 4294967295, i32 0, i32 0, i32 0"   --->   Operation 8 'specinterface' 'specinterface_ln0' <Predicate = true> <Delay = 0.00>
ST_1 : Operation 9 [1/1] (0.00ns)   --->   "%enable_read = read i1 @_ssdm_op_Read.ap_auto.i1, i1 %enable" [prj/sol/.autopilot/db/v_dma.cpp:1081]   --->   Operation 9 'read' 'enable_read' <Predicate = true> <Delay = 0.00>
ST_1 : Operation 10 [1/1] (0.00ns)   --->   "%Width_read = read i16 @_ssdm_op_Read.ap_auto.i16, i16 %Width" [prj/sol/.autopilot/db/v_dma.cpp:1081]   --->   Operation 10 'read' 'Width_read' <Predicate = true> <Delay = 0.00>
ST_1 : Operation 11 [1/1] (0.00ns)   --->   "%Height_read = read i16 @_ssdm_op_Read.ap_auto.i16, i16 %Height" [prj/sol/.autopilot/db/v_dma.cpp:1081]   --->   Operation 11 'read' 'Height_read' <Predicate = true> <Delay = 0.00>
ST_1 : Operation 12 [1/1] (0.00ns)   --->   "%br_ln1097 = br i1 %enable_read, void %if.end64, void %VITIS_LOOP_1104_2.preheader" [prj/sol/.autopilot/db/v_dma.cpp:1097]   --->   Operation 12 'br' 'br_ln1097' <Predicate = true> <Delay = 0.00>
ST_1 : Operation 13 [1/1] (0.00ns)   --->   "%y_06 = alloca i32 1" [prj/sol/.autopilot/db/v_dma.cpp:1099]   --->   Operation 13 'alloca' 'y_06' <Predicate = (enable_read)> <Delay = 0.00>
ST_1 : Operation 14 [1/1] (1.29ns)   --->   "%store_ln1099 = store i16 0, i16 %y_06" [prj/sol/.autopilot/db/v_dma.cpp:1099]   --->   Operation 14 'store' 'store_ln1099' <Predicate = (enable_read)> <Delay = 1.29>
ST_1 : Operation 15 [1/1] (0.00ns)   --->   "%br_ln1099 = br void %VITIS_LOOP_1104_2" [prj/sol/.autopilot/db/v_dma.cpp:1099]   --->   Operation 15 'br' 'br_ln1099' <Predicate = (enable_read)> <Delay = 0.00>

State 2 <SV = 1> <Delay = 4.38>
ST_2 : Operation 16 [1/1] (0.00ns)   --->   "%y = load i16 %y_06" [prj/sol/.autopilot/db/v_dma.cpp:1099]   --->   Operation 16 'load' 'y' <Predicate = (enable_read)> <Delay = 0.00>
ST_2 : Operation 17 [1/1] (1.54ns)   --->   "%icmp_ln1099 = icmp_eq  i16 %y, i16 %Height_read" [prj/sol/.autopilot/db/v_dma.cpp:1099]   --->   Operation 17 'icmp' 'icmp_ln1099' <Predicate = (enable_read)> <Delay = 1.54> <CoreInst = "Cmp">   --->   Core 9 'Cmp' <Latency = 0> <II = 1> <Delay = 1.54> <FuncUnit> <Opcode : 'seteq' 'setne' 'setle' 'setge' 'setlt' 'setgt'> <InPorts = 2> <OutPorts = 1>
ST_2 : Operation 18 [1/1] (1.54ns)   --->   "%y_20 = add i16 %y, i16 1" [prj/sol/.autopilot/db/v_dma.cpp:1099]   --->   Operation 18 'add' 'y_20' <Predicate = (enable_read)> <Delay = 1.54> <CoreInst = "Adder">   --->   Core 1 'Adder' <Latency = 0> <II = 1> <Delay = 1.54> <FuncUnit> <Opcode : 'add' 'sub'> <InPorts = 2> <OutPorts = 1>
ST_2 : Operation 19 [1/1] (0.00ns)   --->   "%br_ln1099 = br i1 %icmp_ln1099, void %for.body5.lr.ph, void %if.end64.loopexit" [prj/sol/.autopilot/db/v_dma.cpp:1099]   --->   Operation 19 'br' 'br_ln1099' <Predicate = (enable_read)> <Delay = 0.00>
ST_2 : Operation 20 [2/2] (2.84ns)   --->   "%call_ln1081 = call void @Bytes2MultiPixStream<10>_Pipeline_VITIS_LOOP_1104_2, i16 %Width_read, i24 %srcLayer1, i64 %bytesLayer1_plane0" [prj/sol/.autopilot/db/v_dma.cpp:1081]   --->   Operation 20 'call' 'call_ln1081' <Predicate = (enable_read & !icmp_ln1099)> <Delay = 2.84> <CoreType = "Generic">   --->   Generic Core
ST_2 : Operation 21 [1/1] (1.29ns)   --->   "%store_ln1099 = store i16 %y_20, i16 %y_06" [prj/sol/.autopilot/db/v_dma.cpp:1099]   --->   Operation 21 'store' 'store_ln1099' <Predicate = (enable_read & !icmp_ln1099)> <Delay = 1.29>
ST_2 : Operation 22 [1/1] (0.00ns)   --->   "%br_ln0 = br void %if.end64"   --->   Operation 22 'br' 'br_ln0' <Predicate = (enable_read & icmp_ln1099)> <Delay = 0.00>
ST_2 : Operation 23 [1/1] (0.00ns)   --->   "%ret_ln1130 = ret" [prj/sol/.autopilot/db/v_dma.cpp:1130]   --->   Operation 23 'ret' 'ret_ln1130' <Predicate = (icmp_ln1099) | (!enable_read)> <Delay = 0.00>

State 3 <SV = 2> <Delay = 0.00>
ST_3 : Operation 24 [1/1] (0.00ns)   --->   "%speclooptripcount_ln1101 = speclooptripcount void @_ssdm_op_SpecLoopTripCount, i64 0, i64 2160, i64 1080" [prj/sol/.autopilot/db/v_dma.cpp:1101]   --->   Operation 24 'speclooptripcount' 'speclooptripcount_ln1101' <Predicate = true> <Delay = 0.00>
ST_3 : Operation 25 [1/1] (0.00ns)   --->   "%specloopname_ln1099 = specloopname void @_ssdm_op_SpecLoopName, void @empty_15" [prj/sol/.autopilot/db/v_dma.cpp:1099]   --->   Operation 25 'specloopname' 'specloopname_ln1099' <Predicate = true> <Delay = 0.00>
ST_3 : Operation 26 [1/2] (0.00ns)   --->   "%call_ln1081 = call void @Bytes2MultiPixStream<10>_Pipeline_VITIS_LOOP_1104_2, i16 %Width_read, i24 %srcLayer1, i64 %bytesLayer1_plane0" [prj/sol/.autopilot/db/v_dma.cpp:1081]   --->   Operation 26 'call' 'call_ln1081' <Predicate = true> <Delay = 0.00> <CoreType = "Generic">   --->   Generic Core
ST_3 : Operation 27 [1/1] (0.00ns)   --->   "%br_ln1099 = br void %VITIS_LOOP_1104_2" [prj/sol/.autopilot/db/v_dma.cpp:1099]   --->   Operation 27 'br' 'br_ln1099' <Predicate = true> <Delay = 0.00>


============================================================
+ Verbose Summary: Timing violations
============================================================
Target clock period: 6.667ns, clock uncertainty: 1.800ns.

 <State 1>: 1.298ns
The critical path consists of the following:
	wire read operation ('enable_read', prj/sol/.autopilot/db/v_dma.cpp:1081) on port 'enable' (prj/sol/.autopilot/db/v_dma.cpp:1081) [11]  (0.000 ns)
	'store' operation ('store_ln1099', prj/sol/.autopilot/db/v_dma.cpp:1099) of constant 0 16 bit on local variable 'y', prj/sol/.autopilot/db/v_dma.cpp:1099 [17]  (1.298 ns)

 <State 2>: 4.388ns
The critical path consists of the following:
	'load' operation 16 bit ('y', prj/sol/.autopilot/db/v_dma.cpp:1099) on local variable 'y', prj/sol/.autopilot/db/v_dma.cpp:1099 [20]  (0.000 ns)
	'icmp' operation 1 bit ('icmp_ln1099', prj/sol/.autopilot/db/v_dma.cpp:1099) [21]  (1.545 ns)
	'call' operation ('call_ln1081', prj/sol/.autopilot/db/v_dma.cpp:1081) to 'Bytes2MultiPixStream<10>_Pipeline_VITIS_LOOP_1104_2' [27]  (2.843 ns)

 <State 3>: 0.000ns
The critical path consists of the following:


============================================================
+ Verbose Summary: Binding
============================================================
N/A
* FSMD analyzer results:
  - Output states:
 - Input state : 
  - Chain level:
	State 1
	State 2
	State 3


============================================================
+ Verbose Summary: Datapath Resource usage 
============================================================
N/A
