

================================================================
== Vitis HLS Report for 'Bytes2MultiPixStream_10_Pipeline_VITIS_LOOP_1104_2'
================================================================
* Date:           Thu Mar  5 12:49:40 2026

* Version:        2025.2 (Build 6295257 on Nov 14 2025)
* Project:        prj
* Solution:       sol (Vivado IP Flow Target)
* Product family: zynq
* Target device:  xc7z020-clg400-2


================================================================
== Performance Estimates
================================================================
+ Timing: 
    * Summary: 
    +--------+---------+----------+------------+
    |  Clock |  Target | Estimated| Uncertainty|
    +--------+---------+----------+------------+
    |ap_clk  |  6.67 ns|  4.141 ns|     1.80 ns|
    +--------+---------+----------+------------+

+ Latency: 
    * Summary: 
    +---------+---------+-----------+----------+-----+-----+-------------------+
    |  Latency (cycles) |  Latency (absolute)  |  Interval |      Pipeline     |
    |   min   |   max   |    min    |    max   | min | max |        Type       |
    +---------+---------+-----------+----------+-----+-----+-------------------+
    |        2|    65538|  13.334 ns|  0.437 ms|    0|    0|  loop pipeline stp|
    +---------+---------+-----------+----------+-----+-----+-------------------+

    + Detail: 
        * Instance: 
        N/A

        * Loop: 
        +---------------------+---------+---------+----------+-----------+-----------+-----------+----------+
        |                     |  Latency (cycles) | Iteration|  Initiation Interval  |    Trip   |          |
        |      Loop Name      |   min   |   max   |  Latency |  achieved |   target  |   Count   | Pipelined|
        +---------------------+---------+---------+----------+-----------+-----------+-----------+----------+
        |- VITIS_LOOP_1104_2  |        0|    65536|         3|          1|          1|  0 ~ 65535|       yes|
        +---------------------+---------+---------+----------+-----------+-----------+-----------+----------+

============================================================
+ Verbose Summary: Synthesis Manager
============================================================
InlineROM: 1
ExposeGlobal: 0
============================================================
+ Verbose Summary: CDFG Model
============================================================
IsTopModel: 0
ResetActiveHigh: 1
IsCombinational: 0
IsDatapathOnly: 0
HasWiredReturn: 1
HasMFsm: 2
HasVarLatency: 1
IsPipeline: 0
IsRtlPipelined: 0
IsInstanceOverlapped: 0
IsDontTouch: 0
HasImplIP: 0
IsGatedGlobalClock: 0

+ Individual pipeline summary: 
  * Pipeline-0: initiation interval (II) = 1, depth = 3


============================================================
+ Verbose Summary: Schedule
============================================================
* Number of FSM states : 3
* Pipeline : 1
  Pipeline-0 : II = 1, D = 3, States = { 1 2 3 }
* Dataflow Pipeline: 0

* FSM state transitions: 
1 --> 2 
2 --> 3 
3 --> 

* FSM state operations: 

State 1 <SV = 0> <Delay = 4.14>
ST_1 : Operation 6 [1/1] (0.00ns)   --->   "%fb_pix = alloca i32 1" [prj/sol/.autopilot/db/v_dma.cpp:1103]   --->   Operation 6 'alloca' 'fb_pix' <Predicate = true> <Delay = 0.00>
ST_1 : Operation 7 [1/1] (0.00ns)   --->   "%x_04 = alloca i32 1" [prj/sol/.autopilot/db/v_dma.cpp:1104]   --->   Operation 7 'alloca' 'x_04' <Predicate = true> <Delay = 0.00>
ST_1 : Operation 8 [1/1] (0.00ns)   --->   "%specstablecontent_ln0 = specstablecontent void @_ssdm_op_SpecStableContent, i16 %Width, i1 1, void @p_str"   --->   Operation 8 'specstablecontent' 'specstablecontent_ln0' <Predicate = true> <Delay = 0.00>
ST_1 : Operation 9 [1/1] (0.00ns)   --->   "%specinterface_ln0 = specinterface void @_ssdm_op_SpecInterface, i24 %srcLayer1, void @empty_40, i32 0, i32 0, void @empty_44, i32 0, i32 0, void @empty_44, void @empty_44, void @empty_44, i32 0, i32 0, i32 0, i32 0, void @empty_44, void @empty_44, i32 4294967295, i32 0, i32 0, i32 0"   --->   Operation 9 'specinterface' 'specinterface_ln0' <Predicate = true> <Delay = 0.00>
ST_1 : Operation 10 [1/1] (0.00ns)   --->   "%specinterface_ln0 = specinterface void @_ssdm_op_SpecInterface, i64 %bytesLayer1_plane0, void @empty_40, i32 0, i32 0, void @empty_44, i32 0, i32 0, void @empty_44, void @empty_44, void @empty_44, i32 0, i32 0, i32 0, i32 0, void @empty_44, void @empty_44, i32 4294967295, i32 0, i32 0, i32 0"   --->   Operation 10 'specinterface' 'specinterface_ln0' <Predicate = true> <Delay = 0.00>
ST_1 : Operation 11 [1/1] (0.00ns)   --->   "%Width_read = read i16 @_ssdm_op_Read.ap_auto.i16, i16 %Width" [prj/sol/.autopilot/db/v_dma.cpp:1081]   --->   Operation 11 'read' 'Width_read' <Predicate = true> <Delay = 0.00>
ST_1 : Operation 12 [1/1] (1.29ns)   --->   "%store_ln1104 = store i16 0, i16 %x_04" [prj/sol/.autopilot/db/v_dma.cpp:1104]   --->   Operation 12 'store' 'store_ln1104' <Predicate = true> <Delay = 1.29>
ST_1 : Operation 13 [1/1] (1.32ns)   --->   "%store_ln1103 = store i64 0, i64 %fb_pix" [prj/sol/.autopilot/db/v_dma.cpp:1103]   --->   Operation 13 'store' 'store_ln1103' <Predicate = true> <Delay = 1.32>
ST_1 : Operation 14 [1/1] (0.00ns)   --->   "%br_ln1104 = br void %for.body5" [prj/sol/.autopilot/db/v_dma.cpp:1104]   --->   Operation 14 'br' 'br_ln1104' <Predicate = true> <Delay = 0.00>
ST_1 : Operation 15 [1/1] (0.00ns)   --->   "%x = load i16 %x_04" [prj/sol/.autopilot/db/v_dma.cpp:1104]   --->   Operation 15 'load' 'x' <Predicate = true> <Delay = 0.00>
ST_1 : Operation 16 [1/1] (1.54ns)   --->   "%icmp_ln1104 = icmp_eq  i16 %x, i16 %Width_read" [prj/sol/.autopilot/db/v_dma.cpp:1104]   --->   Operation 16 'icmp' 'icmp_ln1104' <Predicate = true> <Delay = 1.54> <CoreInst = "Cmp">   --->   Core 9 'Cmp' <Latency = 0> <II = 1> <Delay = 1.54> <FuncUnit> <Opcode : 'seteq' 'setne' 'setle' 'setge' 'setlt' 'setgt'> <InPorts = 2> <OutPorts = 1>
ST_1 : Operation 17 [1/1] (1.54ns)   --->   "%x_19 = add i16 %x, i16 1" [prj/sol/.autopilot/db/v_dma.cpp:1104]   --->   Operation 17 'add' 'x_19' <Predicate = true> <Delay = 1.54> <CoreInst = "Adder">   --->   Core 1 'Adder' <Latency = 0> <II = 1> <Delay = 1.54> <FuncUnit> <Opcode : 'add' 'sub'> <InPorts = 2> <OutPorts = 1>
ST_1 : Operation 18 [1/1] (0.00ns)   --->   "%br_ln1104 = br i1 %icmp_ln1104, void %for.body5.split, void %for.inc61.exitStub" [prj/sol/.autopilot/db/v_dma.cpp:1104]   --->   Operation 18 'br' 'br_ln1104' <Predicate = true> <Delay = 0.00>
ST_1 : Operation 19 [1/1] (0.00ns)   --->   "%specpipeline_ln1106 = specpipeline void @_ssdm_op_SpecPipeline, i32 1, i32 0, i32 0, i32 0, i32 4294967295, void @empty_44" [prj/sol/.autopilot/db/v_dma.cpp:1106]   --->   Operation 19 'specpipeline' 'specpipeline_ln1106' <Predicate = (!icmp_ln1104)> <Delay = 0.00>
ST_1 : Operation 20 [1/1] (0.00ns)   --->   "%speclooptripcount_ln1103 = speclooptripcount void @_ssdm_op_SpecLoopTripCount, i64 0, i64 65535, i64 32767" [prj/sol/.autopilot/db/v_dma.cpp:1103]   --->   Operation 20 'speclooptripcount' 'speclooptripcount_ln1103' <Predicate = (!icmp_ln1104)> <Delay = 0.00>
ST_1 : Operation 21 [1/1] (0.00ns)   --->   "%specloopname_ln1104 = specloopname void @_ssdm_op_SpecLoopName, void @empty_45" [prj/sol/.autopilot/db/v_dma.cpp:1104]   --->   Operation 21 'specloopname' 'specloopname_ln1104' <Predicate = (!icmp_ln1104)> <Delay = 0.00>
ST_1 : Operation 22 [1/1] (0.00ns)   --->   "%xmodratio = trunc i16 %x" [prj/sol/.autopilot/db/v_dma.cpp:1107]   --->   Operation 22 'trunc' 'xmodratio' <Predicate = (!icmp_ln1104)> <Delay = 0.00>
ST_1 : Operation 23 [1/1] (0.00ns)   --->   "%br_ln1108 = br i1 %xmodratio, void %if.then9, void %_ZrSILi64ELb0EER11ap_int_baseIXT_EXT0_EES2_i.exit" [prj/sol/.autopilot/db/v_dma.cpp:1108]   --->   Operation 23 'br' 'br_ln1108' <Predicate = (!icmp_ln1104)> <Delay = 0.00>
ST_1 : Operation 24 [1/1] (1.29ns)   --->   "%store_ln1104 = store i16 %x_19, i16 %x_04" [prj/sol/.autopilot/db/v_dma.cpp:1104]   --->   Operation 24 'store' 'store_ln1104' <Predicate = (!icmp_ln1104)> <Delay = 1.29>

State 2 <SV = 1> <Delay = 3.75>
ST_2 : Operation 25 [1/1] ( I:2.43ns O:2.43ns )   --->   "%fb_pix_2 = read i64 @_ssdm_op_Read.ap_fifo.volatile.i64P0A, i64 %bytesLayer1_plane0" [prj/sol/.autopilot/db/v_dma.cpp:1110]   --->   Operation 25 'read' 'fb_pix_2' <Predicate = (!xmodratio)> <Delay = 2.43> <CoreInst = "FIFO_SRL">   --->   Core 80 'FIFO_SRL' <Latency = 0> <II = 1> <Delay = 3.40> <Storage> <Opcode : 'read' 'write' 'nbread' 'nbwrite'> <Ports = 0> <Width = 64> <Depth = 2> <FIFO>
ST_2 : Operation 26 [1/1] (1.32ns)   --->   "%store_ln1103 = store i64 %fb_pix_2, i64 %fb_pix" [prj/sol/.autopilot/db/v_dma.cpp:1103]   --->   Operation 26 'store' 'store_ln1103' <Predicate = (!xmodratio)> <Delay = 1.32>
ST_2 : Operation 27 [1/1] (0.00ns)   --->   "%br_ln1111 = br void %for.inc" [prj/sol/.autopilot/db/v_dma.cpp:1111]   --->   Operation 27 'br' 'br_ln1111' <Predicate = (!xmodratio)> <Delay = 0.00>
ST_2 : Operation 28 [1/1] (0.00ns)   --->   "%fb_pix_load = load i64 %fb_pix" [prj/sol/.autopilot/db/v_dma.cpp:1114]   --->   Operation 28 'load' 'fb_pix_load' <Predicate = (xmodratio)> <Delay = 0.00>
ST_2 : Operation 29 [1/1] (0.00ns)   --->   "%fb_pix_1 = partselect i32 @_ssdm_op_PartSelect.i32.i64.i32.i32, i64 %fb_pix_load, i32 32, i32 63" [prj/sol/.autopilot/db/v_dma.cpp:1114]   --->   Operation 29 'partselect' 'fb_pix_1' <Predicate = (xmodratio)> <Delay = 0.00>
ST_2 : Operation 30 [1/1] (0.00ns)   --->   "%zext_ln1114 = zext i32 %fb_pix_1" [prj/sol/.autopilot/db/v_dma.cpp:1114]   --->   Operation 30 'zext' 'zext_ln1114' <Predicate = (xmodratio)> <Delay = 0.00>
ST_2 : Operation 31 [1/1] (1.32ns)   --->   "%store_ln1103 = store i64 %zext_ln1114, i64 %fb_pix" [prj/sol/.autopilot/db/v_dma.cpp:1103]   --->   Operation 31 'store' 'store_ln1103' <Predicate = (xmodratio)> <Delay = 1.32>
ST_2 : Operation 32 [1/1] (0.00ns)   --->   "%br_ln0 = br void %for.inc"   --->   Operation 32 'br' 'br_ln0' <Predicate = (xmodratio)> <Delay = 0.00>
ST_2 : Operation 37 [1/1] (1.29ns)   --->   "%ret_ln0 = ret"   --->   Operation 37 'ret' 'ret_ln0' <Predicate = (icmp_ln1104)> <Delay = 1.29>

State 3 <SV = 2> <Delay = 2.43>
ST_3 : Operation 33 [1/1] (0.00ns)   --->   "%fb_pix_3 = load i64 %fb_pix" [prj/sol/.autopilot/db/v_dma.cpp:1126]   --->   Operation 33 'load' 'fb_pix_3' <Predicate = true> <Delay = 0.00>
ST_3 : Operation 34 [1/1] (0.00ns)   --->   "%trunc_ln1126 = trunc i64 %fb_pix_3" [prj/sol/.autopilot/db/v_dma.cpp:1126]   --->   Operation 34 'trunc' 'trunc_ln1126' <Predicate = true> <Delay = 0.00>
ST_3 : Operation 35 [1/1] ( I:2.43ns O:2.43ns )   --->   "%write_ln1126 = write void @_ssdm_op_Write.ap_fifo.volatile.i24P0A, i24 %srcLayer1, i24 %trunc_ln1126" [prj/sol/.autopilot/db/v_dma.cpp:1126]   --->   Operation 35 'write' 'write_ln1126' <Predicate = true> <Delay = 2.43> <CoreInst = "FIFO_SRL">   --->   Core 80 'FIFO_SRL' <Latency = 0> <II = 1> <Delay = 3.40> <Storage> <Opcode : 'read' 'write' 'nbread' 'nbwrite'> <Ports = 0> <Width = 24> <Depth = 2> <FIFO>
ST_3 : Operation 36 [1/1] (0.00ns)   --->   "%br_ln1104 = br void %for.body5" [prj/sol/.autopilot/db/v_dma.cpp:1104]   --->   Operation 36 'br' 'br_ln1104' <Predicate = true> <Delay = 0.00>


============================================================
+ Verbose Summary: Binding
============================================================
STG Binding: 
---------------- STG Properties BEGIN ----------------
- Is combinational: 0
- Is one-state seq: 0
- Is datapath-only: 0
- Is pipelined: 0
- Is top level: 0
Port [ Return ] is wired: 1; IO mode=ap_ctrl_hs:ce=0
Port [ Width]:  wired=1; compound=0; hidden=0; nouse=0; global=0; static=0; extern=0; dir=0; type=0; pingpong=0; private_global=0; IO mode=ap_stable:ce=0
Port [ srcLayer1]:  wired=1; compound=1; hidden=0; nouse=0; global=0; static=0; extern=0; dir=1; type=3; pingpong=0; private_global=0; IO mode=ap_fifo:ce=0
Port [ bytesLayer1_plane0]:  wired=1; compound=1; hidden=0; nouse=0; global=0; static=0; extern=0; dir=0; type=3; pingpong=0; private_global=0; IO mode=ap_fifo:ce=0
---------------- STG Properties END ------------------

---------------- Datapath Model BEGIN ----------------

<LifeTime>
<method=bitvector/>
fb_pix                   (alloca           ) [ 0111]
x_04                     (alloca           ) [ 0100]
specstablecontent_ln0    (specstablecontent) [ 0000]
specinterface_ln0        (specinterface    ) [ 0000]
specinterface_ln0        (specinterface    ) [ 0000]
Width_read               (read             ) [ 0000]
store_ln1104             (store            ) [ 0000]
store_ln1103             (store            ) [ 0000]
br_ln1104                (br               ) [ 0000]
x                        (load             ) [ 0000]
icmp_ln1104              (icmp             ) [ 0110]
x_19                     (add              ) [ 0000]
br_ln1104                (br               ) [ 0000]
specpipeline_ln1106      (specpipeline     ) [ 0000]
speclooptripcount_ln1103 (speclooptripcount) [ 0000]
specloopname_ln1104      (specloopname     ) [ 0000]
xmodratio                (trunc            ) [ 0110]
br_ln1108                (br               ) [ 0000]
store_ln1104             (store            ) [ 0000]
fb_pix_2                 (read             ) [ 0000]
store_ln1103             (store            ) [ 0000]
br_ln1111                (br               ) [ 0000]
fb_pix_load              (load             ) [ 0000]
fb_pix_1                 (partselect       ) [ 0000]
zext_ln1114              (zext             ) [ 0000]
store_ln1103             (store            ) [ 0000]
br_ln0                   (br               ) [ 0000]
fb_pix_3                 (load             ) [ 0000]
trunc_ln1126             (trunc            ) [ 0000]
write_ln1126             (write            ) [ 0000]
br_ln1104                (br               ) [ 0000]
ret_ln0                  (ret              ) [ 0000]
</LifeTime>

<model>

<comp_list>
<comp id="0" class="1000" name="Width">
<pin_list>
<pin id="1" dir="1" index="0" bw="1" slack="0"/>
</pin_list>
<bind>
<StgValue><ssdm name="Width"/></StgValue>
</bind>
</comp>

<comp id="2" class="1000" name="srcLayer1">
<pin_list>
<pin id="3" dir="1" index="0" bw="1" slack="0"/>
</pin_list>
<bind>
<StgValue><ssdm name="srcLayer1"/></StgValue>
</bind>
</comp>

<comp id="4" class="1000" name="bytesLayer1_plane0">
<pin_list>
<pin id="5" dir="1" index="0" bw="1" slack="0"/>
</pin_list>
<bind>
<StgValue><ssdm name="bytesLayer1_plane0"/></StgValue>
</bind>
</comp>

<comp id="6" class="1001" name="const_6">
<pin_list>
<pin id="7" dir="1" index="0" bw="1" slack="0"/>
</pin_list>
<bind>
<StgValue><ssdm name=""/></StgValue>
</bind>
</comp>

<comp id="8" class="1001" name="const_8">
<pin_list>
<pin id="9" dir="1" index="0" bw="1" slack="2147483647"/>
</pin_list>
<bind>
<StgValue><ssdm name="_ssdm_op_SpecStableContent"/></StgValue>
</bind>
</comp>

<comp id="10" class="1001" name="const_10">
<pin_list>
<pin id="11" dir="1" index="0" bw="1" slack="2147483647"/>
</pin_list>
<bind>
<StgValue><ssdm name=""/></StgValue>
</bind>
</comp>

<comp id="12" class="1001" name="const_12">
<pin_list>
<pin id="13" dir="1" index="0" bw="1" slack="2147483647"/>
</pin_list>
<bind>
<StgValue><ssdm name="p_str"/></StgValue>
</bind>
</comp>

<comp id="14" class="1001" name="const_14">
<pin_list>
<pin id="15" dir="1" index="0" bw="1" slack="2147483647"/>
</pin_list>
<bind>
<StgValue><ssdm name="_ssdm_op_SpecInterface"/></StgValue>
</bind>
</comp>

<comp id="16" class="1001" name="const_16">
<pin_list>
<pin id="17" dir="1" index="0" bw="1" slack="2147483647"/>
</pin_list>
<bind>
<StgValue><ssdm name="empty_40"/></StgValue>
</bind>
</comp>

<comp id="18" class="1001" name="const_18">
<pin_list>
<pin id="19" dir="1" index="0" bw="1" slack="2147483647"/>
</pin_list>
<bind>
<StgValue><ssdm name=""/></StgValue>
</bind>
</comp>

<comp id="20" class="1001" name="const_20">
<pin_list>
<pin id="21" dir="1" index="0" bw="1" slack="2147483647"/>
</pin_list>
<bind>
<StgValue><ssdm name="empty_44"/></StgValue>
</bind>
</comp>

<comp id="22" class="1001" name="const_22">
<pin_list>
<pin id="23" dir="1" index="0" bw="1" slack="2147483647"/>
</pin_list>
<bind>
<StgValue><ssdm name=""/></StgValue>
</bind>
</comp>

<comp id="24" class="1001" name="const_24">
<pin_list>
<pin id="25" dir="1" index="0" bw="1" slack="0"/>
</pin_list>
<bind>
<StgValue><ssdm name="_ssdm_op_Read.ap_auto.i16"/></StgValue>
</bind>
</comp>

<comp id="26" class="1001" name="const_26">
<pin_list>
<pin id="27" dir="1" index="0" bw="1" slack="0"/>
</pin_list>
<bind>
<StgValue><ssdm name=""/></StgValue>
</bind>
</comp>

<comp id="28" class="1001" name="const_28">
<pin_list>
<pin id="29" dir="1" index="0" bw="1" slack="0"/>
</pin_list>
<bind>
<StgValue><ssdm name=""/></StgValue>
</bind>
</comp>

<comp id="30" class="1001" name="const_30">
<pin_list>
<pin id="31" dir="1" index="0" bw="1" slack="0"/>
</pin_list>
<bind>
<StgValue><ssdm name=""/></StgValue>
</bind>
</comp>

<comp id="32" class="1001" name="const_32">
<pin_list>
<pin id="33" dir="1" index="0" bw="1" slack="2147483647"/>
</pin_list>
<bind>
<StgValue><ssdm name="_ssdm_op_SpecPipeline"/></StgValue>
</bind>
</comp>

<comp id="34" class="1001" name="const_34">
<pin_list>
<pin id="35" dir="1" index="0" bw="1" slack="2147483647"/>
</pin_list>
<bind>
<StgValue><ssdm name="_ssdm_op_SpecLoopTripCount"/></StgValue>
</bind>
</comp>

<comp id="36" class="1001" name="const_36">
<pin_list>
<pin id="37" dir="1" index="0" bw="1" slack="2147483647"/>
</pin_list>
<bind>
<StgValue><ssdm name=""/></StgValue>
</bind>
</comp>

<comp id="38" class="1001" name="const_38">
<pin_list>
<pin id="39" dir="1" index="0" bw="1" slack="2147483647"/>
</pin_list>
<bind>
<StgValue><ssdm name=""/></StgValue>
</bind>
</comp>

<comp id="40" class="1001" name="const_40">
<pin_list>
<pin id="41" dir="1" index="0" bw="1" slack="2147483647"/>
</pin_list>
<bind>
<StgValue><ssdm name="_ssdm_op_SpecLoopName"/></StgValue>
</bind>
</comp>

<comp id="42" class="1001" name="const_42">
<pin_list>
<pin id="43" dir="1" index="0" bw="1" slack="2147483647"/>
</pin_list>
<bind>
<StgValue><ssdm name="empty_45"/></StgValue>
</bind>
</comp>

<comp id="44" class="1001" name="const_44">
<pin_list>
<pin id="45" dir="1" index="0" bw="1" slack="0"/>
</pin_list>
<bind>
<StgValue><ssdm name="_ssdm_op_Read.ap_fifo.volatile.i64P0A"/></StgValue>
</bind>
</comp>

<comp id="46" class="1001" name="const_46">
<pin_list>
<pin id="47" dir="1" index="0" bw="1" slack="0"/>
</pin_list>
<bind>
<StgValue><ssdm name="_ssdm_op_PartSelect.i32.i64.i32.i32"/></StgValue>
</bind>
</comp>

<comp id="48" class="1001" name="const_48">
<pin_list>
<pin id="49" dir="1" index="0" bw="1" slack="0"/>
</pin_list>
<bind>
<StgValue><ssdm name=""/></StgValue>
</bind>
</comp>

<comp id="50" class="1001" name="const_50">
<pin_list>
<pin id="51" dir="1" index="0" bw="1" slack="0"/>
</pin_list>
<bind>
<StgValue><ssdm name=""/></StgValue>
</bind>
</comp>

<comp id="52" class="1001" name="const_52">
<pin_list>
<pin id="53" dir="1" index="0" bw="1" slack="0"/>
</pin_list>
<bind>
<StgValue><ssdm name="_ssdm_op_Write.ap_fifo.volatile.i24P0A"/></StgValue>
</bind>
</comp>

<comp id="54" class="1004" name="fb_pix_fu_54">
<pin_list>
<pin id="55" dir="0" index="0" bw="1" slack="0"/>
<pin id="56" dir="1" index="1" bw="64" slack="0"/>
</pin_list>
<bind>
<opcode="alloca(26) " fcode="alloca"/>
<opset="fb_pix/1 "/>
</bind>
</comp>

<comp id="58" class="1004" name="x_04_fu_58">
<pin_list>
<pin id="59" dir="0" index="0" bw="1" slack="0"/>
<pin id="60" dir="1" index="1" bw="16" slack="0"/>
</pin_list>
<bind>
<opcode="alloca(26) " fcode="alloca"/>
<opset="x_04/1 "/>
</bind>
</comp>

<comp id="62" class="1004" name="Width_read_read_fu_62">
<pin_list>
<pin id="63" dir="0" index="0" bw="16" slack="0"/>
<pin id="64" dir="0" index="1" bw="16" slack="0"/>
<pin id="65" dir="1" index="2" bw="16" slack="0"/>
</pin_list>
<bind>
<opcode="read(1150) " fcode="read"/>
<opset="Width_read/1 "/>
</bind>
</comp>

<comp id="68" class="1004" name="fb_pix_2_read_fu_68">
<pin_list>
<pin id="69" dir="0" index="0" bw="64" slack="0"/>
<pin id="70" dir="0" index="1" bw="64" slack="0"/>
<pin id="71" dir="1" index="2" bw="64" slack="0"/>
</pin_list>
<bind>
<opcode="read(1150) " fcode="read"/>
<opset="fb_pix_2/2 "/>
</bind>
</comp>

<comp id="74" class="1004" name="write_ln1126_write_fu_74">
<pin_list>
<pin id="75" dir="0" index="0" bw="0" slack="0"/>
<pin id="76" dir="0" index="1" bw="24" slack="0"/>
<pin id="77" dir="0" index="2" bw="24" slack="0"/>
<pin id="78" dir="1" index="3" bw="0" slack="2147483647"/>
</pin_list>
<bind>
<opcode="write(1151) " fcode="write"/>
<opset="write_ln1126/3 "/>
</bind>
</comp>

<comp id="81" class="1004" name="store_ln1104_store_fu_81">
<pin_list>
<pin id="82" dir="0" index="0" bw="1" slack="0"/>
<pin id="83" dir="0" index="1" bw="16" slack="0"/>
<pin id="84" dir="1" index="2" bw="0" slack="2147483647"/>
</pin_list>
<bind>
<opcode="store(28) " fcode="store"/>
<opset="store_ln1104/1 "/>
</bind>
</comp>

<comp id="86" class="1004" name="store_ln1103_store_fu_86">
<pin_list>
<pin id="87" dir="0" index="0" bw="1" slack="0"/>
<pin id="88" dir="0" index="1" bw="64" slack="0"/>
<pin id="89" dir="1" index="2" bw="0" slack="2147483647"/>
</pin_list>
<bind>
<opcode="store(28) " fcode="store"/>
<opset="store_ln1103/1 "/>
</bind>
</comp>

<comp id="91" class="1004" name="x_load_fu_91">
<pin_list>
<pin id="92" dir="0" index="0" bw="16" slack="0"/>
<pin id="93" dir="1" index="1" bw="16" slack="0"/>
</pin_list>
<bind>
<opcode="load(27) " fcode="load"/>
<opset="x/1 "/>
</bind>
</comp>

<comp id="94" class="1004" name="icmp_ln1104_fu_94">
<pin_list>
<pin id="95" dir="0" index="0" bw="16" slack="0"/>
<pin id="96" dir="0" index="1" bw="16" slack="0"/>
<pin id="97" dir="1" index="2" bw="1" slack="1"/>
</pin_list>
<bind>
<opcode="icmp(45) " fcode="icmp"/>
<opset="icmp_ln1104/1 "/>
</bind>
</comp>

<comp id="100" class="1004" name="x_19_fu_100">
<pin_list>
<pin id="101" dir="0" index="0" bw="16" slack="0"/>
<pin id="102" dir="0" index="1" bw="1" slack="0"/>
<pin id="103" dir="1" index="2" bw="16" slack="0"/>
</pin_list>
<bind>
<opcode="add(8) " fcode="add"/>
<opset="x_19/1 "/>
</bind>
</comp>

<comp id="106" class="1004" name="xmodratio_fu_106">
<pin_list>
<pin id="107" dir="0" index="0" bw="16" slack="0"/>
<pin id="108" dir="1" index="1" bw="1" slack="1"/>
</pin_list>
<bind>
<opcode="trunc(33) " fcode="trunc"/>
<opset="xmodratio/1 "/>
</bind>
</comp>

<comp id="110" class="1004" name="store_ln1104_store_fu_110">
<pin_list>
<pin id="111" dir="0" index="0" bw="16" slack="0"/>
<pin id="112" dir="0" index="1" bw="16" slack="0"/>
<pin id="113" dir="1" index="2" bw="0" slack="2147483647"/>
</pin_list>
<bind>
<opcode="store(28) " fcode="store"/>
<opset="store_ln1104/1 "/>
</bind>
</comp>

<comp id="115" class="1004" name="store_ln1103_store_fu_115">
<pin_list>
<pin id="116" dir="0" index="0" bw="64" slack="0"/>
<pin id="117" dir="0" index="1" bw="64" slack="1"/>
<pin id="118" dir="1" index="2" bw="0" slack="2147483647"/>
</pin_list>
<bind>
<opcode="store(28) " fcode="store"/>
<opset="store_ln1103/2 "/>
</bind>
</comp>

<comp id="120" class="1004" name="fb_pix_load_load_fu_120">
<pin_list>
<pin id="121" dir="0" index="0" bw="64" slack="1"/>
<pin id="122" dir="1" index="1" bw="64" slack="0"/>
</pin_list>
<bind>
<opcode="load(27) " fcode="load"/>
<opset="fb_pix_load/2 "/>
</bind>
</comp>

<comp id="123" class="1004" name="fb_pix_1_fu_123">
<pin_list>
<pin id="124" dir="0" index="0" bw="32" slack="0"/>
<pin id="125" dir="0" index="1" bw="64" slack="0"/>
<pin id="126" dir="0" index="2" bw="7" slack="0"/>
<pin id="127" dir="0" index="3" bw="7" slack="0"/>
<pin id="128" dir="1" index="4" bw="32" slack="0"/>
</pin_list>
<bind>
<opcode="partselect(1002) " fcode="partselect"/>
<opset="fb_pix_1/2 "/>
</bind>
</comp>

<comp id="133" class="1004" name="zext_ln1114_fu_133">
<pin_list>
<pin id="134" dir="0" index="0" bw="32" slack="0"/>
<pin id="135" dir="1" index="1" bw="64" slack="0"/>
</pin_list>
<bind>
<opcode="zext(34) " fcode="zext"/>
<opset="zext_ln1114/2 "/>
</bind>
</comp>

<comp id="137" class="1004" name="store_ln1103_store_fu_137">
<pin_list>
<pin id="138" dir="0" index="0" bw="32" slack="0"/>
<pin id="139" dir="0" index="1" bw="64" slack="1"/>
<pin id="140" dir="1" index="2" bw="0" slack="2147483647"/>
</pin_list>
<bind>
<opcode="store(28) " fcode="store"/>
<opset="store_ln1103/2 "/>
</bind>
</comp>

<comp id="142" class="1004" name="fb_pix_3_load_fu_142">
<pin_list>
<pin id="143" dir="0" index="0" bw="64" slack="2"/>
<pin id="144" dir="1" index="1" bw="64" slack="0"/>
</pin_list>
<bind>
<opcode="load(27) " fcode="load"/>
<opset="fb_pix_3/3 "/>
</bind>
</comp>

<comp id="145" class="1004" name="trunc_ln1126_fu_145">
<pin_list>
<pin id="146" dir="0" index="0" bw="64" slack="0"/>
<pin id="147" dir="1" index="1" bw="24" slack="0"/>
</pin_list>
<bind>
<opcode="trunc(33) " fcode="trunc"/>
<opset="trunc_ln1126/3 "/>
</bind>
</comp>

<comp id="150" class="1005" name="fb_pix_reg_150">
<pin_list>
<pin id="151" dir="0" index="0" bw="64" slack="0"/>
<pin id="152" dir="1" index="1" bw="64" slack="0"/>
</pin_list>
<bind>
<opset="fb_pix "/>
</bind>
</comp>

<comp id="159" class="1005" name="x_04_reg_159">
<pin_list>
<pin id="160" dir="0" index="0" bw="16" slack="0"/>
<pin id="161" dir="1" index="1" bw="16" slack="0"/>
</pin_list>
<bind>
<opset="x_04 "/>
</bind>
</comp>

<comp id="166" class="1005" name="icmp_ln1104_reg_166">
<pin_list>
<pin id="167" dir="0" index="0" bw="1" slack="1"/>
<pin id="168" dir="1" index="1" bw="1" slack="2147483647"/>
</pin_list>
<bind>
<opset="icmp_ln1104 "/>
</bind>
</comp>

<comp id="170" class="1005" name="xmodratio_reg_170">
<pin_list>
<pin id="171" dir="0" index="0" bw="1" slack="1"/>
<pin id="172" dir="1" index="1" bw="1" slack="2147483647"/>
</pin_list>
<bind>
<opset="xmodratio "/>
</bind>
</comp>

</comp_list>

<net_list>
<net id="57"><net_src comp="6" pin="0"/><net_sink comp="54" pin=0"/></net>

<net id="61"><net_src comp="6" pin="0"/><net_sink comp="58" pin=0"/></net>

<net id="66"><net_src comp="24" pin="0"/><net_sink comp="62" pin=0"/></net>

<net id="67"><net_src comp="0" pin="0"/><net_sink comp="62" pin=1"/></net>

<net id="72"><net_src comp="44" pin="0"/><net_sink comp="68" pin=0"/></net>

<net id="73"><net_src comp="4" pin="0"/><net_sink comp="68" pin=1"/></net>

<net id="79"><net_src comp="52" pin="0"/><net_sink comp="74" pin=0"/></net>

<net id="80"><net_src comp="2" pin="0"/><net_sink comp="74" pin=1"/></net>

<net id="85"><net_src comp="26" pin="0"/><net_sink comp="81" pin=0"/></net>

<net id="90"><net_src comp="28" pin="0"/><net_sink comp="86" pin=0"/></net>

<net id="98"><net_src comp="91" pin="1"/><net_sink comp="94" pin=0"/></net>

<net id="99"><net_src comp="62" pin="2"/><net_sink comp="94" pin=1"/></net>

<net id="104"><net_src comp="91" pin="1"/><net_sink comp="100" pin=0"/></net>

<net id="105"><net_src comp="30" pin="0"/><net_sink comp="100" pin=1"/></net>

<net id="109"><net_src comp="91" pin="1"/><net_sink comp="106" pin=0"/></net>

<net id="114"><net_src comp="100" pin="2"/><net_sink comp="110" pin=0"/></net>

<net id="119"><net_src comp="68" pin="2"/><net_sink comp="115" pin=0"/></net>

<net id="129"><net_src comp="46" pin="0"/><net_sink comp="123" pin=0"/></net>

<net id="130"><net_src comp="120" pin="1"/><net_sink comp="123" pin=1"/></net>

<net id="131"><net_src comp="48" pin="0"/><net_sink comp="123" pin=2"/></net>

<net id="132"><net_src comp="50" pin="0"/><net_sink comp="123" pin=3"/></net>

<net id="136"><net_src comp="123" pin="4"/><net_sink comp="133" pin=0"/></net>

<net id="141"><net_src comp="133" pin="1"/><net_sink comp="137" pin=0"/></net>

<net id="148"><net_src comp="142" pin="1"/><net_sink comp="145" pin=0"/></net>

<net id="149"><net_src comp="145" pin="1"/><net_sink comp="74" pin=2"/></net>

<net id="153"><net_src comp="54" pin="1"/><net_sink comp="150" pin=0"/></net>

<net id="154"><net_src comp="150" pin="1"/><net_sink comp="86" pin=1"/></net>

<net id="155"><net_src comp="150" pin="1"/><net_sink comp="115" pin=1"/></net>

<net id="156"><net_src comp="150" pin="1"/><net_sink comp="120" pin=0"/></net>

<net id="157"><net_src comp="150" pin="1"/><net_sink comp="137" pin=1"/></net>

<net id="158"><net_src comp="150" pin="1"/><net_sink comp="142" pin=0"/></net>

<net id="162"><net_src comp="58" pin="1"/><net_sink comp="159" pin=0"/></net>

<net id="163"><net_src comp="159" pin="1"/><net_sink comp="81" pin=1"/></net>

<net id="164"><net_src comp="159" pin="1"/><net_sink comp="91" pin=0"/></net>

<net id="165"><net_src comp="159" pin="1"/><net_sink comp="110" pin=1"/></net>

<net id="169"><net_src comp="94" pin="2"/><net_sink comp="166" pin=0"/></net>

<net id="173"><net_src comp="106" pin="1"/><net_sink comp="170" pin=0"/></net>

</net_list>

</model> 
---------------- Datapath Model END ------------------

* FSMD analyzer results:
  - Output states:
	Port: srcLayer1 | {3 }
 - Input state : 
	Port: Bytes2MultiPixStream<10>_Pipeline_VITIS_LOOP_1104_2 : Width | {1 }
	Port: Bytes2MultiPixStream<10>_Pipeline_VITIS_LOOP_1104_2 : bytesLayer1_plane0 | {2 }
  - Chain level:
	State 1
		store_ln1104 : 1
		store_ln1103 : 1
		x : 1
		icmp_ln1104 : 2
		x_19 : 2
		br_ln1104 : 3
		xmodratio : 2
		br_ln1108 : 3
		store_ln1104 : 3
	State 2
		fb_pix_1 : 1
		zext_ln1114 : 2
		store_ln1103 : 3
	State 3
		trunc_ln1126 : 1
		write_ln1126 : 2


============================================================
+ Verbose Summary: Datapath Resource usage 
============================================================

* Functional unit list:
|----------|--------------------------|---------|---------|
| Operation|      Functional Unit     |    FF   |   LUT   |
|----------|--------------------------|---------|---------|
|   icmp   |     icmp_ln1104_fu_94    |    0    |    16   |
|----------|--------------------------|---------|---------|
|    add   |        x_19_fu_100       |    0    |    16   |
|----------|--------------------------|---------|---------|
|   read   |   Width_read_read_fu_62  |    0    |    0    |
|          |    fb_pix_2_read_fu_68   |    0    |    0    |
|----------|--------------------------|---------|---------|
|   write  | write_ln1126_write_fu_74 |    0    |    0    |
|----------|--------------------------|---------|---------|
|   trunc  |     xmodratio_fu_106     |    0    |    0    |
|          |    trunc_ln1126_fu_145   |    0    |    0    |
|----------|--------------------------|---------|---------|
|partselect|      fb_pix_1_fu_123     |    0    |    0    |
|----------|--------------------------|---------|---------|
|   zext   |    zext_ln1114_fu_133    |    0    |    0    |
|----------|--------------------------|---------|---------|
|   Total  |                          |    0    |    32   |
|----------|--------------------------|---------|---------|

Memories:
N/A

* Register list:
+-------------------+--------+
|                   |   FF   |
+-------------------+--------+
|   fb_pix_reg_150  |   64   |
|icmp_ln1104_reg_166|    1   |
|    x_04_reg_159   |   16   |
| xmodratio_reg_170 |    1   |
+-------------------+--------+
|       Total       |   82   |
+-------------------+--------+

* Multiplexer (MUX) list: 
|--------|------|------|------|--------|
|  Comp  |  Pin | Size |  BW  | S x BW |
|--------|------|------|------|--------|
|  Total |      |      |      |    0   |
|--------|------|------|------|--------|



* Summary:
+-----------+--------+--------+
|           |   FF   |   LUT  |
+-----------+--------+--------+
|  Function |    0   |   32   |
|   Memory  |    -   |    -   |
|Multiplexer|    -   |    -   |
|  Register |   82   |    -   |
+-----------+--------+--------+
|   Total   |   82   |   32   |
+-----------+--------+--------+
