

================================================================
== Vitis HLS Report for 'Bytes2AXIMMvideo'
================================================================
* Date:           Wed Feb  4 13:35:10 2026

* Version:        2025.2 (Build 6295257 on Nov 14 2025)
* Project:        prj
* Solution:       sol (Vivado IP Flow Target)
* Product family: zynq
* Target device:  xc7z020-clg400-2


================================================================
== Performance Estimates
================================================================
+ Timing: 
    * Summary: 
    +--------+---------+----------+------------+
    |  Clock |  Target | Estimated| Uncertainty|
    +--------+---------+----------+------------+
    |ap_clk  |  6.75 ns|  4.927 ns|     1.82 ns|
    +--------+---------+----------+------------+

+ Latency: 
    * Summary: 
    +---------+---------+-----------+-----------+------+---------+---------+
    |  Latency (cycles) |   Latency (absolute)  |    Interval    | Pipeline|
    |   min   |   max   |    min    |    max    |  min |   max   |   Type  |
    +---------+---------+-----------+-----------+------+---------+---------+
    |     7041|  1675081|  47.527 us|  11.307 ms|  7041|  1675081|       no|
    +---------+---------+-----------+-----------+------+---------+---------+

    + Detail: 
        * Instance: 
        N/A

        * Loop: 
        +--------------------------------+---------+---------+------------+-----------+-----------+-----------+----------+
        |                                |  Latency (cycles) |  Iteration |  Initiation Interval  |    Trip   |          |
        |            Loop Name           |   min   |   max   |   Latency  |  achieved |   target  |   Count   | Pipelined|
        +--------------------------------+---------+---------+------------+-----------+-----------+-----------+----------+
        |- loop_Bytes2AXIMMvideo_1plane  |     7040|  1675080|  110 ~ 1551|          -|          -|  64 ~ 1080|        no|
        +--------------------------------+---------+---------+------------+-----------+-----------+-----------+----------+

============================================================
+ Verbose Summary: Synthesis Manager
============================================================
InlineROM: 1
ExposeGlobal: 0
============================================================
+ Verbose Summary: CDFG Model
============================================================
IsTopModel: 0
ResetActiveHigh: 1
IsCombinational: 2
IsDatapathOnly: 0
HasWiredReturn: 1
HasMFsm: 0
HasVarLatency: 1
IsPipeline: 0
IsRtlPipelined: 0
IsInstanceOverlapped: 0
IsDontTouch: 0
HasImplIP: 0
IsGatedGlobalClock: 0


============================================================
+ Verbose Summary: Schedule
============================================================
* Number of FSM states : 109
* Pipeline : 0
* Dataflow Pipeline: 0

* FSM state transitions: 
1 --> 2 
2 --> 3 
3 --> 4 
4 --> 5 
5 --> 6 
6 --> 7 
7 --> 8 
8 --> 9 
9 --> 10 
10 --> 11 
11 --> 12 
12 --> 13 
13 --> 14 
14 --> 15 
15 --> 16 
16 --> 17 
17 --> 18 
18 --> 19 
19 --> 20 
20 --> 21 
21 --> 22 
22 --> 23 
23 --> 24 
24 --> 25 
25 --> 26 
26 --> 27 
27 --> 28 
28 --> 29 
29 --> 30 
30 --> 31 
31 --> 32 
32 --> 33 
33 --> 34 
34 --> 35 
35 --> 36 
36 --> 37 
37 --> 38 
38 --> 39 
39 --> 40 
40 --> 41 
41 --> 42 
42 --> 43 
43 --> 44 
44 --> 45 
45 --> 46 
46 --> 47 
47 --> 48 
48 --> 49 
49 --> 50 
50 --> 51 
51 --> 52 
52 --> 53 
53 --> 54 
54 --> 55 
55 --> 56 
56 --> 57 
57 --> 58 
58 --> 59 
59 --> 60 
60 --> 61 
61 --> 62 
62 --> 63 
63 --> 64 
64 --> 65 
65 --> 66 
66 --> 67 
67 --> 68 
68 --> 69 
69 --> 70 
70 --> 71 
71 --> 72 
72 --> 73 
73 --> 74 
74 --> 75 
75 --> 76 
76 --> 77 
77 --> 78 
78 --> 79 
79 --> 80 
80 --> 81 
81 --> 82 
82 --> 83 
83 --> 84 
84 --> 85 
85 --> 86 
86 --> 87 
87 --> 88 
88 --> 89 
89 --> 90 
90 --> 91 
91 --> 92 
92 --> 93 
93 --> 94 
94 --> 95 
95 --> 96 
96 --> 97 
97 --> 98 
98 --> 99 
99 --> 100 
100 --> 101 
101 --> 102 
102 --> 103 
103 --> 104 
104 --> 105 
105 --> 106 
106 --> 107 
107 --> 108 
108 --> 109 
109 --> 2 

* FSM state operations: 

State 1 <SV = 0> <Delay = 1.52>
ST_1 : Operation 110 [1/1] (0.00ns)   --->   "%y = alloca i32 1" [prj/sol/.autopilot/db/v_frmbuf_wr.cpp:1547]   --->   Operation 110 'alloca' 'y' <Predicate = true> <Delay = 0.00>
ST_1 : Operation 111 [1/1] (0.00ns)   --->   "%yoffset = alloca i32 1" [prj/sol/.autopilot/db/v_frmbuf_wr.cpp:1542]   --->   Operation 111 'alloca' 'yoffset' <Predicate = true> <Delay = 0.00>
ST_1 : Operation 112 [1/1] (0.00ns)   --->   "%specstablecontent_ln0 = specstablecontent void @_ssdm_op_SpecStableContent, i14 %WidthInBytes_val, i1 1, void @p_str"   --->   Operation 112 'specstablecontent' 'specstablecontent_ln0' <Predicate = true> <Delay = 0.00>
ST_1 : Operation 113 [1/1] (0.00ns)   --->   "%specstablecontent_ln0 = specstablecontent void @_ssdm_op_SpecStableContent, i32 %dstImg, i1 1, void @p_str"   --->   Operation 113 'specstablecontent' 'specstablecontent_ln0' <Predicate = true> <Delay = 0.00>
ST_1 : Operation 114 [1/1] (0.00ns)   --->   "%StrideInBytes_val_read = read i16 @_ssdm_op_Read.ap_auto.i16, i16 %StrideInBytes_val"   --->   Operation 114 'read' 'StrideInBytes_val_read' <Predicate = true> <Delay = 0.00>
ST_1 : Operation 115 [1/1] (0.00ns)   --->   "%WidthInBytes_val_read = read i14 @_ssdm_op_Read.ap_auto.i14, i14 %WidthInBytes_val"   --->   Operation 115 'read' 'WidthInBytes_val_read' <Predicate = true> <Delay = 0.00>
ST_1 : Operation 116 [1/1] (0.00ns)   --->   "%Height_val_read = read i11 @_ssdm_op_Read.ap_auto.i11, i11 %Height_val"   --->   Operation 116 'read' 'Height_val_read' <Predicate = true> <Delay = 0.00>
ST_1 : Operation 117 [1/1] (0.00ns)   --->   "%dstImg_read = read i32 @_ssdm_op_Read.ap_auto.i32, i32 %dstImg"   --->   Operation 117 'read' 'dstImg_read' <Predicate = true> <Delay = 0.00>
ST_1 : Operation 118 [1/1] (0.00ns)   --->   "%specstablecontent_ln0 = specstablecontent void @_ssdm_op_SpecStableContent, i16 %StrideInBytes_val, i1 1, void "   --->   Operation 118 'specstablecontent' 'specstablecontent_ln0' <Predicate = true> <Delay = 0.00>
ST_1 : Operation 119 [1/1] (0.00ns)   --->   "%specstablecontent_ln0 = specstablecontent void @_ssdm_op_SpecStableContent, i11 %Height_val, i1 1, void "   --->   Operation 119 'specstablecontent' 'specstablecontent_ln0' <Predicate = true> <Delay = 0.00>
ST_1 : Operation 120 [1/1] (0.00ns)   --->   "%specmemcore_ln0 = specmemcore void @_ssdm_op_SpecMemCore, i64 %bytePlanes, i64 666, i64 8, i64 18446744073709551615, i1 0"   --->   Operation 120 'specmemcore' 'specmemcore_ln0' <Predicate = true> <Delay = 0.00>
ST_1 : Operation 121 [1/1] (0.00ns)   --->   "%specinterface_ln0 = specinterface void @_ssdm_op_SpecInterface, i64 %bytePlanes, void @empty_7, i32 0, i32 0, void @empty_5, i32 0, i32 0, void @empty_5, void @empty_5, void @empty_5, i32 0, i32 0, i32 0, i32 0, void @empty_5, void @empty_5, i32 4294967295, i32 0, i32 0, i32 0"   --->   Operation 121 'specinterface' 'specinterface_ln0' <Predicate = true> <Delay = 0.00>
ST_1 : Operation 122 [1/1] (0.00ns)   --->   "%specinterface_ln0 = specinterface void @_ssdm_op_SpecInterface, i64 %mm_video, void @empty_6, i32 0, i32 0, void @empty_5, i32 100, i32 2073600, void @empty_4, void @empty_3, void @empty_5, i32 16, i32 4, i32 16, i32 16, void @empty_5, void @empty_5, i32 4294967295, i32 0, i32 0, i32 8"   --->   Operation 122 'specinterface' 'specinterface_ln0' <Predicate = true> <Delay = 0.00>
ST_1 : Operation 123 [1/1] (1.52ns)   --->   "%add_ln1539 = add i14 %WidthInBytes_val_read, i14 7" [prj/sol/.autopilot/db/v_frmbuf_wr.cpp:1539]   --->   Operation 123 'add' 'add_ln1539' <Predicate = true> <Delay = 1.52> <CoreInst = "Adder">   --->   Core 1 'Adder' <Latency = 0> <II = 1> <Delay = 1.52> <FuncUnit> <Opcode : 'add' 'sub'> <InPorts = 2> <OutPorts = 1>
ST_1 : Operation 124 [1/1] (0.00ns)   --->   "%loopWidth = partselect i11 @_ssdm_op_PartSelect.i11.i14.i32.i32, i14 %add_ln1539, i32 3, i32 13" [prj/sol/.autopilot/db/v_frmbuf_wr.cpp:1539]   --->   Operation 124 'partselect' 'loopWidth' <Predicate = true> <Delay = 0.00>
ST_1 : Operation 125 [1/1] (0.00ns)   --->   "%zext_ln1539 = zext i11 %loopWidth" [prj/sol/.autopilot/db/v_frmbuf_wr.cpp:1539]   --->   Operation 125 'zext' 'zext_ln1539' <Predicate = true> <Delay = 0.00>
ST_1 : Operation 126 [1/1] (0.00ns)   --->   "%lshr_ln = partselect i13 @_ssdm_op_PartSelect.i13.i16.i32.i32, i16 %StrideInBytes_val_read, i32 3, i32 15" [prj/sol/.autopilot/db/v_frmbuf_wr.cpp:1558]   --->   Operation 126 'partselect' 'lshr_ln' <Predicate = true> <Delay = 0.00>
ST_1 : Operation 127 [1/1] (0.00ns)   --->   "%zext_ln1552 = zext i13 %lshr_ln" [prj/sol/.autopilot/db/v_frmbuf_wr.cpp:1552]   --->   Operation 127 'zext' 'zext_ln1552' <Predicate = true> <Delay = 0.00>
ST_1 : Operation 128 [1/1] (1.29ns)   --->   "%store_ln1542 = store i24 0, i24 %yoffset" [prj/sol/.autopilot/db/v_frmbuf_wr.cpp:1542]   --->   Operation 128 'store' 'store_ln1542' <Predicate = true> <Delay = 1.29>
ST_1 : Operation 129 [1/1] (1.29ns)   --->   "%store_ln1547 = store i11 0, i11 %y" [prj/sol/.autopilot/db/v_frmbuf_wr.cpp:1547]   --->   Operation 129 'store' 'store_ln1547' <Predicate = true> <Delay = 1.29>
ST_1 : Operation 130 [1/1] (0.00ns)   --->   "%br_ln1547 = br void %VITIS_LOOP_1552_1" [prj/sol/.autopilot/db/v_frmbuf_wr.cpp:1547]   --->   Operation 130 'br' 'br_ln1547' <Predicate = true> <Delay = 0.00>

State 2 <SV = 1> <Delay = 2.98>
ST_2 : Operation 131 [1/1] (0.00ns)   --->   "%y_3 = load i11 %y" [prj/sol/.autopilot/db/v_frmbuf_wr.cpp:1547]   --->   Operation 131 'load' 'y_3' <Predicate = true> <Delay = 0.00>
ST_2 : Operation 132 [1/1] (1.48ns)   --->   "%icmp_ln1547 = icmp_eq  i11 %y_3, i11 %Height_val_read" [prj/sol/.autopilot/db/v_frmbuf_wr.cpp:1547]   --->   Operation 132 'icmp' 'icmp_ln1547' <Predicate = true> <Delay = 1.48> <CoreInst = "Cmp">   --->   Core 9 'Cmp' <Latency = 0> <II = 1> <Delay = 1.48> <FuncUnit> <Opcode : 'seteq' 'setne' 'setle' 'setge' 'setlt' 'setgt'> <InPorts = 2> <OutPorts = 1>
ST_2 : Operation 133 [1/1] (0.00ns)   --->   "%speclooptripcount_ln0 = speclooptripcount void @_ssdm_op_SpecLoopTripCount, i64 64, i64 1080, i64 0"   --->   Operation 133 'speclooptripcount' 'speclooptripcount_ln0' <Predicate = true> <Delay = 0.00>
ST_2 : Operation 134 [1/1] (1.48ns)   --->   "%y_4 = add i11 %y_3, i11 1" [prj/sol/.autopilot/db/v_frmbuf_wr.cpp:1547]   --->   Operation 134 'add' 'y_4' <Predicate = true> <Delay = 1.48> <CoreInst = "Adder">   --->   Core 1 'Adder' <Latency = 0> <II = 1> <Delay = 1.48> <FuncUnit> <Opcode : 'add' 'sub'> <InPorts = 2> <OutPorts = 1>
ST_2 : Operation 135 [1/1] (0.00ns)   --->   "%br_ln1547 = br i1 %icmp_ln1547, void %VITIS_LOOP_1552_1.split, void %for.end12" [prj/sol/.autopilot/db/v_frmbuf_wr.cpp:1547]   --->   Operation 135 'br' 'br_ln1547' <Predicate = true> <Delay = 0.00>
ST_2 : Operation 136 [1/1] (0.00ns)   --->   "%yoffset_load = load i24 %yoffset" [prj/sol/.autopilot/db/v_frmbuf_wr.cpp:1558]   --->   Operation 136 'load' 'yoffset_load' <Predicate = (!icmp_ln1547)> <Delay = 0.00>
ST_2 : Operation 137 [1/1] (0.00ns)   --->   "%shl_ln = bitconcatenate i27 @_ssdm_op_BitConcatenate.i27.i24.i3, i24 %yoffset_load, i3 0" [prj/sol/.autopilot/db/v_frmbuf_wr.cpp:1552]   --->   Operation 137 'bitconcatenate' 'shl_ln' <Predicate = (!icmp_ln1547)> <Delay = 0.00>
ST_2 : Operation 138 [1/1] (0.00ns)   --->   "%zext_ln1552_1 = zext i27 %shl_ln" [prj/sol/.autopilot/db/v_frmbuf_wr.cpp:1552]   --->   Operation 138 'zext' 'zext_ln1552_1' <Predicate = (!icmp_ln1547)> <Delay = 0.00>
ST_2 : Operation 139 [1/1] (1.89ns)   --->   "%add_ln1552 = add i32 %zext_ln1552_1, i32 %dstImg_read" [prj/sol/.autopilot/db/v_frmbuf_wr.cpp:1552]   --->   Operation 139 'add' 'add_ln1552' <Predicate = (!icmp_ln1547)> <Delay = 1.89> <CoreInst = "Adder">   --->   Core 1 'Adder' <Latency = 0> <II = 1> <Delay = 1.89> <FuncUnit> <Opcode : 'add' 'sub'> <InPorts = 2> <OutPorts = 1>
ST_2 : Operation 140 [1/1] (0.00ns)   --->   "%trunc_ln4 = partselect i29 @_ssdm_op_PartSelect.i29.i32.i32.i32, i32 %add_ln1552, i32 3, i32 31" [prj/sol/.autopilot/db/v_frmbuf_wr.cpp:1552]   --->   Operation 140 'partselect' 'trunc_ln4' <Predicate = (!icmp_ln1547)> <Delay = 0.00>
ST_2 : Operation 141 [1/1] (1.68ns)   --->   "%add_ln1558 = add i24 %zext_ln1552, i24 %yoffset_load" [prj/sol/.autopilot/db/v_frmbuf_wr.cpp:1558]   --->   Operation 141 'add' 'add_ln1558' <Predicate = (!icmp_ln1547)> <Delay = 1.68> <CoreInst = "Adder">   --->   Core 1 'Adder' <Latency = 0> <II = 1> <Delay = 1.68> <FuncUnit> <Opcode : 'add' 'sub'> <InPorts = 2> <OutPorts = 1>
ST_2 : Operation 142 [1/1] (1.29ns)   --->   "%store_ln1542 = store i24 %add_ln1558, i24 %yoffset" [prj/sol/.autopilot/db/v_frmbuf_wr.cpp:1542]   --->   Operation 142 'store' 'store_ln1542' <Predicate = (!icmp_ln1547)> <Delay = 1.29>
ST_2 : Operation 143 [1/1] (1.29ns)   --->   "%store_ln1547 = store i11 %y_4, i11 %y" [prj/sol/.autopilot/db/v_frmbuf_wr.cpp:1547]   --->   Operation 143 'store' 'store_ln1547' <Predicate = (!icmp_ln1547)> <Delay = 1.29>
ST_2 : Operation 144 [1/1] (0.00ns)   --->   "%ret_ln1570 = ret" [prj/sol/.autopilot/db/v_frmbuf_wr.cpp:1570]   --->   Operation 144 'ret' 'ret_ln1570' <Predicate = (icmp_ln1547)> <Delay = 0.00>

State 3 <SV = 2> <Delay = 4.92>
ST_3 : Operation 145 [1/1] (0.00ns)   --->   "%sext_ln1552 = sext i29 %trunc_ln4" [prj/sol/.autopilot/db/v_frmbuf_wr.cpp:1552]   --->   Operation 145 'sext' 'sext_ln1552' <Predicate = true> <Delay = 0.00>
ST_3 : Operation 146 [1/1] (0.00ns)   --->   "%mm_video_addr = getelementptr i64 %mm_video, i32 %sext_ln1552" [prj/sol/.autopilot/db/v_frmbuf_wr.cpp:1552]   --->   Operation 146 'getelementptr' 'mm_video_addr' <Predicate = true> <Delay = 0.00>
ST_3 : Operation 147 [1/1] ( I:4.92ns O:4.92ns )   --->   "%empty = writereq i1 @_ssdm_op_WriteReq.m_axi.p1i64, i64 %mm_video_addr, i32 %zext_ln1539" [prj/sol/.autopilot/db/v_frmbuf_wr.cpp:1552]   --->   Operation 147 'writereq' 'empty' <Predicate = true> <Delay = 4.92> <CoreInst = "m_axi">   --->   Core 111 'm_axi' <Latency = 9> <II = 1> <Delay = 1.00> <Adapter> <Opcode : 'readrequnaligned' 'writerequnaligned' 'read' 'write' 'readreq' 'writereq' 'writeresp'>

State 4 <SV = 3> <Delay = 2.77>
ST_4 : Operation 148 [2/2] (2.77ns)   --->   "%call_ln1539 = call void @Bytes2AXIMMvideo_Pipeline_VITIS_LOOP_1552_1, i11 %loopWidth, i64 %mm_video, i29 %trunc_ln4, i64 %bytePlanes" [prj/sol/.autopilot/db/v_frmbuf_wr.cpp:1539]   --->   Operation 148 'call' 'call_ln1539' <Predicate = true> <Delay = 2.77> <CoreType = "Generic">   --->   Generic Core

State 5 <SV = 4> <Delay = 0.00>
ST_5 : Operation 149 [1/2] (0.00ns)   --->   "%call_ln1539 = call void @Bytes2AXIMMvideo_Pipeline_VITIS_LOOP_1552_1, i11 %loopWidth, i64 %mm_video, i29 %trunc_ln4, i64 %bytePlanes" [prj/sol/.autopilot/db/v_frmbuf_wr.cpp:1539]   --->   Operation 149 'call' 'call_ln1539' <Predicate = true> <Delay = 0.00> <CoreType = "Generic">   --->   Generic Core

State 6 <SV = 5> <Delay = 0.00>
ST_6 : Operation 150 [104/104] (4.92ns)   --->   "%empty_152 = writeresp i1 @_ssdm_op_WriteResp.m_axi.p1i64, i64 %mm_video_addr" [prj/sol/.autopilot/db/v_frmbuf_wr.cpp:1558]   --->   Operation 150 'writeresp' 'empty_152' <Predicate = true> <Delay = 4.92> <CoreInst = "m_axi">   --->   Core 111 'm_axi' <Latency = 3> <II = 1> <Delay = 1.00> <Adapter> <Opcode : 'readrequnaligned' 'writerequnaligned' 'read' 'write' 'readreq' 'writereq' 'writeresp'>

State 7 <SV = 6> <Delay = 0.00>
ST_7 : Operation 151 [103/104] (4.92ns)   --->   "%empty_152 = writeresp i1 @_ssdm_op_WriteResp.m_axi.p1i64, i64 %mm_video_addr" [prj/sol/.autopilot/db/v_frmbuf_wr.cpp:1558]   --->   Operation 151 'writeresp' 'empty_152' <Predicate = true> <Delay = 4.92> <CoreInst = "m_axi">   --->   Core 111 'm_axi' <Latency = 3> <II = 1> <Delay = 1.00> <Adapter> <Opcode : 'readrequnaligned' 'writerequnaligned' 'read' 'write' 'readreq' 'writereq' 'writeresp'>

State 8 <SV = 7> <Delay = 0.00>
ST_8 : Operation 152 [102/104] (4.92ns)   --->   "%empty_152 = writeresp i1 @_ssdm_op_WriteResp.m_axi.p1i64, i64 %mm_video_addr" [prj/sol/.autopilot/db/v_frmbuf_wr.cpp:1558]   --->   Operation 152 'writeresp' 'empty_152' <Predicate = true> <Delay = 4.92> <CoreInst = "m_axi">   --->   Core 111 'm_axi' <Latency = 3> <II = 1> <Delay = 1.00> <Adapter> <Opcode : 'readrequnaligned' 'writerequnaligned' 'read' 'write' 'readreq' 'writereq' 'writeresp'>

State 9 <SV = 8> <Delay = 0.00>
ST_9 : Operation 153 [101/104] (4.92ns)   --->   "%empty_152 = writeresp i1 @_ssdm_op_WriteResp.m_axi.p1i64, i64 %mm_video_addr" [prj/sol/.autopilot/db/v_frmbuf_wr.cpp:1558]   --->   Operation 153 'writeresp' 'empty_152' <Predicate = true> <Delay = 4.92> <CoreInst = "m_axi">   --->   Core 111 'm_axi' <Latency = 3> <II = 1> <Delay = 1.00> <Adapter> <Opcode : 'readrequnaligned' 'writerequnaligned' 'read' 'write' 'readreq' 'writereq' 'writeresp'>

State 10 <SV = 9> <Delay = 0.00>
ST_10 : Operation 154 [100/104] (4.92ns)   --->   "%empty_152 = writeresp i1 @_ssdm_op_WriteResp.m_axi.p1i64, i64 %mm_video_addr" [prj/sol/.autopilot/db/v_frmbuf_wr.cpp:1558]   --->   Operation 154 'writeresp' 'empty_152' <Predicate = true> <Delay = 4.92> <CoreInst = "m_axi">   --->   Core 111 'm_axi' <Latency = 3> <II = 1> <Delay = 1.00> <Adapter> <Opcode : 'readrequnaligned' 'writerequnaligned' 'read' 'write' 'readreq' 'writereq' 'writeresp'>

State 11 <SV = 10> <Delay = 0.00>
ST_11 : Operation 155 [99/104] (4.92ns)   --->   "%empty_152 = writeresp i1 @_ssdm_op_WriteResp.m_axi.p1i64, i64 %mm_video_addr" [prj/sol/.autopilot/db/v_frmbuf_wr.cpp:1558]   --->   Operation 155 'writeresp' 'empty_152' <Predicate = true> <Delay = 4.92> <CoreInst = "m_axi">   --->   Core 111 'm_axi' <Latency = 3> <II = 1> <Delay = 1.00> <Adapter> <Opcode : 'readrequnaligned' 'writerequnaligned' 'read' 'write' 'readreq' 'writereq' 'writeresp'>

State 12 <SV = 11> <Delay = 0.00>
ST_12 : Operation 156 [98/104] (4.92ns)   --->   "%empty_152 = writeresp i1 @_ssdm_op_WriteResp.m_axi.p1i64, i64 %mm_video_addr" [prj/sol/.autopilot/db/v_frmbuf_wr.cpp:1558]   --->   Operation 156 'writeresp' 'empty_152' <Predicate = true> <Delay = 4.92> <CoreInst = "m_axi">   --->   Core 111 'm_axi' <Latency = 3> <II = 1> <Delay = 1.00> <Adapter> <Opcode : 'readrequnaligned' 'writerequnaligned' 'read' 'write' 'readreq' 'writereq' 'writeresp'>

State 13 <SV = 12> <Delay = 0.00>
ST_13 : Operation 157 [97/104] (4.92ns)   --->   "%empty_152 = writeresp i1 @_ssdm_op_WriteResp.m_axi.p1i64, i64 %mm_video_addr" [prj/sol/.autopilot/db/v_frmbuf_wr.cpp:1558]   --->   Operation 157 'writeresp' 'empty_152' <Predicate = true> <Delay = 4.92> <CoreInst = "m_axi">   --->   Core 111 'm_axi' <Latency = 3> <II = 1> <Delay = 1.00> <Adapter> <Opcode : 'readrequnaligned' 'writerequnaligned' 'read' 'write' 'readreq' 'writereq' 'writeresp'>

State 14 <SV = 13> <Delay = 0.00>
ST_14 : Operation 158 [96/104] (4.92ns)   --->   "%empty_152 = writeresp i1 @_ssdm_op_WriteResp.m_axi.p1i64, i64 %mm_video_addr" [prj/sol/.autopilot/db/v_frmbuf_wr.cpp:1558]   --->   Operation 158 'writeresp' 'empty_152' <Predicate = true> <Delay = 4.92> <CoreInst = "m_axi">   --->   Core 111 'm_axi' <Latency = 3> <II = 1> <Delay = 1.00> <Adapter> <Opcode : 'readrequnaligned' 'writerequnaligned' 'read' 'write' 'readreq' 'writereq' 'writeresp'>

State 15 <SV = 14> <Delay = 0.00>
ST_15 : Operation 159 [95/104] (4.92ns)   --->   "%empty_152 = writeresp i1 @_ssdm_op_WriteResp.m_axi.p1i64, i64 %mm_video_addr" [prj/sol/.autopilot/db/v_frmbuf_wr.cpp:1558]   --->   Operation 159 'writeresp' 'empty_152' <Predicate = true> <Delay = 4.92> <CoreInst = "m_axi">   --->   Core 111 'm_axi' <Latency = 3> <II = 1> <Delay = 1.00> <Adapter> <Opcode : 'readrequnaligned' 'writerequnaligned' 'read' 'write' 'readreq' 'writereq' 'writeresp'>

State 16 <SV = 15> <Delay = 0.00>
ST_16 : Operation 160 [94/104] (4.92ns)   --->   "%empty_152 = writeresp i1 @_ssdm_op_WriteResp.m_axi.p1i64, i64 %mm_video_addr" [prj/sol/.autopilot/db/v_frmbuf_wr.cpp:1558]   --->   Operation 160 'writeresp' 'empty_152' <Predicate = true> <Delay = 4.92> <CoreInst = "m_axi">   --->   Core 111 'm_axi' <Latency = 3> <II = 1> <Delay = 1.00> <Adapter> <Opcode : 'readrequnaligned' 'writerequnaligned' 'read' 'write' 'readreq' 'writereq' 'writeresp'>

State 17 <SV = 16> <Delay = 0.00>
ST_17 : Operation 161 [93/104] (4.92ns)   --->   "%empty_152 = writeresp i1 @_ssdm_op_WriteResp.m_axi.p1i64, i64 %mm_video_addr" [prj/sol/.autopilot/db/v_frmbuf_wr.cpp:1558]   --->   Operation 161 'writeresp' 'empty_152' <Predicate = true> <Delay = 4.92> <CoreInst = "m_axi">   --->   Core 111 'm_axi' <Latency = 3> <II = 1> <Delay = 1.00> <Adapter> <Opcode : 'readrequnaligned' 'writerequnaligned' 'read' 'write' 'readreq' 'writereq' 'writeresp'>

State 18 <SV = 17> <Delay = 0.00>
ST_18 : Operation 162 [92/104] (4.92ns)   --->   "%empty_152 = writeresp i1 @_ssdm_op_WriteResp.m_axi.p1i64, i64 %mm_video_addr" [prj/sol/.autopilot/db/v_frmbuf_wr.cpp:1558]   --->   Operation 162 'writeresp' 'empty_152' <Predicate = true> <Delay = 4.92> <CoreInst = "m_axi">   --->   Core 111 'm_axi' <Latency = 3> <II = 1> <Delay = 1.00> <Adapter> <Opcode : 'readrequnaligned' 'writerequnaligned' 'read' 'write' 'readreq' 'writereq' 'writeresp'>

State 19 <SV = 18> <Delay = 0.00>
ST_19 : Operation 163 [91/104] (4.92ns)   --->   "%empty_152 = writeresp i1 @_ssdm_op_WriteResp.m_axi.p1i64, i64 %mm_video_addr" [prj/sol/.autopilot/db/v_frmbuf_wr.cpp:1558]   --->   Operation 163 'writeresp' 'empty_152' <Predicate = true> <Delay = 4.92> <CoreInst = "m_axi">   --->   Core 111 'm_axi' <Latency = 3> <II = 1> <Delay = 1.00> <Adapter> <Opcode : 'readrequnaligned' 'writerequnaligned' 'read' 'write' 'readreq' 'writereq' 'writeresp'>

State 20 <SV = 19> <Delay = 0.00>
ST_20 : Operation 164 [90/104] (4.92ns)   --->   "%empty_152 = writeresp i1 @_ssdm_op_WriteResp.m_axi.p1i64, i64 %mm_video_addr" [prj/sol/.autopilot/db/v_frmbuf_wr.cpp:1558]   --->   Operation 164 'writeresp' 'empty_152' <Predicate = true> <Delay = 4.92> <CoreInst = "m_axi">   --->   Core 111 'm_axi' <Latency = 3> <II = 1> <Delay = 1.00> <Adapter> <Opcode : 'readrequnaligned' 'writerequnaligned' 'read' 'write' 'readreq' 'writereq' 'writeresp'>

State 21 <SV = 20> <Delay = 0.00>
ST_21 : Operation 165 [89/104] (4.92ns)   --->   "%empty_152 = writeresp i1 @_ssdm_op_WriteResp.m_axi.p1i64, i64 %mm_video_addr" [prj/sol/.autopilot/db/v_frmbuf_wr.cpp:1558]   --->   Operation 165 'writeresp' 'empty_152' <Predicate = true> <Delay = 4.92> <CoreInst = "m_axi">   --->   Core 111 'm_axi' <Latency = 3> <II = 1> <Delay = 1.00> <Adapter> <Opcode : 'readrequnaligned' 'writerequnaligned' 'read' 'write' 'readreq' 'writereq' 'writeresp'>

State 22 <SV = 21> <Delay = 0.00>
ST_22 : Operation 166 [88/104] (4.92ns)   --->   "%empty_152 = writeresp i1 @_ssdm_op_WriteResp.m_axi.p1i64, i64 %mm_video_addr" [prj/sol/.autopilot/db/v_frmbuf_wr.cpp:1558]   --->   Operation 166 'writeresp' 'empty_152' <Predicate = true> <Delay = 4.92> <CoreInst = "m_axi">   --->   Core 111 'm_axi' <Latency = 3> <II = 1> <Delay = 1.00> <Adapter> <Opcode : 'readrequnaligned' 'writerequnaligned' 'read' 'write' 'readreq' 'writereq' 'writeresp'>

State 23 <SV = 22> <Delay = 0.00>
ST_23 : Operation 167 [87/104] (4.92ns)   --->   "%empty_152 = writeresp i1 @_ssdm_op_WriteResp.m_axi.p1i64, i64 %mm_video_addr" [prj/sol/.autopilot/db/v_frmbuf_wr.cpp:1558]   --->   Operation 167 'writeresp' 'empty_152' <Predicate = true> <Delay = 4.92> <CoreInst = "m_axi">   --->   Core 111 'm_axi' <Latency = 3> <II = 1> <Delay = 1.00> <Adapter> <Opcode : 'readrequnaligned' 'writerequnaligned' 'read' 'write' 'readreq' 'writereq' 'writeresp'>

State 24 <SV = 23> <Delay = 0.00>
ST_24 : Operation 168 [86/104] (4.92ns)   --->   "%empty_152 = writeresp i1 @_ssdm_op_WriteResp.m_axi.p1i64, i64 %mm_video_addr" [prj/sol/.autopilot/db/v_frmbuf_wr.cpp:1558]   --->   Operation 168 'writeresp' 'empty_152' <Predicate = true> <Delay = 4.92> <CoreInst = "m_axi">   --->   Core 111 'm_axi' <Latency = 3> <II = 1> <Delay = 1.00> <Adapter> <Opcode : 'readrequnaligned' 'writerequnaligned' 'read' 'write' 'readreq' 'writereq' 'writeresp'>

State 25 <SV = 24> <Delay = 0.00>
ST_25 : Operation 169 [85/104] (4.92ns)   --->   "%empty_152 = writeresp i1 @_ssdm_op_WriteResp.m_axi.p1i64, i64 %mm_video_addr" [prj/sol/.autopilot/db/v_frmbuf_wr.cpp:1558]   --->   Operation 169 'writeresp' 'empty_152' <Predicate = true> <Delay = 4.92> <CoreInst = "m_axi">   --->   Core 111 'm_axi' <Latency = 3> <II = 1> <Delay = 1.00> <Adapter> <Opcode : 'readrequnaligned' 'writerequnaligned' 'read' 'write' 'readreq' 'writereq' 'writeresp'>

State 26 <SV = 25> <Delay = 0.00>
ST_26 : Operation 170 [84/104] (4.92ns)   --->   "%empty_152 = writeresp i1 @_ssdm_op_WriteResp.m_axi.p1i64, i64 %mm_video_addr" [prj/sol/.autopilot/db/v_frmbuf_wr.cpp:1558]   --->   Operation 170 'writeresp' 'empty_152' <Predicate = true> <Delay = 4.92> <CoreInst = "m_axi">   --->   Core 111 'm_axi' <Latency = 3> <II = 1> <Delay = 1.00> <Adapter> <Opcode : 'readrequnaligned' 'writerequnaligned' 'read' 'write' 'readreq' 'writereq' 'writeresp'>

State 27 <SV = 26> <Delay = 0.00>
ST_27 : Operation 171 [83/104] (4.92ns)   --->   "%empty_152 = writeresp i1 @_ssdm_op_WriteResp.m_axi.p1i64, i64 %mm_video_addr" [prj/sol/.autopilot/db/v_frmbuf_wr.cpp:1558]   --->   Operation 171 'writeresp' 'empty_152' <Predicate = true> <Delay = 4.92> <CoreInst = "m_axi">   --->   Core 111 'm_axi' <Latency = 3> <II = 1> <Delay = 1.00> <Adapter> <Opcode : 'readrequnaligned' 'writerequnaligned' 'read' 'write' 'readreq' 'writereq' 'writeresp'>

State 28 <SV = 27> <Delay = 0.00>
ST_28 : Operation 172 [82/104] (4.92ns)   --->   "%empty_152 = writeresp i1 @_ssdm_op_WriteResp.m_axi.p1i64, i64 %mm_video_addr" [prj/sol/.autopilot/db/v_frmbuf_wr.cpp:1558]   --->   Operation 172 'writeresp' 'empty_152' <Predicate = true> <Delay = 4.92> <CoreInst = "m_axi">   --->   Core 111 'm_axi' <Latency = 3> <II = 1> <Delay = 1.00> <Adapter> <Opcode : 'readrequnaligned' 'writerequnaligned' 'read' 'write' 'readreq' 'writereq' 'writeresp'>

State 29 <SV = 28> <Delay = 0.00>
ST_29 : Operation 173 [81/104] (4.92ns)   --->   "%empty_152 = writeresp i1 @_ssdm_op_WriteResp.m_axi.p1i64, i64 %mm_video_addr" [prj/sol/.autopilot/db/v_frmbuf_wr.cpp:1558]   --->   Operation 173 'writeresp' 'empty_152' <Predicate = true> <Delay = 4.92> <CoreInst = "m_axi">   --->   Core 111 'm_axi' <Latency = 3> <II = 1> <Delay = 1.00> <Adapter> <Opcode : 'readrequnaligned' 'writerequnaligned' 'read' 'write' 'readreq' 'writereq' 'writeresp'>

State 30 <SV = 29> <Delay = 0.00>
ST_30 : Operation 174 [80/104] (4.92ns)   --->   "%empty_152 = writeresp i1 @_ssdm_op_WriteResp.m_axi.p1i64, i64 %mm_video_addr" [prj/sol/.autopilot/db/v_frmbuf_wr.cpp:1558]   --->   Operation 174 'writeresp' 'empty_152' <Predicate = true> <Delay = 4.92> <CoreInst = "m_axi">   --->   Core 111 'm_axi' <Latency = 3> <II = 1> <Delay = 1.00> <Adapter> <Opcode : 'readrequnaligned' 'writerequnaligned' 'read' 'write' 'readreq' 'writereq' 'writeresp'>

State 31 <SV = 30> <Delay = 0.00>
ST_31 : Operation 175 [79/104] (4.92ns)   --->   "%empty_152 = writeresp i1 @_ssdm_op_WriteResp.m_axi.p1i64, i64 %mm_video_addr" [prj/sol/.autopilot/db/v_frmbuf_wr.cpp:1558]   --->   Operation 175 'writeresp' 'empty_152' <Predicate = true> <Delay = 4.92> <CoreInst = "m_axi">   --->   Core 111 'm_axi' <Latency = 3> <II = 1> <Delay = 1.00> <Adapter> <Opcode : 'readrequnaligned' 'writerequnaligned' 'read' 'write' 'readreq' 'writereq' 'writeresp'>

State 32 <SV = 31> <Delay = 0.00>
ST_32 : Operation 176 [78/104] (4.92ns)   --->   "%empty_152 = writeresp i1 @_ssdm_op_WriteResp.m_axi.p1i64, i64 %mm_video_addr" [prj/sol/.autopilot/db/v_frmbuf_wr.cpp:1558]   --->   Operation 176 'writeresp' 'empty_152' <Predicate = true> <Delay = 4.92> <CoreInst = "m_axi">   --->   Core 111 'm_axi' <Latency = 3> <II = 1> <Delay = 1.00> <Adapter> <Opcode : 'readrequnaligned' 'writerequnaligned' 'read' 'write' 'readreq' 'writereq' 'writeresp'>

State 33 <SV = 32> <Delay = 0.00>
ST_33 : Operation 177 [77/104] (4.92ns)   --->   "%empty_152 = writeresp i1 @_ssdm_op_WriteResp.m_axi.p1i64, i64 %mm_video_addr" [prj/sol/.autopilot/db/v_frmbuf_wr.cpp:1558]   --->   Operation 177 'writeresp' 'empty_152' <Predicate = true> <Delay = 4.92> <CoreInst = "m_axi">   --->   Core 111 'm_axi' <Latency = 3> <II = 1> <Delay = 1.00> <Adapter> <Opcode : 'readrequnaligned' 'writerequnaligned' 'read' 'write' 'readreq' 'writereq' 'writeresp'>

State 34 <SV = 33> <Delay = 0.00>
ST_34 : Operation 178 [76/104] (4.92ns)   --->   "%empty_152 = writeresp i1 @_ssdm_op_WriteResp.m_axi.p1i64, i64 %mm_video_addr" [prj/sol/.autopilot/db/v_frmbuf_wr.cpp:1558]   --->   Operation 178 'writeresp' 'empty_152' <Predicate = true> <Delay = 4.92> <CoreInst = "m_axi">   --->   Core 111 'm_axi' <Latency = 3> <II = 1> <Delay = 1.00> <Adapter> <Opcode : 'readrequnaligned' 'writerequnaligned' 'read' 'write' 'readreq' 'writereq' 'writeresp'>

State 35 <SV = 34> <Delay = 0.00>
ST_35 : Operation 179 [75/104] (4.92ns)   --->   "%empty_152 = writeresp i1 @_ssdm_op_WriteResp.m_axi.p1i64, i64 %mm_video_addr" [prj/sol/.autopilot/db/v_frmbuf_wr.cpp:1558]   --->   Operation 179 'writeresp' 'empty_152' <Predicate = true> <Delay = 4.92> <CoreInst = "m_axi">   --->   Core 111 'm_axi' <Latency = 3> <II = 1> <Delay = 1.00> <Adapter> <Opcode : 'readrequnaligned' 'writerequnaligned' 'read' 'write' 'readreq' 'writereq' 'writeresp'>

State 36 <SV = 35> <Delay = 0.00>
ST_36 : Operation 180 [74/104] (4.92ns)   --->   "%empty_152 = writeresp i1 @_ssdm_op_WriteResp.m_axi.p1i64, i64 %mm_video_addr" [prj/sol/.autopilot/db/v_frmbuf_wr.cpp:1558]   --->   Operation 180 'writeresp' 'empty_152' <Predicate = true> <Delay = 4.92> <CoreInst = "m_axi">   --->   Core 111 'm_axi' <Latency = 3> <II = 1> <Delay = 1.00> <Adapter> <Opcode : 'readrequnaligned' 'writerequnaligned' 'read' 'write' 'readreq' 'writereq' 'writeresp'>

State 37 <SV = 36> <Delay = 0.00>
ST_37 : Operation 181 [73/104] (4.92ns)   --->   "%empty_152 = writeresp i1 @_ssdm_op_WriteResp.m_axi.p1i64, i64 %mm_video_addr" [prj/sol/.autopilot/db/v_frmbuf_wr.cpp:1558]   --->   Operation 181 'writeresp' 'empty_152' <Predicate = true> <Delay = 4.92> <CoreInst = "m_axi">   --->   Core 111 'm_axi' <Latency = 3> <II = 1> <Delay = 1.00> <Adapter> <Opcode : 'readrequnaligned' 'writerequnaligned' 'read' 'write' 'readreq' 'writereq' 'writeresp'>

State 38 <SV = 37> <Delay = 0.00>
ST_38 : Operation 182 [72/104] (4.92ns)   --->   "%empty_152 = writeresp i1 @_ssdm_op_WriteResp.m_axi.p1i64, i64 %mm_video_addr" [prj/sol/.autopilot/db/v_frmbuf_wr.cpp:1558]   --->   Operation 182 'writeresp' 'empty_152' <Predicate = true> <Delay = 4.92> <CoreInst = "m_axi">   --->   Core 111 'm_axi' <Latency = 3> <II = 1> <Delay = 1.00> <Adapter> <Opcode : 'readrequnaligned' 'writerequnaligned' 'read' 'write' 'readreq' 'writereq' 'writeresp'>

State 39 <SV = 38> <Delay = 0.00>
ST_39 : Operation 183 [71/104] (4.92ns)   --->   "%empty_152 = writeresp i1 @_ssdm_op_WriteResp.m_axi.p1i64, i64 %mm_video_addr" [prj/sol/.autopilot/db/v_frmbuf_wr.cpp:1558]   --->   Operation 183 'writeresp' 'empty_152' <Predicate = true> <Delay = 4.92> <CoreInst = "m_axi">   --->   Core 111 'm_axi' <Latency = 3> <II = 1> <Delay = 1.00> <Adapter> <Opcode : 'readrequnaligned' 'writerequnaligned' 'read' 'write' 'readreq' 'writereq' 'writeresp'>

State 40 <SV = 39> <Delay = 0.00>
ST_40 : Operation 184 [70/104] (4.92ns)   --->   "%empty_152 = writeresp i1 @_ssdm_op_WriteResp.m_axi.p1i64, i64 %mm_video_addr" [prj/sol/.autopilot/db/v_frmbuf_wr.cpp:1558]   --->   Operation 184 'writeresp' 'empty_152' <Predicate = true> <Delay = 4.92> <CoreInst = "m_axi">   --->   Core 111 'm_axi' <Latency = 3> <II = 1> <Delay = 1.00> <Adapter> <Opcode : 'readrequnaligned' 'writerequnaligned' 'read' 'write' 'readreq' 'writereq' 'writeresp'>

State 41 <SV = 40> <Delay = 0.00>
ST_41 : Operation 185 [69/104] (4.92ns)   --->   "%empty_152 = writeresp i1 @_ssdm_op_WriteResp.m_axi.p1i64, i64 %mm_video_addr" [prj/sol/.autopilot/db/v_frmbuf_wr.cpp:1558]   --->   Operation 185 'writeresp' 'empty_152' <Predicate = true> <Delay = 4.92> <CoreInst = "m_axi">   --->   Core 111 'm_axi' <Latency = 3> <II = 1> <Delay = 1.00> <Adapter> <Opcode : 'readrequnaligned' 'writerequnaligned' 'read' 'write' 'readreq' 'writereq' 'writeresp'>

State 42 <SV = 41> <Delay = 0.00>
ST_42 : Operation 186 [68/104] (4.92ns)   --->   "%empty_152 = writeresp i1 @_ssdm_op_WriteResp.m_axi.p1i64, i64 %mm_video_addr" [prj/sol/.autopilot/db/v_frmbuf_wr.cpp:1558]   --->   Operation 186 'writeresp' 'empty_152' <Predicate = true> <Delay = 4.92> <CoreInst = "m_axi">   --->   Core 111 'm_axi' <Latency = 3> <II = 1> <Delay = 1.00> <Adapter> <Opcode : 'readrequnaligned' 'writerequnaligned' 'read' 'write' 'readreq' 'writereq' 'writeresp'>

State 43 <SV = 42> <Delay = 0.00>
ST_43 : Operation 187 [67/104] (4.92ns)   --->   "%empty_152 = writeresp i1 @_ssdm_op_WriteResp.m_axi.p1i64, i64 %mm_video_addr" [prj/sol/.autopilot/db/v_frmbuf_wr.cpp:1558]   --->   Operation 187 'writeresp' 'empty_152' <Predicate = true> <Delay = 4.92> <CoreInst = "m_axi">   --->   Core 111 'm_axi' <Latency = 3> <II = 1> <Delay = 1.00> <Adapter> <Opcode : 'readrequnaligned' 'writerequnaligned' 'read' 'write' 'readreq' 'writereq' 'writeresp'>

State 44 <SV = 43> <Delay = 0.00>
ST_44 : Operation 188 [66/104] (4.92ns)   --->   "%empty_152 = writeresp i1 @_ssdm_op_WriteResp.m_axi.p1i64, i64 %mm_video_addr" [prj/sol/.autopilot/db/v_frmbuf_wr.cpp:1558]   --->   Operation 188 'writeresp' 'empty_152' <Predicate = true> <Delay = 4.92> <CoreInst = "m_axi">   --->   Core 111 'm_axi' <Latency = 3> <II = 1> <Delay = 1.00> <Adapter> <Opcode : 'readrequnaligned' 'writerequnaligned' 'read' 'write' 'readreq' 'writereq' 'writeresp'>

State 45 <SV = 44> <Delay = 0.00>
ST_45 : Operation 189 [65/104] (4.92ns)   --->   "%empty_152 = writeresp i1 @_ssdm_op_WriteResp.m_axi.p1i64, i64 %mm_video_addr" [prj/sol/.autopilot/db/v_frmbuf_wr.cpp:1558]   --->   Operation 189 'writeresp' 'empty_152' <Predicate = true> <Delay = 4.92> <CoreInst = "m_axi">   --->   Core 111 'm_axi' <Latency = 3> <II = 1> <Delay = 1.00> <Adapter> <Opcode : 'readrequnaligned' 'writerequnaligned' 'read' 'write' 'readreq' 'writereq' 'writeresp'>

State 46 <SV = 45> <Delay = 0.00>
ST_46 : Operation 190 [64/104] (4.92ns)   --->   "%empty_152 = writeresp i1 @_ssdm_op_WriteResp.m_axi.p1i64, i64 %mm_video_addr" [prj/sol/.autopilot/db/v_frmbuf_wr.cpp:1558]   --->   Operation 190 'writeresp' 'empty_152' <Predicate = true> <Delay = 4.92> <CoreInst = "m_axi">   --->   Core 111 'm_axi' <Latency = 3> <II = 1> <Delay = 1.00> <Adapter> <Opcode : 'readrequnaligned' 'writerequnaligned' 'read' 'write' 'readreq' 'writereq' 'writeresp'>

State 47 <SV = 46> <Delay = 0.00>
ST_47 : Operation 191 [63/104] (4.92ns)   --->   "%empty_152 = writeresp i1 @_ssdm_op_WriteResp.m_axi.p1i64, i64 %mm_video_addr" [prj/sol/.autopilot/db/v_frmbuf_wr.cpp:1558]   --->   Operation 191 'writeresp' 'empty_152' <Predicate = true> <Delay = 4.92> <CoreInst = "m_axi">   --->   Core 111 'm_axi' <Latency = 3> <II = 1> <Delay = 1.00> <Adapter> <Opcode : 'readrequnaligned' 'writerequnaligned' 'read' 'write' 'readreq' 'writereq' 'writeresp'>

State 48 <SV = 47> <Delay = 0.00>
ST_48 : Operation 192 [62/104] (4.92ns)   --->   "%empty_152 = writeresp i1 @_ssdm_op_WriteResp.m_axi.p1i64, i64 %mm_video_addr" [prj/sol/.autopilot/db/v_frmbuf_wr.cpp:1558]   --->   Operation 192 'writeresp' 'empty_152' <Predicate = true> <Delay = 4.92> <CoreInst = "m_axi">   --->   Core 111 'm_axi' <Latency = 3> <II = 1> <Delay = 1.00> <Adapter> <Opcode : 'readrequnaligned' 'writerequnaligned' 'read' 'write' 'readreq' 'writereq' 'writeresp'>

State 49 <SV = 48> <Delay = 0.00>
ST_49 : Operation 193 [61/104] (4.92ns)   --->   "%empty_152 = writeresp i1 @_ssdm_op_WriteResp.m_axi.p1i64, i64 %mm_video_addr" [prj/sol/.autopilot/db/v_frmbuf_wr.cpp:1558]   --->   Operation 193 'writeresp' 'empty_152' <Predicate = true> <Delay = 4.92> <CoreInst = "m_axi">   --->   Core 111 'm_axi' <Latency = 3> <II = 1> <Delay = 1.00> <Adapter> <Opcode : 'readrequnaligned' 'writerequnaligned' 'read' 'write' 'readreq' 'writereq' 'writeresp'>

State 50 <SV = 49> <Delay = 0.00>
ST_50 : Operation 194 [60/104] (4.92ns)   --->   "%empty_152 = writeresp i1 @_ssdm_op_WriteResp.m_axi.p1i64, i64 %mm_video_addr" [prj/sol/.autopilot/db/v_frmbuf_wr.cpp:1558]   --->   Operation 194 'writeresp' 'empty_152' <Predicate = true> <Delay = 4.92> <CoreInst = "m_axi">   --->   Core 111 'm_axi' <Latency = 3> <II = 1> <Delay = 1.00> <Adapter> <Opcode : 'readrequnaligned' 'writerequnaligned' 'read' 'write' 'readreq' 'writereq' 'writeresp'>

State 51 <SV = 50> <Delay = 0.00>
ST_51 : Operation 195 [59/104] (4.92ns)   --->   "%empty_152 = writeresp i1 @_ssdm_op_WriteResp.m_axi.p1i64, i64 %mm_video_addr" [prj/sol/.autopilot/db/v_frmbuf_wr.cpp:1558]   --->   Operation 195 'writeresp' 'empty_152' <Predicate = true> <Delay = 4.92> <CoreInst = "m_axi">   --->   Core 111 'm_axi' <Latency = 3> <II = 1> <Delay = 1.00> <Adapter> <Opcode : 'readrequnaligned' 'writerequnaligned' 'read' 'write' 'readreq' 'writereq' 'writeresp'>

State 52 <SV = 51> <Delay = 0.00>
ST_52 : Operation 196 [58/104] (4.92ns)   --->   "%empty_152 = writeresp i1 @_ssdm_op_WriteResp.m_axi.p1i64, i64 %mm_video_addr" [prj/sol/.autopilot/db/v_frmbuf_wr.cpp:1558]   --->   Operation 196 'writeresp' 'empty_152' <Predicate = true> <Delay = 4.92> <CoreInst = "m_axi">   --->   Core 111 'm_axi' <Latency = 3> <II = 1> <Delay = 1.00> <Adapter> <Opcode : 'readrequnaligned' 'writerequnaligned' 'read' 'write' 'readreq' 'writereq' 'writeresp'>

State 53 <SV = 52> <Delay = 0.00>
ST_53 : Operation 197 [57/104] (4.92ns)   --->   "%empty_152 = writeresp i1 @_ssdm_op_WriteResp.m_axi.p1i64, i64 %mm_video_addr" [prj/sol/.autopilot/db/v_frmbuf_wr.cpp:1558]   --->   Operation 197 'writeresp' 'empty_152' <Predicate = true> <Delay = 4.92> <CoreInst = "m_axi">   --->   Core 111 'm_axi' <Latency = 3> <II = 1> <Delay = 1.00> <Adapter> <Opcode : 'readrequnaligned' 'writerequnaligned' 'read' 'write' 'readreq' 'writereq' 'writeresp'>

State 54 <SV = 53> <Delay = 0.00>
ST_54 : Operation 198 [56/104] (4.92ns)   --->   "%empty_152 = writeresp i1 @_ssdm_op_WriteResp.m_axi.p1i64, i64 %mm_video_addr" [prj/sol/.autopilot/db/v_frmbuf_wr.cpp:1558]   --->   Operation 198 'writeresp' 'empty_152' <Predicate = true> <Delay = 4.92> <CoreInst = "m_axi">   --->   Core 111 'm_axi' <Latency = 3> <II = 1> <Delay = 1.00> <Adapter> <Opcode : 'readrequnaligned' 'writerequnaligned' 'read' 'write' 'readreq' 'writereq' 'writeresp'>

State 55 <SV = 54> <Delay = 0.00>
ST_55 : Operation 199 [55/104] (4.92ns)   --->   "%empty_152 = writeresp i1 @_ssdm_op_WriteResp.m_axi.p1i64, i64 %mm_video_addr" [prj/sol/.autopilot/db/v_frmbuf_wr.cpp:1558]   --->   Operation 199 'writeresp' 'empty_152' <Predicate = true> <Delay = 4.92> <CoreInst = "m_axi">   --->   Core 111 'm_axi' <Latency = 3> <II = 1> <Delay = 1.00> <Adapter> <Opcode : 'readrequnaligned' 'writerequnaligned' 'read' 'write' 'readreq' 'writereq' 'writeresp'>

State 56 <SV = 55> <Delay = 0.00>
ST_56 : Operation 200 [54/104] (4.92ns)   --->   "%empty_152 = writeresp i1 @_ssdm_op_WriteResp.m_axi.p1i64, i64 %mm_video_addr" [prj/sol/.autopilot/db/v_frmbuf_wr.cpp:1558]   --->   Operation 200 'writeresp' 'empty_152' <Predicate = true> <Delay = 4.92> <CoreInst = "m_axi">   --->   Core 111 'm_axi' <Latency = 3> <II = 1> <Delay = 1.00> <Adapter> <Opcode : 'readrequnaligned' 'writerequnaligned' 'read' 'write' 'readreq' 'writereq' 'writeresp'>

State 57 <SV = 56> <Delay = 0.00>
ST_57 : Operation 201 [53/104] (4.92ns)   --->   "%empty_152 = writeresp i1 @_ssdm_op_WriteResp.m_axi.p1i64, i64 %mm_video_addr" [prj/sol/.autopilot/db/v_frmbuf_wr.cpp:1558]   --->   Operation 201 'writeresp' 'empty_152' <Predicate = true> <Delay = 4.92> <CoreInst = "m_axi">   --->   Core 111 'm_axi' <Latency = 3> <II = 1> <Delay = 1.00> <Adapter> <Opcode : 'readrequnaligned' 'writerequnaligned' 'read' 'write' 'readreq' 'writereq' 'writeresp'>

State 58 <SV = 57> <Delay = 0.00>
ST_58 : Operation 202 [52/104] (4.92ns)   --->   "%empty_152 = writeresp i1 @_ssdm_op_WriteResp.m_axi.p1i64, i64 %mm_video_addr" [prj/sol/.autopilot/db/v_frmbuf_wr.cpp:1558]   --->   Operation 202 'writeresp' 'empty_152' <Predicate = true> <Delay = 4.92> <CoreInst = "m_axi">   --->   Core 111 'm_axi' <Latency = 3> <II = 1> <Delay = 1.00> <Adapter> <Opcode : 'readrequnaligned' 'writerequnaligned' 'read' 'write' 'readreq' 'writereq' 'writeresp'>

State 59 <SV = 58> <Delay = 0.00>
ST_59 : Operation 203 [51/104] (4.92ns)   --->   "%empty_152 = writeresp i1 @_ssdm_op_WriteResp.m_axi.p1i64, i64 %mm_video_addr" [prj/sol/.autopilot/db/v_frmbuf_wr.cpp:1558]   --->   Operation 203 'writeresp' 'empty_152' <Predicate = true> <Delay = 4.92> <CoreInst = "m_axi">   --->   Core 111 'm_axi' <Latency = 3> <II = 1> <Delay = 1.00> <Adapter> <Opcode : 'readrequnaligned' 'writerequnaligned' 'read' 'write' 'readreq' 'writereq' 'writeresp'>

State 60 <SV = 59> <Delay = 0.00>
ST_60 : Operation 204 [50/104] (4.92ns)   --->   "%empty_152 = writeresp i1 @_ssdm_op_WriteResp.m_axi.p1i64, i64 %mm_video_addr" [prj/sol/.autopilot/db/v_frmbuf_wr.cpp:1558]   --->   Operation 204 'writeresp' 'empty_152' <Predicate = true> <Delay = 4.92> <CoreInst = "m_axi">   --->   Core 111 'm_axi' <Latency = 3> <II = 1> <Delay = 1.00> <Adapter> <Opcode : 'readrequnaligned' 'writerequnaligned' 'read' 'write' 'readreq' 'writereq' 'writeresp'>

State 61 <SV = 60> <Delay = 0.00>
ST_61 : Operation 205 [49/104] (4.92ns)   --->   "%empty_152 = writeresp i1 @_ssdm_op_WriteResp.m_axi.p1i64, i64 %mm_video_addr" [prj/sol/.autopilot/db/v_frmbuf_wr.cpp:1558]   --->   Operation 205 'writeresp' 'empty_152' <Predicate = true> <Delay = 4.92> <CoreInst = "m_axi">   --->   Core 111 'm_axi' <Latency = 3> <II = 1> <Delay = 1.00> <Adapter> <Opcode : 'readrequnaligned' 'writerequnaligned' 'read' 'write' 'readreq' 'writereq' 'writeresp'>

State 62 <SV = 61> <Delay = 0.00>
ST_62 : Operation 206 [48/104] (4.92ns)   --->   "%empty_152 = writeresp i1 @_ssdm_op_WriteResp.m_axi.p1i64, i64 %mm_video_addr" [prj/sol/.autopilot/db/v_frmbuf_wr.cpp:1558]   --->   Operation 206 'writeresp' 'empty_152' <Predicate = true> <Delay = 4.92> <CoreInst = "m_axi">   --->   Core 111 'm_axi' <Latency = 3> <II = 1> <Delay = 1.00> <Adapter> <Opcode : 'readrequnaligned' 'writerequnaligned' 'read' 'write' 'readreq' 'writereq' 'writeresp'>

State 63 <SV = 62> <Delay = 0.00>
ST_63 : Operation 207 [47/104] (4.92ns)   --->   "%empty_152 = writeresp i1 @_ssdm_op_WriteResp.m_axi.p1i64, i64 %mm_video_addr" [prj/sol/.autopilot/db/v_frmbuf_wr.cpp:1558]   --->   Operation 207 'writeresp' 'empty_152' <Predicate = true> <Delay = 4.92> <CoreInst = "m_axi">   --->   Core 111 'm_axi' <Latency = 3> <II = 1> <Delay = 1.00> <Adapter> <Opcode : 'readrequnaligned' 'writerequnaligned' 'read' 'write' 'readreq' 'writereq' 'writeresp'>

State 64 <SV = 63> <Delay = 0.00>
ST_64 : Operation 208 [46/104] (4.92ns)   --->   "%empty_152 = writeresp i1 @_ssdm_op_WriteResp.m_axi.p1i64, i64 %mm_video_addr" [prj/sol/.autopilot/db/v_frmbuf_wr.cpp:1558]   --->   Operation 208 'writeresp' 'empty_152' <Predicate = true> <Delay = 4.92> <CoreInst = "m_axi">   --->   Core 111 'm_axi' <Latency = 3> <II = 1> <Delay = 1.00> <Adapter> <Opcode : 'readrequnaligned' 'writerequnaligned' 'read' 'write' 'readreq' 'writereq' 'writeresp'>

State 65 <SV = 64> <Delay = 0.00>
ST_65 : Operation 209 [45/104] (4.92ns)   --->   "%empty_152 = writeresp i1 @_ssdm_op_WriteResp.m_axi.p1i64, i64 %mm_video_addr" [prj/sol/.autopilot/db/v_frmbuf_wr.cpp:1558]   --->   Operation 209 'writeresp' 'empty_152' <Predicate = true> <Delay = 4.92> <CoreInst = "m_axi">   --->   Core 111 'm_axi' <Latency = 3> <II = 1> <Delay = 1.00> <Adapter> <Opcode : 'readrequnaligned' 'writerequnaligned' 'read' 'write' 'readreq' 'writereq' 'writeresp'>

State 66 <SV = 65> <Delay = 0.00>
ST_66 : Operation 210 [44/104] (4.92ns)   --->   "%empty_152 = writeresp i1 @_ssdm_op_WriteResp.m_axi.p1i64, i64 %mm_video_addr" [prj/sol/.autopilot/db/v_frmbuf_wr.cpp:1558]   --->   Operation 210 'writeresp' 'empty_152' <Predicate = true> <Delay = 4.92> <CoreInst = "m_axi">   --->   Core 111 'm_axi' <Latency = 3> <II = 1> <Delay = 1.00> <Adapter> <Opcode : 'readrequnaligned' 'writerequnaligned' 'read' 'write' 'readreq' 'writereq' 'writeresp'>

State 67 <SV = 66> <Delay = 0.00>
ST_67 : Operation 211 [43/104] (4.92ns)   --->   "%empty_152 = writeresp i1 @_ssdm_op_WriteResp.m_axi.p1i64, i64 %mm_video_addr" [prj/sol/.autopilot/db/v_frmbuf_wr.cpp:1558]   --->   Operation 211 'writeresp' 'empty_152' <Predicate = true> <Delay = 4.92> <CoreInst = "m_axi">   --->   Core 111 'm_axi' <Latency = 3> <II = 1> <Delay = 1.00> <Adapter> <Opcode : 'readrequnaligned' 'writerequnaligned' 'read' 'write' 'readreq' 'writereq' 'writeresp'>

State 68 <SV = 67> <Delay = 0.00>
ST_68 : Operation 212 [42/104] (4.92ns)   --->   "%empty_152 = writeresp i1 @_ssdm_op_WriteResp.m_axi.p1i64, i64 %mm_video_addr" [prj/sol/.autopilot/db/v_frmbuf_wr.cpp:1558]   --->   Operation 212 'writeresp' 'empty_152' <Predicate = true> <Delay = 4.92> <CoreInst = "m_axi">   --->   Core 111 'm_axi' <Latency = 3> <II = 1> <Delay = 1.00> <Adapter> <Opcode : 'readrequnaligned' 'writerequnaligned' 'read' 'write' 'readreq' 'writereq' 'writeresp'>

State 69 <SV = 68> <Delay = 0.00>
ST_69 : Operation 213 [41/104] (4.92ns)   --->   "%empty_152 = writeresp i1 @_ssdm_op_WriteResp.m_axi.p1i64, i64 %mm_video_addr" [prj/sol/.autopilot/db/v_frmbuf_wr.cpp:1558]   --->   Operation 213 'writeresp' 'empty_152' <Predicate = true> <Delay = 4.92> <CoreInst = "m_axi">   --->   Core 111 'm_axi' <Latency = 3> <II = 1> <Delay = 1.00> <Adapter> <Opcode : 'readrequnaligned' 'writerequnaligned' 'read' 'write' 'readreq' 'writereq' 'writeresp'>

State 70 <SV = 69> <Delay = 0.00>
ST_70 : Operation 214 [40/104] (4.92ns)   --->   "%empty_152 = writeresp i1 @_ssdm_op_WriteResp.m_axi.p1i64, i64 %mm_video_addr" [prj/sol/.autopilot/db/v_frmbuf_wr.cpp:1558]   --->   Operation 214 'writeresp' 'empty_152' <Predicate = true> <Delay = 4.92> <CoreInst = "m_axi">   --->   Core 111 'm_axi' <Latency = 3> <II = 1> <Delay = 1.00> <Adapter> <Opcode : 'readrequnaligned' 'writerequnaligned' 'read' 'write' 'readreq' 'writereq' 'writeresp'>

State 71 <SV = 70> <Delay = 0.00>
ST_71 : Operation 215 [39/104] (4.92ns)   --->   "%empty_152 = writeresp i1 @_ssdm_op_WriteResp.m_axi.p1i64, i64 %mm_video_addr" [prj/sol/.autopilot/db/v_frmbuf_wr.cpp:1558]   --->   Operation 215 'writeresp' 'empty_152' <Predicate = true> <Delay = 4.92> <CoreInst = "m_axi">   --->   Core 111 'm_axi' <Latency = 3> <II = 1> <Delay = 1.00> <Adapter> <Opcode : 'readrequnaligned' 'writerequnaligned' 'read' 'write' 'readreq' 'writereq' 'writeresp'>

State 72 <SV = 71> <Delay = 0.00>
ST_72 : Operation 216 [38/104] (4.92ns)   --->   "%empty_152 = writeresp i1 @_ssdm_op_WriteResp.m_axi.p1i64, i64 %mm_video_addr" [prj/sol/.autopilot/db/v_frmbuf_wr.cpp:1558]   --->   Operation 216 'writeresp' 'empty_152' <Predicate = true> <Delay = 4.92> <CoreInst = "m_axi">   --->   Core 111 'm_axi' <Latency = 3> <II = 1> <Delay = 1.00> <Adapter> <Opcode : 'readrequnaligned' 'writerequnaligned' 'read' 'write' 'readreq' 'writereq' 'writeresp'>

State 73 <SV = 72> <Delay = 0.00>
ST_73 : Operation 217 [37/104] (4.92ns)   --->   "%empty_152 = writeresp i1 @_ssdm_op_WriteResp.m_axi.p1i64, i64 %mm_video_addr" [prj/sol/.autopilot/db/v_frmbuf_wr.cpp:1558]   --->   Operation 217 'writeresp' 'empty_152' <Predicate = true> <Delay = 4.92> <CoreInst = "m_axi">   --->   Core 111 'm_axi' <Latency = 3> <II = 1> <Delay = 1.00> <Adapter> <Opcode : 'readrequnaligned' 'writerequnaligned' 'read' 'write' 'readreq' 'writereq' 'writeresp'>

State 74 <SV = 73> <Delay = 0.00>
ST_74 : Operation 218 [36/104] (4.92ns)   --->   "%empty_152 = writeresp i1 @_ssdm_op_WriteResp.m_axi.p1i64, i64 %mm_video_addr" [prj/sol/.autopilot/db/v_frmbuf_wr.cpp:1558]   --->   Operation 218 'writeresp' 'empty_152' <Predicate = true> <Delay = 4.92> <CoreInst = "m_axi">   --->   Core 111 'm_axi' <Latency = 3> <II = 1> <Delay = 1.00> <Adapter> <Opcode : 'readrequnaligned' 'writerequnaligned' 'read' 'write' 'readreq' 'writereq' 'writeresp'>

State 75 <SV = 74> <Delay = 0.00>
ST_75 : Operation 219 [35/104] (4.92ns)   --->   "%empty_152 = writeresp i1 @_ssdm_op_WriteResp.m_axi.p1i64, i64 %mm_video_addr" [prj/sol/.autopilot/db/v_frmbuf_wr.cpp:1558]   --->   Operation 219 'writeresp' 'empty_152' <Predicate = true> <Delay = 4.92> <CoreInst = "m_axi">   --->   Core 111 'm_axi' <Latency = 3> <II = 1> <Delay = 1.00> <Adapter> <Opcode : 'readrequnaligned' 'writerequnaligned' 'read' 'write' 'readreq' 'writereq' 'writeresp'>

State 76 <SV = 75> <Delay = 0.00>
ST_76 : Operation 220 [34/104] (4.92ns)   --->   "%empty_152 = writeresp i1 @_ssdm_op_WriteResp.m_axi.p1i64, i64 %mm_video_addr" [prj/sol/.autopilot/db/v_frmbuf_wr.cpp:1558]   --->   Operation 220 'writeresp' 'empty_152' <Predicate = true> <Delay = 4.92> <CoreInst = "m_axi">   --->   Core 111 'm_axi' <Latency = 3> <II = 1> <Delay = 1.00> <Adapter> <Opcode : 'readrequnaligned' 'writerequnaligned' 'read' 'write' 'readreq' 'writereq' 'writeresp'>

State 77 <SV = 76> <Delay = 0.00>
ST_77 : Operation 221 [33/104] (4.92ns)   --->   "%empty_152 = writeresp i1 @_ssdm_op_WriteResp.m_axi.p1i64, i64 %mm_video_addr" [prj/sol/.autopilot/db/v_frmbuf_wr.cpp:1558]   --->   Operation 221 'writeresp' 'empty_152' <Predicate = true> <Delay = 4.92> <CoreInst = "m_axi">   --->   Core 111 'm_axi' <Latency = 3> <II = 1> <Delay = 1.00> <Adapter> <Opcode : 'readrequnaligned' 'writerequnaligned' 'read' 'write' 'readreq' 'writereq' 'writeresp'>

State 78 <SV = 77> <Delay = 0.00>
ST_78 : Operation 222 [32/104] (4.92ns)   --->   "%empty_152 = writeresp i1 @_ssdm_op_WriteResp.m_axi.p1i64, i64 %mm_video_addr" [prj/sol/.autopilot/db/v_frmbuf_wr.cpp:1558]   --->   Operation 222 'writeresp' 'empty_152' <Predicate = true> <Delay = 4.92> <CoreInst = "m_axi">   --->   Core 111 'm_axi' <Latency = 3> <II = 1> <Delay = 1.00> <Adapter> <Opcode : 'readrequnaligned' 'writerequnaligned' 'read' 'write' 'readreq' 'writereq' 'writeresp'>

State 79 <SV = 78> <Delay = 0.00>
ST_79 : Operation 223 [31/104] (4.92ns)   --->   "%empty_152 = writeresp i1 @_ssdm_op_WriteResp.m_axi.p1i64, i64 %mm_video_addr" [prj/sol/.autopilot/db/v_frmbuf_wr.cpp:1558]   --->   Operation 223 'writeresp' 'empty_152' <Predicate = true> <Delay = 4.92> <CoreInst = "m_axi">   --->   Core 111 'm_axi' <Latency = 3> <II = 1> <Delay = 1.00> <Adapter> <Opcode : 'readrequnaligned' 'writerequnaligned' 'read' 'write' 'readreq' 'writereq' 'writeresp'>

State 80 <SV = 79> <Delay = 0.00>
ST_80 : Operation 224 [30/104] (4.92ns)   --->   "%empty_152 = writeresp i1 @_ssdm_op_WriteResp.m_axi.p1i64, i64 %mm_video_addr" [prj/sol/.autopilot/db/v_frmbuf_wr.cpp:1558]   --->   Operation 224 'writeresp' 'empty_152' <Predicate = true> <Delay = 4.92> <CoreInst = "m_axi">   --->   Core 111 'm_axi' <Latency = 3> <II = 1> <Delay = 1.00> <Adapter> <Opcode : 'readrequnaligned' 'writerequnaligned' 'read' 'write' 'readreq' 'writereq' 'writeresp'>

State 81 <SV = 80> <Delay = 0.00>
ST_81 : Operation 225 [29/104] (4.92ns)   --->   "%empty_152 = writeresp i1 @_ssdm_op_WriteResp.m_axi.p1i64, i64 %mm_video_addr" [prj/sol/.autopilot/db/v_frmbuf_wr.cpp:1558]   --->   Operation 225 'writeresp' 'empty_152' <Predicate = true> <Delay = 4.92> <CoreInst = "m_axi">   --->   Core 111 'm_axi' <Latency = 3> <II = 1> <Delay = 1.00> <Adapter> <Opcode : 'readrequnaligned' 'writerequnaligned' 'read' 'write' 'readreq' 'writereq' 'writeresp'>

State 82 <SV = 81> <Delay = 0.00>
ST_82 : Operation 226 [28/104] (4.92ns)   --->   "%empty_152 = writeresp i1 @_ssdm_op_WriteResp.m_axi.p1i64, i64 %mm_video_addr" [prj/sol/.autopilot/db/v_frmbuf_wr.cpp:1558]   --->   Operation 226 'writeresp' 'empty_152' <Predicate = true> <Delay = 4.92> <CoreInst = "m_axi">   --->   Core 111 'm_axi' <Latency = 3> <II = 1> <Delay = 1.00> <Adapter> <Opcode : 'readrequnaligned' 'writerequnaligned' 'read' 'write' 'readreq' 'writereq' 'writeresp'>

State 83 <SV = 82> <Delay = 0.00>
ST_83 : Operation 227 [27/104] (4.92ns)   --->   "%empty_152 = writeresp i1 @_ssdm_op_WriteResp.m_axi.p1i64, i64 %mm_video_addr" [prj/sol/.autopilot/db/v_frmbuf_wr.cpp:1558]   --->   Operation 227 'writeresp' 'empty_152' <Predicate = true> <Delay = 4.92> <CoreInst = "m_axi">   --->   Core 111 'm_axi' <Latency = 3> <II = 1> <Delay = 1.00> <Adapter> <Opcode : 'readrequnaligned' 'writerequnaligned' 'read' 'write' 'readreq' 'writereq' 'writeresp'>

State 84 <SV = 83> <Delay = 0.00>
ST_84 : Operation 228 [26/104] (4.92ns)   --->   "%empty_152 = writeresp i1 @_ssdm_op_WriteResp.m_axi.p1i64, i64 %mm_video_addr" [prj/sol/.autopilot/db/v_frmbuf_wr.cpp:1558]   --->   Operation 228 'writeresp' 'empty_152' <Predicate = true> <Delay = 4.92> <CoreInst = "m_axi">   --->   Core 111 'm_axi' <Latency = 3> <II = 1> <Delay = 1.00> <Adapter> <Opcode : 'readrequnaligned' 'writerequnaligned' 'read' 'write' 'readreq' 'writereq' 'writeresp'>

State 85 <SV = 84> <Delay = 0.00>
ST_85 : Operation 229 [25/104] (4.92ns)   --->   "%empty_152 = writeresp i1 @_ssdm_op_WriteResp.m_axi.p1i64, i64 %mm_video_addr" [prj/sol/.autopilot/db/v_frmbuf_wr.cpp:1558]   --->   Operation 229 'writeresp' 'empty_152' <Predicate = true> <Delay = 4.92> <CoreInst = "m_axi">   --->   Core 111 'm_axi' <Latency = 3> <II = 1> <Delay = 1.00> <Adapter> <Opcode : 'readrequnaligned' 'writerequnaligned' 'read' 'write' 'readreq' 'writereq' 'writeresp'>

State 86 <SV = 85> <Delay = 0.00>
ST_86 : Operation 230 [24/104] (4.92ns)   --->   "%empty_152 = writeresp i1 @_ssdm_op_WriteResp.m_axi.p1i64, i64 %mm_video_addr" [prj/sol/.autopilot/db/v_frmbuf_wr.cpp:1558]   --->   Operation 230 'writeresp' 'empty_152' <Predicate = true> <Delay = 4.92> <CoreInst = "m_axi">   --->   Core 111 'm_axi' <Latency = 3> <II = 1> <Delay = 1.00> <Adapter> <Opcode : 'readrequnaligned' 'writerequnaligned' 'read' 'write' 'readreq' 'writereq' 'writeresp'>

State 87 <SV = 86> <Delay = 0.00>
ST_87 : Operation 231 [23/104] (4.92ns)   --->   "%empty_152 = writeresp i1 @_ssdm_op_WriteResp.m_axi.p1i64, i64 %mm_video_addr" [prj/sol/.autopilot/db/v_frmbuf_wr.cpp:1558]   --->   Operation 231 'writeresp' 'empty_152' <Predicate = true> <Delay = 4.92> <CoreInst = "m_axi">   --->   Core 111 'm_axi' <Latency = 3> <II = 1> <Delay = 1.00> <Adapter> <Opcode : 'readrequnaligned' 'writerequnaligned' 'read' 'write' 'readreq' 'writereq' 'writeresp'>

State 88 <SV = 87> <Delay = 0.00>
ST_88 : Operation 232 [22/104] (4.92ns)   --->   "%empty_152 = writeresp i1 @_ssdm_op_WriteResp.m_axi.p1i64, i64 %mm_video_addr" [prj/sol/.autopilot/db/v_frmbuf_wr.cpp:1558]   --->   Operation 232 'writeresp' 'empty_152' <Predicate = true> <Delay = 4.92> <CoreInst = "m_axi">   --->   Core 111 'm_axi' <Latency = 3> <II = 1> <Delay = 1.00> <Adapter> <Opcode : 'readrequnaligned' 'writerequnaligned' 'read' 'write' 'readreq' 'writereq' 'writeresp'>

State 89 <SV = 88> <Delay = 0.00>
ST_89 : Operation 233 [21/104] (4.92ns)   --->   "%empty_152 = writeresp i1 @_ssdm_op_WriteResp.m_axi.p1i64, i64 %mm_video_addr" [prj/sol/.autopilot/db/v_frmbuf_wr.cpp:1558]   --->   Operation 233 'writeresp' 'empty_152' <Predicate = true> <Delay = 4.92> <CoreInst = "m_axi">   --->   Core 111 'm_axi' <Latency = 3> <II = 1> <Delay = 1.00> <Adapter> <Opcode : 'readrequnaligned' 'writerequnaligned' 'read' 'write' 'readreq' 'writereq' 'writeresp'>

State 90 <SV = 89> <Delay = 0.00>
ST_90 : Operation 234 [20/104] (4.92ns)   --->   "%empty_152 = writeresp i1 @_ssdm_op_WriteResp.m_axi.p1i64, i64 %mm_video_addr" [prj/sol/.autopilot/db/v_frmbuf_wr.cpp:1558]   --->   Operation 234 'writeresp' 'empty_152' <Predicate = true> <Delay = 4.92> <CoreInst = "m_axi">   --->   Core 111 'm_axi' <Latency = 3> <II = 1> <Delay = 1.00> <Adapter> <Opcode : 'readrequnaligned' 'writerequnaligned' 'read' 'write' 'readreq' 'writereq' 'writeresp'>

State 91 <SV = 90> <Delay = 0.00>
ST_91 : Operation 235 [19/104] (4.92ns)   --->   "%empty_152 = writeresp i1 @_ssdm_op_WriteResp.m_axi.p1i64, i64 %mm_video_addr" [prj/sol/.autopilot/db/v_frmbuf_wr.cpp:1558]   --->   Operation 235 'writeresp' 'empty_152' <Predicate = true> <Delay = 4.92> <CoreInst = "m_axi">   --->   Core 111 'm_axi' <Latency = 3> <II = 1> <Delay = 1.00> <Adapter> <Opcode : 'readrequnaligned' 'writerequnaligned' 'read' 'write' 'readreq' 'writereq' 'writeresp'>

State 92 <SV = 91> <Delay = 0.00>
ST_92 : Operation 236 [18/104] (4.92ns)   --->   "%empty_152 = writeresp i1 @_ssdm_op_WriteResp.m_axi.p1i64, i64 %mm_video_addr" [prj/sol/.autopilot/db/v_frmbuf_wr.cpp:1558]   --->   Operation 236 'writeresp' 'empty_152' <Predicate = true> <Delay = 4.92> <CoreInst = "m_axi">   --->   Core 111 'm_axi' <Latency = 3> <II = 1> <Delay = 1.00> <Adapter> <Opcode : 'readrequnaligned' 'writerequnaligned' 'read' 'write' 'readreq' 'writereq' 'writeresp'>

State 93 <SV = 92> <Delay = 0.00>
ST_93 : Operation 237 [17/104] (4.92ns)   --->   "%empty_152 = writeresp i1 @_ssdm_op_WriteResp.m_axi.p1i64, i64 %mm_video_addr" [prj/sol/.autopilot/db/v_frmbuf_wr.cpp:1558]   --->   Operation 237 'writeresp' 'empty_152' <Predicate = true> <Delay = 4.92> <CoreInst = "m_axi">   --->   Core 111 'm_axi' <Latency = 3> <II = 1> <Delay = 1.00> <Adapter> <Opcode : 'readrequnaligned' 'writerequnaligned' 'read' 'write' 'readreq' 'writereq' 'writeresp'>

State 94 <SV = 93> <Delay = 0.00>
ST_94 : Operation 238 [16/104] (4.92ns)   --->   "%empty_152 = writeresp i1 @_ssdm_op_WriteResp.m_axi.p1i64, i64 %mm_video_addr" [prj/sol/.autopilot/db/v_frmbuf_wr.cpp:1558]   --->   Operation 238 'writeresp' 'empty_152' <Predicate = true> <Delay = 4.92> <CoreInst = "m_axi">   --->   Core 111 'm_axi' <Latency = 3> <II = 1> <Delay = 1.00> <Adapter> <Opcode : 'readrequnaligned' 'writerequnaligned' 'read' 'write' 'readreq' 'writereq' 'writeresp'>

State 95 <SV = 94> <Delay = 0.00>
ST_95 : Operation 239 [15/104] (4.92ns)   --->   "%empty_152 = writeresp i1 @_ssdm_op_WriteResp.m_axi.p1i64, i64 %mm_video_addr" [prj/sol/.autopilot/db/v_frmbuf_wr.cpp:1558]   --->   Operation 239 'writeresp' 'empty_152' <Predicate = true> <Delay = 4.92> <CoreInst = "m_axi">   --->   Core 111 'm_axi' <Latency = 3> <II = 1> <Delay = 1.00> <Adapter> <Opcode : 'readrequnaligned' 'writerequnaligned' 'read' 'write' 'readreq' 'writereq' 'writeresp'>

State 96 <SV = 95> <Delay = 0.00>
ST_96 : Operation 240 [14/104] (4.92ns)   --->   "%empty_152 = writeresp i1 @_ssdm_op_WriteResp.m_axi.p1i64, i64 %mm_video_addr" [prj/sol/.autopilot/db/v_frmbuf_wr.cpp:1558]   --->   Operation 240 'writeresp' 'empty_152' <Predicate = true> <Delay = 4.92> <CoreInst = "m_axi">   --->   Core 111 'm_axi' <Latency = 3> <II = 1> <Delay = 1.00> <Adapter> <Opcode : 'readrequnaligned' 'writerequnaligned' 'read' 'write' 'readreq' 'writereq' 'writeresp'>

State 97 <SV = 96> <Delay = 0.00>
ST_97 : Operation 241 [13/104] (4.92ns)   --->   "%empty_152 = writeresp i1 @_ssdm_op_WriteResp.m_axi.p1i64, i64 %mm_video_addr" [prj/sol/.autopilot/db/v_frmbuf_wr.cpp:1558]   --->   Operation 241 'writeresp' 'empty_152' <Predicate = true> <Delay = 4.92> <CoreInst = "m_axi">   --->   Core 111 'm_axi' <Latency = 3> <II = 1> <Delay = 1.00> <Adapter> <Opcode : 'readrequnaligned' 'writerequnaligned' 'read' 'write' 'readreq' 'writereq' 'writeresp'>

State 98 <SV = 97> <Delay = 0.00>
ST_98 : Operation 242 [12/104] (4.92ns)   --->   "%empty_152 = writeresp i1 @_ssdm_op_WriteResp.m_axi.p1i64, i64 %mm_video_addr" [prj/sol/.autopilot/db/v_frmbuf_wr.cpp:1558]   --->   Operation 242 'writeresp' 'empty_152' <Predicate = true> <Delay = 4.92> <CoreInst = "m_axi">   --->   Core 111 'm_axi' <Latency = 3> <II = 1> <Delay = 1.00> <Adapter> <Opcode : 'readrequnaligned' 'writerequnaligned' 'read' 'write' 'readreq' 'writereq' 'writeresp'>

State 99 <SV = 98> <Delay = 0.00>
ST_99 : Operation 243 [11/104] (4.92ns)   --->   "%empty_152 = writeresp i1 @_ssdm_op_WriteResp.m_axi.p1i64, i64 %mm_video_addr" [prj/sol/.autopilot/db/v_frmbuf_wr.cpp:1558]   --->   Operation 243 'writeresp' 'empty_152' <Predicate = true> <Delay = 4.92> <CoreInst = "m_axi">   --->   Core 111 'm_axi' <Latency = 3> <II = 1> <Delay = 1.00> <Adapter> <Opcode : 'readrequnaligned' 'writerequnaligned' 'read' 'write' 'readreq' 'writereq' 'writeresp'>

State 100 <SV = 99> <Delay = 0.00>
ST_100 : Operation 244 [10/104] (4.92ns)   --->   "%empty_152 = writeresp i1 @_ssdm_op_WriteResp.m_axi.p1i64, i64 %mm_video_addr" [prj/sol/.autopilot/db/v_frmbuf_wr.cpp:1558]   --->   Operation 244 'writeresp' 'empty_152' <Predicate = true> <Delay = 4.92> <CoreInst = "m_axi">   --->   Core 111 'm_axi' <Latency = 3> <II = 1> <Delay = 1.00> <Adapter> <Opcode : 'readrequnaligned' 'writerequnaligned' 'read' 'write' 'readreq' 'writereq' 'writeresp'>

State 101 <SV = 100> <Delay = 0.00>
ST_101 : Operation 245 [9/104] (4.92ns)   --->   "%empty_152 = writeresp i1 @_ssdm_op_WriteResp.m_axi.p1i64, i64 %mm_video_addr" [prj/sol/.autopilot/db/v_frmbuf_wr.cpp:1558]   --->   Operation 245 'writeresp' 'empty_152' <Predicate = true> <Delay = 4.92> <CoreInst = "m_axi">   --->   Core 111 'm_axi' <Latency = 3> <II = 1> <Delay = 1.00> <Adapter> <Opcode : 'readrequnaligned' 'writerequnaligned' 'read' 'write' 'readreq' 'writereq' 'writeresp'>

State 102 <SV = 101> <Delay = 0.00>
ST_102 : Operation 246 [8/104] (4.92ns)   --->   "%empty_152 = writeresp i1 @_ssdm_op_WriteResp.m_axi.p1i64, i64 %mm_video_addr" [prj/sol/.autopilot/db/v_frmbuf_wr.cpp:1558]   --->   Operation 246 'writeresp' 'empty_152' <Predicate = true> <Delay = 4.92> <CoreInst = "m_axi">   --->   Core 111 'm_axi' <Latency = 3> <II = 1> <Delay = 1.00> <Adapter> <Opcode : 'readrequnaligned' 'writerequnaligned' 'read' 'write' 'readreq' 'writereq' 'writeresp'>

State 103 <SV = 102> <Delay = 0.00>
ST_103 : Operation 247 [7/104] (4.92ns)   --->   "%empty_152 = writeresp i1 @_ssdm_op_WriteResp.m_axi.p1i64, i64 %mm_video_addr" [prj/sol/.autopilot/db/v_frmbuf_wr.cpp:1558]   --->   Operation 247 'writeresp' 'empty_152' <Predicate = true> <Delay = 4.92> <CoreInst = "m_axi">   --->   Core 111 'm_axi' <Latency = 3> <II = 1> <Delay = 1.00> <Adapter> <Opcode : 'readrequnaligned' 'writerequnaligned' 'read' 'write' 'readreq' 'writereq' 'writeresp'>

State 104 <SV = 103> <Delay = 0.00>
ST_104 : Operation 248 [6/104] (4.92ns)   --->   "%empty_152 = writeresp i1 @_ssdm_op_WriteResp.m_axi.p1i64, i64 %mm_video_addr" [prj/sol/.autopilot/db/v_frmbuf_wr.cpp:1558]   --->   Operation 248 'writeresp' 'empty_152' <Predicate = true> <Delay = 4.92> <CoreInst = "m_axi">   --->   Core 111 'm_axi' <Latency = 3> <II = 1> <Delay = 1.00> <Adapter> <Opcode : 'readrequnaligned' 'writerequnaligned' 'read' 'write' 'readreq' 'writereq' 'writeresp'>

State 105 <SV = 104> <Delay = 0.00>
ST_105 : Operation 249 [5/104] (4.92ns)   --->   "%empty_152 = writeresp i1 @_ssdm_op_WriteResp.m_axi.p1i64, i64 %mm_video_addr" [prj/sol/.autopilot/db/v_frmbuf_wr.cpp:1558]   --->   Operation 249 'writeresp' 'empty_152' <Predicate = true> <Delay = 4.92> <CoreInst = "m_axi">   --->   Core 111 'm_axi' <Latency = 3> <II = 1> <Delay = 1.00> <Adapter> <Opcode : 'readrequnaligned' 'writerequnaligned' 'read' 'write' 'readreq' 'writereq' 'writeresp'>

State 106 <SV = 105> <Delay = 0.00>
ST_106 : Operation 250 [4/104] (4.92ns)   --->   "%empty_152 = writeresp i1 @_ssdm_op_WriteResp.m_axi.p1i64, i64 %mm_video_addr" [prj/sol/.autopilot/db/v_frmbuf_wr.cpp:1558]   --->   Operation 250 'writeresp' 'empty_152' <Predicate = true> <Delay = 4.92> <CoreInst = "m_axi">   --->   Core 111 'm_axi' <Latency = 3> <II = 1> <Delay = 1.00> <Adapter> <Opcode : 'readrequnaligned' 'writerequnaligned' 'read' 'write' 'readreq' 'writereq' 'writeresp'>

State 107 <SV = 106> <Delay = 0.00>
ST_107 : Operation 251 [3/104] (4.92ns)   --->   "%empty_152 = writeresp i1 @_ssdm_op_WriteResp.m_axi.p1i64, i64 %mm_video_addr" [prj/sol/.autopilot/db/v_frmbuf_wr.cpp:1558]   --->   Operation 251 'writeresp' 'empty_152' <Predicate = true> <Delay = 4.92> <CoreInst = "m_axi">   --->   Core 111 'm_axi' <Latency = 3> <II = 1> <Delay = 1.00> <Adapter> <Opcode : 'readrequnaligned' 'writerequnaligned' 'read' 'write' 'readreq' 'writereq' 'writeresp'>

State 108 <SV = 107> <Delay = 0.00>
ST_108 : Operation 252 [2/104] (4.92ns)   --->   "%empty_152 = writeresp i1 @_ssdm_op_WriteResp.m_axi.p1i64, i64 %mm_video_addr" [prj/sol/.autopilot/db/v_frmbuf_wr.cpp:1558]   --->   Operation 252 'writeresp' 'empty_152' <Predicate = true> <Delay = 4.92> <CoreInst = "m_axi">   --->   Core 111 'm_axi' <Latency = 3> <II = 1> <Delay = 1.00> <Adapter> <Opcode : 'readrequnaligned' 'writerequnaligned' 'read' 'write' 'readreq' 'writereq' 'writeresp'>

State 109 <SV = 108> <Delay = 4.92>
ST_109 : Operation 253 [1/1] (0.00ns)   --->   "%specloopname_ln1547 = specloopname void @_ssdm_op_SpecLoopName, void @empty_15" [prj/sol/.autopilot/db/v_frmbuf_wr.cpp:1547]   --->   Operation 253 'specloopname' 'specloopname_ln1547' <Predicate = true> <Delay = 0.00>
ST_109 : Operation 254 [1/104] ( I:4.92ns O:4.92ns )   --->   "%empty_152 = writeresp i1 @_ssdm_op_WriteResp.m_axi.p1i64, i64 %mm_video_addr" [prj/sol/.autopilot/db/v_frmbuf_wr.cpp:1558]   --->   Operation 254 'writeresp' 'empty_152' <Predicate = true> <Delay = 4.92> <CoreInst = "m_axi">   --->   Core 111 'm_axi' <Latency = 3> <II = 1> <Delay = 1.00> <Adapter> <Opcode : 'readrequnaligned' 'writerequnaligned' 'read' 'write' 'readreq' 'writereq' 'writeresp'>
ST_109 : Operation 255 [1/1] (0.00ns)   --->   "%br_ln1547 = br void %VITIS_LOOP_1552_1" [prj/sol/.autopilot/db/v_frmbuf_wr.cpp:1547]   --->   Operation 255 'br' 'br_ln1547' <Predicate = true> <Delay = 0.00>


============================================================
+ Verbose Summary: Timing violations
============================================================
Target clock period: 6.750ns, clock uncertainty: 1.822ns.

 <State 1>: 1.528ns
The critical path consists of the following:
	wire read operation ('WidthInBytes_val_read') on port 'WidthInBytes_val' [12]  (0.000 ns)
	'add' operation 14 bit ('add_ln1539', prj/sol/.autopilot/db/v_frmbuf_wr.cpp:1539) [20]  (1.528 ns)

 <State 2>: 2.986ns
The critical path consists of the following:
	'load' operation 24 bit ('yoffset_load', prj/sol/.autopilot/db/v_frmbuf_wr.cpp:1558) on local variable 'yoffset', prj/sol/.autopilot/db/v_frmbuf_wr.cpp:1542 [35]  (0.000 ns)
	'add' operation 24 bit ('add_ln1558', prj/sol/.autopilot/db/v_frmbuf_wr.cpp:1558) [46]  (1.688 ns)
	'store' operation ('store_ln1542', prj/sol/.autopilot/db/v_frmbuf_wr.cpp:1542) of variable 'add_ln1558', prj/sol/.autopilot/db/v_frmbuf_wr.cpp:1558 24 bit on local variable 'yoffset', prj/sol/.autopilot/db/v_frmbuf_wr.cpp:1542 [47]  (1.298 ns)

 <State 3>: 4.927ns
The critical path consists of the following:
	'getelementptr' operation 64 bit ('mm_video_addr', prj/sol/.autopilot/db/v_frmbuf_wr.cpp:1552) [42]  (0.000 ns)
	bus request operation ('empty', prj/sol/.autopilot/db/v_frmbuf_wr.cpp:1552) on port 'mm_video' (prj/sol/.autopilot/db/v_frmbuf_wr.cpp:1552) [43]  (4.927 ns)

 <State 4>: 2.780ns
The critical path consists of the following:
	'call' operation ('call_ln1539', prj/sol/.autopilot/db/v_frmbuf_wr.cpp:1539) to 'Bytes2AXIMMvideo_Pipeline_VITIS_LOOP_1552_1' [44]  (2.780 ns)

 <State 5>: 0.000ns
The critical path consists of the following:

 <State 6>: 0.000ns
The critical path consists of the following:

 <State 7>: 0.000ns
The critical path consists of the following:

 <State 8>: 0.000ns
The critical path consists of the following:

 <State 9>: 0.000ns
The critical path consists of the following:

 <State 10>: 0.000ns
The critical path consists of the following:

 <State 11>: 0.000ns
The critical path consists of the following:

 <State 12>: 0.000ns
The critical path consists of the following:

 <State 13>: 0.000ns
The critical path consists of the following:

 <State 14>: 0.000ns
The critical path consists of the following:

 <State 15>: 0.000ns
The critical path consists of the following:

 <State 16>: 0.000ns
The critical path consists of the following:

 <State 17>: 0.000ns
The critical path consists of the following:

 <State 18>: 0.000ns
The critical path consists of the following:

 <State 19>: 0.000ns
The critical path consists of the following:

 <State 20>: 0.000ns
The critical path consists of the following:

 <State 21>: 0.000ns
The critical path consists of the following:

 <State 22>: 0.000ns
The critical path consists of the following:

 <State 23>: 0.000ns
The critical path consists of the following:

 <State 24>: 0.000ns
The critical path consists of the following:

 <State 25>: 0.000ns
The critical path consists of the following:

 <State 26>: 0.000ns
The critical path consists of the following:

 <State 27>: 0.000ns
The critical path consists of the following:

 <State 28>: 0.000ns
The critical path consists of the following:

 <State 29>: 0.000ns
The critical path consists of the following:

 <State 30>: 0.000ns
The critical path consists of the following:

 <State 31>: 0.000ns
The critical path consists of the following:

 <State 32>: 0.000ns
The critical path consists of the following:

 <State 33>: 0.000ns
The critical path consists of the following:

 <State 34>: 0.000ns
The critical path consists of the following:

 <State 35>: 0.000ns
The critical path consists of the following:

 <State 36>: 0.000ns
The critical path consists of the following:

 <State 37>: 0.000ns
The critical path consists of the following:

 <State 38>: 0.000ns
The critical path consists of the following:

 <State 39>: 0.000ns
The critical path consists of the following:

 <State 40>: 0.000ns
The critical path consists of the following:

 <State 41>: 0.000ns
The critical path consists of the following:

 <State 42>: 0.000ns
The critical path consists of the following:

 <State 43>: 0.000ns
The critical path consists of the following:

 <State 44>: 0.000ns
The critical path consists of the following:

 <State 45>: 0.000ns
The critical path consists of the following:

 <State 46>: 0.000ns
The critical path consists of the following:

 <State 47>: 0.000ns
The critical path consists of the following:

 <State 48>: 0.000ns
The critical path consists of the following:

 <State 49>: 0.000ns
The critical path consists of the following:

 <State 50>: 0.000ns
The critical path consists of the following:

 <State 51>: 0.000ns
The critical path consists of the following:

 <State 52>: 0.000ns
The critical path consists of the following:

 <State 53>: 0.000ns
The critical path consists of the following:

 <State 54>: 0.000ns
The critical path consists of the following:

 <State 55>: 0.000ns
The critical path consists of the following:

 <State 56>: 0.000ns
The critical path consists of the following:

 <State 57>: 0.000ns
The critical path consists of the following:

 <State 58>: 0.000ns
The critical path consists of the following:

 <State 59>: 0.000ns
The critical path consists of the following:

 <State 60>: 0.000ns
The critical path consists of the following:

 <State 61>: 0.000ns
The critical path consists of the following:

 <State 62>: 0.000ns
The critical path consists of the following:

 <State 63>: 0.000ns
The critical path consists of the following:

 <State 64>: 0.000ns
The critical path consists of the following:

 <State 65>: 0.000ns
The critical path consists of the following:

 <State 66>: 0.000ns
The critical path consists of the following:

 <State 67>: 0.000ns
The critical path consists of the following:

 <State 68>: 0.000ns
The critical path consists of the following:

 <State 69>: 0.000ns
The critical path consists of the following:

 <State 70>: 0.000ns
The critical path consists of the following:

 <State 71>: 0.000ns
The critical path consists of the following:

 <State 72>: 0.000ns
The critical path consists of the following:

 <State 73>: 0.000ns
The critical path consists of the following:

 <State 74>: 0.000ns
The critical path consists of the following:

 <State 75>: 0.000ns
The critical path consists of the following:

 <State 76>: 0.000ns
The critical path consists of the following:

 <State 77>: 0.000ns
The critical path consists of the following:

 <State 78>: 0.000ns
The critical path consists of the following:

 <State 79>: 0.000ns
The critical path consists of the following:

 <State 80>: 0.000ns
The critical path consists of the following:

 <State 81>: 0.000ns
The critical path consists of the following:

 <State 82>: 0.000ns
The critical path consists of the following:

 <State 83>: 0.000ns
The critical path consists of the following:

 <State 84>: 0.000ns
The critical path consists of the following:

 <State 85>: 0.000ns
The critical path consists of the following:

 <State 86>: 0.000ns
The critical path consists of the following:

 <State 87>: 0.000ns
The critical path consists of the following:

 <State 88>: 0.000ns
The critical path consists of the following:

 <State 89>: 0.000ns
The critical path consists of the following:

 <State 90>: 0.000ns
The critical path consists of the following:

 <State 91>: 0.000ns
The critical path consists of the following:

 <State 92>: 0.000ns
The critical path consists of the following:

 <State 93>: 0.000ns
The critical path consists of the following:

 <State 94>: 0.000ns
The critical path consists of the following:

 <State 95>: 0.000ns
The critical path consists of the following:

 <State 96>: 0.000ns
The critical path consists of the following:

 <State 97>: 0.000ns
The critical path consists of the following:

 <State 98>: 0.000ns
The critical path consists of the following:

 <State 99>: 0.000ns
The critical path consists of the following:

 <State 100>: 0.000ns
The critical path consists of the following:

 <State 101>: 0.000ns
The critical path consists of the following:

 <State 102>: 0.000ns
The critical path consists of the following:

 <State 103>: 0.000ns
The critical path consists of the following:

 <State 104>: 0.000ns
The critical path consists of the following:

 <State 105>: 0.000ns
The critical path consists of the following:

 <State 106>: 0.000ns
The critical path consists of the following:

 <State 107>: 0.000ns
The critical path consists of the following:

 <State 108>: 0.000ns
The critical path consists of the following:

 <State 109>: 4.927ns
The critical path consists of the following:
	bus response operation ('empty_152', prj/sol/.autopilot/db/v_frmbuf_wr.cpp:1558) on port 'mm_video' (prj/sol/.autopilot/db/v_frmbuf_wr.cpp:1558) [45]  (4.927 ns)


============================================================
+ Verbose Summary: Binding
============================================================
N/A
* FSMD analyzer results:
  - Output states:
 - Input state : 
  - Chain level:
	State 1
	State 2
	State 3
	State 4
	State 5
	State 6
	State 7
	State 8
	State 9
	State 10
	State 11
	State 12
	State 13
	State 14
	State 15
	State 16
	State 17
	State 18
	State 19
	State 20
	State 21
	State 22
	State 23
	State 24
	State 25
	State 26
	State 27
	State 28
	State 29
	State 30
	State 31
	State 32
	State 33
	State 34
	State 35
	State 36
	State 37
	State 38
	State 39
	State 40
	State 41
	State 42
	State 43
	State 44
	State 45
	State 46
	State 47
	State 48
	State 49
	State 50
	State 51
	State 52
	State 53
	State 54
	State 55
	State 56
	State 57
	State 58
	State 59
	State 60
	State 61
	State 62
	State 63
	State 64
	State 65
	State 66
	State 67
	State 68
	State 69
	State 70
	State 71
	State 72
	State 73
	State 74
	State 75
	State 76
	State 77
	State 78
	State 79
	State 80
	State 81
	State 82
	State 83
	State 84
	State 85
	State 86
	State 87
	State 88
	State 89
	State 90
	State 91
	State 92
	State 93
	State 94
	State 95
	State 96
	State 97
	State 98
	State 99
	State 100
	State 101
	State 102
	State 103
	State 104
	State 105
	State 106
	State 107
	State 108
	State 109


============================================================
+ Verbose Summary: Datapath Resource usage 
============================================================
N/A
