

================================================================
== Vitis HLS Report for 'Bytes2MultiPixStream'
================================================================
* Date:           Thu Mar  5 14:47:30 2026

* Version:        2025.2 (Build 6295257 on Nov 14 2025)
* Project:        prj
* Solution:       sol (Vivado IP Flow Target)
* Product family: zynq
* Target device:  xc7z020-clg400-2


================================================================
== Performance Estimates
================================================================
+ Timing: 
    * Summary: 
    +--------+---------+----------+------------+
    |  Clock |  Target | Estimated| Uncertainty|
    +--------+---------+----------+------------+
    |ap_clk  |  6.67 ns|  4.867 ns|     1.80 ns|
    +--------+---------+----------+------------+

+ Latency: 
    * Summary: 
    +---------+---------+----------+-----------+-----+---------+---------+
    |  Latency (cycles) |  Latency (absolute)  |    Interval   | Pipeline|
    |   min   |   max   |    min   |    max    | min |   max   |   Type  |
    +---------+---------+----------+-----------+-----+---------+---------+
    |        1|  3115801|  6.667 ns|  20.773 ms|    1|  3115801|       no|
    +---------+---------+----------+-----------+-----+---------+---------+

    + Detail: 
        * Instance: 
        N/A

        * Loop: 
        +--------------------+---------+---------+----------+-----------+-----------+-----------+----------+
        |                    |  Latency (cycles) | Iteration|  Initiation Interval  |    Trip   |          |
        |      Loop Name     |   min   |   max   |  Latency |  achieved |   target  |   Count   | Pipelined|
        +--------------------+---------+---------+----------+-----------+-----------+-----------+----------+
        |- loop_RGBX8_YUVX8  |      320|  3115800|  5 ~ 2885|          -|          -|  64 ~ 1080|        no|
        +--------------------+---------+---------+----------+-----------+-----------+-----------+----------+

============================================================
+ Verbose Summary: Synthesis Manager
============================================================
InlineROM: 1
ExposeGlobal: 0
============================================================
+ Verbose Summary: CDFG Model
============================================================
IsTopModel: 0
ResetActiveHigh: 1
IsCombinational: 2
IsDatapathOnly: 0
HasWiredReturn: 1
HasMFsm: 0
HasVarLatency: 1
IsPipeline: 0
IsRtlPipelined: 0
IsInstanceOverlapped: 0
IsDontTouch: 0
HasImplIP: 0
IsGatedGlobalClock: 0


============================================================
+ Verbose Summary: Schedule
============================================================
* Number of FSM states : 4
* Pipeline : 0
* Dataflow Pipeline: 0

* FSM state transitions: 
1 --> 2 
2 --> 3 
3 --> 4 
4 --> 2 

* FSM state operations: 

State 1 <SV = 0> <Delay = 3.00>
ST_1 : Operation 5 [1/1] (0.00ns)   --->   "%specstablecontent_ln0 = specstablecontent void @_ssdm_op_SpecStableContent, i14 %WidthInBytes_val, i1 1, void @p_str"   --->   Operation 5 'specstablecontent' 'specstablecontent_ln0' <Predicate = true> <Delay = 0.00>
ST_1 : Operation 6 [1/1] (0.00ns)   --->   "%VideoFormat_val_read = read i6 @_ssdm_op_Read.ap_auto.i6, i6 %VideoFormat_val"   --->   Operation 6 'read' 'VideoFormat_val_read' <Predicate = true> <Delay = 0.00>
ST_1 : Operation 7 [1/1] (0.00ns)   --->   "%WidthInBytes_val_read = read i14 @_ssdm_op_Read.ap_auto.i14, i14 %WidthInBytes_val"   --->   Operation 7 'read' 'WidthInBytes_val_read' <Predicate = true> <Delay = 0.00>
ST_1 : Operation 8 [1/1] (0.00ns)   --->   "%Height_val_read = read i11 @_ssdm_op_Read.ap_auto.i11, i11 %Height_val"   --->   Operation 8 'read' 'Height_val_read' <Predicate = true> <Delay = 0.00>
ST_1 : Operation 9 [1/1] (0.00ns)   --->   "%specstablecontent_ln0 = specstablecontent void @_ssdm_op_SpecStableContent, i6 %VideoFormat_val, i1 1, void "   --->   Operation 9 'specstablecontent' 'specstablecontent_ln0' <Predicate = true> <Delay = 0.00>
ST_1 : Operation 10 [1/1] (0.00ns)   --->   "%specstablecontent_ln0 = specstablecontent void @_ssdm_op_SpecStableContent, i11 %Height_val, i1 1, void "   --->   Operation 10 'specstablecontent' 'specstablecontent_ln0' <Predicate = true> <Delay = 0.00>
ST_1 : Operation 11 [1/1] (0.00ns)   --->   "%specmemcore_ln0 = specmemcore void @_ssdm_op_SpecMemCore, i64 %bytePlanes, i64 666, i64 8, i64 18446744073709551615, i1 0"   --->   Operation 11 'specmemcore' 'specmemcore_ln0' <Predicate = true> <Delay = 0.00>
ST_1 : Operation 12 [1/1] (0.00ns)   --->   "%specinterface_ln0 = specinterface void @_ssdm_op_SpecInterface, i64 %bytePlanes, void @empty_13, i32 0, i32 0, void @empty_4, i32 0, i32 0, void @empty_4, void @empty_4, void @empty_4, i32 0, i32 0, i32 0, i32 0, void @empty_4, void @empty_4, i32 4294967295, i32 0, i32 0, i32 0"   --->   Operation 12 'specinterface' 'specinterface_ln0' <Predicate = true> <Delay = 0.00>
ST_1 : Operation 13 [1/1] (0.00ns)   --->   "%specinterface_ln0 = specinterface void @_ssdm_op_SpecInterface, i24 %img, void @empty_13, i32 0, i32 0, void @empty_4, i32 0, i32 0, void @empty_4, void @empty_4, void @empty_4, i32 0, i32 0, i32 0, i32 0, void @empty_4, void @empty_4, i32 4294967295, i32 0, i32 0, i32 0"   --->   Operation 13 'specinterface' 'specinterface_ln0' <Predicate = true> <Delay = 0.00>
ST_1 : Operation 14 [1/1] (1.28ns)   --->   "%switch_ln689 = switch i6 %VideoFormat_val_read, void %if.end200, i6 43, void %if.end214, i6 42, void %if.end213, i6 44, void %if.end212, i6 41, void %if.end211, i6 19, void %if.end210, i6 18, void %if.end210, i6 23, void %if.end209, i6 22, void %if.end209, i6 33, void %if.end208, i6 32, void %if.end208, i6 38, void %if.end207, i6 37, void %if.end207, i6 12, void %if.end206, i6 28, void %if.end205, i6 21, void %if.end204, i6 20, void %if.end204, i6 31, void %if.end203, i6 30, void %if.end203, i6 36, void %if.end202, i6 35, void %if.end202, i6 29, void %if.end201, i6 11, void %if.then78, i6 10, void %if.then78" [prj/sol/.autopilot/db/v_frmbuf_rd.cpp:689]   --->   Operation 14 'switch' 'switch_ln689' <Predicate = true> <Delay = 1.28>
ST_1 : Operation 15 [1/1] (0.00ns)   --->   "%y = alloca i32 1" [prj/sol/.autopilot/db/v_frmbuf_rd.cpp:1443]   --->   Operation 15 'alloca' 'y' <Predicate = (VideoFormat_val_read == 10) | (VideoFormat_val_read == 11)> <Delay = 0.00>
ST_1 : Operation 16 [1/1] (1.52ns)   --->   "%add_ln1437 = add i14 %WidthInBytes_val_read, i14 7" [prj/sol/.autopilot/db/v_frmbuf_rd.cpp:1437]   --->   Operation 16 'add' 'add_ln1437' <Predicate = (VideoFormat_val_read == 10) | (VideoFormat_val_read == 11)> <Delay = 1.52> <CoreInst = "Adder">   --->   Core 1 'Adder' <Latency = 0> <II = 1> <Delay = 1.52> <FuncUnit> <Opcode : 'add' 'sub'> <InPorts = 2> <OutPorts = 1>
ST_1 : Operation 17 [1/1] (0.00ns)   --->   "%trunc_ln1437_1 = partselect i11 @_ssdm_op_PartSelect.i11.i14.i32.i32, i14 %add_ln1437, i32 3, i32 13" [prj/sol/.autopilot/db/v_frmbuf_rd.cpp:1437]   --->   Operation 17 'partselect' 'trunc_ln1437_1' <Predicate = (VideoFormat_val_read == 10) | (VideoFormat_val_read == 11)> <Delay = 0.00>
ST_1 : Operation 18 [1/1] (0.00ns)   --->   "%zext_ln1437 = zext i11 %trunc_ln1437_1" [prj/sol/.autopilot/db/v_frmbuf_rd.cpp:1437]   --->   Operation 18 'zext' 'zext_ln1437' <Predicate = (VideoFormat_val_read == 10) | (VideoFormat_val_read == 11)> <Delay = 0.00>
ST_1 : Operation 19 [1/1] (0.00ns)   --->   "%tmp_7 = bitselect i1 @_ssdm_op_BitSelect.i1.i14.i32, i14 %WidthInBytes_val_read, i32 2" [prj/sol/.autopilot/db/v_frmbuf_rd.cpp:1440]   --->   Operation 19 'bitselect' 'tmp_7' <Predicate = (VideoFormat_val_read == 10) | (VideoFormat_val_read == 11)> <Delay = 0.00>
ST_1 : Operation 20 [1/1] (0.80ns)   --->   "%xor_ln1440 = xor i1 %tmp_7, i1 1" [prj/sol/.autopilot/db/v_frmbuf_rd.cpp:1440]   --->   Operation 20 'xor' 'xor_ln1440' <Predicate = (VideoFormat_val_read == 10) | (VideoFormat_val_read == 11)> <Delay = 0.80> <CoreInst = "LogicGate">   --->   Core 74 'LogicGate' <Latency = 0> <II = 1> <Delay = 0.80> <FuncUnit> <Opcode : 'and' 'or' 'xor'> <InPorts = 2> <OutPorts = 1>
ST_1 : Operation 21 [1/1] (1.48ns)   --->   "%add_ln1467 = add i12 %zext_ln1437, i12 4095" [prj/sol/.autopilot/db/v_frmbuf_rd.cpp:1467]   --->   Operation 21 'add' 'add_ln1467' <Predicate = (VideoFormat_val_read == 10) | (VideoFormat_val_read == 11)> <Delay = 1.48> <CoreInst = "Adder">   --->   Core 1 'Adder' <Latency = 0> <II = 1> <Delay = 1.48> <FuncUnit> <Opcode : 'add' 'sub'> <InPorts = 2> <OutPorts = 1>
ST_1 : Operation 22 [1/1] (1.29ns)   --->   "%store_ln1443 = store i11 0, i11 %y" [prj/sol/.autopilot/db/v_frmbuf_rd.cpp:1443]   --->   Operation 22 'store' 'store_ln1443' <Predicate = (VideoFormat_val_read == 10) | (VideoFormat_val_read == 11)> <Delay = 1.29>
ST_1 : Operation 23 [1/1] (0.00ns)   --->   "%br_ln1443 = br void %VITIS_LOOP_1450_1" [prj/sol/.autopilot/db/v_frmbuf_rd.cpp:1443]   --->   Operation 23 'br' 'br_ln1443' <Predicate = (VideoFormat_val_read == 10) | (VideoFormat_val_read == 11)> <Delay = 0.00>

State 2 <SV = 1> <Delay = 4.26>
ST_2 : Operation 24 [1/1] (0.00ns)   --->   "%y_1 = load i11 %y" [prj/sol/.autopilot/db/v_frmbuf_rd.cpp:1443]   --->   Operation 24 'load' 'y_1' <Predicate = (VideoFormat_val_read == 10) | (VideoFormat_val_read == 11)> <Delay = 0.00>
ST_2 : Operation 25 [1/1] (1.48ns)   --->   "%icmp_ln1443 = icmp_eq  i11 %y_1, i11 %Height_val_read" [prj/sol/.autopilot/db/v_frmbuf_rd.cpp:1443]   --->   Operation 25 'icmp' 'icmp_ln1443' <Predicate = (VideoFormat_val_read == 10) | (VideoFormat_val_read == 11)> <Delay = 1.48> <CoreInst = "Cmp">   --->   Core 9 'Cmp' <Latency = 0> <II = 1> <Delay = 1.48> <FuncUnit> <Opcode : 'seteq' 'setne' 'setle' 'setge' 'setlt' 'setgt'> <InPorts = 2> <OutPorts = 1>
ST_2 : Operation 26 [1/1] (0.00ns)   --->   "%speclooptripcount_ln0 = speclooptripcount void @_ssdm_op_SpecLoopTripCount, i64 64, i64 1080, i64 0"   --->   Operation 26 'speclooptripcount' 'speclooptripcount_ln0' <Predicate = (VideoFormat_val_read == 10) | (VideoFormat_val_read == 11)> <Delay = 0.00>
ST_2 : Operation 27 [1/1] (1.48ns)   --->   "%y_2 = add i11 %y_1, i11 1" [prj/sol/.autopilot/db/v_frmbuf_rd.cpp:1443]   --->   Operation 27 'add' 'y_2' <Predicate = (VideoFormat_val_read == 10) | (VideoFormat_val_read == 11)> <Delay = 1.48> <CoreInst = "Adder">   --->   Core 1 'Adder' <Latency = 0> <II = 1> <Delay = 1.48> <FuncUnit> <Opcode : 'add' 'sub'> <InPorts = 2> <OutPorts = 1>
ST_2 : Operation 28 [1/1] (0.00ns)   --->   "%br_ln1443 = br i1 %icmp_ln1443, void %VITIS_LOOP_1456_2.lr.ph, void %if.end200.loopexit" [prj/sol/.autopilot/db/v_frmbuf_rd.cpp:1443]   --->   Operation 28 'br' 'br_ln1443' <Predicate = (VideoFormat_val_read == 10) | (VideoFormat_val_read == 11)> <Delay = 0.00>
ST_2 : Operation 29 [2/2] (2.77ns)   --->   "%call_ln1437 = call void @Bytes2MultiPixStream_Pipeline_VITIS_LOOP_1450_1, i11 %trunc_ln1437_1, i64 %bytePlanes, i12 %add_ln1467, i24 %img, i1 %xor_ln1440" [prj/sol/.autopilot/db/v_frmbuf_rd.cpp:1437]   --->   Operation 29 'call' 'call_ln1437' <Predicate = (VideoFormat_val_read == 10 & !icmp_ln1443) | (VideoFormat_val_read == 11 & !icmp_ln1443)> <Delay = 2.77> <CoreType = "Generic">   --->   Generic Core
ST_2 : Operation 30 [1/1] (0.00ns)   --->   "%br_ln0 = br void %if.end200"   --->   Operation 30 'br' 'br_ln0' <Predicate = (VideoFormat_val_read == 10 & icmp_ln1443) | (VideoFormat_val_read == 11 & icmp_ln1443)> <Delay = 0.00>
ST_2 : Operation 31 [1/1] (0.00ns)   --->   "%br_ln0 = br void %if.end201"   --->   Operation 31 'br' 'br_ln0' <Predicate = (VideoFormat_val_read != 43 & VideoFormat_val_read != 42 & VideoFormat_val_read != 44 & VideoFormat_val_read != 41 & VideoFormat_val_read != 19 & VideoFormat_val_read != 18 & VideoFormat_val_read != 23 & VideoFormat_val_read != 22 & VideoFormat_val_read != 33 & VideoFormat_val_read != 32 & VideoFormat_val_read != 38 & VideoFormat_val_read != 37 & VideoFormat_val_read != 12 & VideoFormat_val_read != 28 & VideoFormat_val_read != 21 & VideoFormat_val_read != 20 & VideoFormat_val_read != 31 & VideoFormat_val_read != 30 & VideoFormat_val_read != 36 & VideoFormat_val_read != 35 & VideoFormat_val_read != 29 & icmp_ln1443) | (VideoFormat_val_read != 43 & VideoFormat_val_read != 42 & VideoFormat_val_read != 44 & VideoFormat_val_read != 41 & VideoFormat_val_read != 19 & VideoFormat_val_read != 18 & VideoFormat_val_read != 23 & VideoFormat_val_read != 22 & VideoFormat_val_read != 33 & VideoFormat_val_read != 32 & VideoFormat_val_read != 38 & VideoFormat_val_read != 37 & VideoFormat_val_read != 12 & VideoFormat_val_read != 28 & VideoFormat_val_read != 21 & VideoFormat_val_read != 20 & VideoFormat_val_read != 31 & VideoFormat_val_read != 30 & VideoFormat_val_read != 36 & VideoFormat_val_read != 35 & VideoFormat_val_read != 29 & VideoFormat_val_read != 11 & VideoFormat_val_read != 10)> <Delay = 0.00>
ST_2 : Operation 32 [1/1] (0.00ns)   --->   "%br_ln0 = br void %if.end202"   --->   Operation 32 'br' 'br_ln0' <Predicate = (VideoFormat_val_read != 43 & VideoFormat_val_read != 42 & VideoFormat_val_read != 44 & VideoFormat_val_read != 41 & VideoFormat_val_read != 19 & VideoFormat_val_read != 18 & VideoFormat_val_read != 23 & VideoFormat_val_read != 22 & VideoFormat_val_read != 33 & VideoFormat_val_read != 32 & VideoFormat_val_read != 38 & VideoFormat_val_read != 37 & VideoFormat_val_read != 12 & VideoFormat_val_read != 28 & VideoFormat_val_read != 21 & VideoFormat_val_read != 20 & VideoFormat_val_read != 31 & VideoFormat_val_read != 30 & VideoFormat_val_read != 36 & VideoFormat_val_read != 35 & icmp_ln1443) | (VideoFormat_val_read != 43 & VideoFormat_val_read != 42 & VideoFormat_val_read != 44 & VideoFormat_val_read != 41 & VideoFormat_val_read != 19 & VideoFormat_val_read != 18 & VideoFormat_val_read != 23 & VideoFormat_val_read != 22 & VideoFormat_val_read != 33 & VideoFormat_val_read != 32 & VideoFormat_val_read != 38 & VideoFormat_val_read != 37 & VideoFormat_val_read != 12 & VideoFormat_val_read != 28 & VideoFormat_val_read != 21 & VideoFormat_val_read != 20 & VideoFormat_val_read != 31 & VideoFormat_val_read != 30 & VideoFormat_val_read != 36 & VideoFormat_val_read != 35 & VideoFormat_val_read != 11 & VideoFormat_val_read != 10) | (VideoFormat_val_read == 29)> <Delay = 0.00>
ST_2 : Operation 33 [1/1] (0.00ns)   --->   "%br_ln0 = br void %if.end203"   --->   Operation 33 'br' 'br_ln0' <Predicate = (VideoFormat_val_read != 43 & VideoFormat_val_read != 42 & VideoFormat_val_read != 44 & VideoFormat_val_read != 41 & VideoFormat_val_read != 19 & VideoFormat_val_read != 18 & VideoFormat_val_read != 23 & VideoFormat_val_read != 22 & VideoFormat_val_read != 33 & VideoFormat_val_read != 32 & VideoFormat_val_read != 38 & VideoFormat_val_read != 37 & VideoFormat_val_read != 12 & VideoFormat_val_read != 28 & VideoFormat_val_read != 21 & VideoFormat_val_read != 20 & VideoFormat_val_read != 31 & VideoFormat_val_read != 30 & icmp_ln1443) | (VideoFormat_val_read != 43 & VideoFormat_val_read != 42 & VideoFormat_val_read != 44 & VideoFormat_val_read != 41 & VideoFormat_val_read != 19 & VideoFormat_val_read != 18 & VideoFormat_val_read != 23 & VideoFormat_val_read != 22 & VideoFormat_val_read != 33 & VideoFormat_val_read != 32 & VideoFormat_val_read != 38 & VideoFormat_val_read != 37 & VideoFormat_val_read != 12 & VideoFormat_val_read != 28 & VideoFormat_val_read != 21 & VideoFormat_val_read != 20 & VideoFormat_val_read != 31 & VideoFormat_val_read != 30 & VideoFormat_val_read != 11 & VideoFormat_val_read != 10) | (VideoFormat_val_read == 29) | (VideoFormat_val_read == 35) | (VideoFormat_val_read == 36)> <Delay = 0.00>
ST_2 : Operation 34 [1/1] (0.00ns)   --->   "%br_ln0 = br void %if.end204"   --->   Operation 34 'br' 'br_ln0' <Predicate = (VideoFormat_val_read != 43 & VideoFormat_val_read != 42 & VideoFormat_val_read != 44 & VideoFormat_val_read != 41 & VideoFormat_val_read != 19 & VideoFormat_val_read != 18 & VideoFormat_val_read != 23 & VideoFormat_val_read != 22 & VideoFormat_val_read != 33 & VideoFormat_val_read != 32 & VideoFormat_val_read != 38 & VideoFormat_val_read != 37 & VideoFormat_val_read != 12 & VideoFormat_val_read != 28 & VideoFormat_val_read != 21 & VideoFormat_val_read != 20 & icmp_ln1443) | (VideoFormat_val_read != 43 & VideoFormat_val_read != 42 & VideoFormat_val_read != 44 & VideoFormat_val_read != 41 & VideoFormat_val_read != 19 & VideoFormat_val_read != 18 & VideoFormat_val_read != 23 & VideoFormat_val_read != 22 & VideoFormat_val_read != 33 & VideoFormat_val_read != 32 & VideoFormat_val_read != 38 & VideoFormat_val_read != 37 & VideoFormat_val_read != 12 & VideoFormat_val_read != 28 & VideoFormat_val_read != 21 & VideoFormat_val_read != 20 & VideoFormat_val_read != 11 & VideoFormat_val_read != 10) | (VideoFormat_val_read == 29) | (VideoFormat_val_read == 35) | (VideoFormat_val_read == 36) | (VideoFormat_val_read == 30) | (VideoFormat_val_read == 31)> <Delay = 0.00>
ST_2 : Operation 35 [1/1] (0.00ns)   --->   "%br_ln0 = br void %if.end205"   --->   Operation 35 'br' 'br_ln0' <Predicate = (VideoFormat_val_read != 43 & VideoFormat_val_read != 42 & VideoFormat_val_read != 44 & VideoFormat_val_read != 41 & VideoFormat_val_read != 19 & VideoFormat_val_read != 18 & VideoFormat_val_read != 23 & VideoFormat_val_read != 22 & VideoFormat_val_read != 33 & VideoFormat_val_read != 32 & VideoFormat_val_read != 38 & VideoFormat_val_read != 37 & VideoFormat_val_read != 12 & VideoFormat_val_read != 28 & icmp_ln1443) | (VideoFormat_val_read != 43 & VideoFormat_val_read != 42 & VideoFormat_val_read != 44 & VideoFormat_val_read != 41 & VideoFormat_val_read != 19 & VideoFormat_val_read != 18 & VideoFormat_val_read != 23 & VideoFormat_val_read != 22 & VideoFormat_val_read != 33 & VideoFormat_val_read != 32 & VideoFormat_val_read != 38 & VideoFormat_val_read != 37 & VideoFormat_val_read != 12 & VideoFormat_val_read != 28 & VideoFormat_val_read != 11 & VideoFormat_val_read != 10) | (VideoFormat_val_read == 29) | (VideoFormat_val_read == 35) | (VideoFormat_val_read == 36) | (VideoFormat_val_read == 30) | (VideoFormat_val_read == 31) | (VideoFormat_val_read == 20) | (VideoFormat_val_read == 21)> <Delay = 0.00>
ST_2 : Operation 36 [1/1] (0.00ns)   --->   "%br_ln0 = br void %if.end206"   --->   Operation 36 'br' 'br_ln0' <Predicate = (VideoFormat_val_read != 43 & VideoFormat_val_read != 42 & VideoFormat_val_read != 44 & VideoFormat_val_read != 41 & VideoFormat_val_read != 19 & VideoFormat_val_read != 18 & VideoFormat_val_read != 23 & VideoFormat_val_read != 22 & VideoFormat_val_read != 33 & VideoFormat_val_read != 32 & VideoFormat_val_read != 38 & VideoFormat_val_read != 37 & VideoFormat_val_read != 12 & icmp_ln1443) | (VideoFormat_val_read != 43 & VideoFormat_val_read != 42 & VideoFormat_val_read != 44 & VideoFormat_val_read != 41 & VideoFormat_val_read != 19 & VideoFormat_val_read != 18 & VideoFormat_val_read != 23 & VideoFormat_val_read != 22 & VideoFormat_val_read != 33 & VideoFormat_val_read != 32 & VideoFormat_val_read != 38 & VideoFormat_val_read != 37 & VideoFormat_val_read != 12 & VideoFormat_val_read != 11 & VideoFormat_val_read != 10) | (VideoFormat_val_read == 29) | (VideoFormat_val_read == 35) | (VideoFormat_val_read == 36) | (VideoFormat_val_read == 30) | (VideoFormat_val_read == 31) | (VideoFormat_val_read == 20) | (VideoFormat_val_read == 21) | (VideoFormat_val_read == 28)> <Delay = 0.00>
ST_2 : Operation 37 [1/1] (0.00ns)   --->   "%br_ln0 = br void %if.end207"   --->   Operation 37 'br' 'br_ln0' <Predicate = (VideoFormat_val_read != 43 & VideoFormat_val_read != 42 & VideoFormat_val_read != 44 & VideoFormat_val_read != 41 & VideoFormat_val_read != 19 & VideoFormat_val_read != 18 & VideoFormat_val_read != 23 & VideoFormat_val_read != 22 & VideoFormat_val_read != 33 & VideoFormat_val_read != 32 & VideoFormat_val_read != 38 & VideoFormat_val_read != 37 & icmp_ln1443) | (VideoFormat_val_read != 43 & VideoFormat_val_read != 42 & VideoFormat_val_read != 44 & VideoFormat_val_read != 41 & VideoFormat_val_read != 19 & VideoFormat_val_read != 18 & VideoFormat_val_read != 23 & VideoFormat_val_read != 22 & VideoFormat_val_read != 33 & VideoFormat_val_read != 32 & VideoFormat_val_read != 38 & VideoFormat_val_read != 37 & VideoFormat_val_read != 11 & VideoFormat_val_read != 10) | (VideoFormat_val_read == 29) | (VideoFormat_val_read == 35) | (VideoFormat_val_read == 36) | (VideoFormat_val_read == 30) | (VideoFormat_val_read == 31) | (VideoFormat_val_read == 20) | (VideoFormat_val_read == 21) | (VideoFormat_val_read == 28) | (VideoFormat_val_read == 12)> <Delay = 0.00>
ST_2 : Operation 38 [1/1] (0.00ns)   --->   "%br_ln0 = br void %if.end208"   --->   Operation 38 'br' 'br_ln0' <Predicate = (VideoFormat_val_read != 43 & VideoFormat_val_read != 42 & VideoFormat_val_read != 44 & VideoFormat_val_read != 41 & VideoFormat_val_read != 19 & VideoFormat_val_read != 18 & VideoFormat_val_read != 23 & VideoFormat_val_read != 22 & VideoFormat_val_read != 33 & VideoFormat_val_read != 32 & icmp_ln1443) | (VideoFormat_val_read != 43 & VideoFormat_val_read != 42 & VideoFormat_val_read != 44 & VideoFormat_val_read != 41 & VideoFormat_val_read != 19 & VideoFormat_val_read != 18 & VideoFormat_val_read != 23 & VideoFormat_val_read != 22 & VideoFormat_val_read != 33 & VideoFormat_val_read != 32 & VideoFormat_val_read != 11 & VideoFormat_val_read != 10) | (VideoFormat_val_read == 29) | (VideoFormat_val_read == 35) | (VideoFormat_val_read == 36) | (VideoFormat_val_read == 30) | (VideoFormat_val_read == 31) | (VideoFormat_val_read == 20) | (VideoFormat_val_read == 21) | (VideoFormat_val_read == 28) | (VideoFormat_val_read == 12) | (VideoFormat_val_read == 37) | (VideoFormat_val_read == 38)> <Delay = 0.00>
ST_2 : Operation 39 [1/1] (0.00ns)   --->   "%br_ln0 = br void %if.end209"   --->   Operation 39 'br' 'br_ln0' <Predicate = (VideoFormat_val_read != 43 & VideoFormat_val_read != 42 & VideoFormat_val_read != 44 & VideoFormat_val_read != 41 & VideoFormat_val_read != 19 & VideoFormat_val_read != 18 & VideoFormat_val_read != 23 & VideoFormat_val_read != 22 & icmp_ln1443) | (VideoFormat_val_read != 43 & VideoFormat_val_read != 42 & VideoFormat_val_read != 44 & VideoFormat_val_read != 41 & VideoFormat_val_read != 19 & VideoFormat_val_read != 18 & VideoFormat_val_read != 23 & VideoFormat_val_read != 22 & VideoFormat_val_read != 11 & VideoFormat_val_read != 10) | (VideoFormat_val_read == 29) | (VideoFormat_val_read == 35) | (VideoFormat_val_read == 36) | (VideoFormat_val_read == 30) | (VideoFormat_val_read == 31) | (VideoFormat_val_read == 20) | (VideoFormat_val_read == 21) | (VideoFormat_val_read == 28) | (VideoFormat_val_read == 12) | (VideoFormat_val_read == 37) | (VideoFormat_val_read == 38) | (VideoFormat_val_read == 32) | (VideoFormat_val_read == 33)> <Delay = 0.00>
ST_2 : Operation 40 [1/1] (0.00ns)   --->   "%br_ln0 = br void %if.end210"   --->   Operation 40 'br' 'br_ln0' <Predicate = (VideoFormat_val_read != 43 & VideoFormat_val_read != 42 & VideoFormat_val_read != 44 & VideoFormat_val_read != 41 & VideoFormat_val_read != 19 & VideoFormat_val_read != 18 & icmp_ln1443) | (VideoFormat_val_read != 43 & VideoFormat_val_read != 42 & VideoFormat_val_read != 44 & VideoFormat_val_read != 41 & VideoFormat_val_read != 19 & VideoFormat_val_read != 18 & VideoFormat_val_read != 11 & VideoFormat_val_read != 10) | (VideoFormat_val_read == 29) | (VideoFormat_val_read == 35) | (VideoFormat_val_read == 36) | (VideoFormat_val_read == 30) | (VideoFormat_val_read == 31) | (VideoFormat_val_read == 20) | (VideoFormat_val_read == 21) | (VideoFormat_val_read == 28) | (VideoFormat_val_read == 12) | (VideoFormat_val_read == 37) | (VideoFormat_val_read == 38) | (VideoFormat_val_read == 32) | (VideoFormat_val_read == 33) | (VideoFormat_val_read == 22) | (VideoFormat_val_read == 23)> <Delay = 0.00>
ST_2 : Operation 41 [1/1] (0.00ns)   --->   "%br_ln0 = br void %if.end211"   --->   Operation 41 'br' 'br_ln0' <Predicate = (VideoFormat_val_read != 43 & VideoFormat_val_read != 42 & VideoFormat_val_read != 44 & VideoFormat_val_read != 41 & icmp_ln1443) | (VideoFormat_val_read != 43 & VideoFormat_val_read != 42 & VideoFormat_val_read != 44 & VideoFormat_val_read != 41 & VideoFormat_val_read != 11 & VideoFormat_val_read != 10) | (VideoFormat_val_read == 29) | (VideoFormat_val_read == 35) | (VideoFormat_val_read == 36) | (VideoFormat_val_read == 30) | (VideoFormat_val_read == 31) | (VideoFormat_val_read == 20) | (VideoFormat_val_read == 21) | (VideoFormat_val_read == 28) | (VideoFormat_val_read == 12) | (VideoFormat_val_read == 37) | (VideoFormat_val_read == 38) | (VideoFormat_val_read == 32) | (VideoFormat_val_read == 33) | (VideoFormat_val_read == 22) | (VideoFormat_val_read == 23) | (VideoFormat_val_read == 18) | (VideoFormat_val_read == 19)> <Delay = 0.00>
ST_2 : Operation 42 [1/1] (0.00ns)   --->   "%br_ln0 = br void %if.end212"   --->   Operation 42 'br' 'br_ln0' <Predicate = (VideoFormat_val_read != 43 & VideoFormat_val_read != 42 & VideoFormat_val_read != 44 & icmp_ln1443) | (VideoFormat_val_read != 43 & VideoFormat_val_read != 42 & VideoFormat_val_read != 44 & VideoFormat_val_read != 11 & VideoFormat_val_read != 10) | (VideoFormat_val_read == 29) | (VideoFormat_val_read == 35) | (VideoFormat_val_read == 36) | (VideoFormat_val_read == 30) | (VideoFormat_val_read == 31) | (VideoFormat_val_read == 20) | (VideoFormat_val_read == 21) | (VideoFormat_val_read == 28) | (VideoFormat_val_read == 12) | (VideoFormat_val_read == 37) | (VideoFormat_val_read == 38) | (VideoFormat_val_read == 32) | (VideoFormat_val_read == 33) | (VideoFormat_val_read == 22) | (VideoFormat_val_read == 23) | (VideoFormat_val_read == 18) | (VideoFormat_val_read == 19) | (VideoFormat_val_read == 41)> <Delay = 0.00>
ST_2 : Operation 43 [1/1] (0.00ns)   --->   "%br_ln0 = br void %if.end213"   --->   Operation 43 'br' 'br_ln0' <Predicate = (VideoFormat_val_read != 43 & VideoFormat_val_read != 42 & icmp_ln1443) | (VideoFormat_val_read != 43 & VideoFormat_val_read != 42 & VideoFormat_val_read != 11 & VideoFormat_val_read != 10) | (VideoFormat_val_read == 29) | (VideoFormat_val_read == 35) | (VideoFormat_val_read == 36) | (VideoFormat_val_read == 30) | (VideoFormat_val_read == 31) | (VideoFormat_val_read == 20) | (VideoFormat_val_read == 21) | (VideoFormat_val_read == 28) | (VideoFormat_val_read == 12) | (VideoFormat_val_read == 37) | (VideoFormat_val_read == 38) | (VideoFormat_val_read == 32) | (VideoFormat_val_read == 33) | (VideoFormat_val_read == 22) | (VideoFormat_val_read == 23) | (VideoFormat_val_read == 18) | (VideoFormat_val_read == 19) | (VideoFormat_val_read == 41) | (VideoFormat_val_read == 44)> <Delay = 0.00>
ST_2 : Operation 44 [1/1] (0.00ns)   --->   "%br_ln0 = br void %if.end214"   --->   Operation 44 'br' 'br_ln0' <Predicate = (VideoFormat_val_read != 43 & icmp_ln1443) | (VideoFormat_val_read != 43 & VideoFormat_val_read != 11 & VideoFormat_val_read != 10) | (VideoFormat_val_read == 29) | (VideoFormat_val_read == 35) | (VideoFormat_val_read == 36) | (VideoFormat_val_read == 30) | (VideoFormat_val_read == 31) | (VideoFormat_val_read == 20) | (VideoFormat_val_read == 21) | (VideoFormat_val_read == 28) | (VideoFormat_val_read == 12) | (VideoFormat_val_read == 37) | (VideoFormat_val_read == 38) | (VideoFormat_val_read == 32) | (VideoFormat_val_read == 33) | (VideoFormat_val_read == 22) | (VideoFormat_val_read == 23) | (VideoFormat_val_read == 18) | (VideoFormat_val_read == 19) | (VideoFormat_val_read == 41) | (VideoFormat_val_read == 44) | (VideoFormat_val_read == 42)> <Delay = 0.00>
ST_2 : Operation 45 [1/1] (0.00ns)   --->   "%ret_ln1796 = ret" [prj/sol/.autopilot/db/v_frmbuf_rd.cpp:1796]   --->   Operation 45 'ret' 'ret_ln1796' <Predicate = (icmp_ln1443) | (VideoFormat_val_read != 11 & VideoFormat_val_read != 10) | (VideoFormat_val_read == 29) | (VideoFormat_val_read == 35) | (VideoFormat_val_read == 36) | (VideoFormat_val_read == 30) | (VideoFormat_val_read == 31) | (VideoFormat_val_read == 20) | (VideoFormat_val_read == 21) | (VideoFormat_val_read == 28) | (VideoFormat_val_read == 12) | (VideoFormat_val_read == 37) | (VideoFormat_val_read == 38) | (VideoFormat_val_read == 32) | (VideoFormat_val_read == 33) | (VideoFormat_val_read == 22) | (VideoFormat_val_read == 23) | (VideoFormat_val_read == 18) | (VideoFormat_val_read == 19) | (VideoFormat_val_read == 41) | (VideoFormat_val_read == 44) | (VideoFormat_val_read == 42) | (VideoFormat_val_read == 43)> <Delay = 0.00>

State 3 <SV = 2> <Delay = 4.07>
ST_3 : Operation 46 [1/2] (4.07ns)   --->   "%call_ln1437 = call void @Bytes2MultiPixStream_Pipeline_VITIS_LOOP_1450_1, i11 %trunc_ln1437_1, i64 %bytePlanes, i12 %add_ln1467, i24 %img, i1 %xor_ln1440" [prj/sol/.autopilot/db/v_frmbuf_rd.cpp:1437]   --->   Operation 46 'call' 'call_ln1437' <Predicate = true> <Delay = 4.07> <CoreType = "Generic">   --->   Generic Core

State 4 <SV = 3> <Delay = 1.29>
ST_4 : Operation 47 [1/1] (0.00ns)   --->   "%specloopname_ln1443 = specloopname void @_ssdm_op_SpecLoopName, void @empty_15" [prj/sol/.autopilot/db/v_frmbuf_rd.cpp:1443]   --->   Operation 47 'specloopname' 'specloopname_ln1443' <Predicate = true> <Delay = 0.00>
ST_4 : Operation 48 [1/1] (1.29ns)   --->   "%store_ln1443 = store i11 %y_2, i11 %y" [prj/sol/.autopilot/db/v_frmbuf_rd.cpp:1443]   --->   Operation 48 'store' 'store_ln1443' <Predicate = true> <Delay = 1.29>
ST_4 : Operation 49 [1/1] (0.00ns)   --->   "%br_ln1443 = br void %VITIS_LOOP_1450_1" [prj/sol/.autopilot/db/v_frmbuf_rd.cpp:1443]   --->   Operation 49 'br' 'br_ln1443' <Predicate = true> <Delay = 0.00>


============================================================
+ Verbose Summary: Timing violations
============================================================
Target clock period: 6.667ns, clock uncertainty: 1.800ns.

 <State 1>: 3.010ns
The critical path consists of the following:
	wire read operation ('WidthInBytes_val_read') on port 'WidthInBytes_val' [8]  (0.000 ns)
	'add' operation 14 bit ('add_ln1437', prj/sol/.autopilot/db/v_frmbuf_rd.cpp:1437) [18]  (1.528 ns)
	'add' operation 12 bit ('add_ln1467', prj/sol/.autopilot/db/v_frmbuf_rd.cpp:1467) [23]  (1.482 ns)

 <State 2>: 4.261ns
The critical path consists of the following:
	'load' operation 11 bit ('y', prj/sol/.autopilot/db/v_frmbuf_rd.cpp:1443) on local variable 'y', prj/sol/.autopilot/db/v_frmbuf_rd.cpp:1443 [27]  (0.000 ns)
	'icmp' operation 1 bit ('icmp_ln1443', prj/sol/.autopilot/db/v_frmbuf_rd.cpp:1443) [28]  (1.482 ns)
	'call' operation ('call_ln1437', prj/sol/.autopilot/db/v_frmbuf_rd.cpp:1437) to 'Bytes2MultiPixStream_Pipeline_VITIS_LOOP_1450_1' [34]  (2.780 ns)

 <State 3>: 4.078ns
The critical path consists of the following:
	'call' operation ('call_ln1437', prj/sol/.autopilot/db/v_frmbuf_rd.cpp:1437) to 'Bytes2MultiPixStream_Pipeline_VITIS_LOOP_1450_1' [34]  (4.078 ns)

 <State 4>: 1.298ns
The critical path consists of the following:
	'store' operation ('store_ln1443', prj/sol/.autopilot/db/v_frmbuf_rd.cpp:1443) of variable 'y', prj/sol/.autopilot/db/v_frmbuf_rd.cpp:1443 11 bit on local variable 'y', prj/sol/.autopilot/db/v_frmbuf_rd.cpp:1443 [35]  (1.298 ns)


============================================================
+ Verbose Summary: Binding
============================================================
N/A
* FSMD analyzer results:
  - Output states:
 - Input state : 
  - Chain level:
	State 1
	State 2
	State 3
	State 4


============================================================
+ Verbose Summary: Datapath Resource usage 
============================================================
N/A
