

================================================================
== Vitis HLS Report for 'Bytes2MultiPixStream'
================================================================
* Date:           Thu Mar  5 14:47:30 2026

* Version:        2025.2 (Build 6295257 on Nov 14 2025)
* Project:        prj
* Solution:       sol (Vivado IP Flow Target)
* Product family: zynq
* Target device:  xc7z020-clg400-2


================================================================
== Performance Estimates
================================================================
+ Timing: 
    * Summary: 
    +--------+---------+----------+------------+
    |  Clock |  Target | Estimated| Uncertainty|
    +--------+---------+----------+------------+
    |ap_clk  |  6.67 ns|  4.867 ns|     1.80 ns|
    +--------+---------+----------+------------+

+ Latency: 
    * Summary: 
    +---------+---------+----------+-----------+-----+---------+---------+
    |  Latency (cycles) |  Latency (absolute)  |    Interval   | Pipeline|
    |   min   |   max   |    min   |    max    | min |   max   |   Type  |
    +---------+---------+----------+-----------+-----+---------+---------+
    |        1|  3115801|  6.667 ns|  20.773 ms|    1|  3115801|       no|
    +---------+---------+----------+-----------+-----+---------+---------+

    + Detail: 
        * Instance: 
        +------------------------------------------------------------+-------------------------------------------------+---------+---------+-----------+-----------+-----+-----+-------------------+
        |                                                            |                                                 |  Latency (cycles) |   Latency (absolute)  |  Interval |      Pipeline     |
        |                          Instance                          |                      Module                     |   min   |   max   |    min    |    max    | min | max |        Type       |
        +------------------------------------------------------------+-------------------------------------------------+---------+---------+-----------+-----------+-----+-----+-------------------+
        |grp_Bytes2MultiPixStream_Pipeline_VITIS_LOOP_1450_1_fu_146  |Bytes2MultiPixStream_Pipeline_VITIS_LOOP_1450_1  |        2|     2882|  13.334 ns|  19.214 us|    0|    0|  loop pipeline stp|
        +------------------------------------------------------------+-------------------------------------------------+---------+---------+-----------+-----------+-----+-----+-------------------+

        * Loop: 
        +--------------------+---------+---------+----------+-----------+-----------+-----------+----------+
        |                    |  Latency (cycles) | Iteration|  Initiation Interval  |    Trip   |          |
        |      Loop Name     |   min   |   max   |  Latency |  achieved |   target  |   Count   | Pipelined|
        +--------------------+---------+---------+----------+-----------+-----------+-----------+----------+
        |- loop_RGBX8_YUVX8  |      320|  3115800|  5 ~ 2885|          -|          -|  64 ~ 1080|        no|
        +--------------------+---------+---------+----------+-----------+-----------+-----------+----------+

============================================================
+ Verbose Summary: Synthesis Manager
============================================================
InlineROM: 1
ExposeGlobal: 0
============================================================
+ Verbose Summary: CDFG Model
============================================================
IsTopModel: 0
ResetActiveHigh: 1
IsCombinational: 2
IsDatapathOnly: 0
HasWiredReturn: 1
HasMFsm: 0
HasVarLatency: 1
IsPipeline: 0
IsRtlPipelined: 0
IsInstanceOverlapped: 0
IsDontTouch: 0
HasImplIP: 0
IsGatedGlobalClock: 0


============================================================
+ Verbose Summary: Schedule
============================================================
* Number of FSM states : 4
* Pipeline : 0
* Dataflow Pipeline: 0

* FSM state transitions: 
1 --> 2 
2 --> 3 
3 --> 4 
4 --> 2 

* FSM state operations: 

State 1 <SV = 0> <Delay = 3.00>
ST_1 : Operation 5 [1/1] (0.00ns)   --->   "%specstablecontent_ln0 = specstablecontent void @_ssdm_op_SpecStableContent, i14 %WidthInBytes_val, i1 1, void @p_str"   --->   Operation 5 'specstablecontent' 'specstablecontent_ln0' <Predicate = true> <Delay = 0.00>
ST_1 : Operation 6 [1/1] (0.00ns)   --->   "%VideoFormat_val_read = read i6 @_ssdm_op_Read.ap_auto.i6, i6 %VideoFormat_val"   --->   Operation 6 'read' 'VideoFormat_val_read' <Predicate = true> <Delay = 0.00>
ST_1 : Operation 7 [1/1] (0.00ns)   --->   "%WidthInBytes_val_read = read i14 @_ssdm_op_Read.ap_auto.i14, i14 %WidthInBytes_val"   --->   Operation 7 'read' 'WidthInBytes_val_read' <Predicate = true> <Delay = 0.00>
ST_1 : Operation 8 [1/1] (0.00ns)   --->   "%Height_val_read = read i11 @_ssdm_op_Read.ap_auto.i11, i11 %Height_val"   --->   Operation 8 'read' 'Height_val_read' <Predicate = true> <Delay = 0.00>
ST_1 : Operation 9 [1/1] (0.00ns)   --->   "%specstablecontent_ln0 = specstablecontent void @_ssdm_op_SpecStableContent, i6 %VideoFormat_val, i1 1, void "   --->   Operation 9 'specstablecontent' 'specstablecontent_ln0' <Predicate = true> <Delay = 0.00>
ST_1 : Operation 10 [1/1] (0.00ns)   --->   "%specstablecontent_ln0 = specstablecontent void @_ssdm_op_SpecStableContent, i11 %Height_val, i1 1, void "   --->   Operation 10 'specstablecontent' 'specstablecontent_ln0' <Predicate = true> <Delay = 0.00>
ST_1 : Operation 11 [1/1] (0.00ns)   --->   "%specmemcore_ln0 = specmemcore void @_ssdm_op_SpecMemCore, i64 %bytePlanes, i64 666, i64 8, i64 18446744073709551615, i1 0"   --->   Operation 11 'specmemcore' 'specmemcore_ln0' <Predicate = true> <Delay = 0.00>
ST_1 : Operation 12 [1/1] (0.00ns)   --->   "%specinterface_ln0 = specinterface void @_ssdm_op_SpecInterface, i64 %bytePlanes, void @empty_13, i32 0, i32 0, void @empty_4, i32 0, i32 0, void @empty_4, void @empty_4, void @empty_4, i32 0, i32 0, i32 0, i32 0, void @empty_4, void @empty_4, i32 4294967295, i32 0, i32 0, i32 0"   --->   Operation 12 'specinterface' 'specinterface_ln0' <Predicate = true> <Delay = 0.00>
ST_1 : Operation 13 [1/1] (0.00ns)   --->   "%specinterface_ln0 = specinterface void @_ssdm_op_SpecInterface, i24 %img, void @empty_13, i32 0, i32 0, void @empty_4, i32 0, i32 0, void @empty_4, void @empty_4, void @empty_4, i32 0, i32 0, i32 0, i32 0, void @empty_4, void @empty_4, i32 4294967295, i32 0, i32 0, i32 0"   --->   Operation 13 'specinterface' 'specinterface_ln0' <Predicate = true> <Delay = 0.00>
ST_1 : Operation 14 [1/1] (1.28ns)   --->   "%switch_ln689 = switch i6 %VideoFormat_val_read, void %if.end200, i6 43, void %if.end214, i6 42, void %if.end213, i6 44, void %if.end212, i6 41, void %if.end211, i6 19, void %if.end210, i6 18, void %if.end210, i6 23, void %if.end209, i6 22, void %if.end209, i6 33, void %if.end208, i6 32, void %if.end208, i6 38, void %if.end207, i6 37, void %if.end207, i6 12, void %if.end206, i6 28, void %if.end205, i6 21, void %if.end204, i6 20, void %if.end204, i6 31, void %if.end203, i6 30, void %if.end203, i6 36, void %if.end202, i6 35, void %if.end202, i6 29, void %if.end201, i6 11, void %if.then78, i6 10, void %if.then78" [prj/sol/.autopilot/db/v_frmbuf_rd.cpp:689]   --->   Operation 14 'switch' 'switch_ln689' <Predicate = true> <Delay = 1.28>
ST_1 : Operation 15 [1/1] (0.00ns)   --->   "%y = alloca i32 1" [prj/sol/.autopilot/db/v_frmbuf_rd.cpp:1443]   --->   Operation 15 'alloca' 'y' <Predicate = (VideoFormat_val_read == 10) | (VideoFormat_val_read == 11)> <Delay = 0.00>
ST_1 : Operation 16 [1/1] (1.52ns)   --->   "%add_ln1437 = add i14 %WidthInBytes_val_read, i14 7" [prj/sol/.autopilot/db/v_frmbuf_rd.cpp:1437]   --->   Operation 16 'add' 'add_ln1437' <Predicate = (VideoFormat_val_read == 10) | (VideoFormat_val_read == 11)> <Delay = 1.52> <CoreInst = "Adder">   --->   Core 1 'Adder' <Latency = 0> <II = 1> <Delay = 1.52> <FuncUnit> <Opcode : 'add' 'sub'> <InPorts = 2> <OutPorts = 1>
ST_1 : Operation 17 [1/1] (0.00ns)   --->   "%trunc_ln1437_1 = partselect i11 @_ssdm_op_PartSelect.i11.i14.i32.i32, i14 %add_ln1437, i32 3, i32 13" [prj/sol/.autopilot/db/v_frmbuf_rd.cpp:1437]   --->   Operation 17 'partselect' 'trunc_ln1437_1' <Predicate = (VideoFormat_val_read == 10) | (VideoFormat_val_read == 11)> <Delay = 0.00>
ST_1 : Operation 18 [1/1] (0.00ns)   --->   "%zext_ln1437 = zext i11 %trunc_ln1437_1" [prj/sol/.autopilot/db/v_frmbuf_rd.cpp:1437]   --->   Operation 18 'zext' 'zext_ln1437' <Predicate = (VideoFormat_val_read == 10) | (VideoFormat_val_read == 11)> <Delay = 0.00>
ST_1 : Operation 19 [1/1] (0.00ns)   --->   "%tmp_7 = bitselect i1 @_ssdm_op_BitSelect.i1.i14.i32, i14 %WidthInBytes_val_read, i32 2" [prj/sol/.autopilot/db/v_frmbuf_rd.cpp:1440]   --->   Operation 19 'bitselect' 'tmp_7' <Predicate = (VideoFormat_val_read == 10) | (VideoFormat_val_read == 11)> <Delay = 0.00>
ST_1 : Operation 20 [1/1] (0.80ns)   --->   "%xor_ln1440 = xor i1 %tmp_7, i1 1" [prj/sol/.autopilot/db/v_frmbuf_rd.cpp:1440]   --->   Operation 20 'xor' 'xor_ln1440' <Predicate = (VideoFormat_val_read == 10) | (VideoFormat_val_read == 11)> <Delay = 0.80> <CoreInst = "LogicGate">   --->   Core 74 'LogicGate' <Latency = 0> <II = 1> <Delay = 0.80> <FuncUnit> <Opcode : 'and' 'or' 'xor'> <InPorts = 2> <OutPorts = 1>
ST_1 : Operation 21 [1/1] (1.48ns)   --->   "%add_ln1467 = add i12 %zext_ln1437, i12 4095" [prj/sol/.autopilot/db/v_frmbuf_rd.cpp:1467]   --->   Operation 21 'add' 'add_ln1467' <Predicate = (VideoFormat_val_read == 10) | (VideoFormat_val_read == 11)> <Delay = 1.48> <CoreInst = "Adder">   --->   Core 1 'Adder' <Latency = 0> <II = 1> <Delay = 1.48> <FuncUnit> <Opcode : 'add' 'sub'> <InPorts = 2> <OutPorts = 1>
ST_1 : Operation 22 [1/1] (1.29ns)   --->   "%store_ln1443 = store i11 0, i11 %y" [prj/sol/.autopilot/db/v_frmbuf_rd.cpp:1443]   --->   Operation 22 'store' 'store_ln1443' <Predicate = (VideoFormat_val_read == 10) | (VideoFormat_val_read == 11)> <Delay = 1.29>
ST_1 : Operation 23 [1/1] (0.00ns)   --->   "%br_ln1443 = br void %VITIS_LOOP_1450_1" [prj/sol/.autopilot/db/v_frmbuf_rd.cpp:1443]   --->   Operation 23 'br' 'br_ln1443' <Predicate = (VideoFormat_val_read == 10) | (VideoFormat_val_read == 11)> <Delay = 0.00>

State 2 <SV = 1> <Delay = 4.26>
ST_2 : Operation 24 [1/1] (0.00ns)   --->   "%y_1 = load i11 %y" [prj/sol/.autopilot/db/v_frmbuf_rd.cpp:1443]   --->   Operation 24 'load' 'y_1' <Predicate = (VideoFormat_val_read == 10) | (VideoFormat_val_read == 11)> <Delay = 0.00>
ST_2 : Operation 25 [1/1] (1.48ns)   --->   "%icmp_ln1443 = icmp_eq  i11 %y_1, i11 %Height_val_read" [prj/sol/.autopilot/db/v_frmbuf_rd.cpp:1443]   --->   Operation 25 'icmp' 'icmp_ln1443' <Predicate = (VideoFormat_val_read == 10) | (VideoFormat_val_read == 11)> <Delay = 1.48> <CoreInst = "Cmp">   --->   Core 9 'Cmp' <Latency = 0> <II = 1> <Delay = 1.48> <FuncUnit> <Opcode : 'seteq' 'setne' 'setle' 'setge' 'setlt' 'setgt'> <InPorts = 2> <OutPorts = 1>
ST_2 : Operation 26 [1/1] (0.00ns)   --->   "%speclooptripcount_ln0 = speclooptripcount void @_ssdm_op_SpecLoopTripCount, i64 64, i64 1080, i64 0"   --->   Operation 26 'speclooptripcount' 'speclooptripcount_ln0' <Predicate = (VideoFormat_val_read == 10) | (VideoFormat_val_read == 11)> <Delay = 0.00>
ST_2 : Operation 27 [1/1] (1.48ns)   --->   "%y_2 = add i11 %y_1, i11 1" [prj/sol/.autopilot/db/v_frmbuf_rd.cpp:1443]   --->   Operation 27 'add' 'y_2' <Predicate = (VideoFormat_val_read == 10) | (VideoFormat_val_read == 11)> <Delay = 1.48> <CoreInst = "Adder">   --->   Core 1 'Adder' <Latency = 0> <II = 1> <Delay = 1.48> <FuncUnit> <Opcode : 'add' 'sub'> <InPorts = 2> <OutPorts = 1>
ST_2 : Operation 28 [1/1] (0.00ns)   --->   "%br_ln1443 = br i1 %icmp_ln1443, void %VITIS_LOOP_1456_2.lr.ph, void %if.end200.loopexit" [prj/sol/.autopilot/db/v_frmbuf_rd.cpp:1443]   --->   Operation 28 'br' 'br_ln1443' <Predicate = (VideoFormat_val_read == 10) | (VideoFormat_val_read == 11)> <Delay = 0.00>
ST_2 : Operation 29 [2/2] (2.77ns)   --->   "%call_ln1437 = call void @Bytes2MultiPixStream_Pipeline_VITIS_LOOP_1450_1, i11 %trunc_ln1437_1, i64 %bytePlanes, i12 %add_ln1467, i24 %img, i1 %xor_ln1440" [prj/sol/.autopilot/db/v_frmbuf_rd.cpp:1437]   --->   Operation 29 'call' 'call_ln1437' <Predicate = (VideoFormat_val_read == 10 & !icmp_ln1443) | (VideoFormat_val_read == 11 & !icmp_ln1443)> <Delay = 2.77> <CoreType = "Generic">   --->   Generic Core
ST_2 : Operation 30 [1/1] (0.00ns)   --->   "%br_ln0 = br void %if.end200"   --->   Operation 30 'br' 'br_ln0' <Predicate = (VideoFormat_val_read == 10 & icmp_ln1443) | (VideoFormat_val_read == 11 & icmp_ln1443)> <Delay = 0.00>
ST_2 : Operation 31 [1/1] (0.00ns)   --->   "%br_ln0 = br void %if.end201"   --->   Operation 31 'br' 'br_ln0' <Predicate = (VideoFormat_val_read != 43 & VideoFormat_val_read != 42 & VideoFormat_val_read != 44 & VideoFormat_val_read != 41 & VideoFormat_val_read != 19 & VideoFormat_val_read != 18 & VideoFormat_val_read != 23 & VideoFormat_val_read != 22 & VideoFormat_val_read != 33 & VideoFormat_val_read != 32 & VideoFormat_val_read != 38 & VideoFormat_val_read != 37 & VideoFormat_val_read != 12 & VideoFormat_val_read != 28 & VideoFormat_val_read != 21 & VideoFormat_val_read != 20 & VideoFormat_val_read != 31 & VideoFormat_val_read != 30 & VideoFormat_val_read != 36 & VideoFormat_val_read != 35 & VideoFormat_val_read != 29 & icmp_ln1443) | (VideoFormat_val_read != 43 & VideoFormat_val_read != 42 & VideoFormat_val_read != 44 & VideoFormat_val_read != 41 & VideoFormat_val_read != 19 & VideoFormat_val_read != 18 & VideoFormat_val_read != 23 & VideoFormat_val_read != 22 & VideoFormat_val_read != 33 & VideoFormat_val_read != 32 & VideoFormat_val_read != 38 & VideoFormat_val_read != 37 & VideoFormat_val_read != 12 & VideoFormat_val_read != 28 & VideoFormat_val_read != 21 & VideoFormat_val_read != 20 & VideoFormat_val_read != 31 & VideoFormat_val_read != 30 & VideoFormat_val_read != 36 & VideoFormat_val_read != 35 & VideoFormat_val_read != 29 & VideoFormat_val_read != 11 & VideoFormat_val_read != 10)> <Delay = 0.00>
ST_2 : Operation 32 [1/1] (0.00ns)   --->   "%br_ln0 = br void %if.end202"   --->   Operation 32 'br' 'br_ln0' <Predicate = (VideoFormat_val_read != 43 & VideoFormat_val_read != 42 & VideoFormat_val_read != 44 & VideoFormat_val_read != 41 & VideoFormat_val_read != 19 & VideoFormat_val_read != 18 & VideoFormat_val_read != 23 & VideoFormat_val_read != 22 & VideoFormat_val_read != 33 & VideoFormat_val_read != 32 & VideoFormat_val_read != 38 & VideoFormat_val_read != 37 & VideoFormat_val_read != 12 & VideoFormat_val_read != 28 & VideoFormat_val_read != 21 & VideoFormat_val_read != 20 & VideoFormat_val_read != 31 & VideoFormat_val_read != 30 & VideoFormat_val_read != 36 & VideoFormat_val_read != 35 & icmp_ln1443) | (VideoFormat_val_read != 43 & VideoFormat_val_read != 42 & VideoFormat_val_read != 44 & VideoFormat_val_read != 41 & VideoFormat_val_read != 19 & VideoFormat_val_read != 18 & VideoFormat_val_read != 23 & VideoFormat_val_read != 22 & VideoFormat_val_read != 33 & VideoFormat_val_read != 32 & VideoFormat_val_read != 38 & VideoFormat_val_read != 37 & VideoFormat_val_read != 12 & VideoFormat_val_read != 28 & VideoFormat_val_read != 21 & VideoFormat_val_read != 20 & VideoFormat_val_read != 31 & VideoFormat_val_read != 30 & VideoFormat_val_read != 36 & VideoFormat_val_read != 35 & VideoFormat_val_read != 11 & VideoFormat_val_read != 10) | (VideoFormat_val_read == 29)> <Delay = 0.00>
ST_2 : Operation 33 [1/1] (0.00ns)   --->   "%br_ln0 = br void %if.end203"   --->   Operation 33 'br' 'br_ln0' <Predicate = (VideoFormat_val_read != 43 & VideoFormat_val_read != 42 & VideoFormat_val_read != 44 & VideoFormat_val_read != 41 & VideoFormat_val_read != 19 & VideoFormat_val_read != 18 & VideoFormat_val_read != 23 & VideoFormat_val_read != 22 & VideoFormat_val_read != 33 & VideoFormat_val_read != 32 & VideoFormat_val_read != 38 & VideoFormat_val_read != 37 & VideoFormat_val_read != 12 & VideoFormat_val_read != 28 & VideoFormat_val_read != 21 & VideoFormat_val_read != 20 & VideoFormat_val_read != 31 & VideoFormat_val_read != 30 & icmp_ln1443) | (VideoFormat_val_read != 43 & VideoFormat_val_read != 42 & VideoFormat_val_read != 44 & VideoFormat_val_read != 41 & VideoFormat_val_read != 19 & VideoFormat_val_read != 18 & VideoFormat_val_read != 23 & VideoFormat_val_read != 22 & VideoFormat_val_read != 33 & VideoFormat_val_read != 32 & VideoFormat_val_read != 38 & VideoFormat_val_read != 37 & VideoFormat_val_read != 12 & VideoFormat_val_read != 28 & VideoFormat_val_read != 21 & VideoFormat_val_read != 20 & VideoFormat_val_read != 31 & VideoFormat_val_read != 30 & VideoFormat_val_read != 11 & VideoFormat_val_read != 10) | (VideoFormat_val_read == 29) | (VideoFormat_val_read == 35) | (VideoFormat_val_read == 36)> <Delay = 0.00>
ST_2 : Operation 34 [1/1] (0.00ns)   --->   "%br_ln0 = br void %if.end204"   --->   Operation 34 'br' 'br_ln0' <Predicate = (VideoFormat_val_read != 43 & VideoFormat_val_read != 42 & VideoFormat_val_read != 44 & VideoFormat_val_read != 41 & VideoFormat_val_read != 19 & VideoFormat_val_read != 18 & VideoFormat_val_read != 23 & VideoFormat_val_read != 22 & VideoFormat_val_read != 33 & VideoFormat_val_read != 32 & VideoFormat_val_read != 38 & VideoFormat_val_read != 37 & VideoFormat_val_read != 12 & VideoFormat_val_read != 28 & VideoFormat_val_read != 21 & VideoFormat_val_read != 20 & icmp_ln1443) | (VideoFormat_val_read != 43 & VideoFormat_val_read != 42 & VideoFormat_val_read != 44 & VideoFormat_val_read != 41 & VideoFormat_val_read != 19 & VideoFormat_val_read != 18 & VideoFormat_val_read != 23 & VideoFormat_val_read != 22 & VideoFormat_val_read != 33 & VideoFormat_val_read != 32 & VideoFormat_val_read != 38 & VideoFormat_val_read != 37 & VideoFormat_val_read != 12 & VideoFormat_val_read != 28 & VideoFormat_val_read != 21 & VideoFormat_val_read != 20 & VideoFormat_val_read != 11 & VideoFormat_val_read != 10) | (VideoFormat_val_read == 29) | (VideoFormat_val_read == 35) | (VideoFormat_val_read == 36) | (VideoFormat_val_read == 30) | (VideoFormat_val_read == 31)> <Delay = 0.00>
ST_2 : Operation 35 [1/1] (0.00ns)   --->   "%br_ln0 = br void %if.end205"   --->   Operation 35 'br' 'br_ln0' <Predicate = (VideoFormat_val_read != 43 & VideoFormat_val_read != 42 & VideoFormat_val_read != 44 & VideoFormat_val_read != 41 & VideoFormat_val_read != 19 & VideoFormat_val_read != 18 & VideoFormat_val_read != 23 & VideoFormat_val_read != 22 & VideoFormat_val_read != 33 & VideoFormat_val_read != 32 & VideoFormat_val_read != 38 & VideoFormat_val_read != 37 & VideoFormat_val_read != 12 & VideoFormat_val_read != 28 & icmp_ln1443) | (VideoFormat_val_read != 43 & VideoFormat_val_read != 42 & VideoFormat_val_read != 44 & VideoFormat_val_read != 41 & VideoFormat_val_read != 19 & VideoFormat_val_read != 18 & VideoFormat_val_read != 23 & VideoFormat_val_read != 22 & VideoFormat_val_read != 33 & VideoFormat_val_read != 32 & VideoFormat_val_read != 38 & VideoFormat_val_read != 37 & VideoFormat_val_read != 12 & VideoFormat_val_read != 28 & VideoFormat_val_read != 11 & VideoFormat_val_read != 10) | (VideoFormat_val_read == 29) | (VideoFormat_val_read == 35) | (VideoFormat_val_read == 36) | (VideoFormat_val_read == 30) | (VideoFormat_val_read == 31) | (VideoFormat_val_read == 20) | (VideoFormat_val_read == 21)> <Delay = 0.00>
ST_2 : Operation 36 [1/1] (0.00ns)   --->   "%br_ln0 = br void %if.end206"   --->   Operation 36 'br' 'br_ln0' <Predicate = (VideoFormat_val_read != 43 & VideoFormat_val_read != 42 & VideoFormat_val_read != 44 & VideoFormat_val_read != 41 & VideoFormat_val_read != 19 & VideoFormat_val_read != 18 & VideoFormat_val_read != 23 & VideoFormat_val_read != 22 & VideoFormat_val_read != 33 & VideoFormat_val_read != 32 & VideoFormat_val_read != 38 & VideoFormat_val_read != 37 & VideoFormat_val_read != 12 & icmp_ln1443) | (VideoFormat_val_read != 43 & VideoFormat_val_read != 42 & VideoFormat_val_read != 44 & VideoFormat_val_read != 41 & VideoFormat_val_read != 19 & VideoFormat_val_read != 18 & VideoFormat_val_read != 23 & VideoFormat_val_read != 22 & VideoFormat_val_read != 33 & VideoFormat_val_read != 32 & VideoFormat_val_read != 38 & VideoFormat_val_read != 37 & VideoFormat_val_read != 12 & VideoFormat_val_read != 11 & VideoFormat_val_read != 10) | (VideoFormat_val_read == 29) | (VideoFormat_val_read == 35) | (VideoFormat_val_read == 36) | (VideoFormat_val_read == 30) | (VideoFormat_val_read == 31) | (VideoFormat_val_read == 20) | (VideoFormat_val_read == 21) | (VideoFormat_val_read == 28)> <Delay = 0.00>
ST_2 : Operation 37 [1/1] (0.00ns)   --->   "%br_ln0 = br void %if.end207"   --->   Operation 37 'br' 'br_ln0' <Predicate = (VideoFormat_val_read != 43 & VideoFormat_val_read != 42 & VideoFormat_val_read != 44 & VideoFormat_val_read != 41 & VideoFormat_val_read != 19 & VideoFormat_val_read != 18 & VideoFormat_val_read != 23 & VideoFormat_val_read != 22 & VideoFormat_val_read != 33 & VideoFormat_val_read != 32 & VideoFormat_val_read != 38 & VideoFormat_val_read != 37 & icmp_ln1443) | (VideoFormat_val_read != 43 & VideoFormat_val_read != 42 & VideoFormat_val_read != 44 & VideoFormat_val_read != 41 & VideoFormat_val_read != 19 & VideoFormat_val_read != 18 & VideoFormat_val_read != 23 & VideoFormat_val_read != 22 & VideoFormat_val_read != 33 & VideoFormat_val_read != 32 & VideoFormat_val_read != 38 & VideoFormat_val_read != 37 & VideoFormat_val_read != 11 & VideoFormat_val_read != 10) | (VideoFormat_val_read == 29) | (VideoFormat_val_read == 35) | (VideoFormat_val_read == 36) | (VideoFormat_val_read == 30) | (VideoFormat_val_read == 31) | (VideoFormat_val_read == 20) | (VideoFormat_val_read == 21) | (VideoFormat_val_read == 28) | (VideoFormat_val_read == 12)> <Delay = 0.00>
ST_2 : Operation 38 [1/1] (0.00ns)   --->   "%br_ln0 = br void %if.end208"   --->   Operation 38 'br' 'br_ln0' <Predicate = (VideoFormat_val_read != 43 & VideoFormat_val_read != 42 & VideoFormat_val_read != 44 & VideoFormat_val_read != 41 & VideoFormat_val_read != 19 & VideoFormat_val_read != 18 & VideoFormat_val_read != 23 & VideoFormat_val_read != 22 & VideoFormat_val_read != 33 & VideoFormat_val_read != 32 & icmp_ln1443) | (VideoFormat_val_read != 43 & VideoFormat_val_read != 42 & VideoFormat_val_read != 44 & VideoFormat_val_read != 41 & VideoFormat_val_read != 19 & VideoFormat_val_read != 18 & VideoFormat_val_read != 23 & VideoFormat_val_read != 22 & VideoFormat_val_read != 33 & VideoFormat_val_read != 32 & VideoFormat_val_read != 11 & VideoFormat_val_read != 10) | (VideoFormat_val_read == 29) | (VideoFormat_val_read == 35) | (VideoFormat_val_read == 36) | (VideoFormat_val_read == 30) | (VideoFormat_val_read == 31) | (VideoFormat_val_read == 20) | (VideoFormat_val_read == 21) | (VideoFormat_val_read == 28) | (VideoFormat_val_read == 12) | (VideoFormat_val_read == 37) | (VideoFormat_val_read == 38)> <Delay = 0.00>
ST_2 : Operation 39 [1/1] (0.00ns)   --->   "%br_ln0 = br void %if.end209"   --->   Operation 39 'br' 'br_ln0' <Predicate = (VideoFormat_val_read != 43 & VideoFormat_val_read != 42 & VideoFormat_val_read != 44 & VideoFormat_val_read != 41 & VideoFormat_val_read != 19 & VideoFormat_val_read != 18 & VideoFormat_val_read != 23 & VideoFormat_val_read != 22 & icmp_ln1443) | (VideoFormat_val_read != 43 & VideoFormat_val_read != 42 & VideoFormat_val_read != 44 & VideoFormat_val_read != 41 & VideoFormat_val_read != 19 & VideoFormat_val_read != 18 & VideoFormat_val_read != 23 & VideoFormat_val_read != 22 & VideoFormat_val_read != 11 & VideoFormat_val_read != 10) | (VideoFormat_val_read == 29) | (VideoFormat_val_read == 35) | (VideoFormat_val_read == 36) | (VideoFormat_val_read == 30) | (VideoFormat_val_read == 31) | (VideoFormat_val_read == 20) | (VideoFormat_val_read == 21) | (VideoFormat_val_read == 28) | (VideoFormat_val_read == 12) | (VideoFormat_val_read == 37) | (VideoFormat_val_read == 38) | (VideoFormat_val_read == 32) | (VideoFormat_val_read == 33)> <Delay = 0.00>
ST_2 : Operation 40 [1/1] (0.00ns)   --->   "%br_ln0 = br void %if.end210"   --->   Operation 40 'br' 'br_ln0' <Predicate = (VideoFormat_val_read != 43 & VideoFormat_val_read != 42 & VideoFormat_val_read != 44 & VideoFormat_val_read != 41 & VideoFormat_val_read != 19 & VideoFormat_val_read != 18 & icmp_ln1443) | (VideoFormat_val_read != 43 & VideoFormat_val_read != 42 & VideoFormat_val_read != 44 & VideoFormat_val_read != 41 & VideoFormat_val_read != 19 & VideoFormat_val_read != 18 & VideoFormat_val_read != 11 & VideoFormat_val_read != 10) | (VideoFormat_val_read == 29) | (VideoFormat_val_read == 35) | (VideoFormat_val_read == 36) | (VideoFormat_val_read == 30) | (VideoFormat_val_read == 31) | (VideoFormat_val_read == 20) | (VideoFormat_val_read == 21) | (VideoFormat_val_read == 28) | (VideoFormat_val_read == 12) | (VideoFormat_val_read == 37) | (VideoFormat_val_read == 38) | (VideoFormat_val_read == 32) | (VideoFormat_val_read == 33) | (VideoFormat_val_read == 22) | (VideoFormat_val_read == 23)> <Delay = 0.00>
ST_2 : Operation 41 [1/1] (0.00ns)   --->   "%br_ln0 = br void %if.end211"   --->   Operation 41 'br' 'br_ln0' <Predicate = (VideoFormat_val_read != 43 & VideoFormat_val_read != 42 & VideoFormat_val_read != 44 & VideoFormat_val_read != 41 & icmp_ln1443) | (VideoFormat_val_read != 43 & VideoFormat_val_read != 42 & VideoFormat_val_read != 44 & VideoFormat_val_read != 41 & VideoFormat_val_read != 11 & VideoFormat_val_read != 10) | (VideoFormat_val_read == 29) | (VideoFormat_val_read == 35) | (VideoFormat_val_read == 36) | (VideoFormat_val_read == 30) | (VideoFormat_val_read == 31) | (VideoFormat_val_read == 20) | (VideoFormat_val_read == 21) | (VideoFormat_val_read == 28) | (VideoFormat_val_read == 12) | (VideoFormat_val_read == 37) | (VideoFormat_val_read == 38) | (VideoFormat_val_read == 32) | (VideoFormat_val_read == 33) | (VideoFormat_val_read == 22) | (VideoFormat_val_read == 23) | (VideoFormat_val_read == 18) | (VideoFormat_val_read == 19)> <Delay = 0.00>
ST_2 : Operation 42 [1/1] (0.00ns)   --->   "%br_ln0 = br void %if.end212"   --->   Operation 42 'br' 'br_ln0' <Predicate = (VideoFormat_val_read != 43 & VideoFormat_val_read != 42 & VideoFormat_val_read != 44 & icmp_ln1443) | (VideoFormat_val_read != 43 & VideoFormat_val_read != 42 & VideoFormat_val_read != 44 & VideoFormat_val_read != 11 & VideoFormat_val_read != 10) | (VideoFormat_val_read == 29) | (VideoFormat_val_read == 35) | (VideoFormat_val_read == 36) | (VideoFormat_val_read == 30) | (VideoFormat_val_read == 31) | (VideoFormat_val_read == 20) | (VideoFormat_val_read == 21) | (VideoFormat_val_read == 28) | (VideoFormat_val_read == 12) | (VideoFormat_val_read == 37) | (VideoFormat_val_read == 38) | (VideoFormat_val_read == 32) | (VideoFormat_val_read == 33) | (VideoFormat_val_read == 22) | (VideoFormat_val_read == 23) | (VideoFormat_val_read == 18) | (VideoFormat_val_read == 19) | (VideoFormat_val_read == 41)> <Delay = 0.00>
ST_2 : Operation 43 [1/1] (0.00ns)   --->   "%br_ln0 = br void %if.end213"   --->   Operation 43 'br' 'br_ln0' <Predicate = (VideoFormat_val_read != 43 & VideoFormat_val_read != 42 & icmp_ln1443) | (VideoFormat_val_read != 43 & VideoFormat_val_read != 42 & VideoFormat_val_read != 11 & VideoFormat_val_read != 10) | (VideoFormat_val_read == 29) | (VideoFormat_val_read == 35) | (VideoFormat_val_read == 36) | (VideoFormat_val_read == 30) | (VideoFormat_val_read == 31) | (VideoFormat_val_read == 20) | (VideoFormat_val_read == 21) | (VideoFormat_val_read == 28) | (VideoFormat_val_read == 12) | (VideoFormat_val_read == 37) | (VideoFormat_val_read == 38) | (VideoFormat_val_read == 32) | (VideoFormat_val_read == 33) | (VideoFormat_val_read == 22) | (VideoFormat_val_read == 23) | (VideoFormat_val_read == 18) | (VideoFormat_val_read == 19) | (VideoFormat_val_read == 41) | (VideoFormat_val_read == 44)> <Delay = 0.00>
ST_2 : Operation 44 [1/1] (0.00ns)   --->   "%br_ln0 = br void %if.end214"   --->   Operation 44 'br' 'br_ln0' <Predicate = (VideoFormat_val_read != 43 & icmp_ln1443) | (VideoFormat_val_read != 43 & VideoFormat_val_read != 11 & VideoFormat_val_read != 10) | (VideoFormat_val_read == 29) | (VideoFormat_val_read == 35) | (VideoFormat_val_read == 36) | (VideoFormat_val_read == 30) | (VideoFormat_val_read == 31) | (VideoFormat_val_read == 20) | (VideoFormat_val_read == 21) | (VideoFormat_val_read == 28) | (VideoFormat_val_read == 12) | (VideoFormat_val_read == 37) | (VideoFormat_val_read == 38) | (VideoFormat_val_read == 32) | (VideoFormat_val_read == 33) | (VideoFormat_val_read == 22) | (VideoFormat_val_read == 23) | (VideoFormat_val_read == 18) | (VideoFormat_val_read == 19) | (VideoFormat_val_read == 41) | (VideoFormat_val_read == 44) | (VideoFormat_val_read == 42)> <Delay = 0.00>
ST_2 : Operation 45 [1/1] (0.00ns)   --->   "%ret_ln1796 = ret" [prj/sol/.autopilot/db/v_frmbuf_rd.cpp:1796]   --->   Operation 45 'ret' 'ret_ln1796' <Predicate = (icmp_ln1443) | (VideoFormat_val_read != 11 & VideoFormat_val_read != 10) | (VideoFormat_val_read == 29) | (VideoFormat_val_read == 35) | (VideoFormat_val_read == 36) | (VideoFormat_val_read == 30) | (VideoFormat_val_read == 31) | (VideoFormat_val_read == 20) | (VideoFormat_val_read == 21) | (VideoFormat_val_read == 28) | (VideoFormat_val_read == 12) | (VideoFormat_val_read == 37) | (VideoFormat_val_read == 38) | (VideoFormat_val_read == 32) | (VideoFormat_val_read == 33) | (VideoFormat_val_read == 22) | (VideoFormat_val_read == 23) | (VideoFormat_val_read == 18) | (VideoFormat_val_read == 19) | (VideoFormat_val_read == 41) | (VideoFormat_val_read == 44) | (VideoFormat_val_read == 42) | (VideoFormat_val_read == 43)> <Delay = 0.00>

State 3 <SV = 2> <Delay = 4.07>
ST_3 : Operation 46 [1/2] (4.07ns)   --->   "%call_ln1437 = call void @Bytes2MultiPixStream_Pipeline_VITIS_LOOP_1450_1, i11 %trunc_ln1437_1, i64 %bytePlanes, i12 %add_ln1467, i24 %img, i1 %xor_ln1440" [prj/sol/.autopilot/db/v_frmbuf_rd.cpp:1437]   --->   Operation 46 'call' 'call_ln1437' <Predicate = true> <Delay = 4.07> <CoreType = "Generic">   --->   Generic Core

State 4 <SV = 3> <Delay = 1.29>
ST_4 : Operation 47 [1/1] (0.00ns)   --->   "%specloopname_ln1443 = specloopname void @_ssdm_op_SpecLoopName, void @empty_15" [prj/sol/.autopilot/db/v_frmbuf_rd.cpp:1443]   --->   Operation 47 'specloopname' 'specloopname_ln1443' <Predicate = true> <Delay = 0.00>
ST_4 : Operation 48 [1/1] (1.29ns)   --->   "%store_ln1443 = store i11 %y_2, i11 %y" [prj/sol/.autopilot/db/v_frmbuf_rd.cpp:1443]   --->   Operation 48 'store' 'store_ln1443' <Predicate = true> <Delay = 1.29>
ST_4 : Operation 49 [1/1] (0.00ns)   --->   "%br_ln1443 = br void %VITIS_LOOP_1450_1" [prj/sol/.autopilot/db/v_frmbuf_rd.cpp:1443]   --->   Operation 49 'br' 'br_ln1443' <Predicate = true> <Delay = 0.00>


============================================================
+ Verbose Summary: Binding
============================================================
STG Binding: 
---------------- STG Properties BEGIN ----------------
- Is combinational: 0
- Is one-state seq: 0
- Is datapath-only: 0
- Is pipelined: 0
- Is top level: 0
Port [ Return ] is wired: 1; IO mode=ap_ctrl_hs:ce=0
Port [ bytePlanes]:  wired=1; compound=1; hidden=0; nouse=0; global=0; static=0; extern=0; dir=0; type=3; pingpong=0; private_global=0; IO mode=ap_fifo:ce=0
Port [ img]:  wired=1; compound=1; hidden=0; nouse=0; global=0; static=0; extern=0; dir=1; type=3; pingpong=0; private_global=0; IO mode=ap_fifo:ce=0
Port [ Height_val]:  wired=1; compound=0; hidden=0; nouse=0; global=0; static=0; extern=0; dir=0; type=0; pingpong=0; private_global=0; IO mode=ap_stable:ce=0
Port [ WidthInBytes_val]:  wired=1; compound=0; hidden=0; nouse=0; global=0; static=0; extern=0; dir=0; type=0; pingpong=0; private_global=0; IO mode=ap_stable:ce=0
Port [ VideoFormat_val]:  wired=1; compound=0; hidden=0; nouse=0; global=0; static=0; extern=0; dir=0; type=0; pingpong=0; private_global=0; IO mode=ap_stable:ce=0
---------------- STG Properties END ------------------

---------------- Datapath Model BEGIN ----------------

<LifeTime>
<method=bitvector/>
specstablecontent_ln0 (specstablecontent) [ 00000]
VideoFormat_val_read  (read             ) [ 01111]
WidthInBytes_val_read (read             ) [ 00000]
Height_val_read       (read             ) [ 00111]
specstablecontent_ln0 (specstablecontent) [ 00000]
specstablecontent_ln0 (specstablecontent) [ 00000]
specmemcore_ln0       (specmemcore      ) [ 00000]
specinterface_ln0     (specinterface    ) [ 00000]
specinterface_ln0     (specinterface    ) [ 00000]
switch_ln689          (switch           ) [ 00000]
y                     (alloca           ) [ 01111]
add_ln1437            (add              ) [ 00000]
trunc_ln1437_1        (partselect       ) [ 00111]
zext_ln1437           (zext             ) [ 00000]
tmp_7                 (bitselect        ) [ 00000]
xor_ln1440            (xor              ) [ 00111]
add_ln1467            (add              ) [ 00111]
store_ln1443          (store            ) [ 00000]
br_ln1443             (br               ) [ 00000]
y_1                   (load             ) [ 00000]
icmp_ln1443           (icmp             ) [ 00111]
speclooptripcount_ln0 (speclooptripcount) [ 00000]
y_2                   (add              ) [ 00011]
br_ln1443             (br               ) [ 00000]
br_ln0                (br               ) [ 00000]
br_ln0                (br               ) [ 00000]
br_ln0                (br               ) [ 00000]
br_ln0                (br               ) [ 00000]
br_ln0                (br               ) [ 00000]
br_ln0                (br               ) [ 00000]
br_ln0                (br               ) [ 00000]
br_ln0                (br               ) [ 00000]
br_ln0                (br               ) [ 00000]
br_ln0                (br               ) [ 00000]
br_ln0                (br               ) [ 00000]
br_ln0                (br               ) [ 00000]
br_ln0                (br               ) [ 00000]
br_ln0                (br               ) [ 00000]
br_ln0                (br               ) [ 00000]
ret_ln1796            (ret              ) [ 00000]
call_ln1437           (call             ) [ 00000]
specloopname_ln1443   (specloopname     ) [ 00000]
store_ln1443          (store            ) [ 00000]
br_ln1443             (br               ) [ 00000]
</LifeTime>

<model>

<comp_list>
<comp id="0" class="1000" name="bytePlanes">
<pin_list>
<pin id="1" dir="1" index="0" bw="1" slack="0"/>
</pin_list>
<bind>
<StgValue><ssdm name="bytePlanes"/></StgValue>
</bind>
</comp>

<comp id="2" class="1000" name="img">
<pin_list>
<pin id="3" dir="1" index="0" bw="1" slack="0"/>
</pin_list>
<bind>
<StgValue><ssdm name="img"/></StgValue>
</bind>
</comp>

<comp id="4" class="1000" name="Height_val">
<pin_list>
<pin id="5" dir="1" index="0" bw="1" slack="0"/>
</pin_list>
<bind>
<StgValue><ssdm name="Height_val"/></StgValue>
</bind>
</comp>

<comp id="6" class="1000" name="WidthInBytes_val">
<pin_list>
<pin id="7" dir="1" index="0" bw="1" slack="0"/>
</pin_list>
<bind>
<StgValue><ssdm name="WidthInBytes_val"/></StgValue>
</bind>
</comp>

<comp id="8" class="1000" name="VideoFormat_val">
<pin_list>
<pin id="9" dir="1" index="0" bw="1" slack="0"/>
</pin_list>
<bind>
<StgValue><ssdm name="VideoFormat_val"/></StgValue>
</bind>
</comp>

<comp id="10" class="1001" name="const_10">
<pin_list>
<pin id="11" dir="1" index="0" bw="1" slack="2147483647"/>
</pin_list>
<bind>
<StgValue><ssdm name="_ssdm_op_SpecStableContent"/></StgValue>
</bind>
</comp>

<comp id="12" class="1001" name="const_12">
<pin_list>
<pin id="13" dir="1" index="0" bw="1" slack="0"/>
</pin_list>
<bind>
<StgValue><ssdm name=""/></StgValue>
</bind>
</comp>

<comp id="14" class="1001" name="const_14">
<pin_list>
<pin id="15" dir="1" index="0" bw="1" slack="2147483647"/>
</pin_list>
<bind>
<StgValue><ssdm name="p_str"/></StgValue>
</bind>
</comp>

<comp id="16" class="1001" name="const_16">
<pin_list>
<pin id="17" dir="1" index="0" bw="1" slack="0"/>
</pin_list>
<bind>
<StgValue><ssdm name="_ssdm_op_Read.ap_auto.i6"/></StgValue>
</bind>
</comp>

<comp id="18" class="1001" name="const_18">
<pin_list>
<pin id="19" dir="1" index="0" bw="1" slack="0"/>
</pin_list>
<bind>
<StgValue><ssdm name="_ssdm_op_Read.ap_auto.i14"/></StgValue>
</bind>
</comp>

<comp id="20" class="1001" name="const_20">
<pin_list>
<pin id="21" dir="1" index="0" bw="1" slack="0"/>
</pin_list>
<bind>
<StgValue><ssdm name="_ssdm_op_Read.ap_auto.i11"/></StgValue>
</bind>
</comp>

<comp id="22" class="1001" name="const_22">
<pin_list>
<pin id="23" dir="1" index="0" bw="1" slack="2147483647"/>
</pin_list>
<bind>
<StgValue><ssdm name=""/></StgValue>
</bind>
</comp>

<comp id="24" class="1001" name="const_24">
<pin_list>
<pin id="25" dir="1" index="0" bw="1" slack="2147483647"/>
</pin_list>
<bind>
<StgValue><ssdm name="_ssdm_op_SpecMemCore"/></StgValue>
</bind>
</comp>

<comp id="26" class="1001" name="const_26">
<pin_list>
<pin id="27" dir="1" index="0" bw="1" slack="2147483647"/>
</pin_list>
<bind>
<StgValue><ssdm name=""/></StgValue>
</bind>
</comp>

<comp id="28" class="1001" name="const_28">
<pin_list>
<pin id="29" dir="1" index="0" bw="1" slack="2147483647"/>
</pin_list>
<bind>
<StgValue><ssdm name=""/></StgValue>
</bind>
</comp>

<comp id="30" class="1001" name="const_30">
<pin_list>
<pin id="31" dir="1" index="0" bw="1" slack="2147483647"/>
</pin_list>
<bind>
<StgValue><ssdm name=""/></StgValue>
</bind>
</comp>

<comp id="32" class="1001" name="const_32">
<pin_list>
<pin id="33" dir="1" index="0" bw="1" slack="2147483647"/>
</pin_list>
<bind>
<StgValue><ssdm name=""/></StgValue>
</bind>
</comp>

<comp id="34" class="1001" name="const_34">
<pin_list>
<pin id="35" dir="1" index="0" bw="1" slack="2147483647"/>
</pin_list>
<bind>
<StgValue><ssdm name="_ssdm_op_SpecInterface"/></StgValue>
</bind>
</comp>

<comp id="36" class="1001" name="const_36">
<pin_list>
<pin id="37" dir="1" index="0" bw="1" slack="2147483647"/>
</pin_list>
<bind>
<StgValue><ssdm name="empty_13"/></StgValue>
</bind>
</comp>

<comp id="38" class="1001" name="const_38">
<pin_list>
<pin id="39" dir="1" index="0" bw="1" slack="2147483647"/>
</pin_list>
<bind>
<StgValue><ssdm name=""/></StgValue>
</bind>
</comp>

<comp id="40" class="1001" name="const_40">
<pin_list>
<pin id="41" dir="1" index="0" bw="1" slack="2147483647"/>
</pin_list>
<bind>
<StgValue><ssdm name="empty_4"/></StgValue>
</bind>
</comp>

<comp id="42" class="1001" name="const_42">
<pin_list>
<pin id="43" dir="1" index="0" bw="1" slack="2147483647"/>
</pin_list>
<bind>
<StgValue><ssdm name=""/></StgValue>
</bind>
</comp>

<comp id="44" class="1001" name="const_44">
<pin_list>
<pin id="45" dir="1" index="0" bw="1" slack="0"/>
</pin_list>
<bind>
<StgValue><ssdm name=""/></StgValue>
</bind>
</comp>

<comp id="46" class="1001" name="const_46">
<pin_list>
<pin id="47" dir="1" index="0" bw="1" slack="0"/>
</pin_list>
<bind>
<StgValue><ssdm name=""/></StgValue>
</bind>
</comp>

<comp id="48" class="1001" name="const_48">
<pin_list>
<pin id="49" dir="1" index="0" bw="1" slack="0"/>
</pin_list>
<bind>
<StgValue><ssdm name=""/></StgValue>
</bind>
</comp>

<comp id="50" class="1001" name="const_50">
<pin_list>
<pin id="51" dir="1" index="0" bw="1" slack="0"/>
</pin_list>
<bind>
<StgValue><ssdm name=""/></StgValue>
</bind>
</comp>

<comp id="52" class="1001" name="const_52">
<pin_list>
<pin id="53" dir="1" index="0" bw="1" slack="0"/>
</pin_list>
<bind>
<StgValue><ssdm name=""/></StgValue>
</bind>
</comp>

<comp id="54" class="1001" name="const_54">
<pin_list>
<pin id="55" dir="1" index="0" bw="1" slack="0"/>
</pin_list>
<bind>
<StgValue><ssdm name=""/></StgValue>
</bind>
</comp>

<comp id="56" class="1001" name="const_56">
<pin_list>
<pin id="57" dir="1" index="0" bw="1" slack="0"/>
</pin_list>
<bind>
<StgValue><ssdm name=""/></StgValue>
</bind>
</comp>

<comp id="58" class="1001" name="const_58">
<pin_list>
<pin id="59" dir="1" index="0" bw="1" slack="0"/>
</pin_list>
<bind>
<StgValue><ssdm name=""/></StgValue>
</bind>
</comp>

<comp id="60" class="1001" name="const_60">
<pin_list>
<pin id="61" dir="1" index="0" bw="1" slack="0"/>
</pin_list>
<bind>
<StgValue><ssdm name=""/></StgValue>
</bind>
</comp>

<comp id="62" class="1001" name="const_62">
<pin_list>
<pin id="63" dir="1" index="0" bw="1" slack="0"/>
</pin_list>
<bind>
<StgValue><ssdm name=""/></StgValue>
</bind>
</comp>

<comp id="64" class="1001" name="const_64">
<pin_list>
<pin id="65" dir="1" index="0" bw="1" slack="0"/>
</pin_list>
<bind>
<StgValue><ssdm name=""/></StgValue>
</bind>
</comp>

<comp id="66" class="1001" name="const_66">
<pin_list>
<pin id="67" dir="1" index="0" bw="1" slack="0"/>
</pin_list>
<bind>
<StgValue><ssdm name=""/></StgValue>
</bind>
</comp>

<comp id="68" class="1001" name="const_68">
<pin_list>
<pin id="69" dir="1" index="0" bw="1" slack="0"/>
</pin_list>
<bind>
<StgValue><ssdm name=""/></StgValue>
</bind>
</comp>

<comp id="70" class="1001" name="const_70">
<pin_list>
<pin id="71" dir="1" index="0" bw="1" slack="0"/>
</pin_list>
<bind>
<StgValue><ssdm name=""/></StgValue>
</bind>
</comp>

<comp id="72" class="1001" name="const_72">
<pin_list>
<pin id="73" dir="1" index="0" bw="1" slack="0"/>
</pin_list>
<bind>
<StgValue><ssdm name=""/></StgValue>
</bind>
</comp>

<comp id="74" class="1001" name="const_74">
<pin_list>
<pin id="75" dir="1" index="0" bw="1" slack="0"/>
</pin_list>
<bind>
<StgValue><ssdm name=""/></StgValue>
</bind>
</comp>

<comp id="76" class="1001" name="const_76">
<pin_list>
<pin id="77" dir="1" index="0" bw="1" slack="0"/>
</pin_list>
<bind>
<StgValue><ssdm name=""/></StgValue>
</bind>
</comp>

<comp id="78" class="1001" name="const_78">
<pin_list>
<pin id="79" dir="1" index="0" bw="1" slack="0"/>
</pin_list>
<bind>
<StgValue><ssdm name=""/></StgValue>
</bind>
</comp>

<comp id="80" class="1001" name="const_80">
<pin_list>
<pin id="81" dir="1" index="0" bw="1" slack="0"/>
</pin_list>
<bind>
<StgValue><ssdm name=""/></StgValue>
</bind>
</comp>

<comp id="82" class="1001" name="const_82">
<pin_list>
<pin id="83" dir="1" index="0" bw="1" slack="0"/>
</pin_list>
<bind>
<StgValue><ssdm name=""/></StgValue>
</bind>
</comp>

<comp id="84" class="1001" name="const_84">
<pin_list>
<pin id="85" dir="1" index="0" bw="1" slack="0"/>
</pin_list>
<bind>
<StgValue><ssdm name=""/></StgValue>
</bind>
</comp>

<comp id="86" class="1001" name="const_86">
<pin_list>
<pin id="87" dir="1" index="0" bw="1" slack="0"/>
</pin_list>
<bind>
<StgValue><ssdm name=""/></StgValue>
</bind>
</comp>

<comp id="88" class="1001" name="const_88">
<pin_list>
<pin id="89" dir="1" index="0" bw="1" slack="0"/>
</pin_list>
<bind>
<StgValue><ssdm name=""/></StgValue>
</bind>
</comp>

<comp id="90" class="1001" name="const_90">
<pin_list>
<pin id="91" dir="1" index="0" bw="1" slack="0"/>
</pin_list>
<bind>
<StgValue><ssdm name=""/></StgValue>
</bind>
</comp>

<comp id="92" class="1001" name="const_92">
<pin_list>
<pin id="93" dir="1" index="0" bw="1" slack="0"/>
</pin_list>
<bind>
<StgValue><ssdm name=""/></StgValue>
</bind>
</comp>

<comp id="94" class="1001" name="const_94">
<pin_list>
<pin id="95" dir="1" index="0" bw="1" slack="0"/>
</pin_list>
<bind>
<StgValue><ssdm name="_ssdm_op_PartSelect.i11.i14.i32.i32"/></StgValue>
</bind>
</comp>

<comp id="96" class="1001" name="const_96">
<pin_list>
<pin id="97" dir="1" index="0" bw="1" slack="0"/>
</pin_list>
<bind>
<StgValue><ssdm name=""/></StgValue>
</bind>
</comp>

<comp id="98" class="1001" name="const_98">
<pin_list>
<pin id="99" dir="1" index="0" bw="1" slack="0"/>
</pin_list>
<bind>
<StgValue><ssdm name=""/></StgValue>
</bind>
</comp>

<comp id="100" class="1001" name="const_100">
<pin_list>
<pin id="101" dir="1" index="0" bw="1" slack="0"/>
</pin_list>
<bind>
<StgValue><ssdm name="_ssdm_op_BitSelect.i1.i14.i32"/></StgValue>
</bind>
</comp>

<comp id="102" class="1001" name="const_102">
<pin_list>
<pin id="103" dir="1" index="0" bw="1" slack="0"/>
</pin_list>
<bind>
<StgValue><ssdm name=""/></StgValue>
</bind>
</comp>

<comp id="104" class="1001" name="const_104">
<pin_list>
<pin id="105" dir="1" index="0" bw="1" slack="0"/>
</pin_list>
<bind>
<StgValue><ssdm name=""/></StgValue>
</bind>
</comp>

<comp id="106" class="1001" name="const_106">
<pin_list>
<pin id="107" dir="1" index="0" bw="1" slack="0"/>
</pin_list>
<bind>
<StgValue><ssdm name=""/></StgValue>
</bind>
</comp>

<comp id="108" class="1001" name="const_108">
<pin_list>
<pin id="109" dir="1" index="0" bw="1" slack="2147483647"/>
</pin_list>
<bind>
<StgValue><ssdm name="_ssdm_op_SpecLoopTripCount"/></StgValue>
</bind>
</comp>

<comp id="110" class="1001" name="const_110">
<pin_list>
<pin id="111" dir="1" index="0" bw="1" slack="2147483647"/>
</pin_list>
<bind>
<StgValue><ssdm name=""/></StgValue>
</bind>
</comp>

<comp id="112" class="1001" name="const_112">
<pin_list>
<pin id="113" dir="1" index="0" bw="1" slack="2147483647"/>
</pin_list>
<bind>
<StgValue><ssdm name=""/></StgValue>
</bind>
</comp>

<comp id="114" class="1001" name="const_114">
<pin_list>
<pin id="115" dir="1" index="0" bw="1" slack="2147483647"/>
</pin_list>
<bind>
<StgValue><ssdm name=""/></StgValue>
</bind>
</comp>

<comp id="116" class="1001" name="const_116">
<pin_list>
<pin id="117" dir="1" index="0" bw="1" slack="0"/>
</pin_list>
<bind>
<StgValue><ssdm name=""/></StgValue>
</bind>
</comp>

<comp id="118" class="1001" name="const_118">
<pin_list>
<pin id="119" dir="1" index="0" bw="1" slack="0"/>
</pin_list>
<bind>
<StgValue><ssdm name="Bytes2MultiPixStream_Pipeline_VITIS_LOOP_1450_1"/></StgValue>
</bind>
</comp>

<comp id="120" class="1001" name="const_120">
<pin_list>
<pin id="121" dir="1" index="0" bw="1" slack="2147483647"/>
</pin_list>
<bind>
<StgValue><ssdm name="_ssdm_op_SpecLoopName"/></StgValue>
</bind>
</comp>

<comp id="122" class="1001" name="const_122">
<pin_list>
<pin id="123" dir="1" index="0" bw="1" slack="2147483647"/>
</pin_list>
<bind>
<StgValue><ssdm name="empty_15"/></StgValue>
</bind>
</comp>

<comp id="124" class="1004" name="y_fu_124">
<pin_list>
<pin id="125" dir="0" index="0" bw="1" slack="0"/>
<pin id="126" dir="1" index="1" bw="11" slack="0"/>
</pin_list>
<bind>
<opcode="alloca(26) " fcode="alloca"/>
<opset="y/1 "/>
</bind>
</comp>

<comp id="128" class="1004" name="VideoFormat_val_read_read_fu_128">
<pin_list>
<pin id="129" dir="0" index="0" bw="6" slack="0"/>
<pin id="130" dir="0" index="1" bw="6" slack="0"/>
<pin id="131" dir="1" index="2" bw="6" slack="0"/>
</pin_list>
<bind>
<opcode="read(1150) " fcode="read"/>
<opset="VideoFormat_val_read/1 "/>
</bind>
</comp>

<comp id="134" class="1004" name="WidthInBytes_val_read_read_fu_134">
<pin_list>
<pin id="135" dir="0" index="0" bw="14" slack="0"/>
<pin id="136" dir="0" index="1" bw="14" slack="0"/>
<pin id="137" dir="1" index="2" bw="14" slack="0"/>
</pin_list>
<bind>
<opcode="read(1150) " fcode="read"/>
<opset="WidthInBytes_val_read/1 "/>
</bind>
</comp>

<comp id="140" class="1004" name="Height_val_read_read_fu_140">
<pin_list>
<pin id="141" dir="0" index="0" bw="11" slack="0"/>
<pin id="142" dir="0" index="1" bw="11" slack="0"/>
<pin id="143" dir="1" index="2" bw="11" slack="1"/>
</pin_list>
<bind>
<opcode="read(1150) " fcode="read"/>
<opset="Height_val_read/1 "/>
</bind>
</comp>

<comp id="146" class="1004" name="grp_Bytes2MultiPixStream_Pipeline_VITIS_LOOP_1450_1_fu_146">
<pin_list>
<pin id="147" dir="0" index="0" bw="0" slack="0"/>
<pin id="148" dir="0" index="1" bw="11" slack="1"/>
<pin id="149" dir="0" index="2" bw="64" slack="0"/>
<pin id="150" dir="0" index="3" bw="12" slack="1"/>
<pin id="151" dir="0" index="4" bw="24" slack="0"/>
<pin id="152" dir="0" index="5" bw="1" slack="1"/>
<pin id="153" dir="1" index="6" bw="0" slack="2147483647"/>
</pin_list>
<bind>
<opcode="call(48) " fcode="call"/>
<opset="call_ln1437/2 "/>
</bind>
</comp>

<comp id="157" class="1004" name="switch_ln689_fu_157">
<pin_list>
<pin id="158" dir="0" index="0" bw="6" slack="0"/>
<pin id="159" dir="0" index="1" bw="6" slack="0"/>
<pin id="160" dir="0" index="2" bw="6" slack="0"/>
<pin id="161" dir="0" index="3" bw="6" slack="0"/>
<pin id="162" dir="0" index="4" bw="6" slack="0"/>
<pin id="163" dir="0" index="5" bw="6" slack="0"/>
<pin id="164" dir="0" index="6" bw="6" slack="0"/>
<pin id="165" dir="0" index="7" bw="6" slack="0"/>
<pin id="166" dir="0" index="8" bw="6" slack="0"/>
<pin id="167" dir="0" index="9" bw="6" slack="0"/>
<pin id="168" dir="0" index="10" bw="6" slack="0"/>
<pin id="169" dir="0" index="11" bw="6" slack="0"/>
<pin id="170" dir="0" index="12" bw="6" slack="0"/>
<pin id="171" dir="0" index="13" bw="5" slack="0"/>
<pin id="172" dir="0" index="14" bw="6" slack="0"/>
<pin id="173" dir="0" index="15" bw="6" slack="0"/>
<pin id="174" dir="0" index="16" bw="6" slack="0"/>
<pin id="175" dir="0" index="17" bw="6" slack="0"/>
<pin id="176" dir="0" index="18" bw="6" slack="0"/>
<pin id="177" dir="0" index="19" bw="6" slack="0"/>
<pin id="178" dir="0" index="20" bw="6" slack="0"/>
<pin id="179" dir="0" index="21" bw="6" slack="0"/>
<pin id="180" dir="0" index="22" bw="5" slack="0"/>
<pin id="181" dir="0" index="23" bw="5" slack="0"/>
<pin id="182" dir="1" index="24" bw="0" slack="2147483647"/>
</pin_list>
<bind>
<opcode="switch(3) " fcode="switch"/>
<opset="switch_ln689/1 "/>
</bind>
</comp>

<comp id="207" class="1004" name="add_ln1437_fu_207">
<pin_list>
<pin id="208" dir="0" index="0" bw="14" slack="0"/>
<pin id="209" dir="0" index="1" bw="4" slack="0"/>
<pin id="210" dir="1" index="2" bw="14" slack="0"/>
</pin_list>
<bind>
<opcode="add(8) " fcode="add"/>
<opset="add_ln1437/1 "/>
</bind>
</comp>

<comp id="213" class="1004" name="trunc_ln1437_1_fu_213">
<pin_list>
<pin id="214" dir="0" index="0" bw="11" slack="0"/>
<pin id="215" dir="0" index="1" bw="14" slack="0"/>
<pin id="216" dir="0" index="2" bw="3" slack="0"/>
<pin id="217" dir="0" index="3" bw="5" slack="0"/>
<pin id="218" dir="1" index="4" bw="11" slack="0"/>
</pin_list>
<bind>
<opcode="partselect(1002) " fcode="partselect"/>
<opset="trunc_ln1437_1/1 "/>
</bind>
</comp>

<comp id="223" class="1004" name="zext_ln1437_fu_223">
<pin_list>
<pin id="224" dir="0" index="0" bw="11" slack="0"/>
<pin id="225" dir="1" index="1" bw="12" slack="0"/>
</pin_list>
<bind>
<opcode="zext(34) " fcode="zext"/>
<opset="zext_ln1437/1 "/>
</bind>
</comp>

<comp id="227" class="1004" name="tmp_7_fu_227">
<pin_list>
<pin id="228" dir="0" index="0" bw="1" slack="0"/>
<pin id="229" dir="0" index="1" bw="14" slack="0"/>
<pin id="230" dir="0" index="2" bw="3" slack="0"/>
<pin id="231" dir="1" index="3" bw="1" slack="0"/>
</pin_list>
<bind>
<opcode="bitselect(1000) " fcode="bitselect"/>
<opset="tmp_7/1 "/>
</bind>
</comp>

<comp id="235" class="1004" name="xor_ln1440_fu_235">
<pin_list>
<pin id="236" dir="0" index="0" bw="1" slack="0"/>
<pin id="237" dir="0" index="1" bw="1" slack="0"/>
<pin id="238" dir="1" index="2" bw="1" slack="1"/>
</pin_list>
<bind>
<opcode="xor(25) " fcode="xor"/>
<opset="xor_ln1440/1 "/>
</bind>
</comp>

<comp id="241" class="1004" name="add_ln1467_fu_241">
<pin_list>
<pin id="242" dir="0" index="0" bw="11" slack="0"/>
<pin id="243" dir="0" index="1" bw="1" slack="0"/>
<pin id="244" dir="1" index="2" bw="12" slack="1"/>
</pin_list>
<bind>
<opcode="add(8) " fcode="add"/>
<opset="add_ln1467/1 "/>
</bind>
</comp>

<comp id="247" class="1004" name="store_ln1443_store_fu_247">
<pin_list>
<pin id="248" dir="0" index="0" bw="1" slack="0"/>
<pin id="249" dir="0" index="1" bw="11" slack="0"/>
<pin id="250" dir="1" index="2" bw="0" slack="2147483647"/>
</pin_list>
<bind>
<opcode="store(28) " fcode="store"/>
<opset="store_ln1443/1 "/>
</bind>
</comp>

<comp id="252" class="1004" name="y_1_load_fu_252">
<pin_list>
<pin id="253" dir="0" index="0" bw="11" slack="1"/>
<pin id="254" dir="1" index="1" bw="11" slack="0"/>
</pin_list>
<bind>
<opcode="load(27) " fcode="load"/>
<opset="y_1/2 "/>
</bind>
</comp>

<comp id="255" class="1004" name="icmp_ln1443_fu_255">
<pin_list>
<pin id="256" dir="0" index="0" bw="11" slack="0"/>
<pin id="257" dir="0" index="1" bw="11" slack="1"/>
<pin id="258" dir="1" index="2" bw="1" slack="2147483647"/>
</pin_list>
<bind>
<opcode="icmp(45) " fcode="icmp"/>
<opset="icmp_ln1443/2 "/>
</bind>
</comp>

<comp id="260" class="1004" name="y_2_fu_260">
<pin_list>
<pin id="261" dir="0" index="0" bw="11" slack="0"/>
<pin id="262" dir="0" index="1" bw="1" slack="0"/>
<pin id="263" dir="1" index="2" bw="11" slack="2"/>
</pin_list>
<bind>
<opcode="add(8) " fcode="add"/>
<opset="y_2/2 "/>
</bind>
</comp>

<comp id="266" class="1004" name="store_ln1443_store_fu_266">
<pin_list>
<pin id="267" dir="0" index="0" bw="11" slack="2"/>
<pin id="268" dir="0" index="1" bw="11" slack="3"/>
<pin id="269" dir="1" index="2" bw="0" slack="2147483647"/>
</pin_list>
<bind>
<opcode="store(28) " fcode="store"/>
<opset="store_ln1443/4 "/>
</bind>
</comp>

<comp id="270" class="1005" name="VideoFormat_val_read_reg_270">
<pin_list>
<pin id="271" dir="0" index="0" bw="6" slack="1"/>
<pin id="272" dir="1" index="1" bw="6" slack="2147483647"/>
</pin_list>
<bind>
<opset="VideoFormat_val_read "/>
</bind>
</comp>

<comp id="274" class="1005" name="Height_val_read_reg_274">
<pin_list>
<pin id="275" dir="0" index="0" bw="11" slack="1"/>
<pin id="276" dir="1" index="1" bw="11" slack="1"/>
</pin_list>
<bind>
<opset="Height_val_read "/>
</bind>
</comp>

<comp id="279" class="1005" name="y_reg_279">
<pin_list>
<pin id="280" dir="0" index="0" bw="11" slack="0"/>
<pin id="281" dir="1" index="1" bw="11" slack="0"/>
</pin_list>
<bind>
<opset="y "/>
</bind>
</comp>

<comp id="286" class="1005" name="trunc_ln1437_1_reg_286">
<pin_list>
<pin id="287" dir="0" index="0" bw="11" slack="1"/>
<pin id="288" dir="1" index="1" bw="11" slack="1"/>
</pin_list>
<bind>
<opset="trunc_ln1437_1 "/>
</bind>
</comp>

<comp id="291" class="1005" name="xor_ln1440_reg_291">
<pin_list>
<pin id="292" dir="0" index="0" bw="1" slack="1"/>
<pin id="293" dir="1" index="1" bw="1" slack="1"/>
</pin_list>
<bind>
<opset="xor_ln1440 "/>
</bind>
</comp>

<comp id="296" class="1005" name="add_ln1467_reg_296">
<pin_list>
<pin id="297" dir="0" index="0" bw="12" slack="1"/>
<pin id="298" dir="1" index="1" bw="12" slack="1"/>
</pin_list>
<bind>
<opset="add_ln1467 "/>
</bind>
</comp>

<comp id="304" class="1005" name="y_2_reg_304">
<pin_list>
<pin id="305" dir="0" index="0" bw="11" slack="2"/>
<pin id="306" dir="1" index="1" bw="11" slack="2"/>
</pin_list>
<bind>
<opset="y_2 "/>
</bind>
</comp>

</comp_list>

<net_list>
<net id="127"><net_src comp="90" pin="0"/><net_sink comp="124" pin=0"/></net>

<net id="132"><net_src comp="16" pin="0"/><net_sink comp="128" pin=0"/></net>

<net id="133"><net_src comp="8" pin="0"/><net_sink comp="128" pin=1"/></net>

<net id="138"><net_src comp="18" pin="0"/><net_sink comp="134" pin=0"/></net>

<net id="139"><net_src comp="6" pin="0"/><net_sink comp="134" pin=1"/></net>

<net id="144"><net_src comp="20" pin="0"/><net_sink comp="140" pin=0"/></net>

<net id="145"><net_src comp="4" pin="0"/><net_sink comp="140" pin=1"/></net>

<net id="154"><net_src comp="118" pin="0"/><net_sink comp="146" pin=0"/></net>

<net id="155"><net_src comp="0" pin="0"/><net_sink comp="146" pin=2"/></net>

<net id="156"><net_src comp="2" pin="0"/><net_sink comp="146" pin=4"/></net>

<net id="183"><net_src comp="128" pin="2"/><net_sink comp="157" pin=0"/></net>

<net id="184"><net_src comp="44" pin="0"/><net_sink comp="157" pin=1"/></net>

<net id="185"><net_src comp="46" pin="0"/><net_sink comp="157" pin=2"/></net>

<net id="186"><net_src comp="48" pin="0"/><net_sink comp="157" pin=3"/></net>

<net id="187"><net_src comp="50" pin="0"/><net_sink comp="157" pin=4"/></net>

<net id="188"><net_src comp="52" pin="0"/><net_sink comp="157" pin=5"/></net>

<net id="189"><net_src comp="54" pin="0"/><net_sink comp="157" pin=6"/></net>

<net id="190"><net_src comp="56" pin="0"/><net_sink comp="157" pin=7"/></net>

<net id="191"><net_src comp="58" pin="0"/><net_sink comp="157" pin=8"/></net>

<net id="192"><net_src comp="60" pin="0"/><net_sink comp="157" pin=9"/></net>

<net id="193"><net_src comp="62" pin="0"/><net_sink comp="157" pin=10"/></net>

<net id="194"><net_src comp="64" pin="0"/><net_sink comp="157" pin=11"/></net>

<net id="195"><net_src comp="66" pin="0"/><net_sink comp="157" pin=12"/></net>

<net id="196"><net_src comp="68" pin="0"/><net_sink comp="157" pin=13"/></net>

<net id="197"><net_src comp="70" pin="0"/><net_sink comp="157" pin=14"/></net>

<net id="198"><net_src comp="72" pin="0"/><net_sink comp="157" pin=15"/></net>

<net id="199"><net_src comp="74" pin="0"/><net_sink comp="157" pin=16"/></net>

<net id="200"><net_src comp="76" pin="0"/><net_sink comp="157" pin=17"/></net>

<net id="201"><net_src comp="78" pin="0"/><net_sink comp="157" pin=18"/></net>

<net id="202"><net_src comp="80" pin="0"/><net_sink comp="157" pin=19"/></net>

<net id="203"><net_src comp="82" pin="0"/><net_sink comp="157" pin=20"/></net>

<net id="204"><net_src comp="84" pin="0"/><net_sink comp="157" pin=21"/></net>

<net id="205"><net_src comp="86" pin="0"/><net_sink comp="157" pin=22"/></net>

<net id="206"><net_src comp="88" pin="0"/><net_sink comp="157" pin=23"/></net>

<net id="211"><net_src comp="134" pin="2"/><net_sink comp="207" pin=0"/></net>

<net id="212"><net_src comp="92" pin="0"/><net_sink comp="207" pin=1"/></net>

<net id="219"><net_src comp="94" pin="0"/><net_sink comp="213" pin=0"/></net>

<net id="220"><net_src comp="207" pin="2"/><net_sink comp="213" pin=1"/></net>

<net id="221"><net_src comp="96" pin="0"/><net_sink comp="213" pin=2"/></net>

<net id="222"><net_src comp="98" pin="0"/><net_sink comp="213" pin=3"/></net>

<net id="226"><net_src comp="213" pin="4"/><net_sink comp="223" pin=0"/></net>

<net id="232"><net_src comp="100" pin="0"/><net_sink comp="227" pin=0"/></net>

<net id="233"><net_src comp="134" pin="2"/><net_sink comp="227" pin=1"/></net>

<net id="234"><net_src comp="102" pin="0"/><net_sink comp="227" pin=2"/></net>

<net id="239"><net_src comp="227" pin="3"/><net_sink comp="235" pin=0"/></net>

<net id="240"><net_src comp="12" pin="0"/><net_sink comp="235" pin=1"/></net>

<net id="245"><net_src comp="223" pin="1"/><net_sink comp="241" pin=0"/></net>

<net id="246"><net_src comp="104" pin="0"/><net_sink comp="241" pin=1"/></net>

<net id="251"><net_src comp="106" pin="0"/><net_sink comp="247" pin=0"/></net>

<net id="259"><net_src comp="252" pin="1"/><net_sink comp="255" pin=0"/></net>

<net id="264"><net_src comp="252" pin="1"/><net_sink comp="260" pin=0"/></net>

<net id="265"><net_src comp="116" pin="0"/><net_sink comp="260" pin=1"/></net>

<net id="273"><net_src comp="128" pin="2"/><net_sink comp="270" pin=0"/></net>

<net id="277"><net_src comp="140" pin="2"/><net_sink comp="274" pin=0"/></net>

<net id="278"><net_src comp="274" pin="1"/><net_sink comp="255" pin=1"/></net>

<net id="282"><net_src comp="124" pin="1"/><net_sink comp="279" pin=0"/></net>

<net id="283"><net_src comp="279" pin="1"/><net_sink comp="247" pin=1"/></net>

<net id="284"><net_src comp="279" pin="1"/><net_sink comp="252" pin=0"/></net>

<net id="285"><net_src comp="279" pin="1"/><net_sink comp="266" pin=1"/></net>

<net id="289"><net_src comp="213" pin="4"/><net_sink comp="286" pin=0"/></net>

<net id="290"><net_src comp="286" pin="1"/><net_sink comp="146" pin=1"/></net>

<net id="294"><net_src comp="235" pin="2"/><net_sink comp="291" pin=0"/></net>

<net id="295"><net_src comp="291" pin="1"/><net_sink comp="146" pin=5"/></net>

<net id="299"><net_src comp="241" pin="2"/><net_sink comp="296" pin=0"/></net>

<net id="300"><net_src comp="296" pin="1"/><net_sink comp="146" pin=3"/></net>

<net id="307"><net_src comp="260" pin="2"/><net_sink comp="304" pin=0"/></net>

<net id="308"><net_src comp="304" pin="1"/><net_sink comp="266" pin=0"/></net>

</net_list>

</model> 
---------------- Datapath Model END ------------------

* FSMD analyzer results:
  - Output states:
	Port: img | {2 3 }
 - Input state : 
	Port: Bytes2MultiPixStream : bytePlanes | {2 3 }
	Port: Bytes2MultiPixStream : Height_val | {1 }
	Port: Bytes2MultiPixStream : WidthInBytes_val | {1 }
	Port: Bytes2MultiPixStream : VideoFormat_val | {1 }
  - Chain level:
	State 1
		trunc_ln1437_1 : 1
		zext_ln1437 : 2
		xor_ln1440 : 1
		add_ln1467 : 3
		store_ln1443 : 1
	State 2
		icmp_ln1443 : 1
		y_2 : 1
		br_ln1443 : 2
	State 3
	State 4


============================================================
+ Verbose Summary: Datapath Resource usage 
============================================================

* Functional unit list:
|----------|------------------------------------------------------------|---------|---------|---------|
| Operation|                       Functional Unit                      |  Delay  |    FF   |   LUT   |
|----------|------------------------------------------------------------|---------|---------|---------|
|   call   | grp_Bytes2MultiPixStream_Pipeline_VITIS_LOOP_1450_1_fu_146 |  1.298  |    37   |    44   |
|----------|------------------------------------------------------------|---------|---------|---------|
|          |                      add_ln1437_fu_207                     |    0    |    0    |    14   |
|    add   |                      add_ln1467_fu_241                     |    0    |    0    |    11   |
|          |                         y_2_fu_260                         |    0    |    0    |    11   |
|----------|------------------------------------------------------------|---------|---------|---------|
|   icmp   |                     icmp_ln1443_fu_255                     |    0    |    0    |    11   |
|----------|------------------------------------------------------------|---------|---------|---------|
|    xor   |                      xor_ln1440_fu_235                     |    0    |    0    |    1    |
|----------|------------------------------------------------------------|---------|---------|---------|
|          |              VideoFormat_val_read_read_fu_128              |    0    |    0    |    0    |
|   read   |              WidthInBytes_val_read_read_fu_134             |    0    |    0    |    0    |
|          |                 Height_val_read_read_fu_140                |    0    |    0    |    0    |
|----------|------------------------------------------------------------|---------|---------|---------|
|  switch  |                     switch_ln689_fu_157                    |    0    |    0    |    0    |
|----------|------------------------------------------------------------|---------|---------|---------|
|partselect|                    trunc_ln1437_1_fu_213                   |    0    |    0    |    0    |
|----------|------------------------------------------------------------|---------|---------|---------|
|   zext   |                     zext_ln1437_fu_223                     |    0    |    0    |    0    |
|----------|------------------------------------------------------------|---------|---------|---------|
| bitselect|                        tmp_7_fu_227                        |    0    |    0    |    0    |
|----------|------------------------------------------------------------|---------|---------|---------|
|   Total  |                                                            |  1.298  |    37   |    92   |
|----------|------------------------------------------------------------|---------|---------|---------|

Memories:
N/A

* Register list:
+----------------------------+--------+
|                            |   FF   |
+----------------------------+--------+
|   Height_val_read_reg_274  |   11   |
|VideoFormat_val_read_reg_270|    6   |
|     add_ln1467_reg_296     |   12   |
|   trunc_ln1437_1_reg_286   |   11   |
|     xor_ln1440_reg_291     |    1   |
|         y_2_reg_304        |   11   |
|          y_reg_279         |   11   |
+----------------------------+--------+
|            Total           |   63   |
+----------------------------+--------+

* Multiplexer (MUX) list: 
|--------|------|------|------|--------|
|  Comp  |  Pin | Size |  BW  | S x BW |
|--------|------|------|------|--------|
|  Total |      |      |      |    0   |
|--------|------|------|------|--------|



* Summary:
+-----------+--------+--------+--------+
|           |  Delay |   FF   |   LUT  |
+-----------+--------+--------+--------+
|  Function |    1   |   37   |   92   |
|   Memory  |    -   |    -   |    -   |
|Multiplexer|    -   |    -   |    -   |
|  Register |    -   |   63   |    -   |
+-----------+--------+--------+--------+
|   Total   |    1   |   100  |   92   |
+-----------+--------+--------+--------+
