

================================================================
== Vitis HLS Report for 'v_frmbuf_rd'
================================================================
* Date:           Thu Mar  5 14:47:30 2026

* Version:        2025.2 (Build 6295257 on Nov 14 2025)
* Project:        prj
* Solution:       sol (Vivado IP Flow Target)
* Product family: zynq
* Target device:  xc7z020-clg400-2


================================================================
== Performance Estimates
================================================================
+ Timing: 
    * Summary: 
    +--------+---------+----------+------------+
    |  Clock |  Target | Estimated| Uncertainty|
    +--------+---------+----------+------------+
    |ap_clk  |  6.67 ns|  4.867 ns|     1.80 ns|
    +--------+---------+----------+------------+

+ Latency: 
    * Summary: 
    +---------+---------+-----------+-----------+------+---------+---------+
    |  Latency (cycles) |   Latency (absolute)  |    Interval    | Pipeline|
    |   min   |   max   |    min    |    max    |  min |   max   |   Type  |
    +---------+---------+-----------+-----------+------+---------+---------+
    |     7174|  3115916|  47.829 us|  20.774 ms|  7175|  3115917|       no|
    +---------+---------+-----------+-----------+------+---------+---------+

    + Detail: 
        * Instance: 
        +--------------------------------+---------------------+---------+---------+-----------+-----------+------+---------+----------+
        |                                |                     |  Latency (cycles) |   Latency (absolute)  |    Interval    | Pipeline |
        |            Instance            |        Module       |   min   |   max   |    min    |    max    |  min |   max   |   Type   |
        +--------------------------------+---------------------+---------+---------+-----------+-----------+------+---------+----------+
        |grp_FrmbufRdHlsDataFlow_fu_166  |FrmbufRdHlsDataFlow  |     7169|  3115911|  47.796 us|  20.774 ms|  7170|  3115802|  dataflow|
        +--------------------------------+---------------------+---------+---------+-----------+-----------+------+---------+----------+

        * Loop: 
        N/A

============================================================
+ Verbose Summary: Synthesis Manager
============================================================
InlineROM: 1
ExposeGlobal: 0
============================================================
+ Verbose Summary: CDFG Model
============================================================
IsTopModel: 1
ResetActiveHigh: 1
IsCombinational: 0
IsDatapathOnly: 0
HasWiredReturn: 1
HasMFsm: 0
HasVarLatency: 1
IsPipeline: 0
IsRtlPipelined: 0
IsInstanceOverlapped: 0
IsDontTouch: 0
HasImplIP: 0
IsGatedGlobalClock: 0


============================================================
+ Verbose Summary: Schedule
============================================================
* Number of FSM states : 6
* Pipeline : 0
* Dataflow Pipeline: 0

* FSM state transitions: 
1 --> 2 
2 --> 3 
3 --> 4 
4 --> 5 
5 --> 6 
6 --> 

* FSM state operations: 

State 1 <SV = 0> <Delay = 2.75>
ST_1 : Operation 7 [1/1] (1.00ns)   --->   "%frm_buffer_read = read i32 @_ssdm_op_Read.s_axilite.i32, i32 %frm_buffer" [prj/sol/.autopilot/db/v_frmbuf_rd.cpp:135]   --->   Operation 7 'read' 'frm_buffer_read' <Predicate = true> <Delay = 1.00> <CoreInst = "s_axilite">   --->   Core 112 's_axilite' <Latency = 0> <II = 1> <Delay = 1.00> <Adapter> <Opcode : 'read' 'write'>
ST_1 : Operation 8 [1/1] (1.00ns)   --->   "%video_format_read = read i16 @_ssdm_op_Read.s_axilite.i16, i16 %video_format" [prj/sol/.autopilot/db/v_frmbuf_rd.cpp:135]   --->   Operation 8 'read' 'video_format_read' <Predicate = true> <Delay = 1.00> <CoreInst = "s_axilite">   --->   Core 112 's_axilite' <Latency = 0> <II = 1> <Delay = 1.00> <Adapter> <Opcode : 'read' 'write'>
ST_1 : Operation 9 [1/1] (1.00ns)   --->   "%stride_read = read i16 @_ssdm_op_Read.s_axilite.i16, i16 %stride" [prj/sol/.autopilot/db/v_frmbuf_rd.cpp:135]   --->   Operation 9 'read' 'stride_read' <Predicate = true> <Delay = 1.00> <CoreInst = "s_axilite">   --->   Core 112 's_axilite' <Latency = 0> <II = 1> <Delay = 1.00> <Adapter> <Opcode : 'read' 'write'>
ST_1 : Operation 10 [1/1] (1.00ns)   --->   "%height_read = read i16 @_ssdm_op_Read.s_axilite.i16, i16 %height" [prj/sol/.autopilot/db/v_frmbuf_rd.cpp:135]   --->   Operation 10 'read' 'height_read' <Predicate = true> <Delay = 1.00> <CoreInst = "s_axilite">   --->   Core 112 's_axilite' <Latency = 0> <II = 1> <Delay = 1.00> <Adapter> <Opcode : 'read' 'write'>
ST_1 : Operation 11 [1/1] (1.00ns)   --->   "%width_read = read i16 @_ssdm_op_Read.s_axilite.i16, i16 %width" [prj/sol/.autopilot/db/v_frmbuf_rd.cpp:135]   --->   Operation 11 'read' 'width_read' <Predicate = true> <Delay = 1.00> <CoreInst = "s_axilite">   --->   Core 112 's_axilite' <Latency = 0> <II = 1> <Delay = 1.00> <Adapter> <Opcode : 'read' 'write'>
ST_1 : Operation 12 [1/1] (0.00ns)   --->   "%trunc_ln135 = trunc i16 %width_read" [prj/sol/.autopilot/db/v_frmbuf_rd.cpp:135]   --->   Operation 12 'trunc' 'trunc_ln135' <Predicate = true> <Delay = 0.00>
ST_1 : Operation 13 [1/1] (0.00ns)   --->   "%trunc_ln135_1 = trunc i16 %video_format_read" [prj/sol/.autopilot/db/v_frmbuf_rd.cpp:135]   --->   Operation 13 'trunc' 'trunc_ln135_1' <Predicate = true> <Delay = 0.00>
ST_1 : Operation 14 [1/1] (0.00ns)   --->   "%trunc_ln135_2 = trunc i16 %width_read" [prj/sol/.autopilot/db/v_frmbuf_rd.cpp:135]   --->   Operation 14 'trunc' 'trunc_ln135_2' <Predicate = true> <Delay = 0.00>
ST_1 : Operation 15 [1/1] (0.00ns)   --->   "%trunc_ln135_3 = trunc i16 %height_read" [prj/sol/.autopilot/db/v_frmbuf_rd.cpp:135]   --->   Operation 15 'trunc' 'trunc_ln135_3' <Predicate = true> <Delay = 0.00>
ST_1 : Operation 16 [1/1] (0.00ns)   --->   "%zext_ln255 = zext i16 %video_format_read" [prj/sol/.autopilot/db/v_frmbuf_rd.cpp:255]   --->   Operation 16 'zext' 'zext_ln255' <Predicate = true> <Delay = 0.00>
ST_1 : Operation 17 [1/1] (0.00ns)   --->   "%BYTES_PER_PIXEL_addr = getelementptr i3 %BYTES_PER_PIXEL, i32 0, i32 %zext_ln255" [prj/sol/.autopilot/db/v_frmbuf_rd.cpp:255]   --->   Operation 17 'getelementptr' 'BYTES_PER_PIXEL_addr' <Predicate = true> <Delay = 0.00>
ST_1 : Operation 18 [2/2] (1.75ns)   --->   "%BYTES_PER_PIXEL_load = load i6 %BYTES_PER_PIXEL_addr" [prj/sol/.autopilot/db/v_frmbuf_rd.cpp:255]   --->   Operation 18 'load' 'BYTES_PER_PIXEL_load' <Predicate = true> <Delay = 1.75> <CoreInst = "ROM">   --->   Core 94 'ROM' <Latency = 1> <II = 1> <Delay = 1.75> <Storage> <Opcode : 'load'> <Ports = 0> <Width = 3> <Depth = 45> <ROM>
ST_1 : Operation 19 [1/1] (0.00ns)   --->   "%MEMORY2LIVE_addr = getelementptr i3 %MEMORY2LIVE, i32 0, i32 %zext_ln255" [prj/sol/.autopilot/db/v_frmbuf_rd.cpp:258]   --->   Operation 19 'getelementptr' 'MEMORY2LIVE_addr' <Predicate = true> <Delay = 0.00>
ST_1 : Operation 20 [2/2] (1.75ns)   --->   "%colorFormat = load i6 %MEMORY2LIVE_addr" [prj/sol/.autopilot/db/v_frmbuf_rd.cpp:258]   --->   Operation 20 'load' 'colorFormat' <Predicate = true> <Delay = 1.75> <CoreInst = "ROM">   --->   Core 94 'ROM' <Latency = 1> <II = 1> <Delay = 1.75> <Storage> <Opcode : 'load'> <Ports = 0> <Width = 3> <Depth = 45> <ROM>

State 2 <SV = 1> <Delay = 1.75>
ST_2 : Operation 21 [1/2] ( I:1.75ns O:1.75ns )   --->   "%BYTES_PER_PIXEL_load = load i6 %BYTES_PER_PIXEL_addr" [prj/sol/.autopilot/db/v_frmbuf_rd.cpp:255]   --->   Operation 21 'load' 'BYTES_PER_PIXEL_load' <Predicate = true> <Delay = 1.75> <CoreInst = "ROM">   --->   Core 94 'ROM' <Latency = 1> <II = 1> <Delay = 1.75> <Storage> <Opcode : 'load'> <Ports = 0> <Width = 3> <Depth = 45> <ROM>
ST_2 : Operation 22 [1/2] ( I:1.75ns O:1.75ns )   --->   "%colorFormat = load i6 %MEMORY2LIVE_addr" [prj/sol/.autopilot/db/v_frmbuf_rd.cpp:258]   --->   Operation 22 'load' 'colorFormat' <Predicate = true> <Delay = 1.75> <CoreInst = "ROM">   --->   Core 94 'ROM' <Latency = 1> <II = 1> <Delay = 1.75> <Storage> <Opcode : 'load'> <Ports = 0> <Width = 3> <Depth = 45> <ROM>

State 3 <SV = 2> <Delay = 4.64>
ST_3 : Operation 23 [1/1] (0.00ns)   --->   "%zext_ln255_1 = zext i3 %BYTES_PER_PIXEL_load" [prj/sol/.autopilot/db/v_frmbuf_rd.cpp:255]   --->   Operation 23 'zext' 'zext_ln255_1' <Predicate = true> <Delay = 0.00>
ST_3 : Operation 24 [1/1] (4.64ns)   --->   "%WidthInBytes = mul i14 %trunc_ln135, i14 %zext_ln255_1" [prj/sol/.autopilot/db/v_frmbuf_rd.cpp:255]   --->   Operation 24 'mul' 'WidthInBytes' <Predicate = true> <Delay = 4.64> <CoreInst = "Multiplier">   --->   Core 3 'Multiplier' <Latency = 0> <II = 1> <Delay = 4.64> <FuncUnit> <Opcode : 'mul'> <InPorts = 2> <OutPorts = 1>

State 4 <SV = 3> <Delay = 3.74>
ST_4 : Operation 25 [2/2] (3.74ns)   --->   "%call_ln259 = call void @FrmbufRdHlsDataFlow, i24 %m_axis_video_V_data_V, i3 %m_axis_video_V_keep_V, i3 %m_axis_video_V_strb_V, i1 %m_axis_video_V_user_V, i1 %m_axis_video_V_last_V, i1 %m_axis_video_V_id_V, i1 %m_axis_video_V_dest_V, i64 %mm_video, i32 %frm_buffer_read, i11 %trunc_ln135_2, i11 %trunc_ln135_3, i16 %stride_read, i6 %trunc_ln135_1, i14 %WidthInBytes, i3 %colorFormat, i2 %mapComp" [prj/sol/.autopilot/db/v_frmbuf_rd.cpp:259]   --->   Operation 25 'call' 'call_ln259' <Predicate = true> <Delay = 3.74> <CoreType = "Generic">   --->   Generic Core

State 5 <SV = 4> <Delay = 0.00>
ST_5 : Operation 26 [1/2] (0.00ns)   --->   "%call_ln259 = call void @FrmbufRdHlsDataFlow, i24 %m_axis_video_V_data_V, i3 %m_axis_video_V_keep_V, i3 %m_axis_video_V_strb_V, i1 %m_axis_video_V_user_V, i1 %m_axis_video_V_last_V, i1 %m_axis_video_V_id_V, i1 %m_axis_video_V_dest_V, i64 %mm_video, i32 %frm_buffer_read, i11 %trunc_ln135_2, i11 %trunc_ln135_3, i16 %stride_read, i6 %trunc_ln135_1, i14 %WidthInBytes, i3 %colorFormat, i2 %mapComp" [prj/sol/.autopilot/db/v_frmbuf_rd.cpp:259]   --->   Operation 26 'call' 'call_ln259' <Predicate = true> <Delay = 0.00> <CoreType = "Generic">   --->   Generic Core

State 6 <SV = 5> <Delay = 0.00>
ST_6 : Operation 27 [1/1] (0.00ns)   --->   "%spectopmodule_ln135 = spectopmodule void @_ssdm_op_SpecTopModule, void @empty_19" [prj/sol/.autopilot/db/v_frmbuf_rd.cpp:135]   --->   Operation 27 'spectopmodule' 'spectopmodule_ln135' <Predicate = true> <Delay = 0.00>
ST_6 : Operation 28 [1/1] (0.00ns)   --->   "%specinterface_ln0 = specinterface void @_ssdm_op_SpecInterface, i64 %mm_video, void @empty_5, i32 0, i32 0, void @empty_4, i32 100, i32 2073600, void @empty_3, void @empty_2, void @empty_4, i32 4, i32 16, i32 16, i32 16, void @empty_4, void @empty_4, i32 4294967295, i32 0, i32 0, i32 8"   --->   Operation 28 'specinterface' 'specinterface_ln0' <Predicate = true> <Delay = 0.00>
ST_6 : Operation 29 [1/1] (0.00ns)   --->   "%specbitsmap_ln0 = specbitsmap void @_ssdm_op_SpecBitsMap, i64 %mm_video"   --->   Operation 29 'specbitsmap' 'specbitsmap_ln0' <Predicate = true> <Delay = 0.00>
ST_6 : Operation 30 [1/1] (0.00ns)   --->   "%specbitsmap_ln0 = specbitsmap void @_ssdm_op_SpecBitsMap, i16 %width"   --->   Operation 30 'specbitsmap' 'specbitsmap_ln0' <Predicate = true> <Delay = 0.00>
ST_6 : Operation 31 [1/1] (0.00ns)   --->   "%specinterface_ln0 = specinterface void @_ssdm_op_SpecInterface, i16 %width, void @empty_1, i32 4294967295, i32 4294967295, void @empty_4, i32 0, i32 0, void @empty_0, void @empty_8, void @empty_4, i32 0, i32 0, i32 0, i32 0, void @empty_4, void @empty_4, i32 4294967295, i32 0, i32 0, i32 0"   --->   Operation 31 'specinterface' 'specinterface_ln0' <Predicate = true> <Delay = 0.00>
ST_6 : Operation 32 [1/1] (0.00ns)   --->   "%specinterface_ln0 = specinterface void @_ssdm_op_SpecInterface, i16 %width, void @empty, i32 0, i32 0, void @empty_4, i32 0, i32 0, void @empty_4, void @empty_4, void @empty_4, i32 0, i32 0, i32 0, i32 0, void @empty_4, void @empty_4, i32 4294967295, i32 0, i32 0, i32 0"   --->   Operation 32 'specinterface' 'specinterface_ln0' <Predicate = true> <Delay = 0.00>
ST_6 : Operation 33 [1/1] (0.00ns)   --->   "%specbitsmap_ln0 = specbitsmap void @_ssdm_op_SpecBitsMap, i16 %height"   --->   Operation 33 'specbitsmap' 'specbitsmap_ln0' <Predicate = true> <Delay = 0.00>
ST_6 : Operation 34 [1/1] (0.00ns)   --->   "%specinterface_ln0 = specinterface void @_ssdm_op_SpecInterface, i16 %height, void @empty_1, i32 4294967295, i32 4294967295, void @empty_4, i32 0, i32 0, void @empty_0, void @empty_10, void @empty_4, i32 0, i32 0, i32 0, i32 0, void @empty_4, void @empty_4, i32 4294967295, i32 0, i32 0, i32 0"   --->   Operation 34 'specinterface' 'specinterface_ln0' <Predicate = true> <Delay = 0.00>
ST_6 : Operation 35 [1/1] (0.00ns)   --->   "%specinterface_ln0 = specinterface void @_ssdm_op_SpecInterface, i16 %height, void @empty, i32 0, i32 0, void @empty_4, i32 0, i32 0, void @empty_4, void @empty_4, void @empty_4, i32 0, i32 0, i32 0, i32 0, void @empty_4, void @empty_4, i32 4294967295, i32 0, i32 0, i32 0"   --->   Operation 35 'specinterface' 'specinterface_ln0' <Predicate = true> <Delay = 0.00>
ST_6 : Operation 36 [1/1] (0.00ns)   --->   "%specbitsmap_ln0 = specbitsmap void @_ssdm_op_SpecBitsMap, i16 %stride"   --->   Operation 36 'specbitsmap' 'specbitsmap_ln0' <Predicate = true> <Delay = 0.00>
ST_6 : Operation 37 [1/1] (0.00ns)   --->   "%specinterface_ln0 = specinterface void @_ssdm_op_SpecInterface, i16 %stride, void @empty_1, i32 4294967295, i32 4294967295, void @empty_4, i32 0, i32 0, void @empty_0, void @empty_11, void @empty_4, i32 0, i32 0, i32 0, i32 0, void @empty_4, void @empty_4, i32 4294967295, i32 0, i32 0, i32 0"   --->   Operation 37 'specinterface' 'specinterface_ln0' <Predicate = true> <Delay = 0.00>
ST_6 : Operation 38 [1/1] (0.00ns)   --->   "%specinterface_ln0 = specinterface void @_ssdm_op_SpecInterface, i16 %stride, void @empty, i32 0, i32 0, void @empty_4, i32 0, i32 0, void @empty_4, void @empty_4, void @empty_4, i32 0, i32 0, i32 0, i32 0, void @empty_4, void @empty_4, i32 4294967295, i32 0, i32 0, i32 0"   --->   Operation 38 'specinterface' 'specinterface_ln0' <Predicate = true> <Delay = 0.00>
ST_6 : Operation 39 [1/1] (0.00ns)   --->   "%specbitsmap_ln0 = specbitsmap void @_ssdm_op_SpecBitsMap, i16 %video_format"   --->   Operation 39 'specbitsmap' 'specbitsmap_ln0' <Predicate = true> <Delay = 0.00>
ST_6 : Operation 40 [1/1] (0.00ns)   --->   "%specinterface_ln0 = specinterface void @_ssdm_op_SpecInterface, i16 %video_format, void @empty_1, i32 4294967295, i32 4294967295, void @empty_4, i32 0, i32 0, void @empty_0, void @empty_12, void @empty_4, i32 0, i32 0, i32 0, i32 0, void @empty_4, void @empty_4, i32 4294967295, i32 0, i32 0, i32 0"   --->   Operation 40 'specinterface' 'specinterface_ln0' <Predicate = true> <Delay = 0.00>
ST_6 : Operation 41 [1/1] (0.00ns)   --->   "%specinterface_ln0 = specinterface void @_ssdm_op_SpecInterface, i16 %video_format, void @empty, i32 0, i32 0, void @empty_4, i32 0, i32 0, void @empty_4, void @empty_4, void @empty_4, i32 0, i32 0, i32 0, i32 0, void @empty_4, void @empty_4, i32 4294967295, i32 0, i32 0, i32 0"   --->   Operation 41 'specinterface' 'specinterface_ln0' <Predicate = true> <Delay = 0.00>
ST_6 : Operation 42 [1/1] (0.00ns)   --->   "%specinterface_ln0 = specinterface void @_ssdm_op_SpecInterface, i32 %frm_buffer, void @empty_1, i32 4294967295, i32 4294967295, void @empty_4, i32 0, i32 0, void @empty_0, void @empty_25, void @empty_4, i32 0, i32 0, i32 0, i32 0, void @empty_4, void @empty_22, i32 4294967295, i32 0, i32 0, i32 0"   --->   Operation 42 'specinterface' 'specinterface_ln0' <Predicate = true> <Delay = 0.00>
ST_6 : Operation 43 [1/1] (0.00ns)   --->   "%specinterface_ln0 = specinterface void @_ssdm_op_SpecInterface, i32 %frm_buffer, void @empty, i32 0, i32 0, void @empty_4, i32 0, i32 0, void @empty_4, void @empty_4, void @empty_4, i32 0, i32 0, i32 0, i32 0, void @empty_4, void @empty_22, i32 4294967295, i32 0, i32 0, i32 0"   --->   Operation 43 'specinterface' 'specinterface_ln0' <Predicate = true> <Delay = 0.00>
ST_6 : Operation 44 [1/1] (0.00ns)   --->   "%specinterface_ln0 = specinterface void @_ssdm_op_SpecInterface, i32 %frm_buffer2, void @empty_1, i32 4294967295, i32 4294967295, void @empty_4, i32 0, i32 0, void @empty_0, void @empty_23, void @empty_4, i32 0, i32 0, i32 0, i32 0, void @empty_4, void @empty_22, i32 4294967295, i32 0, i32 0, i32 0"   --->   Operation 44 'specinterface' 'specinterface_ln0' <Predicate = true> <Delay = 0.00>
ST_6 : Operation 45 [1/1] (0.00ns)   --->   "%specinterface_ln0 = specinterface void @_ssdm_op_SpecInterface, i32 %frm_buffer2, void @empty, i32 0, i32 0, void @empty_4, i32 0, i32 0, void @empty_4, void @empty_4, void @empty_4, i32 0, i32 0, i32 0, i32 0, void @empty_4, void @empty_22, i32 4294967295, i32 0, i32 0, i32 0"   --->   Operation 45 'specinterface' 'specinterface_ln0' <Predicate = true> <Delay = 0.00>
ST_6 : Operation 46 [1/1] (0.00ns)   --->   "%specinterface_ln0 = specinterface void @_ssdm_op_SpecInterface, i32 %frm_buffer3, void @empty_1, i32 4294967295, i32 4294967295, void @empty_4, i32 0, i32 0, void @empty_0, void @empty_24, void @empty_4, i32 0, i32 0, i32 0, i32 0, void @empty_4, void @empty_22, i32 4294967295, i32 0, i32 0, i32 0"   --->   Operation 46 'specinterface' 'specinterface_ln0' <Predicate = true> <Delay = 0.00>
ST_6 : Operation 47 [1/1] (0.00ns)   --->   "%specinterface_ln0 = specinterface void @_ssdm_op_SpecInterface, i32 %frm_buffer3, void @empty, i32 0, i32 0, void @empty_4, i32 0, i32 0, void @empty_4, void @empty_4, void @empty_4, i32 0, i32 0, i32 0, i32 0, void @empty_4, void @empty_22, i32 4294967295, i32 0, i32 0, i32 0"   --->   Operation 47 'specinterface' 'specinterface_ln0' <Predicate = true> <Delay = 0.00>
ST_6 : Operation 48 [1/1] (0.00ns)   --->   "%specinterface_ln0 = specinterface void @_ssdm_op_SpecInterface, i24 %m_axis_video_V_data_V, i3 %m_axis_video_V_keep_V, i3 %m_axis_video_V_strb_V, i1 %m_axis_video_V_user_V, i1 %m_axis_video_V_last_V, i1 %m_axis_video_V_id_V, i1 %m_axis_video_V_dest_V, void @empty_16, i32 1, i32 1, void @empty_6, i32 0, i32 0, void @empty_4, void @empty_4, void @empty_4, i32 0, i32 0, i32 0, i32 0, void @empty_4, void @empty_4, i32 4294967295, i32 0, i32 0, i32 0"   --->   Operation 48 'specinterface' 'specinterface_ln0' <Predicate = true> <Delay = 0.00>
ST_6 : Operation 49 [1/1] (0.00ns)   --->   "%specbitsmap_ln0 = specbitsmap void @_ssdm_op_SpecBitsMap, i24 %m_axis_video_V_data_V"   --->   Operation 49 'specbitsmap' 'specbitsmap_ln0' <Predicate = true> <Delay = 0.00>
ST_6 : Operation 50 [1/1] (0.00ns)   --->   "%specbitsmap_ln0 = specbitsmap void @_ssdm_op_SpecBitsMap, i3 %m_axis_video_V_keep_V"   --->   Operation 50 'specbitsmap' 'specbitsmap_ln0' <Predicate = true> <Delay = 0.00>
ST_6 : Operation 51 [1/1] (0.00ns)   --->   "%specbitsmap_ln0 = specbitsmap void @_ssdm_op_SpecBitsMap, i3 %m_axis_video_V_strb_V"   --->   Operation 51 'specbitsmap' 'specbitsmap_ln0' <Predicate = true> <Delay = 0.00>
ST_6 : Operation 52 [1/1] (0.00ns)   --->   "%specbitsmap_ln0 = specbitsmap void @_ssdm_op_SpecBitsMap, i1 %m_axis_video_V_user_V"   --->   Operation 52 'specbitsmap' 'specbitsmap_ln0' <Predicate = true> <Delay = 0.00>
ST_6 : Operation 53 [1/1] (0.00ns)   --->   "%specbitsmap_ln0 = specbitsmap void @_ssdm_op_SpecBitsMap, i1 %m_axis_video_V_last_V"   --->   Operation 53 'specbitsmap' 'specbitsmap_ln0' <Predicate = true> <Delay = 0.00>
ST_6 : Operation 54 [1/1] (0.00ns)   --->   "%specbitsmap_ln0 = specbitsmap void @_ssdm_op_SpecBitsMap, i1 %m_axis_video_V_id_V"   --->   Operation 54 'specbitsmap' 'specbitsmap_ln0' <Predicate = true> <Delay = 0.00>
ST_6 : Operation 55 [1/1] (0.00ns)   --->   "%specbitsmap_ln0 = specbitsmap void @_ssdm_op_SpecBitsMap, i1 %m_axis_video_V_dest_V"   --->   Operation 55 'specbitsmap' 'specbitsmap_ln0' <Predicate = true> <Delay = 0.00>
ST_6 : Operation 56 [1/1] (0.00ns)   --->   "%specinterface_ln0 = specinterface void @_ssdm_op_SpecInterface, i32 0, void @empty_1, i32 0, i32 0, void @empty_4, i32 0, i32 0, void @empty_0, void @empty_4, void @empty_4, i32 0, i32 0, i32 0, i32 0, void @empty_4, void @empty_4, i32 0, i32 0, i32 0, i32 0"   --->   Operation 56 'specinterface' 'specinterface_ln0' <Predicate = true> <Delay = 0.00>
ST_6 : Operation 57 [1/1] (0.00ns)   --->   "%specstablecontent_ln163 = specstablecontent void @_ssdm_op_SpecStableContent, i16 %width, i1 1, void " [prj/sol/.autopilot/db/v_frmbuf_rd.cpp:163]   --->   Operation 57 'specstablecontent' 'specstablecontent_ln163' <Predicate = true> <Delay = 0.00>
ST_6 : Operation 58 [1/1] (0.00ns)   --->   "%specstablecontent_ln164 = specstablecontent void @_ssdm_op_SpecStableContent, i16 %height, i1 1, void " [prj/sol/.autopilot/db/v_frmbuf_rd.cpp:164]   --->   Operation 58 'specstablecontent' 'specstablecontent_ln164' <Predicate = true> <Delay = 0.00>
ST_6 : Operation 59 [1/1] (0.00ns)   --->   "%specstablecontent_ln165 = specstablecontent void @_ssdm_op_SpecStableContent, i16 %stride, i1 1, void " [prj/sol/.autopilot/db/v_frmbuf_rd.cpp:165]   --->   Operation 59 'specstablecontent' 'specstablecontent_ln165' <Predicate = true> <Delay = 0.00>
ST_6 : Operation 60 [1/1] (0.00ns)   --->   "%specstablecontent_ln166 = specstablecontent void @_ssdm_op_SpecStableContent, i16 %video_format, i1 1, void " [prj/sol/.autopilot/db/v_frmbuf_rd.cpp:166]   --->   Operation 60 'specstablecontent' 'specstablecontent_ln166' <Predicate = true> <Delay = 0.00>
ST_6 : Operation 61 [1/1] (0.00ns)   --->   "%specaxissidechannel_ln291 = specaxissidechannel void @_ssdm_op_SpecAXISSideChannel, i24 %m_axis_video_V_data_V, i3 %m_axis_video_V_keep_V, i3 %m_axis_video_V_strb_V, i1 %m_axis_video_V_user_V, i1 %m_axis_video_V_last_V, i1 %m_axis_video_V_id_V, i1 %m_axis_video_V_dest_V, void @empty_7" [prj/sol/.autopilot/db/v_frmbuf_rd.cpp:291]   --->   Operation 61 'specaxissidechannel' 'specaxissidechannel_ln291' <Predicate = true> <Delay = 0.00>
ST_6 : Operation 62 [1/1] (0.00ns)   --->   "%ret_ln291 = ret" [prj/sol/.autopilot/db/v_frmbuf_rd.cpp:291]   --->   Operation 62 'ret' 'ret_ln291' <Predicate = true> <Delay = 0.00>


============================================================
+ Verbose Summary: Binding
============================================================
STG Binding: 
---------------- STG Properties BEGIN ----------------
- Is combinational: 0
- Is one-state seq: 0
- Is datapath-only: 0
- Is pipelined: 0
- Is top level: 1
Port [ Return ] is wired: 1; IO mode=ap_ctrl_hs:ce=0
Port [ mm_video]:  wired=1; compound=1; hidden=0; nouse=0; global=0; static=0; extern=0; dir=0; type=4; pingpong=0; private_global=0; IO mode=m_axi:ce=0
Port [ width]:  wired=1; compound=0; hidden=0; nouse=0; global=0; static=0; extern=0; dir=0; type=0; pingpong=0; private_global=0; IO mode=ap_none:ce=0
Port [ height]:  wired=1; compound=0; hidden=0; nouse=0; global=0; static=0; extern=0; dir=0; type=0; pingpong=0; private_global=0; IO mode=ap_none:ce=0
Port [ stride]:  wired=1; compound=0; hidden=0; nouse=0; global=0; static=0; extern=0; dir=0; type=0; pingpong=0; private_global=0; IO mode=ap_none:ce=0
Port [ video_format]:  wired=1; compound=0; hidden=0; nouse=0; global=0; static=0; extern=0; dir=0; type=0; pingpong=0; private_global=0; IO mode=ap_none:ce=0
Port [ frm_buffer]:  wired=1; compound=0; hidden=0; nouse=0; global=0; static=0; extern=0; dir=0; type=0; pingpong=0; private_global=0; IO mode=ap_none:ce=0
Port [ frm_buffer2]:  wired=1; compound=0; hidden=0; nouse=1; global=0; static=0; extern=0; dir=0; type=0; pingpong=0; private_global=0; IO mode=ap_none:ce=0
Port [ frm_buffer3]:  wired=1; compound=0; hidden=0; nouse=1; global=0; static=0; extern=0; dir=0; type=0; pingpong=0; private_global=0; IO mode=ap_none:ce=0
Port [ m_axis_video_V_data_V]:  wired=1; compound=1; hidden=0; nouse=0; global=0; static=0; extern=0; dir=1; type=0; pingpong=0; private_global=0; IO mode=axis:ce=0
Port [ m_axis_video_V_keep_V]:  wired=1; compound=1; hidden=0; nouse=0; global=0; static=0; extern=0; dir=1; type=0; pingpong=0; private_global=0; IO mode=axis:ce=0
Port [ m_axis_video_V_strb_V]:  wired=1; compound=1; hidden=0; nouse=0; global=0; static=0; extern=0; dir=1; type=0; pingpong=0; private_global=0; IO mode=axis:ce=0
Port [ m_axis_video_V_user_V]:  wired=1; compound=1; hidden=0; nouse=0; global=0; static=0; extern=0; dir=1; type=0; pingpong=0; private_global=0; IO mode=axis:ce=0
Port [ m_axis_video_V_last_V]:  wired=1; compound=1; hidden=0; nouse=0; global=0; static=0; extern=0; dir=1; type=0; pingpong=0; private_global=0; IO mode=axis:ce=0
Port [ m_axis_video_V_id_V]:  wired=1; compound=1; hidden=0; nouse=0; global=0; static=0; extern=0; dir=1; type=0; pingpong=0; private_global=0; IO mode=axis:ce=0
Port [ m_axis_video_V_dest_V]:  wired=1; compound=1; hidden=0; nouse=0; global=0; static=0; extern=0; dir=1; type=0; pingpong=0; private_global=0; IO mode=axis:ce=0
Port [ BYTES_PER_PIXEL]:  wired=0; compound=1; hidden=1; nouse=0; global=1; static=1; extern=0; dir=0; type=1; pingpong=0; private_global=1; MemPort=[1]; IO mode=ap_memory:ce=0
Port [ MEMORY2LIVE]:  wired=0; compound=1; hidden=1; nouse=0; global=1; static=1; extern=0; dir=0; type=1; pingpong=0; private_global=1; MemPort=[1]; IO mode=ap_memory:ce=0
Port [ mapComp]:  wired=0; compound=1; hidden=1; nouse=1; global=1; static=1; extern=0; dir=0; type=1; pingpong=0; private_global=0; MemPort=[1]; IO mode=ap_memory:ce=0
---------------- STG Properties END ------------------

---------------- Datapath Model BEGIN ----------------

<LifeTime>
<method=bitvector/>
frm_buffer_read           (read               ) [ 0011110]
video_format_read         (read               ) [ 0000000]
stride_read               (read               ) [ 0011110]
height_read               (read               ) [ 0000000]
width_read                (read               ) [ 0000000]
trunc_ln135               (trunc              ) [ 0011000]
trunc_ln135_1             (trunc              ) [ 0011110]
trunc_ln135_2             (trunc              ) [ 0011110]
trunc_ln135_3             (trunc              ) [ 0011110]
zext_ln255                (zext               ) [ 0000000]
BYTES_PER_PIXEL_addr      (getelementptr      ) [ 0010000]
MEMORY2LIVE_addr          (getelementptr      ) [ 0010000]
BYTES_PER_PIXEL_load      (load               ) [ 0001000]
colorFormat               (load               ) [ 0001110]
zext_ln255_1              (zext               ) [ 0000000]
WidthInBytes              (mul                ) [ 0000110]
call_ln259                (call               ) [ 0000000]
spectopmodule_ln135       (spectopmodule      ) [ 0000000]
specinterface_ln0         (specinterface      ) [ 0000000]
specbitsmap_ln0           (specbitsmap        ) [ 0000000]
specbitsmap_ln0           (specbitsmap        ) [ 0000000]
specinterface_ln0         (specinterface      ) [ 0000000]
specinterface_ln0         (specinterface      ) [ 0000000]
specbitsmap_ln0           (specbitsmap        ) [ 0000000]
specinterface_ln0         (specinterface      ) [ 0000000]
specinterface_ln0         (specinterface      ) [ 0000000]
specbitsmap_ln0           (specbitsmap        ) [ 0000000]
specinterface_ln0         (specinterface      ) [ 0000000]
specinterface_ln0         (specinterface      ) [ 0000000]
specbitsmap_ln0           (specbitsmap        ) [ 0000000]
specinterface_ln0         (specinterface      ) [ 0000000]
specinterface_ln0         (specinterface      ) [ 0000000]
specinterface_ln0         (specinterface      ) [ 0000000]
specinterface_ln0         (specinterface      ) [ 0000000]
specinterface_ln0         (specinterface      ) [ 0000000]
specinterface_ln0         (specinterface      ) [ 0000000]
specinterface_ln0         (specinterface      ) [ 0000000]
specinterface_ln0         (specinterface      ) [ 0000000]
specinterface_ln0         (specinterface      ) [ 0000000]
specbitsmap_ln0           (specbitsmap        ) [ 0000000]
specbitsmap_ln0           (specbitsmap        ) [ 0000000]
specbitsmap_ln0           (specbitsmap        ) [ 0000000]
specbitsmap_ln0           (specbitsmap        ) [ 0000000]
specbitsmap_ln0           (specbitsmap        ) [ 0000000]
specbitsmap_ln0           (specbitsmap        ) [ 0000000]
specbitsmap_ln0           (specbitsmap        ) [ 0000000]
specinterface_ln0         (specinterface      ) [ 0000000]
specstablecontent_ln163   (specstablecontent  ) [ 0000000]
specstablecontent_ln164   (specstablecontent  ) [ 0000000]
specstablecontent_ln165   (specstablecontent  ) [ 0000000]
specstablecontent_ln166   (specstablecontent  ) [ 0000000]
specaxissidechannel_ln291 (specaxissidechannel) [ 0000000]
ret_ln291                 (ret                ) [ 0000000]
</LifeTime>

<model>

<comp_list>
<comp id="0" class="1000" name="mm_video">
<pin_list>
<pin id="1" dir="1" index="0" bw="1" slack="0"/>
</pin_list>
<bind>
<StgValue><ssdm name="mm_video"/><MemPortTyVec>0 </MemPortTyVec>
</StgValue>
</bind>
</comp>

<comp id="2" class="1000" name="width">
<pin_list>
<pin id="3" dir="1" index="0" bw="1" slack="0"/>
</pin_list>
<bind>
<StgValue><ssdm name="width"/></StgValue>
</bind>
</comp>

<comp id="4" class="1000" name="height">
<pin_list>
<pin id="5" dir="1" index="0" bw="1" slack="0"/>
</pin_list>
<bind>
<StgValue><ssdm name="height"/></StgValue>
</bind>
</comp>

<comp id="6" class="1000" name="stride">
<pin_list>
<pin id="7" dir="1" index="0" bw="1" slack="0"/>
</pin_list>
<bind>
<StgValue><ssdm name="stride"/></StgValue>
</bind>
</comp>

<comp id="8" class="1000" name="video_format">
<pin_list>
<pin id="9" dir="1" index="0" bw="1" slack="0"/>
</pin_list>
<bind>
<StgValue><ssdm name="video_format"/></StgValue>
</bind>
</comp>

<comp id="10" class="1000" name="frm_buffer">
<pin_list>
<pin id="11" dir="1" index="0" bw="1" slack="0"/>
</pin_list>
<bind>
<StgValue><ssdm name="frm_buffer"/></StgValue>
</bind>
</comp>

<comp id="12" class="1000" name="frm_buffer2">
<pin_list>
<pin id="13" dir="1" index="0" bw="1" slack="2147483647"/>
</pin_list>
<bind>
<StgValue><ssdm name="frm_buffer2"/></StgValue>
</bind>
</comp>

<comp id="14" class="1000" name="frm_buffer3">
<pin_list>
<pin id="15" dir="1" index="0" bw="1" slack="2147483647"/>
</pin_list>
<bind>
<StgValue><ssdm name="frm_buffer3"/></StgValue>
</bind>
</comp>

<comp id="16" class="1000" name="m_axis_video_V_data_V">
<pin_list>
<pin id="17" dir="1" index="0" bw="1" slack="0"/>
</pin_list>
<bind>
<StgValue><ssdm name="m_axis_video_V_data_V"/></StgValue>
</bind>
</comp>

<comp id="18" class="1000" name="m_axis_video_V_keep_V">
<pin_list>
<pin id="19" dir="1" index="0" bw="1" slack="0"/>
</pin_list>
<bind>
<StgValue><ssdm name="m_axis_video_V_keep_V"/></StgValue>
</bind>
</comp>

<comp id="20" class="1000" name="m_axis_video_V_strb_V">
<pin_list>
<pin id="21" dir="1" index="0" bw="1" slack="0"/>
</pin_list>
<bind>
<StgValue><ssdm name="m_axis_video_V_strb_V"/></StgValue>
</bind>
</comp>

<comp id="22" class="1000" name="m_axis_video_V_user_V">
<pin_list>
<pin id="23" dir="1" index="0" bw="1" slack="0"/>
</pin_list>
<bind>
<StgValue><ssdm name="m_axis_video_V_user_V"/></StgValue>
</bind>
</comp>

<comp id="24" class="1000" name="m_axis_video_V_last_V">
<pin_list>
<pin id="25" dir="1" index="0" bw="1" slack="0"/>
</pin_list>
<bind>
<StgValue><ssdm name="m_axis_video_V_last_V"/></StgValue>
</bind>
</comp>

<comp id="26" class="1000" name="m_axis_video_V_id_V">
<pin_list>
<pin id="27" dir="1" index="0" bw="1" slack="0"/>
</pin_list>
<bind>
<StgValue><ssdm name="m_axis_video_V_id_V"/></StgValue>
</bind>
</comp>

<comp id="28" class="1000" name="m_axis_video_V_dest_V">
<pin_list>
<pin id="29" dir="1" index="0" bw="1" slack="0"/>
</pin_list>
<bind>
<StgValue><ssdm name="m_axis_video_V_dest_V"/></StgValue>
</bind>
</comp>

<comp id="30" class="1000" name="BYTES_PER_PIXEL">
<pin_list>
<pin id="31" dir="1" index="0" bw="1" slack="0"/>
</pin_list>
<bind>
<StgValue><ssdm name="BYTES_PER_PIXEL"/><MemPortTyVec>1 </MemPortTyVec>
</StgValue>
</bind>
</comp>

<comp id="32" class="1000" name="MEMORY2LIVE">
<pin_list>
<pin id="33" dir="1" index="0" bw="1" slack="0"/>
</pin_list>
<bind>
<StgValue><ssdm name="MEMORY2LIVE"/><MemPortTyVec>1 </MemPortTyVec>
</StgValue>
</bind>
</comp>

<comp id="34" class="1000" name="mapComp">
<pin_list>
<pin id="35" dir="1" index="0" bw="1" slack="0"/>
</pin_list>
<bind>
<StgValue><ssdm name="mapComp"/><MemPortTyVec>1 </MemPortTyVec>
</StgValue>
</bind>
</comp>

<comp id="36" class="1001" name="const_36">
<pin_list>
<pin id="37" dir="1" index="0" bw="1" slack="0"/>
</pin_list>
<bind>
<StgValue><ssdm name="_ssdm_op_Read.s_axilite.i32"/></StgValue>
</bind>
</comp>

<comp id="38" class="1001" name="const_38">
<pin_list>
<pin id="39" dir="1" index="0" bw="1" slack="0"/>
</pin_list>
<bind>
<StgValue><ssdm name="_ssdm_op_Read.s_axilite.i16"/></StgValue>
</bind>
</comp>

<comp id="40" class="1001" name="const_40">
<pin_list>
<pin id="41" dir="1" index="0" bw="1" slack="0"/>
</pin_list>
<bind>
<StgValue><ssdm name=""/></StgValue>
</bind>
</comp>

<comp id="42" class="1001" name="const_42">
<pin_list>
<pin id="43" dir="1" index="0" bw="1" slack="0"/>
</pin_list>
<bind>
<StgValue><ssdm name="FrmbufRdHlsDataFlow"/></StgValue>
</bind>
</comp>

<comp id="44" class="1001" name="const_44">
<pin_list>
<pin id="45" dir="1" index="0" bw="1" slack="2147483647"/>
</pin_list>
<bind>
<StgValue><ssdm name="_ssdm_op_SpecTopModule"/></StgValue>
</bind>
</comp>

<comp id="46" class="1001" name="const_46">
<pin_list>
<pin id="47" dir="1" index="0" bw="1" slack="2147483647"/>
</pin_list>
<bind>
<StgValue><ssdm name="empty_19"/></StgValue>
</bind>
</comp>

<comp id="48" class="1001" name="const_48">
<pin_list>
<pin id="49" dir="1" index="0" bw="1" slack="2147483647"/>
</pin_list>
<bind>
<StgValue><ssdm name="_ssdm_op_SpecInterface"/></StgValue>
</bind>
</comp>

<comp id="50" class="1001" name="const_50">
<pin_list>
<pin id="51" dir="1" index="0" bw="1" slack="2147483647"/>
</pin_list>
<bind>
<StgValue><ssdm name="empty_5"/></StgValue>
</bind>
</comp>

<comp id="52" class="1001" name="const_52">
<pin_list>
<pin id="53" dir="1" index="0" bw="1" slack="2147483647"/>
</pin_list>
<bind>
<StgValue><ssdm name="empty_4"/></StgValue>
</bind>
</comp>

<comp id="54" class="1001" name="const_54">
<pin_list>
<pin id="55" dir="1" index="0" bw="1" slack="2147483647"/>
</pin_list>
<bind>
<StgValue><ssdm name=""/></StgValue>
</bind>
</comp>

<comp id="56" class="1001" name="const_56">
<pin_list>
<pin id="57" dir="1" index="0" bw="1" slack="2147483647"/>
</pin_list>
<bind>
<StgValue><ssdm name=""/></StgValue>
</bind>
</comp>

<comp id="58" class="1001" name="const_58">
<pin_list>
<pin id="59" dir="1" index="0" bw="1" slack="2147483647"/>
</pin_list>
<bind>
<StgValue><ssdm name="empty_3"/></StgValue>
</bind>
</comp>

<comp id="60" class="1001" name="const_60">
<pin_list>
<pin id="61" dir="1" index="0" bw="1" slack="2147483647"/>
</pin_list>
<bind>
<StgValue><ssdm name="empty_2"/></StgValue>
</bind>
</comp>

<comp id="62" class="1001" name="const_62">
<pin_list>
<pin id="63" dir="1" index="0" bw="1" slack="2147483647"/>
</pin_list>
<bind>
<StgValue><ssdm name=""/></StgValue>
</bind>
</comp>

<comp id="64" class="1001" name="const_64">
<pin_list>
<pin id="65" dir="1" index="0" bw="1" slack="2147483647"/>
</pin_list>
<bind>
<StgValue><ssdm name=""/></StgValue>
</bind>
</comp>

<comp id="66" class="1001" name="const_66">
<pin_list>
<pin id="67" dir="1" index="0" bw="1" slack="2147483647"/>
</pin_list>
<bind>
<StgValue><ssdm name=""/></StgValue>
</bind>
</comp>

<comp id="68" class="1001" name="const_68">
<pin_list>
<pin id="69" dir="1" index="0" bw="1" slack="2147483647"/>
</pin_list>
<bind>
<StgValue><ssdm name=""/></StgValue>
</bind>
</comp>

<comp id="70" class="1001" name="const_70">
<pin_list>
<pin id="71" dir="1" index="0" bw="1" slack="2147483647"/>
</pin_list>
<bind>
<StgValue><ssdm name="_ssdm_op_SpecBitsMap"/></StgValue>
</bind>
</comp>

<comp id="72" class="1001" name="const_72">
<pin_list>
<pin id="73" dir="1" index="0" bw="1" slack="2147483647"/>
</pin_list>
<bind>
<StgValue><ssdm name="empty_1"/></StgValue>
</bind>
</comp>

<comp id="74" class="1001" name="const_74">
<pin_list>
<pin id="75" dir="1" index="0" bw="1" slack="2147483647"/>
</pin_list>
<bind>
<StgValue><ssdm name="empty_0"/></StgValue>
</bind>
</comp>

<comp id="76" class="1001" name="const_76">
<pin_list>
<pin id="77" dir="1" index="0" bw="1" slack="2147483647"/>
</pin_list>
<bind>
<StgValue><ssdm name="empty_8"/></StgValue>
</bind>
</comp>

<comp id="78" class="1001" name="const_78">
<pin_list>
<pin id="79" dir="1" index="0" bw="1" slack="2147483647"/>
</pin_list>
<bind>
<StgValue><ssdm name="empty"/></StgValue>
</bind>
</comp>

<comp id="80" class="1001" name="const_80">
<pin_list>
<pin id="81" dir="1" index="0" bw="1" slack="2147483647"/>
</pin_list>
<bind>
<StgValue><ssdm name="empty_10"/></StgValue>
</bind>
</comp>

<comp id="82" class="1001" name="const_82">
<pin_list>
<pin id="83" dir="1" index="0" bw="1" slack="2147483647"/>
</pin_list>
<bind>
<StgValue><ssdm name="empty_11"/></StgValue>
</bind>
</comp>

<comp id="84" class="1001" name="const_84">
<pin_list>
<pin id="85" dir="1" index="0" bw="1" slack="2147483647"/>
</pin_list>
<bind>
<StgValue><ssdm name="empty_12"/></StgValue>
</bind>
</comp>

<comp id="86" class="1001" name="const_86">
<pin_list>
<pin id="87" dir="1" index="0" bw="1" slack="2147483647"/>
</pin_list>
<bind>
<StgValue><ssdm name="empty_25"/></StgValue>
</bind>
</comp>

<comp id="88" class="1001" name="const_88">
<pin_list>
<pin id="89" dir="1" index="0" bw="1" slack="2147483647"/>
</pin_list>
<bind>
<StgValue><ssdm name="empty_22"/></StgValue>
</bind>
</comp>

<comp id="90" class="1001" name="const_90">
<pin_list>
<pin id="91" dir="1" index="0" bw="1" slack="2147483647"/>
</pin_list>
<bind>
<StgValue><ssdm name="empty_23"/></StgValue>
</bind>
</comp>

<comp id="92" class="1001" name="const_92">
<pin_list>
<pin id="93" dir="1" index="0" bw="1" slack="2147483647"/>
</pin_list>
<bind>
<StgValue><ssdm name="empty_24"/></StgValue>
</bind>
</comp>

<comp id="94" class="1001" name="const_94">
<pin_list>
<pin id="95" dir="1" index="0" bw="1" slack="2147483647"/>
</pin_list>
<bind>
<StgValue><ssdm name="empty_16"/></StgValue>
</bind>
</comp>

<comp id="96" class="1001" name="const_96">
<pin_list>
<pin id="97" dir="1" index="0" bw="1" slack="2147483647"/>
</pin_list>
<bind>
<StgValue><ssdm name=""/></StgValue>
</bind>
</comp>

<comp id="98" class="1001" name="const_98">
<pin_list>
<pin id="99" dir="1" index="0" bw="1" slack="2147483647"/>
</pin_list>
<bind>
<StgValue><ssdm name="empty_6"/></StgValue>
</bind>
</comp>

<comp id="100" class="1001" name="const_100">
<pin_list>
<pin id="101" dir="1" index="0" bw="1" slack="2147483647"/>
</pin_list>
<bind>
<StgValue><ssdm name="_ssdm_op_SpecStableContent"/></StgValue>
</bind>
</comp>

<comp id="102" class="1001" name="const_102">
<pin_list>
<pin id="103" dir="1" index="0" bw="1" slack="2147483647"/>
</pin_list>
<bind>
<StgValue><ssdm name=""/></StgValue>
</bind>
</comp>

<comp id="104" class="1001" name="const_104">
<pin_list>
<pin id="105" dir="1" index="0" bw="1" slack="2147483647"/>
</pin_list>
<bind>
<StgValue><ssdm name=""/></StgValue>
</bind>
</comp>

<comp id="106" class="1001" name="const_106">
<pin_list>
<pin id="107" dir="1" index="0" bw="1" slack="2147483647"/>
</pin_list>
<bind>
<StgValue><ssdm name="_ssdm_op_SpecAXISSideChannel"/></StgValue>
</bind>
</comp>

<comp id="108" class="1001" name="const_108">
<pin_list>
<pin id="109" dir="1" index="0" bw="1" slack="2147483647"/>
</pin_list>
<bind>
<StgValue><ssdm name="empty_7"/></StgValue>
</bind>
</comp>

<comp id="110" class="1004" name="frm_buffer_read_read_fu_110">
<pin_list>
<pin id="111" dir="0" index="0" bw="32" slack="0"/>
<pin id="112" dir="0" index="1" bw="32" slack="0"/>
<pin id="113" dir="1" index="2" bw="32" slack="3"/>
</pin_list>
<bind>
<opcode="read(1150) " fcode="read"/>
<opset="frm_buffer_read/1 "/>
</bind>
</comp>

<comp id="116" class="1004" name="video_format_read_read_fu_116">
<pin_list>
<pin id="117" dir="0" index="0" bw="16" slack="0"/>
<pin id="118" dir="0" index="1" bw="16" slack="0"/>
<pin id="119" dir="1" index="2" bw="16" slack="0"/>
</pin_list>
<bind>
<opcode="read(1150) " fcode="read"/>
<opset="video_format_read/1 "/>
</bind>
</comp>

<comp id="122" class="1004" name="stride_read_read_fu_122">
<pin_list>
<pin id="123" dir="0" index="0" bw="16" slack="0"/>
<pin id="124" dir="0" index="1" bw="16" slack="0"/>
<pin id="125" dir="1" index="2" bw="16" slack="3"/>
</pin_list>
<bind>
<opcode="read(1150) " fcode="read"/>
<opset="stride_read/1 "/>
</bind>
</comp>

<comp id="128" class="1004" name="height_read_read_fu_128">
<pin_list>
<pin id="129" dir="0" index="0" bw="16" slack="0"/>
<pin id="130" dir="0" index="1" bw="16" slack="0"/>
<pin id="131" dir="1" index="2" bw="16" slack="0"/>
</pin_list>
<bind>
<opcode="read(1150) " fcode="read"/>
<opset="height_read/1 "/>
</bind>
</comp>

<comp id="134" class="1004" name="width_read_read_fu_134">
<pin_list>
<pin id="135" dir="0" index="0" bw="16" slack="0"/>
<pin id="136" dir="0" index="1" bw="16" slack="0"/>
<pin id="137" dir="1" index="2" bw="16" slack="0"/>
</pin_list>
<bind>
<opcode="read(1150) " fcode="read"/>
<opset="width_read/1 "/>
</bind>
</comp>

<comp id="140" class="1004" name="BYTES_PER_PIXEL_addr_gep_fu_140">
<pin_list>
<pin id="141" dir="0" index="0" bw="3" slack="0"/>
<pin id="142" dir="0" index="1" bw="1" slack="0"/>
<pin id="143" dir="0" index="2" bw="16" slack="0"/>
<pin id="144" dir="1" index="3" bw="6" slack="0"/>
</pin_list>
<bind>
<opcode="getelementptr(29) " fcode="getelementptr"/>
<opset="BYTES_PER_PIXEL_addr/1 "/>
</bind>
</comp>

<comp id="147" class="1004" name="grp_access_fu_147">
<pin_list>
<pin id="148" dir="0" index="0" bw="6" slack="0"/>
<pin id="149" dir="0" index="1" bw="3" slack="2147483647"/>
<pin id="150" dir="0" index="2" bw="0" slack="2147483647"/>
<pin id="151" dir="1" index="3" bw="3" slack="1"/>
</pin_list>
<bind>
<opcode="load(27) " fcode="load"/>
<opset="BYTES_PER_PIXEL_load/1 "/>
</bind>
</comp>

<comp id="153" class="1004" name="MEMORY2LIVE_addr_gep_fu_153">
<pin_list>
<pin id="154" dir="0" index="0" bw="3" slack="0"/>
<pin id="155" dir="0" index="1" bw="1" slack="0"/>
<pin id="156" dir="0" index="2" bw="16" slack="0"/>
<pin id="157" dir="1" index="3" bw="6" slack="0"/>
</pin_list>
<bind>
<opcode="getelementptr(29) " fcode="getelementptr"/>
<opset="MEMORY2LIVE_addr/1 "/>
</bind>
</comp>

<comp id="160" class="1004" name="grp_access_fu_160">
<pin_list>
<pin id="161" dir="0" index="0" bw="6" slack="0"/>
<pin id="162" dir="0" index="1" bw="3" slack="2147483647"/>
<pin id="163" dir="0" index="2" bw="0" slack="2147483647"/>
<pin id="164" dir="1" index="3" bw="3" slack="2"/>
</pin_list>
<bind>
<opcode="load(27) " fcode="load"/>
<opset="colorFormat/1 "/>
</bind>
</comp>

<comp id="166" class="1004" name="grp_FrmbufRdHlsDataFlow_fu_166">
<pin_list>
<pin id="167" dir="0" index="0" bw="0" slack="0"/>
<pin id="168" dir="0" index="1" bw="24" slack="0"/>
<pin id="169" dir="0" index="2" bw="3" slack="0"/>
<pin id="170" dir="0" index="3" bw="3" slack="0"/>
<pin id="171" dir="0" index="4" bw="1" slack="0"/>
<pin id="172" dir="0" index="5" bw="1" slack="0"/>
<pin id="173" dir="0" index="6" bw="1" slack="0"/>
<pin id="174" dir="0" index="7" bw="1" slack="0"/>
<pin id="175" dir="0" index="8" bw="64" slack="0"/>
<pin id="176" dir="0" index="9" bw="32" slack="3"/>
<pin id="177" dir="0" index="10" bw="11" slack="3"/>
<pin id="178" dir="0" index="11" bw="11" slack="3"/>
<pin id="179" dir="0" index="12" bw="16" slack="3"/>
<pin id="180" dir="0" index="13" bw="6" slack="3"/>
<pin id="181" dir="0" index="14" bw="14" slack="1"/>
<pin id="182" dir="0" index="15" bw="3" slack="2"/>
<pin id="183" dir="0" index="16" bw="2" slack="0"/>
<pin id="184" dir="1" index="17" bw="0" slack="2147483647"/>
</pin_list>
<bind>
<opcode="call(48) " fcode="call"/>
<opset="call_ln259/4 "/>
</bind>
</comp>

<comp id="195" class="1004" name="trunc_ln135_fu_195">
<pin_list>
<pin id="196" dir="0" index="0" bw="16" slack="0"/>
<pin id="197" dir="1" index="1" bw="14" slack="2"/>
</pin_list>
<bind>
<opcode="trunc(33) " fcode="trunc"/>
<opset="trunc_ln135/1 "/>
</bind>
</comp>

<comp id="199" class="1004" name="trunc_ln135_1_fu_199">
<pin_list>
<pin id="200" dir="0" index="0" bw="16" slack="0"/>
<pin id="201" dir="1" index="1" bw="6" slack="3"/>
</pin_list>
<bind>
<opcode="trunc(33) " fcode="trunc"/>
<opset="trunc_ln135_1/1 "/>
</bind>
</comp>

<comp id="203" class="1004" name="trunc_ln135_2_fu_203">
<pin_list>
<pin id="204" dir="0" index="0" bw="16" slack="0"/>
<pin id="205" dir="1" index="1" bw="11" slack="3"/>
</pin_list>
<bind>
<opcode="trunc(33) " fcode="trunc"/>
<opset="trunc_ln135_2/1 "/>
</bind>
</comp>

<comp id="207" class="1004" name="trunc_ln135_3_fu_207">
<pin_list>
<pin id="208" dir="0" index="0" bw="16" slack="0"/>
<pin id="209" dir="1" index="1" bw="11" slack="3"/>
</pin_list>
<bind>
<opcode="trunc(33) " fcode="trunc"/>
<opset="trunc_ln135_3/1 "/>
</bind>
</comp>

<comp id="211" class="1004" name="zext_ln255_fu_211">
<pin_list>
<pin id="212" dir="0" index="0" bw="16" slack="0"/>
<pin id="213" dir="1" index="1" bw="32" slack="0"/>
</pin_list>
<bind>
<opcode="zext(34) " fcode="zext"/>
<opset="zext_ln255/1 "/>
</bind>
</comp>

<comp id="217" class="1004" name="zext_ln255_1_fu_217">
<pin_list>
<pin id="218" dir="0" index="0" bw="3" slack="1"/>
<pin id="219" dir="1" index="1" bw="14" slack="0"/>
</pin_list>
<bind>
<opcode="zext(34) " fcode="zext"/>
<opset="zext_ln255_1/3 "/>
</bind>
</comp>

<comp id="220" class="1004" name="WidthInBytes_fu_220">
<pin_list>
<pin id="221" dir="0" index="0" bw="14" slack="2"/>
<pin id="222" dir="0" index="1" bw="3" slack="0"/>
<pin id="223" dir="1" index="2" bw="14" slack="1"/>
</pin_list>
<bind>
<opcode="mul(12) " fcode="mul"/>
<opset="WidthInBytes/3 "/>
</bind>
</comp>

<comp id="225" class="1005" name="frm_buffer_read_reg_225">
<pin_list>
<pin id="226" dir="0" index="0" bw="32" slack="3"/>
<pin id="227" dir="1" index="1" bw="32" slack="3"/>
</pin_list>
<bind>
<opset="frm_buffer_read "/>
</bind>
</comp>

<comp id="230" class="1005" name="stride_read_reg_230">
<pin_list>
<pin id="231" dir="0" index="0" bw="16" slack="3"/>
<pin id="232" dir="1" index="1" bw="16" slack="3"/>
</pin_list>
<bind>
<opset="stride_read "/>
</bind>
</comp>

<comp id="235" class="1005" name="trunc_ln135_reg_235">
<pin_list>
<pin id="236" dir="0" index="0" bw="14" slack="2"/>
<pin id="237" dir="1" index="1" bw="14" slack="2"/>
</pin_list>
<bind>
<opset="trunc_ln135 "/>
</bind>
</comp>

<comp id="240" class="1005" name="trunc_ln135_1_reg_240">
<pin_list>
<pin id="241" dir="0" index="0" bw="6" slack="3"/>
<pin id="242" dir="1" index="1" bw="6" slack="3"/>
</pin_list>
<bind>
<opset="trunc_ln135_1 "/>
</bind>
</comp>

<comp id="245" class="1005" name="trunc_ln135_2_reg_245">
<pin_list>
<pin id="246" dir="0" index="0" bw="11" slack="3"/>
<pin id="247" dir="1" index="1" bw="11" slack="3"/>
</pin_list>
<bind>
<opset="trunc_ln135_2 "/>
</bind>
</comp>

<comp id="250" class="1005" name="trunc_ln135_3_reg_250">
<pin_list>
<pin id="251" dir="0" index="0" bw="11" slack="3"/>
<pin id="252" dir="1" index="1" bw="11" slack="3"/>
</pin_list>
<bind>
<opset="trunc_ln135_3 "/>
</bind>
</comp>

<comp id="255" class="1005" name="BYTES_PER_PIXEL_addr_reg_255">
<pin_list>
<pin id="256" dir="0" index="0" bw="6" slack="1"/>
<pin id="257" dir="1" index="1" bw="6" slack="1"/>
</pin_list>
<bind>
<opset="BYTES_PER_PIXEL_addr "/>
</bind>
</comp>

<comp id="260" class="1005" name="MEMORY2LIVE_addr_reg_260">
<pin_list>
<pin id="261" dir="0" index="0" bw="6" slack="1"/>
<pin id="262" dir="1" index="1" bw="6" slack="1"/>
</pin_list>
<bind>
<opset="MEMORY2LIVE_addr "/>
</bind>
</comp>

<comp id="265" class="1005" name="BYTES_PER_PIXEL_load_reg_265">
<pin_list>
<pin id="266" dir="0" index="0" bw="3" slack="1"/>
<pin id="267" dir="1" index="1" bw="3" slack="1"/>
</pin_list>
<bind>
<opset="BYTES_PER_PIXEL_load "/>
</bind>
</comp>

<comp id="270" class="1005" name="colorFormat_reg_270">
<pin_list>
<pin id="271" dir="0" index="0" bw="3" slack="2"/>
<pin id="272" dir="1" index="1" bw="3" slack="2"/>
</pin_list>
<bind>
<opset="colorFormat "/>
</bind>
</comp>

<comp id="275" class="1005" name="WidthInBytes_reg_275">
<pin_list>
<pin id="276" dir="0" index="0" bw="14" slack="1"/>
<pin id="277" dir="1" index="1" bw="14" slack="1"/>
</pin_list>
<bind>
<opset="WidthInBytes "/>
</bind>
</comp>

</comp_list>

<net_list>
<net id="114"><net_src comp="36" pin="0"/><net_sink comp="110" pin=0"/></net>

<net id="115"><net_src comp="10" pin="0"/><net_sink comp="110" pin=1"/></net>

<net id="120"><net_src comp="38" pin="0"/><net_sink comp="116" pin=0"/></net>

<net id="121"><net_src comp="8" pin="0"/><net_sink comp="116" pin=1"/></net>

<net id="126"><net_src comp="38" pin="0"/><net_sink comp="122" pin=0"/></net>

<net id="127"><net_src comp="6" pin="0"/><net_sink comp="122" pin=1"/></net>

<net id="132"><net_src comp="38" pin="0"/><net_sink comp="128" pin=0"/></net>

<net id="133"><net_src comp="4" pin="0"/><net_sink comp="128" pin=1"/></net>

<net id="138"><net_src comp="38" pin="0"/><net_sink comp="134" pin=0"/></net>

<net id="139"><net_src comp="2" pin="0"/><net_sink comp="134" pin=1"/></net>

<net id="145"><net_src comp="30" pin="0"/><net_sink comp="140" pin=0"/></net>

<net id="146"><net_src comp="40" pin="0"/><net_sink comp="140" pin=1"/></net>

<net id="152"><net_src comp="140" pin="3"/><net_sink comp="147" pin=0"/></net>

<net id="158"><net_src comp="32" pin="0"/><net_sink comp="153" pin=0"/></net>

<net id="159"><net_src comp="40" pin="0"/><net_sink comp="153" pin=1"/></net>

<net id="165"><net_src comp="153" pin="3"/><net_sink comp="160" pin=0"/></net>

<net id="185"><net_src comp="42" pin="0"/><net_sink comp="166" pin=0"/></net>

<net id="186"><net_src comp="16" pin="0"/><net_sink comp="166" pin=1"/></net>

<net id="187"><net_src comp="18" pin="0"/><net_sink comp="166" pin=2"/></net>

<net id="188"><net_src comp="20" pin="0"/><net_sink comp="166" pin=3"/></net>

<net id="189"><net_src comp="22" pin="0"/><net_sink comp="166" pin=4"/></net>

<net id="190"><net_src comp="24" pin="0"/><net_sink comp="166" pin=5"/></net>

<net id="191"><net_src comp="26" pin="0"/><net_sink comp="166" pin=6"/></net>

<net id="192"><net_src comp="28" pin="0"/><net_sink comp="166" pin=7"/></net>

<net id="193"><net_src comp="0" pin="0"/><net_sink comp="166" pin=8"/></net>

<net id="194"><net_src comp="34" pin="0"/><net_sink comp="166" pin=16"/></net>

<net id="198"><net_src comp="134" pin="2"/><net_sink comp="195" pin=0"/></net>

<net id="202"><net_src comp="116" pin="2"/><net_sink comp="199" pin=0"/></net>

<net id="206"><net_src comp="134" pin="2"/><net_sink comp="203" pin=0"/></net>

<net id="210"><net_src comp="128" pin="2"/><net_sink comp="207" pin=0"/></net>

<net id="214"><net_src comp="116" pin="2"/><net_sink comp="211" pin=0"/></net>

<net id="215"><net_src comp="211" pin="1"/><net_sink comp="140" pin=2"/></net>

<net id="216"><net_src comp="211" pin="1"/><net_sink comp="153" pin=2"/></net>

<net id="224"><net_src comp="217" pin="1"/><net_sink comp="220" pin=1"/></net>

<net id="228"><net_src comp="110" pin="2"/><net_sink comp="225" pin=0"/></net>

<net id="229"><net_src comp="225" pin="1"/><net_sink comp="166" pin=9"/></net>

<net id="233"><net_src comp="122" pin="2"/><net_sink comp="230" pin=0"/></net>

<net id="234"><net_src comp="230" pin="1"/><net_sink comp="166" pin=12"/></net>

<net id="238"><net_src comp="195" pin="1"/><net_sink comp="235" pin=0"/></net>

<net id="239"><net_src comp="235" pin="1"/><net_sink comp="220" pin=0"/></net>

<net id="243"><net_src comp="199" pin="1"/><net_sink comp="240" pin=0"/></net>

<net id="244"><net_src comp="240" pin="1"/><net_sink comp="166" pin=13"/></net>

<net id="248"><net_src comp="203" pin="1"/><net_sink comp="245" pin=0"/></net>

<net id="249"><net_src comp="245" pin="1"/><net_sink comp="166" pin=10"/></net>

<net id="253"><net_src comp="207" pin="1"/><net_sink comp="250" pin=0"/></net>

<net id="254"><net_src comp="250" pin="1"/><net_sink comp="166" pin=11"/></net>

<net id="258"><net_src comp="140" pin="3"/><net_sink comp="255" pin=0"/></net>

<net id="259"><net_src comp="255" pin="1"/><net_sink comp="147" pin=0"/></net>

<net id="263"><net_src comp="153" pin="3"/><net_sink comp="260" pin=0"/></net>

<net id="264"><net_src comp="260" pin="1"/><net_sink comp="160" pin=0"/></net>

<net id="268"><net_src comp="147" pin="3"/><net_sink comp="265" pin=0"/></net>

<net id="269"><net_src comp="265" pin="1"/><net_sink comp="217" pin=0"/></net>

<net id="273"><net_src comp="160" pin="3"/><net_sink comp="270" pin=0"/></net>

<net id="274"><net_src comp="270" pin="1"/><net_sink comp="166" pin=15"/></net>

<net id="278"><net_src comp="220" pin="2"/><net_sink comp="275" pin=0"/></net>

<net id="279"><net_src comp="275" pin="1"/><net_sink comp="166" pin=14"/></net>

</net_list>

</model> 
---------------- Datapath Model END ------------------

* FSMD analyzer results:
  - Output states:
	Port: m_axis_video_V_data_V | {4 5 }
	Port: m_axis_video_V_keep_V | {4 5 }
	Port: m_axis_video_V_strb_V | {4 5 }
	Port: m_axis_video_V_user_V | {4 5 }
	Port: m_axis_video_V_last_V | {4 5 }
	Port: m_axis_video_V_id_V | {4 5 }
	Port: m_axis_video_V_dest_V | {4 5 }
 - Input state : 
	Port: v_frmbuf_rd : mm_video | {4 5 }
	Port: v_frmbuf_rd : width | {1 }
	Port: v_frmbuf_rd : height | {1 }
	Port: v_frmbuf_rd : stride | {1 }
	Port: v_frmbuf_rd : video_format | {1 }
	Port: v_frmbuf_rd : frm_buffer | {1 }
	Port: v_frmbuf_rd : BYTES_PER_PIXEL | {1 2 }
	Port: v_frmbuf_rd : MEMORY2LIVE | {1 2 }
	Port: v_frmbuf_rd : mapComp | {4 5 }
  - Chain level:
	State 1
		BYTES_PER_PIXEL_addr : 1
		BYTES_PER_PIXEL_load : 2
		MEMORY2LIVE_addr : 1
		colorFormat : 2
	State 2
	State 3
		WidthInBytes : 1
	State 4
	State 5
	State 6


============================================================
+ Verbose Summary: Datapath Resource usage 
============================================================

* Functional unit list:
|----------|--------------------------------|---------|---------|---------|---------|
| Operation|         Functional Unit        |   DSP   |  Delay  |    FF   |   LUT   |
|----------|--------------------------------|---------|---------|---------|---------|
|   call   | grp_FrmbufRdHlsDataFlow_fu_166 |    0    |  18.172 |   776   |   447   |
|----------|--------------------------------|---------|---------|---------|---------|
|    mul   |       WidthInBytes_fu_220      |    0    |    0    |    0    |    6    |
|----------|--------------------------------|---------|---------|---------|---------|
|          |   frm_buffer_read_read_fu_110  |    0    |    0    |    0    |    0    |
|          |  video_format_read_read_fu_116 |    0    |    0    |    0    |    0    |
|   read   |     stride_read_read_fu_122    |    0    |    0    |    0    |    0    |
|          |     height_read_read_fu_128    |    0    |    0    |    0    |    0    |
|          |     width_read_read_fu_134     |    0    |    0    |    0    |    0    |
|----------|--------------------------------|---------|---------|---------|---------|
|          |       trunc_ln135_fu_195       |    0    |    0    |    0    |    0    |
|   trunc  |      trunc_ln135_1_fu_199      |    0    |    0    |    0    |    0    |
|          |      trunc_ln135_2_fu_203      |    0    |    0    |    0    |    0    |
|          |      trunc_ln135_3_fu_207      |    0    |    0    |    0    |    0    |
|----------|--------------------------------|---------|---------|---------|---------|
|   zext   |        zext_ln255_fu_211       |    0    |    0    |    0    |    0    |
|          |       zext_ln255_1_fu_217      |    0    |    0    |    0    |    0    |
|----------|--------------------------------|---------|---------|---------|---------|
|   Total  |                                |    0    |  18.172 |   776   |   453   |
|----------|--------------------------------|---------|---------|---------|---------|

Memories:
+---------------+--------+--------+--------+
|               |  BRAM  |   FF   |   LUT  |
+---------------+--------+--------+--------+
|BYTES_PER_PIXEL|    0   |    3   |    3   |
|  MEMORY2LIVE  |    0   |    3   |    3   |
|    mapComp    |    0   |    2   |    1   |
+---------------+--------+--------+--------+
|     Total     |    0   |    8   |    7   |
+---------------+--------+--------+--------+

* Register list:
+----------------------------+--------+
|                            |   FF   |
+----------------------------+--------+
|BYTES_PER_PIXEL_addr_reg_255|    6   |
|BYTES_PER_PIXEL_load_reg_265|    3   |
|  MEMORY2LIVE_addr_reg_260  |    6   |
|    WidthInBytes_reg_275    |   14   |
|     colorFormat_reg_270    |    3   |
|   frm_buffer_read_reg_225  |   32   |
|     stride_read_reg_230    |   16   |
|    trunc_ln135_1_reg_240   |    6   |
|    trunc_ln135_2_reg_245   |   11   |
|    trunc_ln135_3_reg_250   |   11   |
|     trunc_ln135_reg_235    |   14   |
+----------------------------+--------+
|            Total           |   122  |
+----------------------------+--------+

* Multiplexer (MUX) list: 
|-------------------|------|------|------|--------||---------||---------||---------|
|        Comp       |  Pin | Size |  BW  | S x BW ||  Delay  ||    FF   ||   LUT   |
|-------------------|------|------|------|--------||---------||---------||---------|
| grp_access_fu_147 |  p0  |   2  |   6  |   12   ||    0    ||    9    |
| grp_access_fu_160 |  p0  |   2  |   6  |   12   ||    0    ||    9    |
|-------------------|------|------|------|--------||---------||---------||---------|
|       Total       |      |      |      |   24   ||  2.596  ||    0    ||    18   |
|-------------------|------|------|------|--------||---------||---------||---------|



* Summary:
+-----------+--------+--------+--------+--------+--------+
|           |  BRAM  |   DSP  |  Delay |   FF   |   LUT  |
+-----------+--------+--------+--------+--------+--------+
|  Function |    -   |    0   |   18   |   776  |   453  |
|   Memory  |    0   |    -   |    -   |    8   |    7   |
|Multiplexer|    -   |    -   |    2   |    0   |   18   |
|  Register |    -   |    -   |    -   |   122  |    -   |
+-----------+--------+--------+--------+--------+--------+
|   Total   |    0   |    0   |   20   |   906  |   478  |
+-----------+--------+--------+--------+--------+--------+
