
*** Running vivado
    with args -log top_design_wrapper.vdi -applog -m64 -product Vivado -messageDb vivado.pb -mode batch -source top_design_wrapper.tcl -notrace


****** Vivado v2025.2 (64-bit)
  **** SW Build 6299465 on Fri Nov 14 12:34:56 MST 2025
  **** IP Build 6300035 on Fri Nov 14 10:48:45 MST 2025
  **** SharedData Build 6298862 on Thu Nov 13 04:50:51 MST 2025
  **** Start of session at: Fri Feb  6 18:10:30 2026
    ** Copyright 1986-2022 Xilinx, Inc. All Rights Reserved.
    ** Copyright 2022-2025 Advanced Micro Devices, Inc. All Rights Reserved.

source top_design_wrapper.tcl -notrace
INFO: [IP_Flow 19-234] Refreshing IP repositories
INFO: [IP_Flow 19-1700] Loaded user IP repository '/home/serg/Documents/Xilinx/DigilentLib/vivado-library-master'.
INFO: [IP_Flow 19-2313] Loaded Vivado IP repository '/tools/xilinx/2025.2/data/ip'.
Command: link_design -top top_design_wrapper -part xc7z020clg400-2
Design is defaulting to srcset: sources_1
Design is defaulting to constrset: constrs_1
INFO: [Device 21-403] Loading part xc7z020clg400-2
INFO: [Project 1-5699] Read binary netlist with skipMacroContent - 1
INFO: [Project 1-454] Reading design checkpoint '/home/serg/Documents/Xilinx/z700_hdmi/HDMI_FBWRRD/HSMI_FBWRRD.gen/sources_1/bd/top_design/ip/top_design_axi_dynclk_0_0/top_design_axi_dynclk_0_0.dcp' for cell 'top_design_i/axi_dynclk_0'
INFO: [Project 1-454] Reading design checkpoint '/home/serg/Documents/Xilinx/z700_hdmi/HDMI_FBWRRD/HSMI_FBWRRD.gen/sources_1/bd/top_design/ip/top_design_axi_smc_1/top_design_axi_smc_1.dcp' for cell 'top_design_i/axi_smc'
INFO: [Project 1-454] Reading design checkpoint '/home/serg/Documents/Xilinx/z700_hdmi/HDMI_FBWRRD/HSMI_FBWRRD.gen/sources_1/bd/top_design/ip/top_design_processing_system7_0_0/top_design_processing_system7_0_0.dcp' for cell 'top_design_i/processing_system7_0'
INFO: [Project 1-454] Reading design checkpoint '/home/serg/Documents/Xilinx/z700_hdmi/HDMI_FBWRRD/HSMI_FBWRRD.gen/sources_1/bd/top_design/ip/top_design_rgb2dvi_0_0/top_design_rgb2dvi_0_0.dcp' for cell 'top_design_i/rgb2dvi_0'
INFO: [Project 1-454] Reading design checkpoint '/home/serg/Documents/Xilinx/z700_hdmi/HDMI_FBWRRD/HSMI_FBWRRD.gen/sources_1/bd/top_design/ip/top_design_rst_ps7_0_148M_2/top_design_rst_ps7_0_148M_2.dcp' for cell 'top_design_i/rst_ps7_0_100M'
INFO: [Project 1-454] Reading design checkpoint '/home/serg/Documents/Xilinx/z700_hdmi/HDMI_FBWRRD/HSMI_FBWRRD.gen/sources_1/bd/top_design/ip/top_design_rst_ps7_0_148M_1/top_design_rst_ps7_0_148M_1.dcp' for cell 'top_design_i/rst_ps7_0_150M'
INFO: [Project 1-454] Reading design checkpoint '/home/serg/Documents/Xilinx/z700_hdmi/HDMI_FBWRRD/HSMI_FBWRRD.gen/sources_1/bd/top_design/ip/top_design_smartconnect_0_0/top_design_smartconnect_0_0.dcp' for cell 'top_design_i/smartconnect_0'
INFO: [Project 1-454] Reading design checkpoint '/home/serg/Documents/Xilinx/z700_hdmi/HDMI_FBWRRD/HSMI_FBWRRD.gen/sources_1/bd/top_design/ip/top_design_v_axi4s_vid_out_0_1/top_design_v_axi4s_vid_out_0_1.dcp' for cell 'top_design_i/v_axi4s_vid_out_0'
INFO: [Project 1-454] Reading design checkpoint '/home/serg/Documents/Xilinx/z700_hdmi/HDMI_FBWRRD/HSMI_FBWRRD.gen/sources_1/bd/top_design/ip/top_design_v_frmbuf_rd_0_0/top_design_v_frmbuf_rd_0_0.dcp' for cell 'top_design_i/v_frmbuf_rd_0'
INFO: [Project 1-454] Reading design checkpoint '/home/serg/Documents/Xilinx/z700_hdmi/HDMI_FBWRRD/HSMI_FBWRRD.gen/sources_1/bd/top_design/ip/top_design_v_frmbuf_wr_0_0/top_design_v_frmbuf_wr_0_0.dcp' for cell 'top_design_i/v_frmbuf_wr_0'
INFO: [Project 1-454] Reading design checkpoint '/home/serg/Documents/Xilinx/z700_hdmi/HDMI_FBWRRD/HSMI_FBWRRD.gen/sources_1/bd/top_design/ip/top_design_v_tc_0_1/top_design_v_tc_0_1.dcp' for cell 'top_design_i/v_tc_0'
INFO: [Project 1-454] Reading design checkpoint '/home/serg/Documents/Xilinx/z700_hdmi/HDMI_FBWRRD/HSMI_FBWRRD.gen/sources_1/bd/top_design/ip/top_design_v_tpg_0_1/top_design_v_tpg_0_1.dcp' for cell 'top_design_i/v_tpg_0'
Netlist sorting complete. Time (s): cpu = 00:00:00.35 ; elapsed = 00:00:00.35 . Memory (MB): peak = 1913.695 ; gain = 0.000 ; free physical = 2886 ; free virtual = 17579
INFO: [Netlist 29-17] Analyzing 1205 Unisim elements for replacement
INFO: [Netlist 29-28] Unisim Transformation completed in 0 CPU seconds
INFO: [Project 1-479] Netlist was created with Vivado 2025.2
INFO: [Project 1-570] Preparing netlist for logic optimization
Parsing XDC File [/home/serg/Documents/Xilinx/z700_hdmi/HDMI_FBWRRD/HSMI_FBWRRD.gen/sources_1/bd/top_design/ip/top_design_processing_system7_0_0/top_design_processing_system7_0_0.xdc] for cell 'top_design_i/processing_system7_0/inst'
WARNING: [Vivado 12-2489] -input_jitter contains time 0.202470 which will be rounded to 0.202 to ensure it is an integer multiple of 1 picosecond [/home/serg/Documents/Xilinx/z700_hdmi/HDMI_FBWRRD/HSMI_FBWRRD.gen/sources_1/bd/top_design/ip/top_design_processing_system7_0_0/top_design_processing_system7_0_0.xdc:21]
Finished Parsing XDC File [/home/serg/Documents/Xilinx/z700_hdmi/HDMI_FBWRRD/HSMI_FBWRRD.gen/sources_1/bd/top_design/ip/top_design_processing_system7_0_0/top_design_processing_system7_0_0.xdc] for cell 'top_design_i/processing_system7_0/inst'
Parsing XDC File [/home/serg/Documents/Xilinx/z700_hdmi/HDMI_FBWRRD/HSMI_FBWRRD.gen/sources_1/bd/top_design/ip/top_design_axi_smc_1/bd_0/ip/ip_1/bd_b6ca_psr0_0_board.xdc] for cell 'top_design_i/axi_smc/inst/clk_map/psr0/U0'
Finished Parsing XDC File [/home/serg/Documents/Xilinx/z700_hdmi/HDMI_FBWRRD/HSMI_FBWRRD.gen/sources_1/bd/top_design/ip/top_design_axi_smc_1/bd_0/ip/ip_1/bd_b6ca_psr0_0_board.xdc] for cell 'top_design_i/axi_smc/inst/clk_map/psr0/U0'
Parsing XDC File [/home/serg/Documents/Xilinx/z700_hdmi/HDMI_FBWRRD/HSMI_FBWRRD.gen/sources_1/bd/top_design/ip/top_design_axi_smc_1/bd_0/ip/ip_2/bd_b6ca_psr_aclk_0_board.xdc] for cell 'top_design_i/axi_smc/inst/clk_map/psr_aclk/U0'
Finished Parsing XDC File [/home/serg/Documents/Xilinx/z700_hdmi/HDMI_FBWRRD/HSMI_FBWRRD.gen/sources_1/bd/top_design/ip/top_design_axi_smc_1/bd_0/ip/ip_2/bd_b6ca_psr_aclk_0_board.xdc] for cell 'top_design_i/axi_smc/inst/clk_map/psr_aclk/U0'
Parsing XDC File [/home/serg/Documents/Xilinx/z700_hdmi/HDMI_FBWRRD/HSMI_FBWRRD.gen/sources_1/bd/top_design/ip/top_design_axi_smc_1/bd_0/ip/ip_3/bd_b6ca_psr_aclk1_0_board.xdc] for cell 'top_design_i/axi_smc/inst/clk_map/psr_aclk1/U0'
Finished Parsing XDC File [/home/serg/Documents/Xilinx/z700_hdmi/HDMI_FBWRRD/HSMI_FBWRRD.gen/sources_1/bd/top_design/ip/top_design_axi_smc_1/bd_0/ip/ip_3/bd_b6ca_psr_aclk1_0_board.xdc] for cell 'top_design_i/axi_smc/inst/clk_map/psr_aclk1/U0'
Parsing XDC File [/home/serg/Documents/Xilinx/z700_hdmi/HDMI_FBWRRD/HSMI_FBWRRD.gen/sources_1/bd/top_design/ip/top_design_axi_smc_1/smartconnect.xdc] for cell 'top_design_i/axi_smc/inst'
Finished Parsing XDC File [/home/serg/Documents/Xilinx/z700_hdmi/HDMI_FBWRRD/HSMI_FBWRRD.gen/sources_1/bd/top_design/ip/top_design_axi_smc_1/smartconnect.xdc] for cell 'top_design_i/axi_smc/inst'
Parsing XDC File [/home/serg/Documents/Xilinx/z700_hdmi/HDMI_FBWRRD/HSMI_FBWRRD.gen/sources_1/bd/top_design/ip/top_design_rst_ps7_0_148M_1/top_design_rst_ps7_0_148M_1_board.xdc] for cell 'top_design_i/rst_ps7_0_150M/U0'
Finished Parsing XDC File [/home/serg/Documents/Xilinx/z700_hdmi/HDMI_FBWRRD/HSMI_FBWRRD.gen/sources_1/bd/top_design/ip/top_design_rst_ps7_0_148M_1/top_design_rst_ps7_0_148M_1_board.xdc] for cell 'top_design_i/rst_ps7_0_150M/U0'
Parsing XDC File [/home/serg/Documents/Xilinx/z700_hdmi/HDMI_FBWRRD/HSMI_FBWRRD.gen/sources_1/bd/top_design/ip/top_design_rgb2dvi_0_0/src/rgb2dvi.xdc] for cell 'top_design_i/rgb2dvi_0/U0'
Finished Parsing XDC File [/home/serg/Documents/Xilinx/z700_hdmi/HDMI_FBWRRD/HSMI_FBWRRD.gen/sources_1/bd/top_design/ip/top_design_rgb2dvi_0_0/src/rgb2dvi.xdc] for cell 'top_design_i/rgb2dvi_0/U0'
Parsing XDC File [/home/serg/Documents/Xilinx/z700_hdmi/HDMI_FBWRRD/HSMI_FBWRRD.gen/sources_1/bd/top_design/ip/top_design_axi_dynclk_0_0/src/axi_dynclk.xdc] for cell 'top_design_i/axi_dynclk_0/U0'
Finished Parsing XDC File [/home/serg/Documents/Xilinx/z700_hdmi/HDMI_FBWRRD/HSMI_FBWRRD.gen/sources_1/bd/top_design/ip/top_design_axi_dynclk_0_0/src/axi_dynclk.xdc] for cell 'top_design_i/axi_dynclk_0/U0'
Parsing XDC File [/home/serg/Documents/Xilinx/z700_hdmi/HDMI_FBWRRD/HSMI_FBWRRD.gen/sources_1/bd/top_design/ip/top_design_rst_ps7_0_148M_2/top_design_rst_ps7_0_148M_2_board.xdc] for cell 'top_design_i/rst_ps7_0_100M/U0'
Finished Parsing XDC File [/home/serg/Documents/Xilinx/z700_hdmi/HDMI_FBWRRD/HSMI_FBWRRD.gen/sources_1/bd/top_design/ip/top_design_rst_ps7_0_148M_2/top_design_rst_ps7_0_148M_2_board.xdc] for cell 'top_design_i/rst_ps7_0_100M/U0'
Parsing XDC File [/home/serg/Documents/Xilinx/z700_hdmi/HDMI_FBWRRD/HSMI_FBWRRD.gen/sources_1/bd/top_design/ip/top_design_smartconnect_0_0/bd_0/ip/ip_1/bd_8df6_psr_aclk_0_board.xdc] for cell 'top_design_i/smartconnect_0/inst/clk_map/psr_aclk/U0'
Finished Parsing XDC File [/home/serg/Documents/Xilinx/z700_hdmi/HDMI_FBWRRD/HSMI_FBWRRD.gen/sources_1/bd/top_design/ip/top_design_smartconnect_0_0/bd_0/ip/ip_1/bd_8df6_psr_aclk_0_board.xdc] for cell 'top_design_i/smartconnect_0/inst/clk_map/psr_aclk/U0'
Parsing XDC File [/home/serg/Documents/Xilinx/z700_hdmi/HDMI_FBWRRD/HSMI_FBWRRD.gen/sources_1/bd/top_design/ip/top_design_smartconnect_0_0/smartconnect.xdc] for cell 'top_design_i/smartconnect_0/inst'
Finished Parsing XDC File [/home/serg/Documents/Xilinx/z700_hdmi/HDMI_FBWRRD/HSMI_FBWRRD.gen/sources_1/bd/top_design/ip/top_design_smartconnect_0_0/smartconnect.xdc] for cell 'top_design_i/smartconnect_0/inst'
Parsing XDC File [/home/serg/Documents/Xilinx/z700_hdmi/HDMI_FBWRRD/HSMI_FBWRRD.srcs/constrs_1/new/phy_constr.xdc]
Finished Parsing XDC File [/home/serg/Documents/Xilinx/z700_hdmi/HDMI_FBWRRD/HSMI_FBWRRD.srcs/constrs_1/new/phy_constr.xdc]
Parsing XDC File [/home/serg/Documents/Xilinx/z700_hdmi/HDMI_FBWRRD/HSMI_FBWRRD.gen/sources_1/bd/top_design/ip/top_design_v_tpg_0_1/top_design_v_tpg_0_1.xdc] for cell 'top_design_i/v_tpg_0/inst'
Finished Parsing XDC File [/home/serg/Documents/Xilinx/z700_hdmi/HDMI_FBWRRD/HSMI_FBWRRD.gen/sources_1/bd/top_design/ip/top_design_v_tpg_0_1/top_design_v_tpg_0_1.xdc] for cell 'top_design_i/v_tpg_0/inst'
Parsing XDC File [/home/serg/Documents/Xilinx/z700_hdmi/HDMI_FBWRRD/HSMI_FBWRRD.gen/sources_1/bd/top_design/ip/top_design_v_axi4s_vid_out_0_1/top_design_v_axi4s_vid_out_0_1_clocks.xdc] for cell 'top_design_i/v_axi4s_vid_out_0/inst'
Finished Parsing XDC File [/home/serg/Documents/Xilinx/z700_hdmi/HDMI_FBWRRD/HSMI_FBWRRD.gen/sources_1/bd/top_design/ip/top_design_v_axi4s_vid_out_0_1/top_design_v_axi4s_vid_out_0_1_clocks.xdc] for cell 'top_design_i/v_axi4s_vid_out_0/inst'
Parsing XDC File [/home/serg/Documents/Xilinx/z700_hdmi/HDMI_FBWRRD/HSMI_FBWRRD.gen/sources_1/bd/top_design/ip/top_design_v_tc_0_1/top_design_v_tc_0_1_clocks.xdc] for cell 'top_design_i/v_tc_0/U0'
INFO: [Timing 38-35] Done setting XDC timing constraints. [/home/serg/Documents/Xilinx/z700_hdmi/HDMI_FBWRRD/HSMI_FBWRRD.gen/sources_1/bd/top_design/ip/top_design_v_tc_0_1/top_design_v_tc_0_1_clocks.xdc:2]
INFO: [Timing 38-2] Deriving generated clocks [/home/serg/Documents/Xilinx/z700_hdmi/HDMI_FBWRRD/HSMI_FBWRRD.gen/sources_1/bd/top_design/ip/top_design_v_tc_0_1/top_design_v_tc_0_1_clocks.xdc:2]
Finished Parsing XDC File [/home/serg/Documents/Xilinx/z700_hdmi/HDMI_FBWRRD/HSMI_FBWRRD.gen/sources_1/bd/top_design/ip/top_design_v_tc_0_1/top_design_v_tc_0_1_clocks.xdc] for cell 'top_design_i/v_tc_0/U0'
Parsing XDC File [/home/serg/Documents/Xilinx/z700_hdmi/HDMI_FBWRRD/HSMI_FBWRRD.gen/sources_1/bd/top_design/ip/top_design_rgb2dvi_0_0/src/rgb2dvi_clocks.xdc] for cell 'top_design_i/rgb2dvi_0/U0'
Finished Parsing XDC File [/home/serg/Documents/Xilinx/z700_hdmi/HDMI_FBWRRD/HSMI_FBWRRD.gen/sources_1/bd/top_design/ip/top_design_rgb2dvi_0_0/src/rgb2dvi_clocks.xdc] for cell 'top_design_i/rgb2dvi_0/U0'
Parsing XDC File [/home/serg/Documents/Xilinx/z700_hdmi/HDMI_FBWRRD/HSMI_FBWRRD.gen/sources_1/bd/top_design/ip/top_design_v_frmbuf_wr_0_0/top_design_v_frmbuf_wr_0_0.xdc] for cell 'top_design_i/v_frmbuf_wr_0/inst'
Finished Parsing XDC File [/home/serg/Documents/Xilinx/z700_hdmi/HDMI_FBWRRD/HSMI_FBWRRD.gen/sources_1/bd/top_design/ip/top_design_v_frmbuf_wr_0_0/top_design_v_frmbuf_wr_0_0.xdc] for cell 'top_design_i/v_frmbuf_wr_0/inst'
Parsing XDC File [/home/serg/Documents/Xilinx/z700_hdmi/HDMI_FBWRRD/HSMI_FBWRRD.gen/sources_1/bd/top_design/ip/top_design_v_frmbuf_rd_0_0/top_design_v_frmbuf_rd_0_0.xdc] for cell 'top_design_i/v_frmbuf_rd_0/inst'
Finished Parsing XDC File [/home/serg/Documents/Xilinx/z700_hdmi/HDMI_FBWRRD/HSMI_FBWRRD.gen/sources_1/bd/top_design/ip/top_design_v_frmbuf_rd_0_0/top_design_v_frmbuf_rd_0_0.xdc] for cell 'top_design_i/v_frmbuf_rd_0/inst'
INFO: [Project 1-1714] 221 XPM XDC files have been applied to the design.
INFO: [Opt 31-138] Pushed 0 inverter(s) to 0 load pin(s).
Netlist sorting complete. Time (s): cpu = 00:00:00 ; elapsed = 00:00:00 . Memory (MB): peak = 2674.723 ; gain = 0.000 ; free physical = 2292 ; free virtual = 16984
INFO: [Project 1-111] Unisim Transformation Summary:
  A total of 170 instances were transformed.
  RAM16X1D => RAM32X1D (RAMD32(x2)): 2 instances
  RAM32M => RAM32M (RAMD32(x6), RAMS32(x2)): 151 instances
  RAM32X1D => RAM32X1D (RAMD32(x2)): 17 instances

26 Infos, 1 Warnings, 0 Critical Warnings and 0 Errors encountered.
link_design completed successfully
link_design: Time (s): cpu = 00:00:13 ; elapsed = 00:00:12 . Memory (MB): peak = 2674.758 ; gain = 1050.859 ; free physical = 2292 ; free virtual = 16984
Command: opt_design
Attempting to get a license for feature 'Implementation' and/or device 'xc7z020'
INFO: [Common 17-349] Got license for feature 'Implementation' and/or device 'xc7z020'
Running DRC as a precondition to command opt_design

Starting DRC Task
INFO: [DRC 23-27] Running DRC with 8 threads
INFO: [Project 1-461] DRC finished with 0 Errors
INFO: [Project 1-462] Please refer to the DRC report (report_drc) for more information.

Time (s): cpu = 00:00:01 ; elapsed = 00:00:00.37 . Memory (MB): peak = 2674.758 ; gain = 0.000 ; free physical = 2270 ; free virtual = 16961

Starting Cache Timing Information Task
INFO: [Timing 38-35] Done setting XDC timing constraints.
Ending Cache Timing Information Task | Checksum: 1435454ab

Time (s): cpu = 00:00:01 ; elapsed = 00:00:00.57 . Memory (MB): peak = 2683.629 ; gain = 8.871 ; free physical = 2230 ; free virtual = 16920

Starting Logic Optimization Task

Phase 1 Initialization

Phase 1.1 Core Generation And Design Setup
Phase 1.1 Core Generation And Design Setup | Checksum: 1435454ab

Time (s): cpu = 00:00:00.03 ; elapsed = 00:00:00.03 . Memory (MB): peak = 3043.410 ; gain = 0.000 ; free physical = 1848 ; free virtual = 16531

Phase 1.2 Setup Constraints And Sort Netlist
Phase 1.2 Setup Constraints And Sort Netlist | Checksum: 1435454ab

Time (s): cpu = 00:00:00.04 ; elapsed = 00:00:00.04 . Memory (MB): peak = 3043.410 ; gain = 0.000 ; free physical = 1848 ; free virtual = 16531
Phase 1 Initialization | Checksum: 1435454ab

Time (s): cpu = 00:00:00.04 ; elapsed = 00:00:00.04 . Memory (MB): peak = 3043.410 ; gain = 0.000 ; free physical = 1848 ; free virtual = 16531

Phase 2 Timer Update And Timing Data Collection

Phase 2.1 Detect if minReqCache needed
Phase 2.1 Detect if minReqCache needed | Checksum: 1435454ab

Time (s): cpu = 00:00:00.06 ; elapsed = 00:00:00.06 . Memory (MB): peak = 3043.410 ; gain = 0.000 ; free physical = 1833 ; free virtual = 16516

Phase 2.2 Timer Update
Phase 2.2 Timer Update | Checksum: 1435454ab

Time (s): cpu = 00:00:01 ; elapsed = 00:00:00.28 . Memory (MB): peak = 3043.410 ; gain = 0.000 ; free physical = 1833 ; free virtual = 16515

Phase 2.3 Timing Data Collection
Phase 2.3 Timing Data Collection | Checksum: 1435454ab

Time (s): cpu = 00:00:01 ; elapsed = 00:00:00.29 . Memory (MB): peak = 3043.410 ; gain = 0.000 ; free physical = 1825 ; free virtual = 16507
Phase 2 Timer Update And Timing Data Collection | Checksum: 1435454ab

Time (s): cpu = 00:00:01 ; elapsed = 00:00:00.3 . Memory (MB): peak = 3043.410 ; gain = 0.000 ; free physical = 1836 ; free virtual = 16518

Phase 3 Retarget
INFO: [Opt 31-1851] Number of loadless carry chains removed were: 0
INFO: [Opt 31-1834] Total Chains To Be Transformed Were: 0 AND Number of Transformed insts Created are: 0
INFO: [Opt 31-1566] Pulled 14 inverters resulting in an inversion of 138 pins
INFO: [Opt 31-138] Pushed 41 inverter(s) to 178 load pin(s).
INFO: [Opt 31-49] Retargeted 0 cell(s).
Phase 3 Retarget | Checksum: c72fe715

Time (s): cpu = 00:00:02 ; elapsed = 00:00:00.69 . Memory (MB): peak = 3043.410 ; gain = 0.000 ; free physical = 1820 ; free virtual = 16503
Retarget | Checksum: c72fe715
INFO: [Opt 31-389] Phase Retarget created 469 cells and removed 555 cells
INFO: [Opt 31-1021] In phase Retarget, 398 netlist objects are constrained preventing optimization. Please run opt_design with -debug_log to get more detail. 

Phase 4 Constant propagation
INFO: [Opt 31-138] Pushed 1 inverter(s) to 1 load pin(s).
Phase 4 Constant propagation | Checksum: 103935948

Time (s): cpu = 00:00:02 ; elapsed = 00:00:00.97 . Memory (MB): peak = 3043.410 ; gain = 0.000 ; free physical = 1826 ; free virtual = 16508
Constant propagation | Checksum: 103935948
INFO: [Opt 31-389] Phase Constant propagation created 393 cells and removed 2430 cells
INFO: [Opt 31-1021] In phase Constant propagation, 1379 netlist objects are constrained preventing optimization. Please run opt_design with -debug_log to get more detail. 

Phase 5 Sweep
INFO: [Constraints 18-11670] Building netlist checker database with flags, 0x8
Done building netlist checker database: Time (s): cpu = 00:00:00.01 ; elapsed = 00:00:00.01 . Memory (MB): peak = 3043.410 ; gain = 0.000 ; free physical = 1825 ; free virtual = 16508
INFO: [Constraints 18-11670] Building netlist checker database with flags, 0x8
Done building netlist checker database: Time (s): cpu = 00:00:00.01 ; elapsed = 00:00:00.01 . Memory (MB): peak = 3043.410 ; gain = 0.000 ; free physical = 1826 ; free virtual = 16508
Phase 5 Sweep | Checksum: 84b30ff6

Time (s): cpu = 00:00:03 ; elapsed = 00:00:02 . Memory (MB): peak = 3043.410 ; gain = 0.000 ; free physical = 1821 ; free virtual = 16503
Sweep | Checksum: 84b30ff6
INFO: [Opt 31-389] Phase Sweep created 0 cells and removed 3990 cells
INFO: [Opt 31-1021] In phase Sweep, 296 netlist objects are constrained preventing optimization. Please run opt_design with -debug_log to get more detail. 

Phase 6 BUFG optimization
INFO: [Opt 31-194] Inserted BUFG top_design_i/processing_system7_0/inst/FCLK_CLK0_BUFG_inst to drive 1946 load(s) on clock net top_design_i/processing_system7_0/inst/FCLK_CLK0_BUFG
INFO: [Opt 31-193] Inserted 1 BUFG(s) on clock nets
Phase 6 BUFG optimization | Checksum: 1070f687c

Time (s): cpu = 00:00:03 ; elapsed = 00:00:02 . Memory (MB): peak = 3075.426 ; gain = 32.016 ; free physical = 1821 ; free virtual = 16503
BUFG optimization | Checksum: 1070f687c
INFO: [Opt 31-662] Phase BUFG optimization created 1 cells of which 1 are BUFGs and removed 0 cells.

Phase 7 Shift Register Optimization
INFO: [Opt 31-1064] SRL Remap converted 0 SRLs to 0 registers and converted 0 registers of register chains to 0 SRLs
Phase 7 Shift Register Optimization | Checksum: 1070f687c

Time (s): cpu = 00:00:03 ; elapsed = 00:00:02 . Memory (MB): peak = 3075.426 ; gain = 32.016 ; free physical = 1821 ; free virtual = 16503
Shift Register Optimization | Checksum: 1070f687c
INFO: [Opt 31-389] Phase Shift Register Optimization created 0 cells and removed 0 cells

Phase 8 Post Processing Netlist
Phase 8 Post Processing Netlist | Checksum: 9fbec067

Time (s): cpu = 00:00:03 ; elapsed = 00:00:02 . Memory (MB): peak = 3075.426 ; gain = 32.016 ; free physical = 1817 ; free virtual = 16499
Post Processing Netlist | Checksum: 9fbec067
INFO: [Opt 31-389] Phase Post Processing Netlist created 0 cells and removed 0 cells
INFO: [Opt 31-1021] In phase Post Processing Netlist, 217 netlist objects are constrained preventing optimization. Please run opt_design with -debug_log to get more detail. 

Phase 9 Finalization

Phase 9.1 Finalizing Design Cores and Updating Shapes
Phase 9.1 Finalizing Design Cores and Updating Shapes | Checksum: 1b6c60999

Time (s): cpu = 00:00:04 ; elapsed = 00:00:03 . Memory (MB): peak = 3075.426 ; gain = 32.016 ; free physical = 1834 ; free virtual = 16516

Phase 9.2 Verifying Netlist Connectivity

Starting Connectivity Check Task

Time (s): cpu = 00:00:00.03 ; elapsed = 00:00:00.03 . Memory (MB): peak = 3075.426 ; gain = 0.000 ; free physical = 1835 ; free virtual = 16518
Phase 9.2 Verifying Netlist Connectivity | Checksum: 1b6c60999

Time (s): cpu = 00:00:04 ; elapsed = 00:00:03 . Memory (MB): peak = 3075.426 ; gain = 32.016 ; free physical = 1835 ; free virtual = 16517
Phase 9 Finalization | Checksum: 1b6c60999

Time (s): cpu = 00:00:04 ; elapsed = 00:00:03 . Memory (MB): peak = 3075.426 ; gain = 32.016 ; free physical = 1835 ; free virtual = 16517
Opt_design Change Summary
=========================


-------------------------------------------------------------------------------------------------------------------------
|  Phase                        |  #Cells created  |  #Cells Removed  |  #Constrained objects preventing optimizations  |
-------------------------------------------------------------------------------------------------------------------------
|  Retarget                     |             469  |             555  |                                            398  |
|  Constant propagation         |             393  |            2430  |                                           1379  |
|  Sweep                        |               0  |            3990  |                                            296  |
|  BUFG optimization            |               1  |               0  |                                              0  |
|  Shift Register Optimization  |               0  |               0  |                                              0  |
|  Post Processing Netlist      |               0  |               0  |                                            217  |
-------------------------------------------------------------------------------------------------------------------------


Ending Logic Optimization Task | Checksum: 1b6c60999

Time (s): cpu = 00:00:04 ; elapsed = 00:00:03 . Memory (MB): peak = 3075.426 ; gain = 32.016 ; free physical = 1835 ; free virtual = 16517

Starting Power Optimization Task
INFO: [Pwropt 34-132] Skipping clock gating for clocks with a period < 2.00 ns.
INFO: [Pwropt 34-9] Applying IDT optimizations ...
INFO: [Pwropt 34-10] Applying ODC optimizations ...
INFO: [Timing 38-35] Done setting XDC timing constraints.
Running Vector-less Activity Propagation...

Finished Running Vector-less Activity Propagation


Starting PowerOpt Patch Enables Task
INFO: [Pwropt 34-162] WRITE_MODE attribute of 0 BRAM(s) out of a total of 12 has been updated to save power. Run report_power_opt to get a complete listing of the BRAMs updated.
INFO: [Pwropt 34-201] Structural ODC has moved 0 WE to EN ports
Number of BRAM Ports augmented: 2 newly gated: 2 Total Ports: 24
Ending PowerOpt Patch Enables Task | Checksum: 9db259d7

Time (s): cpu = 00:00:00.12 ; elapsed = 00:00:00.08 . Memory (MB): peak = 3267.500 ; gain = 0.000 ; free physical = 1865 ; free virtual = 16537
Ending Power Optimization Task | Checksum: 9db259d7

Time (s): cpu = 00:00:06 ; elapsed = 00:00:03 . Memory (MB): peak = 3267.500 ; gain = 192.074 ; free physical = 1865 ; free virtual = 16537

Starting Final Cleanup Task

Starting Logic Optimization Task
INFO: [Timing 38-35] Done setting XDC timing constraints.
Ending Logic Optimization Task | Checksum: 120addad7

Time (s): cpu = 00:00:02 ; elapsed = 00:00:00.95 . Memory (MB): peak = 3267.500 ; gain = 0.000 ; free physical = 1689 ; free virtual = 16351
Ending Final Cleanup Task | Checksum: 120addad7

Time (s): cpu = 00:00:04 ; elapsed = 00:00:03 . Memory (MB): peak = 3267.500 ; gain = 0.000 ; free physical = 1689 ; free virtual = 16351
Netlist sorting complete. Time (s): cpu = 00:00:00.01 ; elapsed = 00:00:00.01 . Memory (MB): peak = 3267.500 ; gain = 0.000 ; free physical = 1689 ; free virtual = 16351
INFO: [Common 17-83] Releasing license: Implementation
60 Infos, 1 Warnings, 0 Critical Warnings and 0 Errors encountered.
opt_design completed successfully
opt_design: Time (s): cpu = 00:00:18 ; elapsed = 00:00:11 . Memory (MB): peak = 3267.500 ; gain = 592.742 ; free physical = 1689 ; free virtual = 16351
INFO: [Vivado 12-24828] Executing command : report_drc -file top_design_wrapper_drc_opted.rpt -pb top_design_wrapper_drc_opted.pb -rpx top_design_wrapper_drc_opted.rpx
Command: report_drc -file top_design_wrapper_drc_opted.rpt -pb top_design_wrapper_drc_opted.pb -rpx top_design_wrapper_drc_opted.rpx
INFO: [IP_Flow 19-1839] IP Catalog is up to date.
INFO: [DRC 23-27] Running DRC with 8 threads
INFO: [Vivado_Tcl 2-168] The results of DRC are in file /home/serg/Documents/Xilinx/z700_hdmi/HDMI_FBWRRD/HSMI_FBWRRD.runs/impl_1/top_design_wrapper_drc_opted.rpt.
report_drc completed successfully
INFO: [Timing 38-480] Writing timing data to binary archive.
Wrote PlaceDB: Time (s): cpu = 00:00:00 ; elapsed = 00:00:00 . Memory (MB): peak = 3267.500 ; gain = 0.000 ; free physical = 1685 ; free virtual = 16348
Wrote PulsedLatchDB: Time (s): cpu = 00:00:00 ; elapsed = 00:00:00 . Memory (MB): peak = 3267.500 ; gain = 0.000 ; free physical = 1685 ; free virtual = 16348
Writing XDEF routing.
Writing XDEF routing logical nets.
Write ShapeDB Complete: Time (s): cpu = 00:00:00.14 ; elapsed = 00:00:00.03 . Memory (MB): peak = 3267.500 ; gain = 0.000 ; free physical = 1681 ; free virtual = 16347
Writing XDEF routing special nets.
Wrote RouteStorage: Time (s): cpu = 00:00:00.22 ; elapsed = 00:00:00.05 . Memory (MB): peak = 3267.500 ; gain = 0.000 ; free physical = 1681 ; free virtual = 16347
Wrote PlaceStorage: Time (s): cpu = 00:00:00.02 ; elapsed = 00:00:00 . Memory (MB): peak = 3267.500 ; gain = 0.000 ; free physical = 1681 ; free virtual = 16347
Wrote Netlist Cache: Time (s): cpu = 00:00:00 ; elapsed = 00:00:00 . Memory (MB): peak = 3267.500 ; gain = 0.000 ; free physical = 1681 ; free virtual = 16347
Wrote Device Cache: Time (s): cpu = 00:00:00.02 ; elapsed = 00:00:00.01 . Memory (MB): peak = 3267.500 ; gain = 0.000 ; free physical = 1679 ; free virtual = 16346
Write Physdb Complete: Time (s): cpu = 00:00:00.27 ; elapsed = 00:00:00.06 . Memory (MB): peak = 3267.500 ; gain = 0.000 ; free physical = 1679 ; free virtual = 16346
INFO: [Common 17-1381] The checkpoint '/home/serg/Documents/Xilinx/z700_hdmi/HDMI_FBWRRD/HSMI_FBWRRD.runs/impl_1/top_design_wrapper_opt.dcp' has been generated.
Command: place_design
Attempting to get a license for feature 'Implementation' and/or device 'xc7z020'
INFO: [Common 17-349] Got license for feature 'Implementation' and/or device 'xc7z020'
INFO: [Common 17-83] Releasing license: Implementation
INFO: [DRC 23-27] Running DRC with 8 threads
INFO: [Vivado_Tcl 4-198] DRC finished with 0 Errors
INFO: [Vivado_Tcl 4-199] Please refer to the DRC report (report_drc) for more information.
INFO: [Timing 38-35] Done setting XDC timing constraints.
Running DRC as a precondition to command place_design
INFO: [DRC 23-27] Running DRC with 8 threads
INFO: [Vivado_Tcl 4-198] DRC finished with 0 Errors
INFO: [Vivado_Tcl 4-199] Please refer to the DRC report (report_drc) for more information.
INFO: [Place 30-611] Multithreading enabled for place_design using a maximum of 8 CPUs

Starting Placer Task

Phase 1 Placer Initialization

Phase 1.1 Placer Initialization Netlist Sorting
Netlist sorting complete. Time (s): cpu = 00:00:00.01 ; elapsed = 00:00:00 . Memory (MB): peak = 3330.582 ; gain = 0.000 ; free physical = 1472 ; free virtual = 16170
Phase 1.1 Placer Initialization Netlist Sorting | Checksum: 5c3268be

Time (s): cpu = 00:00:00.01 ; elapsed = 00:00:00.01 . Memory (MB): peak = 3330.582 ; gain = 0.000 ; free physical = 1472 ; free virtual = 16169
Netlist sorting complete. Time (s): cpu = 00:00:00.01 ; elapsed = 00:00:00 . Memory (MB): peak = 3330.582 ; gain = 0.000 ; free physical = 1472 ; free virtual = 16169

Phase 1.2 IO Placement/ Clock Placement/ Build Placer Device
Phase 1.2 IO Placement/ Clock Placement/ Build Placer Device | Checksum: 48a5ea82

Time (s): cpu = 00:00:02 ; elapsed = 00:00:01 . Memory (MB): peak = 3330.582 ; gain = 0.000 ; free physical = 1389 ; free virtual = 16136

Phase 1.3 Build Placer Netlist Model
Phase 1.3 Build Placer Netlist Model | Checksum: 16ff96371

Time (s): cpu = 00:00:08 ; elapsed = 00:00:04 . Memory (MB): peak = 3330.582 ; gain = 0.000 ; free physical = 1409 ; free virtual = 16128

Phase 1.4 Constrain Clocks/Macros
Phase 1.4 Constrain Clocks/Macros | Checksum: 16ff96371

Time (s): cpu = 00:00:08 ; elapsed = 00:00:04 . Memory (MB): peak = 3330.582 ; gain = 0.000 ; free physical = 1410 ; free virtual = 16129
Phase 1 Placer Initialization | Checksum: 16ff96371

Time (s): cpu = 00:00:08 ; elapsed = 00:00:04 . Memory (MB): peak = 3330.582 ; gain = 0.000 ; free physical = 1410 ; free virtual = 16129

Phase 2 Global Placement

Phase 2.1 Floorplanning
Phase 2.1 Floorplanning | Checksum: 1ee53433a

Time (s): cpu = 00:00:11 ; elapsed = 00:00:04 . Memory (MB): peak = 3330.582 ; gain = 0.000 ; free physical = 1436 ; free virtual = 16152

Phase 2.2 Update Timing before SLR Path Opt
Phase 2.2 Update Timing before SLR Path Opt | Checksum: 1390989d1

Time (s): cpu = 00:00:14 ; elapsed = 00:00:05 . Memory (MB): peak = 3330.582 ; gain = 0.000 ; free physical = 1434 ; free virtual = 16150

Phase 2.3 Post-Processing in Floorplanning
Phase 2.3 Post-Processing in Floorplanning | Checksum: 1390989d1

Time (s): cpu = 00:00:14 ; elapsed = 00:00:05 . Memory (MB): peak = 3330.582 ; gain = 0.000 ; free physical = 1434 ; free virtual = 16150

Phase 2.4 Global Place Phase1
Phase 2.4 Global Place Phase1 | Checksum: 18ee6bb19

Time (s): cpu = 00:00:33 ; elapsed = 00:00:10 . Memory (MB): peak = 3330.582 ; gain = 0.000 ; free physical = 1503 ; free virtual = 16222

Phase 2.5 Global Place Phase2

Phase 2.5.1 UpdateTiming Before Physical Synthesis
Phase 2.5.1 UpdateTiming Before Physical Synthesis | Checksum: 1bbc75ac2

Time (s): cpu = 00:00:36 ; elapsed = 00:00:11 . Memory (MB): peak = 3330.582 ; gain = 0.000 ; free physical = 1502 ; free virtual = 16221

Phase 2.5.2 Physical Synthesis In Placer
INFO: [Physopt 32-1035] Found 0 LUTNM shape to break, 802 LUT instances to create LUTNM shape
INFO: [Physopt 32-1044] Break lutnm for timing: one critical 0, two critical 0, total 0, new lutff created 0
INFO: [Physopt 32-1138] End 1 Pass. Optimized 311 nets or LUTs. Breaked 0 LUT, combined 311 existing LUTs and moved 0 existing LUT
INFO: [Physopt 32-65] No nets found for high-fanout optimization.
INFO: [Physopt 32-232] Optimized 0 net. Created 0 new instance.
INFO: [Physopt 32-775] End 1 Pass. Optimized 0 net or cell. Created 0 new cell, deleted 0 existing cell and moved 0 existing cell
INFO: [Physopt 32-456] No candidate cells for DSP register optimization found in the design.
INFO: [Physopt 32-775] End 2 Pass. Optimized 0 net or cell. Created 0 new cell, deleted 0 existing cell and moved 0 existing cell
INFO: [Physopt 32-1123] No candidate cells found for Shift Register to Pipeline optimization
INFO: [Physopt 32-775] End 2 Pass. Optimized 0 net or cell. Created 0 new cell, deleted 0 existing cell and moved 0 existing cell
INFO: [Physopt 32-1401] No candidate cells found for Shift Register optimization.
INFO: [Physopt 32-677] No candidate cells for Shift Register optimization found in the design
INFO: [Physopt 32-775] End 1 Pass. Optimized 0 net or cell. Created 0 new cell, deleted 0 existing cell and moved 0 existing cell
INFO: [Physopt 32-526] No candidate cells for BRAM register optimization found in the design
INFO: [Physopt 32-775] End 1 Pass. Optimized 0 net or cell. Created 0 new cell, deleted 0 existing cell and moved 0 existing cell
INFO: [Physopt 32-846] No candidate cells for URAM register optimization found in the design
INFO: [Physopt 32-775] End 1 Pass. Optimized 0 net or cell. Created 0 new cell, deleted 0 existing cell and moved 0 existing cell
INFO: [Physopt 32-846] No candidate cells for URAM register optimization found in the design
INFO: [Physopt 32-775] End 1 Pass. Optimized 0 net or cell. Created 0 new cell, deleted 0 existing cell and moved 0 existing cell
INFO: [Physopt 32-949] No candidate nets found for dynamic/static region interface net replication
INFO: [Physopt 32-775] End 1 Pass. Optimized 0 net or cell. Created 0 new cell, deleted 0 existing cell and moved 0 existing cell
Netlist sorting complete. Time (s): cpu = 00:00:00.01 ; elapsed = 00:00:00 . Memory (MB): peak = 3330.582 ; gain = 0.000 ; free physical = 1508 ; free virtual = 16227

Summary of Physical Synthesis Optimizations
============================================


-----------------------------------------------------------------------------------------------------------------------------------------------------------
|  Optimization                                     |  Added Cells  |  Removed Cells  |  Optimized Cells/Nets  |  Dont Touch  |  Iterations  |  Elapsed   |
-----------------------------------------------------------------------------------------------------------------------------------------------------------
|  LUT Combining                                    |            0  |            311  |                   311  |           0  |           1  |  00:00:00  |
|  Retime                                           |            0  |              0  |                     0  |           0  |           1  |  00:00:00  |
|  Very High Fanout                                 |            0  |              0  |                     0  |           0  |           1  |  00:00:00  |
|  DSP Register                                     |            0  |              0  |                     0  |           0  |           1  |  00:00:00  |
|  Shift Register to Pipeline                       |            0  |              0  |                     0  |           0  |           1  |  00:00:00  |
|  Shift Register                                   |            0  |              0  |                     0  |           0  |           1  |  00:00:00  |
|  BRAM Register                                    |            0  |              0  |                     0  |           0  |           1  |  00:00:00  |
|  URAM Register                                    |            0  |              0  |                     0  |           0  |           1  |  00:00:00  |
|  Dynamic/Static Region Interface Net Replication  |            0  |              0  |                     0  |           0  |           1  |  00:00:00  |
|  Total                                            |            0  |            311  |                   311  |           0  |           9  |  00:00:00  |
-----------------------------------------------------------------------------------------------------------------------------------------------------------


Phase 2.5.2 Physical Synthesis In Placer | Checksum: cab17560

Time (s): cpu = 00:00:39 ; elapsed = 00:00:12 . Memory (MB): peak = 3330.582 ; gain = 0.000 ; free physical = 1515 ; free virtual = 16233
Phase 2.5 Global Place Phase2 | Checksum: 11194a9c3

Time (s): cpu = 00:00:40 ; elapsed = 00:00:13 . Memory (MB): peak = 3330.582 ; gain = 0.000 ; free physical = 1516 ; free virtual = 16235
Phase 2 Global Placement | Checksum: 11194a9c3

Time (s): cpu = 00:00:40 ; elapsed = 00:00:13 . Memory (MB): peak = 3330.582 ; gain = 0.000 ; free physical = 1516 ; free virtual = 16235

Phase 3 Detail Placement

Phase 3.1 Commit Multi Column Macros
Phase 3.1 Commit Multi Column Macros | Checksum: ec9ce3aa

Time (s): cpu = 00:00:43 ; elapsed = 00:00:13 . Memory (MB): peak = 3330.582 ; gain = 0.000 ; free physical = 1517 ; free virtual = 16235

Phase 3.2 Commit Most Macros & LUTRAMs
Phase 3.2 Commit Most Macros & LUTRAMs | Checksum: 19a4ae8bc

Time (s): cpu = 00:00:47 ; elapsed = 00:00:15 . Memory (MB): peak = 3330.582 ; gain = 0.000 ; free physical = 1509 ; free virtual = 16227

Phase 3.3 Area Swap Optimization
Phase 3.3 Area Swap Optimization | Checksum: 11644ec4d

Time (s): cpu = 00:00:48 ; elapsed = 00:00:15 . Memory (MB): peak = 3330.582 ; gain = 0.000 ; free physical = 1509 ; free virtual = 16227

Phase 3.4 Pipeline Register Optimization
Phase 3.4 Pipeline Register Optimization | Checksum: 1db320b48

Time (s): cpu = 00:00:48 ; elapsed = 00:00:15 . Memory (MB): peak = 3330.582 ; gain = 0.000 ; free physical = 1509 ; free virtual = 16227

Phase 3.5 Fast Optimization
Phase 3.5 Fast Optimization | Checksum: edf4cf30

Time (s): cpu = 00:00:53 ; elapsed = 00:00:16 . Memory (MB): peak = 3330.582 ; gain = 0.000 ; free physical = 1532 ; free virtual = 16250

Phase 3.6 Small Shape Detail Placement
Phase 3.6 Small Shape Detail Placement | Checksum: a9bb9e57

Time (s): cpu = 00:00:58 ; elapsed = 00:00:20 . Memory (MB): peak = 3330.582 ; gain = 0.000 ; free physical = 1502 ; free virtual = 16232

Phase 3.7 Re-assign LUT pins
Phase 3.7 Re-assign LUT pins | Checksum: df13fa91

Time (s): cpu = 00:00:59 ; elapsed = 00:00:21 . Memory (MB): peak = 3330.582 ; gain = 0.000 ; free physical = 1520 ; free virtual = 16250

Phase 3.8 Pipeline Register Optimization
Phase 3.8 Pipeline Register Optimization | Checksum: 122c9842d

Time (s): cpu = 00:00:59 ; elapsed = 00:00:21 . Memory (MB): peak = 3330.582 ; gain = 0.000 ; free physical = 1520 ; free virtual = 16250

Phase 3.9 Fast Optimization
Phase 3.9 Fast Optimization | Checksum: 8b889ad0

Time (s): cpu = 00:01:08 ; elapsed = 00:00:23 . Memory (MB): peak = 3330.582 ; gain = 0.000 ; free physical = 1533 ; free virtual = 16263
Phase 3 Detail Placement | Checksum: 8b889ad0

Time (s): cpu = 00:01:08 ; elapsed = 00:00:23 . Memory (MB): peak = 3330.582 ; gain = 0.000 ; free physical = 1533 ; free virtual = 16262

Phase 4 Post Placement Optimization and Clean-Up

Phase 4.1 Post Commit Optimization
INFO: [Timing 38-35] Done setting XDC timing constraints.

Phase 4.1.1 Post Placement Optimization
Post Placement Optimization Initialization | Checksum: 17c13e9e9

Phase 4.1.1.1 BUFG Insertion

Starting Physical Synthesis Task

Phase 1 Physical Synthesis Initialization
INFO: [Physopt 32-721] Multithreading enabled for phys_opt_design using a maximum of 8 CPUs
INFO: [Physopt 32-619] Estimated Timing Summary | WNS=-0.430 | TNS=-2.757 |
Phase 1 Physical Synthesis Initialization | Checksum: 1da04f263

Time (s): cpu = 00:00:00.85 ; elapsed = 00:00:00.21 . Memory (MB): peak = 3330.582 ; gain = 0.000 ; free physical = 1535 ; free virtual = 16264
INFO: [Place 46-33] Processed net top_design_i/v_frmbuf_rd_0/inst/grp_FrmbufRdHlsDataFlow_fu_166/Bytes2MultiPixStream_U0/grp_Bytes2MultiPixStream_Pipeline_VITIS_LOOP_1240_1_fu_172/flow_control_loop_pipe_sequential_init_U/SR[0], BUFG insertion was skipped due to placement/routing conflicts.
INFO: [Place 46-56] BUFG insertion identified 1 candidate nets. Inserted BUFG: 0, Replicated BUFG Driver: 0, Skipped due to Placement/Routing Conflicts: 1, Skipped due to Timing Degradation: 0, Skipped due to netlist editing failed: 0.
Ending Physical Synthesis Task | Checksum: 1d93fb691

Time (s): cpu = 00:00:01 ; elapsed = 00:00:00.33 . Memory (MB): peak = 3330.582 ; gain = 0.000 ; free physical = 1535 ; free virtual = 16264
Phase 4.1.1.1 BUFG Insertion | Checksum: 17c13e9e9

Time (s): cpu = 00:01:16 ; elapsed = 00:00:25 . Memory (MB): peak = 3330.582 ; gain = 0.000 ; free physical = 1535 ; free virtual = 16264

Phase 4.1.1.2 Post Placement Timing Optimization
INFO: [Place 30-746] Post Placement Timing Summary WNS=0.363. For the most accurate timing information please run report_timing.
Phase 4.1.1.2 Post Placement Timing Optimization | Checksum: 139c5dc28

Time (s): cpu = 00:01:24 ; elapsed = 00:00:32 . Memory (MB): peak = 3330.582 ; gain = 0.000 ; free physical = 1526 ; free virtual = 16256

Time (s): cpu = 00:01:24 ; elapsed = 00:00:32 . Memory (MB): peak = 3330.582 ; gain = 0.000 ; free physical = 1526 ; free virtual = 16256
Phase 4.1 Post Commit Optimization | Checksum: 139c5dc28

Time (s): cpu = 00:01:24 ; elapsed = 00:00:32 . Memory (MB): peak = 3330.582 ; gain = 0.000 ; free physical = 1524 ; free virtual = 16254

Phase 4.2 Post Placement Cleanup
Phase 4.2 Post Placement Cleanup | Checksum: 139c5dc28

Time (s): cpu = 00:01:24 ; elapsed = 00:00:32 . Memory (MB): peak = 3330.582 ; gain = 0.000 ; free physical = 1526 ; free virtual = 16256

Phase 4.3 Placer Reporting

Phase 4.3.1 Print Estimated Congestion
INFO: [Place 30-612] Post-Placement Estimated Congestion 
 ____________________________________________________
|           | Global Congestion | Short Congestion  |
| Direction | Region Size       | Region Size       |
|___________|___________________|___________________|
|      North|                1x1|                2x2|
|___________|___________________|___________________|
|      South|                1x1|                4x4|
|___________|___________________|___________________|
|       East|                1x1|                1x1|
|___________|___________________|___________________|
|       West|                1x1|                1x1|
|___________|___________________|___________________|

Phase 4.3.1 Print Estimated Congestion | Checksum: 139c5dc28

Time (s): cpu = 00:01:24 ; elapsed = 00:00:32 . Memory (MB): peak = 3330.582 ; gain = 0.000 ; free physical = 1526 ; free virtual = 16255
Phase 4.3 Placer Reporting | Checksum: 139c5dc28

Time (s): cpu = 00:01:24 ; elapsed = 00:00:32 . Memory (MB): peak = 3330.582 ; gain = 0.000 ; free physical = 1526 ; free virtual = 16255

Phase 4.4 Final Placement Cleanup
Netlist sorting complete. Time (s): cpu = 00:00:00 ; elapsed = 00:00:00.01 . Memory (MB): peak = 3330.582 ; gain = 0.000 ; free physical = 1526 ; free virtual = 16255

Time (s): cpu = 00:01:24 ; elapsed = 00:00:32 . Memory (MB): peak = 3330.582 ; gain = 0.000 ; free physical = 1526 ; free virtual = 16255
Phase 4 Post Placement Optimization and Clean-Up | Checksum: 14935ae55

Time (s): cpu = 00:01:24 ; elapsed = 00:00:32 . Memory (MB): peak = 3330.582 ; gain = 0.000 ; free physical = 1525 ; free virtual = 16255
Ending Placer Task | Checksum: e407101e

Time (s): cpu = 00:01:24 ; elapsed = 00:00:32 . Memory (MB): peak = 3330.582 ; gain = 0.000 ; free physical = 1525 ; free virtual = 16255
104 Infos, 1 Warnings, 0 Critical Warnings and 0 Errors encountered.
place_design completed successfully
place_design: Time (s): cpu = 00:01:29 ; elapsed = 00:00:34 . Memory (MB): peak = 3330.582 ; gain = 63.082 ; free physical = 1525 ; free virtual = 16255
INFO: [Vivado 12-24838] Running report commands "report_control_sets, report_io, report_utilization" in parallel.
Running report generation with 3 threads.
INFO: [Vivado 12-24828] Executing command : report_io -file top_design_wrapper_io_placed.rpt
report_io: Time (s): cpu = 00:00:00.21 ; elapsed = 00:00:00.13 . Memory (MB): peak = 3330.582 ; gain = 0.000 ; free physical = 1497 ; free virtual = 16227
INFO: [Vivado 12-24828] Executing command : report_control_sets -verbose -file top_design_wrapper_control_sets_placed.rpt
report_control_sets: Time (s): cpu = 00:00:00.25 ; elapsed = 00:00:00.17 . Memory (MB): peak = 3330.582 ; gain = 0.000 ; free physical = 1509 ; free virtual = 16239
INFO: [Vivado 12-24828] Executing command : report_utilization -file top_design_wrapper_utilization_placed.rpt -pb top_design_wrapper_utilization_placed.pb
INFO: [Timing 38-480] Writing timing data to binary archive.
Wrote PlaceDB: Time (s): cpu = 00:00:00 ; elapsed = 00:00:00 . Memory (MB): peak = 3330.582 ; gain = 0.000 ; free physical = 1517 ; free virtual = 16248
Wrote PulsedLatchDB: Time (s): cpu = 00:00:00 ; elapsed = 00:00:00 . Memory (MB): peak = 3330.582 ; gain = 0.000 ; free physical = 1517 ; free virtual = 16248
Writing XDEF routing.
Writing XDEF routing logical nets.
Write ShapeDB Complete: Time (s): cpu = 00:00:00.23 ; elapsed = 00:00:00.06 . Memory (MB): peak = 3330.582 ; gain = 0.000 ; free physical = 1511 ; free virtual = 16248
Writing XDEF routing special nets.
Wrote RouteStorage: Time (s): cpu = 00:00:00.26 ; elapsed = 00:00:00.06 . Memory (MB): peak = 3330.582 ; gain = 0.000 ; free physical = 1511 ; free virtual = 16247
Wrote PlaceStorage: Time (s): cpu = 00:00:02 ; elapsed = 00:00:00.61 . Memory (MB): peak = 3330.582 ; gain = 0.000 ; free physical = 1495 ; free virtual = 16256
Wrote Netlist Cache: Time (s): cpu = 00:00:00.03 ; elapsed = 00:00:00.02 . Memory (MB): peak = 3330.582 ; gain = 0.000 ; free physical = 1495 ; free virtual = 16258
Wrote Device Cache: Time (s): cpu = 00:00:00.01 ; elapsed = 00:00:00.01 . Memory (MB): peak = 3330.582 ; gain = 0.000 ; free physical = 1487 ; free virtual = 16251
Write Physdb Complete: Time (s): cpu = 00:00:02 ; elapsed = 00:00:00.71 . Memory (MB): peak = 3330.582 ; gain = 0.000 ; free physical = 1487 ; free virtual = 16251
INFO: [Common 17-1381] The checkpoint '/home/serg/Documents/Xilinx/z700_hdmi/HDMI_FBWRRD/HSMI_FBWRRD.runs/impl_1/top_design_wrapper_placed.dcp' has been generated.
Command: phys_opt_design
Attempting to get a license for feature 'Implementation' and/or device 'xc7z020'
INFO: [Common 17-349] Got license for feature 'Implementation' and/or device 'xc7z020'

Starting Initial Update Timing Task

Time (s): cpu = 00:00:07 ; elapsed = 00:00:01 . Memory (MB): peak = 3330.582 ; gain = 0.000 ; free physical = 1507 ; free virtual = 16265
INFO: [Vivado_Tcl 4-2279] Estimated Timing Summary | WNS= 0.363 | TNS= 0.000 | 
INFO: [Vivado_Tcl 4-383] Design worst setup slack (WNS) is greater than or equal to 0.000 ns. All physical synthesis setup optimizations will be skipped.
INFO: [Vivado_Tcl 4-232] No setup violation found. The netlist was not modified.
INFO: [Common 17-83] Releasing license: Implementation
115 Infos, 1 Warnings, 0 Critical Warnings and 0 Errors encountered.
phys_opt_design completed successfully
INFO: [Timing 38-480] Writing timing data to binary archive.
Wrote PlaceDB: Time (s): cpu = 00:00:00 ; elapsed = 00:00:00 . Memory (MB): peak = 3330.582 ; gain = 0.000 ; free physical = 1505 ; free virtual = 16264
Wrote PulsedLatchDB: Time (s): cpu = 00:00:00 ; elapsed = 00:00:00 . Memory (MB): peak = 3330.582 ; gain = 0.000 ; free physical = 1505 ; free virtual = 16264
Writing XDEF routing.
Writing XDEF routing logical nets.
Writing XDEF routing special nets.
Wrote RouteStorage: Time (s): cpu = 00:00:00.23 ; elapsed = 00:00:00.05 . Memory (MB): peak = 3330.582 ; gain = 0.000 ; free physical = 1504 ; free virtual = 16265
Write ShapeDB Complete: Time (s): cpu = 00:00:00.25 ; elapsed = 00:00:00.05 . Memory (MB): peak = 3330.582 ; gain = 0.000 ; free physical = 1502 ; free virtual = 16264
Wrote PlaceStorage: Time (s): cpu = 00:00:02 ; elapsed = 00:00:00.62 . Memory (MB): peak = 3330.582 ; gain = 0.000 ; free physical = 1466 ; free virtual = 16253
Wrote Netlist Cache: Time (s): cpu = 00:00:00.03 ; elapsed = 00:00:00.01 . Memory (MB): peak = 3330.582 ; gain = 0.000 ; free physical = 1459 ; free virtual = 16247
Wrote Device Cache: Time (s): cpu = 00:00:00.01 ; elapsed = 00:00:00.01 . Memory (MB): peak = 3330.582 ; gain = 0.000 ; free physical = 1459 ; free virtual = 16248
Write Physdb Complete: Time (s): cpu = 00:00:02 ; elapsed = 00:00:00.7 . Memory (MB): peak = 3330.582 ; gain = 0.000 ; free physical = 1458 ; free virtual = 16248
INFO: [Common 17-1381] The checkpoint '/home/serg/Documents/Xilinx/z700_hdmi/HDMI_FBWRRD/HSMI_FBWRRD.runs/impl_1/top_design_wrapper_physopt.dcp' has been generated.
Command: route_design
Attempting to get a license for feature 'Implementation' and/or device 'xc7z020'
INFO: [Common 17-349] Got license for feature 'Implementation' and/or device 'xc7z020'


Starting Routing Task
INFO: [Route 35-254] Multithreading enabled for route_design using a maximum of 8 CPUs

Phase 1 Build RT Design
Checksum: PlaceDB: 56ee281e ConstDB: 0 ShapeSum: 771f7510 RouteDB: 15f972f0
Post Restoration Checksum: NetGraph: a1c2d769 | NumContArr: 6dc35b7a | Constraints: c2a8fa9d | Timing: c2a8fa9d
Phase 1 Build RT Design | Checksum: 294d8281d

Time (s): cpu = 00:00:22 ; elapsed = 00:00:13 . Memory (MB): peak = 3330.582 ; gain = 0.000 ; free physical = 1501 ; free virtual = 16252

Phase 2 Router Initialization

Phase 2.1 Fix Topology Constraints
Phase 2.1 Fix Topology Constraints | Checksum: 294d8281d

Time (s): cpu = 00:00:22 ; elapsed = 00:00:13 . Memory (MB): peak = 3330.582 ; gain = 0.000 ; free physical = 1501 ; free virtual = 16252

Phase 2.2 Pre Route Cleanup
Phase 2.2 Pre Route Cleanup | Checksum: 294d8281d

Time (s): cpu = 00:00:22 ; elapsed = 00:00:13 . Memory (MB): peak = 3330.582 ; gain = 0.000 ; free physical = 1501 ; free virtual = 16252
 Number of Nodes with overlaps = 0

Phase 2.3 Update Timing
Phase 2.3 Update Timing | Checksum: 1f8648c23

Time (s): cpu = 00:00:33 ; elapsed = 00:00:16 . Memory (MB): peak = 3330.582 ; gain = 0.000 ; free physical = 1513 ; free virtual = 16264
INFO: [Route 35-416] Intermediate Timing Summary | WNS=0.426  | TNS=0.000  | WHS=-0.269 | THS=-857.645|


Phase 2.4 Update Timing for Bus Skew

Phase 2.4.1 Update Timing
Phase 2.4.1 Update Timing | Checksum: 2237e067c

Time (s): cpu = 00:00:40 ; elapsed = 00:00:17 . Memory (MB): peak = 3330.582 ; gain = 0.000 ; free physical = 1496 ; free virtual = 16247
INFO: [Route 35-416] Intermediate Timing Summary | WNS=0.426  | TNS=0.000  | WHS=-0.179 | THS=-5.145 |

Phase 2.4 Update Timing for Bus Skew | Checksum: 208936b20

Time (s): cpu = 00:00:40 ; elapsed = 00:00:17 . Memory (MB): peak = 3330.582 ; gain = 0.000 ; free physical = 1496 ; free virtual = 16247

Phase 2.5 Soft Constraint Pins - Fast Budgeting
Phase 2.5 Soft Constraint Pins - Fast Budgeting | Checksum: 208936b20

Time (s): cpu = 00:00:41 ; elapsed = 00:00:17 . Memory (MB): peak = 3330.582 ; gain = 0.000 ; free physical = 1495 ; free virtual = 16246

Router Utilization Summary
  Global Vertical Routing Utilization    = 0.00207104 %
  Global Horizontal Routing Utilization  = 0.000676133 %
  Routable Net Status*
  *Does not include unroutable nets such as driverless and loadless.
  Run report_route_status for detailed report.
  Number of Failed Nets               = 23282
    (Failed Nets is the sum of unrouted and partially routed nets)
  Number of Unrouted Nets             = 23282
  Number of Partially Routed Nets     = 0
  Number of Node Overlaps             = 0

Phase 2 Router Initialization | Checksum: 1c1253b05

Time (s): cpu = 00:00:41 ; elapsed = 00:00:17 . Memory (MB): peak = 3330.582 ; gain = 0.000 ; free physical = 1493 ; free virtual = 16244

Phase 3 Global Routing
Phase 3 Global Routing | Checksum: 1c1253b05

Time (s): cpu = 00:00:41 ; elapsed = 00:00:17 . Memory (MB): peak = 3330.582 ; gain = 0.000 ; free physical = 1493 ; free virtual = 16244

Phase 4 Initial Routing

Phase 4.1 Initial Net Routing Pass
Phase 4.1 Initial Net Routing Pass | Checksum: 2759965a0

Time (s): cpu = 00:00:44 ; elapsed = 00:00:18 . Memory (MB): peak = 3330.582 ; gain = 0.000 ; free physical = 1492 ; free virtual = 16243
Phase 4 Initial Routing | Checksum: 2759965a0

Time (s): cpu = 00:00:44 ; elapsed = 00:00:18 . Memory (MB): peak = 3330.582 ; gain = 0.000 ; free physical = 1492 ; free virtual = 16243

Phase 5 Rip-up And Reroute

Phase 5.1 Global Iteration 0
 Number of Nodes with overlaps = 1831
 Number of Nodes with overlaps = 127
 Number of Nodes with overlaps = 29
 Number of Nodes with overlaps = 17
 Number of Nodes with overlaps = 8
 Number of Nodes with overlaps = 2
 Number of Nodes with overlaps = 2
 Number of Nodes with overlaps = 1
 Number of Nodes with overlaps = 2
 Number of Nodes with overlaps = 1
 Number of Nodes with overlaps = 0
INFO: [Route 35-416] Intermediate Timing Summary | WNS=0.129  | TNS=0.000  | WHS=N/A    | THS=N/A    |

Phase 5.1 Global Iteration 0 | Checksum: 225dde029

Time (s): cpu = 00:00:55 ; elapsed = 00:00:24 . Memory (MB): peak = 3330.582 ; gain = 0.000 ; free physical = 1506 ; free virtual = 16258
Phase 5 Rip-up And Reroute | Checksum: 225dde029

Time (s): cpu = 00:00:55 ; elapsed = 00:00:24 . Memory (MB): peak = 3330.582 ; gain = 0.000 ; free physical = 1505 ; free virtual = 16258

Phase 6 Delay and Skew Optimization

Phase 6.1 Delay CleanUp

Phase 6.1.1 Update Timing
Phase 6.1.1 Update Timing | Checksum: 243537edc

Time (s): cpu = 00:00:56 ; elapsed = 00:00:24 . Memory (MB): peak = 3330.582 ; gain = 0.000 ; free physical = 1492 ; free virtual = 16254
INFO: [Route 35-416] Intermediate Timing Summary | WNS=0.225  | TNS=0.000  | WHS=N/A    | THS=N/A    |

Phase 6.1 Delay CleanUp | Checksum: 29ccc4992

Time (s): cpu = 00:00:56 ; elapsed = 00:00:24 . Memory (MB): peak = 3330.582 ; gain = 0.000 ; free physical = 1492 ; free virtual = 16254

Phase 6.2 Clock Skew Optimization
Phase 6.2 Clock Skew Optimization | Checksum: 29ccc4992

Time (s): cpu = 00:00:56 ; elapsed = 00:00:24 . Memory (MB): peak = 3330.582 ; gain = 0.000 ; free physical = 1492 ; free virtual = 16254
Phase 6 Delay and Skew Optimization | Checksum: 29ccc4992

Time (s): cpu = 00:00:56 ; elapsed = 00:00:24 . Memory (MB): peak = 3330.582 ; gain = 0.000 ; free physical = 1492 ; free virtual = 16254

Phase 7 Post Hold Fix

Phase 7.1 Hold Fix Iter
INFO: [Route 35-416] Intermediate Timing Summary | WNS=0.225  | TNS=0.000  | WHS=0.018  | THS=0.000  |

Phase 7.1 Hold Fix Iter | Checksum: 2b80e7af4

Time (s): cpu = 00:00:58 ; elapsed = 00:00:24 . Memory (MB): peak = 3330.582 ; gain = 0.000 ; free physical = 1492 ; free virtual = 16254
Phase 7 Post Hold Fix | Checksum: 2b80e7af4

Time (s): cpu = 00:00:58 ; elapsed = 00:00:24 . Memory (MB): peak = 3330.582 ; gain = 0.000 ; free physical = 1492 ; free virtual = 16254

Phase 8 Route finalize

Router Utilization Summary
  Global Vertical Routing Utilization    = 4.0495 %
  Global Horizontal Routing Utilization  = 5.04251 %
  Routable Net Status*
  *Does not include unroutable nets such as driverless and loadless.
  Run report_route_status for detailed report.
  Number of Failed Nets               = 0
    (Failed Nets is the sum of unrouted and partially routed nets)
  Number of Unrouted Nets             = 0
  Number of Partially Routed Nets     = 0
  Number of Node Overlaps             = 0

Phase 8 Route finalize | Checksum: 2b80e7af4

Time (s): cpu = 00:00:58 ; elapsed = 00:00:24 . Memory (MB): peak = 3330.582 ; gain = 0.000 ; free physical = 1492 ; free virtual = 16254

Phase 9 Verifying routed nets

 Verification completed successfully
Phase 9 Verifying routed nets | Checksum: 2b80e7af4

Time (s): cpu = 00:00:58 ; elapsed = 00:00:24 . Memory (MB): peak = 3330.582 ; gain = 0.000 ; free physical = 1492 ; free virtual = 16254

Phase 10 Depositing Routes
Phase 10 Depositing Routes | Checksum: 26526fdbf

Time (s): cpu = 00:01:00 ; elapsed = 00:00:25 . Memory (MB): peak = 3330.582 ; gain = 0.000 ; free physical = 1496 ; free virtual = 16258

Phase 11 Post Process Routing
Phase 11 Post Process Routing | Checksum: 26526fdbf

Time (s): cpu = 00:01:00 ; elapsed = 00:00:25 . Memory (MB): peak = 3330.582 ; gain = 0.000 ; free physical = 1496 ; free virtual = 16258

Phase 12 Post Router Timing
INFO: [Route 35-57] Estimated Timing Summary | WNS=0.225  | TNS=0.000  | WHS=0.018  | THS=0.000  |

INFO: [Route 35-327] The final timing numbers are based on the router estimated timing analysis. For a complete and accurate timing signoff, please run report_timing_summary.
Phase 12 Post Router Timing | Checksum: 26526fdbf

Time (s): cpu = 00:01:00 ; elapsed = 00:00:25 . Memory (MB): peak = 3330.582 ; gain = 0.000 ; free physical = 1496 ; free virtual = 16258
Total Elapsed time in route_design: 25.27 secs

Phase 13 Post-Route Event Processing
Phase 13 Post-Route Event Processing | Checksum: 1c935868b

Time (s): cpu = 00:01:00 ; elapsed = 00:00:25 . Memory (MB): peak = 3330.582 ; gain = 0.000 ; free physical = 1496 ; free virtual = 16258
INFO: [Route 35-16] Router Completed Successfully
Ending Routing Task | Checksum: 1c935868b

Time (s): cpu = 00:01:00 ; elapsed = 00:00:25 . Memory (MB): peak = 3330.582 ; gain = 0.000 ; free physical = 1496 ; free virtual = 16258

Routing Is Done.
INFO: [Common 17-83] Releasing license: Implementation
128 Infos, 1 Warnings, 0 Critical Warnings and 0 Errors encountered.
route_design completed successfully
route_design: Time (s): cpu = 00:01:00 ; elapsed = 00:00:25 . Memory (MB): peak = 3330.582 ; gain = 0.000 ; free physical = 1493 ; free virtual = 16255
INFO: [Vivado 12-24828] Executing command : report_drc -file top_design_wrapper_drc_routed.rpt -pb top_design_wrapper_drc_routed.pb -rpx top_design_wrapper_drc_routed.rpx
Command: report_drc -file top_design_wrapper_drc_routed.rpt -pb top_design_wrapper_drc_routed.pb -rpx top_design_wrapper_drc_routed.rpx
INFO: [IP_Flow 19-1839] IP Catalog is up to date.
INFO: [DRC 23-27] Running DRC with 8 threads
INFO: [Vivado_Tcl 2-168] The results of DRC are in file /home/serg/Documents/Xilinx/z700_hdmi/HDMI_FBWRRD/HSMI_FBWRRD.runs/impl_1/top_design_wrapper_drc_routed.rpt.
report_drc completed successfully
INFO: [Vivado 12-24828] Executing command : report_methodology -file top_design_wrapper_methodology_drc_routed.rpt -pb top_design_wrapper_methodology_drc_routed.pb -rpx top_design_wrapper_methodology_drc_routed.rpx
Command: report_methodology -file top_design_wrapper_methodology_drc_routed.rpt -pb top_design_wrapper_methodology_drc_routed.pb -rpx top_design_wrapper_methodology_drc_routed.rpx
INFO: [Timing 38-35] Done setting XDC timing constraints.
INFO: [DRC 23-133] Running Methodology with 8 threads
INFO: [Vivado_Tcl 2-1520] The results of Report Methodology are in file /home/serg/Documents/Xilinx/z700_hdmi/HDMI_FBWRRD/HSMI_FBWRRD.runs/impl_1/top_design_wrapper_methodology_drc_routed.rpt.
report_methodology completed successfully
INFO: [Vivado 12-24828] Executing command : report_timing_summary -max_paths 10 -routable_nets -report_unconstrained -file top_design_wrapper_timing_summary_routed.rpt -pb top_design_wrapper_timing_summary_routed.pb -rpx top_design_wrapper_timing_summary_routed.rpx -warn_on_violation 
INFO: [Timing 38-35] Done setting XDC timing constraints.
INFO: [Timing 38-91] UpdateTimingParams: Speed grade: -2, Delay Type: min_max.
INFO: [Timing 38-191] Multithreading enabled for timing update using a maximum of 8 CPUs
WARNING: [Timing 38-436] There are set_bus_skew constraint(s) in this design. Please run report_bus_skew to ensure that bus skew requirements are met.
INFO: [Vivado 12-24838] Running report commands "report_bus_skew, report_incremental_reuse, report_route_status" in parallel.
Running report generation with 3 threads.
INFO: [Vivado 12-24828] Executing command : report_incremental_reuse -file top_design_wrapper_incremental_reuse_routed.rpt
INFO: [Vivado_Tcl 4-1062] Incremental flow is disabled. No incremental reuse Info to report.
INFO: [Vivado 12-24828] Executing command : report_route_status -file top_design_wrapper_route_status.rpt -pb top_design_wrapper_route_status.pb
INFO: [Vivado 12-24828] Executing command : report_bus_skew -warn_on_violation -file top_design_wrapper_bus_skew_routed.rpt -pb top_design_wrapper_bus_skew_routed.pb -rpx top_design_wrapper_bus_skew_routed.rpx
INFO: [Timing 38-91] UpdateTimingParams: Speed grade: -2, Delay Type: min_max.
INFO: [Timing 38-191] Multithreading enabled for timing update using a maximum of 8 CPUs
INFO: [Vivado 12-24828] Executing command : report_power -file top_design_wrapper_power_routed.rpt -pb top_design_wrapper_power_summary_routed.pb -rpx top_design_wrapper_power_routed.rpx
Command: report_power -file top_design_wrapper_power_routed.rpt -pb top_design_wrapper_power_summary_routed.pb -rpx top_design_wrapper_power_routed.rpx
Running Vector-less Activity Propagation...

Finished Running Vector-less Activity Propagation
WARNING: [Power 33-332] Found switching activity that implies high-fanout reset nets being asserted for excessive periods of time which may result in inaccurate power analysis.
Resolution: To review and fix problems, please run Power Constraints Advisor in the GUI from Tools > Power Constraints Advisor or run report_power with the -advisory option to generate a text report.
148 Infos, 3 Warnings, 0 Critical Warnings and 0 Errors encountered.
report_power completed successfully
INFO: [Vivado 12-24828] Executing command : report_clock_utilization -file top_design_wrapper_clock_utilization_routed.rpt
generate_parallel_reports: Time (s): cpu = 00:00:35 ; elapsed = 00:00:10 . Memory (MB): peak = 3330.582 ; gain = 0.000 ; free physical = 1448 ; free virtual = 16226
INFO: [Timing 38-480] Writing timing data to binary archive.
Wrote PlaceDB: Time (s): cpu = 00:00:00 ; elapsed = 00:00:00 . Memory (MB): peak = 3330.582 ; gain = 0.000 ; free physical = 1445 ; free virtual = 16223
Wrote PulsedLatchDB: Time (s): cpu = 00:00:00 ; elapsed = 00:00:00 . Memory (MB): peak = 3330.582 ; gain = 0.000 ; free physical = 1445 ; free virtual = 16223
Writing XDEF routing.
Writing XDEF routing logical nets.
Write ShapeDB Complete: Time (s): cpu = 00:00:00.21 ; elapsed = 00:00:00.05 . Memory (MB): peak = 3330.582 ; gain = 0.000 ; free physical = 1432 ; free virtual = 16214
Writing XDEF routing special nets.
Wrote RouteStorage: Time (s): cpu = 00:00:00.76 ; elapsed = 00:00:00.14 . Memory (MB): peak = 3330.582 ; gain = 0.000 ; free physical = 1431 ; free virtual = 16222
Wrote PlaceStorage: Time (s): cpu = 00:00:02 ; elapsed = 00:00:00.56 . Memory (MB): peak = 3330.582 ; gain = 0.000 ; free physical = 1406 ; free virtual = 16217
Wrote Netlist Cache: Time (s): cpu = 00:00:00.03 ; elapsed = 00:00:00.02 . Memory (MB): peak = 3330.582 ; gain = 0.000 ; free physical = 1404 ; free virtual = 16218
Wrote Device Cache: Time (s): cpu = 00:00:00.01 ; elapsed = 00:00:00 . Memory (MB): peak = 3330.582 ; gain = 0.000 ; free physical = 1404 ; free virtual = 16219
Write Physdb Complete: Time (s): cpu = 00:00:02 ; elapsed = 00:00:00.75 . Memory (MB): peak = 3330.582 ; gain = 0.000 ; free physical = 1404 ; free virtual = 16219
INFO: [Common 17-1381] The checkpoint '/home/serg/Documents/Xilinx/z700_hdmi/HDMI_FBWRRD/HSMI_FBWRRD.runs/impl_1/top_design_wrapper_routed.dcp' has been generated.
INFO: [Common 17-206] Exiting Vivado at Fri Feb  6 18:12:16 2026...

*** Running vivado
    with args -log top_design_wrapper.vdi -applog -m64 -product Vivado -messageDb vivado.pb -mode batch -source top_design_wrapper.tcl -notrace


****** Vivado v2025.2 (64-bit)
  **** SW Build 6299465 on Fri Nov 14 12:34:56 MST 2025
  **** IP Build 6300035 on Fri Nov 14 10:48:45 MST 2025
  **** SharedData Build 6298862 on Thu Nov 13 04:50:51 MST 2025
  **** Start of session at: Fri Feb  6 18:13:19 2026
    ** Copyright 1986-2022 Xilinx, Inc. All Rights Reserved.
    ** Copyright 2022-2025 Advanced Micro Devices, Inc. All Rights Reserved.

source top_design_wrapper.tcl -notrace
Command: open_checkpoint top_design_wrapper_routed.dcp
INFO: [Device 21-403] Loading part xc7z020clg400-2
Netlist sorting complete. Time (s): cpu = 00:00:00.29 ; elapsed = 00:00:00.29 . Memory (MB): peak = 1813.023 ; gain = 0.000 ; free physical = 2798 ; free virtual = 17405
INFO: [Netlist 29-17] Analyzing 1164 Unisim elements for replacement
INFO: [Netlist 29-28] Unisim Transformation completed in 0 CPU seconds
INFO: [Project 1-479] Netlist was created with Vivado 2025.2
INFO: [Project 1-570] Preparing netlist for logic optimization
Read ShapeDB Complete: Time (s): cpu = 00:00:00.05 ; elapsed = 00:00:00.05 . Memory (MB): peak = 1931.773 ; gain = 6.250 ; free physical = 2545 ; free virtual = 17290
INFO: [Timing 38-478] Restoring timing data from binary archive.
INFO: [Timing 38-479] Binary timing data restore complete.
INFO: [Project 1-856] Restoring constraints from binary archive.
INFO: [Project 1-853] Binary constraint restore complete.
INFO: [Designutils 20-5722] Start Reading Physical Databases.
Reading placement.
Read Netlist Cache: Time (s): cpu = 00:00:00.02 ; elapsed = 00:00:00.02 . Memory (MB): peak = 2517.930 ; gain = 0.000 ; free physical = 2156 ; free virtual = 16771
Reading placer database...
Read Device Cache: Time (s): cpu = 00:00:00.01 ; elapsed = 00:00:00.01 . Memory (MB): peak = 2517.930 ; gain = 0.000 ; free physical = 2156 ; free virtual = 16771
Read PlaceDB: Time (s): cpu = 00:00:00 ; elapsed = 00:00:00 . Memory (MB): peak = 2517.930 ; gain = 0.000 ; free physical = 2156 ; free virtual = 16771
Read placeStorage: Time (s): cpu = 00:00:00.4 ; elapsed = 00:00:00.4 . Memory (MB): peak = 2522.930 ; gain = 5.000 ; free physical = 2161 ; free virtual = 16769
Read PulsedLatchDB: Time (s): cpu = 00:00:00 ; elapsed = 00:00:00 . Memory (MB): peak = 2522.930 ; gain = 0.000 ; free physical = 2161 ; free virtual = 16769
Reading routing.
Read RouteStorage: Time (s): cpu = 00:00:00.28 ; elapsed = 00:00:00.1 . Memory (MB): peak = 2539.094 ; gain = 16.164 ; free physical = 2146 ; free virtual = 16753
Read Physdb Files: Time (s): cpu = 00:00:00.72 ; elapsed = 00:00:00.53 . Memory (MB): peak = 2539.094 ; gain = 21.164 ; free physical = 2146 ; free virtual = 16753
Restored from archive | CPU: 0.760000 secs | Memory: 24.021881 MB |
Finished XDEF File Restore: Time (s): cpu = 00:00:00.74 ; elapsed = 00:00:00.55 . Memory (MB): peak = 2539.094 ; gain = 21.164 ; free physical = 2146 ; free virtual = 16753
Netlist sorting complete. Time (s): cpu = 00:00:00.01 ; elapsed = 00:00:00 . Memory (MB): peak = 2542.773 ; gain = 0.000 ; free physical = 2151 ; free virtual = 16753
INFO: [Project 1-111] Unisim Transformation Summary:
  A total of 155 instances were transformed.
  RAM16X1D => RAM32X1D (RAMD32(x2)): 2 instances
  RAM32M => RAM32M (RAMD32(x6), RAMS32(x2)): 138 instances
  RAM32X1D => RAM32X1D (RAMD32(x2)): 15 instances

INFO: [Project 1-604] Checkpoint was created with Vivado v2025.2 (64-bit) build 6299465
open_checkpoint: Time (s): cpu = 00:00:15 ; elapsed = 00:00:10 . Memory (MB): peak = 2550.809 ; gain = 1123.094 ; free physical = 2150 ; free virtual = 16752
INFO: [Memdata 28-208] The XPM instance: <top_design_i/v_axi4s_vid_out_0/inst/COUPLER_INST/generate_async_fifo.FIFO_INST/XPM_FIFO_ASYNC_INST/gnuram_async_fifo.xpm_fifo_base_inst/gen_sdpram.xpm_memory_base_inst> is part of IP: <top_design_i/v_axi4s_vid_out_0>. This XPM instance will be excluded from the .mmi because updatemem is prohibited from making changes to an XPM that is part of an IP.
INFO: [Memdata 28-167] Found XPM memory block top_design_i/smartconnect_0/inst/s01_nodes/s01_w_node/inst/inst_mi_handler/gen_normal_area.inst_fifo_node_payld/gen_xpm_memory_fifo.inst_fifo/gen_mem_rep[0].inst_xpm_memory/xpm_memory_base_inst with a P_MEMORY_PRIMITIVE property set to distributed. A value of block is required. You will not be able to use the updatemem program to update the bitstream with new data for the top_design_i/smartconnect_0/inst/s01_nodes/s01_w_node/inst/inst_mi_handler/gen_normal_area.inst_fifo_node_payld/gen_xpm_memory_fifo.inst_fifo/gen_mem_rep[0].inst_xpm_memory/xpm_memory_base_inst block.
INFO: [Memdata 28-167] Found XPM memory block top_design_i/smartconnect_0/inst/s01_nodes/s01_w_node/inst/inst_mi_handler/gen_normal_area.gen_fifo_req.inst_fifo_req/gen_xpm_memory_fifo.inst_fifo/gen_mem_rep[0].inst_xpm_memory/xpm_memory_base_inst with a P_MEMORY_PRIMITIVE property set to distributed. A value of block is required. You will not be able to use the updatemem program to update the bitstream with new data for the top_design_i/smartconnect_0/inst/s01_nodes/s01_w_node/inst/inst_mi_handler/gen_normal_area.gen_fifo_req.inst_fifo_req/gen_xpm_memory_fifo.inst_fifo/gen_mem_rep[0].inst_xpm_memory/xpm_memory_base_inst block.
INFO: [Memdata 28-167] Found XPM memory block top_design_i/smartconnect_0/inst/s01_nodes/s01_r_node/inst/inst_mi_handler/gen_normal_area.inst_fifo_node_payld/gen_xpm_memory_fifo.inst_fifo/gen_mem_rep[0].inst_xpm_memory/xpm_memory_base_inst with a P_MEMORY_PRIMITIVE property set to distributed. A value of block is required. You will not be able to use the updatemem program to update the bitstream with new data for the top_design_i/smartconnect_0/inst/s01_nodes/s01_r_node/inst/inst_mi_handler/gen_normal_area.inst_fifo_node_payld/gen_xpm_memory_fifo.inst_fifo/gen_mem_rep[0].inst_xpm_memory/xpm_memory_base_inst block.
INFO: [Memdata 28-167] Found XPM memory block top_design_i/smartconnect_0/inst/s01_nodes/s01_aw_node/inst/inst_mi_handler/gen_normal_area.inst_fifo_node_payld/gen_xpm_memory_fifo.inst_fifo/gen_mem_rep[0].inst_xpm_memory/xpm_memory_base_inst with a P_MEMORY_PRIMITIVE property set to distributed. A value of block is required. You will not be able to use the updatemem program to update the bitstream with new data for the top_design_i/smartconnect_0/inst/s01_nodes/s01_aw_node/inst/inst_mi_handler/gen_normal_area.inst_fifo_node_payld/gen_xpm_memory_fifo.inst_fifo/gen_mem_rep[0].inst_xpm_memory/xpm_memory_base_inst block.
INFO: [Memdata 28-167] Found XPM memory block top_design_i/smartconnect_0/inst/s01_nodes/s01_ar_node/inst/inst_mi_handler/gen_normal_area.inst_fifo_node_payld/gen_xpm_memory_fifo.inst_fifo/gen_mem_rep[0].inst_xpm_memory/xpm_memory_base_inst with a P_MEMORY_PRIMITIVE property set to distributed. A value of block is required. You will not be able to use the updatemem program to update the bitstream with new data for the top_design_i/smartconnect_0/inst/s01_nodes/s01_ar_node/inst/inst_mi_handler/gen_normal_area.inst_fifo_node_payld/gen_xpm_memory_fifo.inst_fifo/gen_mem_rep[0].inst_xpm_memory/xpm_memory_base_inst block.
INFO: [Memdata 28-167] Found XPM memory block top_design_i/smartconnect_0/inst/s00_nodes/s00_w_node/inst/inst_mi_handler/gen_normal_area.inst_fifo_node_payld/gen_xpm_memory_fifo.inst_fifo/gen_mem_rep[0].inst_xpm_memory/xpm_memory_base_inst with a P_MEMORY_PRIMITIVE property set to distributed. A value of block is required. You will not be able to use the updatemem program to update the bitstream with new data for the top_design_i/smartconnect_0/inst/s00_nodes/s00_w_node/inst/inst_mi_handler/gen_normal_area.inst_fifo_node_payld/gen_xpm_memory_fifo.inst_fifo/gen_mem_rep[0].inst_xpm_memory/xpm_memory_base_inst block.
INFO: [Memdata 28-167] Found XPM memory block top_design_i/smartconnect_0/inst/s00_nodes/s00_w_node/inst/inst_mi_handler/gen_normal_area.gen_fifo_req.inst_fifo_req/gen_xpm_memory_fifo.inst_fifo/gen_mem_rep[0].inst_xpm_memory/xpm_memory_base_inst with a P_MEMORY_PRIMITIVE property set to distributed. A value of block is required. You will not be able to use the updatemem program to update the bitstream with new data for the top_design_i/smartconnect_0/inst/s00_nodes/s00_w_node/inst/inst_mi_handler/gen_normal_area.gen_fifo_req.inst_fifo_req/gen_xpm_memory_fifo.inst_fifo/gen_mem_rep[0].inst_xpm_memory/xpm_memory_base_inst block.
INFO: [Memdata 28-167] Found XPM memory block top_design_i/smartconnect_0/inst/s00_nodes/s00_r_node/inst/inst_mi_handler/gen_normal_area.inst_fifo_node_payld/gen_xpm_memory_fifo.inst_fifo/gen_mem_rep[0].inst_xpm_memory/xpm_memory_base_inst with a P_MEMORY_PRIMITIVE property set to distributed. A value of block is required. You will not be able to use the updatemem program to update the bitstream with new data for the top_design_i/smartconnect_0/inst/s00_nodes/s00_r_node/inst/inst_mi_handler/gen_normal_area.inst_fifo_node_payld/gen_xpm_memory_fifo.inst_fifo/gen_mem_rep[0].inst_xpm_memory/xpm_memory_base_inst block.
INFO: [Memdata 28-167] Found XPM memory block top_design_i/smartconnect_0/inst/s00_nodes/s00_aw_node/inst/inst_mi_handler/gen_normal_area.inst_fifo_node_payld/gen_xpm_memory_fifo.inst_fifo/gen_mem_rep[0].inst_xpm_memory/xpm_memory_base_inst with a P_MEMORY_PRIMITIVE property set to distributed. A value of block is required. You will not be able to use the updatemem program to update the bitstream with new data for the top_design_i/smartconnect_0/inst/s00_nodes/s00_aw_node/inst/inst_mi_handler/gen_normal_area.inst_fifo_node_payld/gen_xpm_memory_fifo.inst_fifo/gen_mem_rep[0].inst_xpm_memory/xpm_memory_base_inst block.
INFO: [Memdata 28-167] Found XPM memory block top_design_i/smartconnect_0/inst/s00_nodes/s00_ar_node/inst/inst_mi_handler/gen_normal_area.inst_fifo_node_payld/gen_xpm_memory_fifo.inst_fifo/gen_mem_rep[0].inst_xpm_memory/xpm_memory_base_inst with a P_MEMORY_PRIMITIVE property set to distributed. A value of block is required. You will not be able to use the updatemem program to update the bitstream with new data for the top_design_i/smartconnect_0/inst/s00_nodes/s00_ar_node/inst/inst_mi_handler/gen_normal_area.inst_fifo_node_payld/gen_xpm_memory_fifo.inst_fifo/gen_mem_rep[0].inst_xpm_memory/xpm_memory_base_inst block.
INFO: [Memdata 28-167] Found XPM memory block top_design_i/smartconnect_0/inst/m00_nodes/m00_w_node/inst/inst_si_handler/gen_si_handler.gen_request_fifos.gen_req_fifo[1].inst_req_fifo/gen_xpm_memory_fifo.inst_fifo/gen_mem_rep[0].inst_xpm_memory/xpm_memory_base_inst with a P_MEMORY_PRIMITIVE property set to distributed. A value of block is required. You will not be able to use the updatemem program to update the bitstream with new data for the top_design_i/smartconnect_0/inst/m00_nodes/m00_w_node/inst/inst_si_handler/gen_si_handler.gen_request_fifos.gen_req_fifo[1].inst_req_fifo/gen_xpm_memory_fifo.inst_fifo/gen_mem_rep[0].inst_xpm_memory/xpm_memory_base_inst block.
INFO: [Memdata 28-167] Found XPM memory block top_design_i/smartconnect_0/inst/m00_nodes/m00_w_node/inst/inst_si_handler/gen_si_handler.gen_request_fifos.gen_req_fifo[0].inst_req_fifo/gen_xpm_memory_fifo.inst_fifo/gen_mem_rep[0].inst_xpm_memory/xpm_memory_base_inst with a P_MEMORY_PRIMITIVE property set to distributed. A value of block is required. You will not be able to use the updatemem program to update the bitstream with new data for the top_design_i/smartconnect_0/inst/m00_nodes/m00_w_node/inst/inst_si_handler/gen_si_handler.gen_request_fifos.gen_req_fifo[0].inst_req_fifo/gen_xpm_memory_fifo.inst_fifo/gen_mem_rep[0].inst_xpm_memory/xpm_memory_base_inst block.
INFO: [Memdata 28-167] Found XPM memory block top_design_i/smartconnect_0/inst/m00_nodes/m00_w_node/inst/inst_mi_handler/gen_normal_area.inst_fifo_node_payld/gen_xpm_memory_fifo.inst_fifo/gen_mem_rep[0].inst_xpm_memory/xpm_memory_base_inst with a P_MEMORY_PRIMITIVE property set to distributed. A value of block is required. You will not be able to use the updatemem program to update the bitstream with new data for the top_design_i/smartconnect_0/inst/m00_nodes/m00_w_node/inst/inst_mi_handler/gen_normal_area.inst_fifo_node_payld/gen_xpm_memory_fifo.inst_fifo/gen_mem_rep[0].inst_xpm_memory/xpm_memory_base_inst block.
INFO: [Memdata 28-167] Found XPM memory block top_design_i/smartconnect_0/inst/m00_nodes/m00_r_node/inst/inst_mi_handler/gen_normal_area.inst_fifo_node_payld/gen_xpm_memory_fifo.inst_fifo/gen_mem_rep[0].inst_xpm_memory/xpm_memory_base_inst with a P_MEMORY_PRIMITIVE property set to distributed. A value of block is required. You will not be able to use the updatemem program to update the bitstream with new data for the top_design_i/smartconnect_0/inst/m00_nodes/m00_r_node/inst/inst_mi_handler/gen_normal_area.inst_fifo_node_payld/gen_xpm_memory_fifo.inst_fifo/gen_mem_rep[0].inst_xpm_memory/xpm_memory_base_inst block.
INFO: [Memdata 28-167] Found XPM memory block top_design_i/smartconnect_0/inst/m00_nodes/m00_r_node/inst/inst_mi_handler/gen_normal_area.gen_fifo_req.inst_fifo_req/gen_xpm_memory_fifo.inst_fifo/gen_mem_rep[0].inst_xpm_memory/xpm_memory_base_inst with a P_MEMORY_PRIMITIVE property set to distributed. A value of block is required. You will not be able to use the updatemem program to update the bitstream with new data for the top_design_i/smartconnect_0/inst/m00_nodes/m00_r_node/inst/inst_mi_handler/gen_normal_area.gen_fifo_req.inst_fifo_req/gen_xpm_memory_fifo.inst_fifo/gen_mem_rep[0].inst_xpm_memory/xpm_memory_base_inst block.
INFO: [Memdata 28-167] Found XPM memory block top_design_i/smartconnect_0/inst/m00_nodes/m00_b_node/inst/inst_mi_handler/gen_normal_area.gen_fifo_req.inst_fifo_req/gen_xpm_memory_fifo.inst_fifo/gen_mem_rep[0].inst_xpm_memory/xpm_memory_base_inst with a P_MEMORY_PRIMITIVE property set to distributed. A value of block is required. You will not be able to use the updatemem program to update the bitstream with new data for the top_design_i/smartconnect_0/inst/m00_nodes/m00_b_node/inst/inst_mi_handler/gen_normal_area.gen_fifo_req.inst_fifo_req/gen_xpm_memory_fifo.inst_fifo/gen_mem_rep[0].inst_xpm_memory/xpm_memory_base_inst block.
INFO: [Memdata 28-167] Found XPM memory block top_design_i/smartconnect_0/inst/m00_nodes/m00_aw_node/inst/inst_mi_handler/gen_normal_area.inst_fifo_node_payld/gen_xpm_memory_fifo.inst_fifo/gen_mem_rep[0].inst_xpm_memory/xpm_memory_base_inst with a P_MEMORY_PRIMITIVE property set to distributed. A value of block is required. You will not be able to use the updatemem program to update the bitstream with new data for the top_design_i/smartconnect_0/inst/m00_nodes/m00_aw_node/inst/inst_mi_handler/gen_normal_area.inst_fifo_node_payld/gen_xpm_memory_fifo.inst_fifo/gen_mem_rep[0].inst_xpm_memory/xpm_memory_base_inst block.
INFO: [Memdata 28-167] Found XPM memory block top_design_i/smartconnect_0/inst/m00_nodes/m00_ar_node/inst/inst_mi_handler/gen_normal_area.inst_fifo_node_payld/gen_xpm_memory_fifo.inst_fifo/gen_mem_rep[0].inst_xpm_memory/xpm_memory_base_inst with a P_MEMORY_PRIMITIVE property set to distributed. A value of block is required. You will not be able to use the updatemem program to update the bitstream with new data for the top_design_i/smartconnect_0/inst/m00_nodes/m00_ar_node/inst/inst_mi_handler/gen_normal_area.inst_fifo_node_payld/gen_xpm_memory_fifo.inst_fifo/gen_mem_rep[0].inst_xpm_memory/xpm_memory_base_inst block.
Command: write_bitstream -force top_design_wrapper.bit
Attempting to get a license for feature 'Implementation' and/or device 'xc7z020'
INFO: [Common 17-349] Got license for feature 'Implementation' and/or device 'xc7z020'
Running DRC as a precondition to command write_bitstream
INFO: [IP_Flow 19-234] Refreshing IP repositories
INFO: [IP_Flow 19-1704] No user IP repositories specified
INFO: [IP_Flow 19-2313] Loaded Vivado IP repository '/tools/xilinx/2025.2/data/ip'.
INFO: [DRC 23-27] Running DRC with 8 threads
INFO: [Vivado 12-3199] DRC finished with 0 Errors
INFO: [Vivado 12-3200] Please refer to the DRC report (report_drc) for more information.
Integrating Hard IP ELF/MEM with the PDI.
INFO: [Designutils 20-2272] Running write_bitstream with 8 threads.
Loading data files...
Loading site data...
Loading route data...
Processing options...
Creating bitmap...
Creating bitstream...
Writing bitstream ./top_design_wrapper.bit...
INFO: [Vivado 12-1842] Bitgen Completed Successfully.
INFO: [Common 17-83] Releasing license: Implementation
41 Infos, 0 Warnings, 0 Critical Warnings and 0 Errors encountered.
write_bitstream completed successfully
write_bitstream: Time (s): cpu = 00:00:24 ; elapsed = 00:00:27 . Memory (MB): peak = 3055.219 ; gain = 488.570 ; free physical = 1691 ; free virtual = 16284
INFO: [Common 17-206] Exiting Vivado at Fri Feb  6 18:13:57 2026...
