

================================================================
== Vitis HLS Report for 'tpgBackground'
================================================================
* Date:           Wed Feb  4 13:35:12 2026

* Version:        2025.2 (Build 6295257 on Nov 14 2025)
* Project:        prj
* Solution:       sol (Vivado IP Flow Target)
* Product family: zynq
* Target device:  xc7z020-clg400-2


================================================================
== Performance Estimates
================================================================
+ Timing: 
    * Summary: 
    +--------+---------+----------+------------+
    |  Clock |  Target | Estimated| Uncertainty|
    +--------+---------+----------+------------+
    |ap_clk  |  6.75 ns|  4.890 ns|     1.82 ns|
    +--------+---------+----------+------------+

+ Latency: 
    * Summary: 
    +---------+------------+----------+------------+-----+------------+---------+
    |   Latency (cycles)   |   Latency (absolute)  |     Interval     | Pipeline|
    |   min   |     max    |    min   |     max    | min |     max    |   Type  |
    +---------+------------+----------+------------+-----+------------+---------+
    |        1|  4296540136|  6.750 ns|  29.002 sec|    1|  4296540136|       no|
    +---------+------------+----------+------------+-----+------------+---------+

    + Detail: 
        * Instance: 
        +----------------------------------------------------+-----------------------------------------+---------+---------+-----------+----------+-----+-----+-------------------+
        |                                                    |                                         |  Latency (cycles) |  Latency (absolute)  |  Interval |      Pipeline     |
        |                      Instance                      |                  Module                 |   min   |   max   |    min    |    max   | min | max |        Type       |
        +----------------------------------------------------+-----------------------------------------+---------+---------+-----------+----------+-----+-----+-------------------+
        |grp_tpgBackground_Pipeline_VITIS_LOOP_565_2_fu_432  |tpgBackground_Pipeline_VITIS_LOOP_565_2  |        2|    65558|  13.500 ns|  0.443 ms|    0|    0|  loop pipeline stp|
        +----------------------------------------------------+-----------------------------------------+---------+---------+-----------+----------+-----+-----+-------------------+

        * Loop: 
        +--------------------+---------+------------+-----------+-----------+-----------+-----------+----------+
        |                    |   Latency (cycles)   | Iteration |  Initiation Interval  |    Trip   |          |
        |      Loop Name     |   min   |     max    |  Latency  |  achieved |   target  |   Count   | Pipelined|
        +--------------------+---------+------------+-----------+-----------+-----------+-----------+----------+
        |- VITIS_LOOP_563_1  |        0|  4296540135|  5 ~ 65561|          -|          -|  0 ~ 65535|        no|
        +--------------------+---------+------------+-----------+-----------+-----------+-----------+----------+



================================================================
== Utilization Estimates
================================================================
* Summary: 
+-----------------+---------+-----+--------+-------+-----+
|       Name      | BRAM_18K| DSP |   FF   |  LUT  | URAM|
+-----------------+---------+-----+--------+-------+-----+
|DSP              |        -|    -|       -|      -|    -|
|Expression       |        -|    -|       0|    261|    -|
|FIFO             |        -|    -|       -|      -|    -|
|Instance         |        9|   13|    3952|   3866|    -|
|Memory           |        -|    -|       -|      -|    -|
|Multiplexer      |        -|    -|       0|    183|    -|
|Register         |        -|    -|     633|      -|    -|
+-----------------+---------+-----+--------+-------+-----+
|Total            |        9|   13|    4585|   4310|    0|
+-----------------+---------+-----+--------+-------+-----+
|Available        |      280|  220|  106400|  53200|    0|
+-----------------+---------+-----+--------+-------+-----+
|Utilization (%)  |        3|    5|       4|      8|    0|
+-----------------+---------+-----+--------+-------+-----+

+ Detail: 
    * Instance: 
    +----------------------------------------------------+-----------------------------------------+---------+----+------+------+-----+
    |                      Instance                      |                  Module                 | BRAM_18K| DSP|  FF  |  LUT | URAM|
    +----------------------------------------------------+-----------------------------------------+---------+----+------+------+-----+
    |grp_tpgBackground_Pipeline_VITIS_LOOP_565_2_fu_432  |tpgBackground_Pipeline_VITIS_LOOP_565_2  |        9|  13|  3952|  3866|    0|
    +----------------------------------------------------+-----------------------------------------+---------+----+------+------+-----+
    |Total                                               |                                         |        9|  13|  3952|  3866|    0|
    +----------------------------------------------------+-----------------------------------------+---------+----+------+------+-----+

    * DSP: 
    N/A

    * Memory: 
    N/A

    * FIFO: 
    N/A

    * Expression: 
    +---------------------------+----------+----+---+----+------------+------------+
    |       Variable Name       | Operation| DSP| FF| LUT| Bitwidth P0| Bitwidth P1|
    +---------------------------+----------+----+---+----+------------+------------+
    |add_ln1241_fu_684_p2       |         +|   0|  0|  14|          14|           3|
    |add_ln1373_1_fu_716_p2     |         +|   0|  0|  10|          10|           2|
    |add_ln1373_fu_700_p2       |         +|   0|  0|  14|          14|           4|
    |add_ln1374_fu_730_p2       |         +|   0|  0|  14|          14|           4|
    |add_ln1386_fu_766_p2       |         +|   0|  0|  11|          11|           2|
    |add_ln1449_fu_806_p2       |         +|   0|  0|  17|          17|           2|
    |add_ln1473_fu_800_p2       |         +|   0|  0|  17|          17|           2|
    |add_ln1533_fu_1002_p2      |         +|   0|  0|   8|           8|           8|
    |add_ln563_fu_964_p2        |         +|   0|  0|  16|          16|           1|
    |add_ln750_fu_1013_p2       |         +|   0|  0|   8|           8|           8|
    |icmp_ln1122_fu_608_p2      |      icmp|   0|  0|   8|           8|           1|
    |icmp_ln1337_fu_974_p2      |      icmp|   0|  0|  16|          16|           1|
    |icmp_ln1449_fu_996_p2      |      icmp|   0|  0|  17|          17|          17|
    |icmp_ln1801_fu_812_p2      |      icmp|   0|  0|   8|           8|           1|
    |icmp_ln1862_fu_746_p2      |      icmp|   0|  0|   7|           7|           1|
    |icmp_ln563_fu_959_p2       |      icmp|   0|  0|  16|          16|          16|
    |ap_block_state1            |        or|   0|  0|   1|           1|           1|
    |select_ln1122_fu_776_p3    |    select|   0|  0|   9|           1|           8|
    |select_ln1141_fu_614_p3    |    select|   0|  0|   7|           1|           2|
    |select_ln1162_fu_628_p3    |    select|   0|  0|   8|           1|           1|
    |select_ln1188_1_fu_636_p3  |    select|   0|  0|   5|           1|           1|
    |select_ln1188_2_fu_644_p3  |    select|   0|  0|   3|           1|           1|
    |select_ln1188_fu_652_p3    |    select|   0|  0|   7|           1|           2|
    |select_ln1209_fu_660_p3    |    select|   0|  0|   9|           1|           1|
    |select_ln1230_fu_668_p3    |    select|   0|  0|   9|           1|           2|
    |xor_ln1146_fu_622_p2       |       xor|   0|  0|   2|           1|           2|
    +---------------------------+----------+----+---+----+------------+------------+
    |Total                      |          |   0|  0| 261|         211|          94|
    +---------------------------+----------+----+---+----+------------+------------+

    * Multiplexer: 
    +----------------------------------------------------------------------------------------+----+-----------+-----+-----------+
    |                                          Name                                          | LUT| Input Size| Bits| Total Bits|
    +----------------------------------------------------------------------------------------+----+-----------+-----+-----------+
    |ap_NS_fsm                                                                               |  21|          5|    1|          5|
    |ap_done                                                                                 |   9|          2|    1|          2|
    |hdata_flag_0_reg_408                                                                    |   9|          2|    1|          2|
    |hdata_loc_0_fu_282                                                                      |   9|          2|   16|         32|
    |rampVal_2_flag_0_reg_420                                                                |   9|          2|    1|          2|
    |rampVal_2_loc_0_fu_266                                                                  |   9|          2|   16|         32|
    |rampVal_3_flag_0_reg_396                                                                |   9|          2|    1|          2|
    |rampVal_3_loc_0_fu_310                                                                  |   9|          2|   16|         32|
    |rampVal_loc_0_fu_306                                                                    |   9|          2|   16|         32|
    |real_start                                                                              |   9|          2|    1|          2|
    |tpgPatternCheckerBoard_unsigned_short_unsigned_short_unsigned_short_unsigned_3_fu_274   |   9|          2|    8|         16|
    |tpgPatternColorBars_unsigned_short_unsigned_short_unsigned_char_int_hBarSel_l_1_fu_302  |   9|          2|    8|         16|
    |tpgPatternDPColorSquare_unsigned_short_unsigned_short_unsigned_char_unsigned_3_fu_258   |   9|          2|    8|         16|
    |tpgPatternTartanColorBars_unsigned_short_unsigned_short_unsigned_short_unsign_3_fu_290  |   9|          2|    8|         16|
    |vBarSel_2_loc_0_fu_278                                                                  |   9|          2|    8|         16|
    |vBarSel_3_loc_0_fu_262                                                                  |   9|          2|    8|         16|
    |vBarSel_loc_0_fu_294                                                                    |   9|          2|    8|         16|
    |y_fu_254                                                                                |   9|          2|   16|         32|
    |zonePlateVAddr_loc_0_fu_298                                                             |   9|          2|   16|         32|
    +----------------------------------------------------------------------------------------+----+-----------+-----+-----------+
    |Total                                                                                   | 183|         41|  158|        319|
    +----------------------------------------------------------------------------------------+----+-----------+-----+-----------+

    * Register: 
    +----------------------------------------------------------------------------------------+----+----+-----+-----------+
    |                                          Name                                          | FF | LUT| Bits| Const Bits|
    +----------------------------------------------------------------------------------------+----+----+-----+-----------+
    |Sel_reg_1353                                                                            |   2|   0|    2|          0|
    |ZplateHorContDelta_val_read_reg_1201                                                    |  16|   0|   16|          0|
    |ZplateHorContStart_val_read_reg_1206                                                    |  16|   0|   16|          0|
    |ZplateVerContDelta_val_read_reg_1191                                                    |  16|   0|   16|          0|
    |ZplateVerContStart_val_read_reg_1196                                                    |  16|   0|   16|          0|
    |add_ln1373_1_reg_1289                                                                   |  10|   0|   10|          0|
    |add_ln1386_reg_1299                                                                     |  11|   0|   11|          0|
    |add_ln1449_reg_1330                                                                     |  17|   0|   17|          0|
    |add_ln1473_reg_1325                                                                     |  17|   0|   17|          0|
    |add_ln1533_reg_1363                                                                     |   8|   0|    8|          0|
    |ap_CS_fsm                                                                               |   4|   0|    4|          0|
    |ap_done_reg                                                                             |   1|   0|    1|          0|
    |barWidth_reg_1284                                                                       |  11|   0|   11|          0|
    |colorFormat_val_read_reg_1171                                                           |   8|   0|    8|          0|
    |dpDynamicRange_val_read_reg_1186                                                        |   8|   0|    8|          0|
    |dpYUVCoef_val_read_reg_1181                                                             |   8|   0|    8|          0|
    |grp_tpgBackground_Pipeline_VITIS_LOOP_565_2_fu_432_ap_start_reg                         |   1|   0|    1|          0|
    |hdata                                                                                   |  16|   0|   16|          0|
    |hdata_flag_0_reg_408                                                                    |   1|   0|    1|          0|
    |hdata_loc_0_fu_282                                                                      |  16|   0|   16|          0|
    |hdata_new_0_fu_286                                                                      |  16|   0|   16|          0|
    |height_val_read_reg_1221                                                                |  16|   0|   16|          0|
    |icmp_ln1337_reg_1348                                                                    |   1|   0|    1|          0|
    |icmp_ln1449_reg_1358                                                                    |   1|   0|    1|          0|
    |icmp_ln1801_reg_1335                                                                    |   1|   0|    1|          0|
    |icmp_ln1862_reg_1294                                                                    |   1|   0|    1|          0|
    |motionSpeed_val_read_reg_1176                                                           |   8|   0|    8|          0|
    |outpix_0_0_0_0_0_load213_lcssa220_fu_242                                                |   8|   0|    8|          0|
    |outpix_0_1_0_0_0_load215_lcssa223_fu_246                                                |   8|   0|    8|          0|
    |outpix_0_2_0_0_0_load217_lcssa226_fu_250                                                |   8|   0|    8|          0|
    |patternId_val_read_reg_1211                                                             |   8|   0|    8|          0|
    |rampStart                                                                               |   8|   0|    8|          0|
    |rampStart_load_reg_1304                                                                 |   8|   0|    8|          0|
    |rampVal                                                                                 |   8|   0|    8|          0|
    |rampVal_1                                                                               |  16|   0|   16|          0|
    |rampVal_2                                                                               |  16|   0|   16|          0|
    |rampVal_2_flag_0_reg_420                                                                |   1|   0|    1|          0|
    |rampVal_2_loc_0_fu_266                                                                  |  16|   0|   16|          0|
    |rampVal_2_new_0_fu_270                                                                  |  16|   0|   16|          0|
    |rampVal_3_flag_0_reg_396                                                                |   1|   0|    1|          0|
    |rampVal_3_loc_0_fu_310                                                                  |  16|   0|   16|          0|
    |rampVal_3_new_0_fu_314                                                                  |  16|   0|   16|          0|
    |rampVal_loc_0_fu_306                                                                    |  16|   0|   16|          0|
    |select_ln1122_reg_1310                                                                  |   8|   0|    8|          0|
    |select_ln1141_reg_1244                                                                  |   5|   0|    8|          3|
    |select_ln1162_reg_1254                                                                  |   4|   0|    8|          4|
    |select_ln1188_1_reg_1259                                                                |   3|   0|    5|          2|
    |select_ln1188_2_reg_1264                                                                |   2|   0|    3|          1|
    |select_ln1188_reg_1269                                                                  |   3|   0|    8|          5|
    |select_ln1209_reg_1274                                                                  |   1|   0|    8|          7|
    |select_ln1230_reg_1279                                                                  |   7|   0|    8|          1|
    |shl_ln_reg_1320                                                                         |   8|   0|   16|          8|
    |start_once_reg                                                                          |   1|   0|    1|          0|
    |tpgPatternCheckerBoard_unsigned_short_unsigned_short_unsigned_short_unsigned_1          |   3|   0|    3|          0|
    |tpgPatternCheckerBoard_unsigned_short_unsigned_short_unsigned_short_unsigned_3_fu_274   |   8|   0|    8|          0|
    |tpgPatternColorBars_unsigned_short_unsigned_short_unsigned_char_int_hBarSel             |   8|   0|    8|          0|
    |tpgPatternColorBars_unsigned_short_unsigned_short_unsigned_char_int_hBarSel_l_1_fu_302  |   8|   0|    8|          0|
    |tpgPatternDPColorSquare_unsigned_short_unsigned_short_unsigned_char_unsigned_1          |   3|   0|    3|          0|
    |tpgPatternDPColorSquare_unsigned_short_unsigned_short_unsigned_char_unsigned_3_fu_258   |   8|   0|    8|          0|
    |tpgPatternTartanColorBars_unsigned_short_unsigned_short_unsigned_short_unsign_1         |   3|   0|    3|          0|
    |tpgPatternTartanColorBars_unsigned_short_unsigned_short_unsigned_short_unsign_3_fu_290  |   8|   0|    8|          0|
    |trunc_ln1247_reg_1315                                                                   |   8|   0|    8|          0|
    |vBarSel                                                                                 |   3|   0|    3|          0|
    |vBarSel_1                                                                               |   1|   0|    1|          0|
    |vBarSel_2                                                                               |   8|   0|    8|          0|
    |vBarSel_2_loc_0_fu_278                                                                  |   8|   0|    8|          0|
    |vBarSel_3_loc_0_fu_262                                                                  |   8|   0|    8|          0|
    |vBarSel_loc_0_fu_294                                                                    |   8|   0|    8|          0|
    |width_val_read_reg_1216                                                                 |  16|   0|   16|          0|
    |xor_ln1146_reg_1249                                                                     |   1|   0|    1|          0|
    |y_3_reg_1340                                                                            |  16|   0|   16|          0|
    |y_fu_254                                                                                |  16|   0|   16|          0|
    |zonePlateVAddr                                                                          |  16|   0|   16|          0|
    |zonePlateVAddr_loc_0_fu_298                                                             |  16|   0|   16|          0|
    +----------------------------------------------------------------------------------------+----+----+-----+-----------+
    |Total                                                                                   | 633|   0|  664|         31|
    +----------------------------------------------------------------------------------------+----+----+-----+-----------+



================================================================
== Interface
================================================================
* Summary: 
+--------------------------+-----+-----+------------+------------------------+--------------+
|         RTL Ports        | Dir | Bits|  Protocol  |      Source Object     |    C Type    |
+--------------------------+-----+-----+------------+------------------------+--------------+
|ap_clk                    |   in|    1|  ap_ctrl_hs|           tpgBackground|  return value|
|ap_rst                    |   in|    1|  ap_ctrl_hs|           tpgBackground|  return value|
|ap_start                  |   in|    1|  ap_ctrl_hs|           tpgBackground|  return value|
|start_full_n              |   in|    1|  ap_ctrl_hs|           tpgBackground|  return value|
|ap_done                   |  out|    1|  ap_ctrl_hs|           tpgBackground|  return value|
|ap_continue               |   in|    1|  ap_ctrl_hs|           tpgBackground|  return value|
|ap_idle                   |  out|    1|  ap_ctrl_hs|           tpgBackground|  return value|
|ap_ready                  |  out|    1|  ap_ctrl_hs|           tpgBackground|  return value|
|start_out                 |  out|    1|  ap_ctrl_hs|           tpgBackground|  return value|
|start_write               |  out|    1|  ap_ctrl_hs|           tpgBackground|  return value|
|height_val                |   in|   16|   ap_stable|              height_val|        scalar|
|width_val                 |   in|   16|   ap_stable|               width_val|        scalar|
|patternId_val             |   in|    8|   ap_stable|           patternId_val|        scalar|
|ZplateHorContStart_val    |   in|   16|   ap_stable|  ZplateHorContStart_val|        scalar|
|ZplateHorContDelta_val    |   in|   16|   ap_stable|  ZplateHorContDelta_val|        scalar|
|ZplateVerContStart_val    |   in|   16|   ap_stable|  ZplateVerContStart_val|        scalar|
|ZplateVerContDelta_val    |   in|   16|   ap_stable|  ZplateVerContDelta_val|        scalar|
|dpDynamicRange_val        |   in|    8|   ap_stable|      dpDynamicRange_val|        scalar|
|dpYUVCoef_val             |   in|    8|   ap_stable|           dpYUVCoef_val|        scalar|
|motionSpeed_val           |   in|    8|   ap_stable|         motionSpeed_val|        scalar|
|colorFormat_val           |   in|    8|   ap_stable|         colorFormat_val|        scalar|
|bckgndYUV_din             |  out|   24|     ap_fifo|               bckgndYUV|       pointer|
|bckgndYUV_full_n          |   in|    1|     ap_fifo|               bckgndYUV|       pointer|
|bckgndYUV_write           |  out|    1|     ap_fifo|               bckgndYUV|       pointer|
|bckgndYUV_num_data_valid  |   in|    5|     ap_fifo|               bckgndYUV|       pointer|
|bckgndYUV_fifo_cap        |   in|    5|     ap_fifo|               bckgndYUV|       pointer|
|s                         |   in|   32|     ap_none|                       s|       pointer|
+--------------------------+-----+-----+------------+------------------------+--------------+

