  **** HLS Build v2025.2 6295257
Sourcing Tcl script '/home/serg/Documents/Xilinx/z700_hdmi/HDMI_FBWRRD/HSMI_FBWRRD.runs/top_design_v_frmbuf_wr_0_0_synth_1/runhls.tcl'
INFO: [HLS 200-1510] Running: open_project -reset prj 
WARNING: [HLS 200-2182] The 'prj' project will not automatically appear within Vitis IDE workspaces and is meant only for TCL batch use.  Please use open_component instead of open_project/open_solution to generate Vitis IDE compatible component files and directory structure.
Resolution: For help on HLS 200-2182 see docs.amd.com/access/sources/dita/topic?Doc_Version=2025.2%20English&url=ug1448-hls-guidance&resourceid=200-2182.html
INFO: [HLS 200-10] Creating and opening solution '/home/serg/Documents/Xilinx/z700_hdmi/HDMI_FBWRRD/HSMI_FBWRRD.runs/top_design_v_frmbuf_wr_0_0_synth_1/prj'.
INFO: [HLS 200-1510] Running: set_top v_frmbuf_wr 
INFO: [HLS 200-1510] Running: open_solution sol 
INFO: [HLS 200-10] Creating and opening solution '/home/serg/Documents/Xilinx/z700_hdmi/HDMI_FBWRRD/HSMI_FBWRRD.runs/top_design_v_frmbuf_wr_0_0_synth_1/prj/sol'.
INFO: [HLS 200-1505] Using default flow_target 'vivado'
Resolution: For help on HLS 200-1505 see docs.amd.com/access/sources/dita/topic?Doc_Version=2025.2%20English&url=ug1448-hls-guidance&resourceid=200-1505.html
INFO: [HLS 200-1510] Running: set_part xc7z020clg400-2 
INFO: [HLS 200-1611] Setting target device to 'xc7z020-clg400-2'
INFO: [HLS 200-1510] Running: add_files -cflags  -I /home/serg/Documents/Xilinx/z700_hdmi/HDMI_FBWRRD/HSMI_FBWRRD.gen/sources_1/bd/top_design/ip/top_design_v_frmbuf_wr_0_0/src/hls -I /home/serg/Documents/Xilinx/z700_hdmi/HDMI_FBWRRD/HSMI_FBWRRD.gen/sources_1/bd/top_design/ip/top_design_v_frmbuf_wr_0_0/src  /home/serg/Documents/Xilinx/z700_hdmi/HDMI_FBWRRD/HSMI_FBWRRD.gen/sources_1/bd/top_design/ip/top_design_v_frmbuf_wr_0_0/src/v_frmbuf_wr_config.h 
INFO: [HLS 200-10] Adding design file '/home/serg/Documents/Xilinx/z700_hdmi/HDMI_FBWRRD/HSMI_FBWRRD.gen/sources_1/bd/top_design/ip/top_design_v_frmbuf_wr_0_0/src/v_frmbuf_wr_config.h' to the project
INFO: [HLS 200-1510] Running: add_files -cflags  -I /home/serg/Documents/Xilinx/z700_hdmi/HDMI_FBWRRD/HSMI_FBWRRD.gen/sources_1/bd/top_design/ip/top_design_v_frmbuf_wr_0_0/src/hls -I /home/serg/Documents/Xilinx/z700_hdmi/HDMI_FBWRRD/HSMI_FBWRRD.gen/sources_1/bd/top_design/ip/top_design_v_frmbuf_wr_0_0/src  /home/serg/Documents/Xilinx/z700_hdmi/HDMI_FBWRRD/HSMI_FBWRRD.gen/sources_1/bd/top_design/ip/top_design_v_frmbuf_wr_0_0/src/v_frmbuf_wr.cpp 
INFO: [HLS 200-10] Adding design file '/home/serg/Documents/Xilinx/z700_hdmi/HDMI_FBWRRD/HSMI_FBWRRD.gen/sources_1/bd/top_design/ip/top_design_v_frmbuf_wr_0_0/src/v_frmbuf_wr.cpp' to the project
INFO: [HLS 200-1510] Running: add_files -cflags  -I /home/serg/Documents/Xilinx/z700_hdmi/HDMI_FBWRRD/HSMI_FBWRRD.gen/sources_1/bd/top_design/ip/top_design_v_frmbuf_wr_0_0/src/hls -I /home/serg/Documents/Xilinx/z700_hdmi/HDMI_FBWRRD/HSMI_FBWRRD.gen/sources_1/bd/top_design/ip/top_design_v_frmbuf_wr_0_0/src  /home/serg/Documents/Xilinx/z700_hdmi/HDMI_FBWRRD/HSMI_FBWRRD.gen/sources_1/bd/top_design/ip/top_design_v_frmbuf_wr_0_0/src/v_frmbuf_wr.h 
INFO: [HLS 200-10] Adding design file '/home/serg/Documents/Xilinx/z700_hdmi/HDMI_FBWRRD/HSMI_FBWRRD.gen/sources_1/bd/top_design/ip/top_design_v_frmbuf_wr_0_0/src/v_frmbuf_wr.h' to the project
INFO: [HLS 200-1510] Running: add_files -cflags  -I /home/serg/Documents/Xilinx/z700_hdmi/HDMI_FBWRRD/HSMI_FBWRRD.gen/sources_1/bd/top_design/ip/top_design_v_frmbuf_wr_0_0/src/hls -I /home/serg/Documents/Xilinx/z700_hdmi/HDMI_FBWRRD/HSMI_FBWRRD.gen/sources_1/bd/top_design/ip/top_design_v_frmbuf_wr_0_0/src  /home/serg/Documents/Xilinx/z700_hdmi/HDMI_FBWRRD/HSMI_FBWRRD.gen/sources_1/bd/top_design/ip/top_design_v_frmbuf_wr_0_0/src/hls_video.h 
INFO: [HLS 200-10] Adding design file '/home/serg/Documents/Xilinx/z700_hdmi/HDMI_FBWRRD/HSMI_FBWRRD.gen/sources_1/bd/top_design/ip/top_design_v_frmbuf_wr_0_0/src/hls_video.h' to the project
INFO: [HLS 200-1510] Running: add_files -cflags  -I /home/serg/Documents/Xilinx/z700_hdmi/HDMI_FBWRRD/HSMI_FBWRRD.gen/sources_1/bd/top_design/ip/top_design_v_frmbuf_wr_0_0/src/hls -I /home/serg/Documents/Xilinx/z700_hdmi/HDMI_FBWRRD/HSMI_FBWRRD.gen/sources_1/bd/top_design/ip/top_design_v_frmbuf_wr_0_0/src  /home/serg/Documents/Xilinx/z700_hdmi/HDMI_FBWRRD/HSMI_FBWRRD.gen/sources_1/bd/top_design/ip/top_design_v_frmbuf_wr_0_0/src/hls_opencv.h 
INFO: [HLS 200-10] Adding design file '/home/serg/Documents/Xilinx/z700_hdmi/HDMI_FBWRRD/HSMI_FBWRRD.gen/sources_1/bd/top_design/ip/top_design_v_frmbuf_wr_0_0/src/hls_opencv.h' to the project
INFO: [HLS 200-1510] Running: add_files -cflags  -I /home/serg/Documents/Xilinx/z700_hdmi/HDMI_FBWRRD/HSMI_FBWRRD.gen/sources_1/bd/top_design/ip/top_design_v_frmbuf_wr_0_0/src/hls -I /home/serg/Documents/Xilinx/z700_hdmi/HDMI_FBWRRD/HSMI_FBWRRD.gen/sources_1/bd/top_design/ip/top_design_v_frmbuf_wr_0_0/src  /home/serg/Documents/Xilinx/z700_hdmi/HDMI_FBWRRD/HSMI_FBWRRD.gen/sources_1/bd/top_design/ip/top_design_v_frmbuf_wr_0_0/src/hls/hls_axi_io.h 
INFO: [HLS 200-10] Adding design file '/home/serg/Documents/Xilinx/z700_hdmi/HDMI_FBWRRD/HSMI_FBWRRD.gen/sources_1/bd/top_design/ip/top_design_v_frmbuf_wr_0_0/src/hls/hls_axi_io.h' to the project
INFO: [HLS 200-1510] Running: add_files -cflags  -I /home/serg/Documents/Xilinx/z700_hdmi/HDMI_FBWRRD/HSMI_FBWRRD.gen/sources_1/bd/top_design/ip/top_design_v_frmbuf_wr_0_0/src/hls -I /home/serg/Documents/Xilinx/z700_hdmi/HDMI_FBWRRD/HSMI_FBWRRD.gen/sources_1/bd/top_design/ip/top_design_v_frmbuf_wr_0_0/src  /home/serg/Documents/Xilinx/z700_hdmi/HDMI_FBWRRD/HSMI_FBWRRD.gen/sources_1/bd/top_design/ip/top_design_v_frmbuf_wr_0_0/src/hls/hls_video_arithm.h 
INFO: [HLS 200-10] Adding design file '/home/serg/Documents/Xilinx/z700_hdmi/HDMI_FBWRRD/HSMI_FBWRRD.gen/sources_1/bd/top_design/ip/top_design_v_frmbuf_wr_0_0/src/hls/hls_video_arithm.h' to the project
INFO: [HLS 200-1510] Running: add_files -cflags  -I /home/serg/Documents/Xilinx/z700_hdmi/HDMI_FBWRRD/HSMI_FBWRRD.gen/sources_1/bd/top_design/ip/top_design_v_frmbuf_wr_0_0/src/hls -I /home/serg/Documents/Xilinx/z700_hdmi/HDMI_FBWRRD/HSMI_FBWRRD.gen/sources_1/bd/top_design/ip/top_design_v_frmbuf_wr_0_0/src  /home/serg/Documents/Xilinx/z700_hdmi/HDMI_FBWRRD/HSMI_FBWRRD.gen/sources_1/bd/top_design/ip/top_design_v_frmbuf_wr_0_0/src/hls/hls_video_core.h 
INFO: [HLS 200-10] Adding design file '/home/serg/Documents/Xilinx/z700_hdmi/HDMI_FBWRRD/HSMI_FBWRRD.gen/sources_1/bd/top_design/ip/top_design_v_frmbuf_wr_0_0/src/hls/hls_video_core.h' to the project
INFO: [HLS 200-1510] Running: add_files -cflags  -I /home/serg/Documents/Xilinx/z700_hdmi/HDMI_FBWRRD/HSMI_FBWRRD.gen/sources_1/bd/top_design/ip/top_design_v_frmbuf_wr_0_0/src/hls -I /home/serg/Documents/Xilinx/z700_hdmi/HDMI_FBWRRD/HSMI_FBWRRD.gen/sources_1/bd/top_design/ip/top_design_v_frmbuf_wr_0_0/src  /home/serg/Documents/Xilinx/z700_hdmi/HDMI_FBWRRD/HSMI_FBWRRD.gen/sources_1/bd/top_design/ip/top_design_v_frmbuf_wr_0_0/src/hls/hls_video_fast.h 
INFO: [HLS 200-10] Adding design file '/home/serg/Documents/Xilinx/z700_hdmi/HDMI_FBWRRD/HSMI_FBWRRD.gen/sources_1/bd/top_design/ip/top_design_v_frmbuf_wr_0_0/src/hls/hls_video_fast.h' to the project
INFO: [HLS 200-1510] Running: add_files -cflags  -I /home/serg/Documents/Xilinx/z700_hdmi/HDMI_FBWRRD/HSMI_FBWRRD.gen/sources_1/bd/top_design/ip/top_design_v_frmbuf_wr_0_0/src/hls -I /home/serg/Documents/Xilinx/z700_hdmi/HDMI_FBWRRD/HSMI_FBWRRD.gen/sources_1/bd/top_design/ip/top_design_v_frmbuf_wr_0_0/src  /home/serg/Documents/Xilinx/z700_hdmi/HDMI_FBWRRD/HSMI_FBWRRD.gen/sources_1/bd/top_design/ip/top_design_v_frmbuf_wr_0_0/src/hls/hls_video_haar.h 
INFO: [HLS 200-10] Adding design file '/home/serg/Documents/Xilinx/z700_hdmi/HDMI_FBWRRD/HSMI_FBWRRD.gen/sources_1/bd/top_design/ip/top_design_v_frmbuf_wr_0_0/src/hls/hls_video_haar.h' to the project
INFO: [HLS 200-1510] Running: add_files -cflags  -I /home/serg/Documents/Xilinx/z700_hdmi/HDMI_FBWRRD/HSMI_FBWRRD.gen/sources_1/bd/top_design/ip/top_design_v_frmbuf_wr_0_0/src/hls -I /home/serg/Documents/Xilinx/z700_hdmi/HDMI_FBWRRD/HSMI_FBWRRD.gen/sources_1/bd/top_design/ip/top_design_v_frmbuf_wr_0_0/src  /home/serg/Documents/Xilinx/z700_hdmi/HDMI_FBWRRD/HSMI_FBWRRD.gen/sources_1/bd/top_design/ip/top_design_v_frmbuf_wr_0_0/src/hls/hls_video_harris.h 
INFO: [HLS 200-10] Adding design file '/home/serg/Documents/Xilinx/z700_hdmi/HDMI_FBWRRD/HSMI_FBWRRD.gen/sources_1/bd/top_design/ip/top_design_v_frmbuf_wr_0_0/src/hls/hls_video_harris.h' to the project
INFO: [HLS 200-1510] Running: add_files -cflags  -I /home/serg/Documents/Xilinx/z700_hdmi/HDMI_FBWRRD/HSMI_FBWRRD.gen/sources_1/bd/top_design/ip/top_design_v_frmbuf_wr_0_0/src/hls -I /home/serg/Documents/Xilinx/z700_hdmi/HDMI_FBWRRD/HSMI_FBWRRD.gen/sources_1/bd/top_design/ip/top_design_v_frmbuf_wr_0_0/src  /home/serg/Documents/Xilinx/z700_hdmi/HDMI_FBWRRD/HSMI_FBWRRD.gen/sources_1/bd/top_design/ip/top_design_v_frmbuf_wr_0_0/src/hls/hls_video_histogram.h 
INFO: [HLS 200-10] Adding design file '/home/serg/Documents/Xilinx/z700_hdmi/HDMI_FBWRRD/HSMI_FBWRRD.gen/sources_1/bd/top_design/ip/top_design_v_frmbuf_wr_0_0/src/hls/hls_video_histogram.h' to the project
INFO: [HLS 200-1510] Running: add_files -cflags  -I /home/serg/Documents/Xilinx/z700_hdmi/HDMI_FBWRRD/HSMI_FBWRRD.gen/sources_1/bd/top_design/ip/top_design_v_frmbuf_wr_0_0/src/hls -I /home/serg/Documents/Xilinx/z700_hdmi/HDMI_FBWRRD/HSMI_FBWRRD.gen/sources_1/bd/top_design/ip/top_design_v_frmbuf_wr_0_0/src  /home/serg/Documents/Xilinx/z700_hdmi/HDMI_FBWRRD/HSMI_FBWRRD.gen/sources_1/bd/top_design/ip/top_design_v_frmbuf_wr_0_0/src/hls/hls_video_hough.h 
INFO: [HLS 200-10] Adding design file '/home/serg/Documents/Xilinx/z700_hdmi/HDMI_FBWRRD/HSMI_FBWRRD.gen/sources_1/bd/top_design/ip/top_design_v_frmbuf_wr_0_0/src/hls/hls_video_hough.h' to the project
INFO: [HLS 200-1510] Running: add_files -cflags  -I /home/serg/Documents/Xilinx/z700_hdmi/HDMI_FBWRRD/HSMI_FBWRRD.gen/sources_1/bd/top_design/ip/top_design_v_frmbuf_wr_0_0/src/hls -I /home/serg/Documents/Xilinx/z700_hdmi/HDMI_FBWRRD/HSMI_FBWRRD.gen/sources_1/bd/top_design/ip/top_design_v_frmbuf_wr_0_0/src  /home/serg/Documents/Xilinx/z700_hdmi/HDMI_FBWRRD/HSMI_FBWRRD.gen/sources_1/bd/top_design/ip/top_design_v_frmbuf_wr_0_0/src/hls/hls_video_imgbase.h 
INFO: [HLS 200-10] Adding design file '/home/serg/Documents/Xilinx/z700_hdmi/HDMI_FBWRRD/HSMI_FBWRRD.gen/sources_1/bd/top_design/ip/top_design_v_frmbuf_wr_0_0/src/hls/hls_video_imgbase.h' to the project
INFO: [HLS 200-1510] Running: add_files -cflags  -I /home/serg/Documents/Xilinx/z700_hdmi/HDMI_FBWRRD/HSMI_FBWRRD.gen/sources_1/bd/top_design/ip/top_design_v_frmbuf_wr_0_0/src/hls -I /home/serg/Documents/Xilinx/z700_hdmi/HDMI_FBWRRD/HSMI_FBWRRD.gen/sources_1/bd/top_design/ip/top_design_v_frmbuf_wr_0_0/src  /home/serg/Documents/Xilinx/z700_hdmi/HDMI_FBWRRD/HSMI_FBWRRD.gen/sources_1/bd/top_design/ip/top_design_v_frmbuf_wr_0_0/src/hls/hls_video_imgproc.h 
INFO: [HLS 200-10] Adding design file '/home/serg/Documents/Xilinx/z700_hdmi/HDMI_FBWRRD/HSMI_FBWRRD.gen/sources_1/bd/top_design/ip/top_design_v_frmbuf_wr_0_0/src/hls/hls_video_imgproc.h' to the project
INFO: [HLS 200-1510] Running: add_files -cflags  -I /home/serg/Documents/Xilinx/z700_hdmi/HDMI_FBWRRD/HSMI_FBWRRD.gen/sources_1/bd/top_design/ip/top_design_v_frmbuf_wr_0_0/src/hls -I /home/serg/Documents/Xilinx/z700_hdmi/HDMI_FBWRRD/HSMI_FBWRRD.gen/sources_1/bd/top_design/ip/top_design_v_frmbuf_wr_0_0/src  /home/serg/Documents/Xilinx/z700_hdmi/HDMI_FBWRRD/HSMI_FBWRRD.gen/sources_1/bd/top_design/ip/top_design_v_frmbuf_wr_0_0/src/hls/hls_video_io.h 
INFO: [HLS 200-10] Adding design file '/home/serg/Documents/Xilinx/z700_hdmi/HDMI_FBWRRD/HSMI_FBWRRD.gen/sources_1/bd/top_design/ip/top_design_v_frmbuf_wr_0_0/src/hls/hls_video_io.h' to the project
INFO: [HLS 200-1510] Running: add_files -cflags  -I /home/serg/Documents/Xilinx/z700_hdmi/HDMI_FBWRRD/HSMI_FBWRRD.gen/sources_1/bd/top_design/ip/top_design_v_frmbuf_wr_0_0/src/hls -I /home/serg/Documents/Xilinx/z700_hdmi/HDMI_FBWRRD/HSMI_FBWRRD.gen/sources_1/bd/top_design/ip/top_design_v_frmbuf_wr_0_0/src  /home/serg/Documents/Xilinx/z700_hdmi/HDMI_FBWRRD/HSMI_FBWRRD.gen/sources_1/bd/top_design/ip/top_design_v_frmbuf_wr_0_0/src/hls/hls_video_mem.h 
INFO: [HLS 200-10] Adding design file '/home/serg/Documents/Xilinx/z700_hdmi/HDMI_FBWRRD/HSMI_FBWRRD.gen/sources_1/bd/top_design/ip/top_design_v_frmbuf_wr_0_0/src/hls/hls_video_mem.h' to the project
INFO: [HLS 200-1510] Running: add_files -cflags  -I /home/serg/Documents/Xilinx/z700_hdmi/HDMI_FBWRRD/HSMI_FBWRRD.gen/sources_1/bd/top_design/ip/top_design_v_frmbuf_wr_0_0/src/hls -I /home/serg/Documents/Xilinx/z700_hdmi/HDMI_FBWRRD/HSMI_FBWRRD.gen/sources_1/bd/top_design/ip/top_design_v_frmbuf_wr_0_0/src  /home/serg/Documents/Xilinx/z700_hdmi/HDMI_FBWRRD/HSMI_FBWRRD.gen/sources_1/bd/top_design/ip/top_design_v_frmbuf_wr_0_0/src/hls/hls_video_stereobm.h 
INFO: [HLS 200-10] Adding design file '/home/serg/Documents/Xilinx/z700_hdmi/HDMI_FBWRRD/HSMI_FBWRRD.gen/sources_1/bd/top_design/ip/top_design_v_frmbuf_wr_0_0/src/hls/hls_video_stereobm.h' to the project
INFO: [HLS 200-1510] Running: add_files -cflags  -I /home/serg/Documents/Xilinx/z700_hdmi/HDMI_FBWRRD/HSMI_FBWRRD.gen/sources_1/bd/top_design/ip/top_design_v_frmbuf_wr_0_0/src/hls -I /home/serg/Documents/Xilinx/z700_hdmi/HDMI_FBWRRD/HSMI_FBWRRD.gen/sources_1/bd/top_design/ip/top_design_v_frmbuf_wr_0_0/src  /home/serg/Documents/Xilinx/z700_hdmi/HDMI_FBWRRD/HSMI_FBWRRD.gen/sources_1/bd/top_design/ip/top_design_v_frmbuf_wr_0_0/src/hls/hls_video_types.h 
INFO: [HLS 200-10] Adding design file '/home/serg/Documents/Xilinx/z700_hdmi/HDMI_FBWRRD/HSMI_FBWRRD.gen/sources_1/bd/top_design/ip/top_design_v_frmbuf_wr_0_0/src/hls/hls_video_types.h' to the project
INFO: [HLS 200-1510] Running: add_files -cflags  -I /home/serg/Documents/Xilinx/z700_hdmi/HDMI_FBWRRD/HSMI_FBWRRD.gen/sources_1/bd/top_design/ip/top_design_v_frmbuf_wr_0_0/src/hls -I /home/serg/Documents/Xilinx/z700_hdmi/HDMI_FBWRRD/HSMI_FBWRRD.gen/sources_1/bd/top_design/ip/top_design_v_frmbuf_wr_0_0/src  /home/serg/Documents/Xilinx/z700_hdmi/HDMI_FBWRRD/HSMI_FBWRRD.gen/sources_1/bd/top_design/ip/top_design_v_frmbuf_wr_0_0/src/hls/hls_video_undistort.h 
INFO: [HLS 200-10] Adding design file '/home/serg/Documents/Xilinx/z700_hdmi/HDMI_FBWRRD/HSMI_FBWRRD.gen/sources_1/bd/top_design/ip/top_design_v_frmbuf_wr_0_0/src/hls/hls_video_undistort.h' to the project
INFO: [HLS 200-1510] Running: create_clock -period 6.750 -name ap_clk 
INFO: [SYN 201-201] Setting up clock 'ap_clk' with a period of 6.75ns.
INFO: [HLS 200-1510] Running: config_interface -m_axi_flush_mode 
INFO: [HLS 200-1510] Running: config_interface -m_axi_conservative_mode 
INFO: [HLS 200-1510] Running: config_interface -m_axi_addr64=false 
INFO: [HLS 200-1510] Running: config_rtl -module_prefix top_design_v_frmbuf_wr_0_0_ 
INFO: [HLS 200-1510] Running: config_export -vendor xilinx.com -library ip -version 3.0 
INFO: [HLS 200-1510] Running: csynth_design 
INFO: [HLS 200-111] Finished File checks and directory preparation: CPU user time: 0.03 seconds. CPU system time: 0.03 seconds. Elapsed time: 0.06 seconds; current allocated memory: 234.613 MB.
INFO: [HLS 200-2191] C-Synthesis will use clang-16 as the compiler
INFO: [HLS 200-10] Analyzing design file '/home/serg/Documents/Xilinx/z700_hdmi/HDMI_FBWRRD/HSMI_FBWRRD.gen/sources_1/bd/top_design/ip/top_design_v_frmbuf_wr_0_0/src/v_frmbuf_wr.cpp' ... 
WARNING: [HLS 207-6591] unused parameter 'dstImg2' (/home/serg/Documents/Xilinx/z700_hdmi/HDMI_FBWRRD/HSMI_FBWRRD.runs/top_design_v_frmbuf_wr_0_0_synth_1/prj/sol/.autopilot/db/v_frmbuf_wr.cpp:1528:30)
WARNING: [HLS 207-6591] unused parameter 'dstImg3' (/home/serg/Documents/Xilinx/z700_hdmi/HDMI_FBWRRD/HSMI_FBWRRD.runs/top_design_v_frmbuf_wr_0_0_synth_1/prj/sol/.autopilot/db/v_frmbuf_wr.cpp:1529:15)
WARNING: [HLS 207-6591] unused parameter 'VideoFormat' (/home/serg/Documents/Xilinx/z700_hdmi/HDMI_FBWRRD/HSMI_FBWRRD.runs/top_design_v_frmbuf_wr_0_0_synth_1/prj/sol/.autopilot/db/v_frmbuf_wr.cpp:1533:28)
INFO: [HLS 200-111] Finished Source Code Analysis and Preprocessing: CPU user time: 19.56 seconds. CPU system time: 0.83 seconds. Elapsed time: 20.39 seconds; current allocated memory: 263.805 MB.
INFO: [HLS 200-777] Using interface defaults for 'Vivado' flow target.
INFO: [HLS 200-1995] There were 2,065 instructions in the design after the 'Compile/Link' phase of compilation. See the Design Size Report for more details (/home/serg/Documents/Xilinx/z700_hdmi/HDMI_FBWRRD/HSMI_FBWRRD.runs/top_design_v_frmbuf_wr_0_0_synth_1/prj/sol/syn/report/csynth_design_size.rpt:2)
INFO: [HLS 200-1995] There were 998 instructions in the design after the 'Unroll/Inline (step 1)' phase of compilation. See the Design Size Report for more details (/home/serg/Documents/Xilinx/z700_hdmi/HDMI_FBWRRD/HSMI_FBWRRD.runs/top_design_v_frmbuf_wr_0_0_synth_1/prj/sol/syn/report/csynth_design_size.rpt:2)
INFO: [HLS 200-1995] There were 674 instructions in the design after the 'Unroll/Inline (step 2)' phase of compilation. See the Design Size Report for more details (/home/serg/Documents/Xilinx/z700_hdmi/HDMI_FBWRRD/HSMI_FBWRRD.runs/top_design_v_frmbuf_wr_0_0_synth_1/prj/sol/syn/report/csynth_design_size.rpt:2)
INFO: [HLS 200-1995] There were 585 instructions in the design after the 'Unroll/Inline (step 3)' phase of compilation. See the Design Size Report for more details (/home/serg/Documents/Xilinx/z700_hdmi/HDMI_FBWRRD/HSMI_FBWRRD.runs/top_design_v_frmbuf_wr_0_0_synth_1/prj/sol/syn/report/csynth_design_size.rpt:2)
INFO: [HLS 200-1995] There were 513 instructions in the design after the 'Unroll/Inline (step 4)' phase of compilation. See the Design Size Report for more details (/home/serg/Documents/Xilinx/z700_hdmi/HDMI_FBWRRD/HSMI_FBWRRD.runs/top_design_v_frmbuf_wr_0_0_synth_1/prj/sol/syn/report/csynth_design_size.rpt:2)
INFO: [HLS 200-1995] There were 477 instructions in the design after the 'Array/Struct (step 1)' phase of compilation. See the Design Size Report for more details (/home/serg/Documents/Xilinx/z700_hdmi/HDMI_FBWRRD/HSMI_FBWRRD.runs/top_design_v_frmbuf_wr_0_0_synth_1/prj/sol/syn/report/csynth_design_size.rpt:2)
INFO: [HLS 200-1995] There were 477 instructions in the design after the 'Array/Struct (step 2)' phase of compilation. See the Design Size Report for more details (/home/serg/Documents/Xilinx/z700_hdmi/HDMI_FBWRRD/HSMI_FBWRRD.runs/top_design_v_frmbuf_wr_0_0_synth_1/prj/sol/syn/report/csynth_design_size.rpt:2)
INFO: [HLS 200-1995] There were 486 instructions in the design after the 'Array/Struct (step 3)' phase of compilation. See the Design Size Report for more details (/home/serg/Documents/Xilinx/z700_hdmi/HDMI_FBWRRD/HSMI_FBWRRD.runs/top_design_v_frmbuf_wr_0_0_synth_1/prj/sol/syn/report/csynth_design_size.rpt:2)
INFO: [HLS 200-1995] There were 657 instructions in the design after the 'Array/Struct (step 4)' phase of compilation. See the Design Size Report for more details (/home/serg/Documents/Xilinx/z700_hdmi/HDMI_FBWRRD/HSMI_FBWRRD.runs/top_design_v_frmbuf_wr_0_0_synth_1/prj/sol/syn/report/csynth_design_size.rpt:2)
INFO: [HLS 200-1995] There were 712 instructions in the design after the 'Array/Struct (step 5)' phase of compilation. See the Design Size Report for more details (/home/serg/Documents/Xilinx/z700_hdmi/HDMI_FBWRRD/HSMI_FBWRRD.runs/top_design_v_frmbuf_wr_0_0_synth_1/prj/sol/syn/report/csynth_design_size.rpt:2)
INFO: [HLS 200-1995] There were 683 instructions in the design after the 'Performance (step 1)' phase of compilation. See the Design Size Report for more details (/home/serg/Documents/Xilinx/z700_hdmi/HDMI_FBWRRD/HSMI_FBWRRD.runs/top_design_v_frmbuf_wr_0_0_synth_1/prj/sol/syn/report/csynth_design_size.rpt:2)
INFO: [HLS 200-1995] There were 659 instructions in the design after the 'Performance (step 2)' phase of compilation. See the Design Size Report for more details (/home/serg/Documents/Xilinx/z700_hdmi/HDMI_FBWRRD/HSMI_FBWRRD.runs/top_design_v_frmbuf_wr_0_0_synth_1/prj/sol/syn/report/csynth_design_size.rpt:2)
INFO: [HLS 200-1995] There were 619 instructions in the design after the 'Performance (step 3)' phase of compilation. See the Design Size Report for more details (/home/serg/Documents/Xilinx/z700_hdmi/HDMI_FBWRRD/HSMI_FBWRRD.runs/top_design_v_frmbuf_wr_0_0_synth_1/prj/sol/syn/report/csynth_design_size.rpt:2)
INFO: [HLS 200-1995] There were 619 instructions in the design after the 'Performance (step 4)' phase of compilation. See the Design Size Report for more details (/home/serg/Documents/Xilinx/z700_hdmi/HDMI_FBWRRD/HSMI_FBWRRD.runs/top_design_v_frmbuf_wr_0_0_synth_1/prj/sol/syn/report/csynth_design_size.rpt:2)
INFO: [HLS 200-1995] There were 606 instructions in the design after the 'HW Transforms (step 1)' phase of compilation. See the Design Size Report for more details (/home/serg/Documents/Xilinx/z700_hdmi/HDMI_FBWRRD/HSMI_FBWRRD.runs/top_design_v_frmbuf_wr_0_0_synth_1/prj/sol/syn/report/csynth_design_size.rpt:2)
INFO: [HLS 200-1995] There were 518 instructions in the design after the 'HW Transforms (step 2)' phase of compilation. See the Design Size Report for more details (/home/serg/Documents/Xilinx/z700_hdmi/HDMI_FBWRRD/HSMI_FBWRRD.runs/top_design_v_frmbuf_wr_0_0_synth_1/prj/sol/syn/report/csynth_design_size.rpt:2)
INFO: [HLS 214-131] Inlining function 'void hls::AXIGetBitFields<24, ap_uint<8> >(ap_uint<24>, int, int, ap_uint<8>&)' into 'void hls::AXIGetBitFields<24, ap_uint<8> >(hls::axis<ap_uint<24>, 1ul, 1ul, 1ul, (unsigned char)56, false>, int, int, ap_uint<8>&)' (HSMI_FBWRRD.gen/sources_1/bd/top_design/ip/top_design_v_frmbuf_wr_0_0/src/hls/hls_axi_io.h:85:5)
INFO: [HLS 214-131] Inlining function 'hls::Scalar<3, ap_uint<8> >::Scalar()' into 'AXIvideo2MultiPixStream(hls::stream<hls::axis<ap_uint<24>, 1ul, 1ul, 1ul, (unsigned char)56, false>, 0>&, hls::stream<hls::Scalar<3, ap_uint<8> >, 0>&, unsigned short&, unsigned short&, unsigned char&)' (prj/sol/.autopilot/db/v_frmbuf_wr.cpp:296:18)
INFO: [HLS 214-131] Inlining function 'void hls::AXIGetBitFields<24, ap_uint<8> >(hls::axis<ap_uint<24>, 1ul, 1ul, 1ul, (unsigned char)56, false>, int, int, ap_uint<8>&)' into 'AXIvideo2MultiPixStream(hls::stream<hls::axis<ap_uint<24>, 1ul, 1ul, 1ul, (unsigned char)56, false>, 0>&, hls::stream<hls::Scalar<3, ap_uint<8> >, 0>&, unsigned short&, unsigned short&, unsigned char&)' (prj/sol/.autopilot/db/v_frmbuf_wr.cpp:360:6)
INFO: [HLS 214-131] Inlining function 'hls::Scalar<3, ap_uint<8> >::Scalar()' into 'MultiPixStream2Bytes(hls::stream<hls::Scalar<3, ap_uint<8> >, 0>&, STREAM_PLANES&, unsigned short&, unsigned short&, unsigned short&, unsigned short&)' (prj/sol/.autopilot/db/v_frmbuf_wr.cpp:431:18)
INFO: [HLS 214-377] Adding 'pix' into disaggregation list because there's array-partition pragma applied on the struct field (HSMI_FBWRRD.gen/sources_1/bd/top_design/ip/top_design_v_frmbuf_wr_0_0/src/hls/hls_video_core.h:198:1)
INFO: [HLS 214-377] Adding 'bytePlanes' into disaggregation list because there's stream pragma applied on the struct field (prj/sol/.autopilot/db/v_frmbuf_wr.cpp:119:1)
INFO: [HLS 214-210] Disaggregating variable 'pix' (prj/sol/.autopilot/db/v_frmbuf_wr.cpp:296:18)
Resolution: For help on HLS 214-210 see docs.amd.com/access/sources/dita/topic?Doc_Version=2025.2%20English&url=ug1448-hls-guidance&resourceid=214-210.html
INFO: [HLS 214-210] Disaggregating variable 'pix' (prj/sol/.autopilot/db/v_frmbuf_wr.cpp:431:18)
Resolution: For help on HLS 214-210 see docs.amd.com/access/sources/dita/topic?Doc_Version=2025.2%20English&url=ug1448-hls-guidance&resourceid=214-210.html
INFO: [HLS 214-210] Disaggregating variable 'bytePlanes' (prj/sol/.autopilot/db/v_frmbuf_wr.cpp:104:16)
Resolution: For help on HLS 214-210 see docs.amd.com/access/sources/dita/topic?Doc_Version=2025.2%20English&url=ug1448-hls-guidance&resourceid=214-210.html
INFO: [HLS 214-291] Loop 'VITIS_LOOP_1093_2' is marked as complete unroll implied by the pipeline pragma (prj/sol/.autopilot/db/v_frmbuf_wr.cpp:1093:24)
INFO: [HLS 214-291] Loop 'VITIS_LOOP_1097_3' is marked as complete unroll implied by the pipeline pragma (prj/sol/.autopilot/db/v_frmbuf_wr.cpp:1097:25)
INFO: [HLS 214-291] Loop 'VITIS_LOOP_1099_4' is marked as complete unroll implied by the pipeline pragma (prj/sol/.autopilot/db/v_frmbuf_wr.cpp:1099:26)
INFO: [HLS 214-291] Loop 'VITIS_LOOP_1108_5' is marked as complete unroll implied by the pipeline pragma (prj/sol/.autopilot/db/v_frmbuf_wr.cpp:1108:24)
INFO: [HLS 214-291] Loop 'VITIS_LOOP_350_1' is marked as complete unroll implied by the pipeline pragma (prj/sol/.autopilot/db/v_frmbuf_wr.cpp:350:22)
INFO: [HLS 214-291] Loop 'VITIS_LOOP_352_2' is marked as complete unroll implied by the pipeline pragma (prj/sol/.autopilot/db/v_frmbuf_wr.cpp:352:23)
INFO: [HLS 214-186] Unrolling loop 'VITIS_LOOP_1093_2' (prj/sol/.autopilot/db/v_frmbuf_wr.cpp:1093:24) in function 'MultiPixStream2Bytes' completely with a factor of 8 (prj/sol/.autopilot/db/v_frmbuf_wr.cpp:430:0)
INFO: [HLS 214-186] Unrolling loop 'VITIS_LOOP_1097_3' (prj/sol/.autopilot/db/v_frmbuf_wr.cpp:1097:25) in function 'MultiPixStream2Bytes' completely with a factor of 1 (prj/sol/.autopilot/db/v_frmbuf_wr.cpp:430:0)
INFO: [HLS 214-186] Unrolling loop 'VITIS_LOOP_1099_4' (prj/sol/.autopilot/db/v_frmbuf_wr.cpp:1099:26) in function 'MultiPixStream2Bytes' completely with a factor of 3 (prj/sol/.autopilot/db/v_frmbuf_wr.cpp:430:0)
INFO: [HLS 214-186] Unrolling loop 'VITIS_LOOP_1108_5' (prj/sol/.autopilot/db/v_frmbuf_wr.cpp:1108:24) in function 'MultiPixStream2Bytes' completely with a factor of 3 (prj/sol/.autopilot/db/v_frmbuf_wr.cpp:430:0)
INFO: [HLS 214-186] Unrolling loop 'VITIS_LOOP_350_1' (prj/sol/.autopilot/db/v_frmbuf_wr.cpp:350:22) in function 'AXIvideo2MultiPixStream' completely with a factor of 1 (prj/sol/.autopilot/db/v_frmbuf_wr.cpp:290:0)
INFO: [HLS 214-186] Unrolling loop 'VITIS_LOOP_352_2' (prj/sol/.autopilot/db/v_frmbuf_wr.cpp:352:23) in function 'AXIvideo2MultiPixStream' completely with a factor of 3 (prj/sol/.autopilot/db/v_frmbuf_wr.cpp:290:0)
WARNING: [HLS 214-464] Skipping array undecay on variable length array 'HwReg_frm_buffer'. (prj/sol/.autopilot/db/v_frmbuf_wr.cpp:98:0)
INFO: [HLS 214-241] Aggregating fifo (hls::stream) variable 'img' with compact=bit mode in 24-bits (prj/sol/.autopilot/db/v_frmbuf_wr.cpp:100:18)
INFO: [HLS 214-115] Multiple burst writes of variable length and bit width 64 in loop 'VITIS_LOOP_1552_1'(prj/sol/.autopilot/db/v_frmbuf_wr.cpp:1552:28) has been inferred on bundle 'mm_video'. These burst requests might be further partitioned into multiple requests during RTL generation, based on max_read_burst_length or max_write_burst_length settings. (prj/sol/.autopilot/db/v_frmbuf_wr.cpp:1552:28)
INFO: [HLS 200-111] Finished Compiling Optimization and Transform: CPU user time: 1.87 seconds. CPU system time: 0.28 seconds. Elapsed time: 6.68 seconds; current allocated memory: 271.805 MB.
INFO: [HLS 200-111] Finished Checking Pragmas: CPU user time: 0 seconds. CPU system time: 0 seconds. Elapsed time: 0 seconds; current allocated memory: 271.805 MB.
INFO: [HLS 200-10] Starting code transformations ...
INFO: [HLS 200-111] Finished Standard Transforms: CPU user time: 0.02 seconds. CPU system time: 0 seconds. Elapsed time: 0.02 seconds; current allocated memory: 271.805 MB.
INFO: [HLS 200-10] Checking synthesizability ...
INFO: [HLS 200-111] Finished Checking Synthesizability: CPU user time: 0.02 seconds. CPU system time: 0 seconds. Elapsed time: 0.02 seconds; current allocated memory: 271.805 MB.
WARNING: [XFORM 203-561] Updating loop upper bound from 2731 to 480 for loop 'VITIS_LOOP_1090_1' (prj/sol/.autopilot/db/v_frmbuf_wr.cpp:1090:32) in function 'MultiPixStream2Bytes'.
WARNING: [XFORM 203-561] Ignored invalid trip count directive (MAX (= 480) < AVE (= 1365)) for loop 'VITIS_LOOP_1090_1' (prj/sol/.autopilot/db/v_frmbuf_wr.cpp:1090:32) in function 'MultiPixStream2Bytes'.
WARNING: [XFORM 203-561] Updating loop upper bound from 4320 to 1080 for loop 'loop_RGB8_YUV8' (prj/sol/.autopilot/db/v_frmbuf_wr.cpp:1088:1) in function 'MultiPixStream2Bytes'.
WARNING: [XFORM 203-561] Updating loop lower bound from 0 to 64 for loop 'loop_RGB8_YUV8' (prj/sol/.autopilot/db/v_frmbuf_wr.cpp:1088:1) in function 'MultiPixStream2Bytes'.
WARNING: [XFORM 203-561] Ignored invalid trip count directive (MAX (= 1080) < AVE (= 2160)) for loop 'loop_RGB8_YUV8' (prj/sol/.autopilot/db/v_frmbuf_wr.cpp:1088:1) in function 'MultiPixStream2Bytes'.
WARNING: [XFORM 203-561] Updating loop upper bound from 8192 to 1440 for loop 'VITIS_LOOP_1552_1' (prj/sol/.autopilot/db/v_frmbuf_wr.cpp:1552:37) in function 'Bytes2AXIMMvideo'.
WARNING: [XFORM 203-561] Ignored invalid trip count directive (MAX (= 1440) < AVE (= 4096)) for loop 'VITIS_LOOP_1552_1' (prj/sol/.autopilot/db/v_frmbuf_wr.cpp:1552:37) in function 'Bytes2AXIMMvideo'.
WARNING: [XFORM 203-561] Updating loop upper bound from 4320 to 1080 for loop 'loop_Bytes2AXIMMvideo_1plane' (prj/sol/.autopilot/db/v_frmbuf_wr.cpp:1549:1) in function 'Bytes2AXIMMvideo'.
WARNING: [XFORM 203-561] Updating loop lower bound from 0 to 64 for loop 'loop_Bytes2AXIMMvideo_1plane' (prj/sol/.autopilot/db/v_frmbuf_wr.cpp:1549:1) in function 'Bytes2AXIMMvideo'.
WARNING: [XFORM 203-561] Ignored invalid trip count directive (MAX (= 1080) < AVE (= 2160)) for loop 'loop_Bytes2AXIMMvideo_1plane' (prj/sol/.autopilot/db/v_frmbuf_wr.cpp:1549:1) in function 'Bytes2AXIMMvideo'.
WARNING: [XFORM 203-561] Updating loop upper bound from 65535 to 1920 for loop 'loop_width' (prj/sol/.autopilot/db/v_frmbuf_wr.cpp:307:7) in function 'AXIvideo2MultiPixStream'.
WARNING: [XFORM 203-561] Ignored invalid trip count directive (MAX (= 1920) < AVE (= 32767)) for loop 'loop_width' (prj/sol/.autopilot/db/v_frmbuf_wr.cpp:307:7) in function 'AXIvideo2MultiPixStream'.
WARNING: [XFORM 203-561] Updating loop upper bound from 65535 to 1080 for loop 'loop_height' (prj/sol/.autopilot/db/v_frmbuf_wr.cpp:307:7) in function 'AXIvideo2MultiPixStream'.
WARNING: [XFORM 203-561] Ignored invalid trip count directive (MAX (= 1080) < AVE (= 32767)) for loop 'loop_height' (prj/sol/.autopilot/db/v_frmbuf_wr.cpp:307:7) in function 'AXIvideo2MultiPixStream'.
WARNING: [HLS 200-805] An internal stream 'img' (prj/sol/.autopilot/db/v_frmbuf_wr.cpp:100) with default size can result in deadlock. Please consider resizing the stream using the directive 'set_directive_stream' or the 'HLS stream' pragma.
INFO: [HLS 200-1947] Using 'stable' for argument 'HwReg_frm_buffer' of dataflow function 'FrmbufWrHlsDataFlow' (prj/sol/.autopilot/db/v_frmbuf_wr.cpp:100:1).
INFO: [HLS 200-1947] Using 'stable' for argument 'WidthInBytes.val2' of dataflow function 'FrmbufWrHlsDataFlow' (prj/sol/.autopilot/db/v_frmbuf_wr.cpp:100:1).
INFO: [HLS 200-1947] Using 'stable' for argument 'colorFormat.val3' of dataflow function 'FrmbufWrHlsDataFlow' (prj/sol/.autopilot/db/v_frmbuf_wr.cpp:100:1).
INFO: [XFORM 203-712] Applying dataflow to function 'FrmbufWrHlsDataFlow' (prj/sol/.autopilot/db/v_frmbuf_wr.cpp:100:1), detected/extracted 3 process function(s): 
	 'AXIvideo2MultiPixStream'
	 'MultiPixStream2Bytes'
	 'Bytes2AXIMMvideo'.
INFO: [XFORM 203-401] Performing if-conversion on hyperblock from (prj/sol/.autopilot/db/v_frmbuf_wr.cpp:1072:46) to (prj/sol/.autopilot/db/v_frmbuf_wr.cpp:1086:3) in function 'MultiPixStream2Bytes'... converting 3 basic blocks.
INFO: [HLS 200-111] Finished Loop, function and other optimizations: CPU user time: 0.1 seconds. CPU system time: 0 seconds. Elapsed time: 0.1 seconds; current allocated memory: 284.754 MB.
INFO: [HLS 200-111] Finished Architecture Synthesis: CPU user time: 0.1 seconds. CPU system time: 0.02 seconds. Elapsed time: 0.13 seconds; current allocated memory: 371.828 MB.
INFO: [HLS 200-10] Starting hardware synthesis ...
INFO: [HLS 200-10] Synthesizing 'v_frmbuf_wr' ...
WARNING: [SYN 201-103] Legalizing function name 'reg<unsigned short>' to 'reg_unsigned_short_s'.
INFO: [HLS 200-10] ----------------------------------------------------------------
INFO: [HLS 200-42] -- Implementing module 'reg_unsigned_short_s' 
INFO: [HLS 200-10] ----------------------------------------------------------------
INFO: [SCHED 204-11] Starting scheduling ...
INFO: [SCHED 204-61] Pipelining function 'reg<unsigned short>'.
INFO: [HLS 200-1470] Pipelining result : Target II = 1, Final II = 1, Depth = 2, function 'reg<unsigned short>'
INFO: [SCHED 204-11] Finished scheduling.
INFO: [HLS 200-111] Finished Scheduling: CPU user time: 0.01 seconds. CPU system time: 0.01 seconds. Elapsed time: 0.03 seconds; current allocated memory: 371.910 MB.
INFO: [BIND 205-100] Starting micro-architecture generation ...
INFO: [BIND 205-101] Performing variable lifetime analysis.
INFO: [BIND 205-101] Exploring resource sharing.
INFO: [BIND 205-101] Binding ...
INFO: [BIND 205-100] Finished micro-architecture generation.
INFO: [HLS 200-111] Finished Binding: CPU user time: 0.01 seconds. CPU system time: 0 seconds. Elapsed time: 0 seconds; current allocated memory: 371.910 MB.
INFO: [HLS 200-10] ----------------------------------------------------------------
INFO: [HLS 200-42] -- Implementing module 'AXIvideo2MultiPixStream_Pipeline_loop_wait_for_start' 
INFO: [HLS 200-10] ----------------------------------------------------------------
INFO: [SCHED 204-11] Starting scheduling ...
INFO: [SCHED 204-61] Pipelining loop 'loop_wait_for_start'.
INFO: [HLS 200-1470] Pipelining result : Target II = 1, Final II = 1, Depth = 1, loop 'loop_wait_for_start'
INFO: [SCHED 204-11] Finished scheduling.
INFO: [HLS 200-111] Finished Scheduling: CPU user time: 0 seconds. CPU system time: 0 seconds. Elapsed time: 0.01 seconds; current allocated memory: 372.867 MB.
INFO: [BIND 205-100] Starting micro-architecture generation ...
INFO: [BIND 205-101] Performing variable lifetime analysis.
INFO: [BIND 205-101] Exploring resource sharing.
INFO: [BIND 205-101] Binding ...
INFO: [BIND 205-100] Finished micro-architecture generation.
INFO: [HLS 200-111] Finished Binding: CPU user time: 0.01 seconds. CPU system time: 0 seconds. Elapsed time: 0 seconds; current allocated memory: 372.867 MB.
INFO: [HLS 200-10] ----------------------------------------------------------------
INFO: [HLS 200-42] -- Implementing module 'AXIvideo2MultiPixStream_Pipeline_loop_width' 
INFO: [HLS 200-10] ----------------------------------------------------------------
INFO: [SCHED 204-11] Starting scheduling ...
INFO: [SCHED 204-61] Pipelining loop 'loop_width'.
INFO: [HLS 200-1470] Pipelining result : Target II = 1, Final II = 1, Depth = 3, loop 'loop_width'
INFO: [SCHED 204-11] Finished scheduling.
INFO: [HLS 200-111] Finished Scheduling: CPU user time: 0.01 seconds. CPU system time: 0 seconds. Elapsed time: 0.01 seconds; current allocated memory: 373.082 MB.
INFO: [BIND 205-100] Starting micro-architecture generation ...
INFO: [BIND 205-101] Performing variable lifetime analysis.
INFO: [BIND 205-101] Exploring resource sharing.
INFO: [BIND 205-101] Binding ...
INFO: [BIND 205-100] Finished micro-architecture generation.
INFO: [HLS 200-111] Finished Binding: CPU user time: 0.01 seconds. CPU system time: 0 seconds. Elapsed time: 0.01 seconds; current allocated memory: 373.082 MB.
INFO: [HLS 200-10] ----------------------------------------------------------------
INFO: [HLS 200-42] -- Implementing module 'AXIvideo2MultiPixStream_Pipeline_loop_wait_for_eol' 
INFO: [HLS 200-10] ----------------------------------------------------------------
INFO: [SCHED 204-11] Starting scheduling ...
INFO: [SCHED 204-61] Pipelining loop 'loop_wait_for_eol'.
INFO: [HLS 200-1470] Pipelining result : Target II = 1, Final II = 1, Depth = 1, loop 'loop_wait_for_eol'
INFO: [SCHED 204-11] Finished scheduling.
INFO: [HLS 200-111] Finished Scheduling: CPU user time: 0 seconds. CPU system time: 0 seconds. Elapsed time: 0.01 seconds; current allocated memory: 373.312 MB.
INFO: [BIND 205-100] Starting micro-architecture generation ...
INFO: [BIND 205-101] Performing variable lifetime analysis.
INFO: [BIND 205-101] Exploring resource sharing.
INFO: [BIND 205-101] Binding ...
INFO: [BIND 205-100] Finished micro-architecture generation.
INFO: [HLS 200-111] Finished Binding: CPU user time: 0.01 seconds. CPU system time: 0 seconds. Elapsed time: 0 seconds; current allocated memory: 373.312 MB.
INFO: [HLS 200-10] ----------------------------------------------------------------
INFO: [HLS 200-42] -- Implementing module 'AXIvideo2MultiPixStream' 
INFO: [HLS 200-10] ----------------------------------------------------------------
INFO: [SCHED 204-11] Starting scheduling ...
INFO: [SCHED 204-11] Finished scheduling.
INFO: [HLS 200-111] Finished Scheduling: CPU user time: 0 seconds. CPU system time: 0 seconds. Elapsed time: 0.01 seconds; current allocated memory: 373.758 MB.
INFO: [BIND 205-100] Starting micro-architecture generation ...
INFO: [BIND 205-101] Performing variable lifetime analysis.
INFO: [BIND 205-101] Exploring resource sharing.
INFO: [BIND 205-101] Binding ...
INFO: [BIND 205-100] Finished micro-architecture generation.
INFO: [HLS 200-111] Finished Binding: CPU user time: 0.01 seconds. CPU system time: 0 seconds. Elapsed time: 0 seconds; current allocated memory: 373.758 MB.
INFO: [HLS 200-10] ----------------------------------------------------------------
INFO: [HLS 200-42] -- Implementing module 'MultiPixStream2Bytes_Pipeline_VITIS_LOOP_1090_1' 
INFO: [HLS 200-10] ----------------------------------------------------------------
INFO: [SCHED 204-11] Starting scheduling ...
INFO: [SCHED 204-61] Pipelining loop 'VITIS_LOOP_1090_1'.
INFO: [HLS 200-1470] Pipelining result : Target II = 8, Final II = 8, Depth = 10, loop 'VITIS_LOOP_1090_1'
INFO: [SCHED 204-11] Finished scheduling.
INFO: [HLS 200-111] Finished Scheduling: CPU user time: 0.02 seconds. CPU system time: 0.01 seconds. Elapsed time: 0.04 seconds; current allocated memory: 376.141 MB.
INFO: [BIND 205-100] Starting micro-architecture generation ...
INFO: [BIND 205-101] Performing variable lifetime analysis.
INFO: [BIND 205-101] Exploring resource sharing.
INFO: [BIND 205-101] Binding ...
INFO: [BIND 205-100] Finished micro-architecture generation.
INFO: [HLS 200-111] Finished Binding: CPU user time: 0 seconds. CPU system time: 0 seconds. Elapsed time: 0.01 seconds; current allocated memory: 376.141 MB.
INFO: [HLS 200-10] ----------------------------------------------------------------
INFO: [HLS 200-42] -- Implementing module 'MultiPixStream2Bytes' 
INFO: [HLS 200-10] ----------------------------------------------------------------
INFO: [SCHED 204-11] Starting scheduling ...
INFO: [SCHED 204-11] Finished scheduling.
INFO: [HLS 200-111] Finished Scheduling: CPU user time: 0.03 seconds. CPU system time: 0 seconds. Elapsed time: 0.02 seconds; current allocated memory: 376.141 MB.
INFO: [BIND 205-100] Starting micro-architecture generation ...
INFO: [BIND 205-101] Performing variable lifetime analysis.
INFO: [BIND 205-101] Exploring resource sharing.
INFO: [BIND 205-101] Binding ...
INFO: [BIND 205-100] Finished micro-architecture generation.
INFO: [HLS 200-111] Finished Binding: CPU user time: 0.01 seconds. CPU system time: 0 seconds. Elapsed time: 0.01 seconds; current allocated memory: 376.141 MB.
INFO: [HLS 200-10] ----------------------------------------------------------------
INFO: [HLS 200-42] -- Implementing module 'Bytes2AXIMMvideo_Pipeline_VITIS_LOOP_1552_1' 
INFO: [HLS 200-10] ----------------------------------------------------------------
INFO: [SCHED 204-11] Starting scheduling ...
INFO: [SCHED 204-61] Pipelining loop 'VITIS_LOOP_1552_1'.
INFO: [HLS 200-1470] Pipelining result : Target II = 1, Final II = 1, Depth = 3, loop 'VITIS_LOOP_1552_1'
INFO: [SCHED 204-11] Finished scheduling.
INFO: [HLS 200-111] Finished Scheduling: CPU user time: 0.01 seconds. CPU system time: 0 seconds. Elapsed time: 0.01 seconds; current allocated memory: 376.141 MB.
INFO: [BIND 205-100] Starting micro-architecture generation ...
INFO: [BIND 205-101] Performing variable lifetime analysis.
INFO: [BIND 205-101] Exploring resource sharing.
INFO: [BIND 205-101] Binding ...
INFO: [BIND 205-100] Finished micro-architecture generation.
INFO: [HLS 200-111] Finished Binding: CPU user time: 0 seconds. CPU system time: 0 seconds. Elapsed time: 0.01 seconds; current allocated memory: 376.141 MB.
INFO: [HLS 200-10] ----------------------------------------------------------------
INFO: [HLS 200-42] -- Implementing module 'Bytes2AXIMMvideo' 
INFO: [HLS 200-10] ----------------------------------------------------------------
INFO: [SCHED 204-11] Starting scheduling ...
INFO: [SCHED 204-11] Finished scheduling.
INFO: [HLS 200-111] Finished Scheduling: CPU user time: 0.01 seconds. CPU system time: 0 seconds. Elapsed time: 0.01 seconds; current allocated memory: 376.188 MB.
INFO: [BIND 205-100] Starting micro-architecture generation ...
INFO: [BIND 205-101] Performing variable lifetime analysis.
INFO: [BIND 205-101] Exploring resource sharing.
INFO: [BIND 205-101] Binding ...
INFO: [BIND 205-100] Finished micro-architecture generation.
INFO: [HLS 200-111] Finished Binding: CPU user time: 0.02 seconds. CPU system time: 0 seconds. Elapsed time: 0.02 seconds; current allocated memory: 376.188 MB.
INFO: [HLS 200-10] ----------------------------------------------------------------
INFO: [HLS 200-42] -- Implementing module 'FrmbufWrHlsDataFlow' 
INFO: [HLS 200-10] ----------------------------------------------------------------
INFO: [SCHED 204-11] Starting scheduling ...
INFO: [SCHED 204-11] Finished scheduling.
INFO: [HLS 200-111] Finished Scheduling: CPU user time: 0.01 seconds. CPU system time: 0 seconds. Elapsed time: 0.01 seconds; current allocated memory: 376.859 MB.
INFO: [BIND 205-100] Starting micro-architecture generation ...
INFO: [BIND 205-101] Performing variable lifetime analysis.
INFO: [BIND 205-101] Exploring resource sharing.
INFO: [BIND 205-101] Binding ...
INFO: [BIND 205-100] Finished micro-architecture generation.
INFO: [HLS 200-111] Finished Binding: CPU user time: 0.01 seconds. CPU system time: 0 seconds. Elapsed time: 0.01 seconds; current allocated memory: 376.859 MB.
INFO: [HLS 200-10] ----------------------------------------------------------------
INFO: [HLS 200-42] -- Implementing module 'v_frmbuf_wr' 
INFO: [HLS 200-10] ----------------------------------------------------------------
INFO: [SCHED 204-11] Starting scheduling ...
INFO: [SCHED 204-11] Finished scheduling.
INFO: [HLS 200-111] Finished Scheduling: CPU user time: 0.01 seconds. CPU system time: 0 seconds. Elapsed time: 0.01 seconds; current allocated memory: 377.297 MB.
INFO: [BIND 205-100] Starting micro-architecture generation ...
INFO: [BIND 205-101] Performing variable lifetime analysis.
INFO: [BIND 205-101] Exploring resource sharing.
INFO: [BIND 205-101] Binding ...
INFO: [BIND 205-100] Finished micro-architecture generation.
INFO: [HLS 200-111] Finished Binding: CPU user time: 0.01 seconds. CPU system time: 0 seconds. Elapsed time: 0 seconds; current allocated memory: 377.297 MB.
INFO: [HLS 200-10] ----------------------------------------------------------------
INFO: [HLS 200-10] -- Generating RTL for module 'reg_unsigned_short_s' 
INFO: [HLS 200-10] ----------------------------------------------------------------
INFO: [HLS 200-1030] Apply Unified Pipeline Control on module 'reg_unsigned_short_s' pipeline 'reg<unsigned short>' pipeline type 'function pipeline'
INFO: [RTGEN 206-100] Finished creating RTL model for 'reg_unsigned_short_s'.
INFO: [HLS 200-111] Finished Creating RTL model: CPU user time: 0.01 seconds. CPU system time: 0 seconds. Elapsed time: 0.02 seconds; current allocated memory: 377.297 MB.
INFO: [HLS 200-10] ----------------------------------------------------------------
INFO: [HLS 200-10] -- Generating RTL for module 'AXIvideo2MultiPixStream_Pipeline_loop_wait_for_start' 
INFO: [HLS 200-10] ----------------------------------------------------------------
INFO: [RTGEN 206-100] Finished creating RTL model for 'AXIvideo2MultiPixStream_Pipeline_loop_wait_for_start'.
INFO: [HLS 200-111] Finished Creating RTL model: CPU user time: 0.01 seconds. CPU system time: 0.01 seconds. Elapsed time: 0.01 seconds; current allocated memory: 377.297 MB.
INFO: [HLS 200-10] ----------------------------------------------------------------
INFO: [HLS 200-10] -- Generating RTL for module 'AXIvideo2MultiPixStream_Pipeline_loop_width' 
INFO: [HLS 200-10] ----------------------------------------------------------------
INFO: [HLS 200-1030] Apply Unified Pipeline Control on module 'AXIvideo2MultiPixStream_Pipeline_loop_width' pipeline 'loop_width' pipeline type 'loop pipeline'
INFO: [RTGEN 206-100] Finished creating RTL model for 'AXIvideo2MultiPixStream_Pipeline_loop_width'.
INFO: [HLS 200-111] Finished Creating RTL model: CPU user time: 0.02 seconds. CPU system time: 0 seconds. Elapsed time: 0.02 seconds; current allocated memory: 377.957 MB.
INFO: [HLS 200-10] ----------------------------------------------------------------
INFO: [HLS 200-10] -- Generating RTL for module 'AXIvideo2MultiPixStream_Pipeline_loop_wait_for_eol' 
INFO: [HLS 200-10] ----------------------------------------------------------------
INFO: [RTGEN 206-100] Finished creating RTL model for 'AXIvideo2MultiPixStream_Pipeline_loop_wait_for_eol'.
INFO: [HLS 200-111] Finished Creating RTL model: CPU user time: 0.02 seconds. CPU system time: 0 seconds. Elapsed time: 0.03 seconds; current allocated memory: 379.223 MB.
INFO: [HLS 200-10] ----------------------------------------------------------------
INFO: [HLS 200-10] -- Generating RTL for module 'AXIvideo2MultiPixStream' 
INFO: [HLS 200-10] ----------------------------------------------------------------
INFO: [RTGEN 206-100] Finished creating RTL model for 'AXIvideo2MultiPixStream'.
INFO: [HLS 200-111] Finished Creating RTL model: CPU user time: 0.01 seconds. CPU system time: 0.01 seconds. Elapsed time: 0.05 seconds; current allocated memory: 380.062 MB.
INFO: [HLS 200-10] ----------------------------------------------------------------
INFO: [HLS 200-10] -- Generating RTL for module 'MultiPixStream2Bytes_Pipeline_VITIS_LOOP_1090_1' 
INFO: [HLS 200-10] ----------------------------------------------------------------
INFO: [HLS 200-1030] Apply Unified Pipeline Control on module 'MultiPixStream2Bytes_Pipeline_VITIS_LOOP_1090_1' pipeline 'VITIS_LOOP_1090_1' pipeline type 'loop pipeline'
INFO: [RTGEN 206-100] Finished creating RTL model for 'MultiPixStream2Bytes_Pipeline_VITIS_LOOP_1090_1'.
INFO: [HLS 200-111] Finished Creating RTL model: CPU user time: 0.03 seconds. CPU system time: 0 seconds. Elapsed time: 0.03 seconds; current allocated memory: 382.395 MB.
INFO: [HLS 200-10] ----------------------------------------------------------------
INFO: [HLS 200-10] -- Generating RTL for module 'MultiPixStream2Bytes' 
INFO: [HLS 200-10] ----------------------------------------------------------------
INFO: [RTGEN 206-100] Generating core module 'mul_11ns_13ns_23_1_1': 1 instance(s).
INFO: [RTGEN 206-100] Finished creating RTL model for 'MultiPixStream2Bytes'.
INFO: [HLS 200-111] Finished Creating RTL model: CPU user time: 0.05 seconds. CPU system time: 0 seconds. Elapsed time: 0.06 seconds; current allocated memory: 385.391 MB.
INFO: [HLS 200-10] ----------------------------------------------------------------
INFO: [HLS 200-10] -- Generating RTL for module 'Bytes2AXIMMvideo_Pipeline_VITIS_LOOP_1552_1' 
INFO: [HLS 200-10] ----------------------------------------------------------------
INFO: [HLS 200-1030] Apply Unified Pipeline Control on module 'Bytes2AXIMMvideo_Pipeline_VITIS_LOOP_1552_1' pipeline 'VITIS_LOOP_1552_1' pipeline type 'loop pipeline'
WARNING: [RTGEN 206-101] Setting dangling out port 'Bytes2AXIMMvideo_Pipeline_VITIS_LOOP_1552_1/m_axi_mm_video_0_AWVALID' to 0.
WARNING: [RTGEN 206-101] Setting dangling out port 'Bytes2AXIMMvideo_Pipeline_VITIS_LOOP_1552_1/m_axi_mm_video_0_AWADDR' to 0.
WARNING: [RTGEN 206-101] Setting dangling out port 'Bytes2AXIMMvideo_Pipeline_VITIS_LOOP_1552_1/m_axi_mm_video_0_AWID' to 0.
WARNING: [RTGEN 206-101] Setting dangling out port 'Bytes2AXIMMvideo_Pipeline_VITIS_LOOP_1552_1/m_axi_mm_video_0_AWLEN' to 0.
WARNING: [RTGEN 206-101] Setting dangling out port 'Bytes2AXIMMvideo_Pipeline_VITIS_LOOP_1552_1/m_axi_mm_video_0_AWSIZE' to 0.
WARNING: [RTGEN 206-101] Setting dangling out port 'Bytes2AXIMMvideo_Pipeline_VITIS_LOOP_1552_1/m_axi_mm_video_0_AWBURST' to 0.
WARNING: [RTGEN 206-101] Setting dangling out port 'Bytes2AXIMMvideo_Pipeline_VITIS_LOOP_1552_1/m_axi_mm_video_0_AWLOCK' to 0.
WARNING: [RTGEN 206-101] Setting dangling out port 'Bytes2AXIMMvideo_Pipeline_VITIS_LOOP_1552_1/m_axi_mm_video_0_AWCACHE' to 0.
WARNING: [RTGEN 206-101] Setting dangling out port 'Bytes2AXIMMvideo_Pipeline_VITIS_LOOP_1552_1/m_axi_mm_video_0_AWPROT' to 0.
WARNING: [RTGEN 206-101] Setting dangling out port 'Bytes2AXIMMvideo_Pipeline_VITIS_LOOP_1552_1/m_axi_mm_video_0_AWQOS' to 0.
WARNING: [RTGEN 206-101] Setting dangling out port 'Bytes2AXIMMvideo_Pipeline_VITIS_LOOP_1552_1/m_axi_mm_video_0_AWREGION' to 0.
WARNING: [RTGEN 206-101] Setting dangling out port 'Bytes2AXIMMvideo_Pipeline_VITIS_LOOP_1552_1/m_axi_mm_video_0_AWUSER' to 0.
WARNING: [RTGEN 206-101] Setting dangling out port 'Bytes2AXIMMvideo_Pipeline_VITIS_LOOP_1552_1/m_axi_mm_video_0_BREADY' to 0.
INFO: [RTGEN 206-100] Finished creating RTL model for 'Bytes2AXIMMvideo_Pipeline_VITIS_LOOP_1552_1'.
INFO: [HLS 200-111] Finished Creating RTL model: CPU user time: 0.03 seconds. CPU system time: 0.01 seconds. Elapsed time: 0.03 seconds; current allocated memory: 387.371 MB.
INFO: [HLS 200-10] ----------------------------------------------------------------
INFO: [HLS 200-10] -- Generating RTL for module 'Bytes2AXIMMvideo' 
INFO: [HLS 200-10] ----------------------------------------------------------------
INFO: [RTGEN 206-100] Finished creating RTL model for 'Bytes2AXIMMvideo'.
INFO: [HLS 200-111] Finished Creating RTL model: CPU user time: 0.02 seconds. CPU system time: 0 seconds. Elapsed time: 0.03 seconds; current allocated memory: 389.078 MB.
INFO: [HLS 200-10] ----------------------------------------------------------------
INFO: [HLS 200-10] -- Generating RTL for module 'FrmbufWrHlsDataFlow' 
INFO: [HLS 200-10] ----------------------------------------------------------------
WARNING: [RTGEN 206-101] Setting dangling out port 'FrmbufWrHlsDataFlow/m_axi_mm_video_0_ARVALID' to 0.
WARNING: [RTGEN 206-101] Setting dangling out port 'FrmbufWrHlsDataFlow/m_axi_mm_video_0_ARADDR' to 0.
WARNING: [RTGEN 206-101] Setting dangling out port 'FrmbufWrHlsDataFlow/m_axi_mm_video_0_ARID' to 0.
WARNING: [RTGEN 206-101] Setting dangling out port 'FrmbufWrHlsDataFlow/m_axi_mm_video_0_ARLEN' to 0.
WARNING: [RTGEN 206-101] Setting dangling out port 'FrmbufWrHlsDataFlow/m_axi_mm_video_0_ARSIZE' to 0.
WARNING: [RTGEN 206-101] Setting dangling out port 'FrmbufWrHlsDataFlow/m_axi_mm_video_0_ARBURST' to 0.
WARNING: [RTGEN 206-101] Setting dangling out port 'FrmbufWrHlsDataFlow/m_axi_mm_video_0_ARLOCK' to 0.
WARNING: [RTGEN 206-101] Setting dangling out port 'FrmbufWrHlsDataFlow/m_axi_mm_video_0_ARCACHE' to 0.
WARNING: [RTGEN 206-101] Setting dangling out port 'FrmbufWrHlsDataFlow/m_axi_mm_video_0_ARPROT' to 0.
WARNING: [RTGEN 206-101] Setting dangling out port 'FrmbufWrHlsDataFlow/m_axi_mm_video_0_ARQOS' to 0.
WARNING: [RTGEN 206-101] Setting dangling out port 'FrmbufWrHlsDataFlow/m_axi_mm_video_0_ARREGION' to 0.
WARNING: [RTGEN 206-101] Setting dangling out port 'FrmbufWrHlsDataFlow/m_axi_mm_video_0_ARUSER' to 0.
WARNING: [RTGEN 206-101] Setting dangling out port 'FrmbufWrHlsDataFlow/m_axi_mm_video_0_RREADY' to 0.
INFO: [RTGEN 206-100] Finished creating RTL model for 'FrmbufWrHlsDataFlow'.
INFO: [RTMG 210-285] Implementing FIFO 'img_U(top_design_v_frmbuf_wr_0_0_fifo_w24_d2_S)' using Shift Registers.
INFO: [RTMG 210-285] Implementing FIFO 'bytePlanes_U(top_design_v_frmbuf_wr_0_0_fifo_w64_d481_B)' using Block RAMs.
INFO: [RTMG 210-285] Implementing FIFO 'start_for_MultiPixStream2Bytes_U0_U(top_design_v_frmbuf_wr_0_0_start_for_MultiPixStream2Bytes_U0)' using Shift Registers.
INFO: [RTMG 210-285] Implementing FIFO 'start_for_Bytes2AXIMMvideo_U0_U(top_design_v_frmbuf_wr_0_0_start_for_Bytes2AXIMMvideo_U0)' using Shift Registers.
INFO: [HLS 200-111] Finished Creating RTL model: CPU user time: 0.04 seconds. CPU system time: 0 seconds. Elapsed time: 0.04 seconds; current allocated memory: 390.723 MB.
INFO: [HLS 200-10] ----------------------------------------------------------------
INFO: [HLS 200-10] -- Generating RTL for module 'v_frmbuf_wr' 
INFO: [HLS 200-10] ----------------------------------------------------------------
WARNING: [RTGEN 206-101] Design contains AXI ports. Reset is fixed to synchronous and active low.
INFO: [RTGEN 206-500] Setting interface mode on port 'v_frmbuf_wr/mm_video' to 'm_axi'.
INFO: [RTGEN 206-500] Setting interface mode on port 'v_frmbuf_wr/width' to 's_axilite & ap_none'.
INFO: [RTGEN 206-500] Setting interface mode on port 'v_frmbuf_wr/height' to 's_axilite & ap_none'.
INFO: [RTGEN 206-500] Setting interface mode on port 'v_frmbuf_wr/stride' to 's_axilite & ap_none'.
INFO: [RTGEN 206-500] Setting interface mode on port 'v_frmbuf_wr/video_format' to 's_axilite & ap_none'.
INFO: [RTGEN 206-500] Setting interface mode on port 'v_frmbuf_wr/frm_buffer' to 's_axilite & ap_none'.
INFO: [RTGEN 206-500] Setting interface mode on port 'v_frmbuf_wr/frm_buffer2' to 's_axilite & ap_none'.
INFO: [RTGEN 206-500] Setting interface mode on port 'v_frmbuf_wr/frm_buffer3' to 's_axilite & ap_none'.
INFO: [RTGEN 206-500] Setting interface mode on port 'v_frmbuf_wr/s_axis_video_V_data_V' to 'axis' (register, both mode).
INFO: [RTGEN 206-500] Setting interface mode on port 'v_frmbuf_wr/s_axis_video_V_keep_V' to 'axis' (register, both mode).
INFO: [RTGEN 206-500] Setting interface mode on port 'v_frmbuf_wr/s_axis_video_V_strb_V' to 'axis' (register, both mode).
INFO: [RTGEN 206-500] Setting interface mode on port 'v_frmbuf_wr/s_axis_video_V_user_V' to 'axis' (register, both mode).
INFO: [RTGEN 206-500] Setting interface mode on port 'v_frmbuf_wr/s_axis_video_V_last_V' to 'axis' (register, both mode).
INFO: [RTGEN 206-500] Setting interface mode on port 'v_frmbuf_wr/s_axis_video_V_id_V' to 'axis' (register, both mode).
INFO: [RTGEN 206-500] Setting interface mode on port 'v_frmbuf_wr/s_axis_video_V_dest_V' to 'axis' (register, both mode).
INFO: [RTGEN 206-500] Setting interface mode on function 'v_frmbuf_wr' to 's_axilite & ap_ctrl_hs'.
INFO: [RTGEN 206-100] Bundling port 'width', 'height', 'stride', 'video_format', 'frm_buffer', 'frm_buffer2', 'frm_buffer3' and 'return' to AXI-Lite port CTRL.
INFO: [RTGEN 206-100] Generating core module 'mul_14s_3ns_14_1_1': 1 instance(s).
INFO: [RTGEN 206-100] Finished creating RTL model for 'v_frmbuf_wr'.
INFO: [RTMG 210-279] Implementing memory 'top_design_v_frmbuf_wr_0_0_BYTES_PER_PIXEL_ROM_AUTO_1R' using auto ROMs.
INFO: [RTMG 210-279] Implementing memory 'top_design_v_frmbuf_wr_0_0_MEMORY2LIVE_ROM_AUTO_1R' using auto ROMs.
INFO: [HLS 200-111] Finished Creating RTL model: CPU user time: 0.04 seconds. CPU system time: 0 seconds. Elapsed time: 0.04 seconds; current allocated memory: 393.145 MB.
INFO: [HLS 200-111] Finished Generating all RTL models: CPU user time: 0.13 seconds. CPU system time: 0.01 seconds. Elapsed time: 0.14 seconds; current allocated memory: 395.672 MB.
INFO: [HLS 200-1603] Design has inferred MAXI bursts and missed bursts, see Vitis HLS GUI synthesis summary report for detailed information.
INFO: [HLS 200-2225] Wrote inferred directives to file /home/serg/Documents/Xilinx/z700_hdmi/HDMI_FBWRRD/HSMI_FBWRRD.runs/top_design_v_frmbuf_wr_0_0_synth_1/prj/sol/syn/inferred_directives.ini
INFO: [HLS 200-111] Finished Updating report files: CPU user time: 0.44 seconds. CPU system time: 0.04 seconds. Elapsed time: 0.47 seconds; current allocated memory: 404.230 MB.
INFO: [VHDL 208-304] Generating VHDL RTL for v_frmbuf_wr with prefix top_design_v_frmbuf_wr_0_0_.
INFO: [VLOG 209-307] Generating Verilog RTL for v_frmbuf_wr with prefix top_design_v_frmbuf_wr_0_0_.
INFO: [HLS 200-789] **** Estimated Fmax: 202.94 MHz
INFO: [HLS 200-2161] Finished Command csynth_design Elapsed time: 00:00:28; Allocated memory: 169.617 MB.
INFO: [HLS 200-1510] Running: export_design -format ip_catalog 
INFO: [IMPL 213-8] Exporting RTL as a Vivado IP.

****** Vivado v2025.2 (64-bit)
  **** SW Build 6299465 on Fri Nov 14 12:34:56 MST 2025
  **** IP Build 6300035 on Fri Nov 14 10:48:45 MST 2025
  **** SharedData Build 6298862 on Thu Nov 13 04:50:51 MST 2025
  **** Start of session at: Wed Feb  4 18:20:16 2026
    ** Copyright 1986-2022 Xilinx, Inc. All Rights Reserved.
    ** Copyright 2022-2025 Advanced Micro Devices, Inc. All Rights Reserved.

source run_ippack.tcl -notrace
INFO: calling package_hls_ip ip_types=vitis sysgen json_file=/home/serg/Documents/Xilinx/z700_hdmi/HDMI_FBWRRD/HSMI_FBWRRD.runs/top_design_v_frmbuf_wr_0_0_synth_1/prj/sol/sol_data.json outdir=/home/serg/Documents/Xilinx/z700_hdmi/HDMI_FBWRRD/HSMI_FBWRRD.runs/top_design_v_frmbuf_wr_0_0_synth_1/prj/sol/impl/ip srcdir=/home/serg/Documents/Xilinx/z700_hdmi/HDMI_FBWRRD/HSMI_FBWRRD.runs/top_design_v_frmbuf_wr_0_0_synth_1/prj/sol ippack_options_dict=subcore_use_xci_files false ippack_options_dict=subcore_use_xci_files false
INFO: Copied 1 ipmisc file(s) to /home/serg/Documents/Xilinx/z700_hdmi/HDMI_FBWRRD/HSMI_FBWRRD.runs/top_design_v_frmbuf_wr_0_0_synth_1/prj/sol/impl/ip/misc
INFO: Copied 32 verilog file(s) to /home/serg/Documents/Xilinx/z700_hdmi/HDMI_FBWRRD/HSMI_FBWRRD.runs/top_design_v_frmbuf_wr_0_0_synth_1/prj/sol/impl/ip/hdl/verilog
INFO: Copied 23 vhdl file(s) to /home/serg/Documents/Xilinx/z700_hdmi/HDMI_FBWRRD/HSMI_FBWRRD.runs/top_design_v_frmbuf_wr_0_0_synth_1/prj/sol/impl/ip/hdl/vhdl
INFO: Copied 10 swdriver file(s) to /home/serg/Documents/Xilinx/z700_hdmi/HDMI_FBWRRD/HSMI_FBWRRD.runs/top_design_v_frmbuf_wr_0_0_synth_1/prj/sol/impl/ip/drivers
INFO: Import ports from HDL: /home/serg/Documents/Xilinx/z700_hdmi/HDMI_FBWRRD/HSMI_FBWRRD.runs/top_design_v_frmbuf_wr_0_0_synth_1/prj/sol/impl/ip/hdl/vhdl/top_design_v_frmbuf_wr_0_0_v_frmbuf_wr.vhd (top_design_v_frmbuf_wr_0_0_v_frmbuf_wr)
INFO: Add axi4lite interface s_axi_CTRL
INFO: Add clock interface ap_clk
INFO: Add reset interface ap_rst_n
INFO: Add interrupt interface interrupt
INFO: [IP_Flow 19-234] Refreshing IP repositories
INFO: [IP_Flow 19-1704] No user IP repositories specified
INFO: [IP_Flow 19-2313] Loaded Vivado IP repository '/tools/xilinx/2025.2/data/ip'.
INFO: Add axi4full interface m_axi_mm_video
INFO: Add axi4stream interface s_axis_video
INFO: Calling post_process_vitis to specialize IP
INFO: Calling post_process_sysgen to specialize IP
Generating sysgen info xml from json file
INFO: Created IP /home/serg/Documents/Xilinx/z700_hdmi/HDMI_FBWRRD/HSMI_FBWRRD.runs/top_design_v_frmbuf_wr_0_0_synth_1/prj/sol/impl/ip/component.xml
INFO: Created IP archive /home/serg/Documents/Xilinx/z700_hdmi/HDMI_FBWRRD/HSMI_FBWRRD.runs/top_design_v_frmbuf_wr_0_0_synth_1/prj/sol/impl/ip/xilinx_com_ip_v_frmbuf_wr_3_0.zip
INFO: [Common 17-206] Exiting Vivado at Wed Feb  4 18:20:19 2026...
INFO: [HLS 200-802] Generated output file prj/sol/impl/export.zip
INFO: [HLS 200-2161] Finished Command export_design Elapsed time: 00:00:03; Allocated memory: 2.734 MB.
INFO: [HLS 200-112] Total CPU user time: 32.44 seconds. Total CPU system time: 1.96 seconds. Total elapsed time: 33.17 seconds; peak allocated memory: 406.965 MB.
INFO: [vitis-run 60-791] Total elapsed time: 0h 0m 33s
INFO: [vitis-run 60-1662] Stopping dispatch session having empty uuid.
